[2026-05-29T01:36:34.446+0200] {processor.py:157} INFO - Started process (PID=593691) to work on /home/frederic/airflow_venv/lib/python3.10/site-packages/airflow/example_dags/subdags/subdag.py
[2026-05-29T01:36:34.447+0200] {processor.py:829} INFO - Processing file /home/frederic/airflow_venv/lib/python3.10/site-packages/airflow/example_dags/subdags/subdag.py for tasks to queue
[2026-05-29T01:36:34.448+0200] {logging_mixin.py:151} INFO - [2026-05-29T01:36:34.447+0200] {dagbag.py:539} INFO - Filling up the DagBag from /home/frederic/airflow_venv/lib/python3.10/site-packages/airflow/example_dags/subdags/subdag.py
[2026-05-29T01:36:34.451+0200] {processor.py:841} WARNING - No viable dags retrieved from /home/frederic/airflow_venv/lib/python3.10/site-packages/airflow/example_dags/subdags/subdag.py
[2026-05-29T01:36:34.465+0200] {processor.py:179} INFO - Processing /home/frederic/airflow_venv/lib/python3.10/site-packages/airflow/example_dags/subdags/subdag.py took 0.022 seconds
[2026-05-29T01:37:22.561+0200] {processor.py:157} INFO - Started process (PID=594769) to work on /home/frederic/airflow_venv/lib/python3.10/site-packages/airflow/example_dags/subdags/subdag.py
[2026-05-29T01:37:22.562+0200] {processor.py:829} INFO - Processing file /home/frederic/airflow_venv/lib/python3.10/site-packages/airflow/example_dags/subdags/subdag.py for tasks to queue
[2026-05-29T01:37:22.563+0200] {logging_mixin.py:151} INFO - [2026-05-29T01:37:22.563+0200] {dagbag.py:539} INFO - Filling up the DagBag from /home/frederic/airflow_venv/lib/python3.10/site-packages/airflow/example_dags/subdags/subdag.py
[2026-05-29T01:37:22.565+0200] {processor.py:841} WARNING - No viable dags retrieved from /home/frederic/airflow_venv/lib/python3.10/site-packages/airflow/example_dags/subdags/subdag.py
[2026-05-29T01:37:22.573+0200] {processor.py:179} INFO - Processing /home/frederic/airflow_venv/lib/python3.10/site-packages/airflow/example_dags/subdags/subdag.py took 0.014 seconds
[2026-05-29T01:38:05.741+0200] {processor.py:157} INFO - Started process (PID=595473) to work on /home/frederic/airflow_venv/lib/python3.10/site-packages/airflow/example_dags/subdags/subdag.py
[2026-05-29T01:38:05.742+0200] {processor.py:829} INFO - Processing file /home/frederic/airflow_venv/lib/python3.10/site-packages/airflow/example_dags/subdags/subdag.py for tasks to queue
[2026-05-29T01:38:05.743+0200] {logging_mixin.py:151} INFO - [2026-05-29T01:38:05.743+0200] {dagbag.py:539} INFO - Filling up the DagBag from /home/frederic/airflow_venv/lib/python3.10/site-packages/airflow/example_dags/subdags/subdag.py
[2026-05-29T01:38:05.745+0200] {processor.py:841} WARNING - No viable dags retrieved from /home/frederic/airflow_venv/lib/python3.10/site-packages/airflow/example_dags/subdags/subdag.py
[2026-05-29T01:38:05.751+0200] {processor.py:179} INFO - Processing /home/frederic/airflow_venv/lib/python3.10/site-packages/airflow/example_dags/subdags/subdag.py took 0.012 seconds
[2026-05-29T01:38:37.293+0200] {processor.py:157} INFO - Started process (PID=596176) to work on /home/frederic/airflow_venv/lib/python3.10/site-packages/airflow/example_dags/subdags/subdag.py
[2026-05-29T01:38:37.294+0200] {processor.py:829} INFO - Processing file /home/frederic/airflow_venv/lib/python3.10/site-packages/airflow/example_dags/subdags/subdag.py for tasks to queue
[2026-05-29T01:38:37.295+0200] {logging_mixin.py:151} INFO - [2026-05-29T01:38:37.294+0200] {dagbag.py:539} INFO - Filling up the DagBag from /home/frederic/airflow_venv/lib/python3.10/site-packages/airflow/example_dags/subdags/subdag.py
[2026-05-29T01:38:37.296+0200] {processor.py:841} WARNING - No viable dags retrieved from /home/frederic/airflow_venv/lib/python3.10/site-packages/airflow/example_dags/subdags/subdag.py
[2026-05-29T01:38:37.304+0200] {processor.py:179} INFO - Processing /home/frederic/airflow_venv/lib/python3.10/site-packages/airflow/example_dags/subdags/subdag.py took 0.012 seconds
[2026-05-29T01:39:22.022+0200] {processor.py:157} INFO - Started process (PID=597329) to work on /home/frederic/airflow_venv/lib/python3.10/site-packages/airflow/example_dags/subdags/subdag.py
[2026-05-29T01:39:22.024+0200] {processor.py:829} INFO - Processing file /home/frederic/airflow_venv/lib/python3.10/site-packages/airflow/example_dags/subdags/subdag.py for tasks to queue
[2026-05-29T01:39:22.024+0200] {logging_mixin.py:151} INFO - [2026-05-29T01:39:22.024+0200] {dagbag.py:539} INFO - Filling up the DagBag from /home/frederic/airflow_venv/lib/python3.10/site-packages/airflow/example_dags/subdags/subdag.py
[2026-05-29T01:39:22.027+0200] {processor.py:841} WARNING - No viable dags retrieved from /home/frederic/airflow_venv/lib/python3.10/site-packages/airflow/example_dags/subdags/subdag.py
[2026-05-29T01:39:22.042+0200] {processor.py:179} INFO - Processing /home/frederic/airflow_venv/lib/python3.10/site-packages/airflow/example_dags/subdags/subdag.py took 0.023 seconds
[2026-05-29T01:39:55.617+0200] {processor.py:157} INFO - Started process (PID=598063) to work on /home/frederic/airflow_venv/lib/python3.10/site-packages/airflow/example_dags/subdags/subdag.py
[2026-05-29T01:39:55.617+0200] {processor.py:829} INFO - Processing file /home/frederic/airflow_venv/lib/python3.10/site-packages/airflow/example_dags/subdags/subdag.py for tasks to queue
[2026-05-29T01:39:55.618+0200] {logging_mixin.py:151} INFO - [2026-05-29T01:39:55.618+0200] {dagbag.py:539} INFO - Filling up the DagBag from /home/frederic/airflow_venv/lib/python3.10/site-packages/airflow/example_dags/subdags/subdag.py
[2026-05-29T01:39:55.620+0200] {processor.py:841} WARNING - No viable dags retrieved from /home/frederic/airflow_venv/lib/python3.10/site-packages/airflow/example_dags/subdags/subdag.py
[2026-05-29T01:39:55.627+0200] {processor.py:179} INFO - Processing /home/frederic/airflow_venv/lib/python3.10/site-packages/airflow/example_dags/subdags/subdag.py took 0.012 seconds
[2026-05-29T01:40:27.886+0200] {processor.py:157} INFO - Started process (PID=598918) to work on /home/frederic/airflow_venv/lib/python3.10/site-packages/airflow/example_dags/subdags/subdag.py
[2026-05-29T01:40:27.887+0200] {processor.py:829} INFO - Processing file /home/frederic/airflow_venv/lib/python3.10/site-packages/airflow/example_dags/subdags/subdag.py for tasks to queue
[2026-05-29T01:40:27.887+0200] {logging_mixin.py:151} INFO - [2026-05-29T01:40:27.887+0200] {dagbag.py:539} INFO - Filling up the DagBag from /home/frederic/airflow_venv/lib/python3.10/site-packages/airflow/example_dags/subdags/subdag.py
[2026-05-29T01:40:27.889+0200] {processor.py:841} WARNING - No viable dags retrieved from /home/frederic/airflow_venv/lib/python3.10/site-packages/airflow/example_dags/subdags/subdag.py
[2026-05-29T01:40:27.896+0200] {processor.py:179} INFO - Processing /home/frederic/airflow_venv/lib/python3.10/site-packages/airflow/example_dags/subdags/subdag.py took 0.013 seconds
[2026-05-29T01:41:00.585+0200] {processor.py:157} INFO - Started process (PID=599632) to work on /home/frederic/airflow_venv/lib/python3.10/site-packages/airflow/example_dags/subdags/subdag.py
[2026-05-29T01:41:00.585+0200] {processor.py:829} INFO - Processing file /home/frederic/airflow_venv/lib/python3.10/site-packages/airflow/example_dags/subdags/subdag.py for tasks to queue
[2026-05-29T01:41:00.586+0200] {logging_mixin.py:151} INFO - [2026-05-29T01:41:00.586+0200] {dagbag.py:539} INFO - Filling up the DagBag from /home/frederic/airflow_venv/lib/python3.10/site-packages/airflow/example_dags/subdags/subdag.py
[2026-05-29T01:41:00.588+0200] {processor.py:841} WARNING - No viable dags retrieved from /home/frederic/airflow_venv/lib/python3.10/site-packages/airflow/example_dags/subdags/subdag.py
[2026-05-29T01:41:00.597+0200] {processor.py:179} INFO - Processing /home/frederic/airflow_venv/lib/python3.10/site-packages/airflow/example_dags/subdags/subdag.py took 0.015 seconds
[2026-05-29T01:41:42.299+0200] {processor.py:157} INFO - Started process (PID=600846) to work on /home/frederic/airflow_venv/lib/python3.10/site-packages/airflow/example_dags/subdags/subdag.py
[2026-05-29T01:41:42.300+0200] {processor.py:829} INFO - Processing file /home/frederic/airflow_venv/lib/python3.10/site-packages/airflow/example_dags/subdags/subdag.py for tasks to queue
[2026-05-29T01:41:42.301+0200] {logging_mixin.py:151} INFO - [2026-05-29T01:41:42.301+0200] {dagbag.py:539} INFO - Filling up the DagBag from /home/frederic/airflow_venv/lib/python3.10/site-packages/airflow/example_dags/subdags/subdag.py
[2026-05-29T01:41:42.303+0200] {processor.py:841} WARNING - No viable dags retrieved from /home/frederic/airflow_venv/lib/python3.10/site-packages/airflow/example_dags/subdags/subdag.py
[2026-05-29T01:41:42.311+0200] {processor.py:179} INFO - Processing /home/frederic/airflow_venv/lib/python3.10/site-packages/airflow/example_dags/subdags/subdag.py took 0.014 seconds
[2026-05-29T01:42:24.720+0200] {processor.py:157} INFO - Started process (PID=601609) to work on /home/frederic/airflow_venv/lib/python3.10/site-packages/airflow/example_dags/subdags/subdag.py
[2026-05-29T01:42:24.722+0200] {processor.py:829} INFO - Processing file /home/frederic/airflow_venv/lib/python3.10/site-packages/airflow/example_dags/subdags/subdag.py for tasks to queue
[2026-05-29T01:42:24.722+0200] {logging_mixin.py:151} INFO - [2026-05-29T01:42:24.722+0200] {dagbag.py:539} INFO - Filling up the DagBag from /home/frederic/airflow_venv/lib/python3.10/site-packages/airflow/example_dags/subdags/subdag.py
[2026-05-29T01:42:24.724+0200] {processor.py:841} WARNING - No viable dags retrieved from /home/frederic/airflow_venv/lib/python3.10/site-packages/airflow/example_dags/subdags/subdag.py
[2026-05-29T01:42:24.731+0200] {processor.py:179} INFO - Processing /home/frederic/airflow_venv/lib/python3.10/site-packages/airflow/example_dags/subdags/subdag.py took 0.013 seconds
[2026-05-29T01:42:58.461+0200] {processor.py:157} INFO - Started process (PID=602159) to work on /home/frederic/airflow_venv/lib/python3.10/site-packages/airflow/example_dags/subdags/subdag.py
[2026-05-29T01:42:58.464+0200] {processor.py:829} INFO - Processing file /home/frederic/airflow_venv/lib/python3.10/site-packages/airflow/example_dags/subdags/subdag.py for tasks to queue
[2026-05-29T01:42:58.465+0200] {logging_mixin.py:151} INFO - [2026-05-29T01:42:58.465+0200] {dagbag.py:539} INFO - Filling up the DagBag from /home/frederic/airflow_venv/lib/python3.10/site-packages/airflow/example_dags/subdags/subdag.py
[2026-05-29T01:42:58.467+0200] {processor.py:841} WARNING - No viable dags retrieved from /home/frederic/airflow_venv/lib/python3.10/site-packages/airflow/example_dags/subdags/subdag.py
[2026-05-29T01:42:58.474+0200] {processor.py:179} INFO - Processing /home/frederic/airflow_venv/lib/python3.10/site-packages/airflow/example_dags/subdags/subdag.py took 0.015 seconds
[2026-05-29T01:43:29.310+0200] {processor.py:157} INFO - Started process (PID=602762) to work on /home/frederic/airflow_venv/lib/python3.10/site-packages/airflow/example_dags/subdags/subdag.py
[2026-05-29T01:43:29.311+0200] {processor.py:829} INFO - Processing file /home/frederic/airflow_venv/lib/python3.10/site-packages/airflow/example_dags/subdags/subdag.py for tasks to queue
[2026-05-29T01:43:29.311+0200] {logging_mixin.py:151} INFO - [2026-05-29T01:43:29.311+0200] {dagbag.py:539} INFO - Filling up the DagBag from /home/frederic/airflow_venv/lib/python3.10/site-packages/airflow/example_dags/subdags/subdag.py
[2026-05-29T01:43:29.313+0200] {processor.py:841} WARNING - No viable dags retrieved from /home/frederic/airflow_venv/lib/python3.10/site-packages/airflow/example_dags/subdags/subdag.py
[2026-05-29T01:43:29.320+0200] {processor.py:179} INFO - Processing /home/frederic/airflow_venv/lib/python3.10/site-packages/airflow/example_dags/subdags/subdag.py took 0.013 seconds
[2026-05-29T01:44:01.846+0200] {processor.py:157} INFO - Started process (PID=603315) to work on /home/frederic/airflow_venv/lib/python3.10/site-packages/airflow/example_dags/subdags/subdag.py
[2026-05-29T01:44:01.847+0200] {processor.py:829} INFO - Processing file /home/frederic/airflow_venv/lib/python3.10/site-packages/airflow/example_dags/subdags/subdag.py for tasks to queue
[2026-05-29T01:44:01.848+0200] {logging_mixin.py:151} INFO - [2026-05-29T01:44:01.848+0200] {dagbag.py:539} INFO - Filling up the DagBag from /home/frederic/airflow_venv/lib/python3.10/site-packages/airflow/example_dags/subdags/subdag.py
[2026-05-29T01:44:01.850+0200] {processor.py:841} WARNING - No viable dags retrieved from /home/frederic/airflow_venv/lib/python3.10/site-packages/airflow/example_dags/subdags/subdag.py
[2026-05-29T01:44:01.860+0200] {processor.py:179} INFO - Processing /home/frederic/airflow_venv/lib/python3.10/site-packages/airflow/example_dags/subdags/subdag.py took 0.017 seconds
[2026-05-29T01:44:36.176+0200] {processor.py:157} INFO - Started process (PID=603944) to work on /home/frederic/airflow_venv/lib/python3.10/site-packages/airflow/example_dags/subdags/subdag.py
[2026-05-29T01:44:36.177+0200] {processor.py:829} INFO - Processing file /home/frederic/airflow_venv/lib/python3.10/site-packages/airflow/example_dags/subdags/subdag.py for tasks to queue
[2026-05-29T01:44:36.178+0200] {logging_mixin.py:151} INFO - [2026-05-29T01:44:36.178+0200] {dagbag.py:539} INFO - Filling up the DagBag from /home/frederic/airflow_venv/lib/python3.10/site-packages/airflow/example_dags/subdags/subdag.py
[2026-05-29T01:44:36.179+0200] {processor.py:841} WARNING - No viable dags retrieved from /home/frederic/airflow_venv/lib/python3.10/site-packages/airflow/example_dags/subdags/subdag.py
[2026-05-29T01:44:36.188+0200] {processor.py:179} INFO - Processing /home/frederic/airflow_venv/lib/python3.10/site-packages/airflow/example_dags/subdags/subdag.py took 0.014 seconds
[2026-05-29T01:45:07.052+0200] {processor.py:157} INFO - Started process (PID=605130) to work on /home/frederic/airflow_venv/lib/python3.10/site-packages/airflow/example_dags/subdags/subdag.py
[2026-05-29T01:45:07.053+0200] {processor.py:829} INFO - Processing file /home/frederic/airflow_venv/lib/python3.10/site-packages/airflow/example_dags/subdags/subdag.py for tasks to queue
[2026-05-29T01:45:07.054+0200] {logging_mixin.py:151} INFO - [2026-05-29T01:45:07.054+0200] {dagbag.py:539} INFO - Filling up the DagBag from /home/frederic/airflow_venv/lib/python3.10/site-packages/airflow/example_dags/subdags/subdag.py
[2026-05-29T01:45:07.056+0200] {processor.py:841} WARNING - No viable dags retrieved from /home/frederic/airflow_venv/lib/python3.10/site-packages/airflow/example_dags/subdags/subdag.py
[2026-05-29T01:45:07.064+0200] {processor.py:179} INFO - Processing /home/frederic/airflow_venv/lib/python3.10/site-packages/airflow/example_dags/subdags/subdag.py took 0.014 seconds
[2026-05-29T01:45:39.305+0200] {processor.py:157} INFO - Started process (PID=606508) to work on /home/frederic/airflow_venv/lib/python3.10/site-packages/airflow/example_dags/subdags/subdag.py
[2026-05-29T01:45:39.308+0200] {processor.py:829} INFO - Processing file /home/frederic/airflow_venv/lib/python3.10/site-packages/airflow/example_dags/subdags/subdag.py for tasks to queue
[2026-05-29T01:45:39.308+0200] {logging_mixin.py:151} INFO - [2026-05-29T01:45:39.308+0200] {dagbag.py:539} INFO - Filling up the DagBag from /home/frederic/airflow_venv/lib/python3.10/site-packages/airflow/example_dags/subdags/subdag.py
[2026-05-29T01:45:39.310+0200] {processor.py:841} WARNING - No viable dags retrieved from /home/frederic/airflow_venv/lib/python3.10/site-packages/airflow/example_dags/subdags/subdag.py
[2026-05-29T01:45:39.318+0200] {processor.py:179} INFO - Processing /home/frederic/airflow_venv/lib/python3.10/site-packages/airflow/example_dags/subdags/subdag.py took 0.016 seconds
[2026-05-29T01:46:16.151+0200] {processor.py:157} INFO - Started process (PID=608000) to work on /home/frederic/airflow_venv/lib/python3.10/site-packages/airflow/example_dags/subdags/subdag.py
[2026-05-29T01:46:16.152+0200] {processor.py:829} INFO - Processing file /home/frederic/airflow_venv/lib/python3.10/site-packages/airflow/example_dags/subdags/subdag.py for tasks to queue
[2026-05-29T01:46:16.154+0200] {logging_mixin.py:151} INFO - [2026-05-29T01:46:16.153+0200] {dagbag.py:539} INFO - Filling up the DagBag from /home/frederic/airflow_venv/lib/python3.10/site-packages/airflow/example_dags/subdags/subdag.py
[2026-05-29T01:46:16.157+0200] {processor.py:841} WARNING - No viable dags retrieved from /home/frederic/airflow_venv/lib/python3.10/site-packages/airflow/example_dags/subdags/subdag.py
[2026-05-29T01:46:16.169+0200] {processor.py:179} INFO - Processing /home/frederic/airflow_venv/lib/python3.10/site-packages/airflow/example_dags/subdags/subdag.py took 0.023 seconds
[2026-05-29T01:46:47.448+0200] {processor.py:157} INFO - Started process (PID=609335) to work on /home/frederic/airflow_venv/lib/python3.10/site-packages/airflow/example_dags/subdags/subdag.py
[2026-05-29T01:46:47.449+0200] {processor.py:829} INFO - Processing file /home/frederic/airflow_venv/lib/python3.10/site-packages/airflow/example_dags/subdags/subdag.py for tasks to queue
[2026-05-29T01:46:47.449+0200] {logging_mixin.py:151} INFO - [2026-05-29T01:46:47.449+0200] {dagbag.py:539} INFO - Filling up the DagBag from /home/frederic/airflow_venv/lib/python3.10/site-packages/airflow/example_dags/subdags/subdag.py
[2026-05-29T01:46:47.451+0200] {processor.py:841} WARNING - No viable dags retrieved from /home/frederic/airflow_venv/lib/python3.10/site-packages/airflow/example_dags/subdags/subdag.py
[2026-05-29T01:46:47.459+0200] {processor.py:179} INFO - Processing /home/frederic/airflow_venv/lib/python3.10/site-packages/airflow/example_dags/subdags/subdag.py took 0.013 seconds
[2026-05-29T01:47:32.310+0200] {processor.py:157} INFO - Started process (PID=610489) to work on /home/frederic/airflow_venv/lib/python3.10/site-packages/airflow/example_dags/subdags/subdag.py
[2026-05-29T01:47:32.314+0200] {processor.py:829} INFO - Processing file /home/frederic/airflow_venv/lib/python3.10/site-packages/airflow/example_dags/subdags/subdag.py for tasks to queue
[2026-05-29T01:47:32.315+0200] {logging_mixin.py:151} INFO - [2026-05-29T01:47:32.314+0200] {dagbag.py:539} INFO - Filling up the DagBag from /home/frederic/airflow_venv/lib/python3.10/site-packages/airflow/example_dags/subdags/subdag.py
[2026-05-29T01:47:32.317+0200] {processor.py:841} WARNING - No viable dags retrieved from /home/frederic/airflow_venv/lib/python3.10/site-packages/airflow/example_dags/subdags/subdag.py
[2026-05-29T01:47:32.326+0200] {processor.py:179} INFO - Processing /home/frederic/airflow_venv/lib/python3.10/site-packages/airflow/example_dags/subdags/subdag.py took 0.018 seconds
[2026-05-29T01:48:14.298+0200] {processor.py:157} INFO - Started process (PID=611727) to work on /home/frederic/airflow_venv/lib/python3.10/site-packages/airflow/example_dags/subdags/subdag.py
[2026-05-29T01:48:14.301+0200] {processor.py:829} INFO - Processing file /home/frederic/airflow_venv/lib/python3.10/site-packages/airflow/example_dags/subdags/subdag.py for tasks to queue
[2026-05-29T01:48:14.302+0200] {logging_mixin.py:151} INFO - [2026-05-29T01:48:14.302+0200] {dagbag.py:539} INFO - Filling up the DagBag from /home/frederic/airflow_venv/lib/python3.10/site-packages/airflow/example_dags/subdags/subdag.py
[2026-05-29T01:48:14.304+0200] {processor.py:841} WARNING - No viable dags retrieved from /home/frederic/airflow_venv/lib/python3.10/site-packages/airflow/example_dags/subdags/subdag.py
[2026-05-29T01:48:14.311+0200] {processor.py:179} INFO - Processing /home/frederic/airflow_venv/lib/python3.10/site-packages/airflow/example_dags/subdags/subdag.py took 0.015 seconds
[2026-05-29T01:48:46.252+0200] {processor.py:157} INFO - Started process (PID=612708) to work on /home/frederic/airflow_venv/lib/python3.10/site-packages/airflow/example_dags/subdags/subdag.py
[2026-05-29T01:48:46.253+0200] {processor.py:829} INFO - Processing file /home/frederic/airflow_venv/lib/python3.10/site-packages/airflow/example_dags/subdags/subdag.py for tasks to queue
[2026-05-29T01:48:46.254+0200] {logging_mixin.py:151} INFO - [2026-05-29T01:48:46.254+0200] {dagbag.py:539} INFO - Filling up the DagBag from /home/frederic/airflow_venv/lib/python3.10/site-packages/airflow/example_dags/subdags/subdag.py
[2026-05-29T01:48:46.256+0200] {processor.py:841} WARNING - No viable dags retrieved from /home/frederic/airflow_venv/lib/python3.10/site-packages/airflow/example_dags/subdags/subdag.py
[2026-05-29T01:48:46.263+0200] {processor.py:179} INFO - Processing /home/frederic/airflow_venv/lib/python3.10/site-packages/airflow/example_dags/subdags/subdag.py took 0.014 seconds
[2026-05-29T01:49:30.764+0200] {processor.py:157} INFO - Started process (PID=613721) to work on /home/frederic/airflow_venv/lib/python3.10/site-packages/airflow/example_dags/subdags/subdag.py
[2026-05-29T01:49:30.765+0200] {processor.py:829} INFO - Processing file /home/frederic/airflow_venv/lib/python3.10/site-packages/airflow/example_dags/subdags/subdag.py for tasks to queue
[2026-05-29T01:49:30.765+0200] {logging_mixin.py:151} INFO - [2026-05-29T01:49:30.765+0200] {dagbag.py:539} INFO - Filling up the DagBag from /home/frederic/airflow_venv/lib/python3.10/site-packages/airflow/example_dags/subdags/subdag.py
[2026-05-29T01:49:30.767+0200] {processor.py:841} WARNING - No viable dags retrieved from /home/frederic/airflow_venv/lib/python3.10/site-packages/airflow/example_dags/subdags/subdag.py
[2026-05-29T01:49:30.775+0200] {processor.py:179} INFO - Processing /home/frederic/airflow_venv/lib/python3.10/site-packages/airflow/example_dags/subdags/subdag.py took 0.013 seconds
[2026-05-29T01:50:12.005+0200] {processor.py:157} INFO - Started process (PID=614814) to work on /home/frederic/airflow_venv/lib/python3.10/site-packages/airflow/example_dags/subdags/subdag.py
[2026-05-29T01:50:12.009+0200] {processor.py:829} INFO - Processing file /home/frederic/airflow_venv/lib/python3.10/site-packages/airflow/example_dags/subdags/subdag.py for tasks to queue
[2026-05-29T01:50:12.009+0200] {logging_mixin.py:151} INFO - [2026-05-29T01:50:12.009+0200] {dagbag.py:539} INFO - Filling up the DagBag from /home/frederic/airflow_venv/lib/python3.10/site-packages/airflow/example_dags/subdags/subdag.py
[2026-05-29T01:50:12.011+0200] {processor.py:841} WARNING - No viable dags retrieved from /home/frederic/airflow_venv/lib/python3.10/site-packages/airflow/example_dags/subdags/subdag.py
[2026-05-29T01:50:12.019+0200] {processor.py:179} INFO - Processing /home/frederic/airflow_venv/lib/python3.10/site-packages/airflow/example_dags/subdags/subdag.py took 0.017 seconds
[2026-05-29T01:50:51.041+0200] {processor.py:157} INFO - Started process (PID=616123) to work on /home/frederic/airflow_venv/lib/python3.10/site-packages/airflow/example_dags/subdags/subdag.py
[2026-05-29T01:50:51.044+0200] {processor.py:829} INFO - Processing file /home/frederic/airflow_venv/lib/python3.10/site-packages/airflow/example_dags/subdags/subdag.py for tasks to queue
[2026-05-29T01:50:51.045+0200] {logging_mixin.py:151} INFO - [2026-05-29T01:50:51.045+0200] {dagbag.py:539} INFO - Filling up the DagBag from /home/frederic/airflow_venv/lib/python3.10/site-packages/airflow/example_dags/subdags/subdag.py
[2026-05-29T01:50:51.047+0200] {processor.py:841} WARNING - No viable dags retrieved from /home/frederic/airflow_venv/lib/python3.10/site-packages/airflow/example_dags/subdags/subdag.py
[2026-05-29T01:50:51.060+0200] {processor.py:179} INFO - Processing /home/frederic/airflow_venv/lib/python3.10/site-packages/airflow/example_dags/subdags/subdag.py took 0.022 seconds
[2026-05-29T01:51:36.964+0200] {processor.py:157} INFO - Started process (PID=617236) to work on /home/frederic/airflow_venv/lib/python3.10/site-packages/airflow/example_dags/subdags/subdag.py
[2026-05-29T01:51:36.965+0200] {processor.py:829} INFO - Processing file /home/frederic/airflow_venv/lib/python3.10/site-packages/airflow/example_dags/subdags/subdag.py for tasks to queue
[2026-05-29T01:51:36.966+0200] {logging_mixin.py:151} INFO - [2026-05-29T01:51:36.966+0200] {dagbag.py:539} INFO - Filling up the DagBag from /home/frederic/airflow_venv/lib/python3.10/site-packages/airflow/example_dags/subdags/subdag.py
[2026-05-29T01:51:36.967+0200] {processor.py:841} WARNING - No viable dags retrieved from /home/frederic/airflow_venv/lib/python3.10/site-packages/airflow/example_dags/subdags/subdag.py
[2026-05-29T01:51:36.975+0200] {processor.py:179} INFO - Processing /home/frederic/airflow_venv/lib/python3.10/site-packages/airflow/example_dags/subdags/subdag.py took 0.012 seconds
[2026-05-29T01:52:12.214+0200] {processor.py:157} INFO - Started process (PID=618108) to work on /home/frederic/airflow_venv/lib/python3.10/site-packages/airflow/example_dags/subdags/subdag.py
[2026-05-29T01:52:12.215+0200] {processor.py:829} INFO - Processing file /home/frederic/airflow_venv/lib/python3.10/site-packages/airflow/example_dags/subdags/subdag.py for tasks to queue
[2026-05-29T01:52:12.216+0200] {logging_mixin.py:151} INFO - [2026-05-29T01:52:12.215+0200] {dagbag.py:539} INFO - Filling up the DagBag from /home/frederic/airflow_venv/lib/python3.10/site-packages/airflow/example_dags/subdags/subdag.py
[2026-05-29T01:52:12.217+0200] {processor.py:841} WARNING - No viable dags retrieved from /home/frederic/airflow_venv/lib/python3.10/site-packages/airflow/example_dags/subdags/subdag.py
[2026-05-29T01:52:12.225+0200] {processor.py:179} INFO - Processing /home/frederic/airflow_venv/lib/python3.10/site-packages/airflow/example_dags/subdags/subdag.py took 0.014 seconds
[2026-05-29T01:52:44.725+0200] {processor.py:157} INFO - Started process (PID=619309) to work on /home/frederic/airflow_venv/lib/python3.10/site-packages/airflow/example_dags/subdags/subdag.py
[2026-05-29T01:52:44.726+0200] {processor.py:829} INFO - Processing file /home/frederic/airflow_venv/lib/python3.10/site-packages/airflow/example_dags/subdags/subdag.py for tasks to queue
[2026-05-29T01:52:44.726+0200] {logging_mixin.py:151} INFO - [2026-05-29T01:52:44.726+0200] {dagbag.py:539} INFO - Filling up the DagBag from /home/frederic/airflow_venv/lib/python3.10/site-packages/airflow/example_dags/subdags/subdag.py
[2026-05-29T01:52:44.728+0200] {processor.py:841} WARNING - No viable dags retrieved from /home/frederic/airflow_venv/lib/python3.10/site-packages/airflow/example_dags/subdags/subdag.py
[2026-05-29T01:52:44.737+0200] {processor.py:179} INFO - Processing /home/frederic/airflow_venv/lib/python3.10/site-packages/airflow/example_dags/subdags/subdag.py took 0.014 seconds
[2026-05-29T01:53:29.007+0200] {processor.py:157} INFO - Started process (PID=620541) to work on /home/frederic/airflow_venv/lib/python3.10/site-packages/airflow/example_dags/subdags/subdag.py
[2026-05-29T01:53:29.008+0200] {processor.py:829} INFO - Processing file /home/frederic/airflow_venv/lib/python3.10/site-packages/airflow/example_dags/subdags/subdag.py for tasks to queue
[2026-05-29T01:53:29.009+0200] {logging_mixin.py:151} INFO - [2026-05-29T01:53:29.009+0200] {dagbag.py:539} INFO - Filling up the DagBag from /home/frederic/airflow_venv/lib/python3.10/site-packages/airflow/example_dags/subdags/subdag.py
[2026-05-29T01:53:29.011+0200] {processor.py:841} WARNING - No viable dags retrieved from /home/frederic/airflow_venv/lib/python3.10/site-packages/airflow/example_dags/subdags/subdag.py
[2026-05-29T01:53:29.019+0200] {processor.py:179} INFO - Processing /home/frederic/airflow_venv/lib/python3.10/site-packages/airflow/example_dags/subdags/subdag.py took 0.014 seconds
[2026-05-29T01:53:59.281+0200] {processor.py:157} INFO - Started process (PID=621292) to work on /home/frederic/airflow_venv/lib/python3.10/site-packages/airflow/example_dags/subdags/subdag.py
[2026-05-29T01:53:59.282+0200] {processor.py:829} INFO - Processing file /home/frederic/airflow_venv/lib/python3.10/site-packages/airflow/example_dags/subdags/subdag.py for tasks to queue
[2026-05-29T01:53:59.283+0200] {logging_mixin.py:151} INFO - [2026-05-29T01:53:59.283+0200] {dagbag.py:539} INFO - Filling up the DagBag from /home/frederic/airflow_venv/lib/python3.10/site-packages/airflow/example_dags/subdags/subdag.py
[2026-05-29T01:53:59.285+0200] {processor.py:841} WARNING - No viable dags retrieved from /home/frederic/airflow_venv/lib/python3.10/site-packages/airflow/example_dags/subdags/subdag.py
[2026-05-29T01:53:59.295+0200] {processor.py:179} INFO - Processing /home/frederic/airflow_venv/lib/python3.10/site-packages/airflow/example_dags/subdags/subdag.py took 0.016 seconds
[2026-05-29T01:54:32.007+0200] {processor.py:157} INFO - Started process (PID=622213) to work on /home/frederic/airflow_venv/lib/python3.10/site-packages/airflow/example_dags/subdags/subdag.py
[2026-05-29T01:54:32.009+0200] {processor.py:829} INFO - Processing file /home/frederic/airflow_venv/lib/python3.10/site-packages/airflow/example_dags/subdags/subdag.py for tasks to queue
[2026-05-29T01:54:32.009+0200] {logging_mixin.py:151} INFO - [2026-05-29T01:54:32.009+0200] {dagbag.py:539} INFO - Filling up the DagBag from /home/frederic/airflow_venv/lib/python3.10/site-packages/airflow/example_dags/subdags/subdag.py
[2026-05-29T01:54:32.011+0200] {processor.py:841} WARNING - No viable dags retrieved from /home/frederic/airflow_venv/lib/python3.10/site-packages/airflow/example_dags/subdags/subdag.py
[2026-05-29T01:54:32.020+0200] {processor.py:179} INFO - Processing /home/frederic/airflow_venv/lib/python3.10/site-packages/airflow/example_dags/subdags/subdag.py took 0.016 seconds
[2026-05-29T01:55:15.143+0200] {processor.py:157} INFO - Started process (PID=623964) to work on /home/frederic/airflow_venv/lib/python3.10/site-packages/airflow/example_dags/subdags/subdag.py
[2026-05-29T01:55:15.145+0200] {processor.py:829} INFO - Processing file /home/frederic/airflow_venv/lib/python3.10/site-packages/airflow/example_dags/subdags/subdag.py for tasks to queue
[2026-05-29T01:55:15.146+0200] {logging_mixin.py:151} INFO - [2026-05-29T01:55:15.145+0200] {dagbag.py:539} INFO - Filling up the DagBag from /home/frederic/airflow_venv/lib/python3.10/site-packages/airflow/example_dags/subdags/subdag.py
[2026-05-29T01:55:15.148+0200] {processor.py:841} WARNING - No viable dags retrieved from /home/frederic/airflow_venv/lib/python3.10/site-packages/airflow/example_dags/subdags/subdag.py
[2026-05-29T01:55:15.158+0200] {processor.py:179} INFO - Processing /home/frederic/airflow_venv/lib/python3.10/site-packages/airflow/example_dags/subdags/subdag.py took 0.018 seconds
[2026-05-29T01:55:21.268+0200] {processor.py:157} INFO - Started process (PID=624192) to work on /home/frederic/airflow_venv/lib/python3.10/site-packages/airflow/example_dags/subdags/subdag.py
[2026-05-29T01:55:21.269+0200] {processor.py:829} INFO - Processing file /home/frederic/airflow_venv/lib/python3.10/site-packages/airflow/example_dags/subdags/subdag.py for tasks to queue
[2026-05-29T01:55:21.270+0200] {logging_mixin.py:151} INFO - [2026-05-29T01:55:21.270+0200] {dagbag.py:539} INFO - Filling up the DagBag from /home/frederic/airflow_venv/lib/python3.10/site-packages/airflow/example_dags/subdags/subdag.py
[2026-05-29T01:55:21.272+0200] {processor.py:841} WARNING - No viable dags retrieved from /home/frederic/airflow_venv/lib/python3.10/site-packages/airflow/example_dags/subdags/subdag.py
[2026-05-29T01:55:21.279+0200] {processor.py:179} INFO - Processing /home/frederic/airflow_venv/lib/python3.10/site-packages/airflow/example_dags/subdags/subdag.py took 0.013 seconds
[2026-05-29T01:55:48.219+0200] {processor.py:157} INFO - Started process (PID=624943) to work on /home/frederic/airflow_venv/lib/python3.10/site-packages/airflow/example_dags/subdags/subdag.py
[2026-05-29T01:55:48.220+0200] {processor.py:829} INFO - Processing file /home/frederic/airflow_venv/lib/python3.10/site-packages/airflow/example_dags/subdags/subdag.py for tasks to queue
[2026-05-29T01:55:48.221+0200] {logging_mixin.py:151} INFO - [2026-05-29T01:55:48.221+0200] {dagbag.py:539} INFO - Filling up the DagBag from /home/frederic/airflow_venv/lib/python3.10/site-packages/airflow/example_dags/subdags/subdag.py
[2026-05-29T01:55:48.224+0200] {processor.py:841} WARNING - No viable dags retrieved from /home/frederic/airflow_venv/lib/python3.10/site-packages/airflow/example_dags/subdags/subdag.py
[2026-05-29T01:55:48.234+0200] {processor.py:179} INFO - Processing /home/frederic/airflow_venv/lib/python3.10/site-packages/airflow/example_dags/subdags/subdag.py took 0.019 seconds
[2026-05-29T01:56:11.396+0200] {processor.py:157} INFO - Started process (PID=625696) to work on /home/frederic/airflow_venv/lib/python3.10/site-packages/airflow/example_dags/subdags/subdag.py
[2026-05-29T01:56:11.397+0200] {processor.py:829} INFO - Processing file /home/frederic/airflow_venv/lib/python3.10/site-packages/airflow/example_dags/subdags/subdag.py for tasks to queue
[2026-05-29T01:56:11.398+0200] {logging_mixin.py:151} INFO - [2026-05-29T01:56:11.397+0200] {dagbag.py:539} INFO - Filling up the DagBag from /home/frederic/airflow_venv/lib/python3.10/site-packages/airflow/example_dags/subdags/subdag.py
[2026-05-29T01:56:11.400+0200] {processor.py:841} WARNING - No viable dags retrieved from /home/frederic/airflow_venv/lib/python3.10/site-packages/airflow/example_dags/subdags/subdag.py
[2026-05-29T01:56:11.409+0200] {processor.py:179} INFO - Processing /home/frederic/airflow_venv/lib/python3.10/site-packages/airflow/example_dags/subdags/subdag.py took 0.016 seconds
[2026-05-29T01:56:32.409+0200] {processor.py:157} INFO - Started process (PID=626406) to work on /home/frederic/airflow_venv/lib/python3.10/site-packages/airflow/example_dags/subdags/subdag.py
[2026-05-29T01:56:32.410+0200] {processor.py:829} INFO - Processing file /home/frederic/airflow_venv/lib/python3.10/site-packages/airflow/example_dags/subdags/subdag.py for tasks to queue
[2026-05-29T01:56:32.411+0200] {logging_mixin.py:151} INFO - [2026-05-29T01:56:32.410+0200] {dagbag.py:539} INFO - Filling up the DagBag from /home/frederic/airflow_venv/lib/python3.10/site-packages/airflow/example_dags/subdags/subdag.py
[2026-05-29T01:56:32.413+0200] {processor.py:841} WARNING - No viable dags retrieved from /home/frederic/airflow_venv/lib/python3.10/site-packages/airflow/example_dags/subdags/subdag.py
[2026-05-29T01:56:32.420+0200] {processor.py:179} INFO - Processing /home/frederic/airflow_venv/lib/python3.10/site-packages/airflow/example_dags/subdags/subdag.py took 0.014 seconds
[2026-05-29T01:56:55.151+0200] {processor.py:157} INFO - Started process (PID=627090) to work on /home/frederic/airflow_venv/lib/python3.10/site-packages/airflow/example_dags/subdags/subdag.py
[2026-05-29T01:56:55.152+0200] {processor.py:829} INFO - Processing file /home/frederic/airflow_venv/lib/python3.10/site-packages/airflow/example_dags/subdags/subdag.py for tasks to queue
[2026-05-29T01:56:55.153+0200] {logging_mixin.py:151} INFO - [2026-05-29T01:56:55.153+0200] {dagbag.py:539} INFO - Filling up the DagBag from /home/frederic/airflow_venv/lib/python3.10/site-packages/airflow/example_dags/subdags/subdag.py
[2026-05-29T01:56:55.155+0200] {processor.py:841} WARNING - No viable dags retrieved from /home/frederic/airflow_venv/lib/python3.10/site-packages/airflow/example_dags/subdags/subdag.py
[2026-05-29T01:56:55.170+0200] {processor.py:179} INFO - Processing /home/frederic/airflow_venv/lib/python3.10/site-packages/airflow/example_dags/subdags/subdag.py took 0.022 seconds
[2026-05-29T01:57:09.035+0200] {processor.py:157} INFO - Started process (PID=627488) to work on /home/frederic/airflow_venv/lib/python3.10/site-packages/airflow/example_dags/subdags/subdag.py
[2026-05-29T01:57:09.036+0200] {processor.py:829} INFO - Processing file /home/frederic/airflow_venv/lib/python3.10/site-packages/airflow/example_dags/subdags/subdag.py for tasks to queue
[2026-05-29T01:57:09.038+0200] {logging_mixin.py:151} INFO - [2026-05-29T01:57:09.037+0200] {dagbag.py:539} INFO - Filling up the DagBag from /home/frederic/airflow_venv/lib/python3.10/site-packages/airflow/example_dags/subdags/subdag.py
[2026-05-29T01:57:09.040+0200] {processor.py:841} WARNING - No viable dags retrieved from /home/frederic/airflow_venv/lib/python3.10/site-packages/airflow/example_dags/subdags/subdag.py
[2026-05-29T01:57:09.048+0200] {processor.py:179} INFO - Processing /home/frederic/airflow_venv/lib/python3.10/site-packages/airflow/example_dags/subdags/subdag.py took 0.017 seconds
[2026-05-29T01:57:28.072+0200] {processor.py:157} INFO - Started process (PID=628053) to work on /home/frederic/airflow_venv/lib/python3.10/site-packages/airflow/example_dags/subdags/subdag.py
[2026-05-29T01:57:28.073+0200] {processor.py:829} INFO - Processing file /home/frederic/airflow_venv/lib/python3.10/site-packages/airflow/example_dags/subdags/subdag.py for tasks to queue
[2026-05-29T01:57:28.074+0200] {logging_mixin.py:151} INFO - [2026-05-29T01:57:28.074+0200] {dagbag.py:539} INFO - Filling up the DagBag from /home/frederic/airflow_venv/lib/python3.10/site-packages/airflow/example_dags/subdags/subdag.py
[2026-05-29T01:57:28.076+0200] {processor.py:841} WARNING - No viable dags retrieved from /home/frederic/airflow_venv/lib/python3.10/site-packages/airflow/example_dags/subdags/subdag.py
[2026-05-29T01:57:28.083+0200] {processor.py:179} INFO - Processing /home/frederic/airflow_venv/lib/python3.10/site-packages/airflow/example_dags/subdags/subdag.py took 0.014 seconds
[2026-05-29T01:57:40.947+0200] {processor.py:157} INFO - Started process (PID=628859) to work on /home/frederic/airflow_venv/lib/python3.10/site-packages/airflow/example_dags/subdags/subdag.py
[2026-05-29T01:57:40.948+0200] {processor.py:829} INFO - Processing file /home/frederic/airflow_venv/lib/python3.10/site-packages/airflow/example_dags/subdags/subdag.py for tasks to queue
[2026-05-29T01:57:40.949+0200] {logging_mixin.py:151} INFO - [2026-05-29T01:57:40.949+0200] {dagbag.py:539} INFO - Filling up the DagBag from /home/frederic/airflow_venv/lib/python3.10/site-packages/airflow/example_dags/subdags/subdag.py
[2026-05-29T01:57:40.951+0200] {processor.py:841} WARNING - No viable dags retrieved from /home/frederic/airflow_venv/lib/python3.10/site-packages/airflow/example_dags/subdags/subdag.py
[2026-05-29T01:57:40.961+0200] {processor.py:179} INFO - Processing /home/frederic/airflow_venv/lib/python3.10/site-packages/airflow/example_dags/subdags/subdag.py took 0.020 seconds
[2026-05-29T01:57:59.632+0200] {processor.py:157} INFO - Started process (PID=629362) to work on /home/frederic/airflow_venv/lib/python3.10/site-packages/airflow/example_dags/subdags/subdag.py
[2026-05-29T01:57:59.632+0200] {processor.py:829} INFO - Processing file /home/frederic/airflow_venv/lib/python3.10/site-packages/airflow/example_dags/subdags/subdag.py for tasks to queue
[2026-05-29T01:57:59.633+0200] {logging_mixin.py:151} INFO - [2026-05-29T01:57:59.633+0200] {dagbag.py:539} INFO - Filling up the DagBag from /home/frederic/airflow_venv/lib/python3.10/site-packages/airflow/example_dags/subdags/subdag.py
[2026-05-29T01:57:59.635+0200] {processor.py:841} WARNING - No viable dags retrieved from /home/frederic/airflow_venv/lib/python3.10/site-packages/airflow/example_dags/subdags/subdag.py
[2026-05-29T01:57:59.645+0200] {processor.py:179} INFO - Processing /home/frederic/airflow_venv/lib/python3.10/site-packages/airflow/example_dags/subdags/subdag.py took 0.017 seconds
[2026-05-29T01:58:12.123+0200] {processor.py:157} INFO - Started process (PID=629711) to work on /home/frederic/airflow_venv/lib/python3.10/site-packages/airflow/example_dags/subdags/subdag.py
[2026-05-29T01:58:12.124+0200] {processor.py:829} INFO - Processing file /home/frederic/airflow_venv/lib/python3.10/site-packages/airflow/example_dags/subdags/subdag.py for tasks to queue
[2026-05-29T01:58:12.125+0200] {logging_mixin.py:151} INFO - [2026-05-29T01:58:12.125+0200] {dagbag.py:539} INFO - Filling up the DagBag from /home/frederic/airflow_venv/lib/python3.10/site-packages/airflow/example_dags/subdags/subdag.py
[2026-05-29T01:58:12.128+0200] {processor.py:841} WARNING - No viable dags retrieved from /home/frederic/airflow_venv/lib/python3.10/site-packages/airflow/example_dags/subdags/subdag.py
[2026-05-29T01:58:12.139+0200] {processor.py:179} INFO - Processing /home/frederic/airflow_venv/lib/python3.10/site-packages/airflow/example_dags/subdags/subdag.py took 0.020 seconds
[2026-05-29T01:58:38.492+0200] {processor.py:157} INFO - Started process (PID=630849) to work on /home/frederic/airflow_venv/lib/python3.10/site-packages/airflow/example_dags/subdags/subdag.py
[2026-05-29T01:58:38.493+0200] {processor.py:829} INFO - Processing file /home/frederic/airflow_venv/lib/python3.10/site-packages/airflow/example_dags/subdags/subdag.py for tasks to queue
[2026-05-29T01:58:38.494+0200] {logging_mixin.py:151} INFO - [2026-05-29T01:58:38.493+0200] {dagbag.py:539} INFO - Filling up the DagBag from /home/frederic/airflow_venv/lib/python3.10/site-packages/airflow/example_dags/subdags/subdag.py
[2026-05-29T01:58:38.497+0200] {processor.py:841} WARNING - No viable dags retrieved from /home/frederic/airflow_venv/lib/python3.10/site-packages/airflow/example_dags/subdags/subdag.py
[2026-05-29T01:58:38.506+0200] {processor.py:179} INFO - Processing /home/frederic/airflow_venv/lib/python3.10/site-packages/airflow/example_dags/subdags/subdag.py took 0.017 seconds
[2026-05-29T01:58:46.399+0200] {processor.py:157} INFO - Started process (PID=631068) to work on /home/frederic/airflow_venv/lib/python3.10/site-packages/airflow/example_dags/subdags/subdag.py
[2026-05-29T01:58:46.400+0200] {processor.py:829} INFO - Processing file /home/frederic/airflow_venv/lib/python3.10/site-packages/airflow/example_dags/subdags/subdag.py for tasks to queue
[2026-05-29T01:58:46.400+0200] {logging_mixin.py:151} INFO - [2026-05-29T01:58:46.400+0200] {dagbag.py:539} INFO - Filling up the DagBag from /home/frederic/airflow_venv/lib/python3.10/site-packages/airflow/example_dags/subdags/subdag.py
[2026-05-29T01:58:46.402+0200] {processor.py:841} WARNING - No viable dags retrieved from /home/frederic/airflow_venv/lib/python3.10/site-packages/airflow/example_dags/subdags/subdag.py
[2026-05-29T01:58:46.413+0200] {processor.py:179} INFO - Processing /home/frederic/airflow_venv/lib/python3.10/site-packages/airflow/example_dags/subdags/subdag.py took 0.017 seconds
[2026-05-29T01:59:17.548+0200] {processor.py:157} INFO - Started process (PID=631964) to work on /home/frederic/airflow_venv/lib/python3.10/site-packages/airflow/example_dags/subdags/subdag.py
[2026-05-29T01:59:17.549+0200] {processor.py:829} INFO - Processing file /home/frederic/airflow_venv/lib/python3.10/site-packages/airflow/example_dags/subdags/subdag.py for tasks to queue
[2026-05-29T01:59:17.550+0200] {logging_mixin.py:151} INFO - [2026-05-29T01:59:17.550+0200] {dagbag.py:539} INFO - Filling up the DagBag from /home/frederic/airflow_venv/lib/python3.10/site-packages/airflow/example_dags/subdags/subdag.py
[2026-05-29T01:59:17.552+0200] {processor.py:841} WARNING - No viable dags retrieved from /home/frederic/airflow_venv/lib/python3.10/site-packages/airflow/example_dags/subdags/subdag.py
[2026-05-29T01:59:17.560+0200] {processor.py:179} INFO - Processing /home/frederic/airflow_venv/lib/python3.10/site-packages/airflow/example_dags/subdags/subdag.py took 0.015 seconds
[2026-05-29T01:59:21.471+0200] {processor.py:157} INFO - Started process (PID=632109) to work on /home/frederic/airflow_venv/lib/python3.10/site-packages/airflow/example_dags/subdags/subdag.py
[2026-05-29T01:59:21.472+0200] {processor.py:829} INFO - Processing file /home/frederic/airflow_venv/lib/python3.10/site-packages/airflow/example_dags/subdags/subdag.py for tasks to queue
[2026-05-29T01:59:21.473+0200] {logging_mixin.py:151} INFO - [2026-05-29T01:59:21.473+0200] {dagbag.py:539} INFO - Filling up the DagBag from /home/frederic/airflow_venv/lib/python3.10/site-packages/airflow/example_dags/subdags/subdag.py
[2026-05-29T01:59:21.475+0200] {processor.py:841} WARNING - No viable dags retrieved from /home/frederic/airflow_venv/lib/python3.10/site-packages/airflow/example_dags/subdags/subdag.py
[2026-05-29T01:59:21.484+0200] {processor.py:179} INFO - Processing /home/frederic/airflow_venv/lib/python3.10/site-packages/airflow/example_dags/subdags/subdag.py took 0.015 seconds
[2026-05-29T01:59:51.762+0200] {processor.py:157} INFO - Started process (PID=632897) to work on /home/frederic/airflow_venv/lib/python3.10/site-packages/airflow/example_dags/subdags/subdag.py
[2026-05-29T01:59:51.764+0200] {processor.py:829} INFO - Processing file /home/frederic/airflow_venv/lib/python3.10/site-packages/airflow/example_dags/subdags/subdag.py for tasks to queue
[2026-05-29T01:59:51.764+0200] {logging_mixin.py:151} INFO - [2026-05-29T01:59:51.764+0200] {dagbag.py:539} INFO - Filling up the DagBag from /home/frederic/airflow_venv/lib/python3.10/site-packages/airflow/example_dags/subdags/subdag.py
[2026-05-29T01:59:51.766+0200] {processor.py:841} WARNING - No viable dags retrieved from /home/frederic/airflow_venv/lib/python3.10/site-packages/airflow/example_dags/subdags/subdag.py
[2026-05-29T01:59:51.776+0200] {processor.py:179} INFO - Processing /home/frederic/airflow_venv/lib/python3.10/site-packages/airflow/example_dags/subdags/subdag.py took 0.016 seconds
