[2026-05-29T02:00:16.632+0200] {processor.py:157} INFO - Started process (PID=633478) to work on /home/frederic/airflow_venv/lib/python3.10/site-packages/airflow/example_dags/example_complex.py
[2026-05-29T02:00:16.633+0200] {processor.py:829} INFO - Processing file /home/frederic/airflow_venv/lib/python3.10/site-packages/airflow/example_dags/example_complex.py for tasks to queue
[2026-05-29T02:00:16.634+0200] {logging_mixin.py:151} INFO - [2026-05-29T02:00:16.633+0200] {dagbag.py:539} INFO - Filling up the DagBag from /home/frederic/airflow_venv/lib/python3.10/site-packages/airflow/example_dags/example_complex.py
[2026-05-29T02:00:16.645+0200] {processor.py:839} INFO - DAG(s) dict_keys(['example_complex']) retrieved from /home/frederic/airflow_venv/lib/python3.10/site-packages/airflow/example_dags/example_complex.py
[2026-05-29T02:00:16.674+0200] {logging_mixin.py:151} INFO - [2026-05-29T02:00:16.674+0200] {dag.py:2915} INFO - Sync 1 DAGs
[2026-05-29T02:00:16.687+0200] {logging_mixin.py:151} INFO - [2026-05-29T02:00:16.687+0200] {dag.py:3696} INFO - Setting next_dagrun for example_complex to None, run_after=None
[2026-05-29T02:00:16.706+0200] {processor.py:179} INFO - Processing /home/frederic/airflow_venv/lib/python3.10/site-packages/airflow/example_dags/example_complex.py took 0.077 seconds
[2026-05-29T02:00:47.867+0200] {processor.py:157} INFO - Started process (PID=634597) to work on /home/frederic/airflow_venv/lib/python3.10/site-packages/airflow/example_dags/example_complex.py
[2026-05-29T02:00:47.868+0200] {processor.py:829} INFO - Processing file /home/frederic/airflow_venv/lib/python3.10/site-packages/airflow/example_dags/example_complex.py for tasks to queue
[2026-05-29T02:00:47.869+0200] {logging_mixin.py:151} INFO - [2026-05-29T02:00:47.869+0200] {dagbag.py:539} INFO - Filling up the DagBag from /home/frederic/airflow_venv/lib/python3.10/site-packages/airflow/example_dags/example_complex.py
[2026-05-29T02:00:47.880+0200] {processor.py:839} INFO - DAG(s) dict_keys(['example_complex']) retrieved from /home/frederic/airflow_venv/lib/python3.10/site-packages/airflow/example_dags/example_complex.py
[2026-05-29T02:00:47.907+0200] {logging_mixin.py:151} INFO - [2026-05-29T02:00:47.907+0200] {dag.py:2915} INFO - Sync 1 DAGs
[2026-05-29T02:00:47.919+0200] {logging_mixin.py:151} INFO - [2026-05-29T02:00:47.919+0200] {dag.py:3696} INFO - Setting next_dagrun for example_complex to None, run_after=None
[2026-05-29T02:00:47.937+0200] {processor.py:179} INFO - Processing /home/frederic/airflow_venv/lib/python3.10/site-packages/airflow/example_dags/example_complex.py took 0.072 seconds
[2026-05-29T02:01:00.544+0200] {processor.py:157} INFO - Started process (PID=634849) to work on /home/frederic/airflow_venv/lib/python3.10/site-packages/airflow/example_dags/example_complex.py
[2026-05-29T02:01:00.545+0200] {processor.py:829} INFO - Processing file /home/frederic/airflow_venv/lib/python3.10/site-packages/airflow/example_dags/example_complex.py for tasks to queue
[2026-05-29T02:01:00.546+0200] {logging_mixin.py:151} INFO - [2026-05-29T02:01:00.545+0200] {dagbag.py:539} INFO - Filling up the DagBag from /home/frederic/airflow_venv/lib/python3.10/site-packages/airflow/example_dags/example_complex.py
[2026-05-29T02:01:00.557+0200] {processor.py:839} INFO - DAG(s) dict_keys(['example_complex']) retrieved from /home/frederic/airflow_venv/lib/python3.10/site-packages/airflow/example_dags/example_complex.py
[2026-05-29T02:01:00.581+0200] {logging_mixin.py:151} INFO - [2026-05-29T02:01:00.581+0200] {dag.py:2915} INFO - Sync 1 DAGs
[2026-05-29T02:01:00.592+0200] {logging_mixin.py:151} INFO - [2026-05-29T02:01:00.592+0200] {dag.py:3696} INFO - Setting next_dagrun for example_complex to None, run_after=None
[2026-05-29T02:01:00.609+0200] {processor.py:179} INFO - Processing /home/frederic/airflow_venv/lib/python3.10/site-packages/airflow/example_dags/example_complex.py took 0.068 seconds
[2026-05-29T02:01:39.693+0200] {processor.py:157} INFO - Started process (PID=635981) to work on /home/frederic/airflow_venv/lib/python3.10/site-packages/airflow/example_dags/example_complex.py
[2026-05-29T02:01:39.694+0200] {processor.py:829} INFO - Processing file /home/frederic/airflow_venv/lib/python3.10/site-packages/airflow/example_dags/example_complex.py for tasks to queue
[2026-05-29T02:01:39.695+0200] {logging_mixin.py:151} INFO - [2026-05-29T02:01:39.694+0200] {dagbag.py:539} INFO - Filling up the DagBag from /home/frederic/airflow_venv/lib/python3.10/site-packages/airflow/example_dags/example_complex.py
[2026-05-29T02:01:39.704+0200] {processor.py:839} INFO - DAG(s) dict_keys(['example_complex']) retrieved from /home/frederic/airflow_venv/lib/python3.10/site-packages/airflow/example_dags/example_complex.py
[2026-05-29T02:01:39.727+0200] {logging_mixin.py:151} INFO - [2026-05-29T02:01:39.727+0200] {dag.py:2915} INFO - Sync 1 DAGs
[2026-05-29T02:01:39.737+0200] {logging_mixin.py:151} INFO - [2026-05-29T02:01:39.736+0200] {dag.py:3696} INFO - Setting next_dagrun for example_complex to None, run_after=None
[2026-05-29T02:01:39.751+0200] {processor.py:179} INFO - Processing /home/frederic/airflow_venv/lib/python3.10/site-packages/airflow/example_dags/example_complex.py took 0.060 seconds
[2026-05-29T02:01:44.826+0200] {processor.py:157} INFO - Started process (PID=636122) to work on /home/frederic/airflow_venv/lib/python3.10/site-packages/airflow/example_dags/example_complex.py
[2026-05-29T02:01:44.827+0200] {processor.py:829} INFO - Processing file /home/frederic/airflow_venv/lib/python3.10/site-packages/airflow/example_dags/example_complex.py for tasks to queue
[2026-05-29T02:01:44.827+0200] {logging_mixin.py:151} INFO - [2026-05-29T02:01:44.827+0200] {dagbag.py:539} INFO - Filling up the DagBag from /home/frederic/airflow_venv/lib/python3.10/site-packages/airflow/example_dags/example_complex.py
[2026-05-29T02:01:44.837+0200] {processor.py:839} INFO - DAG(s) dict_keys(['example_complex']) retrieved from /home/frederic/airflow_venv/lib/python3.10/site-packages/airflow/example_dags/example_complex.py
[2026-05-29T02:01:44.859+0200] {logging_mixin.py:151} INFO - [2026-05-29T02:01:44.859+0200] {dag.py:2915} INFO - Sync 1 DAGs
[2026-05-29T02:01:44.869+0200] {logging_mixin.py:151} INFO - [2026-05-29T02:01:44.869+0200] {dag.py:3696} INFO - Setting next_dagrun for example_complex to None, run_after=None
[2026-05-29T02:01:44.884+0200] {processor.py:179} INFO - Processing /home/frederic/airflow_venv/lib/python3.10/site-packages/airflow/example_dags/example_complex.py took 0.060 seconds
[2026-05-29T02:02:31.074+0200] {processor.py:157} INFO - Started process (PID=637538) to work on /home/frederic/airflow_venv/lib/python3.10/site-packages/airflow/example_dags/example_complex.py
[2026-05-29T02:02:31.076+0200] {processor.py:829} INFO - Processing file /home/frederic/airflow_venv/lib/python3.10/site-packages/airflow/example_dags/example_complex.py for tasks to queue
[2026-05-29T02:02:31.076+0200] {logging_mixin.py:151} INFO - [2026-05-29T02:02:31.076+0200] {dagbag.py:539} INFO - Filling up the DagBag from /home/frederic/airflow_venv/lib/python3.10/site-packages/airflow/example_dags/example_complex.py
[2026-05-29T02:02:31.086+0200] {processor.py:839} INFO - DAG(s) dict_keys(['example_complex']) retrieved from /home/frederic/airflow_venv/lib/python3.10/site-packages/airflow/example_dags/example_complex.py
[2026-05-29T02:02:31.128+0200] {logging_mixin.py:151} INFO - [2026-05-29T02:02:31.128+0200] {dag.py:2915} INFO - Sync 1 DAGs
[2026-05-29T02:02:31.142+0200] {logging_mixin.py:151} INFO - [2026-05-29T02:02:31.142+0200] {dag.py:3696} INFO - Setting next_dagrun for example_complex to None, run_after=None
[2026-05-29T02:02:31.168+0200] {processor.py:179} INFO - Processing /home/frederic/airflow_venv/lib/python3.10/site-packages/airflow/example_dags/example_complex.py took 0.096 seconds
[2026-05-29T02:02:32.712+0200] {processor.py:157} INFO - Started process (PID=637579) to work on /home/frederic/airflow_venv/lib/python3.10/site-packages/airflow/example_dags/example_complex.py
[2026-05-29T02:02:32.713+0200] {processor.py:829} INFO - Processing file /home/frederic/airflow_venv/lib/python3.10/site-packages/airflow/example_dags/example_complex.py for tasks to queue
[2026-05-29T02:02:32.714+0200] {logging_mixin.py:151} INFO - [2026-05-29T02:02:32.713+0200] {dagbag.py:539} INFO - Filling up the DagBag from /home/frederic/airflow_venv/lib/python3.10/site-packages/airflow/example_dags/example_complex.py
[2026-05-29T02:02:32.724+0200] {processor.py:839} INFO - DAG(s) dict_keys(['example_complex']) retrieved from /home/frederic/airflow_venv/lib/python3.10/site-packages/airflow/example_dags/example_complex.py
[2026-05-29T02:02:32.749+0200] {logging_mixin.py:151} INFO - [2026-05-29T02:02:32.749+0200] {dag.py:2915} INFO - Sync 1 DAGs
[2026-05-29T02:02:32.759+0200] {logging_mixin.py:151} INFO - [2026-05-29T02:02:32.759+0200] {dag.py:3696} INFO - Setting next_dagrun for example_complex to None, run_after=None
[2026-05-29T02:02:32.775+0200] {processor.py:179} INFO - Processing /home/frederic/airflow_venv/lib/python3.10/site-packages/airflow/example_dags/example_complex.py took 0.065 seconds
[2026-05-29T02:03:20.294+0200] {processor.py:157} INFO - Started process (PID=638887) to work on /home/frederic/airflow_venv/lib/python3.10/site-packages/airflow/example_dags/example_complex.py
[2026-05-29T02:03:20.295+0200] {processor.py:829} INFO - Processing file /home/frederic/airflow_venv/lib/python3.10/site-packages/airflow/example_dags/example_complex.py for tasks to queue
[2026-05-29T02:03:20.296+0200] {logging_mixin.py:151} INFO - [2026-05-29T02:03:20.295+0200] {dagbag.py:539} INFO - Filling up the DagBag from /home/frederic/airflow_venv/lib/python3.10/site-packages/airflow/example_dags/example_complex.py
[2026-05-29T02:03:20.308+0200] {processor.py:839} INFO - DAG(s) dict_keys(['example_complex']) retrieved from /home/frederic/airflow_venv/lib/python3.10/site-packages/airflow/example_dags/example_complex.py
[2026-05-29T02:03:20.340+0200] {logging_mixin.py:151} INFO - [2026-05-29T02:03:20.339+0200] {dag.py:2915} INFO - Sync 1 DAGs
[2026-05-29T02:03:20.351+0200] {logging_mixin.py:151} INFO - [2026-05-29T02:03:20.351+0200] {dag.py:3696} INFO - Setting next_dagrun for example_complex to None, run_after=None
[2026-05-29T02:03:20.387+0200] {processor.py:179} INFO - Processing /home/frederic/airflow_venv/lib/python3.10/site-packages/airflow/example_dags/example_complex.py took 0.095 seconds
[2026-05-29T02:03:20.781+0200] {processor.py:157} INFO - Started process (PID=638957) to work on /home/frederic/airflow_venv/lib/python3.10/site-packages/airflow/example_dags/example_complex.py
[2026-05-29T02:03:20.782+0200] {processor.py:829} INFO - Processing file /home/frederic/airflow_venv/lib/python3.10/site-packages/airflow/example_dags/example_complex.py for tasks to queue
[2026-05-29T02:03:20.783+0200] {logging_mixin.py:151} INFO - [2026-05-29T02:03:20.782+0200] {dagbag.py:539} INFO - Filling up the DagBag from /home/frederic/airflow_venv/lib/python3.10/site-packages/airflow/example_dags/example_complex.py
[2026-05-29T02:03:20.792+0200] {processor.py:839} INFO - DAG(s) dict_keys(['example_complex']) retrieved from /home/frederic/airflow_venv/lib/python3.10/site-packages/airflow/example_dags/example_complex.py
[2026-05-29T02:03:20.815+0200] {logging_mixin.py:151} INFO - [2026-05-29T02:03:20.815+0200] {dag.py:2915} INFO - Sync 1 DAGs
[2026-05-29T02:03:20.826+0200] {logging_mixin.py:151} INFO - [2026-05-29T02:03:20.825+0200] {dag.py:3696} INFO - Setting next_dagrun for example_complex to None, run_after=None
[2026-05-29T02:03:20.841+0200] {processor.py:179} INFO - Processing /home/frederic/airflow_venv/lib/python3.10/site-packages/airflow/example_dags/example_complex.py took 0.063 seconds
[2026-05-29T09:58:34.698+0200] {processor.py:157} INFO - Started process (PID=682127) to work on /home/frederic/airflow_venv/lib/python3.10/site-packages/airflow/example_dags/example_complex.py
[2026-05-29T09:58:34.699+0200] {processor.py:829} INFO - Processing file /home/frederic/airflow_venv/lib/python3.10/site-packages/airflow/example_dags/example_complex.py for tasks to queue
[2026-05-29T09:58:34.700+0200] {logging_mixin.py:151} INFO - [2026-05-29T09:58:34.700+0200] {dagbag.py:539} INFO - Filling up the DagBag from /home/frederic/airflow_venv/lib/python3.10/site-packages/airflow/example_dags/example_complex.py
[2026-05-29T09:58:34.714+0200] {processor.py:839} INFO - DAG(s) dict_keys(['example_complex']) retrieved from /home/frederic/airflow_venv/lib/python3.10/site-packages/airflow/example_dags/example_complex.py
[2026-05-29T09:58:34.748+0200] {logging_mixin.py:151} INFO - [2026-05-29T09:58:34.748+0200] {dag.py:2915} INFO - Sync 1 DAGs
[2026-05-29T09:58:34.762+0200] {logging_mixin.py:151} INFO - [2026-05-29T09:58:34.762+0200] {dag.py:3696} INFO - Setting next_dagrun for example_complex to None, run_after=None
[2026-05-29T09:58:34.786+0200] {processor.py:179} INFO - Processing /home/frederic/airflow_venv/lib/python3.10/site-packages/airflow/example_dags/example_complex.py took 0.093 seconds
[2026-05-29T09:59:27.109+0200] {processor.py:157} INFO - Started process (PID=683636) to work on /home/frederic/airflow_venv/lib/python3.10/site-packages/airflow/example_dags/example_complex.py
[2026-05-29T09:59:27.110+0200] {processor.py:829} INFO - Processing file /home/frederic/airflow_venv/lib/python3.10/site-packages/airflow/example_dags/example_complex.py for tasks to queue
[2026-05-29T09:59:27.111+0200] {logging_mixin.py:151} INFO - [2026-05-29T09:59:27.110+0200] {dagbag.py:539} INFO - Filling up the DagBag from /home/frederic/airflow_venv/lib/python3.10/site-packages/airflow/example_dags/example_complex.py
[2026-05-29T09:59:27.123+0200] {processor.py:839} INFO - DAG(s) dict_keys(['example_complex']) retrieved from /home/frederic/airflow_venv/lib/python3.10/site-packages/airflow/example_dags/example_complex.py
[2026-05-29T09:59:27.155+0200] {logging_mixin.py:151} INFO - [2026-05-29T09:59:27.155+0200] {dag.py:2915} INFO - Sync 1 DAGs
[2026-05-29T09:59:27.169+0200] {logging_mixin.py:151} INFO - [2026-05-29T09:59:27.169+0200] {dag.py:3696} INFO - Setting next_dagrun for example_complex to None, run_after=None
[2026-05-29T09:59:27.193+0200] {processor.py:179} INFO - Processing /home/frederic/airflow_venv/lib/python3.10/site-packages/airflow/example_dags/example_complex.py took 0.087 seconds
[2026-05-29T10:00:18.390+0200] {processor.py:157} INFO - Started process (PID=684339) to work on /home/frederic/airflow_venv/lib/python3.10/site-packages/airflow/example_dags/example_complex.py
[2026-05-29T10:00:18.391+0200] {processor.py:829} INFO - Processing file /home/frederic/airflow_venv/lib/python3.10/site-packages/airflow/example_dags/example_complex.py for tasks to queue
[2026-05-29T10:00:18.391+0200] {logging_mixin.py:151} INFO - [2026-05-29T10:00:18.391+0200] {dagbag.py:539} INFO - Filling up the DagBag from /home/frederic/airflow_venv/lib/python3.10/site-packages/airflow/example_dags/example_complex.py
[2026-05-29T10:00:18.402+0200] {processor.py:839} INFO - DAG(s) dict_keys(['example_complex']) retrieved from /home/frederic/airflow_venv/lib/python3.10/site-packages/airflow/example_dags/example_complex.py
[2026-05-29T10:00:18.426+0200] {logging_mixin.py:151} INFO - [2026-05-29T10:00:18.426+0200] {dag.py:2915} INFO - Sync 1 DAGs
[2026-05-29T10:00:18.439+0200] {logging_mixin.py:151} INFO - [2026-05-29T10:00:18.439+0200] {dag.py:3696} INFO - Setting next_dagrun for example_complex to None, run_after=None
[2026-05-29T10:00:18.465+0200] {processor.py:179} INFO - Processing /home/frederic/airflow_venv/lib/python3.10/site-packages/airflow/example_dags/example_complex.py took 0.078 seconds
[2026-05-29T10:01:08.975+0200] {processor.py:157} INFO - Started process (PID=685166) to work on /home/frederic/airflow_venv/lib/python3.10/site-packages/airflow/example_dags/example_complex.py
[2026-05-29T10:01:08.976+0200] {processor.py:829} INFO - Processing file /home/frederic/airflow_venv/lib/python3.10/site-packages/airflow/example_dags/example_complex.py for tasks to queue
[2026-05-29T10:01:08.977+0200] {logging_mixin.py:151} INFO - [2026-05-29T10:01:08.977+0200] {dagbag.py:539} INFO - Filling up the DagBag from /home/frederic/airflow_venv/lib/python3.10/site-packages/airflow/example_dags/example_complex.py
[2026-05-29T10:01:08.989+0200] {processor.py:839} INFO - DAG(s) dict_keys(['example_complex']) retrieved from /home/frederic/airflow_venv/lib/python3.10/site-packages/airflow/example_dags/example_complex.py
[2026-05-29T10:01:09.017+0200] {logging_mixin.py:151} INFO - [2026-05-29T10:01:09.017+0200] {dag.py:2915} INFO - Sync 1 DAGs
[2026-05-29T10:01:09.028+0200] {logging_mixin.py:151} INFO - [2026-05-29T10:01:09.028+0200] {dag.py:3696} INFO - Setting next_dagrun for example_complex to None, run_after=None
[2026-05-29T10:01:09.051+0200] {processor.py:179} INFO - Processing /home/frederic/airflow_venv/lib/python3.10/site-packages/airflow/example_dags/example_complex.py took 0.080 seconds
[2026-05-29T10:01:57.668+0200] {processor.py:157} INFO - Started process (PID=685827) to work on /home/frederic/airflow_venv/lib/python3.10/site-packages/airflow/example_dags/example_complex.py
[2026-05-29T10:01:57.669+0200] {processor.py:829} INFO - Processing file /home/frederic/airflow_venv/lib/python3.10/site-packages/airflow/example_dags/example_complex.py for tasks to queue
[2026-05-29T10:01:57.670+0200] {logging_mixin.py:151} INFO - [2026-05-29T10:01:57.670+0200] {dagbag.py:539} INFO - Filling up the DagBag from /home/frederic/airflow_venv/lib/python3.10/site-packages/airflow/example_dags/example_complex.py
[2026-05-29T10:01:57.682+0200] {processor.py:839} INFO - DAG(s) dict_keys(['example_complex']) retrieved from /home/frederic/airflow_venv/lib/python3.10/site-packages/airflow/example_dags/example_complex.py
[2026-05-29T10:01:57.709+0200] {logging_mixin.py:151} INFO - [2026-05-29T10:01:57.709+0200] {dag.py:2915} INFO - Sync 1 DAGs
[2026-05-29T10:01:57.720+0200] {logging_mixin.py:151} INFO - [2026-05-29T10:01:57.719+0200] {dag.py:3696} INFO - Setting next_dagrun for example_complex to None, run_after=None
[2026-05-29T10:01:57.738+0200] {processor.py:179} INFO - Processing /home/frederic/airflow_venv/lib/python3.10/site-packages/airflow/example_dags/example_complex.py took 0.071 seconds
[2026-05-29T10:02:43.826+0200] {processor.py:157} INFO - Started process (PID=686292) to work on /home/frederic/airflow_venv/lib/python3.10/site-packages/airflow/example_dags/example_complex.py
[2026-05-29T10:02:43.827+0200] {processor.py:829} INFO - Processing file /home/frederic/airflow_venv/lib/python3.10/site-packages/airflow/example_dags/example_complex.py for tasks to queue
[2026-05-29T10:02:43.827+0200] {logging_mixin.py:151} INFO - [2026-05-29T10:02:43.827+0200] {dagbag.py:539} INFO - Filling up the DagBag from /home/frederic/airflow_venv/lib/python3.10/site-packages/airflow/example_dags/example_complex.py
[2026-05-29T10:02:43.841+0200] {processor.py:839} INFO - DAG(s) dict_keys(['example_complex']) retrieved from /home/frederic/airflow_venv/lib/python3.10/site-packages/airflow/example_dags/example_complex.py
[2026-05-29T10:02:43.868+0200] {logging_mixin.py:151} INFO - [2026-05-29T10:02:43.868+0200] {dag.py:2915} INFO - Sync 1 DAGs
[2026-05-29T10:02:43.881+0200] {logging_mixin.py:151} INFO - [2026-05-29T10:02:43.881+0200] {dag.py:3696} INFO - Setting next_dagrun for example_complex to None, run_after=None
[2026-05-29T10:02:43.900+0200] {processor.py:179} INFO - Processing /home/frederic/airflow_venv/lib/python3.10/site-packages/airflow/example_dags/example_complex.py took 0.076 seconds
[2026-05-29T10:03:30.126+0200] {processor.py:157} INFO - Started process (PID=686767) to work on /home/frederic/airflow_venv/lib/python3.10/site-packages/airflow/example_dags/example_complex.py
[2026-05-29T10:03:30.130+0200] {processor.py:829} INFO - Processing file /home/frederic/airflow_venv/lib/python3.10/site-packages/airflow/example_dags/example_complex.py for tasks to queue
[2026-05-29T10:03:30.131+0200] {logging_mixin.py:151} INFO - [2026-05-29T10:03:30.130+0200] {dagbag.py:539} INFO - Filling up the DagBag from /home/frederic/airflow_venv/lib/python3.10/site-packages/airflow/example_dags/example_complex.py
[2026-05-29T10:03:30.141+0200] {processor.py:839} INFO - DAG(s) dict_keys(['example_complex']) retrieved from /home/frederic/airflow_venv/lib/python3.10/site-packages/airflow/example_dags/example_complex.py
[2026-05-29T10:03:30.168+0200] {logging_mixin.py:151} INFO - [2026-05-29T10:03:30.168+0200] {dag.py:2915} INFO - Sync 1 DAGs
[2026-05-29T10:03:30.180+0200] {logging_mixin.py:151} INFO - [2026-05-29T10:03:30.179+0200] {dag.py:3696} INFO - Setting next_dagrun for example_complex to None, run_after=None
[2026-05-29T10:03:30.200+0200] {processor.py:179} INFO - Processing /home/frederic/airflow_venv/lib/python3.10/site-packages/airflow/example_dags/example_complex.py took 0.077 seconds
[2026-05-29T10:04:17.917+0200] {processor.py:157} INFO - Started process (PID=687901) to work on /home/frederic/airflow_venv/lib/python3.10/site-packages/airflow/example_dags/example_complex.py
[2026-05-29T10:04:17.920+0200] {processor.py:829} INFO - Processing file /home/frederic/airflow_venv/lib/python3.10/site-packages/airflow/example_dags/example_complex.py for tasks to queue
[2026-05-29T10:04:17.921+0200] {logging_mixin.py:151} INFO - [2026-05-29T10:04:17.920+0200] {dagbag.py:539} INFO - Filling up the DagBag from /home/frederic/airflow_venv/lib/python3.10/site-packages/airflow/example_dags/example_complex.py
[2026-05-29T10:04:17.935+0200] {processor.py:839} INFO - DAG(s) dict_keys(['example_complex']) retrieved from /home/frederic/airflow_venv/lib/python3.10/site-packages/airflow/example_dags/example_complex.py
[2026-05-29T10:04:17.968+0200] {logging_mixin.py:151} INFO - [2026-05-29T10:04:17.968+0200] {dag.py:2915} INFO - Sync 1 DAGs
[2026-05-29T10:04:17.981+0200] {logging_mixin.py:151} INFO - [2026-05-29T10:04:17.981+0200] {dag.py:3696} INFO - Setting next_dagrun for example_complex to None, run_after=None
[2026-05-29T10:04:17.999+0200] {processor.py:179} INFO - Processing /home/frederic/airflow_venv/lib/python3.10/site-packages/airflow/example_dags/example_complex.py took 0.085 seconds
[2026-05-29T10:05:06.858+0200] {processor.py:157} INFO - Started process (PID=689031) to work on /home/frederic/airflow_venv/lib/python3.10/site-packages/airflow/example_dags/example_complex.py
[2026-05-29T10:05:06.860+0200] {processor.py:829} INFO - Processing file /home/frederic/airflow_venv/lib/python3.10/site-packages/airflow/example_dags/example_complex.py for tasks to queue
[2026-05-29T10:05:06.861+0200] {logging_mixin.py:151} INFO - [2026-05-29T10:05:06.860+0200] {dagbag.py:539} INFO - Filling up the DagBag from /home/frederic/airflow_venv/lib/python3.10/site-packages/airflow/example_dags/example_complex.py
[2026-05-29T10:05:06.880+0200] {processor.py:839} INFO - DAG(s) dict_keys(['example_complex']) retrieved from /home/frederic/airflow_venv/lib/python3.10/site-packages/airflow/example_dags/example_complex.py
[2026-05-29T10:05:06.920+0200] {logging_mixin.py:151} INFO - [2026-05-29T10:05:06.920+0200] {dag.py:2915} INFO - Sync 1 DAGs
[2026-05-29T10:05:06.938+0200] {logging_mixin.py:151} INFO - [2026-05-29T10:05:06.937+0200] {dag.py:3696} INFO - Setting next_dagrun for example_complex to None, run_after=None
[2026-05-29T10:05:06.963+0200] {processor.py:179} INFO - Processing /home/frederic/airflow_venv/lib/python3.10/site-packages/airflow/example_dags/example_complex.py took 0.108 seconds
[2026-05-29T10:05:53.021+0200] {processor.py:157} INFO - Started process (PID=689826) to work on /home/frederic/airflow_venv/lib/python3.10/site-packages/airflow/example_dags/example_complex.py
[2026-05-29T10:05:53.023+0200] {processor.py:829} INFO - Processing file /home/frederic/airflow_venv/lib/python3.10/site-packages/airflow/example_dags/example_complex.py for tasks to queue
[2026-05-29T10:05:53.024+0200] {logging_mixin.py:151} INFO - [2026-05-29T10:05:53.023+0200] {dagbag.py:539} INFO - Filling up the DagBag from /home/frederic/airflow_venv/lib/python3.10/site-packages/airflow/example_dags/example_complex.py
[2026-05-29T10:05:53.036+0200] {processor.py:839} INFO - DAG(s) dict_keys(['example_complex']) retrieved from /home/frederic/airflow_venv/lib/python3.10/site-packages/airflow/example_dags/example_complex.py
[2026-05-29T10:05:53.071+0200] {logging_mixin.py:151} INFO - [2026-05-29T10:05:53.070+0200] {dag.py:2915} INFO - Sync 1 DAGs
[2026-05-29T10:05:53.087+0200] {logging_mixin.py:151} INFO - [2026-05-29T10:05:53.087+0200] {dag.py:3696} INFO - Setting next_dagrun for example_complex to None, run_after=None
[2026-05-29T10:05:53.110+0200] {processor.py:179} INFO - Processing /home/frederic/airflow_venv/lib/python3.10/site-packages/airflow/example_dags/example_complex.py took 0.091 seconds
[2026-05-29T10:06:44.547+0200] {processor.py:157} INFO - Started process (PID=690382) to work on /home/frederic/airflow_venv/lib/python3.10/site-packages/airflow/example_dags/example_complex.py
[2026-05-29T10:06:44.548+0200] {processor.py:829} INFO - Processing file /home/frederic/airflow_venv/lib/python3.10/site-packages/airflow/example_dags/example_complex.py for tasks to queue
[2026-05-29T10:06:44.549+0200] {logging_mixin.py:151} INFO - [2026-05-29T10:06:44.548+0200] {dagbag.py:539} INFO - Filling up the DagBag from /home/frederic/airflow_venv/lib/python3.10/site-packages/airflow/example_dags/example_complex.py
[2026-05-29T10:06:44.560+0200] {processor.py:839} INFO - DAG(s) dict_keys(['example_complex']) retrieved from /home/frederic/airflow_venv/lib/python3.10/site-packages/airflow/example_dags/example_complex.py
[2026-05-29T10:06:44.586+0200] {logging_mixin.py:151} INFO - [2026-05-29T10:06:44.586+0200] {dag.py:2915} INFO - Sync 1 DAGs
[2026-05-29T10:06:44.597+0200] {logging_mixin.py:151} INFO - [2026-05-29T10:06:44.597+0200] {dag.py:3696} INFO - Setting next_dagrun for example_complex to None, run_after=None
[2026-05-29T10:06:44.615+0200] {processor.py:179} INFO - Processing /home/frederic/airflow_venv/lib/python3.10/site-packages/airflow/example_dags/example_complex.py took 0.071 seconds
[2026-05-29T10:07:39.970+0200] {processor.py:157} INFO - Started process (PID=691136) to work on /home/frederic/airflow_venv/lib/python3.10/site-packages/airflow/example_dags/example_complex.py
[2026-05-29T10:07:39.971+0200] {processor.py:829} INFO - Processing file /home/frederic/airflow_venv/lib/python3.10/site-packages/airflow/example_dags/example_complex.py for tasks to queue
[2026-05-29T10:07:39.972+0200] {logging_mixin.py:151} INFO - [2026-05-29T10:07:39.972+0200] {dagbag.py:539} INFO - Filling up the DagBag from /home/frederic/airflow_venv/lib/python3.10/site-packages/airflow/example_dags/example_complex.py
[2026-05-29T10:07:39.983+0200] {processor.py:839} INFO - DAG(s) dict_keys(['example_complex']) retrieved from /home/frederic/airflow_venv/lib/python3.10/site-packages/airflow/example_dags/example_complex.py
[2026-05-29T10:07:40.010+0200] {logging_mixin.py:151} INFO - [2026-05-29T10:07:40.010+0200] {dag.py:2915} INFO - Sync 1 DAGs
[2026-05-29T10:07:40.022+0200] {logging_mixin.py:151} INFO - [2026-05-29T10:07:40.022+0200] {dag.py:3696} INFO - Setting next_dagrun for example_complex to None, run_after=None
[2026-05-29T10:07:40.039+0200] {processor.py:179} INFO - Processing /home/frederic/airflow_venv/lib/python3.10/site-packages/airflow/example_dags/example_complex.py took 0.071 seconds
[2026-05-29T10:08:26.949+0200] {processor.py:157} INFO - Started process (PID=691749) to work on /home/frederic/airflow_venv/lib/python3.10/site-packages/airflow/example_dags/example_complex.py
[2026-05-29T10:08:26.952+0200] {processor.py:829} INFO - Processing file /home/frederic/airflow_venv/lib/python3.10/site-packages/airflow/example_dags/example_complex.py for tasks to queue
[2026-05-29T10:08:26.953+0200] {logging_mixin.py:151} INFO - [2026-05-29T10:08:26.953+0200] {dagbag.py:539} INFO - Filling up the DagBag from /home/frederic/airflow_venv/lib/python3.10/site-packages/airflow/example_dags/example_complex.py
[2026-05-29T10:08:26.964+0200] {processor.py:839} INFO - DAG(s) dict_keys(['example_complex']) retrieved from /home/frederic/airflow_venv/lib/python3.10/site-packages/airflow/example_dags/example_complex.py
[2026-05-29T10:08:26.990+0200] {logging_mixin.py:151} INFO - [2026-05-29T10:08:26.990+0200] {dag.py:2915} INFO - Sync 1 DAGs
[2026-05-29T10:08:27.002+0200] {logging_mixin.py:151} INFO - [2026-05-29T10:08:27.001+0200] {dag.py:3696} INFO - Setting next_dagrun for example_complex to None, run_after=None
[2026-05-29T10:08:27.019+0200] {processor.py:179} INFO - Processing /home/frederic/airflow_venv/lib/python3.10/site-packages/airflow/example_dags/example_complex.py took 0.072 seconds
[2026-05-29T10:09:13.839+0200] {processor.py:157} INFO - Started process (PID=692334) to work on /home/frederic/airflow_venv/lib/python3.10/site-packages/airflow/example_dags/example_complex.py
[2026-05-29T10:09:13.843+0200] {processor.py:829} INFO - Processing file /home/frederic/airflow_venv/lib/python3.10/site-packages/airflow/example_dags/example_complex.py for tasks to queue
[2026-05-29T10:09:13.843+0200] {logging_mixin.py:151} INFO - [2026-05-29T10:09:13.843+0200] {dagbag.py:539} INFO - Filling up the DagBag from /home/frederic/airflow_venv/lib/python3.10/site-packages/airflow/example_dags/example_complex.py
[2026-05-29T10:09:13.854+0200] {processor.py:839} INFO - DAG(s) dict_keys(['example_complex']) retrieved from /home/frederic/airflow_venv/lib/python3.10/site-packages/airflow/example_dags/example_complex.py
[2026-05-29T10:09:13.878+0200] {logging_mixin.py:151} INFO - [2026-05-29T10:09:13.878+0200] {dag.py:2915} INFO - Sync 1 DAGs
[2026-05-29T10:09:13.887+0200] {logging_mixin.py:151} INFO - [2026-05-29T10:09:13.887+0200] {dag.py:3696} INFO - Setting next_dagrun for example_complex to None, run_after=None
[2026-05-29T10:09:13.904+0200] {processor.py:179} INFO - Processing /home/frederic/airflow_venv/lib/python3.10/site-packages/airflow/example_dags/example_complex.py took 0.067 seconds
[2026-05-29T10:10:04.001+0200] {processor.py:157} INFO - Started process (PID=692897) to work on /home/frederic/airflow_venv/lib/python3.10/site-packages/airflow/example_dags/example_complex.py
[2026-05-29T10:10:04.002+0200] {processor.py:829} INFO - Processing file /home/frederic/airflow_venv/lib/python3.10/site-packages/airflow/example_dags/example_complex.py for tasks to queue
[2026-05-29T10:10:04.003+0200] {logging_mixin.py:151} INFO - [2026-05-29T10:10:04.002+0200] {dagbag.py:539} INFO - Filling up the DagBag from /home/frederic/airflow_venv/lib/python3.10/site-packages/airflow/example_dags/example_complex.py
[2026-05-29T10:10:04.014+0200] {processor.py:839} INFO - DAG(s) dict_keys(['example_complex']) retrieved from /home/frederic/airflow_venv/lib/python3.10/site-packages/airflow/example_dags/example_complex.py
[2026-05-29T10:10:04.040+0200] {logging_mixin.py:151} INFO - [2026-05-29T10:10:04.040+0200] {dag.py:2915} INFO - Sync 1 DAGs
[2026-05-29T10:10:04.053+0200] {logging_mixin.py:151} INFO - [2026-05-29T10:10:04.052+0200] {dag.py:3696} INFO - Setting next_dagrun for example_complex to None, run_after=None
[2026-05-29T10:10:04.070+0200] {processor.py:179} INFO - Processing /home/frederic/airflow_venv/lib/python3.10/site-packages/airflow/example_dags/example_complex.py took 0.072 seconds
[2026-05-29T10:10:50.312+0200] {processor.py:157} INFO - Started process (PID=693843) to work on /home/frederic/airflow_venv/lib/python3.10/site-packages/airflow/example_dags/example_complex.py
[2026-05-29T10:10:50.314+0200] {processor.py:829} INFO - Processing file /home/frederic/airflow_venv/lib/python3.10/site-packages/airflow/example_dags/example_complex.py for tasks to queue
[2026-05-29T10:10:50.316+0200] {logging_mixin.py:151} INFO - [2026-05-29T10:10:50.315+0200] {dagbag.py:539} INFO - Filling up the DagBag from /home/frederic/airflow_venv/lib/python3.10/site-packages/airflow/example_dags/example_complex.py
[2026-05-29T10:10:50.331+0200] {processor.py:839} INFO - DAG(s) dict_keys(['example_complex']) retrieved from /home/frederic/airflow_venv/lib/python3.10/site-packages/airflow/example_dags/example_complex.py
[2026-05-29T10:10:50.371+0200] {logging_mixin.py:151} INFO - [2026-05-29T10:10:50.371+0200] {dag.py:2915} INFO - Sync 1 DAGs
[2026-05-29T10:10:50.386+0200] {logging_mixin.py:151} INFO - [2026-05-29T10:10:50.386+0200] {dag.py:3696} INFO - Setting next_dagrun for example_complex to None, run_after=None
[2026-05-29T10:10:50.409+0200] {processor.py:179} INFO - Processing /home/frederic/airflow_venv/lib/python3.10/site-packages/airflow/example_dags/example_complex.py took 0.104 seconds
[2026-05-29T10:11:39.682+0200] {processor.py:157} INFO - Started process (PID=694748) to work on /home/frederic/airflow_venv/lib/python3.10/site-packages/airflow/example_dags/example_complex.py
[2026-05-29T10:11:39.683+0200] {processor.py:829} INFO - Processing file /home/frederic/airflow_venv/lib/python3.10/site-packages/airflow/example_dags/example_complex.py for tasks to queue
[2026-05-29T10:11:39.683+0200] {logging_mixin.py:151} INFO - [2026-05-29T10:11:39.683+0200] {dagbag.py:539} INFO - Filling up the DagBag from /home/frederic/airflow_venv/lib/python3.10/site-packages/airflow/example_dags/example_complex.py
[2026-05-29T10:11:39.694+0200] {processor.py:839} INFO - DAG(s) dict_keys(['example_complex']) retrieved from /home/frederic/airflow_venv/lib/python3.10/site-packages/airflow/example_dags/example_complex.py
[2026-05-29T10:11:39.718+0200] {logging_mixin.py:151} INFO - [2026-05-29T10:11:39.718+0200] {dag.py:2915} INFO - Sync 1 DAGs
[2026-05-29T10:11:39.730+0200] {logging_mixin.py:151} INFO - [2026-05-29T10:11:39.729+0200] {dag.py:3696} INFO - Setting next_dagrun for example_complex to None, run_after=None
[2026-05-29T10:11:39.746+0200] {processor.py:179} INFO - Processing /home/frederic/airflow_venv/lib/python3.10/site-packages/airflow/example_dags/example_complex.py took 0.067 seconds
[2026-05-29T10:12:26.382+0200] {processor.py:157} INFO - Started process (PID=695507) to work on /home/frederic/airflow_venv/lib/python3.10/site-packages/airflow/example_dags/example_complex.py
[2026-05-29T10:12:26.383+0200] {processor.py:829} INFO - Processing file /home/frederic/airflow_venv/lib/python3.10/site-packages/airflow/example_dags/example_complex.py for tasks to queue
[2026-05-29T10:12:26.384+0200] {logging_mixin.py:151} INFO - [2026-05-29T10:12:26.384+0200] {dagbag.py:539} INFO - Filling up the DagBag from /home/frederic/airflow_venv/lib/python3.10/site-packages/airflow/example_dags/example_complex.py
[2026-05-29T10:12:26.393+0200] {processor.py:839} INFO - DAG(s) dict_keys(['example_complex']) retrieved from /home/frederic/airflow_venv/lib/python3.10/site-packages/airflow/example_dags/example_complex.py
[2026-05-29T10:12:26.413+0200] {logging_mixin.py:151} INFO - [2026-05-29T10:12:26.413+0200] {dag.py:2915} INFO - Sync 1 DAGs
[2026-05-29T10:12:26.423+0200] {logging_mixin.py:151} INFO - [2026-05-29T10:12:26.422+0200] {dag.py:3696} INFO - Setting next_dagrun for example_complex to None, run_after=None
[2026-05-29T10:12:26.438+0200] {processor.py:179} INFO - Processing /home/frederic/airflow_venv/lib/python3.10/site-packages/airflow/example_dags/example_complex.py took 0.058 seconds
[2026-05-29T10:13:16.357+0200] {processor.py:157} INFO - Started process (PID=696049) to work on /home/frederic/airflow_venv/lib/python3.10/site-packages/airflow/example_dags/example_complex.py
[2026-05-29T10:13:16.358+0200] {processor.py:829} INFO - Processing file /home/frederic/airflow_venv/lib/python3.10/site-packages/airflow/example_dags/example_complex.py for tasks to queue
[2026-05-29T10:13:16.359+0200] {logging_mixin.py:151} INFO - [2026-05-29T10:13:16.359+0200] {dagbag.py:539} INFO - Filling up the DagBag from /home/frederic/airflow_venv/lib/python3.10/site-packages/airflow/example_dags/example_complex.py
[2026-05-29T10:13:16.368+0200] {processor.py:839} INFO - DAG(s) dict_keys(['example_complex']) retrieved from /home/frederic/airflow_venv/lib/python3.10/site-packages/airflow/example_dags/example_complex.py
[2026-05-29T10:13:16.390+0200] {logging_mixin.py:151} INFO - [2026-05-29T10:13:16.390+0200] {dag.py:2915} INFO - Sync 1 DAGs
[2026-05-29T10:13:16.400+0200] {logging_mixin.py:151} INFO - [2026-05-29T10:13:16.400+0200] {dag.py:3696} INFO - Setting next_dagrun for example_complex to None, run_after=None
[2026-05-29T10:13:16.417+0200] {processor.py:179} INFO - Processing /home/frederic/airflow_venv/lib/python3.10/site-packages/airflow/example_dags/example_complex.py took 0.062 seconds
[2026-05-29T10:14:05.588+0200] {processor.py:157} INFO - Started process (PID=696633) to work on /home/frederic/airflow_venv/lib/python3.10/site-packages/airflow/example_dags/example_complex.py
[2026-05-29T10:14:05.590+0200] {processor.py:829} INFO - Processing file /home/frederic/airflow_venv/lib/python3.10/site-packages/airflow/example_dags/example_complex.py for tasks to queue
[2026-05-29T10:14:05.592+0200] {logging_mixin.py:151} INFO - [2026-05-29T10:14:05.591+0200] {dagbag.py:539} INFO - Filling up the DagBag from /home/frederic/airflow_venv/lib/python3.10/site-packages/airflow/example_dags/example_complex.py
[2026-05-29T10:14:05.607+0200] {processor.py:839} INFO - DAG(s) dict_keys(['example_complex']) retrieved from /home/frederic/airflow_venv/lib/python3.10/site-packages/airflow/example_dags/example_complex.py
[2026-05-29T10:14:05.645+0200] {logging_mixin.py:151} INFO - [2026-05-29T10:14:05.644+0200] {dag.py:2915} INFO - Sync 1 DAGs
[2026-05-29T10:14:05.656+0200] {logging_mixin.py:151} INFO - [2026-05-29T10:14:05.656+0200] {dag.py:3696} INFO - Setting next_dagrun for example_complex to None, run_after=None
[2026-05-29T10:14:05.675+0200] {processor.py:179} INFO - Processing /home/frederic/airflow_venv/lib/python3.10/site-packages/airflow/example_dags/example_complex.py took 0.090 seconds
[2026-05-29T10:14:55.799+0200] {processor.py:157} INFO - Started process (PID=697246) to work on /home/frederic/airflow_venv/lib/python3.10/site-packages/airflow/example_dags/example_complex.py
[2026-05-29T10:14:55.800+0200] {processor.py:829} INFO - Processing file /home/frederic/airflow_venv/lib/python3.10/site-packages/airflow/example_dags/example_complex.py for tasks to queue
[2026-05-29T10:14:55.801+0200] {logging_mixin.py:151} INFO - [2026-05-29T10:14:55.801+0200] {dagbag.py:539} INFO - Filling up the DagBag from /home/frederic/airflow_venv/lib/python3.10/site-packages/airflow/example_dags/example_complex.py
[2026-05-29T10:14:55.811+0200] {processor.py:839} INFO - DAG(s) dict_keys(['example_complex']) retrieved from /home/frederic/airflow_venv/lib/python3.10/site-packages/airflow/example_dags/example_complex.py
[2026-05-29T10:14:55.833+0200] {logging_mixin.py:151} INFO - [2026-05-29T10:14:55.833+0200] {dag.py:2915} INFO - Sync 1 DAGs
[2026-05-29T10:14:55.843+0200] {logging_mixin.py:151} INFO - [2026-05-29T10:14:55.842+0200] {dag.py:3696} INFO - Setting next_dagrun for example_complex to None, run_after=None
[2026-05-29T10:14:55.857+0200] {processor.py:179} INFO - Processing /home/frederic/airflow_venv/lib/python3.10/site-packages/airflow/example_dags/example_complex.py took 0.060 seconds
[2026-05-29T10:15:42.915+0200] {processor.py:157} INFO - Started process (PID=697998) to work on /home/frederic/airflow_venv/lib/python3.10/site-packages/airflow/example_dags/example_complex.py
[2026-05-29T10:15:42.916+0200] {processor.py:829} INFO - Processing file /home/frederic/airflow_venv/lib/python3.10/site-packages/airflow/example_dags/example_complex.py for tasks to queue
[2026-05-29T10:15:42.917+0200] {logging_mixin.py:151} INFO - [2026-05-29T10:15:42.917+0200] {dagbag.py:539} INFO - Filling up the DagBag from /home/frederic/airflow_venv/lib/python3.10/site-packages/airflow/example_dags/example_complex.py
[2026-05-29T10:15:42.929+0200] {processor.py:839} INFO - DAG(s) dict_keys(['example_complex']) retrieved from /home/frederic/airflow_venv/lib/python3.10/site-packages/airflow/example_dags/example_complex.py
[2026-05-29T10:15:42.956+0200] {logging_mixin.py:151} INFO - [2026-05-29T10:15:42.956+0200] {dag.py:2915} INFO - Sync 1 DAGs
[2026-05-29T10:15:42.966+0200] {logging_mixin.py:151} INFO - [2026-05-29T10:15:42.966+0200] {dag.py:3696} INFO - Setting next_dagrun for example_complex to None, run_after=None
[2026-05-29T10:15:42.983+0200] {processor.py:179} INFO - Processing /home/frederic/airflow_venv/lib/python3.10/site-packages/airflow/example_dags/example_complex.py took 0.070 seconds
[2026-05-29T10:16:31.780+0200] {processor.py:157} INFO - Started process (PID=698772) to work on /home/frederic/airflow_venv/lib/python3.10/site-packages/airflow/example_dags/example_complex.py
[2026-05-29T10:16:31.781+0200] {processor.py:829} INFO - Processing file /home/frederic/airflow_venv/lib/python3.10/site-packages/airflow/example_dags/example_complex.py for tasks to queue
[2026-05-29T10:16:31.782+0200] {logging_mixin.py:151} INFO - [2026-05-29T10:16:31.782+0200] {dagbag.py:539} INFO - Filling up the DagBag from /home/frederic/airflow_venv/lib/python3.10/site-packages/airflow/example_dags/example_complex.py
[2026-05-29T10:16:31.792+0200] {processor.py:839} INFO - DAG(s) dict_keys(['example_complex']) retrieved from /home/frederic/airflow_venv/lib/python3.10/site-packages/airflow/example_dags/example_complex.py
[2026-05-29T10:16:31.823+0200] {logging_mixin.py:151} INFO - [2026-05-29T10:16:31.823+0200] {dag.py:2915} INFO - Sync 1 DAGs
[2026-05-29T10:16:31.833+0200] {logging_mixin.py:151} INFO - [2026-05-29T10:16:31.833+0200] {dag.py:3696} INFO - Setting next_dagrun for example_complex to None, run_after=None
[2026-05-29T10:16:31.853+0200] {processor.py:179} INFO - Processing /home/frederic/airflow_venv/lib/python3.10/site-packages/airflow/example_dags/example_complex.py took 0.075 seconds
[2026-05-29T10:17:15.575+0200] {processor.py:157} INFO - Started process (PID=699706) to work on /home/frederic/airflow_venv/lib/python3.10/site-packages/airflow/example_dags/example_complex.py
[2026-05-29T10:17:15.576+0200] {processor.py:829} INFO - Processing file /home/frederic/airflow_venv/lib/python3.10/site-packages/airflow/example_dags/example_complex.py for tasks to queue
[2026-05-29T10:17:15.576+0200] {logging_mixin.py:151} INFO - [2026-05-29T10:17:15.576+0200] {dagbag.py:539} INFO - Filling up the DagBag from /home/frederic/airflow_venv/lib/python3.10/site-packages/airflow/example_dags/example_complex.py
[2026-05-29T10:17:15.586+0200] {processor.py:839} INFO - DAG(s) dict_keys(['example_complex']) retrieved from /home/frederic/airflow_venv/lib/python3.10/site-packages/airflow/example_dags/example_complex.py
[2026-05-29T10:17:15.608+0200] {logging_mixin.py:151} INFO - [2026-05-29T10:17:15.607+0200] {dag.py:2915} INFO - Sync 1 DAGs
[2026-05-29T10:17:15.617+0200] {logging_mixin.py:151} INFO - [2026-05-29T10:17:15.617+0200] {dag.py:3696} INFO - Setting next_dagrun for example_complex to None, run_after=None
[2026-05-29T10:17:15.631+0200] {processor.py:179} INFO - Processing /home/frederic/airflow_venv/lib/python3.10/site-packages/airflow/example_dags/example_complex.py took 0.059 seconds
[2026-05-29T10:18:03.972+0200] {processor.py:157} INFO - Started process (PID=700601) to work on /home/frederic/airflow_venv/lib/python3.10/site-packages/airflow/example_dags/example_complex.py
[2026-05-29T10:18:03.973+0200] {processor.py:829} INFO - Processing file /home/frederic/airflow_venv/lib/python3.10/site-packages/airflow/example_dags/example_complex.py for tasks to queue
[2026-05-29T10:18:03.974+0200] {logging_mixin.py:151} INFO - [2026-05-29T10:18:03.973+0200] {dagbag.py:539} INFO - Filling up the DagBag from /home/frederic/airflow_venv/lib/python3.10/site-packages/airflow/example_dags/example_complex.py
[2026-05-29T10:18:03.985+0200] {processor.py:839} INFO - DAG(s) dict_keys(['example_complex']) retrieved from /home/frederic/airflow_venv/lib/python3.10/site-packages/airflow/example_dags/example_complex.py
[2026-05-29T10:18:04.010+0200] {logging_mixin.py:151} INFO - [2026-05-29T10:18:04.010+0200] {dag.py:2915} INFO - Sync 1 DAGs
[2026-05-29T10:18:04.020+0200] {logging_mixin.py:151} INFO - [2026-05-29T10:18:04.019+0200] {dag.py:3696} INFO - Setting next_dagrun for example_complex to None, run_after=None
[2026-05-29T10:18:04.035+0200] {processor.py:179} INFO - Processing /home/frederic/airflow_venv/lib/python3.10/site-packages/airflow/example_dags/example_complex.py took 0.065 seconds
[2026-05-29T10:18:48.386+0200] {processor.py:157} INFO - Started process (PID=701072) to work on /home/frederic/airflow_venv/lib/python3.10/site-packages/airflow/example_dags/example_complex.py
[2026-05-29T10:18:48.388+0200] {processor.py:829} INFO - Processing file /home/frederic/airflow_venv/lib/python3.10/site-packages/airflow/example_dags/example_complex.py for tasks to queue
[2026-05-29T10:18:48.389+0200] {logging_mixin.py:151} INFO - [2026-05-29T10:18:48.388+0200] {dagbag.py:539} INFO - Filling up the DagBag from /home/frederic/airflow_venv/lib/python3.10/site-packages/airflow/example_dags/example_complex.py
[2026-05-29T10:18:48.399+0200] {processor.py:839} INFO - DAG(s) dict_keys(['example_complex']) retrieved from /home/frederic/airflow_venv/lib/python3.10/site-packages/airflow/example_dags/example_complex.py
[2026-05-29T10:18:48.427+0200] {logging_mixin.py:151} INFO - [2026-05-29T10:18:48.427+0200] {dag.py:2915} INFO - Sync 1 DAGs
[2026-05-29T10:18:48.437+0200] {logging_mixin.py:151} INFO - [2026-05-29T10:18:48.436+0200] {dag.py:3696} INFO - Setting next_dagrun for example_complex to None, run_after=None
[2026-05-29T10:18:48.453+0200] {processor.py:179} INFO - Processing /home/frederic/airflow_venv/lib/python3.10/site-packages/airflow/example_dags/example_complex.py took 0.069 seconds
[2026-05-29T10:19:36.869+0200] {processor.py:157} INFO - Started process (PID=701539) to work on /home/frederic/airflow_venv/lib/python3.10/site-packages/airflow/example_dags/example_complex.py
[2026-05-29T10:19:36.870+0200] {processor.py:829} INFO - Processing file /home/frederic/airflow_venv/lib/python3.10/site-packages/airflow/example_dags/example_complex.py for tasks to queue
[2026-05-29T10:19:36.870+0200] {logging_mixin.py:151} INFO - [2026-05-29T10:19:36.870+0200] {dagbag.py:539} INFO - Filling up the DagBag from /home/frederic/airflow_venv/lib/python3.10/site-packages/airflow/example_dags/example_complex.py
[2026-05-29T10:19:36.879+0200] {processor.py:839} INFO - DAG(s) dict_keys(['example_complex']) retrieved from /home/frederic/airflow_venv/lib/python3.10/site-packages/airflow/example_dags/example_complex.py
[2026-05-29T10:19:36.901+0200] {logging_mixin.py:151} INFO - [2026-05-29T10:19:36.901+0200] {dag.py:2915} INFO - Sync 1 DAGs
[2026-05-29T10:19:36.910+0200] {logging_mixin.py:151} INFO - [2026-05-29T10:19:36.910+0200] {dag.py:3696} INFO - Setting next_dagrun for example_complex to None, run_after=None
[2026-05-29T10:19:36.928+0200] {processor.py:179} INFO - Processing /home/frederic/airflow_venv/lib/python3.10/site-packages/airflow/example_dags/example_complex.py took 0.061 seconds
[2026-05-29T10:20:25.804+0200] {processor.py:157} INFO - Started process (PID=702212) to work on /home/frederic/airflow_venv/lib/python3.10/site-packages/airflow/example_dags/example_complex.py
[2026-05-29T10:20:25.805+0200] {processor.py:829} INFO - Processing file /home/frederic/airflow_venv/lib/python3.10/site-packages/airflow/example_dags/example_complex.py for tasks to queue
[2026-05-29T10:20:25.806+0200] {logging_mixin.py:151} INFO - [2026-05-29T10:20:25.805+0200] {dagbag.py:539} INFO - Filling up the DagBag from /home/frederic/airflow_venv/lib/python3.10/site-packages/airflow/example_dags/example_complex.py
[2026-05-29T10:20:25.815+0200] {processor.py:839} INFO - DAG(s) dict_keys(['example_complex']) retrieved from /home/frederic/airflow_venv/lib/python3.10/site-packages/airflow/example_dags/example_complex.py
[2026-05-29T10:20:25.838+0200] {logging_mixin.py:151} INFO - [2026-05-29T10:20:25.837+0200] {dag.py:2915} INFO - Sync 1 DAGs
[2026-05-29T10:20:25.847+0200] {logging_mixin.py:151} INFO - [2026-05-29T10:20:25.847+0200] {dag.py:3696} INFO - Setting next_dagrun for example_complex to None, run_after=None
[2026-05-29T10:20:25.861+0200] {processor.py:179} INFO - Processing /home/frederic/airflow_venv/lib/python3.10/site-packages/airflow/example_dags/example_complex.py took 0.060 seconds
[2026-05-29T10:21:16.210+0200] {processor.py:157} INFO - Started process (PID=702700) to work on /home/frederic/airflow_venv/lib/python3.10/site-packages/airflow/example_dags/example_complex.py
[2026-05-29T10:21:16.212+0200] {processor.py:829} INFO - Processing file /home/frederic/airflow_venv/lib/python3.10/site-packages/airflow/example_dags/example_complex.py for tasks to queue
[2026-05-29T10:21:16.213+0200] {logging_mixin.py:151} INFO - [2026-05-29T10:21:16.213+0200] {dagbag.py:539} INFO - Filling up the DagBag from /home/frederic/airflow_venv/lib/python3.10/site-packages/airflow/example_dags/example_complex.py
[2026-05-29T10:21:16.224+0200] {processor.py:839} INFO - DAG(s) dict_keys(['example_complex']) retrieved from /home/frederic/airflow_venv/lib/python3.10/site-packages/airflow/example_dags/example_complex.py
[2026-05-29T10:21:16.250+0200] {logging_mixin.py:151} INFO - [2026-05-29T10:21:16.250+0200] {dag.py:2915} INFO - Sync 1 DAGs
[2026-05-29T10:21:16.261+0200] {logging_mixin.py:151} INFO - [2026-05-29T10:21:16.261+0200] {dag.py:3696} INFO - Setting next_dagrun for example_complex to None, run_after=None
[2026-05-29T10:21:16.277+0200] {processor.py:179} INFO - Processing /home/frederic/airflow_venv/lib/python3.10/site-packages/airflow/example_dags/example_complex.py took 0.071 seconds
[2026-05-29T10:22:02.482+0200] {processor.py:157} INFO - Started process (PID=703178) to work on /home/frederic/airflow_venv/lib/python3.10/site-packages/airflow/example_dags/example_complex.py
[2026-05-29T10:22:02.483+0200] {processor.py:829} INFO - Processing file /home/frederic/airflow_venv/lib/python3.10/site-packages/airflow/example_dags/example_complex.py for tasks to queue
[2026-05-29T10:22:02.484+0200] {logging_mixin.py:151} INFO - [2026-05-29T10:22:02.484+0200] {dagbag.py:539} INFO - Filling up the DagBag from /home/frederic/airflow_venv/lib/python3.10/site-packages/airflow/example_dags/example_complex.py
[2026-05-29T10:22:02.493+0200] {processor.py:839} INFO - DAG(s) dict_keys(['example_complex']) retrieved from /home/frederic/airflow_venv/lib/python3.10/site-packages/airflow/example_dags/example_complex.py
[2026-05-29T10:22:02.515+0200] {logging_mixin.py:151} INFO - [2026-05-29T10:22:02.515+0200] {dag.py:2915} INFO - Sync 1 DAGs
[2026-05-29T10:22:02.525+0200] {logging_mixin.py:151} INFO - [2026-05-29T10:22:02.525+0200] {dag.py:3696} INFO - Setting next_dagrun for example_complex to None, run_after=None
[2026-05-29T10:22:02.539+0200] {processor.py:179} INFO - Processing /home/frederic/airflow_venv/lib/python3.10/site-packages/airflow/example_dags/example_complex.py took 0.059 seconds
[2026-05-29T10:22:52.249+0200] {processor.py:157} INFO - Started process (PID=703662) to work on /home/frederic/airflow_venv/lib/python3.10/site-packages/airflow/example_dags/example_complex.py
[2026-05-29T10:22:52.250+0200] {processor.py:829} INFO - Processing file /home/frederic/airflow_venv/lib/python3.10/site-packages/airflow/example_dags/example_complex.py for tasks to queue
[2026-05-29T10:22:52.251+0200] {logging_mixin.py:151} INFO - [2026-05-29T10:22:52.251+0200] {dagbag.py:539} INFO - Filling up the DagBag from /home/frederic/airflow_venv/lib/python3.10/site-packages/airflow/example_dags/example_complex.py
[2026-05-29T10:22:52.262+0200] {processor.py:839} INFO - DAG(s) dict_keys(['example_complex']) retrieved from /home/frederic/airflow_venv/lib/python3.10/site-packages/airflow/example_dags/example_complex.py
[2026-05-29T10:22:52.284+0200] {logging_mixin.py:151} INFO - [2026-05-29T10:22:52.284+0200] {dag.py:2915} INFO - Sync 1 DAGs
[2026-05-29T10:22:52.294+0200] {logging_mixin.py:151} INFO - [2026-05-29T10:22:52.294+0200] {dag.py:3696} INFO - Setting next_dagrun for example_complex to None, run_after=None
[2026-05-29T10:22:52.311+0200] {processor.py:179} INFO - Processing /home/frederic/airflow_venv/lib/python3.10/site-packages/airflow/example_dags/example_complex.py took 0.064 seconds
[2026-05-29T10:23:40.233+0200] {processor.py:157} INFO - Started process (PID=704203) to work on /home/frederic/airflow_venv/lib/python3.10/site-packages/airflow/example_dags/example_complex.py
[2026-05-29T10:23:40.234+0200] {processor.py:829} INFO - Processing file /home/frederic/airflow_venv/lib/python3.10/site-packages/airflow/example_dags/example_complex.py for tasks to queue
[2026-05-29T10:23:40.235+0200] {logging_mixin.py:151} INFO - [2026-05-29T10:23:40.235+0200] {dagbag.py:539} INFO - Filling up the DagBag from /home/frederic/airflow_venv/lib/python3.10/site-packages/airflow/example_dags/example_complex.py
[2026-05-29T10:23:40.249+0200] {processor.py:839} INFO - DAG(s) dict_keys(['example_complex']) retrieved from /home/frederic/airflow_venv/lib/python3.10/site-packages/airflow/example_dags/example_complex.py
[2026-05-29T10:23:40.277+0200] {logging_mixin.py:151} INFO - [2026-05-29T10:23:40.277+0200] {dag.py:2915} INFO - Sync 1 DAGs
[2026-05-29T10:23:40.289+0200] {logging_mixin.py:151} INFO - [2026-05-29T10:23:40.289+0200] {dag.py:3696} INFO - Setting next_dagrun for example_complex to None, run_after=None
[2026-05-29T10:23:40.308+0200] {processor.py:179} INFO - Processing /home/frederic/airflow_venv/lib/python3.10/site-packages/airflow/example_dags/example_complex.py took 0.080 seconds
[2026-05-29T10:24:31.458+0200] {processor.py:157} INFO - Started process (PID=704738) to work on /home/frederic/airflow_venv/lib/python3.10/site-packages/airflow/example_dags/example_complex.py
[2026-05-29T10:24:31.459+0200] {processor.py:829} INFO - Processing file /home/frederic/airflow_venv/lib/python3.10/site-packages/airflow/example_dags/example_complex.py for tasks to queue
[2026-05-29T10:24:31.460+0200] {logging_mixin.py:151} INFO - [2026-05-29T10:24:31.460+0200] {dagbag.py:539} INFO - Filling up the DagBag from /home/frederic/airflow_venv/lib/python3.10/site-packages/airflow/example_dags/example_complex.py
[2026-05-29T10:24:31.470+0200] {processor.py:839} INFO - DAG(s) dict_keys(['example_complex']) retrieved from /home/frederic/airflow_venv/lib/python3.10/site-packages/airflow/example_dags/example_complex.py
[2026-05-29T10:24:31.494+0200] {logging_mixin.py:151} INFO - [2026-05-29T10:24:31.494+0200] {dag.py:2915} INFO - Sync 1 DAGs
[2026-05-29T10:24:31.503+0200] {logging_mixin.py:151} INFO - [2026-05-29T10:24:31.503+0200] {dag.py:3696} INFO - Setting next_dagrun for example_complex to None, run_after=None
[2026-05-29T10:24:31.521+0200] {processor.py:179} INFO - Processing /home/frederic/airflow_venv/lib/python3.10/site-packages/airflow/example_dags/example_complex.py took 0.065 seconds
[2026-05-29T10:25:26.051+0200] {processor.py:157} INFO - Started process (PID=705283) to work on /home/frederic/airflow_venv/lib/python3.10/site-packages/airflow/example_dags/example_complex.py
[2026-05-29T10:25:26.052+0200] {processor.py:829} INFO - Processing file /home/frederic/airflow_venv/lib/python3.10/site-packages/airflow/example_dags/example_complex.py for tasks to queue
[2026-05-29T10:25:26.053+0200] {logging_mixin.py:151} INFO - [2026-05-29T10:25:26.053+0200] {dagbag.py:539} INFO - Filling up the DagBag from /home/frederic/airflow_venv/lib/python3.10/site-packages/airflow/example_dags/example_complex.py
[2026-05-29T10:25:26.062+0200] {processor.py:839} INFO - DAG(s) dict_keys(['example_complex']) retrieved from /home/frederic/airflow_venv/lib/python3.10/site-packages/airflow/example_dags/example_complex.py
[2026-05-29T10:25:26.084+0200] {logging_mixin.py:151} INFO - [2026-05-29T10:25:26.084+0200] {dag.py:2915} INFO - Sync 1 DAGs
[2026-05-29T10:25:26.200+0200] {logging_mixin.py:151} INFO - [2026-05-29T10:25:26.199+0200] {dag.py:3696} INFO - Setting next_dagrun for example_complex to None, run_after=None
[2026-05-29T10:25:26.220+0200] {processor.py:179} INFO - Processing /home/frederic/airflow_venv/lib/python3.10/site-packages/airflow/example_dags/example_complex.py took 0.171 seconds
[2026-05-29T10:26:21.648+0200] {processor.py:157} INFO - Started process (PID=705844) to work on /home/frederic/airflow_venv/lib/python3.10/site-packages/airflow/example_dags/example_complex.py
[2026-05-29T10:26:21.649+0200] {processor.py:829} INFO - Processing file /home/frederic/airflow_venv/lib/python3.10/site-packages/airflow/example_dags/example_complex.py for tasks to queue
[2026-05-29T10:26:21.649+0200] {logging_mixin.py:151} INFO - [2026-05-29T10:26:21.649+0200] {dagbag.py:539} INFO - Filling up the DagBag from /home/frederic/airflow_venv/lib/python3.10/site-packages/airflow/example_dags/example_complex.py
[2026-05-29T10:26:21.659+0200] {processor.py:839} INFO - DAG(s) dict_keys(['example_complex']) retrieved from /home/frederic/airflow_venv/lib/python3.10/site-packages/airflow/example_dags/example_complex.py
[2026-05-29T10:26:21.682+0200] {logging_mixin.py:151} INFO - [2026-05-29T10:26:21.682+0200] {dag.py:2915} INFO - Sync 1 DAGs
[2026-05-29T10:26:21.692+0200] {logging_mixin.py:151} INFO - [2026-05-29T10:26:21.691+0200] {dag.py:3696} INFO - Setting next_dagrun for example_complex to None, run_after=None
[2026-05-29T10:26:21.708+0200] {processor.py:179} INFO - Processing /home/frederic/airflow_venv/lib/python3.10/site-packages/airflow/example_dags/example_complex.py took 0.062 seconds
[2026-05-29T10:27:12.699+0200] {processor.py:157} INFO - Started process (PID=706341) to work on /home/frederic/airflow_venv/lib/python3.10/site-packages/airflow/example_dags/example_complex.py
[2026-05-29T10:27:12.700+0200] {processor.py:829} INFO - Processing file /home/frederic/airflow_venv/lib/python3.10/site-packages/airflow/example_dags/example_complex.py for tasks to queue
[2026-05-29T10:27:12.701+0200] {logging_mixin.py:151} INFO - [2026-05-29T10:27:12.701+0200] {dagbag.py:539} INFO - Filling up the DagBag from /home/frederic/airflow_venv/lib/python3.10/site-packages/airflow/example_dags/example_complex.py
[2026-05-29T10:27:12.710+0200] {processor.py:839} INFO - DAG(s) dict_keys(['example_complex']) retrieved from /home/frederic/airflow_venv/lib/python3.10/site-packages/airflow/example_dags/example_complex.py
[2026-05-29T10:27:12.733+0200] {logging_mixin.py:151} INFO - [2026-05-29T10:27:12.733+0200] {dag.py:2915} INFO - Sync 1 DAGs
[2026-05-29T10:27:12.742+0200] {logging_mixin.py:151} INFO - [2026-05-29T10:27:12.742+0200] {dag.py:3696} INFO - Setting next_dagrun for example_complex to None, run_after=None
[2026-05-29T10:27:12.758+0200] {processor.py:179} INFO - Processing /home/frederic/airflow_venv/lib/python3.10/site-packages/airflow/example_dags/example_complex.py took 0.061 seconds
[2026-05-29T10:27:58.955+0200] {processor.py:157} INFO - Started process (PID=706769) to work on /home/frederic/airflow_venv/lib/python3.10/site-packages/airflow/example_dags/example_complex.py
[2026-05-29T10:27:58.956+0200] {processor.py:829} INFO - Processing file /home/frederic/airflow_venv/lib/python3.10/site-packages/airflow/example_dags/example_complex.py for tasks to queue
[2026-05-29T10:27:58.956+0200] {logging_mixin.py:151} INFO - [2026-05-29T10:27:58.956+0200] {dagbag.py:539} INFO - Filling up the DagBag from /home/frederic/airflow_venv/lib/python3.10/site-packages/airflow/example_dags/example_complex.py
[2026-05-29T10:27:58.966+0200] {processor.py:839} INFO - DAG(s) dict_keys(['example_complex']) retrieved from /home/frederic/airflow_venv/lib/python3.10/site-packages/airflow/example_dags/example_complex.py
[2026-05-29T10:27:58.989+0200] {logging_mixin.py:151} INFO - [2026-05-29T10:27:58.989+0200] {dag.py:2915} INFO - Sync 1 DAGs
[2026-05-29T10:27:59.000+0200] {logging_mixin.py:151} INFO - [2026-05-29T10:27:59.000+0200] {dag.py:3696} INFO - Setting next_dagrun for example_complex to None, run_after=None
[2026-05-29T10:27:59.015+0200] {processor.py:179} INFO - Processing /home/frederic/airflow_venv/lib/python3.10/site-packages/airflow/example_dags/example_complex.py took 0.063 seconds
[2026-05-29T10:28:55.454+0200] {processor.py:157} INFO - Started process (PID=707540) to work on /home/frederic/airflow_venv/lib/python3.10/site-packages/airflow/example_dags/example_complex.py
[2026-05-29T10:28:55.455+0200] {processor.py:829} INFO - Processing file /home/frederic/airflow_venv/lib/python3.10/site-packages/airflow/example_dags/example_complex.py for tasks to queue
[2026-05-29T10:28:55.456+0200] {logging_mixin.py:151} INFO - [2026-05-29T10:28:55.455+0200] {dagbag.py:539} INFO - Filling up the DagBag from /home/frederic/airflow_venv/lib/python3.10/site-packages/airflow/example_dags/example_complex.py
[2026-05-29T10:28:55.465+0200] {processor.py:839} INFO - DAG(s) dict_keys(['example_complex']) retrieved from /home/frederic/airflow_venv/lib/python3.10/site-packages/airflow/example_dags/example_complex.py
[2026-05-29T10:28:55.487+0200] {logging_mixin.py:151} INFO - [2026-05-29T10:28:55.487+0200] {dag.py:2915} INFO - Sync 1 DAGs
[2026-05-29T10:28:55.495+0200] {logging_mixin.py:151} INFO - [2026-05-29T10:28:55.495+0200] {dag.py:3696} INFO - Setting next_dagrun for example_complex to None, run_after=None
[2026-05-29T10:28:55.510+0200] {processor.py:179} INFO - Processing /home/frederic/airflow_venv/lib/python3.10/site-packages/airflow/example_dags/example_complex.py took 0.058 seconds
[2026-05-29T10:29:41.761+0200] {processor.py:157} INFO - Started process (PID=708079) to work on /home/frederic/airflow_venv/lib/python3.10/site-packages/airflow/example_dags/example_complex.py
[2026-05-29T10:29:41.762+0200] {processor.py:829} INFO - Processing file /home/frederic/airflow_venv/lib/python3.10/site-packages/airflow/example_dags/example_complex.py for tasks to queue
[2026-05-29T10:29:41.762+0200] {logging_mixin.py:151} INFO - [2026-05-29T10:29:41.762+0200] {dagbag.py:539} INFO - Filling up the DagBag from /home/frederic/airflow_venv/lib/python3.10/site-packages/airflow/example_dags/example_complex.py
[2026-05-29T10:29:41.772+0200] {processor.py:839} INFO - DAG(s) dict_keys(['example_complex']) retrieved from /home/frederic/airflow_venv/lib/python3.10/site-packages/airflow/example_dags/example_complex.py
[2026-05-29T10:29:41.795+0200] {logging_mixin.py:151} INFO - [2026-05-29T10:29:41.795+0200] {dag.py:2915} INFO - Sync 1 DAGs
[2026-05-29T10:29:41.804+0200] {logging_mixin.py:151} INFO - [2026-05-29T10:29:41.803+0200] {dag.py:3696} INFO - Setting next_dagrun for example_complex to None, run_after=None
[2026-05-29T10:29:41.818+0200] {processor.py:179} INFO - Processing /home/frederic/airflow_venv/lib/python3.10/site-packages/airflow/example_dags/example_complex.py took 0.059 seconds
[2026-05-29T10:30:31.677+0200] {processor.py:157} INFO - Started process (PID=708755) to work on /home/frederic/airflow_venv/lib/python3.10/site-packages/airflow/example_dags/example_complex.py
[2026-05-29T10:30:31.678+0200] {processor.py:829} INFO - Processing file /home/frederic/airflow_venv/lib/python3.10/site-packages/airflow/example_dags/example_complex.py for tasks to queue
[2026-05-29T10:30:31.679+0200] {logging_mixin.py:151} INFO - [2026-05-29T10:30:31.679+0200] {dagbag.py:539} INFO - Filling up the DagBag from /home/frederic/airflow_venv/lib/python3.10/site-packages/airflow/example_dags/example_complex.py
[2026-05-29T10:30:31.690+0200] {processor.py:839} INFO - DAG(s) dict_keys(['example_complex']) retrieved from /home/frederic/airflow_venv/lib/python3.10/site-packages/airflow/example_dags/example_complex.py
[2026-05-29T10:30:31.715+0200] {logging_mixin.py:151} INFO - [2026-05-29T10:30:31.715+0200] {dag.py:2915} INFO - Sync 1 DAGs
[2026-05-29T10:30:31.724+0200] {logging_mixin.py:151} INFO - [2026-05-29T10:30:31.723+0200] {dag.py:3696} INFO - Setting next_dagrun for example_complex to None, run_after=None
[2026-05-29T10:30:31.739+0200] {processor.py:179} INFO - Processing /home/frederic/airflow_venv/lib/python3.10/site-packages/airflow/example_dags/example_complex.py took 0.064 seconds
[2026-05-29T10:31:16.212+0200] {processor.py:157} INFO - Started process (PID=709320) to work on /home/frederic/airflow_venv/lib/python3.10/site-packages/airflow/example_dags/example_complex.py
[2026-05-29T10:31:16.213+0200] {processor.py:829} INFO - Processing file /home/frederic/airflow_venv/lib/python3.10/site-packages/airflow/example_dags/example_complex.py for tasks to queue
[2026-05-29T10:31:16.214+0200] {logging_mixin.py:151} INFO - [2026-05-29T10:31:16.213+0200] {dagbag.py:539} INFO - Filling up the DagBag from /home/frederic/airflow_venv/lib/python3.10/site-packages/airflow/example_dags/example_complex.py
[2026-05-29T10:31:16.225+0200] {processor.py:839} INFO - DAG(s) dict_keys(['example_complex']) retrieved from /home/frederic/airflow_venv/lib/python3.10/site-packages/airflow/example_dags/example_complex.py
[2026-05-29T10:31:16.254+0200] {logging_mixin.py:151} INFO - [2026-05-29T10:31:16.254+0200] {dag.py:2915} INFO - Sync 1 DAGs
[2026-05-29T10:31:16.265+0200] {logging_mixin.py:151} INFO - [2026-05-29T10:31:16.265+0200] {dag.py:3696} INFO - Setting next_dagrun for example_complex to None, run_after=None
[2026-05-29T10:31:16.282+0200] {processor.py:179} INFO - Processing /home/frederic/airflow_venv/lib/python3.10/site-packages/airflow/example_dags/example_complex.py took 0.073 seconds
[2026-05-29T10:32:03.727+0200] {processor.py:157} INFO - Started process (PID=709921) to work on /home/frederic/airflow_venv/lib/python3.10/site-packages/airflow/example_dags/example_complex.py
[2026-05-29T10:32:03.730+0200] {processor.py:829} INFO - Processing file /home/frederic/airflow_venv/lib/python3.10/site-packages/airflow/example_dags/example_complex.py for tasks to queue
[2026-05-29T10:32:03.731+0200] {logging_mixin.py:151} INFO - [2026-05-29T10:32:03.730+0200] {dagbag.py:539} INFO - Filling up the DagBag from /home/frederic/airflow_venv/lib/python3.10/site-packages/airflow/example_dags/example_complex.py
[2026-05-29T10:32:03.741+0200] {processor.py:839} INFO - DAG(s) dict_keys(['example_complex']) retrieved from /home/frederic/airflow_venv/lib/python3.10/site-packages/airflow/example_dags/example_complex.py
[2026-05-29T10:32:03.762+0200] {logging_mixin.py:151} INFO - [2026-05-29T10:32:03.762+0200] {dag.py:2915} INFO - Sync 1 DAGs
[2026-05-29T10:32:03.771+0200] {logging_mixin.py:151} INFO - [2026-05-29T10:32:03.771+0200] {dag.py:3696} INFO - Setting next_dagrun for example_complex to None, run_after=None
[2026-05-29T10:32:03.786+0200] {processor.py:179} INFO - Processing /home/frederic/airflow_venv/lib/python3.10/site-packages/airflow/example_dags/example_complex.py took 0.061 seconds
[2026-05-29T10:32:48.003+0200] {processor.py:157} INFO - Started process (PID=710397) to work on /home/frederic/airflow_venv/lib/python3.10/site-packages/airflow/example_dags/example_complex.py
[2026-05-29T10:32:48.004+0200] {processor.py:829} INFO - Processing file /home/frederic/airflow_venv/lib/python3.10/site-packages/airflow/example_dags/example_complex.py for tasks to queue
[2026-05-29T10:32:48.005+0200] {logging_mixin.py:151} INFO - [2026-05-29T10:32:48.005+0200] {dagbag.py:539} INFO - Filling up the DagBag from /home/frederic/airflow_venv/lib/python3.10/site-packages/airflow/example_dags/example_complex.py
[2026-05-29T10:32:48.018+0200] {processor.py:839} INFO - DAG(s) dict_keys(['example_complex']) retrieved from /home/frederic/airflow_venv/lib/python3.10/site-packages/airflow/example_dags/example_complex.py
[2026-05-29T10:32:48.046+0200] {logging_mixin.py:151} INFO - [2026-05-29T10:32:48.046+0200] {dag.py:2915} INFO - Sync 1 DAGs
[2026-05-29T10:32:48.057+0200] {logging_mixin.py:151} INFO - [2026-05-29T10:32:48.057+0200] {dag.py:3696} INFO - Setting next_dagrun for example_complex to None, run_after=None
[2026-05-29T10:32:48.079+0200] {processor.py:179} INFO - Processing /home/frederic/airflow_venv/lib/python3.10/site-packages/airflow/example_dags/example_complex.py took 0.078 seconds
[2026-05-29T10:33:36.926+0200] {processor.py:157} INFO - Started process (PID=711225) to work on /home/frederic/airflow_venv/lib/python3.10/site-packages/airflow/example_dags/example_complex.py
[2026-05-29T10:33:36.927+0200] {processor.py:829} INFO - Processing file /home/frederic/airflow_venv/lib/python3.10/site-packages/airflow/example_dags/example_complex.py for tasks to queue
[2026-05-29T10:33:36.928+0200] {logging_mixin.py:151} INFO - [2026-05-29T10:33:36.927+0200] {dagbag.py:539} INFO - Filling up the DagBag from /home/frederic/airflow_venv/lib/python3.10/site-packages/airflow/example_dags/example_complex.py
[2026-05-29T10:33:36.937+0200] {processor.py:839} INFO - DAG(s) dict_keys(['example_complex']) retrieved from /home/frederic/airflow_venv/lib/python3.10/site-packages/airflow/example_dags/example_complex.py
[2026-05-29T10:33:36.963+0200] {logging_mixin.py:151} INFO - [2026-05-29T10:33:36.963+0200] {dag.py:2915} INFO - Sync 1 DAGs
[2026-05-29T10:33:36.976+0200] {logging_mixin.py:151} INFO - [2026-05-29T10:33:36.976+0200] {dag.py:3696} INFO - Setting next_dagrun for example_complex to None, run_after=None
[2026-05-29T10:33:36.994+0200] {processor.py:179} INFO - Processing /home/frederic/airflow_venv/lib/python3.10/site-packages/airflow/example_dags/example_complex.py took 0.071 seconds
[2026-05-29T10:34:18.980+0200] {processor.py:157} INFO - Started process (PID=711898) to work on /home/frederic/airflow_venv/lib/python3.10/site-packages/airflow/example_dags/example_complex.py
[2026-05-29T10:34:18.981+0200] {processor.py:829} INFO - Processing file /home/frederic/airflow_venv/lib/python3.10/site-packages/airflow/example_dags/example_complex.py for tasks to queue
[2026-05-29T10:34:18.982+0200] {logging_mixin.py:151} INFO - [2026-05-29T10:34:18.981+0200] {dagbag.py:539} INFO - Filling up the DagBag from /home/frederic/airflow_venv/lib/python3.10/site-packages/airflow/example_dags/example_complex.py
[2026-05-29T10:34:18.991+0200] {processor.py:839} INFO - DAG(s) dict_keys(['example_complex']) retrieved from /home/frederic/airflow_venv/lib/python3.10/site-packages/airflow/example_dags/example_complex.py
[2026-05-29T10:34:19.012+0200] {logging_mixin.py:151} INFO - [2026-05-29T10:34:19.012+0200] {dag.py:2915} INFO - Sync 1 DAGs
[2026-05-29T10:34:19.021+0200] {logging_mixin.py:151} INFO - [2026-05-29T10:34:19.021+0200] {dag.py:3696} INFO - Setting next_dagrun for example_complex to None, run_after=None
[2026-05-29T10:34:19.035+0200] {processor.py:179} INFO - Processing /home/frederic/airflow_venv/lib/python3.10/site-packages/airflow/example_dags/example_complex.py took 0.057 seconds
[2026-05-29T10:35:04.062+0200] {processor.py:157} INFO - Started process (PID=712382) to work on /home/frederic/airflow_venv/lib/python3.10/site-packages/airflow/example_dags/example_complex.py
[2026-05-29T10:35:04.063+0200] {processor.py:829} INFO - Processing file /home/frederic/airflow_venv/lib/python3.10/site-packages/airflow/example_dags/example_complex.py for tasks to queue
[2026-05-29T10:35:04.064+0200] {logging_mixin.py:151} INFO - [2026-05-29T10:35:04.063+0200] {dagbag.py:539} INFO - Filling up the DagBag from /home/frederic/airflow_venv/lib/python3.10/site-packages/airflow/example_dags/example_complex.py
[2026-05-29T10:35:04.073+0200] {processor.py:839} INFO - DAG(s) dict_keys(['example_complex']) retrieved from /home/frederic/airflow_venv/lib/python3.10/site-packages/airflow/example_dags/example_complex.py
[2026-05-29T10:35:04.095+0200] {logging_mixin.py:151} INFO - [2026-05-29T10:35:04.095+0200] {dag.py:2915} INFO - Sync 1 DAGs
[2026-05-29T10:35:04.104+0200] {logging_mixin.py:151} INFO - [2026-05-29T10:35:04.104+0200] {dag.py:3696} INFO - Setting next_dagrun for example_complex to None, run_after=None
[2026-05-29T10:35:04.119+0200] {processor.py:179} INFO - Processing /home/frederic/airflow_venv/lib/python3.10/site-packages/airflow/example_dags/example_complex.py took 0.060 seconds
[2026-05-29T10:35:54.787+0200] {processor.py:157} INFO - Started process (PID=712837) to work on /home/frederic/airflow_venv/lib/python3.10/site-packages/airflow/example_dags/example_complex.py
[2026-05-29T10:35:54.788+0200] {processor.py:829} INFO - Processing file /home/frederic/airflow_venv/lib/python3.10/site-packages/airflow/example_dags/example_complex.py for tasks to queue
[2026-05-29T10:35:54.789+0200] {logging_mixin.py:151} INFO - [2026-05-29T10:35:54.789+0200] {dagbag.py:539} INFO - Filling up the DagBag from /home/frederic/airflow_venv/lib/python3.10/site-packages/airflow/example_dags/example_complex.py
[2026-05-29T10:35:54.803+0200] {processor.py:839} INFO - DAG(s) dict_keys(['example_complex']) retrieved from /home/frederic/airflow_venv/lib/python3.10/site-packages/airflow/example_dags/example_complex.py
[2026-05-29T10:35:54.846+0200] {logging_mixin.py:151} INFO - [2026-05-29T10:35:54.846+0200] {dag.py:2915} INFO - Sync 1 DAGs
[2026-05-29T10:35:54.859+0200] {logging_mixin.py:151} INFO - [2026-05-29T10:35:54.859+0200] {dag.py:3696} INFO - Setting next_dagrun for example_complex to None, run_after=None
[2026-05-29T10:35:54.875+0200] {processor.py:179} INFO - Processing /home/frederic/airflow_venv/lib/python3.10/site-packages/airflow/example_dags/example_complex.py took 0.092 seconds
[2026-05-29T10:36:37.538+0200] {processor.py:157} INFO - Started process (PID=713431) to work on /home/frederic/airflow_venv/lib/python3.10/site-packages/airflow/example_dags/example_complex.py
[2026-05-29T10:36:37.539+0200] {processor.py:829} INFO - Processing file /home/frederic/airflow_venv/lib/python3.10/site-packages/airflow/example_dags/example_complex.py for tasks to queue
[2026-05-29T10:36:37.539+0200] {logging_mixin.py:151} INFO - [2026-05-29T10:36:37.539+0200] {dagbag.py:539} INFO - Filling up the DagBag from /home/frederic/airflow_venv/lib/python3.10/site-packages/airflow/example_dags/example_complex.py
[2026-05-29T10:36:37.549+0200] {processor.py:839} INFO - DAG(s) dict_keys(['example_complex']) retrieved from /home/frederic/airflow_venv/lib/python3.10/site-packages/airflow/example_dags/example_complex.py
[2026-05-29T10:36:37.571+0200] {logging_mixin.py:151} INFO - [2026-05-29T10:36:37.571+0200] {dag.py:2915} INFO - Sync 1 DAGs
[2026-05-29T10:36:37.580+0200] {logging_mixin.py:151} INFO - [2026-05-29T10:36:37.580+0200] {dag.py:3696} INFO - Setting next_dagrun for example_complex to None, run_after=None
[2026-05-29T10:36:37.594+0200] {processor.py:179} INFO - Processing /home/frederic/airflow_venv/lib/python3.10/site-packages/airflow/example_dags/example_complex.py took 0.059 seconds
[2026-05-29T10:37:27.163+0200] {processor.py:157} INFO - Started process (PID=714017) to work on /home/frederic/airflow_venv/lib/python3.10/site-packages/airflow/example_dags/example_complex.py
[2026-05-29T10:37:27.164+0200] {processor.py:829} INFO - Processing file /home/frederic/airflow_venv/lib/python3.10/site-packages/airflow/example_dags/example_complex.py for tasks to queue
[2026-05-29T10:37:27.165+0200] {logging_mixin.py:151} INFO - [2026-05-29T10:37:27.164+0200] {dagbag.py:539} INFO - Filling up the DagBag from /home/frederic/airflow_venv/lib/python3.10/site-packages/airflow/example_dags/example_complex.py
[2026-05-29T10:37:27.173+0200] {processor.py:839} INFO - DAG(s) dict_keys(['example_complex']) retrieved from /home/frederic/airflow_venv/lib/python3.10/site-packages/airflow/example_dags/example_complex.py
[2026-05-29T10:37:27.194+0200] {logging_mixin.py:151} INFO - [2026-05-29T10:37:27.194+0200] {dag.py:2915} INFO - Sync 1 DAGs
[2026-05-29T10:37:27.207+0200] {logging_mixin.py:151} INFO - [2026-05-29T10:37:27.207+0200] {dag.py:3696} INFO - Setting next_dagrun for example_complex to None, run_after=None
[2026-05-29T10:37:27.223+0200] {processor.py:179} INFO - Processing /home/frederic/airflow_venv/lib/python3.10/site-packages/airflow/example_dags/example_complex.py took 0.062 seconds
[2026-05-29T10:38:11.142+0200] {processor.py:157} INFO - Started process (PID=714786) to work on /home/frederic/airflow_venv/lib/python3.10/site-packages/airflow/example_dags/example_complex.py
[2026-05-29T10:38:11.144+0200] {processor.py:829} INFO - Processing file /home/frederic/airflow_venv/lib/python3.10/site-packages/airflow/example_dags/example_complex.py for tasks to queue
[2026-05-29T10:38:11.145+0200] {logging_mixin.py:151} INFO - [2026-05-29T10:38:11.144+0200] {dagbag.py:539} INFO - Filling up the DagBag from /home/frederic/airflow_venv/lib/python3.10/site-packages/airflow/example_dags/example_complex.py
[2026-05-29T10:38:11.155+0200] {processor.py:839} INFO - DAG(s) dict_keys(['example_complex']) retrieved from /home/frederic/airflow_venv/lib/python3.10/site-packages/airflow/example_dags/example_complex.py
[2026-05-29T10:38:11.177+0200] {logging_mixin.py:151} INFO - [2026-05-29T10:38:11.177+0200] {dag.py:2915} INFO - Sync 1 DAGs
[2026-05-29T10:38:11.186+0200] {logging_mixin.py:151} INFO - [2026-05-29T10:38:11.186+0200] {dag.py:3696} INFO - Setting next_dagrun for example_complex to None, run_after=None
[2026-05-29T10:38:11.203+0200] {processor.py:179} INFO - Processing /home/frederic/airflow_venv/lib/python3.10/site-packages/airflow/example_dags/example_complex.py took 0.063 seconds
[2026-05-29T10:38:57.410+0200] {processor.py:157} INFO - Started process (PID=715346) to work on /home/frederic/airflow_venv/lib/python3.10/site-packages/airflow/example_dags/example_complex.py
[2026-05-29T10:38:57.411+0200] {processor.py:829} INFO - Processing file /home/frederic/airflow_venv/lib/python3.10/site-packages/airflow/example_dags/example_complex.py for tasks to queue
[2026-05-29T10:38:57.412+0200] {logging_mixin.py:151} INFO - [2026-05-29T10:38:57.411+0200] {dagbag.py:539} INFO - Filling up the DagBag from /home/frederic/airflow_venv/lib/python3.10/site-packages/airflow/example_dags/example_complex.py
[2026-05-29T10:38:57.423+0200] {processor.py:839} INFO - DAG(s) dict_keys(['example_complex']) retrieved from /home/frederic/airflow_venv/lib/python3.10/site-packages/airflow/example_dags/example_complex.py
[2026-05-29T10:38:57.453+0200] {logging_mixin.py:151} INFO - [2026-05-29T10:38:57.453+0200] {dag.py:2915} INFO - Sync 1 DAGs
[2026-05-29T10:38:57.464+0200] {logging_mixin.py:151} INFO - [2026-05-29T10:38:57.464+0200] {dag.py:3696} INFO - Setting next_dagrun for example_complex to None, run_after=None
[2026-05-29T10:38:57.482+0200] {processor.py:179} INFO - Processing /home/frederic/airflow_venv/lib/python3.10/site-packages/airflow/example_dags/example_complex.py took 0.075 seconds
[2026-05-29T10:39:42.643+0200] {processor.py:157} INFO - Started process (PID=716018) to work on /home/frederic/airflow_venv/lib/python3.10/site-packages/airflow/example_dags/example_complex.py
[2026-05-29T10:39:42.645+0200] {processor.py:829} INFO - Processing file /home/frederic/airflow_venv/lib/python3.10/site-packages/airflow/example_dags/example_complex.py for tasks to queue
[2026-05-29T10:39:42.645+0200] {logging_mixin.py:151} INFO - [2026-05-29T10:39:42.645+0200] {dagbag.py:539} INFO - Filling up the DagBag from /home/frederic/airflow_venv/lib/python3.10/site-packages/airflow/example_dags/example_complex.py
[2026-05-29T10:39:42.656+0200] {processor.py:839} INFO - DAG(s) dict_keys(['example_complex']) retrieved from /home/frederic/airflow_venv/lib/python3.10/site-packages/airflow/example_dags/example_complex.py
[2026-05-29T10:39:42.681+0200] {logging_mixin.py:151} INFO - [2026-05-29T10:39:42.681+0200] {dag.py:2915} INFO - Sync 1 DAGs
[2026-05-29T10:39:42.691+0200] {logging_mixin.py:151} INFO - [2026-05-29T10:39:42.691+0200] {dag.py:3696} INFO - Setting next_dagrun for example_complex to None, run_after=None
[2026-05-29T10:39:42.709+0200] {processor.py:179} INFO - Processing /home/frederic/airflow_venv/lib/python3.10/site-packages/airflow/example_dags/example_complex.py took 0.068 seconds
[2026-05-29T10:40:25.991+0200] {processor.py:157} INFO - Started process (PID=716614) to work on /home/frederic/airflow_venv/lib/python3.10/site-packages/airflow/example_dags/example_complex.py
[2026-05-29T10:40:25.992+0200] {processor.py:829} INFO - Processing file /home/frederic/airflow_venv/lib/python3.10/site-packages/airflow/example_dags/example_complex.py for tasks to queue
[2026-05-29T10:40:25.993+0200] {logging_mixin.py:151} INFO - [2026-05-29T10:40:25.993+0200] {dagbag.py:539} INFO - Filling up the DagBag from /home/frederic/airflow_venv/lib/python3.10/site-packages/airflow/example_dags/example_complex.py
[2026-05-29T10:40:26.002+0200] {processor.py:839} INFO - DAG(s) dict_keys(['example_complex']) retrieved from /home/frederic/airflow_venv/lib/python3.10/site-packages/airflow/example_dags/example_complex.py
[2026-05-29T10:40:26.023+0200] {logging_mixin.py:151} INFO - [2026-05-29T10:40:26.023+0200] {dag.py:2915} INFO - Sync 1 DAGs
[2026-05-29T10:40:26.032+0200] {logging_mixin.py:151} INFO - [2026-05-29T10:40:26.032+0200] {dag.py:3696} INFO - Setting next_dagrun for example_complex to None, run_after=None
[2026-05-29T10:40:26.047+0200] {processor.py:179} INFO - Processing /home/frederic/airflow_venv/lib/python3.10/site-packages/airflow/example_dags/example_complex.py took 0.058 seconds
[2026-05-29T10:41:12.414+0200] {processor.py:157} INFO - Started process (PID=717115) to work on /home/frederic/airflow_venv/lib/python3.10/site-packages/airflow/example_dags/example_complex.py
[2026-05-29T10:41:12.415+0200] {processor.py:829} INFO - Processing file /home/frederic/airflow_venv/lib/python3.10/site-packages/airflow/example_dags/example_complex.py for tasks to queue
[2026-05-29T10:41:12.416+0200] {logging_mixin.py:151} INFO - [2026-05-29T10:41:12.415+0200] {dagbag.py:539} INFO - Filling up the DagBag from /home/frederic/airflow_venv/lib/python3.10/site-packages/airflow/example_dags/example_complex.py
[2026-05-29T10:41:12.428+0200] {processor.py:839} INFO - DAG(s) dict_keys(['example_complex']) retrieved from /home/frederic/airflow_venv/lib/python3.10/site-packages/airflow/example_dags/example_complex.py
[2026-05-29T10:41:12.458+0200] {logging_mixin.py:151} INFO - [2026-05-29T10:41:12.457+0200] {dag.py:2915} INFO - Sync 1 DAGs
[2026-05-29T10:41:12.469+0200] {logging_mixin.py:151} INFO - [2026-05-29T10:41:12.469+0200] {dag.py:3696} INFO - Setting next_dagrun for example_complex to None, run_after=None
[2026-05-29T10:41:12.490+0200] {processor.py:179} INFO - Processing /home/frederic/airflow_venv/lib/python3.10/site-packages/airflow/example_dags/example_complex.py took 0.078 seconds
[2026-05-29T10:42:00.068+0200] {processor.py:157} INFO - Started process (PID=717541) to work on /home/frederic/airflow_venv/lib/python3.10/site-packages/airflow/example_dags/example_complex.py
[2026-05-29T10:42:00.070+0200] {processor.py:829} INFO - Processing file /home/frederic/airflow_venv/lib/python3.10/site-packages/airflow/example_dags/example_complex.py for tasks to queue
[2026-05-29T10:42:00.070+0200] {logging_mixin.py:151} INFO - [2026-05-29T10:42:00.070+0200] {dagbag.py:539} INFO - Filling up the DagBag from /home/frederic/airflow_venv/lib/python3.10/site-packages/airflow/example_dags/example_complex.py
[2026-05-29T10:42:00.081+0200] {processor.py:839} INFO - DAG(s) dict_keys(['example_complex']) retrieved from /home/frederic/airflow_venv/lib/python3.10/site-packages/airflow/example_dags/example_complex.py
[2026-05-29T10:42:00.105+0200] {logging_mixin.py:151} INFO - [2026-05-29T10:42:00.104+0200] {dag.py:2915} INFO - Sync 1 DAGs
[2026-05-29T10:42:00.115+0200] {logging_mixin.py:151} INFO - [2026-05-29T10:42:00.115+0200] {dag.py:3696} INFO - Setting next_dagrun for example_complex to None, run_after=None
[2026-05-29T10:42:00.131+0200] {processor.py:179} INFO - Processing /home/frederic/airflow_venv/lib/python3.10/site-packages/airflow/example_dags/example_complex.py took 0.067 seconds
[2026-05-29T10:42:48.046+0200] {processor.py:157} INFO - Started process (PID=718022) to work on /home/frederic/airflow_venv/lib/python3.10/site-packages/airflow/example_dags/example_complex.py
[2026-05-29T10:42:48.047+0200] {processor.py:829} INFO - Processing file /home/frederic/airflow_venv/lib/python3.10/site-packages/airflow/example_dags/example_complex.py for tasks to queue
[2026-05-29T10:42:48.047+0200] {logging_mixin.py:151} INFO - [2026-05-29T10:42:48.047+0200] {dagbag.py:539} INFO - Filling up the DagBag from /home/frederic/airflow_venv/lib/python3.10/site-packages/airflow/example_dags/example_complex.py
[2026-05-29T10:42:48.057+0200] {processor.py:839} INFO - DAG(s) dict_keys(['example_complex']) retrieved from /home/frederic/airflow_venv/lib/python3.10/site-packages/airflow/example_dags/example_complex.py
[2026-05-29T10:42:48.083+0200] {logging_mixin.py:151} INFO - [2026-05-29T10:42:48.083+0200] {dag.py:2915} INFO - Sync 1 DAGs
[2026-05-29T10:42:48.094+0200] {logging_mixin.py:151} INFO - [2026-05-29T10:42:48.093+0200] {dag.py:3696} INFO - Setting next_dagrun for example_complex to None, run_after=None
[2026-05-29T10:42:48.109+0200] {processor.py:179} INFO - Processing /home/frederic/airflow_venv/lib/python3.10/site-packages/airflow/example_dags/example_complex.py took 0.067 seconds
[2026-05-29T10:43:45.835+0200] {processor.py:157} INFO - Started process (PID=718699) to work on /home/frederic/airflow_venv/lib/python3.10/site-packages/airflow/example_dags/example_complex.py
[2026-05-29T10:43:45.836+0200] {processor.py:829} INFO - Processing file /home/frederic/airflow_venv/lib/python3.10/site-packages/airflow/example_dags/example_complex.py for tasks to queue
[2026-05-29T10:43:45.837+0200] {logging_mixin.py:151} INFO - [2026-05-29T10:43:45.836+0200] {dagbag.py:539} INFO - Filling up the DagBag from /home/frederic/airflow_venv/lib/python3.10/site-packages/airflow/example_dags/example_complex.py
[2026-05-29T10:43:45.848+0200] {processor.py:839} INFO - DAG(s) dict_keys(['example_complex']) retrieved from /home/frederic/airflow_venv/lib/python3.10/site-packages/airflow/example_dags/example_complex.py
[2026-05-29T10:43:45.869+0200] {logging_mixin.py:151} INFO - [2026-05-29T10:43:45.869+0200] {dag.py:2915} INFO - Sync 1 DAGs
[2026-05-29T10:43:45.880+0200] {logging_mixin.py:151} INFO - [2026-05-29T10:43:45.880+0200] {dag.py:3696} INFO - Setting next_dagrun for example_complex to None, run_after=None
[2026-05-29T10:43:45.896+0200] {processor.py:179} INFO - Processing /home/frederic/airflow_venv/lib/python3.10/site-packages/airflow/example_dags/example_complex.py took 0.063 seconds
[2026-05-29T10:44:30.960+0200] {processor.py:157} INFO - Started process (PID=719244) to work on /home/frederic/airflow_venv/lib/python3.10/site-packages/airflow/example_dags/example_complex.py
[2026-05-29T10:44:30.961+0200] {processor.py:829} INFO - Processing file /home/frederic/airflow_venv/lib/python3.10/site-packages/airflow/example_dags/example_complex.py for tasks to queue
[2026-05-29T10:44:30.962+0200] {logging_mixin.py:151} INFO - [2026-05-29T10:44:30.961+0200] {dagbag.py:539} INFO - Filling up the DagBag from /home/frederic/airflow_venv/lib/python3.10/site-packages/airflow/example_dags/example_complex.py
[2026-05-29T10:44:30.973+0200] {processor.py:839} INFO - DAG(s) dict_keys(['example_complex']) retrieved from /home/frederic/airflow_venv/lib/python3.10/site-packages/airflow/example_dags/example_complex.py
[2026-05-29T10:44:30.998+0200] {logging_mixin.py:151} INFO - [2026-05-29T10:44:30.998+0200] {dag.py:2915} INFO - Sync 1 DAGs
[2026-05-29T10:44:31.008+0200] {logging_mixin.py:151} INFO - [2026-05-29T10:44:31.008+0200] {dag.py:3696} INFO - Setting next_dagrun for example_complex to None, run_after=None
[2026-05-29T10:44:31.024+0200] {processor.py:179} INFO - Processing /home/frederic/airflow_venv/lib/python3.10/site-packages/airflow/example_dags/example_complex.py took 0.066 seconds
[2026-05-29T10:45:21.066+0200] {processor.py:157} INFO - Started process (PID=720063) to work on /home/frederic/airflow_venv/lib/python3.10/site-packages/airflow/example_dags/example_complex.py
[2026-05-29T10:45:21.067+0200] {processor.py:829} INFO - Processing file /home/frederic/airflow_venv/lib/python3.10/site-packages/airflow/example_dags/example_complex.py for tasks to queue
[2026-05-29T10:45:21.067+0200] {logging_mixin.py:151} INFO - [2026-05-29T10:45:21.067+0200] {dagbag.py:539} INFO - Filling up the DagBag from /home/frederic/airflow_venv/lib/python3.10/site-packages/airflow/example_dags/example_complex.py
[2026-05-29T10:45:21.076+0200] {processor.py:839} INFO - DAG(s) dict_keys(['example_complex']) retrieved from /home/frederic/airflow_venv/lib/python3.10/site-packages/airflow/example_dags/example_complex.py
[2026-05-29T10:45:21.098+0200] {logging_mixin.py:151} INFO - [2026-05-29T10:45:21.098+0200] {dag.py:2915} INFO - Sync 1 DAGs
[2026-05-29T10:45:21.107+0200] {logging_mixin.py:151} INFO - [2026-05-29T10:45:21.107+0200] {dag.py:3696} INFO - Setting next_dagrun for example_complex to None, run_after=None
[2026-05-29T10:45:21.122+0200] {processor.py:179} INFO - Processing /home/frederic/airflow_venv/lib/python3.10/site-packages/airflow/example_dags/example_complex.py took 0.059 seconds
[2026-05-29T10:46:05.372+0200] {processor.py:157} INFO - Started process (PID=720498) to work on /home/frederic/airflow_venv/lib/python3.10/site-packages/airflow/example_dags/example_complex.py
[2026-05-29T10:46:05.373+0200] {processor.py:829} INFO - Processing file /home/frederic/airflow_venv/lib/python3.10/site-packages/airflow/example_dags/example_complex.py for tasks to queue
[2026-05-29T10:46:05.374+0200] {logging_mixin.py:151} INFO - [2026-05-29T10:46:05.374+0200] {dagbag.py:539} INFO - Filling up the DagBag from /home/frederic/airflow_venv/lib/python3.10/site-packages/airflow/example_dags/example_complex.py
[2026-05-29T10:46:05.385+0200] {processor.py:839} INFO - DAG(s) dict_keys(['example_complex']) retrieved from /home/frederic/airflow_venv/lib/python3.10/site-packages/airflow/example_dags/example_complex.py
[2026-05-29T10:46:05.409+0200] {logging_mixin.py:151} INFO - [2026-05-29T10:46:05.408+0200] {dag.py:2915} INFO - Sync 1 DAGs
[2026-05-29T10:46:05.417+0200] {logging_mixin.py:151} INFO - [2026-05-29T10:46:05.417+0200] {dag.py:3696} INFO - Setting next_dagrun for example_complex to None, run_after=None
[2026-05-29T10:46:05.435+0200] {processor.py:179} INFO - Processing /home/frederic/airflow_venv/lib/python3.10/site-packages/airflow/example_dags/example_complex.py took 0.065 seconds
[2026-05-29T10:46:55.304+0200] {processor.py:157} INFO - Started process (PID=721049) to work on /home/frederic/airflow_venv/lib/python3.10/site-packages/airflow/example_dags/example_complex.py
[2026-05-29T10:46:55.305+0200] {processor.py:829} INFO - Processing file /home/frederic/airflow_venv/lib/python3.10/site-packages/airflow/example_dags/example_complex.py for tasks to queue
[2026-05-29T10:46:55.305+0200] {logging_mixin.py:151} INFO - [2026-05-29T10:46:55.305+0200] {dagbag.py:539} INFO - Filling up the DagBag from /home/frederic/airflow_venv/lib/python3.10/site-packages/airflow/example_dags/example_complex.py
[2026-05-29T10:46:55.317+0200] {processor.py:839} INFO - DAG(s) dict_keys(['example_complex']) retrieved from /home/frederic/airflow_venv/lib/python3.10/site-packages/airflow/example_dags/example_complex.py
[2026-05-29T10:46:55.343+0200] {logging_mixin.py:151} INFO - [2026-05-29T10:46:55.342+0200] {dag.py:2915} INFO - Sync 1 DAGs
[2026-05-29T10:46:55.352+0200] {logging_mixin.py:151} INFO - [2026-05-29T10:46:55.352+0200] {dag.py:3696} INFO - Setting next_dagrun for example_complex to None, run_after=None
[2026-05-29T10:46:55.366+0200] {processor.py:179} INFO - Processing /home/frederic/airflow_venv/lib/python3.10/site-packages/airflow/example_dags/example_complex.py took 0.065 seconds
[2026-05-29T10:47:46.518+0200] {processor.py:157} INFO - Started process (PID=722056) to work on /home/frederic/airflow_venv/lib/python3.10/site-packages/airflow/example_dags/example_complex.py
[2026-05-29T10:47:46.519+0200] {processor.py:829} INFO - Processing file /home/frederic/airflow_venv/lib/python3.10/site-packages/airflow/example_dags/example_complex.py for tasks to queue
[2026-05-29T10:47:46.520+0200] {logging_mixin.py:151} INFO - [2026-05-29T10:47:46.519+0200] {dagbag.py:539} INFO - Filling up the DagBag from /home/frederic/airflow_venv/lib/python3.10/site-packages/airflow/example_dags/example_complex.py
[2026-05-29T10:47:46.529+0200] {processor.py:839} INFO - DAG(s) dict_keys(['example_complex']) retrieved from /home/frederic/airflow_venv/lib/python3.10/site-packages/airflow/example_dags/example_complex.py
[2026-05-29T10:47:46.552+0200] {logging_mixin.py:151} INFO - [2026-05-29T10:47:46.552+0200] {dag.py:2915} INFO - Sync 1 DAGs
[2026-05-29T10:47:46.562+0200] {logging_mixin.py:151} INFO - [2026-05-29T10:47:46.562+0200] {dag.py:3696} INFO - Setting next_dagrun for example_complex to None, run_after=None
[2026-05-29T10:47:46.577+0200] {processor.py:179} INFO - Processing /home/frederic/airflow_venv/lib/python3.10/site-packages/airflow/example_dags/example_complex.py took 0.062 seconds
[2026-05-29T10:48:28.885+0200] {processor.py:157} INFO - Started process (PID=722574) to work on /home/frederic/airflow_venv/lib/python3.10/site-packages/airflow/example_dags/example_complex.py
[2026-05-29T10:48:28.886+0200] {processor.py:829} INFO - Processing file /home/frederic/airflow_venv/lib/python3.10/site-packages/airflow/example_dags/example_complex.py for tasks to queue
[2026-05-29T10:48:28.887+0200] {logging_mixin.py:151} INFO - [2026-05-29T10:48:28.886+0200] {dagbag.py:539} INFO - Filling up the DagBag from /home/frederic/airflow_venv/lib/python3.10/site-packages/airflow/example_dags/example_complex.py
[2026-05-29T10:48:28.896+0200] {processor.py:839} INFO - DAG(s) dict_keys(['example_complex']) retrieved from /home/frederic/airflow_venv/lib/python3.10/site-packages/airflow/example_dags/example_complex.py
[2026-05-29T10:48:28.920+0200] {logging_mixin.py:151} INFO - [2026-05-29T10:48:28.920+0200] {dag.py:2915} INFO - Sync 1 DAGs
[2026-05-29T10:48:28.929+0200] {logging_mixin.py:151} INFO - [2026-05-29T10:48:28.929+0200] {dag.py:3696} INFO - Setting next_dagrun for example_complex to None, run_after=None
[2026-05-29T10:48:28.948+0200] {processor.py:179} INFO - Processing /home/frederic/airflow_venv/lib/python3.10/site-packages/airflow/example_dags/example_complex.py took 0.065 seconds
[2026-05-29T10:49:16.560+0200] {processor.py:157} INFO - Started process (PID=723098) to work on /home/frederic/airflow_venv/lib/python3.10/site-packages/airflow/example_dags/example_complex.py
[2026-05-29T10:49:16.561+0200] {processor.py:829} INFO - Processing file /home/frederic/airflow_venv/lib/python3.10/site-packages/airflow/example_dags/example_complex.py for tasks to queue
[2026-05-29T10:49:16.562+0200] {logging_mixin.py:151} INFO - [2026-05-29T10:49:16.562+0200] {dagbag.py:539} INFO - Filling up the DagBag from /home/frederic/airflow_venv/lib/python3.10/site-packages/airflow/example_dags/example_complex.py
[2026-05-29T10:49:16.572+0200] {processor.py:839} INFO - DAG(s) dict_keys(['example_complex']) retrieved from /home/frederic/airflow_venv/lib/python3.10/site-packages/airflow/example_dags/example_complex.py
[2026-05-29T10:49:16.609+0200] {logging_mixin.py:151} INFO - [2026-05-29T10:49:16.608+0200] {dag.py:2915} INFO - Sync 1 DAGs
[2026-05-29T10:49:16.620+0200] {logging_mixin.py:151} INFO - [2026-05-29T10:49:16.620+0200] {dag.py:3696} INFO - Setting next_dagrun for example_complex to None, run_after=None
[2026-05-29T10:49:16.636+0200] {processor.py:179} INFO - Processing /home/frederic/airflow_venv/lib/python3.10/site-packages/airflow/example_dags/example_complex.py took 0.078 seconds
[2026-05-29T10:50:05.272+0200] {processor.py:157} INFO - Started process (PID=723593) to work on /home/frederic/airflow_venv/lib/python3.10/site-packages/airflow/example_dags/example_complex.py
[2026-05-29T10:50:05.274+0200] {processor.py:829} INFO - Processing file /home/frederic/airflow_venv/lib/python3.10/site-packages/airflow/example_dags/example_complex.py for tasks to queue
[2026-05-29T10:50:05.274+0200] {logging_mixin.py:151} INFO - [2026-05-29T10:50:05.274+0200] {dagbag.py:539} INFO - Filling up the DagBag from /home/frederic/airflow_venv/lib/python3.10/site-packages/airflow/example_dags/example_complex.py
[2026-05-29T10:50:05.287+0200] {processor.py:839} INFO - DAG(s) dict_keys(['example_complex']) retrieved from /home/frederic/airflow_venv/lib/python3.10/site-packages/airflow/example_dags/example_complex.py
[2026-05-29T10:50:05.311+0200] {logging_mixin.py:151} INFO - [2026-05-29T10:50:05.311+0200] {dag.py:2915} INFO - Sync 1 DAGs
[2026-05-29T10:50:05.321+0200] {logging_mixin.py:151} INFO - [2026-05-29T10:50:05.321+0200] {dag.py:3696} INFO - Setting next_dagrun for example_complex to None, run_after=None
[2026-05-29T10:50:05.340+0200] {processor.py:179} INFO - Processing /home/frederic/airflow_venv/lib/python3.10/site-packages/airflow/example_dags/example_complex.py took 0.070 seconds
[2026-05-29T10:50:51.606+0200] {processor.py:157} INFO - Started process (PID=724035) to work on /home/frederic/airflow_venv/lib/python3.10/site-packages/airflow/example_dags/example_complex.py
[2026-05-29T10:50:51.607+0200] {processor.py:829} INFO - Processing file /home/frederic/airflow_venv/lib/python3.10/site-packages/airflow/example_dags/example_complex.py for tasks to queue
[2026-05-29T10:50:51.608+0200] {logging_mixin.py:151} INFO - [2026-05-29T10:50:51.607+0200] {dagbag.py:539} INFO - Filling up the DagBag from /home/frederic/airflow_venv/lib/python3.10/site-packages/airflow/example_dags/example_complex.py
[2026-05-29T10:50:51.618+0200] {processor.py:839} INFO - DAG(s) dict_keys(['example_complex']) retrieved from /home/frederic/airflow_venv/lib/python3.10/site-packages/airflow/example_dags/example_complex.py
[2026-05-29T10:50:51.643+0200] {logging_mixin.py:151} INFO - [2026-05-29T10:50:51.642+0200] {dag.py:2915} INFO - Sync 1 DAGs
[2026-05-29T10:50:51.652+0200] {logging_mixin.py:151} INFO - [2026-05-29T10:50:51.652+0200] {dag.py:3696} INFO - Setting next_dagrun for example_complex to None, run_after=None
[2026-05-29T10:50:51.667+0200] {processor.py:179} INFO - Processing /home/frederic/airflow_venv/lib/python3.10/site-packages/airflow/example_dags/example_complex.py took 0.063 seconds
