[2026-05-29T01:36:37.902+0200] {processor.py:157} INFO - Started process (PID=593780) to work on /home/frederic/airflow_venv/lib/python3.10/site-packages/airflow/example_dags/plugins/event_listener.py
[2026-05-29T01:36:37.903+0200] {processor.py:829} INFO - Processing file /home/frederic/airflow_venv/lib/python3.10/site-packages/airflow/example_dags/plugins/event_listener.py for tasks to queue
[2026-05-29T01:36:37.904+0200] {logging_mixin.py:151} INFO - [2026-05-29T01:36:37.904+0200] {dagbag.py:539} INFO - Filling up the DagBag from /home/frederic/airflow_venv/lib/python3.10/site-packages/airflow/example_dags/plugins/event_listener.py
[2026-05-29T01:36:37.906+0200] {processor.py:841} WARNING - No viable dags retrieved from /home/frederic/airflow_venv/lib/python3.10/site-packages/airflow/example_dags/plugins/event_listener.py
[2026-05-29T01:36:37.913+0200] {processor.py:179} INFO - Processing /home/frederic/airflow_venv/lib/python3.10/site-packages/airflow/example_dags/plugins/event_listener.py took 0.013 seconds
[2026-05-29T01:37:25.088+0200] {processor.py:157} INFO - Started process (PID=594808) to work on /home/frederic/airflow_venv/lib/python3.10/site-packages/airflow/example_dags/plugins/event_listener.py
[2026-05-29T01:37:25.089+0200] {processor.py:829} INFO - Processing file /home/frederic/airflow_venv/lib/python3.10/site-packages/airflow/example_dags/plugins/event_listener.py for tasks to queue
[2026-05-29T01:37:25.090+0200] {logging_mixin.py:151} INFO - [2026-05-29T01:37:25.089+0200] {dagbag.py:539} INFO - Filling up the DagBag from /home/frederic/airflow_venv/lib/python3.10/site-packages/airflow/example_dags/plugins/event_listener.py
[2026-05-29T01:37:25.092+0200] {processor.py:841} WARNING - No viable dags retrieved from /home/frederic/airflow_venv/lib/python3.10/site-packages/airflow/example_dags/plugins/event_listener.py
[2026-05-29T01:37:25.104+0200] {processor.py:179} INFO - Processing /home/frederic/airflow_venv/lib/python3.10/site-packages/airflow/example_dags/plugins/event_listener.py took 0.019 seconds
[2026-05-29T01:38:08.934+0200] {processor.py:157} INFO - Started process (PID=595510) to work on /home/frederic/airflow_venv/lib/python3.10/site-packages/airflow/example_dags/plugins/event_listener.py
[2026-05-29T01:38:08.935+0200] {processor.py:829} INFO - Processing file /home/frederic/airflow_venv/lib/python3.10/site-packages/airflow/example_dags/plugins/event_listener.py for tasks to queue
[2026-05-29T01:38:08.936+0200] {logging_mixin.py:151} INFO - [2026-05-29T01:38:08.936+0200] {dagbag.py:539} INFO - Filling up the DagBag from /home/frederic/airflow_venv/lib/python3.10/site-packages/airflow/example_dags/plugins/event_listener.py
[2026-05-29T01:38:08.938+0200] {processor.py:841} WARNING - No viable dags retrieved from /home/frederic/airflow_venv/lib/python3.10/site-packages/airflow/example_dags/plugins/event_listener.py
[2026-05-29T01:38:08.945+0200] {processor.py:179} INFO - Processing /home/frederic/airflow_venv/lib/python3.10/site-packages/airflow/example_dags/plugins/event_listener.py took 0.013 seconds
[2026-05-29T01:38:52.903+0200] {processor.py:157} INFO - Started process (PID=596600) to work on /home/frederic/airflow_venv/lib/python3.10/site-packages/airflow/example_dags/plugins/event_listener.py
[2026-05-29T01:38:52.904+0200] {processor.py:829} INFO - Processing file /home/frederic/airflow_venv/lib/python3.10/site-packages/airflow/example_dags/plugins/event_listener.py for tasks to queue
[2026-05-29T01:38:52.904+0200] {logging_mixin.py:151} INFO - [2026-05-29T01:38:52.904+0200] {dagbag.py:539} INFO - Filling up the DagBag from /home/frederic/airflow_venv/lib/python3.10/site-packages/airflow/example_dags/plugins/event_listener.py
[2026-05-29T01:38:52.906+0200] {processor.py:841} WARNING - No viable dags retrieved from /home/frederic/airflow_venv/lib/python3.10/site-packages/airflow/example_dags/plugins/event_listener.py
[2026-05-29T01:38:52.919+0200] {processor.py:179} INFO - Processing /home/frederic/airflow_venv/lib/python3.10/site-packages/airflow/example_dags/plugins/event_listener.py took 0.019 seconds
[2026-05-29T01:39:39.352+0200] {processor.py:157} INFO - Started process (PID=597674) to work on /home/frederic/airflow_venv/lib/python3.10/site-packages/airflow/example_dags/plugins/event_listener.py
[2026-05-29T01:39:39.353+0200] {processor.py:829} INFO - Processing file /home/frederic/airflow_venv/lib/python3.10/site-packages/airflow/example_dags/plugins/event_listener.py for tasks to queue
[2026-05-29T01:39:39.353+0200] {logging_mixin.py:151} INFO - [2026-05-29T01:39:39.353+0200] {dagbag.py:539} INFO - Filling up the DagBag from /home/frederic/airflow_venv/lib/python3.10/site-packages/airflow/example_dags/plugins/event_listener.py
[2026-05-29T01:39:39.355+0200] {processor.py:841} WARNING - No viable dags retrieved from /home/frederic/airflow_venv/lib/python3.10/site-packages/airflow/example_dags/plugins/event_listener.py
[2026-05-29T01:39:39.362+0200] {processor.py:179} INFO - Processing /home/frederic/airflow_venv/lib/python3.10/site-packages/airflow/example_dags/plugins/event_listener.py took 0.012 seconds
[2026-05-29T01:40:11.625+0200] {processor.py:157} INFO - Started process (PID=598465) to work on /home/frederic/airflow_venv/lib/python3.10/site-packages/airflow/example_dags/plugins/event_listener.py
[2026-05-29T01:40:11.626+0200] {processor.py:829} INFO - Processing file /home/frederic/airflow_venv/lib/python3.10/site-packages/airflow/example_dags/plugins/event_listener.py for tasks to queue
[2026-05-29T01:40:11.627+0200] {logging_mixin.py:151} INFO - [2026-05-29T01:40:11.626+0200] {dagbag.py:539} INFO - Filling up the DagBag from /home/frederic/airflow_venv/lib/python3.10/site-packages/airflow/example_dags/plugins/event_listener.py
[2026-05-29T01:40:11.629+0200] {processor.py:841} WARNING - No viable dags retrieved from /home/frederic/airflow_venv/lib/python3.10/site-packages/airflow/example_dags/plugins/event_listener.py
[2026-05-29T01:40:11.641+0200] {processor.py:179} INFO - Processing /home/frederic/airflow_venv/lib/python3.10/site-packages/airflow/example_dags/plugins/event_listener.py took 0.019 seconds
[2026-05-29T01:40:44.843+0200] {processor.py:157} INFO - Started process (PID=599290) to work on /home/frederic/airflow_venv/lib/python3.10/site-packages/airflow/example_dags/plugins/event_listener.py
[2026-05-29T01:40:44.844+0200] {processor.py:829} INFO - Processing file /home/frederic/airflow_venv/lib/python3.10/site-packages/airflow/example_dags/plugins/event_listener.py for tasks to queue
[2026-05-29T01:40:44.845+0200] {logging_mixin.py:151} INFO - [2026-05-29T01:40:44.845+0200] {dagbag.py:539} INFO - Filling up the DagBag from /home/frederic/airflow_venv/lib/python3.10/site-packages/airflow/example_dags/plugins/event_listener.py
[2026-05-29T01:40:44.847+0200] {processor.py:841} WARNING - No viable dags retrieved from /home/frederic/airflow_venv/lib/python3.10/site-packages/airflow/example_dags/plugins/event_listener.py
[2026-05-29T01:40:44.859+0200] {processor.py:179} INFO - Processing /home/frederic/airflow_venv/lib/python3.10/site-packages/airflow/example_dags/plugins/event_listener.py took 0.019 seconds
[2026-05-29T01:41:28.614+0200] {processor.py:157} INFO - Started process (PID=600459) to work on /home/frederic/airflow_venv/lib/python3.10/site-packages/airflow/example_dags/plugins/event_listener.py
[2026-05-29T01:41:28.618+0200] {processor.py:829} INFO - Processing file /home/frederic/airflow_venv/lib/python3.10/site-packages/airflow/example_dags/plugins/event_listener.py for tasks to queue
[2026-05-29T01:41:28.618+0200] {logging_mixin.py:151} INFO - [2026-05-29T01:41:28.618+0200] {dagbag.py:539} INFO - Filling up the DagBag from /home/frederic/airflow_venv/lib/python3.10/site-packages/airflow/example_dags/plugins/event_listener.py
[2026-05-29T01:41:28.620+0200] {processor.py:841} WARNING - No viable dags retrieved from /home/frederic/airflow_venv/lib/python3.10/site-packages/airflow/example_dags/plugins/event_listener.py
[2026-05-29T01:41:28.628+0200] {processor.py:179} INFO - Processing /home/frederic/airflow_venv/lib/python3.10/site-packages/airflow/example_dags/plugins/event_listener.py took 0.016 seconds
[2026-05-29T01:42:09.263+0200] {processor.py:157} INFO - Started process (PID=601241) to work on /home/frederic/airflow_venv/lib/python3.10/site-packages/airflow/example_dags/plugins/event_listener.py
[2026-05-29T01:42:09.263+0200] {processor.py:829} INFO - Processing file /home/frederic/airflow_venv/lib/python3.10/site-packages/airflow/example_dags/plugins/event_listener.py for tasks to queue
[2026-05-29T01:42:09.264+0200] {logging_mixin.py:151} INFO - [2026-05-29T01:42:09.264+0200] {dagbag.py:539} INFO - Filling up the DagBag from /home/frederic/airflow_venv/lib/python3.10/site-packages/airflow/example_dags/plugins/event_listener.py
[2026-05-29T01:42:09.266+0200] {processor.py:841} WARNING - No viable dags retrieved from /home/frederic/airflow_venv/lib/python3.10/site-packages/airflow/example_dags/plugins/event_listener.py
[2026-05-29T01:42:09.273+0200] {processor.py:179} INFO - Processing /home/frederic/airflow_venv/lib/python3.10/site-packages/airflow/example_dags/plugins/event_listener.py took 0.013 seconds
[2026-05-29T01:42:40.738+0200] {processor.py:157} INFO - Started process (PID=601890) to work on /home/frederic/airflow_venv/lib/python3.10/site-packages/airflow/example_dags/plugins/event_listener.py
[2026-05-29T01:42:40.742+0200] {processor.py:829} INFO - Processing file /home/frederic/airflow_venv/lib/python3.10/site-packages/airflow/example_dags/plugins/event_listener.py for tasks to queue
[2026-05-29T01:42:40.742+0200] {logging_mixin.py:151} INFO - [2026-05-29T01:42:40.742+0200] {dagbag.py:539} INFO - Filling up the DagBag from /home/frederic/airflow_venv/lib/python3.10/site-packages/airflow/example_dags/plugins/event_listener.py
[2026-05-29T01:42:40.744+0200] {processor.py:841} WARNING - No viable dags retrieved from /home/frederic/airflow_venv/lib/python3.10/site-packages/airflow/example_dags/plugins/event_listener.py
[2026-05-29T01:42:40.751+0200] {processor.py:179} INFO - Processing /home/frederic/airflow_venv/lib/python3.10/site-packages/airflow/example_dags/plugins/event_listener.py took 0.015 seconds
[2026-05-29T01:43:13.898+0200] {processor.py:157} INFO - Started process (PID=602444) to work on /home/frederic/airflow_venv/lib/python3.10/site-packages/airflow/example_dags/plugins/event_listener.py
[2026-05-29T01:43:13.899+0200] {processor.py:829} INFO - Processing file /home/frederic/airflow_venv/lib/python3.10/site-packages/airflow/example_dags/plugins/event_listener.py for tasks to queue
[2026-05-29T01:43:13.899+0200] {logging_mixin.py:151} INFO - [2026-05-29T01:43:13.899+0200] {dagbag.py:539} INFO - Filling up the DagBag from /home/frederic/airflow_venv/lib/python3.10/site-packages/airflow/example_dags/plugins/event_listener.py
[2026-05-29T01:43:13.901+0200] {processor.py:841} WARNING - No viable dags retrieved from /home/frederic/airflow_venv/lib/python3.10/site-packages/airflow/example_dags/plugins/event_listener.py
[2026-05-29T01:43:13.910+0200] {processor.py:179} INFO - Processing /home/frederic/airflow_venv/lib/python3.10/site-packages/airflow/example_dags/plugins/event_listener.py took 0.015 seconds
[2026-05-29T01:43:46.981+0200] {processor.py:157} INFO - Started process (PID=603088) to work on /home/frederic/airflow_venv/lib/python3.10/site-packages/airflow/example_dags/plugins/event_listener.py
[2026-05-29T01:43:46.983+0200] {processor.py:829} INFO - Processing file /home/frederic/airflow_venv/lib/python3.10/site-packages/airflow/example_dags/plugins/event_listener.py for tasks to queue
[2026-05-29T01:43:46.983+0200] {logging_mixin.py:151} INFO - [2026-05-29T01:43:46.983+0200] {dagbag.py:539} INFO - Filling up the DagBag from /home/frederic/airflow_venv/lib/python3.10/site-packages/airflow/example_dags/plugins/event_listener.py
[2026-05-29T01:43:46.985+0200] {processor.py:841} WARNING - No viable dags retrieved from /home/frederic/airflow_venv/lib/python3.10/site-packages/airflow/example_dags/plugins/event_listener.py
[2026-05-29T01:43:46.992+0200] {processor.py:179} INFO - Processing /home/frederic/airflow_venv/lib/python3.10/site-packages/airflow/example_dags/plugins/event_listener.py took 0.012 seconds
[2026-05-29T01:44:20.916+0200] {processor.py:157} INFO - Started process (PID=603696) to work on /home/frederic/airflow_venv/lib/python3.10/site-packages/airflow/example_dags/plugins/event_listener.py
[2026-05-29T01:44:20.917+0200] {processor.py:829} INFO - Processing file /home/frederic/airflow_venv/lib/python3.10/site-packages/airflow/example_dags/plugins/event_listener.py for tasks to queue
[2026-05-29T01:44:20.917+0200] {logging_mixin.py:151} INFO - [2026-05-29T01:44:20.917+0200] {dagbag.py:539} INFO - Filling up the DagBag from /home/frederic/airflow_venv/lib/python3.10/site-packages/airflow/example_dags/plugins/event_listener.py
[2026-05-29T01:44:20.919+0200] {processor.py:841} WARNING - No viable dags retrieved from /home/frederic/airflow_venv/lib/python3.10/site-packages/airflow/example_dags/plugins/event_listener.py
[2026-05-29T01:44:20.926+0200] {processor.py:179} INFO - Processing /home/frederic/airflow_venv/lib/python3.10/site-packages/airflow/example_dags/plugins/event_listener.py took 0.013 seconds
[2026-05-29T01:44:53.610+0200] {processor.py:157} INFO - Started process (PID=604863) to work on /home/frederic/airflow_venv/lib/python3.10/site-packages/airflow/example_dags/plugins/event_listener.py
[2026-05-29T01:44:53.611+0200] {processor.py:829} INFO - Processing file /home/frederic/airflow_venv/lib/python3.10/site-packages/airflow/example_dags/plugins/event_listener.py for tasks to queue
[2026-05-29T01:44:53.612+0200] {logging_mixin.py:151} INFO - [2026-05-29T01:44:53.611+0200] {dagbag.py:539} INFO - Filling up the DagBag from /home/frederic/airflow_venv/lib/python3.10/site-packages/airflow/example_dags/plugins/event_listener.py
[2026-05-29T01:44:53.613+0200] {processor.py:841} WARNING - No viable dags retrieved from /home/frederic/airflow_venv/lib/python3.10/site-packages/airflow/example_dags/plugins/event_listener.py
[2026-05-29T01:44:53.621+0200] {processor.py:179} INFO - Processing /home/frederic/airflow_venv/lib/python3.10/site-packages/airflow/example_dags/plugins/event_listener.py took 0.014 seconds
[2026-05-29T01:45:41.037+0200] {processor.py:157} INFO - Started process (PID=606546) to work on /home/frederic/airflow_venv/lib/python3.10/site-packages/airflow/example_dags/plugins/event_listener.py
[2026-05-29T01:45:41.041+0200] {processor.py:829} INFO - Processing file /home/frederic/airflow_venv/lib/python3.10/site-packages/airflow/example_dags/plugins/event_listener.py for tasks to queue
[2026-05-29T01:45:41.041+0200] {logging_mixin.py:151} INFO - [2026-05-29T01:45:41.041+0200] {dagbag.py:539} INFO - Filling up the DagBag from /home/frederic/airflow_venv/lib/python3.10/site-packages/airflow/example_dags/plugins/event_listener.py
[2026-05-29T01:45:41.043+0200] {processor.py:841} WARNING - No viable dags retrieved from /home/frederic/airflow_venv/lib/python3.10/site-packages/airflow/example_dags/plugins/event_listener.py
[2026-05-29T01:45:41.051+0200] {processor.py:179} INFO - Processing /home/frederic/airflow_venv/lib/python3.10/site-packages/airflow/example_dags/plugins/event_listener.py took 0.016 seconds
[2026-05-29T01:46:18.216+0200] {processor.py:157} INFO - Started process (PID=608340) to work on /home/frederic/airflow_venv/lib/python3.10/site-packages/airflow/example_dags/plugins/event_listener.py
[2026-05-29T01:46:18.220+0200] {processor.py:829} INFO - Processing file /home/frederic/airflow_venv/lib/python3.10/site-packages/airflow/example_dags/plugins/event_listener.py for tasks to queue
[2026-05-29T01:46:18.220+0200] {logging_mixin.py:151} INFO - [2026-05-29T01:46:18.220+0200] {dagbag.py:539} INFO - Filling up the DagBag from /home/frederic/airflow_venv/lib/python3.10/site-packages/airflow/example_dags/plugins/event_listener.py
[2026-05-29T01:46:18.222+0200] {processor.py:841} WARNING - No viable dags retrieved from /home/frederic/airflow_venv/lib/python3.10/site-packages/airflow/example_dags/plugins/event_listener.py
[2026-05-29T01:46:18.231+0200] {processor.py:179} INFO - Processing /home/frederic/airflow_venv/lib/python3.10/site-packages/airflow/example_dags/plugins/event_listener.py took 0.017 seconds
[2026-05-29T01:47:01.766+0200] {processor.py:157} INFO - Started process (PID=609626) to work on /home/frederic/airflow_venv/lib/python3.10/site-packages/airflow/example_dags/plugins/event_listener.py
[2026-05-29T01:47:01.769+0200] {processor.py:829} INFO - Processing file /home/frederic/airflow_venv/lib/python3.10/site-packages/airflow/example_dags/plugins/event_listener.py for tasks to queue
[2026-05-29T01:47:01.770+0200] {logging_mixin.py:151} INFO - [2026-05-29T01:47:01.770+0200] {dagbag.py:539} INFO - Filling up the DagBag from /home/frederic/airflow_venv/lib/python3.10/site-packages/airflow/example_dags/plugins/event_listener.py
[2026-05-29T01:47:01.772+0200] {processor.py:841} WARNING - No viable dags retrieved from /home/frederic/airflow_venv/lib/python3.10/site-packages/airflow/example_dags/plugins/event_listener.py
[2026-05-29T01:47:01.779+0200] {processor.py:179} INFO - Processing /home/frederic/airflow_venv/lib/python3.10/site-packages/airflow/example_dags/plugins/event_listener.py took 0.015 seconds
[2026-05-29T01:47:33.788+0200] {processor.py:157} INFO - Started process (PID=610519) to work on /home/frederic/airflow_venv/lib/python3.10/site-packages/airflow/example_dags/plugins/event_listener.py
[2026-05-29T01:47:33.788+0200] {processor.py:829} INFO - Processing file /home/frederic/airflow_venv/lib/python3.10/site-packages/airflow/example_dags/plugins/event_listener.py for tasks to queue
[2026-05-29T01:47:33.789+0200] {logging_mixin.py:151} INFO - [2026-05-29T01:47:33.789+0200] {dagbag.py:539} INFO - Filling up the DagBag from /home/frederic/airflow_venv/lib/python3.10/site-packages/airflow/example_dags/plugins/event_listener.py
[2026-05-29T01:47:33.791+0200] {processor.py:841} WARNING - No viable dags retrieved from /home/frederic/airflow_venv/lib/python3.10/site-packages/airflow/example_dags/plugins/event_listener.py
[2026-05-29T01:47:33.800+0200] {processor.py:179} INFO - Processing /home/frederic/airflow_venv/lib/python3.10/site-packages/airflow/example_dags/plugins/event_listener.py took 0.016 seconds
[2026-05-29T01:48:16.309+0200] {processor.py:157} INFO - Started process (PID=611824) to work on /home/frederic/airflow_venv/lib/python3.10/site-packages/airflow/example_dags/plugins/event_listener.py
[2026-05-29T01:48:16.313+0200] {processor.py:829} INFO - Processing file /home/frederic/airflow_venv/lib/python3.10/site-packages/airflow/example_dags/plugins/event_listener.py for tasks to queue
[2026-05-29T01:48:16.314+0200] {logging_mixin.py:151} INFO - [2026-05-29T01:48:16.313+0200] {dagbag.py:539} INFO - Filling up the DagBag from /home/frederic/airflow_venv/lib/python3.10/site-packages/airflow/example_dags/plugins/event_listener.py
[2026-05-29T01:48:16.315+0200] {processor.py:841} WARNING - No viable dags retrieved from /home/frederic/airflow_venv/lib/python3.10/site-packages/airflow/example_dags/plugins/event_listener.py
[2026-05-29T01:48:16.322+0200] {processor.py:179} INFO - Processing /home/frederic/airflow_venv/lib/python3.10/site-packages/airflow/example_dags/plugins/event_listener.py took 0.015 seconds
[2026-05-29T01:49:01.261+0200] {processor.py:157} INFO - Started process (PID=613000) to work on /home/frederic/airflow_venv/lib/python3.10/site-packages/airflow/example_dags/plugins/event_listener.py
[2026-05-29T01:49:01.264+0200] {processor.py:829} INFO - Processing file /home/frederic/airflow_venv/lib/python3.10/site-packages/airflow/example_dags/plugins/event_listener.py for tasks to queue
[2026-05-29T01:49:01.265+0200] {logging_mixin.py:151} INFO - [2026-05-29T01:49:01.265+0200] {dagbag.py:539} INFO - Filling up the DagBag from /home/frederic/airflow_venv/lib/python3.10/site-packages/airflow/example_dags/plugins/event_listener.py
[2026-05-29T01:49:01.267+0200] {processor.py:841} WARNING - No viable dags retrieved from /home/frederic/airflow_venv/lib/python3.10/site-packages/airflow/example_dags/plugins/event_listener.py
[2026-05-29T01:49:01.277+0200] {processor.py:179} INFO - Processing /home/frederic/airflow_venv/lib/python3.10/site-packages/airflow/example_dags/plugins/event_listener.py took 0.019 seconds
[2026-05-29T01:49:45.057+0200] {processor.py:157} INFO - Started process (PID=614139) to work on /home/frederic/airflow_venv/lib/python3.10/site-packages/airflow/example_dags/plugins/event_listener.py
[2026-05-29T01:49:45.058+0200] {processor.py:829} INFO - Processing file /home/frederic/airflow_venv/lib/python3.10/site-packages/airflow/example_dags/plugins/event_listener.py for tasks to queue
[2026-05-29T01:49:45.058+0200] {logging_mixin.py:151} INFO - [2026-05-29T01:49:45.058+0200] {dagbag.py:539} INFO - Filling up the DagBag from /home/frederic/airflow_venv/lib/python3.10/site-packages/airflow/example_dags/plugins/event_listener.py
[2026-05-29T01:49:45.060+0200] {processor.py:841} WARNING - No viable dags retrieved from /home/frederic/airflow_venv/lib/python3.10/site-packages/airflow/example_dags/plugins/event_listener.py
[2026-05-29T01:49:45.068+0200] {processor.py:179} INFO - Processing /home/frederic/airflow_venv/lib/python3.10/site-packages/airflow/example_dags/plugins/event_listener.py took 0.014 seconds
[2026-05-29T01:50:25.257+0200] {processor.py:157} INFO - Started process (PID=615192) to work on /home/frederic/airflow_venv/lib/python3.10/site-packages/airflow/example_dags/plugins/event_listener.py
[2026-05-29T01:50:25.258+0200] {processor.py:829} INFO - Processing file /home/frederic/airflow_venv/lib/python3.10/site-packages/airflow/example_dags/plugins/event_listener.py for tasks to queue
[2026-05-29T01:50:25.258+0200] {logging_mixin.py:151} INFO - [2026-05-29T01:50:25.258+0200] {dagbag.py:539} INFO - Filling up the DagBag from /home/frederic/airflow_venv/lib/python3.10/site-packages/airflow/example_dags/plugins/event_listener.py
[2026-05-29T01:50:25.260+0200] {processor.py:841} WARNING - No viable dags retrieved from /home/frederic/airflow_venv/lib/python3.10/site-packages/airflow/example_dags/plugins/event_listener.py
[2026-05-29T01:50:25.268+0200] {processor.py:179} INFO - Processing /home/frederic/airflow_venv/lib/python3.10/site-packages/airflow/example_dags/plugins/event_listener.py took 0.014 seconds
[2026-05-29T01:51:04.734+0200] {processor.py:157} INFO - Started process (PID=616399) to work on /home/frederic/airflow_venv/lib/python3.10/site-packages/airflow/example_dags/plugins/event_listener.py
[2026-05-29T01:51:04.735+0200] {processor.py:829} INFO - Processing file /home/frederic/airflow_venv/lib/python3.10/site-packages/airflow/example_dags/plugins/event_listener.py for tasks to queue
[2026-05-29T01:51:04.736+0200] {logging_mixin.py:151} INFO - [2026-05-29T01:51:04.735+0200] {dagbag.py:539} INFO - Filling up the DagBag from /home/frederic/airflow_venv/lib/python3.10/site-packages/airflow/example_dags/plugins/event_listener.py
[2026-05-29T01:51:04.738+0200] {processor.py:841} WARNING - No viable dags retrieved from /home/frederic/airflow_venv/lib/python3.10/site-packages/airflow/example_dags/plugins/event_listener.py
[2026-05-29T01:51:04.746+0200] {processor.py:179} INFO - Processing /home/frederic/airflow_venv/lib/python3.10/site-packages/airflow/example_dags/plugins/event_listener.py took 0.014 seconds
[2026-05-29T01:51:39.234+0200] {processor.py:157} INFO - Started process (PID=617276) to work on /home/frederic/airflow_venv/lib/python3.10/site-packages/airflow/example_dags/plugins/event_listener.py
[2026-05-29T01:51:39.235+0200] {processor.py:829} INFO - Processing file /home/frederic/airflow_venv/lib/python3.10/site-packages/airflow/example_dags/plugins/event_listener.py for tasks to queue
[2026-05-29T01:51:39.236+0200] {logging_mixin.py:151} INFO - [2026-05-29T01:51:39.235+0200] {dagbag.py:539} INFO - Filling up the DagBag from /home/frederic/airflow_venv/lib/python3.10/site-packages/airflow/example_dags/plugins/event_listener.py
[2026-05-29T01:51:39.238+0200] {processor.py:841} WARNING - No viable dags retrieved from /home/frederic/airflow_venv/lib/python3.10/site-packages/airflow/example_dags/plugins/event_listener.py
[2026-05-29T01:51:39.252+0200] {processor.py:179} INFO - Processing /home/frederic/airflow_venv/lib/python3.10/site-packages/airflow/example_dags/plugins/event_listener.py took 0.020 seconds
[2026-05-29T01:52:14.443+0200] {processor.py:157} INFO - Started process (PID=618190) to work on /home/frederic/airflow_venv/lib/python3.10/site-packages/airflow/example_dags/plugins/event_listener.py
[2026-05-29T01:52:14.447+0200] {processor.py:829} INFO - Processing file /home/frederic/airflow_venv/lib/python3.10/site-packages/airflow/example_dags/plugins/event_listener.py for tasks to queue
[2026-05-29T01:52:14.447+0200] {logging_mixin.py:151} INFO - [2026-05-29T01:52:14.447+0200] {dagbag.py:539} INFO - Filling up the DagBag from /home/frederic/airflow_venv/lib/python3.10/site-packages/airflow/example_dags/plugins/event_listener.py
[2026-05-29T01:52:14.449+0200] {processor.py:841} WARNING - No viable dags retrieved from /home/frederic/airflow_venv/lib/python3.10/site-packages/airflow/example_dags/plugins/event_listener.py
[2026-05-29T01:52:14.456+0200] {processor.py:179} INFO - Processing /home/frederic/airflow_venv/lib/python3.10/site-packages/airflow/example_dags/plugins/event_listener.py took 0.016 seconds
[2026-05-29T01:52:59.863+0200] {processor.py:157} INFO - Started process (PID=619722) to work on /home/frederic/airflow_venv/lib/python3.10/site-packages/airflow/example_dags/plugins/event_listener.py
[2026-05-29T01:52:59.864+0200] {processor.py:829} INFO - Processing file /home/frederic/airflow_venv/lib/python3.10/site-packages/airflow/example_dags/plugins/event_listener.py for tasks to queue
[2026-05-29T01:52:59.865+0200] {logging_mixin.py:151} INFO - [2026-05-29T01:52:59.864+0200] {dagbag.py:539} INFO - Filling up the DagBag from /home/frederic/airflow_venv/lib/python3.10/site-packages/airflow/example_dags/plugins/event_listener.py
[2026-05-29T01:52:59.867+0200] {processor.py:841} WARNING - No viable dags retrieved from /home/frederic/airflow_venv/lib/python3.10/site-packages/airflow/example_dags/plugins/event_listener.py
[2026-05-29T01:52:59.875+0200] {processor.py:179} INFO - Processing /home/frederic/airflow_venv/lib/python3.10/site-packages/airflow/example_dags/plugins/event_listener.py took 0.014 seconds
[2026-05-29T01:53:44.713+0200] {processor.py:157} INFO - Started process (PID=620933) to work on /home/frederic/airflow_venv/lib/python3.10/site-packages/airflow/example_dags/plugins/event_listener.py
[2026-05-29T01:53:44.714+0200] {processor.py:829} INFO - Processing file /home/frederic/airflow_venv/lib/python3.10/site-packages/airflow/example_dags/plugins/event_listener.py for tasks to queue
[2026-05-29T01:53:44.715+0200] {logging_mixin.py:151} INFO - [2026-05-29T01:53:44.715+0200] {dagbag.py:539} INFO - Filling up the DagBag from /home/frederic/airflow_venv/lib/python3.10/site-packages/airflow/example_dags/plugins/event_listener.py
[2026-05-29T01:53:44.717+0200] {processor.py:841} WARNING - No viable dags retrieved from /home/frederic/airflow_venv/lib/python3.10/site-packages/airflow/example_dags/plugins/event_listener.py
[2026-05-29T01:53:44.724+0200] {processor.py:179} INFO - Processing /home/frederic/airflow_venv/lib/python3.10/site-packages/airflow/example_dags/plugins/event_listener.py took 0.015 seconds
[2026-05-29T01:54:18.950+0200] {processor.py:157} INFO - Started process (PID=621796) to work on /home/frederic/airflow_venv/lib/python3.10/site-packages/airflow/example_dags/plugins/event_listener.py
[2026-05-29T01:54:18.951+0200] {processor.py:829} INFO - Processing file /home/frederic/airflow_venv/lib/python3.10/site-packages/airflow/example_dags/plugins/event_listener.py for tasks to queue
[2026-05-29T01:54:18.951+0200] {logging_mixin.py:151} INFO - [2026-05-29T01:54:18.951+0200] {dagbag.py:539} INFO - Filling up the DagBag from /home/frederic/airflow_venv/lib/python3.10/site-packages/airflow/example_dags/plugins/event_listener.py
[2026-05-29T01:54:18.953+0200] {processor.py:841} WARNING - No viable dags retrieved from /home/frederic/airflow_venv/lib/python3.10/site-packages/airflow/example_dags/plugins/event_listener.py
[2026-05-29T01:54:18.960+0200] {processor.py:179} INFO - Processing /home/frederic/airflow_venv/lib/python3.10/site-packages/airflow/example_dags/plugins/event_listener.py took 0.013 seconds
[2026-05-29T01:55:01.934+0200] {processor.py:157} INFO - Started process (PID=623535) to work on /home/frederic/airflow_venv/lib/python3.10/site-packages/airflow/example_dags/plugins/event_listener.py
[2026-05-29T01:55:01.935+0200] {processor.py:829} INFO - Processing file /home/frederic/airflow_venv/lib/python3.10/site-packages/airflow/example_dags/plugins/event_listener.py for tasks to queue
[2026-05-29T01:55:01.936+0200] {logging_mixin.py:151} INFO - [2026-05-29T01:55:01.936+0200] {dagbag.py:539} INFO - Filling up the DagBag from /home/frederic/airflow_venv/lib/python3.10/site-packages/airflow/example_dags/plugins/event_listener.py
[2026-05-29T01:55:01.938+0200] {processor.py:841} WARNING - No viable dags retrieved from /home/frederic/airflow_venv/lib/python3.10/site-packages/airflow/example_dags/plugins/event_listener.py
[2026-05-29T01:55:01.946+0200] {processor.py:179} INFO - Processing /home/frederic/airflow_venv/lib/python3.10/site-packages/airflow/example_dags/plugins/event_listener.py took 0.015 seconds
[2026-05-29T01:55:24.673+0200] {processor.py:157} INFO - Started process (PID=624262) to work on /home/frederic/airflow_venv/lib/python3.10/site-packages/airflow/example_dags/plugins/event_listener.py
[2026-05-29T01:55:24.673+0200] {processor.py:829} INFO - Processing file /home/frederic/airflow_venv/lib/python3.10/site-packages/airflow/example_dags/plugins/event_listener.py for tasks to queue
[2026-05-29T01:55:24.674+0200] {logging_mixin.py:151} INFO - [2026-05-29T01:55:24.674+0200] {dagbag.py:539} INFO - Filling up the DagBag from /home/frederic/airflow_venv/lib/python3.10/site-packages/airflow/example_dags/plugins/event_listener.py
[2026-05-29T01:55:24.676+0200] {processor.py:841} WARNING - No viable dags retrieved from /home/frederic/airflow_venv/lib/python3.10/site-packages/airflow/example_dags/plugins/event_listener.py
[2026-05-29T01:55:24.688+0200] {processor.py:179} INFO - Processing /home/frederic/airflow_venv/lib/python3.10/site-packages/airflow/example_dags/plugins/event_listener.py took 0.017 seconds
[2026-05-29T01:55:35.085+0200] {processor.py:157} INFO - Started process (PID=624550) to work on /home/frederic/airflow_venv/lib/python3.10/site-packages/airflow/example_dags/plugins/event_listener.py
[2026-05-29T01:55:35.086+0200] {processor.py:829} INFO - Processing file /home/frederic/airflow_venv/lib/python3.10/site-packages/airflow/example_dags/plugins/event_listener.py for tasks to queue
[2026-05-29T01:55:35.087+0200] {logging_mixin.py:151} INFO - [2026-05-29T01:55:35.087+0200] {dagbag.py:539} INFO - Filling up the DagBag from /home/frederic/airflow_venv/lib/python3.10/site-packages/airflow/example_dags/plugins/event_listener.py
[2026-05-29T01:55:35.091+0200] {processor.py:841} WARNING - No viable dags retrieved from /home/frederic/airflow_venv/lib/python3.10/site-packages/airflow/example_dags/plugins/event_listener.py
[2026-05-29T01:55:35.105+0200] {processor.py:179} INFO - Processing /home/frederic/airflow_venv/lib/python3.10/site-packages/airflow/example_dags/plugins/event_listener.py took 0.025 seconds
[2026-05-29T01:56:12.279+0200] {processor.py:157} INFO - Started process (PID=625725) to work on /home/frederic/airflow_venv/lib/python3.10/site-packages/airflow/example_dags/plugins/event_listener.py
[2026-05-29T01:56:12.280+0200] {processor.py:829} INFO - Processing file /home/frederic/airflow_venv/lib/python3.10/site-packages/airflow/example_dags/plugins/event_listener.py for tasks to queue
[2026-05-29T01:56:12.281+0200] {logging_mixin.py:151} INFO - [2026-05-29T01:56:12.281+0200] {dagbag.py:539} INFO - Filling up the DagBag from /home/frederic/airflow_venv/lib/python3.10/site-packages/airflow/example_dags/plugins/event_listener.py
[2026-05-29T01:56:12.283+0200] {processor.py:841} WARNING - No viable dags retrieved from /home/frederic/airflow_venv/lib/python3.10/site-packages/airflow/example_dags/plugins/event_listener.py
[2026-05-29T01:56:12.292+0200] {processor.py:179} INFO - Processing /home/frederic/airflow_venv/lib/python3.10/site-packages/airflow/example_dags/plugins/event_listener.py took 0.016 seconds
[2026-05-29T01:56:14.805+0200] {processor.py:157} INFO - Started process (PID=625802) to work on /home/frederic/airflow_venv/lib/python3.10/site-packages/airflow/example_dags/plugins/event_listener.py
[2026-05-29T01:56:14.805+0200] {processor.py:829} INFO - Processing file /home/frederic/airflow_venv/lib/python3.10/site-packages/airflow/example_dags/plugins/event_listener.py for tasks to queue
[2026-05-29T01:56:14.806+0200] {logging_mixin.py:151} INFO - [2026-05-29T01:56:14.806+0200] {dagbag.py:539} INFO - Filling up the DagBag from /home/frederic/airflow_venv/lib/python3.10/site-packages/airflow/example_dags/plugins/event_listener.py
[2026-05-29T01:56:14.808+0200] {processor.py:841} WARNING - No viable dags retrieved from /home/frederic/airflow_venv/lib/python3.10/site-packages/airflow/example_dags/plugins/event_listener.py
[2026-05-29T01:56:14.815+0200] {processor.py:179} INFO - Processing /home/frederic/airflow_venv/lib/python3.10/site-packages/airflow/example_dags/plugins/event_listener.py took 0.012 seconds
[2026-05-29T01:56:56.365+0200] {processor.py:157} INFO - Started process (PID=627165) to work on /home/frederic/airflow_venv/lib/python3.10/site-packages/airflow/example_dags/plugins/event_listener.py
[2026-05-29T01:56:56.367+0200] {processor.py:829} INFO - Processing file /home/frederic/airflow_venv/lib/python3.10/site-packages/airflow/example_dags/plugins/event_listener.py for tasks to queue
[2026-05-29T01:56:56.368+0200] {logging_mixin.py:151} INFO - [2026-05-29T01:56:56.367+0200] {dagbag.py:539} INFO - Filling up the DagBag from /home/frederic/airflow_venv/lib/python3.10/site-packages/airflow/example_dags/plugins/event_listener.py
[2026-05-29T01:56:56.370+0200] {processor.py:841} WARNING - No viable dags retrieved from /home/frederic/airflow_venv/lib/python3.10/site-packages/airflow/example_dags/plugins/event_listener.py
[2026-05-29T01:56:56.378+0200] {processor.py:179} INFO - Processing /home/frederic/airflow_venv/lib/python3.10/site-packages/airflow/example_dags/plugins/event_listener.py took 0.017 seconds
[2026-05-29T01:56:57.781+0200] {processor.py:157} INFO - Started process (PID=627186) to work on /home/frederic/airflow_venv/lib/python3.10/site-packages/airflow/example_dags/plugins/event_listener.py
[2026-05-29T01:56:57.781+0200] {processor.py:829} INFO - Processing file /home/frederic/airflow_venv/lib/python3.10/site-packages/airflow/example_dags/plugins/event_listener.py for tasks to queue
[2026-05-29T01:56:57.782+0200] {logging_mixin.py:151} INFO - [2026-05-29T01:56:57.782+0200] {dagbag.py:539} INFO - Filling up the DagBag from /home/frederic/airflow_venv/lib/python3.10/site-packages/airflow/example_dags/plugins/event_listener.py
[2026-05-29T01:56:57.785+0200] {processor.py:841} WARNING - No viable dags retrieved from /home/frederic/airflow_venv/lib/python3.10/site-packages/airflow/example_dags/plugins/event_listener.py
[2026-05-29T01:56:57.795+0200] {processor.py:179} INFO - Processing /home/frederic/airflow_venv/lib/python3.10/site-packages/airflow/example_dags/plugins/event_listener.py took 0.017 seconds
[2026-05-29T01:57:42.665+0200] {processor.py:157} INFO - Started process (PID=628896) to work on /home/frederic/airflow_venv/lib/python3.10/site-packages/airflow/example_dags/plugins/event_listener.py
[2026-05-29T01:57:42.666+0200] {processor.py:829} INFO - Processing file /home/frederic/airflow_venv/lib/python3.10/site-packages/airflow/example_dags/plugins/event_listener.py for tasks to queue
[2026-05-29T01:57:42.667+0200] {logging_mixin.py:151} INFO - [2026-05-29T01:57:42.667+0200] {dagbag.py:539} INFO - Filling up the DagBag from /home/frederic/airflow_venv/lib/python3.10/site-packages/airflow/example_dags/plugins/event_listener.py
[2026-05-29T01:57:42.671+0200] {processor.py:841} WARNING - No viable dags retrieved from /home/frederic/airflow_venv/lib/python3.10/site-packages/airflow/example_dags/plugins/event_listener.py
[2026-05-29T01:57:42.682+0200] {processor.py:179} INFO - Processing /home/frederic/airflow_venv/lib/python3.10/site-packages/airflow/example_dags/plugins/event_listener.py took 0.022 seconds
[2026-05-29T01:57:43.340+0200] {processor.py:157} INFO - Started process (PID=628902) to work on /home/frederic/airflow_venv/lib/python3.10/site-packages/airflow/example_dags/plugins/event_listener.py
[2026-05-29T01:57:43.341+0200] {processor.py:829} INFO - Processing file /home/frederic/airflow_venv/lib/python3.10/site-packages/airflow/example_dags/plugins/event_listener.py for tasks to queue
[2026-05-29T01:57:43.341+0200] {logging_mixin.py:151} INFO - [2026-05-29T01:57:43.341+0200] {dagbag.py:539} INFO - Filling up the DagBag from /home/frederic/airflow_venv/lib/python3.10/site-packages/airflow/example_dags/plugins/event_listener.py
[2026-05-29T01:57:43.343+0200] {processor.py:841} WARNING - No viable dags retrieved from /home/frederic/airflow_venv/lib/python3.10/site-packages/airflow/example_dags/plugins/event_listener.py
[2026-05-29T01:57:43.354+0200] {processor.py:179} INFO - Processing /home/frederic/airflow_venv/lib/python3.10/site-packages/airflow/example_dags/plugins/event_listener.py took 0.018 seconds
[2026-05-29T01:58:18.412+0200] {processor.py:157} INFO - Started process (PID=629959) to work on /home/frederic/airflow_venv/lib/python3.10/site-packages/airflow/example_dags/plugins/event_listener.py
[2026-05-29T01:58:18.413+0200] {processor.py:829} INFO - Processing file /home/frederic/airflow_venv/lib/python3.10/site-packages/airflow/example_dags/plugins/event_listener.py for tasks to queue
[2026-05-29T01:58:18.413+0200] {logging_mixin.py:151} INFO - [2026-05-29T01:58:18.413+0200] {dagbag.py:539} INFO - Filling up the DagBag from /home/frederic/airflow_venv/lib/python3.10/site-packages/airflow/example_dags/plugins/event_listener.py
[2026-05-29T01:58:18.415+0200] {processor.py:841} WARNING - No viable dags retrieved from /home/frederic/airflow_venv/lib/python3.10/site-packages/airflow/example_dags/plugins/event_listener.py
[2026-05-29T01:58:18.423+0200] {processor.py:179} INFO - Processing /home/frederic/airflow_venv/lib/python3.10/site-packages/airflow/example_dags/plugins/event_listener.py took 0.014 seconds
[2026-05-29T01:58:33.111+0200] {processor.py:157} INFO - Started process (PID=630542) to work on /home/frederic/airflow_venv/lib/python3.10/site-packages/airflow/example_dags/plugins/event_listener.py
[2026-05-29T01:58:33.112+0200] {processor.py:829} INFO - Processing file /home/frederic/airflow_venv/lib/python3.10/site-packages/airflow/example_dags/plugins/event_listener.py for tasks to queue
[2026-05-29T01:58:33.113+0200] {logging_mixin.py:151} INFO - [2026-05-29T01:58:33.112+0200] {dagbag.py:539} INFO - Filling up the DagBag from /home/frederic/airflow_venv/lib/python3.10/site-packages/airflow/example_dags/plugins/event_listener.py
[2026-05-29T01:58:33.114+0200] {processor.py:841} WARNING - No viable dags retrieved from /home/frederic/airflow_venv/lib/python3.10/site-packages/airflow/example_dags/plugins/event_listener.py
[2026-05-29T01:58:33.122+0200] {processor.py:179} INFO - Processing /home/frederic/airflow_venv/lib/python3.10/site-packages/airflow/example_dags/plugins/event_listener.py took 0.013 seconds
[2026-05-29T01:59:00.391+0200] {processor.py:157} INFO - Started process (PID=631476) to work on /home/frederic/airflow_venv/lib/python3.10/site-packages/airflow/example_dags/plugins/event_listener.py
[2026-05-29T01:59:00.392+0200] {processor.py:829} INFO - Processing file /home/frederic/airflow_venv/lib/python3.10/site-packages/airflow/example_dags/plugins/event_listener.py for tasks to queue
[2026-05-29T01:59:00.393+0200] {logging_mixin.py:151} INFO - [2026-05-29T01:59:00.392+0200] {dagbag.py:539} INFO - Filling up the DagBag from /home/frederic/airflow_venv/lib/python3.10/site-packages/airflow/example_dags/plugins/event_listener.py
[2026-05-29T01:59:00.395+0200] {processor.py:841} WARNING - No viable dags retrieved from /home/frederic/airflow_venv/lib/python3.10/site-packages/airflow/example_dags/plugins/event_listener.py
[2026-05-29T01:59:00.404+0200] {processor.py:179} INFO - Processing /home/frederic/airflow_venv/lib/python3.10/site-packages/airflow/example_dags/plugins/event_listener.py took 0.016 seconds
[2026-05-29T01:59:08.208+0200] {processor.py:157} INFO - Started process (PID=631689) to work on /home/frederic/airflow_venv/lib/python3.10/site-packages/airflow/example_dags/plugins/event_listener.py
[2026-05-29T01:59:08.209+0200] {processor.py:829} INFO - Processing file /home/frederic/airflow_venv/lib/python3.10/site-packages/airflow/example_dags/plugins/event_listener.py for tasks to queue
[2026-05-29T01:59:08.210+0200] {logging_mixin.py:151} INFO - [2026-05-29T01:59:08.210+0200] {dagbag.py:539} INFO - Filling up the DagBag from /home/frederic/airflow_venv/lib/python3.10/site-packages/airflow/example_dags/plugins/event_listener.py
[2026-05-29T01:59:08.212+0200] {processor.py:841} WARNING - No viable dags retrieved from /home/frederic/airflow_venv/lib/python3.10/site-packages/airflow/example_dags/plugins/event_listener.py
[2026-05-29T01:59:08.219+0200] {processor.py:179} INFO - Processing /home/frederic/airflow_venv/lib/python3.10/site-packages/airflow/example_dags/plugins/event_listener.py took 0.014 seconds
[2026-05-29T01:59:32.970+0200] {processor.py:157} INFO - Started process (PID=632402) to work on /home/frederic/airflow_venv/lib/python3.10/site-packages/airflow/example_dags/plugins/event_listener.py
[2026-05-29T01:59:32.971+0200] {processor.py:829} INFO - Processing file /home/frederic/airflow_venv/lib/python3.10/site-packages/airflow/example_dags/plugins/event_listener.py for tasks to queue
[2026-05-29T01:59:32.972+0200] {logging_mixin.py:151} INFO - [2026-05-29T01:59:32.971+0200] {dagbag.py:539} INFO - Filling up the DagBag from /home/frederic/airflow_venv/lib/python3.10/site-packages/airflow/example_dags/plugins/event_listener.py
[2026-05-29T01:59:32.974+0200] {processor.py:841} WARNING - No viable dags retrieved from /home/frederic/airflow_venv/lib/python3.10/site-packages/airflow/example_dags/plugins/event_listener.py
[2026-05-29T01:59:32.981+0200] {processor.py:179} INFO - Processing /home/frederic/airflow_venv/lib/python3.10/site-packages/airflow/example_dags/plugins/event_listener.py took 0.013 seconds
[2026-05-29T01:59:53.657+0200] {processor.py:157} INFO - Started process (PID=632943) to work on /home/frederic/airflow_venv/lib/python3.10/site-packages/airflow/example_dags/plugins/event_listener.py
[2026-05-29T01:59:53.658+0200] {processor.py:829} INFO - Processing file /home/frederic/airflow_venv/lib/python3.10/site-packages/airflow/example_dags/plugins/event_listener.py for tasks to queue
[2026-05-29T01:59:53.659+0200] {logging_mixin.py:151} INFO - [2026-05-29T01:59:53.659+0200] {dagbag.py:539} INFO - Filling up the DagBag from /home/frederic/airflow_venv/lib/python3.10/site-packages/airflow/example_dags/plugins/event_listener.py
[2026-05-29T01:59:53.661+0200] {processor.py:841} WARNING - No viable dags retrieved from /home/frederic/airflow_venv/lib/python3.10/site-packages/airflow/example_dags/plugins/event_listener.py
[2026-05-29T01:59:53.670+0200] {processor.py:179} INFO - Processing /home/frederic/airflow_venv/lib/python3.10/site-packages/airflow/example_dags/plugins/event_listener.py took 0.016 seconds
