[2026-05-29T01:36:35.623+0200] {processor.py:157} INFO - Started process (PID=593726) to work on /home/frederic/airflow_venv/lib/python3.10/site-packages/airflow/example_dags/plugins/workday.py
[2026-05-29T01:36:35.623+0200] {processor.py:829} INFO - Processing file /home/frederic/airflow_venv/lib/python3.10/site-packages/airflow/example_dags/plugins/workday.py for tasks to queue
[2026-05-29T01:36:35.624+0200] {logging_mixin.py:151} INFO - [2026-05-29T01:36:35.624+0200] {dagbag.py:539} INFO - Filling up the DagBag from /home/frederic/airflow_venv/lib/python3.10/site-packages/airflow/example_dags/plugins/workday.py
[2026-05-29T01:36:35.626+0200] {logging_mixin.py:151} INFO - [2026-05-29T01:36:35.626+0200] {workday.py:36} WARNING - Could not import pandas. Holidays will not be considered.
[2026-05-29T01:36:35.627+0200] {processor.py:841} WARNING - No viable dags retrieved from /home/frederic/airflow_venv/lib/python3.10/site-packages/airflow/example_dags/plugins/workday.py
[2026-05-29T01:36:35.635+0200] {processor.py:179} INFO - Processing /home/frederic/airflow_venv/lib/python3.10/site-packages/airflow/example_dags/plugins/workday.py took 0.015 seconds
[2026-05-29T01:37:23.693+0200] {processor.py:157} INFO - Started process (PID=594793) to work on /home/frederic/airflow_venv/lib/python3.10/site-packages/airflow/example_dags/plugins/workday.py
[2026-05-29T01:37:23.694+0200] {processor.py:829} INFO - Processing file /home/frederic/airflow_venv/lib/python3.10/site-packages/airflow/example_dags/plugins/workday.py for tasks to queue
[2026-05-29T01:37:23.695+0200] {logging_mixin.py:151} INFO - [2026-05-29T01:37:23.694+0200] {dagbag.py:539} INFO - Filling up the DagBag from /home/frederic/airflow_venv/lib/python3.10/site-packages/airflow/example_dags/plugins/workday.py
[2026-05-29T01:37:23.697+0200] {logging_mixin.py:151} INFO - [2026-05-29T01:37:23.697+0200] {workday.py:36} WARNING - Could not import pandas. Holidays will not be considered.
[2026-05-29T01:37:23.697+0200] {processor.py:841} WARNING - No viable dags retrieved from /home/frederic/airflow_venv/lib/python3.10/site-packages/airflow/example_dags/plugins/workday.py
[2026-05-29T01:37:23.704+0200] {processor.py:179} INFO - Processing /home/frederic/airflow_venv/lib/python3.10/site-packages/airflow/example_dags/plugins/workday.py took 0.013 seconds
[2026-05-29T01:38:06.878+0200] {processor.py:157} INFO - Started process (PID=595481) to work on /home/frederic/airflow_venv/lib/python3.10/site-packages/airflow/example_dags/plugins/workday.py
[2026-05-29T01:38:06.879+0200] {processor.py:829} INFO - Processing file /home/frederic/airflow_venv/lib/python3.10/site-packages/airflow/example_dags/plugins/workday.py for tasks to queue
[2026-05-29T01:38:06.880+0200] {logging_mixin.py:151} INFO - [2026-05-29T01:38:06.880+0200] {dagbag.py:539} INFO - Filling up the DagBag from /home/frederic/airflow_venv/lib/python3.10/site-packages/airflow/example_dags/plugins/workday.py
[2026-05-29T01:38:06.882+0200] {logging_mixin.py:151} INFO - [2026-05-29T01:38:06.882+0200] {workday.py:36} WARNING - Could not import pandas. Holidays will not be considered.
[2026-05-29T01:38:06.882+0200] {processor.py:841} WARNING - No viable dags retrieved from /home/frederic/airflow_venv/lib/python3.10/site-packages/airflow/example_dags/plugins/workday.py
[2026-05-29T01:38:06.889+0200] {processor.py:179} INFO - Processing /home/frederic/airflow_venv/lib/python3.10/site-packages/airflow/example_dags/plugins/workday.py took 0.013 seconds
[2026-05-29T01:38:38.426+0200] {processor.py:157} INFO - Started process (PID=596200) to work on /home/frederic/airflow_venv/lib/python3.10/site-packages/airflow/example_dags/plugins/workday.py
[2026-05-29T01:38:38.426+0200] {processor.py:829} INFO - Processing file /home/frederic/airflow_venv/lib/python3.10/site-packages/airflow/example_dags/plugins/workday.py for tasks to queue
[2026-05-29T01:38:38.427+0200] {logging_mixin.py:151} INFO - [2026-05-29T01:38:38.427+0200] {dagbag.py:539} INFO - Filling up the DagBag from /home/frederic/airflow_venv/lib/python3.10/site-packages/airflow/example_dags/plugins/workday.py
[2026-05-29T01:38:38.429+0200] {logging_mixin.py:151} INFO - [2026-05-29T01:38:38.429+0200] {workday.py:36} WARNING - Could not import pandas. Holidays will not be considered.
[2026-05-29T01:38:38.430+0200] {processor.py:841} WARNING - No viable dags retrieved from /home/frederic/airflow_venv/lib/python3.10/site-packages/airflow/example_dags/plugins/workday.py
[2026-05-29T01:38:38.439+0200] {processor.py:179} INFO - Processing /home/frederic/airflow_venv/lib/python3.10/site-packages/airflow/example_dags/plugins/workday.py took 0.015 seconds
[2026-05-29T01:39:23.162+0200] {processor.py:157} INFO - Started process (PID=597342) to work on /home/frederic/airflow_venv/lib/python3.10/site-packages/airflow/example_dags/plugins/workday.py
[2026-05-29T01:39:23.163+0200] {processor.py:829} INFO - Processing file /home/frederic/airflow_venv/lib/python3.10/site-packages/airflow/example_dags/plugins/workday.py for tasks to queue
[2026-05-29T01:39:23.164+0200] {logging_mixin.py:151} INFO - [2026-05-29T01:39:23.164+0200] {dagbag.py:539} INFO - Filling up the DagBag from /home/frederic/airflow_venv/lib/python3.10/site-packages/airflow/example_dags/plugins/workday.py
[2026-05-29T01:39:23.166+0200] {logging_mixin.py:151} INFO - [2026-05-29T01:39:23.166+0200] {workday.py:36} WARNING - Could not import pandas. Holidays will not be considered.
[2026-05-29T01:39:23.167+0200] {processor.py:841} WARNING - No viable dags retrieved from /home/frederic/airflow_venv/lib/python3.10/site-packages/airflow/example_dags/plugins/workday.py
[2026-05-29T01:39:23.174+0200] {processor.py:179} INFO - Processing /home/frederic/airflow_venv/lib/python3.10/site-packages/airflow/example_dags/plugins/workday.py took 0.013 seconds
[2026-05-29T01:39:56.202+0200] {processor.py:157} INFO - Started process (PID=598065) to work on /home/frederic/airflow_venv/lib/python3.10/site-packages/airflow/example_dags/plugins/workday.py
[2026-05-29T01:39:56.203+0200] {processor.py:829} INFO - Processing file /home/frederic/airflow_venv/lib/python3.10/site-packages/airflow/example_dags/plugins/workday.py for tasks to queue
[2026-05-29T01:39:56.204+0200] {logging_mixin.py:151} INFO - [2026-05-29T01:39:56.203+0200] {dagbag.py:539} INFO - Filling up the DagBag from /home/frederic/airflow_venv/lib/python3.10/site-packages/airflow/example_dags/plugins/workday.py
[2026-05-29T01:39:56.206+0200] {logging_mixin.py:151} INFO - [2026-05-29T01:39:56.206+0200] {workday.py:36} WARNING - Could not import pandas. Holidays will not be considered.
[2026-05-29T01:39:56.206+0200] {processor.py:841} WARNING - No viable dags retrieved from /home/frederic/airflow_venv/lib/python3.10/site-packages/airflow/example_dags/plugins/workday.py
[2026-05-29T01:39:56.214+0200] {processor.py:179} INFO - Processing /home/frederic/airflow_venv/lib/python3.10/site-packages/airflow/example_dags/plugins/workday.py took 0.014 seconds
[2026-05-29T01:40:29.029+0200] {processor.py:157} INFO - Started process (PID=598958) to work on /home/frederic/airflow_venv/lib/python3.10/site-packages/airflow/example_dags/plugins/workday.py
[2026-05-29T01:40:29.032+0200] {processor.py:829} INFO - Processing file /home/frederic/airflow_venv/lib/python3.10/site-packages/airflow/example_dags/plugins/workday.py for tasks to queue
[2026-05-29T01:40:29.033+0200] {logging_mixin.py:151} INFO - [2026-05-29T01:40:29.033+0200] {dagbag.py:539} INFO - Filling up the DagBag from /home/frederic/airflow_venv/lib/python3.10/site-packages/airflow/example_dags/plugins/workday.py
[2026-05-29T01:40:29.035+0200] {logging_mixin.py:151} INFO - [2026-05-29T01:40:29.035+0200] {workday.py:36} WARNING - Could not import pandas. Holidays will not be considered.
[2026-05-29T01:40:29.035+0200] {processor.py:841} WARNING - No viable dags retrieved from /home/frederic/airflow_venv/lib/python3.10/site-packages/airflow/example_dags/plugins/workday.py
[2026-05-29T01:40:29.043+0200] {processor.py:179} INFO - Processing /home/frederic/airflow_venv/lib/python3.10/site-packages/airflow/example_dags/plugins/workday.py took 0.017 seconds
[2026-05-29T01:41:01.718+0200] {processor.py:157} INFO - Started process (PID=599659) to work on /home/frederic/airflow_venv/lib/python3.10/site-packages/airflow/example_dags/plugins/workday.py
[2026-05-29T01:41:01.719+0200] {processor.py:829} INFO - Processing file /home/frederic/airflow_venv/lib/python3.10/site-packages/airflow/example_dags/plugins/workday.py for tasks to queue
[2026-05-29T01:41:01.720+0200] {logging_mixin.py:151} INFO - [2026-05-29T01:41:01.719+0200] {dagbag.py:539} INFO - Filling up the DagBag from /home/frederic/airflow_venv/lib/python3.10/site-packages/airflow/example_dags/plugins/workday.py
[2026-05-29T01:41:01.722+0200] {logging_mixin.py:151} INFO - [2026-05-29T01:41:01.722+0200] {workday.py:36} WARNING - Could not import pandas. Holidays will not be considered.
[2026-05-29T01:41:01.722+0200] {processor.py:841} WARNING - No viable dags retrieved from /home/frederic/airflow_venv/lib/python3.10/site-packages/airflow/example_dags/plugins/workday.py
[2026-05-29T01:41:01.732+0200] {processor.py:179} INFO - Processing /home/frederic/airflow_venv/lib/python3.10/site-packages/airflow/example_dags/plugins/workday.py took 0.018 seconds
[2026-05-29T01:41:43.431+0200] {processor.py:157} INFO - Started process (PID=600847) to work on /home/frederic/airflow_venv/lib/python3.10/site-packages/airflow/example_dags/plugins/workday.py
[2026-05-29T01:41:43.435+0200] {processor.py:829} INFO - Processing file /home/frederic/airflow_venv/lib/python3.10/site-packages/airflow/example_dags/plugins/workday.py for tasks to queue
[2026-05-29T01:41:43.435+0200] {logging_mixin.py:151} INFO - [2026-05-29T01:41:43.435+0200] {dagbag.py:539} INFO - Filling up the DagBag from /home/frederic/airflow_venv/lib/python3.10/site-packages/airflow/example_dags/plugins/workday.py
[2026-05-29T01:41:43.438+0200] {logging_mixin.py:151} INFO - [2026-05-29T01:41:43.437+0200] {workday.py:36} WARNING - Could not import pandas. Holidays will not be considered.
[2026-05-29T01:41:43.438+0200] {processor.py:841} WARNING - No viable dags retrieved from /home/frederic/airflow_venv/lib/python3.10/site-packages/airflow/example_dags/plugins/workday.py
[2026-05-29T01:41:43.446+0200] {processor.py:179} INFO - Processing /home/frederic/airflow_venv/lib/python3.10/site-packages/airflow/example_dags/plugins/workday.py took 0.017 seconds
[2026-05-29T01:42:25.315+0200] {processor.py:157} INFO - Started process (PID=601611) to work on /home/frederic/airflow_venv/lib/python3.10/site-packages/airflow/example_dags/plugins/workday.py
[2026-05-29T01:42:25.316+0200] {processor.py:829} INFO - Processing file /home/frederic/airflow_venv/lib/python3.10/site-packages/airflow/example_dags/plugins/workday.py for tasks to queue
[2026-05-29T01:42:25.317+0200] {logging_mixin.py:151} INFO - [2026-05-29T01:42:25.317+0200] {dagbag.py:539} INFO - Filling up the DagBag from /home/frederic/airflow_venv/lib/python3.10/site-packages/airflow/example_dags/plugins/workday.py
[2026-05-29T01:42:25.319+0200] {logging_mixin.py:151} INFO - [2026-05-29T01:42:25.319+0200] {workday.py:36} WARNING - Could not import pandas. Holidays will not be considered.
[2026-05-29T01:42:25.319+0200] {processor.py:841} WARNING - No viable dags retrieved from /home/frederic/airflow_venv/lib/python3.10/site-packages/airflow/example_dags/plugins/workday.py
[2026-05-29T01:42:25.327+0200] {processor.py:179} INFO - Processing /home/frederic/airflow_venv/lib/python3.10/site-packages/airflow/example_dags/plugins/workday.py took 0.013 seconds
[2026-05-29T01:42:59.595+0200] {processor.py:157} INFO - Started process (PID=602181) to work on /home/frederic/airflow_venv/lib/python3.10/site-packages/airflow/example_dags/plugins/workday.py
[2026-05-29T01:42:59.596+0200] {processor.py:829} INFO - Processing file /home/frederic/airflow_venv/lib/python3.10/site-packages/airflow/example_dags/plugins/workday.py for tasks to queue
[2026-05-29T01:42:59.597+0200] {logging_mixin.py:151} INFO - [2026-05-29T01:42:59.596+0200] {dagbag.py:539} INFO - Filling up the DagBag from /home/frederic/airflow_venv/lib/python3.10/site-packages/airflow/example_dags/plugins/workday.py
[2026-05-29T01:42:59.599+0200] {logging_mixin.py:151} INFO - [2026-05-29T01:42:59.599+0200] {workday.py:36} WARNING - Could not import pandas. Holidays will not be considered.
[2026-05-29T01:42:59.600+0200] {processor.py:841} WARNING - No viable dags retrieved from /home/frederic/airflow_venv/lib/python3.10/site-packages/airflow/example_dags/plugins/workday.py
[2026-05-29T01:42:59.608+0200] {processor.py:179} INFO - Processing /home/frederic/airflow_venv/lib/python3.10/site-packages/airflow/example_dags/plugins/workday.py took 0.016 seconds
[2026-05-29T01:43:44.718+0200] {processor.py:157} INFO - Started process (PID=603024) to work on /home/frederic/airflow_venv/lib/python3.10/site-packages/airflow/example_dags/plugins/workday.py
[2026-05-29T01:43:44.719+0200] {processor.py:829} INFO - Processing file /home/frederic/airflow_venv/lib/python3.10/site-packages/airflow/example_dags/plugins/workday.py for tasks to queue
[2026-05-29T01:43:44.719+0200] {logging_mixin.py:151} INFO - [2026-05-29T01:43:44.719+0200] {dagbag.py:539} INFO - Filling up the DagBag from /home/frederic/airflow_venv/lib/python3.10/site-packages/airflow/example_dags/plugins/workday.py
[2026-05-29T01:43:44.721+0200] {logging_mixin.py:151} INFO - [2026-05-29T01:43:44.721+0200] {workday.py:36} WARNING - Could not import pandas. Holidays will not be considered.
[2026-05-29T01:43:44.722+0200] {processor.py:841} WARNING - No viable dags retrieved from /home/frederic/airflow_venv/lib/python3.10/site-packages/airflow/example_dags/plugins/workday.py
[2026-05-29T01:43:44.729+0200] {processor.py:179} INFO - Processing /home/frederic/airflow_venv/lib/python3.10/site-packages/airflow/example_dags/plugins/workday.py took 0.014 seconds
[2026-05-29T01:44:19.650+0200] {processor.py:157} INFO - Started process (PID=603690) to work on /home/frederic/airflow_venv/lib/python3.10/site-packages/airflow/example_dags/plugins/workday.py
[2026-05-29T01:44:19.651+0200] {processor.py:829} INFO - Processing file /home/frederic/airflow_venv/lib/python3.10/site-packages/airflow/example_dags/plugins/workday.py for tasks to queue
[2026-05-29T01:44:19.652+0200] {logging_mixin.py:151} INFO - [2026-05-29T01:44:19.652+0200] {dagbag.py:539} INFO - Filling up the DagBag from /home/frederic/airflow_venv/lib/python3.10/site-packages/airflow/example_dags/plugins/workday.py
[2026-05-29T01:44:19.654+0200] {logging_mixin.py:151} INFO - [2026-05-29T01:44:19.654+0200] {workday.py:36} WARNING - Could not import pandas. Holidays will not be considered.
[2026-05-29T01:44:19.654+0200] {processor.py:841} WARNING - No viable dags retrieved from /home/frederic/airflow_venv/lib/python3.10/site-packages/airflow/example_dags/plugins/workday.py
[2026-05-29T01:44:19.662+0200] {processor.py:179} INFO - Processing /home/frederic/airflow_venv/lib/python3.10/site-packages/airflow/example_dags/plugins/workday.py took 0.015 seconds
[2026-05-29T01:44:51.334+0200] {processor.py:157} INFO - Started process (PID=604828) to work on /home/frederic/airflow_venv/lib/python3.10/site-packages/airflow/example_dags/plugins/workday.py
[2026-05-29T01:44:51.335+0200] {processor.py:829} INFO - Processing file /home/frederic/airflow_venv/lib/python3.10/site-packages/airflow/example_dags/plugins/workday.py for tasks to queue
[2026-05-29T01:44:51.335+0200] {logging_mixin.py:151} INFO - [2026-05-29T01:44:51.335+0200] {dagbag.py:539} INFO - Filling up the DagBag from /home/frederic/airflow_venv/lib/python3.10/site-packages/airflow/example_dags/plugins/workday.py
[2026-05-29T01:44:51.338+0200] {logging_mixin.py:151} INFO - [2026-05-29T01:44:51.337+0200] {workday.py:36} WARNING - Could not import pandas. Holidays will not be considered.
[2026-05-29T01:44:51.338+0200] {processor.py:841} WARNING - No viable dags retrieved from /home/frederic/airflow_venv/lib/python3.10/site-packages/airflow/example_dags/plugins/workday.py
[2026-05-29T01:44:51.345+0200] {processor.py:179} INFO - Processing /home/frederic/airflow_venv/lib/python3.10/site-packages/airflow/example_dags/plugins/workday.py took 0.014 seconds
[2026-05-29T01:45:21.752+0200] {processor.py:157} INFO - Started process (PID=605776) to work on /home/frederic/airflow_venv/lib/python3.10/site-packages/airflow/example_dags/plugins/workday.py
[2026-05-29T01:45:21.753+0200] {processor.py:829} INFO - Processing file /home/frederic/airflow_venv/lib/python3.10/site-packages/airflow/example_dags/plugins/workday.py for tasks to queue
[2026-05-29T01:45:21.754+0200] {logging_mixin.py:151} INFO - [2026-05-29T01:45:21.754+0200] {dagbag.py:539} INFO - Filling up the DagBag from /home/frederic/airflow_venv/lib/python3.10/site-packages/airflow/example_dags/plugins/workday.py
[2026-05-29T01:45:21.757+0200] {logging_mixin.py:151} INFO - [2026-05-29T01:45:21.757+0200] {workday.py:36} WARNING - Could not import pandas. Holidays will not be considered.
[2026-05-29T01:45:21.758+0200] {processor.py:841} WARNING - No viable dags retrieved from /home/frederic/airflow_venv/lib/python3.10/site-packages/airflow/example_dags/plugins/workday.py
[2026-05-29T01:45:21.769+0200] {processor.py:179} INFO - Processing /home/frederic/airflow_venv/lib/python3.10/site-packages/airflow/example_dags/plugins/workday.py took 0.020 seconds
[2026-05-29T01:45:57.833+0200] {processor.py:157} INFO - Started process (PID=607441) to work on /home/frederic/airflow_venv/lib/python3.10/site-packages/airflow/example_dags/plugins/workday.py
[2026-05-29T01:45:57.836+0200] {processor.py:829} INFO - Processing file /home/frederic/airflow_venv/lib/python3.10/site-packages/airflow/example_dags/plugins/workday.py for tasks to queue
[2026-05-29T01:45:57.837+0200] {logging_mixin.py:151} INFO - [2026-05-29T01:45:57.837+0200] {dagbag.py:539} INFO - Filling up the DagBag from /home/frederic/airflow_venv/lib/python3.10/site-packages/airflow/example_dags/plugins/workday.py
[2026-05-29T01:45:57.839+0200] {logging_mixin.py:151} INFO - [2026-05-29T01:45:57.839+0200] {workday.py:36} WARNING - Could not import pandas. Holidays will not be considered.
[2026-05-29T01:45:57.840+0200] {processor.py:841} WARNING - No viable dags retrieved from /home/frederic/airflow_venv/lib/python3.10/site-packages/airflow/example_dags/plugins/workday.py
[2026-05-29T01:45:57.848+0200] {processor.py:179} INFO - Processing /home/frederic/airflow_venv/lib/python3.10/site-packages/airflow/example_dags/plugins/workday.py took 0.018 seconds
[2026-05-29T01:46:32.776+0200] {processor.py:157} INFO - Started process (PID=608795) to work on /home/frederic/airflow_venv/lib/python3.10/site-packages/airflow/example_dags/plugins/workday.py
[2026-05-29T01:46:32.780+0200] {processor.py:829} INFO - Processing file /home/frederic/airflow_venv/lib/python3.10/site-packages/airflow/example_dags/plugins/workday.py for tasks to queue
[2026-05-29T01:46:32.780+0200] {logging_mixin.py:151} INFO - [2026-05-29T01:46:32.780+0200] {dagbag.py:539} INFO - Filling up the DagBag from /home/frederic/airflow_venv/lib/python3.10/site-packages/airflow/example_dags/plugins/workday.py
[2026-05-29T01:46:32.782+0200] {logging_mixin.py:151} INFO - [2026-05-29T01:46:32.782+0200] {workday.py:36} WARNING - Could not import pandas. Holidays will not be considered.
[2026-05-29T01:46:32.783+0200] {processor.py:841} WARNING - No viable dags retrieved from /home/frederic/airflow_venv/lib/python3.10/site-packages/airflow/example_dags/plugins/workday.py
[2026-05-29T01:46:32.790+0200] {processor.py:179} INFO - Processing /home/frederic/airflow_venv/lib/python3.10/site-packages/airflow/example_dags/plugins/workday.py took 0.016 seconds
[2026-05-29T01:47:15.780+0200] {processor.py:157} INFO - Started process (PID=609994) to work on /home/frederic/airflow_venv/lib/python3.10/site-packages/airflow/example_dags/plugins/workday.py
[2026-05-29T01:47:15.781+0200] {processor.py:829} INFO - Processing file /home/frederic/airflow_venv/lib/python3.10/site-packages/airflow/example_dags/plugins/workday.py for tasks to queue
[2026-05-29T01:47:15.782+0200] {logging_mixin.py:151} INFO - [2026-05-29T01:47:15.781+0200] {dagbag.py:539} INFO - Filling up the DagBag from /home/frederic/airflow_venv/lib/python3.10/site-packages/airflow/example_dags/plugins/workday.py
[2026-05-29T01:47:15.784+0200] {logging_mixin.py:151} INFO - [2026-05-29T01:47:15.784+0200] {workday.py:36} WARNING - Could not import pandas. Holidays will not be considered.
[2026-05-29T01:47:15.784+0200] {processor.py:841} WARNING - No viable dags retrieved from /home/frederic/airflow_venv/lib/python3.10/site-packages/airflow/example_dags/plugins/workday.py
[2026-05-29T01:47:15.792+0200] {processor.py:179} INFO - Processing /home/frederic/airflow_venv/lib/python3.10/site-packages/airflow/example_dags/plugins/workday.py took 0.016 seconds
[2026-05-29T01:47:59.062+0200] {processor.py:157} INFO - Started process (PID=611290) to work on /home/frederic/airflow_venv/lib/python3.10/site-packages/airflow/example_dags/plugins/workday.py
[2026-05-29T01:47:59.063+0200] {processor.py:829} INFO - Processing file /home/frederic/airflow_venv/lib/python3.10/site-packages/airflow/example_dags/plugins/workday.py for tasks to queue
[2026-05-29T01:47:59.064+0200] {logging_mixin.py:151} INFO - [2026-05-29T01:47:59.063+0200] {dagbag.py:539} INFO - Filling up the DagBag from /home/frederic/airflow_venv/lib/python3.10/site-packages/airflow/example_dags/plugins/workday.py
[2026-05-29T01:47:59.066+0200] {logging_mixin.py:151} INFO - [2026-05-29T01:47:59.066+0200] {workday.py:36} WARNING - Could not import pandas. Holidays will not be considered.
[2026-05-29T01:47:59.066+0200] {processor.py:841} WARNING - No viable dags retrieved from /home/frederic/airflow_venv/lib/python3.10/site-packages/airflow/example_dags/plugins/workday.py
[2026-05-29T01:47:59.073+0200] {processor.py:179} INFO - Processing /home/frederic/airflow_venv/lib/python3.10/site-packages/airflow/example_dags/plugins/workday.py took 0.013 seconds
[2026-05-29T01:48:31.816+0200] {processor.py:157} INFO - Started process (PID=612235) to work on /home/frederic/airflow_venv/lib/python3.10/site-packages/airflow/example_dags/plugins/workday.py
[2026-05-29T01:48:31.817+0200] {processor.py:829} INFO - Processing file /home/frederic/airflow_venv/lib/python3.10/site-packages/airflow/example_dags/plugins/workday.py for tasks to queue
[2026-05-29T01:48:31.817+0200] {logging_mixin.py:151} INFO - [2026-05-29T01:48:31.817+0200] {dagbag.py:539} INFO - Filling up the DagBag from /home/frederic/airflow_venv/lib/python3.10/site-packages/airflow/example_dags/plugins/workday.py
[2026-05-29T01:48:31.820+0200] {logging_mixin.py:151} INFO - [2026-05-29T01:48:31.820+0200] {workday.py:36} WARNING - Could not import pandas. Holidays will not be considered.
[2026-05-29T01:48:31.820+0200] {processor.py:841} WARNING - No viable dags retrieved from /home/frederic/airflow_venv/lib/python3.10/site-packages/airflow/example_dags/plugins/workday.py
[2026-05-29T01:48:31.828+0200] {processor.py:179} INFO - Processing /home/frederic/airflow_venv/lib/python3.10/site-packages/airflow/example_dags/plugins/workday.py took 0.015 seconds
[2026-05-29T01:49:15.063+0200] {processor.py:157} INFO - Started process (PID=613338) to work on /home/frederic/airflow_venv/lib/python3.10/site-packages/airflow/example_dags/plugins/workday.py
[2026-05-29T01:49:15.067+0200] {processor.py:829} INFO - Processing file /home/frederic/airflow_venv/lib/python3.10/site-packages/airflow/example_dags/plugins/workday.py for tasks to queue
[2026-05-29T01:49:15.068+0200] {logging_mixin.py:151} INFO - [2026-05-29T01:49:15.067+0200] {dagbag.py:539} INFO - Filling up the DagBag from /home/frederic/airflow_venv/lib/python3.10/site-packages/airflow/example_dags/plugins/workday.py
[2026-05-29T01:49:15.070+0200] {logging_mixin.py:151} INFO - [2026-05-29T01:49:15.070+0200] {workday.py:36} WARNING - Could not import pandas. Holidays will not be considered.
[2026-05-29T01:49:15.070+0200] {processor.py:841} WARNING - No viable dags retrieved from /home/frederic/airflow_venv/lib/python3.10/site-packages/airflow/example_dags/plugins/workday.py
[2026-05-29T01:49:15.078+0200] {processor.py:179} INFO - Processing /home/frederic/airflow_venv/lib/python3.10/site-packages/airflow/example_dags/plugins/workday.py took 0.017 seconds
[2026-05-29T01:49:58.198+0200] {processor.py:157} INFO - Started process (PID=614519) to work on /home/frederic/airflow_venv/lib/python3.10/site-packages/airflow/example_dags/plugins/workday.py
[2026-05-29T01:49:58.199+0200] {processor.py:829} INFO - Processing file /home/frederic/airflow_venv/lib/python3.10/site-packages/airflow/example_dags/plugins/workday.py for tasks to queue
[2026-05-29T01:49:58.199+0200] {logging_mixin.py:151} INFO - [2026-05-29T01:49:58.199+0200] {dagbag.py:539} INFO - Filling up the DagBag from /home/frederic/airflow_venv/lib/python3.10/site-packages/airflow/example_dags/plugins/workday.py
[2026-05-29T01:49:58.201+0200] {logging_mixin.py:151} INFO - [2026-05-29T01:49:58.201+0200] {workday.py:36} WARNING - Could not import pandas. Holidays will not be considered.
[2026-05-29T01:49:58.202+0200] {processor.py:841} WARNING - No viable dags retrieved from /home/frederic/airflow_venv/lib/python3.10/site-packages/airflow/example_dags/plugins/workday.py
[2026-05-29T01:49:58.208+0200] {processor.py:179} INFO - Processing /home/frederic/airflow_venv/lib/python3.10/site-packages/airflow/example_dags/plugins/workday.py took 0.013 seconds
[2026-05-29T01:50:37.316+0200] {processor.py:157} INFO - Started process (PID=615817) to work on /home/frederic/airflow_venv/lib/python3.10/site-packages/airflow/example_dags/plugins/workday.py
[2026-05-29T01:50:37.320+0200] {processor.py:829} INFO - Processing file /home/frederic/airflow_venv/lib/python3.10/site-packages/airflow/example_dags/plugins/workday.py for tasks to queue
[2026-05-29T01:50:37.320+0200] {logging_mixin.py:151} INFO - [2026-05-29T01:50:37.320+0200] {dagbag.py:539} INFO - Filling up the DagBag from /home/frederic/airflow_venv/lib/python3.10/site-packages/airflow/example_dags/plugins/workday.py
[2026-05-29T01:50:37.322+0200] {logging_mixin.py:151} INFO - [2026-05-29T01:50:37.322+0200] {workday.py:36} WARNING - Could not import pandas. Holidays will not be considered.
[2026-05-29T01:50:37.322+0200] {processor.py:841} WARNING - No viable dags retrieved from /home/frederic/airflow_venv/lib/python3.10/site-packages/airflow/example_dags/plugins/workday.py
[2026-05-29T01:50:37.330+0200] {processor.py:179} INFO - Processing /home/frederic/airflow_venv/lib/python3.10/site-packages/airflow/example_dags/plugins/workday.py took 0.016 seconds
[2026-05-29T01:51:20.316+0200] {processor.py:157} INFO - Started process (PID=616849) to work on /home/frederic/airflow_venv/lib/python3.10/site-packages/airflow/example_dags/plugins/workday.py
[2026-05-29T01:51:20.317+0200] {processor.py:829} INFO - Processing file /home/frederic/airflow_venv/lib/python3.10/site-packages/airflow/example_dags/plugins/workday.py for tasks to queue
[2026-05-29T01:51:20.318+0200] {logging_mixin.py:151} INFO - [2026-05-29T01:51:20.318+0200] {dagbag.py:539} INFO - Filling up the DagBag from /home/frederic/airflow_venv/lib/python3.10/site-packages/airflow/example_dags/plugins/workday.py
[2026-05-29T01:51:20.320+0200] {logging_mixin.py:151} INFO - [2026-05-29T01:51:20.320+0200] {workday.py:36} WARNING - Could not import pandas. Holidays will not be considered.
[2026-05-29T01:51:20.321+0200] {processor.py:841} WARNING - No viable dags retrieved from /home/frederic/airflow_venv/lib/python3.10/site-packages/airflow/example_dags/plugins/workday.py
[2026-05-29T01:51:20.329+0200] {processor.py:179} INFO - Processing /home/frederic/airflow_venv/lib/python3.10/site-packages/airflow/example_dags/plugins/workday.py took 0.015 seconds
[2026-05-29T01:51:55.076+0200] {processor.py:157} INFO - Started process (PID=617669) to work on /home/frederic/airflow_venv/lib/python3.10/site-packages/airflow/example_dags/plugins/workday.py
[2026-05-29T01:51:55.080+0200] {processor.py:829} INFO - Processing file /home/frederic/airflow_venv/lib/python3.10/site-packages/airflow/example_dags/plugins/workday.py for tasks to queue
[2026-05-29T01:51:55.080+0200] {logging_mixin.py:151} INFO - [2026-05-29T01:51:55.080+0200] {dagbag.py:539} INFO - Filling up the DagBag from /home/frederic/airflow_venv/lib/python3.10/site-packages/airflow/example_dags/plugins/workday.py
[2026-05-29T01:51:55.083+0200] {logging_mixin.py:151} INFO - [2026-05-29T01:51:55.082+0200] {workday.py:36} WARNING - Could not import pandas. Holidays will not be considered.
[2026-05-29T01:51:55.083+0200] {processor.py:841} WARNING - No viable dags retrieved from /home/frederic/airflow_venv/lib/python3.10/site-packages/airflow/example_dags/plugins/workday.py
[2026-05-29T01:51:55.090+0200] {processor.py:179} INFO - Processing /home/frederic/airflow_venv/lib/python3.10/site-packages/airflow/example_dags/plugins/workday.py took 0.017 seconds
[2026-05-29T01:52:27.637+0200] {processor.py:157} INFO - Started process (PID=618539) to work on /home/frederic/airflow_venv/lib/python3.10/site-packages/airflow/example_dags/plugins/workday.py
[2026-05-29T01:52:27.640+0200] {processor.py:829} INFO - Processing file /home/frederic/airflow_venv/lib/python3.10/site-packages/airflow/example_dags/plugins/workday.py for tasks to queue
[2026-05-29T01:52:27.640+0200] {logging_mixin.py:151} INFO - [2026-05-29T01:52:27.640+0200] {dagbag.py:539} INFO - Filling up the DagBag from /home/frederic/airflow_venv/lib/python3.10/site-packages/airflow/example_dags/plugins/workday.py
[2026-05-29T01:52:27.643+0200] {logging_mixin.py:151} INFO - [2026-05-29T01:52:27.643+0200] {workday.py:36} WARNING - Could not import pandas. Holidays will not be considered.
[2026-05-29T01:52:27.643+0200] {processor.py:841} WARNING - No viable dags retrieved from /home/frederic/airflow_venv/lib/python3.10/site-packages/airflow/example_dags/plugins/workday.py
[2026-05-29T01:52:27.651+0200] {processor.py:179} INFO - Processing /home/frederic/airflow_venv/lib/python3.10/site-packages/airflow/example_dags/plugins/workday.py took 0.017 seconds
[2026-05-29T01:52:58.728+0200] {processor.py:157} INFO - Started process (PID=619679) to work on /home/frederic/airflow_venv/lib/python3.10/site-packages/airflow/example_dags/plugins/workday.py
[2026-05-29T01:52:58.729+0200] {processor.py:829} INFO - Processing file /home/frederic/airflow_venv/lib/python3.10/site-packages/airflow/example_dags/plugins/workday.py for tasks to queue
[2026-05-29T01:52:58.729+0200] {logging_mixin.py:151} INFO - [2026-05-29T01:52:58.729+0200] {dagbag.py:539} INFO - Filling up the DagBag from /home/frederic/airflow_venv/lib/python3.10/site-packages/airflow/example_dags/plugins/workday.py
[2026-05-29T01:52:58.732+0200] {logging_mixin.py:151} INFO - [2026-05-29T01:52:58.732+0200] {workday.py:36} WARNING - Could not import pandas. Holidays will not be considered.
[2026-05-29T01:52:58.732+0200] {processor.py:841} WARNING - No viable dags retrieved from /home/frederic/airflow_venv/lib/python3.10/site-packages/airflow/example_dags/plugins/workday.py
[2026-05-29T01:52:58.740+0200] {processor.py:179} INFO - Processing /home/frederic/airflow_venv/lib/python3.10/site-packages/airflow/example_dags/plugins/workday.py took 0.014 seconds
[2026-05-29T01:53:29.296+0200] {processor.py:157} INFO - Started process (PID=620557) to work on /home/frederic/airflow_venv/lib/python3.10/site-packages/airflow/example_dags/plugins/workday.py
[2026-05-29T01:53:29.297+0200] {processor.py:829} INFO - Processing file /home/frederic/airflow_venv/lib/python3.10/site-packages/airflow/example_dags/plugins/workday.py for tasks to queue
[2026-05-29T01:53:29.298+0200] {logging_mixin.py:151} INFO - [2026-05-29T01:53:29.298+0200] {dagbag.py:539} INFO - Filling up the DagBag from /home/frederic/airflow_venv/lib/python3.10/site-packages/airflow/example_dags/plugins/workday.py
[2026-05-29T01:53:29.300+0200] {logging_mixin.py:151} INFO - [2026-05-29T01:53:29.300+0200] {workday.py:36} WARNING - Could not import pandas. Holidays will not be considered.
[2026-05-29T01:53:29.301+0200] {processor.py:841} WARNING - No viable dags retrieved from /home/frederic/airflow_venv/lib/python3.10/site-packages/airflow/example_dags/plugins/workday.py
[2026-05-29T01:53:29.310+0200] {processor.py:179} INFO - Processing /home/frederic/airflow_venv/lib/python3.10/site-packages/airflow/example_dags/plugins/workday.py took 0.017 seconds
[2026-05-29T01:54:16.678+0200] {processor.py:157} INFO - Started process (PID=621734) to work on /home/frederic/airflow_venv/lib/python3.10/site-packages/airflow/example_dags/plugins/workday.py
[2026-05-29T01:54:16.680+0200] {processor.py:829} INFO - Processing file /home/frederic/airflow_venv/lib/python3.10/site-packages/airflow/example_dags/plugins/workday.py for tasks to queue
[2026-05-29T01:54:16.681+0200] {logging_mixin.py:151} INFO - [2026-05-29T01:54:16.680+0200] {dagbag.py:539} INFO - Filling up the DagBag from /home/frederic/airflow_venv/lib/python3.10/site-packages/airflow/example_dags/plugins/workday.py
[2026-05-29T01:54:16.684+0200] {logging_mixin.py:151} INFO - [2026-05-29T01:54:16.683+0200] {workday.py:36} WARNING - Could not import pandas. Holidays will not be considered.
[2026-05-29T01:54:16.684+0200] {processor.py:841} WARNING - No viable dags retrieved from /home/frederic/airflow_venv/lib/python3.10/site-packages/airflow/example_dags/plugins/workday.py
[2026-05-29T01:54:16.692+0200] {processor.py:179} INFO - Processing /home/frederic/airflow_venv/lib/python3.10/site-packages/airflow/example_dags/plugins/workday.py took 0.017 seconds
[2026-05-29T01:55:00.002+0200] {processor.py:157} INFO - Started process (PID=623489) to work on /home/frederic/airflow_venv/lib/python3.10/site-packages/airflow/example_dags/plugins/workday.py
[2026-05-29T01:55:00.003+0200] {processor.py:829} INFO - Processing file /home/frederic/airflow_venv/lib/python3.10/site-packages/airflow/example_dags/plugins/workday.py for tasks to queue
[2026-05-29T01:55:00.004+0200] {logging_mixin.py:151} INFO - [2026-05-29T01:55:00.004+0200] {dagbag.py:539} INFO - Filling up the DagBag from /home/frederic/airflow_venv/lib/python3.10/site-packages/airflow/example_dags/plugins/workday.py
[2026-05-29T01:55:00.006+0200] {logging_mixin.py:151} INFO - [2026-05-29T01:55:00.006+0200] {workday.py:36} WARNING - Could not import pandas. Holidays will not be considered.
[2026-05-29T01:55:00.007+0200] {processor.py:841} WARNING - No viable dags retrieved from /home/frederic/airflow_venv/lib/python3.10/site-packages/airflow/example_dags/plugins/workday.py
[2026-05-29T01:55:00.016+0200] {processor.py:179} INFO - Processing /home/frederic/airflow_venv/lib/python3.10/site-packages/airflow/example_dags/plugins/workday.py took 0.017 seconds
[2026-05-29T01:55:22.402+0200] {processor.py:157} INFO - Started process (PID=624197) to work on /home/frederic/airflow_venv/lib/python3.10/site-packages/airflow/example_dags/plugins/workday.py
[2026-05-29T01:55:22.403+0200] {processor.py:829} INFO - Processing file /home/frederic/airflow_venv/lib/python3.10/site-packages/airflow/example_dags/plugins/workday.py for tasks to queue
[2026-05-29T01:55:22.404+0200] {logging_mixin.py:151} INFO - [2026-05-29T01:55:22.404+0200] {dagbag.py:539} INFO - Filling up the DagBag from /home/frederic/airflow_venv/lib/python3.10/site-packages/airflow/example_dags/plugins/workday.py
[2026-05-29T01:55:22.407+0200] {logging_mixin.py:151} INFO - [2026-05-29T01:55:22.407+0200] {workday.py:36} WARNING - Could not import pandas. Holidays will not be considered.
[2026-05-29T01:55:22.407+0200] {processor.py:841} WARNING - No viable dags retrieved from /home/frederic/airflow_venv/lib/python3.10/site-packages/airflow/example_dags/plugins/workday.py
[2026-05-29T01:55:22.416+0200] {processor.py:179} INFO - Processing /home/frederic/airflow_venv/lib/python3.10/site-packages/airflow/example_dags/plugins/workday.py took 0.016 seconds
[2026-05-29T01:55:32.799+0200] {processor.py:157} INFO - Started process (PID=624485) to work on /home/frederic/airflow_venv/lib/python3.10/site-packages/airflow/example_dags/plugins/workday.py
[2026-05-29T01:55:32.800+0200] {processor.py:829} INFO - Processing file /home/frederic/airflow_venv/lib/python3.10/site-packages/airflow/example_dags/plugins/workday.py for tasks to queue
[2026-05-29T01:55:32.800+0200] {logging_mixin.py:151} INFO - [2026-05-29T01:55:32.800+0200] {dagbag.py:539} INFO - Filling up the DagBag from /home/frederic/airflow_venv/lib/python3.10/site-packages/airflow/example_dags/plugins/workday.py
[2026-05-29T01:55:32.803+0200] {logging_mixin.py:151} INFO - [2026-05-29T01:55:32.803+0200] {workday.py:36} WARNING - Could not import pandas. Holidays will not be considered.
[2026-05-29T01:55:32.803+0200] {processor.py:841} WARNING - No viable dags retrieved from /home/frederic/airflow_venv/lib/python3.10/site-packages/airflow/example_dags/plugins/workday.py
[2026-05-29T01:55:32.811+0200] {processor.py:179} INFO - Processing /home/frederic/airflow_venv/lib/python3.10/site-packages/airflow/example_dags/plugins/workday.py took 0.014 seconds
[2026-05-29T01:56:10.111+0200] {processor.py:157} INFO - Started process (PID=625627) to work on /home/frederic/airflow_venv/lib/python3.10/site-packages/airflow/example_dags/plugins/workday.py
[2026-05-29T01:56:10.112+0200] {processor.py:829} INFO - Processing file /home/frederic/airflow_venv/lib/python3.10/site-packages/airflow/example_dags/plugins/workday.py for tasks to queue
[2026-05-29T01:56:10.113+0200] {logging_mixin.py:151} INFO - [2026-05-29T01:56:10.112+0200] {dagbag.py:539} INFO - Filling up the DagBag from /home/frederic/airflow_venv/lib/python3.10/site-packages/airflow/example_dags/plugins/workday.py
[2026-05-29T01:56:10.115+0200] {logging_mixin.py:151} INFO - [2026-05-29T01:56:10.115+0200] {workday.py:36} WARNING - Could not import pandas. Holidays will not be considered.
[2026-05-29T01:56:10.115+0200] {processor.py:841} WARNING - No viable dags retrieved from /home/frederic/airflow_venv/lib/python3.10/site-packages/airflow/example_dags/plugins/workday.py
[2026-05-29T01:56:10.123+0200] {processor.py:179} INFO - Processing /home/frederic/airflow_venv/lib/python3.10/site-packages/airflow/example_dags/plugins/workday.py took 0.015 seconds
[2026-05-29T01:56:12.540+0200] {processor.py:157} INFO - Started process (PID=625726) to work on /home/frederic/airflow_venv/lib/python3.10/site-packages/airflow/example_dags/plugins/workday.py
[2026-05-29T01:56:12.540+0200] {processor.py:829} INFO - Processing file /home/frederic/airflow_venv/lib/python3.10/site-packages/airflow/example_dags/plugins/workday.py for tasks to queue
[2026-05-29T01:56:12.541+0200] {logging_mixin.py:151} INFO - [2026-05-29T01:56:12.541+0200] {dagbag.py:539} INFO - Filling up the DagBag from /home/frederic/airflow_venv/lib/python3.10/site-packages/airflow/example_dags/plugins/workday.py
[2026-05-29T01:56:12.544+0200] {logging_mixin.py:151} INFO - [2026-05-29T01:56:12.544+0200] {workday.py:36} WARNING - Could not import pandas. Holidays will not be considered.
[2026-05-29T01:56:12.544+0200] {processor.py:841} WARNING - No viable dags retrieved from /home/frederic/airflow_venv/lib/python3.10/site-packages/airflow/example_dags/plugins/workday.py
[2026-05-29T01:56:12.553+0200] {processor.py:179} INFO - Processing /home/frederic/airflow_venv/lib/python3.10/site-packages/airflow/example_dags/plugins/workday.py took 0.017 seconds
[2026-05-29T01:56:54.091+0200] {processor.py:157} INFO - Started process (PID=627059) to work on /home/frederic/airflow_venv/lib/python3.10/site-packages/airflow/example_dags/plugins/workday.py
[2026-05-29T01:56:54.093+0200] {processor.py:829} INFO - Processing file /home/frederic/airflow_venv/lib/python3.10/site-packages/airflow/example_dags/plugins/workday.py for tasks to queue
[2026-05-29T01:56:54.095+0200] {logging_mixin.py:151} INFO - [2026-05-29T01:56:54.094+0200] {dagbag.py:539} INFO - Filling up the DagBag from /home/frederic/airflow_venv/lib/python3.10/site-packages/airflow/example_dags/plugins/workday.py
[2026-05-29T01:56:54.101+0200] {logging_mixin.py:151} INFO - [2026-05-29T01:56:54.100+0200] {workday.py:36} WARNING - Could not import pandas. Holidays will not be considered.
[2026-05-29T01:56:54.102+0200] {processor.py:841} WARNING - No viable dags retrieved from /home/frederic/airflow_venv/lib/python3.10/site-packages/airflow/example_dags/plugins/workday.py
[2026-05-29T01:56:54.117+0200] {processor.py:179} INFO - Processing /home/frederic/airflow_venv/lib/python3.10/site-packages/airflow/example_dags/plugins/workday.py took 0.033 seconds
[2026-05-29T01:56:56.298+0200] {processor.py:157} INFO - Started process (PID=627164) to work on /home/frederic/airflow_venv/lib/python3.10/site-packages/airflow/example_dags/plugins/workday.py
[2026-05-29T01:56:56.298+0200] {processor.py:829} INFO - Processing file /home/frederic/airflow_venv/lib/python3.10/site-packages/airflow/example_dags/plugins/workday.py for tasks to queue
[2026-05-29T01:56:56.299+0200] {logging_mixin.py:151} INFO - [2026-05-29T01:56:56.299+0200] {dagbag.py:539} INFO - Filling up the DagBag from /home/frederic/airflow_venv/lib/python3.10/site-packages/airflow/example_dags/plugins/workday.py
[2026-05-29T01:56:56.301+0200] {logging_mixin.py:151} INFO - [2026-05-29T01:56:56.301+0200] {workday.py:36} WARNING - Could not import pandas. Holidays will not be considered.
[2026-05-29T01:56:56.302+0200] {processor.py:841} WARNING - No viable dags retrieved from /home/frederic/airflow_venv/lib/python3.10/site-packages/airflow/example_dags/plugins/workday.py
[2026-05-29T01:56:56.311+0200] {processor.py:179} INFO - Processing /home/frederic/airflow_venv/lib/python3.10/site-packages/airflow/example_dags/plugins/workday.py took 0.017 seconds
[2026-05-29T01:57:25.497+0200] {processor.py:157} INFO - Started process (PID=627995) to work on /home/frederic/airflow_venv/lib/python3.10/site-packages/airflow/example_dags/plugins/workday.py
[2026-05-29T01:57:25.498+0200] {processor.py:829} INFO - Processing file /home/frederic/airflow_venv/lib/python3.10/site-packages/airflow/example_dags/plugins/workday.py for tasks to queue
[2026-05-29T01:57:25.499+0200] {logging_mixin.py:151} INFO - [2026-05-29T01:57:25.499+0200] {dagbag.py:539} INFO - Filling up the DagBag from /home/frederic/airflow_venv/lib/python3.10/site-packages/airflow/example_dags/plugins/workday.py
[2026-05-29T01:57:25.502+0200] {logging_mixin.py:151} INFO - [2026-05-29T01:57:25.502+0200] {workday.py:36} WARNING - Could not import pandas. Holidays will not be considered.
[2026-05-29T01:57:25.503+0200] {processor.py:841} WARNING - No viable dags retrieved from /home/frederic/airflow_venv/lib/python3.10/site-packages/airflow/example_dags/plugins/workday.py
[2026-05-29T01:57:25.514+0200] {processor.py:179} INFO - Processing /home/frederic/airflow_venv/lib/python3.10/site-packages/airflow/example_dags/plugins/workday.py took 0.021 seconds
[2026-05-29T01:57:28.660+0200] {processor.py:157} INFO - Started process (PID=628082) to work on /home/frederic/airflow_venv/lib/python3.10/site-packages/airflow/example_dags/plugins/workday.py
[2026-05-29T01:57:28.661+0200] {processor.py:829} INFO - Processing file /home/frederic/airflow_venv/lib/python3.10/site-packages/airflow/example_dags/plugins/workday.py for tasks to queue
[2026-05-29T01:57:28.661+0200] {logging_mixin.py:151} INFO - [2026-05-29T01:57:28.661+0200] {dagbag.py:539} INFO - Filling up the DagBag from /home/frederic/airflow_venv/lib/python3.10/site-packages/airflow/example_dags/plugins/workday.py
[2026-05-29T01:57:28.664+0200] {logging_mixin.py:151} INFO - [2026-05-29T01:57:28.664+0200] {workday.py:36} WARNING - Could not import pandas. Holidays will not be considered.
[2026-05-29T01:57:28.664+0200] {processor.py:841} WARNING - No viable dags retrieved from /home/frederic/airflow_venv/lib/python3.10/site-packages/airflow/example_dags/plugins/workday.py
[2026-05-29T01:57:28.672+0200] {processor.py:179} INFO - Processing /home/frederic/airflow_venv/lib/python3.10/site-packages/airflow/example_dags/plugins/workday.py took 0.015 seconds
[2026-05-29T01:57:57.262+0200] {processor.py:157} INFO - Started process (PID=629304) to work on /home/frederic/airflow_venv/lib/python3.10/site-packages/airflow/example_dags/plugins/workday.py
[2026-05-29T01:57:57.263+0200] {processor.py:829} INFO - Processing file /home/frederic/airflow_venv/lib/python3.10/site-packages/airflow/example_dags/plugins/workday.py for tasks to queue
[2026-05-29T01:57:57.264+0200] {logging_mixin.py:151} INFO - [2026-05-29T01:57:57.264+0200] {dagbag.py:539} INFO - Filling up the DagBag from /home/frederic/airflow_venv/lib/python3.10/site-packages/airflow/example_dags/plugins/workday.py
[2026-05-29T01:57:57.268+0200] {logging_mixin.py:151} INFO - [2026-05-29T01:57:57.268+0200] {workday.py:36} WARNING - Could not import pandas. Holidays will not be considered.
[2026-05-29T01:57:57.269+0200] {processor.py:841} WARNING - No viable dags retrieved from /home/frederic/airflow_venv/lib/python3.10/site-packages/airflow/example_dags/plugins/workday.py
[2026-05-29T01:57:57.279+0200] {processor.py:179} INFO - Processing /home/frederic/airflow_venv/lib/python3.10/site-packages/airflow/example_dags/plugins/workday.py took 0.021 seconds
[2026-05-29T01:58:00.784+0200] {processor.py:157} INFO - Started process (PID=629380) to work on /home/frederic/airflow_venv/lib/python3.10/site-packages/airflow/example_dags/plugins/workday.py
[2026-05-29T01:58:00.785+0200] {processor.py:829} INFO - Processing file /home/frederic/airflow_venv/lib/python3.10/site-packages/airflow/example_dags/plugins/workday.py for tasks to queue
[2026-05-29T01:58:00.786+0200] {logging_mixin.py:151} INFO - [2026-05-29T01:58:00.786+0200] {dagbag.py:539} INFO - Filling up the DagBag from /home/frederic/airflow_venv/lib/python3.10/site-packages/airflow/example_dags/plugins/workday.py
[2026-05-29T01:58:00.789+0200] {logging_mixin.py:151} INFO - [2026-05-29T01:58:00.789+0200] {workday.py:36} WARNING - Could not import pandas. Holidays will not be considered.
[2026-05-29T01:58:00.789+0200] {processor.py:841} WARNING - No viable dags retrieved from /home/frederic/airflow_venv/lib/python3.10/site-packages/airflow/example_dags/plugins/workday.py
[2026-05-29T01:58:00.801+0200] {processor.py:179} INFO - Processing /home/frederic/airflow_venv/lib/python3.10/site-packages/airflow/example_dags/plugins/workday.py took 0.020 seconds
[2026-05-29T01:58:29.839+0200] {processor.py:157} INFO - Started process (PID=630417) to work on /home/frederic/airflow_venv/lib/python3.10/site-packages/airflow/example_dags/plugins/workday.py
[2026-05-29T01:58:29.840+0200] {processor.py:829} INFO - Processing file /home/frederic/airflow_venv/lib/python3.10/site-packages/airflow/example_dags/plugins/workday.py for tasks to queue
[2026-05-29T01:58:29.841+0200] {logging_mixin.py:151} INFO - [2026-05-29T01:58:29.841+0200] {dagbag.py:539} INFO - Filling up the DagBag from /home/frederic/airflow_venv/lib/python3.10/site-packages/airflow/example_dags/plugins/workday.py
[2026-05-29T01:58:29.843+0200] {logging_mixin.py:151} INFO - [2026-05-29T01:58:29.843+0200] {workday.py:36} WARNING - Could not import pandas. Holidays will not be considered.
[2026-05-29T01:58:29.843+0200] {processor.py:841} WARNING - No viable dags retrieved from /home/frederic/airflow_venv/lib/python3.10/site-packages/airflow/example_dags/plugins/workday.py
[2026-05-29T01:58:29.855+0200] {processor.py:179} INFO - Processing /home/frederic/airflow_venv/lib/python3.10/site-packages/airflow/example_dags/plugins/workday.py took 0.019 seconds
[2026-05-29T01:58:39.639+0200] {processor.py:157} INFO - Started process (PID=630899) to work on /home/frederic/airflow_venv/lib/python3.10/site-packages/airflow/example_dags/plugins/workday.py
[2026-05-29T01:58:39.641+0200] {processor.py:829} INFO - Processing file /home/frederic/airflow_venv/lib/python3.10/site-packages/airflow/example_dags/plugins/workday.py for tasks to queue
[2026-05-29T01:58:39.642+0200] {logging_mixin.py:151} INFO - [2026-05-29T01:58:39.642+0200] {dagbag.py:539} INFO - Filling up the DagBag from /home/frederic/airflow_venv/lib/python3.10/site-packages/airflow/example_dags/plugins/workday.py
[2026-05-29T01:58:39.646+0200] {logging_mixin.py:151} INFO - [2026-05-29T01:58:39.646+0200] {workday.py:36} WARNING - Could not import pandas. Holidays will not be considered.
[2026-05-29T01:58:39.647+0200] {processor.py:841} WARNING - No viable dags retrieved from /home/frederic/airflow_venv/lib/python3.10/site-packages/airflow/example_dags/plugins/workday.py
[2026-05-29T01:58:39.656+0200] {processor.py:179} INFO - Processing /home/frederic/airflow_venv/lib/python3.10/site-packages/airflow/example_dags/plugins/workday.py took 0.021 seconds
[2026-05-29T01:59:05.934+0200] {processor.py:157} INFO - Started process (PID=631634) to work on /home/frederic/airflow_venv/lib/python3.10/site-packages/airflow/example_dags/plugins/workday.py
[2026-05-29T01:59:05.936+0200] {processor.py:829} INFO - Processing file /home/frederic/airflow_venv/lib/python3.10/site-packages/airflow/example_dags/plugins/workday.py for tasks to queue
[2026-05-29T01:59:05.937+0200] {logging_mixin.py:151} INFO - [2026-05-29T01:59:05.937+0200] {dagbag.py:539} INFO - Filling up the DagBag from /home/frederic/airflow_venv/lib/python3.10/site-packages/airflow/example_dags/plugins/workday.py
[2026-05-29T01:59:05.941+0200] {logging_mixin.py:151} INFO - [2026-05-29T01:59:05.941+0200] {workday.py:36} WARNING - Could not import pandas. Holidays will not be considered.
[2026-05-29T01:59:05.942+0200] {processor.py:841} WARNING - No viable dags retrieved from /home/frederic/airflow_venv/lib/python3.10/site-packages/airflow/example_dags/plugins/workday.py
[2026-05-29T01:59:05.954+0200] {processor.py:179} INFO - Processing /home/frederic/airflow_venv/lib/python3.10/site-packages/airflow/example_dags/plugins/workday.py took 0.026 seconds
[2026-05-29T01:59:18.694+0200] {processor.py:157} INFO - Started process (PID=631989) to work on /home/frederic/airflow_venv/lib/python3.10/site-packages/airflow/example_dags/plugins/workday.py
[2026-05-29T01:59:18.695+0200] {processor.py:829} INFO - Processing file /home/frederic/airflow_venv/lib/python3.10/site-packages/airflow/example_dags/plugins/workday.py for tasks to queue
[2026-05-29T01:59:18.696+0200] {logging_mixin.py:151} INFO - [2026-05-29T01:59:18.695+0200] {dagbag.py:539} INFO - Filling up the DagBag from /home/frederic/airflow_venv/lib/python3.10/site-packages/airflow/example_dags/plugins/workday.py
[2026-05-29T01:59:18.698+0200] {logging_mixin.py:151} INFO - [2026-05-29T01:59:18.698+0200] {workday.py:36} WARNING - Could not import pandas. Holidays will not be considered.
[2026-05-29T01:59:18.699+0200] {processor.py:841} WARNING - No viable dags retrieved from /home/frederic/airflow_venv/lib/python3.10/site-packages/airflow/example_dags/plugins/workday.py
[2026-05-29T01:59:18.707+0200] {processor.py:179} INFO - Processing /home/frederic/airflow_venv/lib/python3.10/site-packages/airflow/example_dags/plugins/workday.py took 0.015 seconds
[2026-05-29T01:59:37.059+0200] {processor.py:157} INFO - Started process (PID=632519) to work on /home/frederic/airflow_venv/lib/python3.10/site-packages/airflow/example_dags/plugins/workday.py
[2026-05-29T01:59:37.060+0200] {processor.py:829} INFO - Processing file /home/frederic/airflow_venv/lib/python3.10/site-packages/airflow/example_dags/plugins/workday.py for tasks to queue
[2026-05-29T01:59:37.060+0200] {logging_mixin.py:151} INFO - [2026-05-29T01:59:37.060+0200] {dagbag.py:539} INFO - Filling up the DagBag from /home/frederic/airflow_venv/lib/python3.10/site-packages/airflow/example_dags/plugins/workday.py
[2026-05-29T01:59:37.063+0200] {logging_mixin.py:151} INFO - [2026-05-29T01:59:37.063+0200] {workday.py:36} WARNING - Could not import pandas. Holidays will not be considered.
[2026-05-29T01:59:37.063+0200] {processor.py:841} WARNING - No viable dags retrieved from /home/frederic/airflow_venv/lib/python3.10/site-packages/airflow/example_dags/plugins/workday.py
[2026-05-29T01:59:37.071+0200] {processor.py:179} INFO - Processing /home/frederic/airflow_venv/lib/python3.10/site-packages/airflow/example_dags/plugins/workday.py took 0.015 seconds
