[2026-05-29T01:51:34.771+0200] {processor.py:157} INFO - Started process (PID=617136) to work on /home/frederic/airflow/dags/stripe_daily_etl.py
[2026-05-29T01:51:34.772+0200] {processor.py:829} INFO - Processing file /home/frederic/airflow/dags/stripe_daily_etl.py for tasks to queue
[2026-05-29T01:51:34.772+0200] {logging_mixin.py:151} INFO - [2026-05-29T01:51:34.772+0200] {dagbag.py:539} INFO - Filling up the DagBag from /home/frederic/airflow/dags/stripe_daily_etl.py
[2026-05-29T01:51:34.776+0200] {logging_mixin.py:151} INFO - [2026-05-29T01:51:34.775+0200] {dagbag.py:347} ERROR - Failed to import: /home/frederic/airflow/dags/stripe_daily_etl.py
Traceback (most recent call last):
  File "/home/frederic/airflow_venv/lib/python3.10/site-packages/airflow/models/dagbag.py", line 343, in parse
    loader.exec_module(new_module)
  File "<frozen importlib._bootstrap_external>", line 883, in exec_module
  File "<frozen importlib._bootstrap>", line 241, in _call_with_frames_removed
  File "/home/frederic/airflow/dags/stripe_daily_etl.py", line 2, in <module>
    from airflow.providers.snowflake.operators.snowflake import SnowflakeOperator
ModuleNotFoundError: No module named 'airflow.providers.snowflake'
[2026-05-29T01:51:34.777+0200] {processor.py:841} WARNING - No viable dags retrieved from /home/frederic/airflow/dags/stripe_daily_etl.py
[2026-05-29T01:51:34.790+0200] {processor.py:179} INFO - Processing /home/frederic/airflow/dags/stripe_daily_etl.py took 0.021 seconds
[2026-05-29T01:52:11.081+0200] {processor.py:157} INFO - Started process (PID=618078) to work on /home/frederic/airflow/dags/stripe_daily_etl.py
[2026-05-29T01:52:11.084+0200] {processor.py:829} INFO - Processing file /home/frederic/airflow/dags/stripe_daily_etl.py for tasks to queue
[2026-05-29T01:52:11.085+0200] {logging_mixin.py:151} INFO - [2026-05-29T01:52:11.085+0200] {dagbag.py:539} INFO - Filling up the DagBag from /home/frederic/airflow/dags/stripe_daily_etl.py
[2026-05-29T01:52:11.088+0200] {logging_mixin.py:151} INFO - [2026-05-29T01:52:11.087+0200] {dagbag.py:347} ERROR - Failed to import: /home/frederic/airflow/dags/stripe_daily_etl.py
Traceback (most recent call last):
  File "/home/frederic/airflow_venv/lib/python3.10/site-packages/airflow/models/dagbag.py", line 343, in parse
    loader.exec_module(new_module)
  File "<frozen importlib._bootstrap_external>", line 883, in exec_module
  File "<frozen importlib._bootstrap>", line 241, in _call_with_frames_removed
  File "/home/frederic/airflow/dags/stripe_daily_etl.py", line 2, in <module>
    from airflow.providers.snowflake.operators.snowflake import SnowflakeOperator
ModuleNotFoundError: No module named 'airflow.providers.snowflake'
[2026-05-29T01:52:11.088+0200] {processor.py:841} WARNING - No viable dags retrieved from /home/frederic/airflow/dags/stripe_daily_etl.py
[2026-05-29T01:52:11.102+0200] {processor.py:179} INFO - Processing /home/frederic/airflow/dags/stripe_daily_etl.py took 0.024 seconds
[2026-05-29T01:52:43.583+0200] {processor.py:157} INFO - Started process (PID=619286) to work on /home/frederic/airflow/dags/stripe_daily_etl.py
[2026-05-29T01:52:43.583+0200] {processor.py:829} INFO - Processing file /home/frederic/airflow/dags/stripe_daily_etl.py for tasks to queue
[2026-05-29T01:52:43.584+0200] {logging_mixin.py:151} INFO - [2026-05-29T01:52:43.584+0200] {dagbag.py:539} INFO - Filling up the DagBag from /home/frederic/airflow/dags/stripe_daily_etl.py
[2026-05-29T01:52:43.587+0200] {logging_mixin.py:151} INFO - [2026-05-29T01:52:43.586+0200] {dagbag.py:347} ERROR - Failed to import: /home/frederic/airflow/dags/stripe_daily_etl.py
Traceback (most recent call last):
  File "/home/frederic/airflow_venv/lib/python3.10/site-packages/airflow/models/dagbag.py", line 343, in parse
    loader.exec_module(new_module)
  File "<frozen importlib._bootstrap_external>", line 883, in exec_module
  File "<frozen importlib._bootstrap>", line 241, in _call_with_frames_removed
  File "/home/frederic/airflow/dags/stripe_daily_etl.py", line 2, in <module>
    from airflow.providers.snowflake.operators.snowflake import SnowflakeOperator
ModuleNotFoundError: No module named 'airflow.providers.snowflake'
[2026-05-29T01:52:43.588+0200] {processor.py:841} WARNING - No viable dags retrieved from /home/frederic/airflow/dags/stripe_daily_etl.py
[2026-05-29T01:52:43.603+0200] {processor.py:179} INFO - Processing /home/frederic/airflow/dags/stripe_daily_etl.py took 0.024 seconds
[2026-05-29T01:53:13.865+0200] {processor.py:157} INFO - Started process (PID=620106) to work on /home/frederic/airflow/dags/stripe_daily_etl.py
[2026-05-29T01:53:13.868+0200] {processor.py:829} INFO - Processing file /home/frederic/airflow/dags/stripe_daily_etl.py for tasks to queue
[2026-05-29T01:53:13.869+0200] {logging_mixin.py:151} INFO - [2026-05-29T01:53:13.869+0200] {dagbag.py:539} INFO - Filling up the DagBag from /home/frederic/airflow/dags/stripe_daily_etl.py
[2026-05-29T01:53:13.872+0200] {logging_mixin.py:151} INFO - [2026-05-29T01:53:13.871+0200] {dagbag.py:347} ERROR - Failed to import: /home/frederic/airflow/dags/stripe_daily_etl.py
Traceback (most recent call last):
  File "/home/frederic/airflow_venv/lib/python3.10/site-packages/airflow/models/dagbag.py", line 343, in parse
    loader.exec_module(new_module)
  File "<frozen importlib._bootstrap_external>", line 883, in exec_module
  File "<frozen importlib._bootstrap>", line 241, in _call_with_frames_removed
  File "/home/frederic/airflow/dags/stripe_daily_etl.py", line 2, in <module>
    from airflow.providers.snowflake.operators.snowflake import SnowflakeOperator
ModuleNotFoundError: No module named 'airflow.providers.snowflake'
[2026-05-29T01:53:13.872+0200] {processor.py:841} WARNING - No viable dags retrieved from /home/frederic/airflow/dags/stripe_daily_etl.py
[2026-05-29T01:53:13.886+0200] {processor.py:179} INFO - Processing /home/frederic/airflow/dags/stripe_daily_etl.py took 0.023 seconds
[2026-05-29T01:53:44.143+0200] {processor.py:157} INFO - Started process (PID=620932) to work on /home/frederic/airflow/dags/stripe_daily_etl.py
[2026-05-29T01:53:44.144+0200] {processor.py:829} INFO - Processing file /home/frederic/airflow/dags/stripe_daily_etl.py for tasks to queue
[2026-05-29T01:53:44.145+0200] {logging_mixin.py:151} INFO - [2026-05-29T01:53:44.145+0200] {dagbag.py:539} INFO - Filling up the DagBag from /home/frederic/airflow/dags/stripe_daily_etl.py
[2026-05-29T01:53:44.148+0200] {logging_mixin.py:151} INFO - [2026-05-29T01:53:44.147+0200] {dagbag.py:347} ERROR - Failed to import: /home/frederic/airflow/dags/stripe_daily_etl.py
Traceback (most recent call last):
  File "/home/frederic/airflow_venv/lib/python3.10/site-packages/airflow/models/dagbag.py", line 343, in parse
    loader.exec_module(new_module)
  File "<frozen importlib._bootstrap_external>", line 883, in exec_module
  File "<frozen importlib._bootstrap>", line 241, in _call_with_frames_removed
  File "/home/frederic/airflow/dags/stripe_daily_etl.py", line 2, in <module>
    from airflow.providers.snowflake.operators.snowflake import SnowflakeOperator
ModuleNotFoundError: No module named 'airflow.providers.snowflake'
[2026-05-29T01:53:44.148+0200] {processor.py:841} WARNING - No viable dags retrieved from /home/frederic/airflow/dags/stripe_daily_etl.py
[2026-05-29T01:53:44.164+0200] {processor.py:179} INFO - Processing /home/frederic/airflow/dags/stripe_daily_etl.py took 0.023 seconds
[2026-05-29T01:54:15.531+0200] {processor.py:157} INFO - Started process (PID=621672) to work on /home/frederic/airflow/dags/stripe_daily_etl.py
[2026-05-29T01:54:15.534+0200] {processor.py:829} INFO - Processing file /home/frederic/airflow/dags/stripe_daily_etl.py for tasks to queue
[2026-05-29T01:54:15.535+0200] {logging_mixin.py:151} INFO - [2026-05-29T01:54:15.535+0200] {dagbag.py:539} INFO - Filling up the DagBag from /home/frederic/airflow/dags/stripe_daily_etl.py
[2026-05-29T01:54:15.538+0200] {logging_mixin.py:151} INFO - [2026-05-29T01:54:15.537+0200] {dagbag.py:347} ERROR - Failed to import: /home/frederic/airflow/dags/stripe_daily_etl.py
Traceback (most recent call last):
  File "/home/frederic/airflow_venv/lib/python3.10/site-packages/airflow/models/dagbag.py", line 343, in parse
    loader.exec_module(new_module)
  File "<frozen importlib._bootstrap_external>", line 883, in exec_module
  File "<frozen importlib._bootstrap>", line 241, in _call_with_frames_removed
  File "/home/frederic/airflow/dags/stripe_daily_etl.py", line 2, in <module>
    from airflow.providers.snowflake.operators.snowflake import SnowflakeOperator
ModuleNotFoundError: No module named 'airflow.providers.snowflake'
[2026-05-29T01:54:15.538+0200] {processor.py:841} WARNING - No viable dags retrieved from /home/frederic/airflow/dags/stripe_daily_etl.py
[2026-05-29T01:54:15.554+0200] {processor.py:179} INFO - Processing /home/frederic/airflow/dags/stripe_daily_etl.py took 0.025 seconds
[2026-05-29T01:54:46.289+0200] {processor.py:157} INFO - Started process (PID=622810) to work on /home/frederic/airflow/dags/stripe_daily_etl.py
[2026-05-29T01:54:46.290+0200] {processor.py:829} INFO - Processing file /home/frederic/airflow/dags/stripe_daily_etl.py for tasks to queue
[2026-05-29T01:54:46.290+0200] {logging_mixin.py:151} INFO - [2026-05-29T01:54:46.290+0200] {dagbag.py:539} INFO - Filling up the DagBag from /home/frederic/airflow/dags/stripe_daily_etl.py
[2026-05-29T01:54:46.302+0200] {processor.py:839} INFO - DAG(s) dict_keys(['stripe_daily_etl']) retrieved from /home/frederic/airflow/dags/stripe_daily_etl.py
[2026-05-29T01:54:46.399+0200] {logging_mixin.py:151} INFO - [2026-05-29T01:54:46.399+0200] {manager.py:499} INFO - Created Permission View: %s
[2026-05-29T01:54:46.409+0200] {logging_mixin.py:151} INFO - [2026-05-29T01:54:46.409+0200] {manager.py:499} INFO - Created Permission View: %s
[2026-05-29T01:54:46.421+0200] {logging_mixin.py:151} INFO - [2026-05-29T01:54:46.421+0200] {manager.py:499} INFO - Created Permission View: %s
[2026-05-29T01:54:46.422+0200] {logging_mixin.py:151} INFO - [2026-05-29T01:54:46.422+0200] {security.py:708} INFO - Not syncing DAG-level permissions for DAG 'DAG:stripe_daily_etl' as access control is unset.
[2026-05-29T01:54:46.422+0200] {logging_mixin.py:151} INFO - [2026-05-29T01:54:46.422+0200] {dag.py:2915} INFO - Sync 1 DAGs
[2026-05-29T01:54:46.436+0200] {logging_mixin.py:151} INFO - [2026-05-29T01:54:46.435+0200] {dag.py:2937} INFO - Creating ORM DAG for stripe_daily_etl
[2026-05-29T01:54:46.453+0200] {logging_mixin.py:151} INFO - [2026-05-29T01:54:46.452+0200] {dag.py:3696} INFO - Setting next_dagrun for stripe_daily_etl to 2026-05-27T02:00:00+00:00, run_after=2026-05-28T02:00:00+00:00
[2026-05-29T01:54:46.475+0200] {processor.py:179} INFO - Processing /home/frederic/airflow/dags/stripe_daily_etl.py took 0.189 seconds
[2026-05-29T01:55:19.998+0200] {processor.py:157} INFO - Started process (PID=624111) to work on /home/frederic/airflow/dags/stripe_daily_etl.py
[2026-05-29T01:55:19.999+0200] {processor.py:829} INFO - Processing file /home/frederic/airflow/dags/stripe_daily_etl.py for tasks to queue
[2026-05-29T01:55:20.000+0200] {logging_mixin.py:151} INFO - [2026-05-29T01:55:20.000+0200] {dagbag.py:539} INFO - Filling up the DagBag from /home/frederic/airflow/dags/stripe_daily_etl.py
[2026-05-29T01:55:20.021+0200] {processor.py:839} INFO - DAG(s) dict_keys(['stripe_daily_etl']) retrieved from /home/frederic/airflow/dags/stripe_daily_etl.py
[2026-05-29T01:55:20.031+0200] {logging_mixin.py:151} INFO - [2026-05-29T01:55:20.030+0200] {dag.py:2915} INFO - Sync 1 DAGs
[2026-05-29T01:55:20.072+0200] {logging_mixin.py:151} INFO - [2026-05-29T01:55:20.072+0200] {dag.py:3696} INFO - Setting next_dagrun for stripe_daily_etl to 2026-05-27T02:00:00+00:00, run_after=2026-05-28T02:00:00+00:00
[2026-05-29T01:55:20.102+0200] {processor.py:179} INFO - Processing /home/frederic/airflow/dags/stripe_daily_etl.py took 0.108 seconds
[2026-05-29T01:55:32.555+0200] {processor.py:157} INFO - Started process (PID=624472) to work on /home/frederic/airflow/dags/stripe_daily_etl.py
[2026-05-29T01:55:32.556+0200] {processor.py:829} INFO - Processing file /home/frederic/airflow/dags/stripe_daily_etl.py for tasks to queue
[2026-05-29T01:55:32.556+0200] {logging_mixin.py:151} INFO - [2026-05-29T01:55:32.556+0200] {dagbag.py:539} INFO - Filling up the DagBag from /home/frederic/airflow/dags/stripe_daily_etl.py
[2026-05-29T01:55:32.565+0200] {processor.py:839} INFO - DAG(s) dict_keys(['stripe_daily_etl']) retrieved from /home/frederic/airflow/dags/stripe_daily_etl.py
[2026-05-29T01:55:32.572+0200] {logging_mixin.py:151} INFO - [2026-05-29T01:55:32.572+0200] {dag.py:2915} INFO - Sync 1 DAGs
[2026-05-29T01:55:32.593+0200] {logging_mixin.py:151} INFO - [2026-05-29T01:55:32.593+0200] {dag.py:3696} INFO - Setting next_dagrun for stripe_daily_etl to 2026-05-27T02:00:00+00:00, run_after=2026-05-28T02:00:00+00:00
[2026-05-29T01:55:32.613+0200] {processor.py:179} INFO - Processing /home/frederic/airflow/dags/stripe_daily_etl.py took 0.060 seconds
[2026-05-29T01:56:09.663+0200] {processor.py:157} INFO - Started process (PID=625625) to work on /home/frederic/airflow/dags/stripe_daily_etl.py
[2026-05-29T01:56:09.664+0200] {processor.py:829} INFO - Processing file /home/frederic/airflow/dags/stripe_daily_etl.py for tasks to queue
[2026-05-29T01:56:09.665+0200] {logging_mixin.py:151} INFO - [2026-05-29T01:56:09.665+0200] {dagbag.py:539} INFO - Filling up the DagBag from /home/frederic/airflow/dags/stripe_daily_etl.py
[2026-05-29T01:56:09.673+0200] {processor.py:839} INFO - DAG(s) dict_keys(['stripe_daily_etl']) retrieved from /home/frederic/airflow/dags/stripe_daily_etl.py
[2026-05-29T01:56:09.685+0200] {logging_mixin.py:151} INFO - [2026-05-29T01:56:09.685+0200] {dag.py:2915} INFO - Sync 1 DAGs
[2026-05-29T01:56:09.704+0200] {logging_mixin.py:151} INFO - [2026-05-29T01:56:09.704+0200] {dag.py:3696} INFO - Setting next_dagrun for stripe_daily_etl to 2026-05-28T02:00:00+00:00, run_after=2026-05-29T02:00:00+00:00
[2026-05-29T01:56:09.721+0200] {processor.py:179} INFO - Processing /home/frederic/airflow/dags/stripe_daily_etl.py took 0.060 seconds
[2026-05-29T01:56:11.216+0200] {processor.py:157} INFO - Started process (PID=625693) to work on /home/frederic/airflow/dags/stripe_daily_etl.py
[2026-05-29T01:56:11.217+0200] {processor.py:829} INFO - Processing file /home/frederic/airflow/dags/stripe_daily_etl.py for tasks to queue
[2026-05-29T01:56:11.218+0200] {logging_mixin.py:151} INFO - [2026-05-29T01:56:11.218+0200] {dagbag.py:539} INFO - Filling up the DagBag from /home/frederic/airflow/dags/stripe_daily_etl.py
[2026-05-29T01:56:11.226+0200] {processor.py:839} INFO - DAG(s) dict_keys(['stripe_daily_etl']) retrieved from /home/frederic/airflow/dags/stripe_daily_etl.py
[2026-05-29T01:56:11.240+0200] {logging_mixin.py:151} INFO - [2026-05-29T01:56:11.240+0200] {dag.py:2915} INFO - Sync 1 DAGs
[2026-05-29T01:56:11.273+0200] {logging_mixin.py:151} INFO - [2026-05-29T01:56:11.273+0200] {dag.py:3696} INFO - Setting next_dagrun for stripe_daily_etl to 2026-05-28T02:00:00+00:00, run_after=2026-05-29T02:00:00+00:00
[2026-05-29T01:56:11.296+0200] {processor.py:179} INFO - Processing /home/frederic/airflow/dags/stripe_daily_etl.py took 0.083 seconds
[2026-05-29T01:56:52.922+0200] {processor.py:157} INFO - Started process (PID=627013) to work on /home/frederic/airflow/dags/stripe_daily_etl.py
[2026-05-29T01:56:52.923+0200] {processor.py:829} INFO - Processing file /home/frederic/airflow/dags/stripe_daily_etl.py for tasks to queue
[2026-05-29T01:56:52.924+0200] {logging_mixin.py:151} INFO - [2026-05-29T01:56:52.924+0200] {dagbag.py:539} INFO - Filling up the DagBag from /home/frederic/airflow/dags/stripe_daily_etl.py
[2026-05-29T01:56:52.935+0200] {processor.py:839} INFO - DAG(s) dict_keys(['stripe_daily_etl']) retrieved from /home/frederic/airflow/dags/stripe_daily_etl.py
[2026-05-29T01:56:52.949+0200] {logging_mixin.py:151} INFO - [2026-05-29T01:56:52.949+0200] {dag.py:2915} INFO - Sync 1 DAGs
[2026-05-29T01:56:52.970+0200] {logging_mixin.py:151} INFO - [2026-05-29T01:56:52.970+0200] {dag.py:3696} INFO - Setting next_dagrun for stripe_daily_etl to 2026-05-28T02:00:00+00:00, run_after=2026-05-29T02:00:00+00:00
[2026-05-29T01:56:52.989+0200] {processor.py:179} INFO - Processing /home/frederic/airflow/dags/stripe_daily_etl.py took 0.069 seconds
[2026-05-29T01:56:53.780+0200] {processor.py:157} INFO - Started process (PID=627036) to work on /home/frederic/airflow/dags/stripe_daily_etl.py
[2026-05-29T01:56:53.781+0200] {processor.py:829} INFO - Processing file /home/frederic/airflow/dags/stripe_daily_etl.py for tasks to queue
[2026-05-29T01:56:53.783+0200] {logging_mixin.py:151} INFO - [2026-05-29T01:56:53.782+0200] {dagbag.py:539} INFO - Filling up the DagBag from /home/frederic/airflow/dags/stripe_daily_etl.py
[2026-05-29T01:56:53.800+0200] {processor.py:839} INFO - DAG(s) dict_keys(['stripe_daily_etl']) retrieved from /home/frederic/airflow/dags/stripe_daily_etl.py
[2026-05-29T01:56:53.825+0200] {logging_mixin.py:151} INFO - [2026-05-29T01:56:53.825+0200] {dag.py:2915} INFO - Sync 1 DAGs
[2026-05-29T01:56:53.883+0200] {logging_mixin.py:151} INFO - [2026-05-29T01:56:53.883+0200] {dag.py:3696} INFO - Setting next_dagrun for stripe_daily_etl to 2026-05-28T02:00:00+00:00, run_after=2026-05-29T02:00:00+00:00
[2026-05-29T01:56:53.973+0200] {processor.py:179} INFO - Processing /home/frederic/airflow/dags/stripe_daily_etl.py took 0.197 seconds
[2026-05-29T01:57:24.361+0200] {processor.py:157} INFO - Started process (PID=627990) to work on /home/frederic/airflow/dags/stripe_daily_etl.py
[2026-05-29T01:57:24.361+0200] {processor.py:829} INFO - Processing file /home/frederic/airflow/dags/stripe_daily_etl.py for tasks to queue
[2026-05-29T01:57:24.362+0200] {logging_mixin.py:151} INFO - [2026-05-29T01:57:24.362+0200] {dagbag.py:539} INFO - Filling up the DagBag from /home/frederic/airflow/dags/stripe_daily_etl.py
[2026-05-29T01:57:24.372+0200] {processor.py:839} INFO - DAG(s) dict_keys(['stripe_daily_etl']) retrieved from /home/frederic/airflow/dags/stripe_daily_etl.py
[2026-05-29T01:57:24.388+0200] {logging_mixin.py:151} INFO - [2026-05-29T01:57:24.388+0200] {dag.py:2915} INFO - Sync 1 DAGs
[2026-05-29T01:57:24.408+0200] {logging_mixin.py:151} INFO - [2026-05-29T01:57:24.408+0200] {dag.py:3696} INFO - Setting next_dagrun for stripe_daily_etl to 2026-05-28T02:00:00+00:00, run_after=2026-05-29T02:00:00+00:00
[2026-05-29T01:57:24.423+0200] {processor.py:179} INFO - Processing /home/frederic/airflow/dags/stripe_daily_etl.py took 0.064 seconds
[2026-05-29T01:57:26.937+0200] {processor.py:157} INFO - Started process (PID=628037) to work on /home/frederic/airflow/dags/stripe_daily_etl.py
[2026-05-29T01:57:26.938+0200] {processor.py:829} INFO - Processing file /home/frederic/airflow/dags/stripe_daily_etl.py for tasks to queue
[2026-05-29T01:57:26.939+0200] {logging_mixin.py:151} INFO - [2026-05-29T01:57:26.938+0200] {dagbag.py:539} INFO - Filling up the DagBag from /home/frederic/airflow/dags/stripe_daily_etl.py
[2026-05-29T01:57:26.947+0200] {processor.py:839} INFO - DAG(s) dict_keys(['stripe_daily_etl']) retrieved from /home/frederic/airflow/dags/stripe_daily_etl.py
[2026-05-29T01:57:26.965+0200] {logging_mixin.py:151} INFO - [2026-05-29T01:57:26.964+0200] {dag.py:2915} INFO - Sync 1 DAGs
[2026-05-29T01:57:26.986+0200] {logging_mixin.py:151} INFO - [2026-05-29T01:57:26.985+0200] {dag.py:3696} INFO - Setting next_dagrun for stripe_daily_etl to 2026-05-28T02:00:00+00:00, run_after=2026-05-29T02:00:00+00:00
[2026-05-29T01:57:27.004+0200] {processor.py:179} INFO - Processing /home/frederic/airflow/dags/stripe_daily_etl.py took 0.070 seconds
[2026-05-29T01:57:56.123+0200] {processor.py:157} INFO - Started process (PID=629267) to work on /home/frederic/airflow/dags/stripe_daily_etl.py
[2026-05-29T01:57:56.124+0200] {processor.py:829} INFO - Processing file /home/frederic/airflow/dags/stripe_daily_etl.py for tasks to queue
[2026-05-29T01:57:56.126+0200] {logging_mixin.py:151} INFO - [2026-05-29T01:57:56.125+0200] {dagbag.py:539} INFO - Filling up the DagBag from /home/frederic/airflow/dags/stripe_daily_etl.py
[2026-05-29T01:57:56.137+0200] {processor.py:839} INFO - DAG(s) dict_keys(['stripe_daily_etl']) retrieved from /home/frederic/airflow/dags/stripe_daily_etl.py
[2026-05-29T01:57:56.153+0200] {logging_mixin.py:151} INFO - [2026-05-29T01:57:56.152+0200] {dag.py:2915} INFO - Sync 1 DAGs
[2026-05-29T01:57:56.177+0200] {logging_mixin.py:151} INFO - [2026-05-29T01:57:56.177+0200] {dag.py:3696} INFO - Setting next_dagrun for stripe_daily_etl to 2026-05-28T02:00:00+00:00, run_after=2026-05-29T02:00:00+00:00
[2026-05-29T01:57:56.198+0200] {processor.py:179} INFO - Processing /home/frederic/airflow/dags/stripe_daily_etl.py took 0.079 seconds
[2026-05-29T01:57:59.170+0200] {processor.py:157} INFO - Started process (PID=629356) to work on /home/frederic/airflow/dags/stripe_daily_etl.py
[2026-05-29T01:57:59.171+0200] {processor.py:829} INFO - Processing file /home/frederic/airflow/dags/stripe_daily_etl.py for tasks to queue
[2026-05-29T01:57:59.172+0200] {logging_mixin.py:151} INFO - [2026-05-29T01:57:59.172+0200] {dagbag.py:539} INFO - Filling up the DagBag from /home/frederic/airflow/dags/stripe_daily_etl.py
[2026-05-29T01:57:59.182+0200] {processor.py:839} INFO - DAG(s) dict_keys(['stripe_daily_etl']) retrieved from /home/frederic/airflow/dags/stripe_daily_etl.py
[2026-05-29T01:57:59.199+0200] {logging_mixin.py:151} INFO - [2026-05-29T01:57:59.198+0200] {dag.py:2915} INFO - Sync 1 DAGs
[2026-05-29T01:57:59.223+0200] {logging_mixin.py:151} INFO - [2026-05-29T01:57:59.223+0200] {dag.py:3696} INFO - Setting next_dagrun for stripe_daily_etl to 2026-05-28T02:00:00+00:00, run_after=2026-05-29T02:00:00+00:00
[2026-05-29T01:57:59.242+0200] {processor.py:179} INFO - Processing /home/frederic/airflow/dags/stripe_daily_etl.py took 0.075 seconds
[2026-05-29T01:58:27.677+0200] {processor.py:157} INFO - Started process (PID=630343) to work on /home/frederic/airflow/dags/stripe_daily_etl.py
[2026-05-29T01:58:27.679+0200] {processor.py:829} INFO - Processing file /home/frederic/airflow/dags/stripe_daily_etl.py for tasks to queue
[2026-05-29T01:58:27.680+0200] {logging_mixin.py:151} INFO - [2026-05-29T01:58:27.679+0200] {dagbag.py:539} INFO - Filling up the DagBag from /home/frederic/airflow/dags/stripe_daily_etl.py
[2026-05-29T01:58:27.688+0200] {processor.py:839} INFO - DAG(s) dict_keys(['stripe_daily_etl']) retrieved from /home/frederic/airflow/dags/stripe_daily_etl.py
[2026-05-29T01:58:27.703+0200] {logging_mixin.py:151} INFO - [2026-05-29T01:58:27.703+0200] {dag.py:2915} INFO - Sync 1 DAGs
[2026-05-29T01:58:27.725+0200] {logging_mixin.py:151} INFO - [2026-05-29T01:58:27.725+0200] {dag.py:3696} INFO - Setting next_dagrun for stripe_daily_etl to 2026-05-28T02:00:00+00:00, run_after=2026-05-29T02:00:00+00:00
[2026-05-29T01:58:27.743+0200] {processor.py:179} INFO - Processing /home/frederic/airflow/dags/stripe_daily_etl.py took 0.069 seconds
[2026-05-29T01:58:37.345+0200] {processor.py:157} INFO - Started process (PID=630821) to work on /home/frederic/airflow/dags/stripe_daily_etl.py
[2026-05-29T01:58:37.346+0200] {processor.py:829} INFO - Processing file /home/frederic/airflow/dags/stripe_daily_etl.py for tasks to queue
[2026-05-29T01:58:37.347+0200] {logging_mixin.py:151} INFO - [2026-05-29T01:58:37.346+0200] {dagbag.py:539} INFO - Filling up the DagBag from /home/frederic/airflow/dags/stripe_daily_etl.py
[2026-05-29T01:58:37.355+0200] {processor.py:839} INFO - DAG(s) dict_keys(['stripe_daily_etl']) retrieved from /home/frederic/airflow/dags/stripe_daily_etl.py
[2026-05-29T01:58:37.368+0200] {logging_mixin.py:151} INFO - [2026-05-29T01:58:37.368+0200] {dag.py:2915} INFO - Sync 1 DAGs
[2026-05-29T01:58:37.387+0200] {logging_mixin.py:151} INFO - [2026-05-29T01:58:37.387+0200] {dag.py:3696} INFO - Setting next_dagrun for stripe_daily_etl to 2026-05-28T02:00:00+00:00, run_after=2026-05-29T02:00:00+00:00
[2026-05-29T01:58:37.408+0200] {processor.py:179} INFO - Processing /home/frederic/airflow/dags/stripe_daily_etl.py took 0.066 seconds
[2026-05-29T01:59:04.792+0200] {processor.py:157} INFO - Started process (PID=631560) to work on /home/frederic/airflow/dags/stripe_daily_etl.py
[2026-05-29T01:59:04.793+0200] {processor.py:829} INFO - Processing file /home/frederic/airflow/dags/stripe_daily_etl.py for tasks to queue
[2026-05-29T01:59:04.794+0200] {logging_mixin.py:151} INFO - [2026-05-29T01:59:04.794+0200] {dagbag.py:539} INFO - Filling up the DagBag from /home/frederic/airflow/dags/stripe_daily_etl.py
[2026-05-29T01:59:04.803+0200] {processor.py:839} INFO - DAG(s) dict_keys(['stripe_daily_etl']) retrieved from /home/frederic/airflow/dags/stripe_daily_etl.py
[2026-05-29T01:59:04.816+0200] {logging_mixin.py:151} INFO - [2026-05-29T01:59:04.815+0200] {dag.py:2915} INFO - Sync 1 DAGs
[2026-05-29T01:59:04.836+0200] {logging_mixin.py:151} INFO - [2026-05-29T01:59:04.836+0200] {dag.py:3696} INFO - Setting next_dagrun for stripe_daily_etl to 2026-05-28T02:00:00+00:00, run_after=2026-05-29T02:00:00+00:00
[2026-05-29T01:59:04.853+0200] {processor.py:179} INFO - Processing /home/frederic/airflow/dags/stripe_daily_etl.py took 0.063 seconds
[2026-05-29T01:59:17.320+0200] {processor.py:157} INFO - Started process (PID=631950) to work on /home/frederic/airflow/dags/stripe_daily_etl.py
[2026-05-29T01:59:17.321+0200] {processor.py:829} INFO - Processing file /home/frederic/airflow/dags/stripe_daily_etl.py for tasks to queue
[2026-05-29T01:59:17.322+0200] {logging_mixin.py:151} INFO - [2026-05-29T01:59:17.321+0200] {dagbag.py:539} INFO - Filling up the DagBag from /home/frederic/airflow/dags/stripe_daily_etl.py
[2026-05-29T01:59:17.329+0200] {processor.py:839} INFO - DAG(s) dict_keys(['stripe_daily_etl']) retrieved from /home/frederic/airflow/dags/stripe_daily_etl.py
[2026-05-29T01:59:17.341+0200] {logging_mixin.py:151} INFO - [2026-05-29T01:59:17.341+0200] {dag.py:2915} INFO - Sync 1 DAGs
[2026-05-29T01:59:17.360+0200] {logging_mixin.py:151} INFO - [2026-05-29T01:59:17.360+0200] {dag.py:3696} INFO - Setting next_dagrun for stripe_daily_etl to 2026-05-28T02:00:00+00:00, run_after=2026-05-29T02:00:00+00:00
[2026-05-29T01:59:17.376+0200] {processor.py:179} INFO - Processing /home/frederic/airflow/dags/stripe_daily_etl.py took 0.058 seconds
[2026-05-29T01:59:36.894+0200] {processor.py:157} INFO - Started process (PID=632518) to work on /home/frederic/airflow/dags/stripe_daily_etl.py
[2026-05-29T01:59:36.894+0200] {processor.py:829} INFO - Processing file /home/frederic/airflow/dags/stripe_daily_etl.py for tasks to queue
[2026-05-29T01:59:36.895+0200] {logging_mixin.py:151} INFO - [2026-05-29T01:59:36.895+0200] {dagbag.py:539} INFO - Filling up the DagBag from /home/frederic/airflow/dags/stripe_daily_etl.py
[2026-05-29T01:59:36.904+0200] {processor.py:839} INFO - DAG(s) dict_keys(['stripe_daily_etl']) retrieved from /home/frederic/airflow/dags/stripe_daily_etl.py
[2026-05-29T01:59:36.917+0200] {logging_mixin.py:151} INFO - [2026-05-29T01:59:36.917+0200] {dag.py:2915} INFO - Sync 1 DAGs
[2026-05-29T01:59:36.935+0200] {logging_mixin.py:151} INFO - [2026-05-29T01:59:36.935+0200] {dag.py:3696} INFO - Setting next_dagrun for stripe_daily_etl to 2026-05-28T02:00:00+00:00, run_after=2026-05-29T02:00:00+00:00
[2026-05-29T01:59:36.953+0200] {processor.py:179} INFO - Processing /home/frederic/airflow/dags/stripe_daily_etl.py took 0.062 seconds
[2026-05-29T01:59:47.629+0200] {processor.py:157} INFO - Started process (PID=632813) to work on /home/frederic/airflow/dags/stripe_daily_etl.py
[2026-05-29T01:59:47.631+0200] {processor.py:829} INFO - Processing file /home/frederic/airflow/dags/stripe_daily_etl.py for tasks to queue
[2026-05-29T01:59:47.632+0200] {logging_mixin.py:151} INFO - [2026-05-29T01:59:47.632+0200] {dagbag.py:539} INFO - Filling up the DagBag from /home/frederic/airflow/dags/stripe_daily_etl.py
[2026-05-29T01:59:47.643+0200] {processor.py:839} INFO - DAG(s) dict_keys(['stripe_daily_etl']) retrieved from /home/frederic/airflow/dags/stripe_daily_etl.py
[2026-05-29T01:59:47.664+0200] {logging_mixin.py:151} INFO - [2026-05-29T01:59:47.663+0200] {dag.py:2915} INFO - Sync 1 DAGs
[2026-05-29T01:59:47.685+0200] {logging_mixin.py:151} INFO - [2026-05-29T01:59:47.685+0200] {dag.py:3696} INFO - Setting next_dagrun for stripe_daily_etl to 2026-05-28T02:00:00+00:00, run_after=2026-05-29T02:00:00+00:00
[2026-05-29T01:59:47.702+0200] {processor.py:179} INFO - Processing /home/frederic/airflow/dags/stripe_daily_etl.py took 0.077 seconds
