[2026-05-29T02:00:06.144+0200] {processor.py:157} INFO - Started process (PID=633199) to work on /home/frederic/airflow_venv/lib/python3.10/site-packages/airflow/example_dags/plugins/event_listener.py
[2026-05-29T02:00:06.145+0200] {processor.py:829} INFO - Processing file /home/frederic/airflow_venv/lib/python3.10/site-packages/airflow/example_dags/plugins/event_listener.py for tasks to queue
[2026-05-29T02:00:06.146+0200] {logging_mixin.py:151} INFO - [2026-05-29T02:00:06.146+0200] {dagbag.py:539} INFO - Filling up the DagBag from /home/frederic/airflow_venv/lib/python3.10/site-packages/airflow/example_dags/plugins/event_listener.py
[2026-05-29T02:00:06.148+0200] {processor.py:841} WARNING - No viable dags retrieved from /home/frederic/airflow_venv/lib/python3.10/site-packages/airflow/example_dags/plugins/event_listener.py
[2026-05-29T02:00:06.155+0200] {processor.py:179} INFO - Processing /home/frederic/airflow_venv/lib/python3.10/site-packages/airflow/example_dags/plugins/event_listener.py took 0.013 seconds
[2026-05-29T02:00:34.907+0200] {processor.py:157} INFO - Started process (PID=634174) to work on /home/frederic/airflow_venv/lib/python3.10/site-packages/airflow/example_dags/plugins/event_listener.py
[2026-05-29T02:00:34.909+0200] {processor.py:829} INFO - Processing file /home/frederic/airflow_venv/lib/python3.10/site-packages/airflow/example_dags/plugins/event_listener.py for tasks to queue
[2026-05-29T02:00:34.909+0200] {logging_mixin.py:151} INFO - [2026-05-29T02:00:34.909+0200] {dagbag.py:539} INFO - Filling up the DagBag from /home/frederic/airflow_venv/lib/python3.10/site-packages/airflow/example_dags/plugins/event_listener.py
[2026-05-29T02:00:34.911+0200] {processor.py:841} WARNING - No viable dags retrieved from /home/frederic/airflow_venv/lib/python3.10/site-packages/airflow/example_dags/plugins/event_listener.py
[2026-05-29T02:00:34.922+0200] {processor.py:179} INFO - Processing /home/frederic/airflow_venv/lib/python3.10/site-packages/airflow/example_dags/plugins/event_listener.py took 0.019 seconds
[2026-05-29T02:00:50.268+0200] {processor.py:157} INFO - Started process (PID=634641) to work on /home/frederic/airflow_venv/lib/python3.10/site-packages/airflow/example_dags/plugins/event_listener.py
[2026-05-29T02:00:50.268+0200] {processor.py:829} INFO - Processing file /home/frederic/airflow_venv/lib/python3.10/site-packages/airflow/example_dags/plugins/event_listener.py for tasks to queue
[2026-05-29T02:00:50.269+0200] {logging_mixin.py:151} INFO - [2026-05-29T02:00:50.269+0200] {dagbag.py:539} INFO - Filling up the DagBag from /home/frederic/airflow_venv/lib/python3.10/site-packages/airflow/example_dags/plugins/event_listener.py
[2026-05-29T02:00:50.271+0200] {processor.py:841} WARNING - No viable dags retrieved from /home/frederic/airflow_venv/lib/python3.10/site-packages/airflow/example_dags/plugins/event_listener.py
[2026-05-29T02:00:50.278+0200] {processor.py:179} INFO - Processing /home/frederic/airflow_venv/lib/python3.10/site-packages/airflow/example_dags/plugins/event_listener.py took 0.013 seconds
[2026-05-29T02:01:17.141+0200] {processor.py:157} INFO - Started process (PID=635315) to work on /home/frederic/airflow_venv/lib/python3.10/site-packages/airflow/example_dags/plugins/event_listener.py
[2026-05-29T02:01:17.141+0200] {processor.py:829} INFO - Processing file /home/frederic/airflow_venv/lib/python3.10/site-packages/airflow/example_dags/plugins/event_listener.py for tasks to queue
[2026-05-29T02:01:17.142+0200] {logging_mixin.py:151} INFO - [2026-05-29T02:01:17.142+0200] {dagbag.py:539} INFO - Filling up the DagBag from /home/frederic/airflow_venv/lib/python3.10/site-packages/airflow/example_dags/plugins/event_listener.py
[2026-05-29T02:01:17.144+0200] {processor.py:841} WARNING - No viable dags retrieved from /home/frederic/airflow_venv/lib/python3.10/site-packages/airflow/example_dags/plugins/event_listener.py
[2026-05-29T02:01:17.154+0200] {processor.py:179} INFO - Processing /home/frederic/airflow_venv/lib/python3.10/site-packages/airflow/example_dags/plugins/event_listener.py took 0.016 seconds
[2026-05-29T02:01:34.708+0200] {processor.py:157} INFO - Started process (PID=635799) to work on /home/frederic/airflow_venv/lib/python3.10/site-packages/airflow/example_dags/plugins/event_listener.py
[2026-05-29T02:01:34.709+0200] {processor.py:829} INFO - Processing file /home/frederic/airflow_venv/lib/python3.10/site-packages/airflow/example_dags/plugins/event_listener.py for tasks to queue
[2026-05-29T02:01:34.710+0200] {logging_mixin.py:151} INFO - [2026-05-29T02:01:34.710+0200] {dagbag.py:539} INFO - Filling up the DagBag from /home/frederic/airflow_venv/lib/python3.10/site-packages/airflow/example_dags/plugins/event_listener.py
[2026-05-29T02:01:34.712+0200] {processor.py:841} WARNING - No viable dags retrieved from /home/frederic/airflow_venv/lib/python3.10/site-packages/airflow/example_dags/plugins/event_listener.py
[2026-05-29T02:01:34.720+0200] {processor.py:179} INFO - Processing /home/frederic/airflow_venv/lib/python3.10/site-packages/airflow/example_dags/plugins/event_listener.py took 0.014 seconds
[2026-05-29T02:02:05.641+0200] {processor.py:157} INFO - Started process (PID=636695) to work on /home/frederic/airflow_venv/lib/python3.10/site-packages/airflow/example_dags/plugins/event_listener.py
[2026-05-29T02:02:05.642+0200] {processor.py:829} INFO - Processing file /home/frederic/airflow_venv/lib/python3.10/site-packages/airflow/example_dags/plugins/event_listener.py for tasks to queue
[2026-05-29T02:02:05.643+0200] {logging_mixin.py:151} INFO - [2026-05-29T02:02:05.642+0200] {dagbag.py:539} INFO - Filling up the DagBag from /home/frederic/airflow_venv/lib/python3.10/site-packages/airflow/example_dags/plugins/event_listener.py
[2026-05-29T02:02:05.644+0200] {processor.py:841} WARNING - No viable dags retrieved from /home/frederic/airflow_venv/lib/python3.10/site-packages/airflow/example_dags/plugins/event_listener.py
[2026-05-29T02:02:05.652+0200] {processor.py:179} INFO - Processing /home/frederic/airflow_venv/lib/python3.10/site-packages/airflow/example_dags/plugins/event_listener.py took 0.013 seconds
[2026-05-29T02:02:17.592+0200] {processor.py:157} INFO - Started process (PID=637109) to work on /home/frederic/airflow_venv/lib/python3.10/site-packages/airflow/example_dags/plugins/event_listener.py
[2026-05-29T02:02:17.594+0200] {processor.py:829} INFO - Processing file /home/frederic/airflow_venv/lib/python3.10/site-packages/airflow/example_dags/plugins/event_listener.py for tasks to queue
[2026-05-29T02:02:17.595+0200] {logging_mixin.py:151} INFO - [2026-05-29T02:02:17.594+0200] {dagbag.py:539} INFO - Filling up the DagBag from /home/frederic/airflow_venv/lib/python3.10/site-packages/airflow/example_dags/plugins/event_listener.py
[2026-05-29T02:02:17.598+0200] {processor.py:841} WARNING - No viable dags retrieved from /home/frederic/airflow_venv/lib/python3.10/site-packages/airflow/example_dags/plugins/event_listener.py
[2026-05-29T02:02:17.607+0200] {processor.py:179} INFO - Processing /home/frederic/airflow_venv/lib/python3.10/site-packages/airflow/example_dags/plugins/event_listener.py took 0.018 seconds
[2026-05-29T02:02:39.504+0200] {processor.py:157} INFO - Started process (PID=637806) to work on /home/frederic/airflow_venv/lib/python3.10/site-packages/airflow/example_dags/plugins/event_listener.py
[2026-05-29T02:02:39.506+0200] {processor.py:829} INFO - Processing file /home/frederic/airflow_venv/lib/python3.10/site-packages/airflow/example_dags/plugins/event_listener.py for tasks to queue
[2026-05-29T02:02:39.506+0200] {logging_mixin.py:151} INFO - [2026-05-29T02:02:39.506+0200] {dagbag.py:539} INFO - Filling up the DagBag from /home/frederic/airflow_venv/lib/python3.10/site-packages/airflow/example_dags/plugins/event_listener.py
[2026-05-29T02:02:39.508+0200] {processor.py:841} WARNING - No viable dags retrieved from /home/frederic/airflow_venv/lib/python3.10/site-packages/airflow/example_dags/plugins/event_listener.py
[2026-05-29T02:02:39.519+0200] {processor.py:179} INFO - Processing /home/frederic/airflow_venv/lib/python3.10/site-packages/airflow/example_dags/plugins/event_listener.py took 0.017 seconds
[2026-05-29T02:02:51.246+0200] {processor.py:157} INFO - Started process (PID=638136) to work on /home/frederic/airflow_venv/lib/python3.10/site-packages/airflow/example_dags/plugins/event_listener.py
[2026-05-29T02:02:51.246+0200] {processor.py:829} INFO - Processing file /home/frederic/airflow_venv/lib/python3.10/site-packages/airflow/example_dags/plugins/event_listener.py for tasks to queue
[2026-05-29T02:02:51.247+0200] {logging_mixin.py:151} INFO - [2026-05-29T02:02:51.247+0200] {dagbag.py:539} INFO - Filling up the DagBag from /home/frederic/airflow_venv/lib/python3.10/site-packages/airflow/example_dags/plugins/event_listener.py
[2026-05-29T02:02:51.249+0200] {processor.py:841} WARNING - No viable dags retrieved from /home/frederic/airflow_venv/lib/python3.10/site-packages/airflow/example_dags/plugins/event_listener.py
[2026-05-29T02:02:51.257+0200] {processor.py:179} INFO - Processing /home/frederic/airflow_venv/lib/python3.10/site-packages/airflow/example_dags/plugins/event_listener.py took 0.013 seconds
[2026-05-29T02:03:12.267+0200] {processor.py:157} INFO - Started process (PID=638611) to work on /home/frederic/airflow_venv/lib/python3.10/site-packages/airflow/example_dags/plugins/event_listener.py
[2026-05-29T02:03:12.268+0200] {processor.py:829} INFO - Processing file /home/frederic/airflow_venv/lib/python3.10/site-packages/airflow/example_dags/plugins/event_listener.py for tasks to queue
[2026-05-29T02:03:12.270+0200] {logging_mixin.py:151} INFO - [2026-05-29T02:03:12.269+0200] {dagbag.py:539} INFO - Filling up the DagBag from /home/frederic/airflow_venv/lib/python3.10/site-packages/airflow/example_dags/plugins/event_listener.py
[2026-05-29T02:03:12.274+0200] {processor.py:841} WARNING - No viable dags retrieved from /home/frederic/airflow_venv/lib/python3.10/site-packages/airflow/example_dags/plugins/event_listener.py
[2026-05-29T02:03:12.287+0200] {processor.py:179} INFO - Processing /home/frederic/airflow_venv/lib/python3.10/site-packages/airflow/example_dags/plugins/event_listener.py took 0.025 seconds
[2026-05-29T02:03:24.189+0200] {processor.py:157} INFO - Started process (PID=639040) to work on /home/frederic/airflow_venv/lib/python3.10/site-packages/airflow/example_dags/plugins/event_listener.py
[2026-05-29T02:03:24.190+0200] {processor.py:829} INFO - Processing file /home/frederic/airflow_venv/lib/python3.10/site-packages/airflow/example_dags/plugins/event_listener.py for tasks to queue
[2026-05-29T02:03:24.190+0200] {logging_mixin.py:151} INFO - [2026-05-29T02:03:24.190+0200] {dagbag.py:539} INFO - Filling up the DagBag from /home/frederic/airflow_venv/lib/python3.10/site-packages/airflow/example_dags/plugins/event_listener.py
[2026-05-29T02:03:24.192+0200] {processor.py:841} WARNING - No viable dags retrieved from /home/frederic/airflow_venv/lib/python3.10/site-packages/airflow/example_dags/plugins/event_listener.py
[2026-05-29T02:03:24.200+0200] {processor.py:179} INFO - Processing /home/frederic/airflow_venv/lib/python3.10/site-packages/airflow/example_dags/plugins/event_listener.py took 0.014 seconds
[2026-05-29T02:03:45.059+0200] {processor.py:157} INFO - Started process (PID=639737) to work on /home/frederic/airflow_venv/lib/python3.10/site-packages/airflow/example_dags/plugins/event_listener.py
[2026-05-29T02:03:45.060+0200] {processor.py:829} INFO - Processing file /home/frederic/airflow_venv/lib/python3.10/site-packages/airflow/example_dags/plugins/event_listener.py for tasks to queue
[2026-05-29T02:03:45.061+0200] {logging_mixin.py:151} INFO - [2026-05-29T02:03:45.060+0200] {dagbag.py:539} INFO - Filling up the DagBag from /home/frederic/airflow_venv/lib/python3.10/site-packages/airflow/example_dags/plugins/event_listener.py
[2026-05-29T02:03:45.063+0200] {processor.py:841} WARNING - No viable dags retrieved from /home/frederic/airflow_venv/lib/python3.10/site-packages/airflow/example_dags/plugins/event_listener.py
[2026-05-29T02:03:45.070+0200] {processor.py:179} INFO - Processing /home/frederic/airflow_venv/lib/python3.10/site-packages/airflow/example_dags/plugins/event_listener.py took 0.014 seconds
[2026-05-29T09:56:05.311+0200] {processor.py:157} INFO - Started process (PID=680049) to work on /home/frederic/airflow_venv/lib/python3.10/site-packages/airflow/example_dags/plugins/event_listener.py
[2026-05-29T09:56:05.312+0200] {processor.py:829} INFO - Processing file /home/frederic/airflow_venv/lib/python3.10/site-packages/airflow/example_dags/plugins/event_listener.py for tasks to queue
[2026-05-29T09:56:05.313+0200] {logging_mixin.py:151} INFO - [2026-05-29T09:56:05.312+0200] {dagbag.py:539} INFO - Filling up the DagBag from /home/frederic/airflow_venv/lib/python3.10/site-packages/airflow/example_dags/plugins/event_listener.py
[2026-05-29T09:56:05.315+0200] {processor.py:841} WARNING - No viable dags retrieved from /home/frederic/airflow_venv/lib/python3.10/site-packages/airflow/example_dags/plugins/event_listener.py
[2026-05-29T09:56:05.323+0200] {processor.py:179} INFO - Processing /home/frederic/airflow_venv/lib/python3.10/site-packages/airflow/example_dags/plugins/event_listener.py took 0.014 seconds
[2026-05-29T09:58:03.427+0200] {processor.py:157} INFO - Started process (PID=681489) to work on /home/frederic/airflow_venv/lib/python3.10/site-packages/airflow/example_dags/plugins/event_listener.py
[2026-05-29T09:58:03.428+0200] {processor.py:829} INFO - Processing file /home/frederic/airflow_venv/lib/python3.10/site-packages/airflow/example_dags/plugins/event_listener.py for tasks to queue
[2026-05-29T09:58:03.429+0200] {logging_mixin.py:151} INFO - [2026-05-29T09:58:03.429+0200] {dagbag.py:539} INFO - Filling up the DagBag from /home/frederic/airflow_venv/lib/python3.10/site-packages/airflow/example_dags/plugins/event_listener.py
[2026-05-29T09:58:03.431+0200] {processor.py:841} WARNING - No viable dags retrieved from /home/frederic/airflow_venv/lib/python3.10/site-packages/airflow/example_dags/plugins/event_listener.py
[2026-05-29T09:58:03.438+0200] {processor.py:179} INFO - Processing /home/frederic/airflow_venv/lib/python3.10/site-packages/airflow/example_dags/plugins/event_listener.py took 0.013 seconds
[2026-05-29T09:58:51.635+0200] {processor.py:157} INFO - Started process (PID=682453) to work on /home/frederic/airflow_venv/lib/python3.10/site-packages/airflow/example_dags/plugins/event_listener.py
[2026-05-29T09:58:51.636+0200] {processor.py:829} INFO - Processing file /home/frederic/airflow_venv/lib/python3.10/site-packages/airflow/example_dags/plugins/event_listener.py for tasks to queue
[2026-05-29T09:58:51.637+0200] {logging_mixin.py:151} INFO - [2026-05-29T09:58:51.636+0200] {dagbag.py:539} INFO - Filling up the DagBag from /home/frederic/airflow_venv/lib/python3.10/site-packages/airflow/example_dags/plugins/event_listener.py
[2026-05-29T09:58:51.639+0200] {processor.py:841} WARNING - No viable dags retrieved from /home/frederic/airflow_venv/lib/python3.10/site-packages/airflow/example_dags/plugins/event_listener.py
[2026-05-29T09:58:51.649+0200] {processor.py:179} INFO - Processing /home/frederic/airflow_venv/lib/python3.10/site-packages/airflow/example_dags/plugins/event_listener.py took 0.017 seconds
[2026-05-29T09:59:32.357+0200] {processor.py:157} INFO - Started process (PID=683667) to work on /home/frederic/airflow_venv/lib/python3.10/site-packages/airflow/example_dags/plugins/event_listener.py
[2026-05-29T09:59:32.358+0200] {processor.py:829} INFO - Processing file /home/frederic/airflow_venv/lib/python3.10/site-packages/airflow/example_dags/plugins/event_listener.py for tasks to queue
[2026-05-29T09:59:32.359+0200] {logging_mixin.py:151} INFO - [2026-05-29T09:59:32.358+0200] {dagbag.py:539} INFO - Filling up the DagBag from /home/frederic/airflow_venv/lib/python3.10/site-packages/airflow/example_dags/plugins/event_listener.py
[2026-05-29T09:59:32.361+0200] {processor.py:841} WARNING - No viable dags retrieved from /home/frederic/airflow_venv/lib/python3.10/site-packages/airflow/example_dags/plugins/event_listener.py
[2026-05-29T09:59:32.371+0200] {processor.py:179} INFO - Processing /home/frederic/airflow_venv/lib/python3.10/site-packages/airflow/example_dags/plugins/event_listener.py took 0.016 seconds
[2026-05-29T10:00:06.885+0200] {processor.py:157} INFO - Started process (PID=684105) to work on /home/frederic/airflow_venv/lib/python3.10/site-packages/airflow/example_dags/plugins/event_listener.py
[2026-05-29T10:00:06.889+0200] {processor.py:829} INFO - Processing file /home/frederic/airflow_venv/lib/python3.10/site-packages/airflow/example_dags/plugins/event_listener.py for tasks to queue
[2026-05-29T10:00:06.889+0200] {logging_mixin.py:151} INFO - [2026-05-29T10:00:06.889+0200] {dagbag.py:539} INFO - Filling up the DagBag from /home/frederic/airflow_venv/lib/python3.10/site-packages/airflow/example_dags/plugins/event_listener.py
[2026-05-29T10:00:06.893+0200] {processor.py:841} WARNING - No viable dags retrieved from /home/frederic/airflow_venv/lib/python3.10/site-packages/airflow/example_dags/plugins/event_listener.py
[2026-05-29T10:00:06.901+0200] {processor.py:179} INFO - Processing /home/frederic/airflow_venv/lib/python3.10/site-packages/airflow/example_dags/plugins/event_listener.py took 0.019 seconds
[2026-05-29T10:00:41.744+0200] {processor.py:157} INFO - Started process (PID=684801) to work on /home/frederic/airflow_venv/lib/python3.10/site-packages/airflow/example_dags/plugins/event_listener.py
[2026-05-29T10:00:41.746+0200] {processor.py:829} INFO - Processing file /home/frederic/airflow_venv/lib/python3.10/site-packages/airflow/example_dags/plugins/event_listener.py for tasks to queue
[2026-05-29T10:00:41.748+0200] {logging_mixin.py:151} INFO - [2026-05-29T10:00:41.747+0200] {dagbag.py:539} INFO - Filling up the DagBag from /home/frederic/airflow_venv/lib/python3.10/site-packages/airflow/example_dags/plugins/event_listener.py
[2026-05-29T10:00:41.751+0200] {processor.py:841} WARNING - No viable dags retrieved from /home/frederic/airflow_venv/lib/python3.10/site-packages/airflow/example_dags/plugins/event_listener.py
[2026-05-29T10:00:41.761+0200] {processor.py:179} INFO - Processing /home/frederic/airflow_venv/lib/python3.10/site-packages/airflow/example_dags/plugins/event_listener.py took 0.021 seconds
[2026-05-29T10:01:27.827+0200] {processor.py:157} INFO - Started process (PID=685437) to work on /home/frederic/airflow_venv/lib/python3.10/site-packages/airflow/example_dags/plugins/event_listener.py
[2026-05-29T10:01:27.831+0200] {processor.py:829} INFO - Processing file /home/frederic/airflow_venv/lib/python3.10/site-packages/airflow/example_dags/plugins/event_listener.py for tasks to queue
[2026-05-29T10:01:27.831+0200] {logging_mixin.py:151} INFO - [2026-05-29T10:01:27.831+0200] {dagbag.py:539} INFO - Filling up the DagBag from /home/frederic/airflow_venv/lib/python3.10/site-packages/airflow/example_dags/plugins/event_listener.py
[2026-05-29T10:01:27.833+0200] {processor.py:841} WARNING - No viable dags retrieved from /home/frederic/airflow_venv/lib/python3.10/site-packages/airflow/example_dags/plugins/event_listener.py
[2026-05-29T10:01:27.842+0200] {processor.py:179} INFO - Processing /home/frederic/airflow_venv/lib/python3.10/site-packages/airflow/example_dags/plugins/event_listener.py took 0.017 seconds
[2026-05-29T10:01:59.294+0200] {processor.py:157} INFO - Started process (PID=685846) to work on /home/frederic/airflow_venv/lib/python3.10/site-packages/airflow/example_dags/plugins/event_listener.py
[2026-05-29T10:01:59.298+0200] {processor.py:829} INFO - Processing file /home/frederic/airflow_venv/lib/python3.10/site-packages/airflow/example_dags/plugins/event_listener.py for tasks to queue
[2026-05-29T10:01:59.298+0200] {logging_mixin.py:151} INFO - [2026-05-29T10:01:59.298+0200] {dagbag.py:539} INFO - Filling up the DagBag from /home/frederic/airflow_venv/lib/python3.10/site-packages/airflow/example_dags/plugins/event_listener.py
[2026-05-29T10:01:59.300+0200] {processor.py:841} WARNING - No viable dags retrieved from /home/frederic/airflow_venv/lib/python3.10/site-packages/airflow/example_dags/plugins/event_listener.py
[2026-05-29T10:01:59.310+0200] {processor.py:179} INFO - Processing /home/frederic/airflow_venv/lib/python3.10/site-packages/airflow/example_dags/plugins/event_listener.py took 0.019 seconds
[2026-05-29T10:02:32.190+0200] {processor.py:157} INFO - Started process (PID=686195) to work on /home/frederic/airflow_venv/lib/python3.10/site-packages/airflow/example_dags/plugins/event_listener.py
[2026-05-29T10:02:32.192+0200] {processor.py:829} INFO - Processing file /home/frederic/airflow_venv/lib/python3.10/site-packages/airflow/example_dags/plugins/event_listener.py for tasks to queue
[2026-05-29T10:02:32.193+0200] {logging_mixin.py:151} INFO - [2026-05-29T10:02:32.192+0200] {dagbag.py:539} INFO - Filling up the DagBag from /home/frederic/airflow_venv/lib/python3.10/site-packages/airflow/example_dags/plugins/event_listener.py
[2026-05-29T10:02:32.196+0200] {processor.py:841} WARNING - No viable dags retrieved from /home/frederic/airflow_venv/lib/python3.10/site-packages/airflow/example_dags/plugins/event_listener.py
[2026-05-29T10:02:32.205+0200] {processor.py:179} INFO - Processing /home/frederic/airflow_venv/lib/python3.10/site-packages/airflow/example_dags/plugins/event_listener.py took 0.018 seconds
[2026-05-29T10:03:16.473+0200] {processor.py:157} INFO - Started process (PID=686660) to work on /home/frederic/airflow_venv/lib/python3.10/site-packages/airflow/example_dags/plugins/event_listener.py
[2026-05-29T10:03:16.474+0200] {processor.py:829} INFO - Processing file /home/frederic/airflow_venv/lib/python3.10/site-packages/airflow/example_dags/plugins/event_listener.py for tasks to queue
[2026-05-29T10:03:16.475+0200] {logging_mixin.py:151} INFO - [2026-05-29T10:03:16.475+0200] {dagbag.py:539} INFO - Filling up the DagBag from /home/frederic/airflow_venv/lib/python3.10/site-packages/airflow/example_dags/plugins/event_listener.py
[2026-05-29T10:03:16.477+0200] {processor.py:841} WARNING - No viable dags retrieved from /home/frederic/airflow_venv/lib/python3.10/site-packages/airflow/example_dags/plugins/event_listener.py
[2026-05-29T10:03:16.488+0200] {processor.py:179} INFO - Processing /home/frederic/airflow_venv/lib/python3.10/site-packages/airflow/example_dags/plugins/event_listener.py took 0.018 seconds
[2026-05-29T10:03:49.327+0200] {processor.py:157} INFO - Started process (PID=687326) to work on /home/frederic/airflow_venv/lib/python3.10/site-packages/airflow/example_dags/plugins/event_listener.py
[2026-05-29T10:03:49.328+0200] {processor.py:829} INFO - Processing file /home/frederic/airflow_venv/lib/python3.10/site-packages/airflow/example_dags/plugins/event_listener.py for tasks to queue
[2026-05-29T10:03:49.329+0200] {logging_mixin.py:151} INFO - [2026-05-29T10:03:49.328+0200] {dagbag.py:539} INFO - Filling up the DagBag from /home/frederic/airflow_venv/lib/python3.10/site-packages/airflow/example_dags/plugins/event_listener.py
[2026-05-29T10:03:49.331+0200] {processor.py:841} WARNING - No viable dags retrieved from /home/frederic/airflow_venv/lib/python3.10/site-packages/airflow/example_dags/plugins/event_listener.py
[2026-05-29T10:03:49.342+0200] {processor.py:179} INFO - Processing /home/frederic/airflow_venv/lib/python3.10/site-packages/airflow/example_dags/plugins/event_listener.py took 0.017 seconds
[2026-05-29T10:04:21.348+0200] {processor.py:157} INFO - Started process (PID=687931) to work on /home/frederic/airflow_venv/lib/python3.10/site-packages/airflow/example_dags/plugins/event_listener.py
[2026-05-29T10:04:21.349+0200] {processor.py:829} INFO - Processing file /home/frederic/airflow_venv/lib/python3.10/site-packages/airflow/example_dags/plugins/event_listener.py for tasks to queue
[2026-05-29T10:04:21.350+0200] {logging_mixin.py:151} INFO - [2026-05-29T10:04:21.350+0200] {dagbag.py:539} INFO - Filling up the DagBag from /home/frederic/airflow_venv/lib/python3.10/site-packages/airflow/example_dags/plugins/event_listener.py
[2026-05-29T10:04:21.352+0200] {processor.py:841} WARNING - No viable dags retrieved from /home/frederic/airflow_venv/lib/python3.10/site-packages/airflow/example_dags/plugins/event_listener.py
[2026-05-29T10:04:21.361+0200] {processor.py:179} INFO - Processing /home/frederic/airflow_venv/lib/python3.10/site-packages/airflow/example_dags/plugins/event_listener.py took 0.017 seconds
[2026-05-29T10:04:54.329+0200] {processor.py:157} INFO - Started process (PID=688671) to work on /home/frederic/airflow_venv/lib/python3.10/site-packages/airflow/example_dags/plugins/event_listener.py
[2026-05-29T10:04:54.334+0200] {processor.py:829} INFO - Processing file /home/frederic/airflow_venv/lib/python3.10/site-packages/airflow/example_dags/plugins/event_listener.py for tasks to queue
[2026-05-29T10:04:54.335+0200] {logging_mixin.py:151} INFO - [2026-05-29T10:04:54.335+0200] {dagbag.py:539} INFO - Filling up the DagBag from /home/frederic/airflow_venv/lib/python3.10/site-packages/airflow/example_dags/plugins/event_listener.py
[2026-05-29T10:04:54.337+0200] {processor.py:841} WARNING - No viable dags retrieved from /home/frederic/airflow_venv/lib/python3.10/site-packages/airflow/example_dags/plugins/event_listener.py
[2026-05-29T10:04:54.347+0200] {processor.py:179} INFO - Processing /home/frederic/airflow_venv/lib/python3.10/site-packages/airflow/example_dags/plugins/event_listener.py took 0.021 seconds
[2026-05-29T10:05:40.140+0200] {processor.py:157} INFO - Started process (PID=689664) to work on /home/frederic/airflow_venv/lib/python3.10/site-packages/airflow/example_dags/plugins/event_listener.py
[2026-05-29T10:05:40.141+0200] {processor.py:829} INFO - Processing file /home/frederic/airflow_venv/lib/python3.10/site-packages/airflow/example_dags/plugins/event_listener.py for tasks to queue
[2026-05-29T10:05:40.142+0200] {logging_mixin.py:151} INFO - [2026-05-29T10:05:40.142+0200] {dagbag.py:539} INFO - Filling up the DagBag from /home/frederic/airflow_venv/lib/python3.10/site-packages/airflow/example_dags/plugins/event_listener.py
[2026-05-29T10:05:40.145+0200] {processor.py:841} WARNING - No viable dags retrieved from /home/frederic/airflow_venv/lib/python3.10/site-packages/airflow/example_dags/plugins/event_listener.py
[2026-05-29T10:05:40.155+0200] {processor.py:179} INFO - Processing /home/frederic/airflow_venv/lib/python3.10/site-packages/airflow/example_dags/plugins/event_listener.py took 0.018 seconds
[2026-05-29T10:06:12.256+0200] {processor.py:157} INFO - Started process (PID=690085) to work on /home/frederic/airflow_venv/lib/python3.10/site-packages/airflow/example_dags/plugins/event_listener.py
[2026-05-29T10:06:12.257+0200] {processor.py:829} INFO - Processing file /home/frederic/airflow_venv/lib/python3.10/site-packages/airflow/example_dags/plugins/event_listener.py for tasks to queue
[2026-05-29T10:06:12.258+0200] {logging_mixin.py:151} INFO - [2026-05-29T10:06:12.258+0200] {dagbag.py:539} INFO - Filling up the DagBag from /home/frederic/airflow_venv/lib/python3.10/site-packages/airflow/example_dags/plugins/event_listener.py
[2026-05-29T10:06:12.260+0200] {processor.py:841} WARNING - No viable dags retrieved from /home/frederic/airflow_venv/lib/python3.10/site-packages/airflow/example_dags/plugins/event_listener.py
[2026-05-29T10:06:12.269+0200] {processor.py:179} INFO - Processing /home/frederic/airflow_venv/lib/python3.10/site-packages/airflow/example_dags/plugins/event_listener.py took 0.016 seconds
[2026-05-29T10:06:47.200+0200] {processor.py:157} INFO - Started process (PID=690422) to work on /home/frederic/airflow_venv/lib/python3.10/site-packages/airflow/example_dags/plugins/event_listener.py
[2026-05-29T10:06:47.202+0200] {processor.py:829} INFO - Processing file /home/frederic/airflow_venv/lib/python3.10/site-packages/airflow/example_dags/plugins/event_listener.py for tasks to queue
[2026-05-29T10:06:47.203+0200] {logging_mixin.py:151} INFO - [2026-05-29T10:06:47.203+0200] {dagbag.py:539} INFO - Filling up the DagBag from /home/frederic/airflow_venv/lib/python3.10/site-packages/airflow/example_dags/plugins/event_listener.py
[2026-05-29T10:06:47.205+0200] {processor.py:841} WARNING - No viable dags retrieved from /home/frederic/airflow_venv/lib/python3.10/site-packages/airflow/example_dags/plugins/event_listener.py
[2026-05-29T10:06:47.214+0200] {processor.py:179} INFO - Processing /home/frederic/airflow_venv/lib/python3.10/site-packages/airflow/example_dags/plugins/event_listener.py took 0.016 seconds
[2026-05-29T10:07:24.346+0200] {processor.py:157} INFO - Started process (PID=691011) to work on /home/frederic/airflow_venv/lib/python3.10/site-packages/airflow/example_dags/plugins/event_listener.py
[2026-05-29T10:07:24.347+0200] {processor.py:829} INFO - Processing file /home/frederic/airflow_venv/lib/python3.10/site-packages/airflow/example_dags/plugins/event_listener.py for tasks to queue
[2026-05-29T10:07:24.348+0200] {logging_mixin.py:151} INFO - [2026-05-29T10:07:24.347+0200] {dagbag.py:539} INFO - Filling up the DagBag from /home/frederic/airflow_venv/lib/python3.10/site-packages/airflow/example_dags/plugins/event_listener.py
[2026-05-29T10:07:24.350+0200] {processor.py:841} WARNING - No viable dags retrieved from /home/frederic/airflow_venv/lib/python3.10/site-packages/airflow/example_dags/plugins/event_listener.py
[2026-05-29T10:07:24.360+0200] {processor.py:179} INFO - Processing /home/frederic/airflow_venv/lib/python3.10/site-packages/airflow/example_dags/plugins/event_listener.py took 0.016 seconds
[2026-05-29T10:07:59.403+0200] {processor.py:157} INFO - Started process (PID=691386) to work on /home/frederic/airflow_venv/lib/python3.10/site-packages/airflow/example_dags/plugins/event_listener.py
[2026-05-29T10:07:59.405+0200] {processor.py:829} INFO - Processing file /home/frederic/airflow_venv/lib/python3.10/site-packages/airflow/example_dags/plugins/event_listener.py for tasks to queue
[2026-05-29T10:07:59.406+0200] {logging_mixin.py:151} INFO - [2026-05-29T10:07:59.406+0200] {dagbag.py:539} INFO - Filling up the DagBag from /home/frederic/airflow_venv/lib/python3.10/site-packages/airflow/example_dags/plugins/event_listener.py
[2026-05-29T10:07:59.408+0200] {processor.py:841} WARNING - No viable dags retrieved from /home/frederic/airflow_venv/lib/python3.10/site-packages/airflow/example_dags/plugins/event_listener.py
[2026-05-29T10:07:59.417+0200] {processor.py:179} INFO - Processing /home/frederic/airflow_venv/lib/python3.10/site-packages/airflow/example_dags/plugins/event_listener.py took 0.017 seconds
[2026-05-29T10:08:46.788+0200] {processor.py:157} INFO - Started process (PID=692036) to work on /home/frederic/airflow_venv/lib/python3.10/site-packages/airflow/example_dags/plugins/event_listener.py
[2026-05-29T10:08:46.792+0200] {processor.py:829} INFO - Processing file /home/frederic/airflow_venv/lib/python3.10/site-packages/airflow/example_dags/plugins/event_listener.py for tasks to queue
[2026-05-29T10:08:46.793+0200] {logging_mixin.py:151} INFO - [2026-05-29T10:08:46.792+0200] {dagbag.py:539} INFO - Filling up the DagBag from /home/frederic/airflow_venv/lib/python3.10/site-packages/airflow/example_dags/plugins/event_listener.py
[2026-05-29T10:08:46.796+0200] {processor.py:841} WARNING - No viable dags retrieved from /home/frederic/airflow_venv/lib/python3.10/site-packages/airflow/example_dags/plugins/event_listener.py
[2026-05-29T10:08:46.804+0200] {processor.py:179} INFO - Processing /home/frederic/airflow_venv/lib/python3.10/site-packages/airflow/example_dags/plugins/event_listener.py took 0.019 seconds
[2026-05-29T10:09:31.924+0200] {processor.py:157} INFO - Started process (PID=692504) to work on /home/frederic/airflow_venv/lib/python3.10/site-packages/airflow/example_dags/plugins/event_listener.py
[2026-05-29T10:09:31.928+0200] {processor.py:829} INFO - Processing file /home/frederic/airflow_venv/lib/python3.10/site-packages/airflow/example_dags/plugins/event_listener.py for tasks to queue
[2026-05-29T10:09:31.929+0200] {logging_mixin.py:151} INFO - [2026-05-29T10:09:31.929+0200] {dagbag.py:539} INFO - Filling up the DagBag from /home/frederic/airflow_venv/lib/python3.10/site-packages/airflow/example_dags/plugins/event_listener.py
[2026-05-29T10:09:31.931+0200] {processor.py:841} WARNING - No viable dags retrieved from /home/frederic/airflow_venv/lib/python3.10/site-packages/airflow/example_dags/plugins/event_listener.py
[2026-05-29T10:09:31.939+0200] {processor.py:179} INFO - Processing /home/frederic/airflow_venv/lib/python3.10/site-packages/airflow/example_dags/plugins/event_listener.py took 0.017 seconds
[2026-05-29T10:10:06.467+0200] {processor.py:157} INFO - Started process (PID=692932) to work on /home/frederic/airflow_venv/lib/python3.10/site-packages/airflow/example_dags/plugins/event_listener.py
[2026-05-29T10:10:06.470+0200] {processor.py:829} INFO - Processing file /home/frederic/airflow_venv/lib/python3.10/site-packages/airflow/example_dags/plugins/event_listener.py for tasks to queue
[2026-05-29T10:10:06.471+0200] {logging_mixin.py:151} INFO - [2026-05-29T10:10:06.470+0200] {dagbag.py:539} INFO - Filling up the DagBag from /home/frederic/airflow_venv/lib/python3.10/site-packages/airflow/example_dags/plugins/event_listener.py
[2026-05-29T10:10:06.473+0200] {processor.py:841} WARNING - No viable dags retrieved from /home/frederic/airflow_venv/lib/python3.10/site-packages/airflow/example_dags/plugins/event_listener.py
[2026-05-29T10:10:06.481+0200] {processor.py:179} INFO - Processing /home/frederic/airflow_venv/lib/python3.10/site-packages/airflow/example_dags/plugins/event_listener.py took 0.017 seconds
[2026-05-29T10:10:54.154+0200] {processor.py:157} INFO - Started process (PID=693889) to work on /home/frederic/airflow_venv/lib/python3.10/site-packages/airflow/example_dags/plugins/event_listener.py
[2026-05-29T10:10:54.156+0200] {processor.py:829} INFO - Processing file /home/frederic/airflow_venv/lib/python3.10/site-packages/airflow/example_dags/plugins/event_listener.py for tasks to queue
[2026-05-29T10:10:54.156+0200] {logging_mixin.py:151} INFO - [2026-05-29T10:10:54.156+0200] {dagbag.py:539} INFO - Filling up the DagBag from /home/frederic/airflow_venv/lib/python3.10/site-packages/airflow/example_dags/plugins/event_listener.py
[2026-05-29T10:10:54.158+0200] {processor.py:841} WARNING - No viable dags retrieved from /home/frederic/airflow_venv/lib/python3.10/site-packages/airflow/example_dags/plugins/event_listener.py
[2026-05-29T10:10:54.167+0200] {processor.py:179} INFO - Processing /home/frederic/airflow_venv/lib/python3.10/site-packages/airflow/example_dags/plugins/event_listener.py took 0.015 seconds
[2026-05-29T10:11:27.270+0200] {processor.py:157} INFO - Started process (PID=694522) to work on /home/frederic/airflow_venv/lib/python3.10/site-packages/airflow/example_dags/plugins/event_listener.py
[2026-05-29T10:11:27.271+0200] {processor.py:829} INFO - Processing file /home/frederic/airflow_venv/lib/python3.10/site-packages/airflow/example_dags/plugins/event_listener.py for tasks to queue
[2026-05-29T10:11:27.272+0200] {logging_mixin.py:151} INFO - [2026-05-29T10:11:27.272+0200] {dagbag.py:539} INFO - Filling up the DagBag from /home/frederic/airflow_venv/lib/python3.10/site-packages/airflow/example_dags/plugins/event_listener.py
[2026-05-29T10:11:27.273+0200] {processor.py:841} WARNING - No viable dags retrieved from /home/frederic/airflow_venv/lib/python3.10/site-packages/airflow/example_dags/plugins/event_listener.py
[2026-05-29T10:11:27.280+0200] {processor.py:179} INFO - Processing /home/frederic/airflow_venv/lib/python3.10/site-packages/airflow/example_dags/plugins/event_listener.py took 0.012 seconds
[2026-05-29T10:11:59.952+0200] {processor.py:157} INFO - Started process (PID=695204) to work on /home/frederic/airflow_venv/lib/python3.10/site-packages/airflow/example_dags/plugins/event_listener.py
[2026-05-29T10:11:59.953+0200] {processor.py:829} INFO - Processing file /home/frederic/airflow_venv/lib/python3.10/site-packages/airflow/example_dags/plugins/event_listener.py for tasks to queue
[2026-05-29T10:11:59.954+0200] {logging_mixin.py:151} INFO - [2026-05-29T10:11:59.953+0200] {dagbag.py:539} INFO - Filling up the DagBag from /home/frederic/airflow_venv/lib/python3.10/site-packages/airflow/example_dags/plugins/event_listener.py
[2026-05-29T10:11:59.955+0200] {processor.py:841} WARNING - No viable dags retrieved from /home/frederic/airflow_venv/lib/python3.10/site-packages/airflow/example_dags/plugins/event_listener.py
[2026-05-29T10:11:59.962+0200] {processor.py:179} INFO - Processing /home/frederic/airflow_venv/lib/python3.10/site-packages/airflow/example_dags/plugins/event_listener.py took 0.012 seconds
[2026-05-29T10:12:41.623+0200] {processor.py:157} INFO - Started process (PID=695622) to work on /home/frederic/airflow_venv/lib/python3.10/site-packages/airflow/example_dags/plugins/event_listener.py
[2026-05-29T10:12:41.624+0200] {processor.py:829} INFO - Processing file /home/frederic/airflow_venv/lib/python3.10/site-packages/airflow/example_dags/plugins/event_listener.py for tasks to queue
[2026-05-29T10:12:41.624+0200] {logging_mixin.py:151} INFO - [2026-05-29T10:12:41.624+0200] {dagbag.py:539} INFO - Filling up the DagBag from /home/frederic/airflow_venv/lib/python3.10/site-packages/airflow/example_dags/plugins/event_listener.py
[2026-05-29T10:12:41.626+0200] {processor.py:841} WARNING - No viable dags retrieved from /home/frederic/airflow_venv/lib/python3.10/site-packages/airflow/example_dags/plugins/event_listener.py
[2026-05-29T10:12:41.633+0200] {processor.py:179} INFO - Processing /home/frederic/airflow_venv/lib/python3.10/site-packages/airflow/example_dags/plugins/event_listener.py took 0.013 seconds
[2026-05-29T10:13:21.034+0200] {processor.py:157} INFO - Started process (PID=696120) to work on /home/frederic/airflow_venv/lib/python3.10/site-packages/airflow/example_dags/plugins/event_listener.py
[2026-05-29T10:13:21.035+0200] {processor.py:829} INFO - Processing file /home/frederic/airflow_venv/lib/python3.10/site-packages/airflow/example_dags/plugins/event_listener.py for tasks to queue
[2026-05-29T10:13:21.036+0200] {logging_mixin.py:151} INFO - [2026-05-29T10:13:21.036+0200] {dagbag.py:539} INFO - Filling up the DagBag from /home/frederic/airflow_venv/lib/python3.10/site-packages/airflow/example_dags/plugins/event_listener.py
[2026-05-29T10:13:21.038+0200] {processor.py:841} WARNING - No viable dags retrieved from /home/frederic/airflow_venv/lib/python3.10/site-packages/airflow/example_dags/plugins/event_listener.py
[2026-05-29T10:13:21.045+0200] {processor.py:179} INFO - Processing /home/frederic/airflow_venv/lib/python3.10/site-packages/airflow/example_dags/plugins/event_listener.py took 0.013 seconds
[2026-05-29T10:13:53.566+0200] {processor.py:157} INFO - Started process (PID=696458) to work on /home/frederic/airflow_venv/lib/python3.10/site-packages/airflow/example_dags/plugins/event_listener.py
[2026-05-29T10:13:53.566+0200] {processor.py:829} INFO - Processing file /home/frederic/airflow_venv/lib/python3.10/site-packages/airflow/example_dags/plugins/event_listener.py for tasks to queue
[2026-05-29T10:13:53.567+0200] {logging_mixin.py:151} INFO - [2026-05-29T10:13:53.567+0200] {dagbag.py:539} INFO - Filling up the DagBag from /home/frederic/airflow_venv/lib/python3.10/site-packages/airflow/example_dags/plugins/event_listener.py
[2026-05-29T10:13:53.568+0200] {processor.py:841} WARNING - No viable dags retrieved from /home/frederic/airflow_venv/lib/python3.10/site-packages/airflow/example_dags/plugins/event_listener.py
[2026-05-29T10:13:53.575+0200] {processor.py:179} INFO - Processing /home/frederic/airflow_venv/lib/python3.10/site-packages/airflow/example_dags/plugins/event_listener.py took 0.012 seconds
[2026-05-29T10:14:28.398+0200] {processor.py:157} INFO - Started process (PID=696857) to work on /home/frederic/airflow_venv/lib/python3.10/site-packages/airflow/example_dags/plugins/event_listener.py
[2026-05-29T10:14:28.399+0200] {processor.py:829} INFO - Processing file /home/frederic/airflow_venv/lib/python3.10/site-packages/airflow/example_dags/plugins/event_listener.py for tasks to queue
[2026-05-29T10:14:28.399+0200] {logging_mixin.py:151} INFO - [2026-05-29T10:14:28.399+0200] {dagbag.py:539} INFO - Filling up the DagBag from /home/frederic/airflow_venv/lib/python3.10/site-packages/airflow/example_dags/plugins/event_listener.py
[2026-05-29T10:14:28.401+0200] {processor.py:841} WARNING - No viable dags retrieved from /home/frederic/airflow_venv/lib/python3.10/site-packages/airflow/example_dags/plugins/event_listener.py
[2026-05-29T10:14:28.408+0200] {processor.py:179} INFO - Processing /home/frederic/airflow_venv/lib/python3.10/site-packages/airflow/example_dags/plugins/event_listener.py took 0.012 seconds
[2026-05-29T10:15:00.939+0200] {processor.py:157} INFO - Started process (PID=697303) to work on /home/frederic/airflow_venv/lib/python3.10/site-packages/airflow/example_dags/plugins/event_listener.py
[2026-05-29T10:15:00.940+0200] {processor.py:829} INFO - Processing file /home/frederic/airflow_venv/lib/python3.10/site-packages/airflow/example_dags/plugins/event_listener.py for tasks to queue
[2026-05-29T10:15:00.940+0200] {logging_mixin.py:151} INFO - [2026-05-29T10:15:00.940+0200] {dagbag.py:539} INFO - Filling up the DagBag from /home/frederic/airflow_venv/lib/python3.10/site-packages/airflow/example_dags/plugins/event_listener.py
[2026-05-29T10:15:00.942+0200] {processor.py:841} WARNING - No viable dags retrieved from /home/frederic/airflow_venv/lib/python3.10/site-packages/airflow/example_dags/plugins/event_listener.py
[2026-05-29T10:15:00.953+0200] {processor.py:179} INFO - Processing /home/frederic/airflow_venv/lib/python3.10/site-packages/airflow/example_dags/plugins/event_listener.py took 0.016 seconds
[2026-05-29T10:15:49.441+0200] {processor.py:157} INFO - Started process (PID=698129) to work on /home/frederic/airflow_venv/lib/python3.10/site-packages/airflow/example_dags/plugins/event_listener.py
[2026-05-29T10:15:49.443+0200] {processor.py:829} INFO - Processing file /home/frederic/airflow_venv/lib/python3.10/site-packages/airflow/example_dags/plugins/event_listener.py for tasks to queue
[2026-05-29T10:15:49.444+0200] {logging_mixin.py:151} INFO - [2026-05-29T10:15:49.443+0200] {dagbag.py:539} INFO - Filling up the DagBag from /home/frederic/airflow_venv/lib/python3.10/site-packages/airflow/example_dags/plugins/event_listener.py
[2026-05-29T10:15:49.448+0200] {processor.py:841} WARNING - No viable dags retrieved from /home/frederic/airflow_venv/lib/python3.10/site-packages/airflow/example_dags/plugins/event_listener.py
[2026-05-29T10:15:49.463+0200] {processor.py:179} INFO - Processing /home/frederic/airflow_venv/lib/python3.10/site-packages/airflow/example_dags/plugins/event_listener.py took 0.027 seconds
[2026-05-29T10:16:34.742+0200] {processor.py:157} INFO - Started process (PID=698810) to work on /home/frederic/airflow_venv/lib/python3.10/site-packages/airflow/example_dags/plugins/event_listener.py
[2026-05-29T10:16:34.743+0200] {processor.py:829} INFO - Processing file /home/frederic/airflow_venv/lib/python3.10/site-packages/airflow/example_dags/plugins/event_listener.py for tasks to queue
[2026-05-29T10:16:34.743+0200] {logging_mixin.py:151} INFO - [2026-05-29T10:16:34.743+0200] {dagbag.py:539} INFO - Filling up the DagBag from /home/frederic/airflow_venv/lib/python3.10/site-packages/airflow/example_dags/plugins/event_listener.py
[2026-05-29T10:16:34.745+0200] {processor.py:841} WARNING - No viable dags retrieved from /home/frederic/airflow_venv/lib/python3.10/site-packages/airflow/example_dags/plugins/event_listener.py
[2026-05-29T10:16:34.753+0200] {processor.py:179} INFO - Processing /home/frederic/airflow_venv/lib/python3.10/site-packages/airflow/example_dags/plugins/event_listener.py took 0.014 seconds
[2026-05-29T10:17:18.970+0200] {processor.py:157} INFO - Started process (PID=699769) to work on /home/frederic/airflow_venv/lib/python3.10/site-packages/airflow/example_dags/plugins/event_listener.py
[2026-05-29T10:17:18.971+0200] {processor.py:829} INFO - Processing file /home/frederic/airflow_venv/lib/python3.10/site-packages/airflow/example_dags/plugins/event_listener.py for tasks to queue
[2026-05-29T10:17:18.972+0200] {logging_mixin.py:151} INFO - [2026-05-29T10:17:18.972+0200] {dagbag.py:539} INFO - Filling up the DagBag from /home/frederic/airflow_venv/lib/python3.10/site-packages/airflow/example_dags/plugins/event_listener.py
[2026-05-29T10:17:18.974+0200] {processor.py:841} WARNING - No viable dags retrieved from /home/frederic/airflow_venv/lib/python3.10/site-packages/airflow/example_dags/plugins/event_listener.py
[2026-05-29T10:17:18.981+0200] {processor.py:179} INFO - Processing /home/frederic/airflow_venv/lib/python3.10/site-packages/airflow/example_dags/plugins/event_listener.py took 0.013 seconds
[2026-05-29T10:17:52.711+0200] {processor.py:157} INFO - Started process (PID=700440) to work on /home/frederic/airflow_venv/lib/python3.10/site-packages/airflow/example_dags/plugins/event_listener.py
[2026-05-29T10:17:52.712+0200] {processor.py:829} INFO - Processing file /home/frederic/airflow_venv/lib/python3.10/site-packages/airflow/example_dags/plugins/event_listener.py for tasks to queue
[2026-05-29T10:17:52.713+0200] {logging_mixin.py:151} INFO - [2026-05-29T10:17:52.712+0200] {dagbag.py:539} INFO - Filling up the DagBag from /home/frederic/airflow_venv/lib/python3.10/site-packages/airflow/example_dags/plugins/event_listener.py
[2026-05-29T10:17:52.714+0200] {processor.py:841} WARNING - No viable dags retrieved from /home/frederic/airflow_venv/lib/python3.10/site-packages/airflow/example_dags/plugins/event_listener.py
[2026-05-29T10:17:52.721+0200] {processor.py:179} INFO - Processing /home/frederic/airflow_venv/lib/python3.10/site-packages/airflow/example_dags/plugins/event_listener.py took 0.012 seconds
[2026-05-29T10:18:36.170+0200] {processor.py:157} INFO - Started process (PID=700952) to work on /home/frederic/airflow_venv/lib/python3.10/site-packages/airflow/example_dags/plugins/event_listener.py
[2026-05-29T10:18:36.171+0200] {processor.py:829} INFO - Processing file /home/frederic/airflow_venv/lib/python3.10/site-packages/airflow/example_dags/plugins/event_listener.py for tasks to queue
[2026-05-29T10:18:36.172+0200] {logging_mixin.py:151} INFO - [2026-05-29T10:18:36.172+0200] {dagbag.py:539} INFO - Filling up the DagBag from /home/frederic/airflow_venv/lib/python3.10/site-packages/airflow/example_dags/plugins/event_listener.py
[2026-05-29T10:18:36.175+0200] {processor.py:841} WARNING - No viable dags retrieved from /home/frederic/airflow_venv/lib/python3.10/site-packages/airflow/example_dags/plugins/event_listener.py
[2026-05-29T10:18:36.182+0200] {processor.py:179} INFO - Processing /home/frederic/airflow_venv/lib/python3.10/site-packages/airflow/example_dags/plugins/event_listener.py took 0.013 seconds
[2026-05-29T10:19:09.976+0200] {processor.py:157} INFO - Started process (PID=701296) to work on /home/frederic/airflow_venv/lib/python3.10/site-packages/airflow/example_dags/plugins/event_listener.py
[2026-05-29T10:19:09.977+0200] {processor.py:829} INFO - Processing file /home/frederic/airflow_venv/lib/python3.10/site-packages/airflow/example_dags/plugins/event_listener.py for tasks to queue
[2026-05-29T10:19:09.977+0200] {logging_mixin.py:151} INFO - [2026-05-29T10:19:09.977+0200] {dagbag.py:539} INFO - Filling up the DagBag from /home/frederic/airflow_venv/lib/python3.10/site-packages/airflow/example_dags/plugins/event_listener.py
[2026-05-29T10:19:09.979+0200] {processor.py:841} WARNING - No viable dags retrieved from /home/frederic/airflow_venv/lib/python3.10/site-packages/airflow/example_dags/plugins/event_listener.py
[2026-05-29T10:19:09.986+0200] {processor.py:179} INFO - Processing /home/frederic/airflow_venv/lib/python3.10/site-packages/airflow/example_dags/plugins/event_listener.py took 0.012 seconds
[2026-05-29T10:19:57.094+0200] {processor.py:157} INFO - Started process (PID=701716) to work on /home/frederic/airflow_venv/lib/python3.10/site-packages/airflow/example_dags/plugins/event_listener.py
[2026-05-29T10:19:57.095+0200] {processor.py:829} INFO - Processing file /home/frederic/airflow_venv/lib/python3.10/site-packages/airflow/example_dags/plugins/event_listener.py for tasks to queue
[2026-05-29T10:19:57.095+0200] {logging_mixin.py:151} INFO - [2026-05-29T10:19:57.095+0200] {dagbag.py:539} INFO - Filling up the DagBag from /home/frederic/airflow_venv/lib/python3.10/site-packages/airflow/example_dags/plugins/event_listener.py
[2026-05-29T10:19:57.097+0200] {processor.py:841} WARNING - No viable dags retrieved from /home/frederic/airflow_venv/lib/python3.10/site-packages/airflow/example_dags/plugins/event_listener.py
[2026-05-29T10:19:57.105+0200] {processor.py:179} INFO - Processing /home/frederic/airflow_venv/lib/python3.10/site-packages/airflow/example_dags/plugins/event_listener.py took 0.013 seconds
[2026-05-29T10:20:31.132+0200] {processor.py:157} INFO - Started process (PID=702259) to work on /home/frederic/airflow_venv/lib/python3.10/site-packages/airflow/example_dags/plugins/event_listener.py
[2026-05-29T10:20:31.133+0200] {processor.py:829} INFO - Processing file /home/frederic/airflow_venv/lib/python3.10/site-packages/airflow/example_dags/plugins/event_listener.py for tasks to queue
[2026-05-29T10:20:31.134+0200] {logging_mixin.py:151} INFO - [2026-05-29T10:20:31.133+0200] {dagbag.py:539} INFO - Filling up the DagBag from /home/frederic/airflow_venv/lib/python3.10/site-packages/airflow/example_dags/plugins/event_listener.py
[2026-05-29T10:20:31.135+0200] {processor.py:841} WARNING - No viable dags retrieved from /home/frederic/airflow_venv/lib/python3.10/site-packages/airflow/example_dags/plugins/event_listener.py
[2026-05-29T10:20:31.142+0200] {processor.py:179} INFO - Processing /home/frederic/airflow_venv/lib/python3.10/site-packages/airflow/example_dags/plugins/event_listener.py took 0.013 seconds
[2026-05-29T10:21:05.926+0200] {processor.py:157} INFO - Started process (PID=702612) to work on /home/frederic/airflow_venv/lib/python3.10/site-packages/airflow/example_dags/plugins/event_listener.py
[2026-05-29T10:21:05.927+0200] {processor.py:829} INFO - Processing file /home/frederic/airflow_venv/lib/python3.10/site-packages/airflow/example_dags/plugins/event_listener.py for tasks to queue
[2026-05-29T10:21:05.927+0200] {logging_mixin.py:151} INFO - [2026-05-29T10:21:05.927+0200] {dagbag.py:539} INFO - Filling up the DagBag from /home/frederic/airflow_venv/lib/python3.10/site-packages/airflow/example_dags/plugins/event_listener.py
[2026-05-29T10:21:05.929+0200] {processor.py:841} WARNING - No viable dags retrieved from /home/frederic/airflow_venv/lib/python3.10/site-packages/airflow/example_dags/plugins/event_listener.py
[2026-05-29T10:21:05.936+0200] {processor.py:179} INFO - Processing /home/frederic/airflow_venv/lib/python3.10/site-packages/airflow/example_dags/plugins/event_listener.py took 0.012 seconds
[2026-05-29T10:21:52.096+0200] {processor.py:157} INFO - Started process (PID=703033) to work on /home/frederic/airflow_venv/lib/python3.10/site-packages/airflow/example_dags/plugins/event_listener.py
[2026-05-29T10:21:52.097+0200] {processor.py:829} INFO - Processing file /home/frederic/airflow_venv/lib/python3.10/site-packages/airflow/example_dags/plugins/event_listener.py for tasks to queue
[2026-05-29T10:21:52.098+0200] {logging_mixin.py:151} INFO - [2026-05-29T10:21:52.097+0200] {dagbag.py:539} INFO - Filling up the DagBag from /home/frederic/airflow_venv/lib/python3.10/site-packages/airflow/example_dags/plugins/event_listener.py
[2026-05-29T10:21:52.099+0200] {processor.py:841} WARNING - No viable dags retrieved from /home/frederic/airflow_venv/lib/python3.10/site-packages/airflow/example_dags/plugins/event_listener.py
[2026-05-29T10:21:52.109+0200] {processor.py:179} INFO - Processing /home/frederic/airflow_venv/lib/python3.10/site-packages/airflow/example_dags/plugins/event_listener.py took 0.015 seconds
[2026-05-29T10:22:39.459+0200] {processor.py:157} INFO - Started process (PID=703494) to work on /home/frederic/airflow_venv/lib/python3.10/site-packages/airflow/example_dags/plugins/event_listener.py
[2026-05-29T10:22:39.460+0200] {processor.py:829} INFO - Processing file /home/frederic/airflow_venv/lib/python3.10/site-packages/airflow/example_dags/plugins/event_listener.py for tasks to queue
[2026-05-29T10:22:39.461+0200] {logging_mixin.py:151} INFO - [2026-05-29T10:22:39.461+0200] {dagbag.py:539} INFO - Filling up the DagBag from /home/frederic/airflow_venv/lib/python3.10/site-packages/airflow/example_dags/plugins/event_listener.py
[2026-05-29T10:22:39.463+0200] {processor.py:841} WARNING - No viable dags retrieved from /home/frederic/airflow_venv/lib/python3.10/site-packages/airflow/example_dags/plugins/event_listener.py
[2026-05-29T10:22:39.470+0200] {processor.py:179} INFO - Processing /home/frederic/airflow_venv/lib/python3.10/site-packages/airflow/example_dags/plugins/event_listener.py took 0.013 seconds
[2026-05-29T10:23:12.408+0200] {processor.py:157} INFO - Started process (PID=703953) to work on /home/frederic/airflow_venv/lib/python3.10/site-packages/airflow/example_dags/plugins/event_listener.py
[2026-05-29T10:23:12.409+0200] {processor.py:829} INFO - Processing file /home/frederic/airflow_venv/lib/python3.10/site-packages/airflow/example_dags/plugins/event_listener.py for tasks to queue
[2026-05-29T10:23:12.410+0200] {logging_mixin.py:151} INFO - [2026-05-29T10:23:12.410+0200] {dagbag.py:539} INFO - Filling up the DagBag from /home/frederic/airflow_venv/lib/python3.10/site-packages/airflow/example_dags/plugins/event_listener.py
[2026-05-29T10:23:12.412+0200] {processor.py:841} WARNING - No viable dags retrieved from /home/frederic/airflow_venv/lib/python3.10/site-packages/airflow/example_dags/plugins/event_listener.py
[2026-05-29T10:23:12.418+0200] {processor.py:179} INFO - Processing /home/frederic/airflow_venv/lib/python3.10/site-packages/airflow/example_dags/plugins/event_listener.py took 0.012 seconds
[2026-05-29T10:23:44.949+0200] {processor.py:157} INFO - Started process (PID=704241) to work on /home/frederic/airflow_venv/lib/python3.10/site-packages/airflow/example_dags/plugins/event_listener.py
[2026-05-29T10:23:44.950+0200] {processor.py:829} INFO - Processing file /home/frederic/airflow_venv/lib/python3.10/site-packages/airflow/example_dags/plugins/event_listener.py for tasks to queue
[2026-05-29T10:23:44.951+0200] {logging_mixin.py:151} INFO - [2026-05-29T10:23:44.951+0200] {dagbag.py:539} INFO - Filling up the DagBag from /home/frederic/airflow_venv/lib/python3.10/site-packages/airflow/example_dags/plugins/event_listener.py
[2026-05-29T10:23:44.953+0200] {processor.py:841} WARNING - No viable dags retrieved from /home/frederic/airflow_venv/lib/python3.10/site-packages/airflow/example_dags/plugins/event_listener.py
[2026-05-29T10:23:44.960+0200] {processor.py:179} INFO - Processing /home/frederic/airflow_venv/lib/python3.10/site-packages/airflow/example_dags/plugins/event_listener.py took 0.013 seconds
[2026-05-29T10:24:18.880+0200] {processor.py:157} INFO - Started process (PID=704632) to work on /home/frederic/airflow_venv/lib/python3.10/site-packages/airflow/example_dags/plugins/event_listener.py
[2026-05-29T10:24:18.881+0200] {processor.py:829} INFO - Processing file /home/frederic/airflow_venv/lib/python3.10/site-packages/airflow/example_dags/plugins/event_listener.py for tasks to queue
[2026-05-29T10:24:18.881+0200] {logging_mixin.py:151} INFO - [2026-05-29T10:24:18.881+0200] {dagbag.py:539} INFO - Filling up the DagBag from /home/frederic/airflow_venv/lib/python3.10/site-packages/airflow/example_dags/plugins/event_listener.py
[2026-05-29T10:24:18.883+0200] {processor.py:841} WARNING - No viable dags retrieved from /home/frederic/airflow_venv/lib/python3.10/site-packages/airflow/example_dags/plugins/event_listener.py
[2026-05-29T10:24:18.892+0200] {processor.py:179} INFO - Processing /home/frederic/airflow_venv/lib/python3.10/site-packages/airflow/example_dags/plugins/event_listener.py took 0.014 seconds
[2026-05-29T10:24:55.994+0200] {processor.py:157} INFO - Started process (PID=704954) to work on /home/frederic/airflow_venv/lib/python3.10/site-packages/airflow/example_dags/plugins/event_listener.py
[2026-05-29T10:24:55.995+0200] {processor.py:829} INFO - Processing file /home/frederic/airflow_venv/lib/python3.10/site-packages/airflow/example_dags/plugins/event_listener.py for tasks to queue
[2026-05-29T10:24:55.996+0200] {logging_mixin.py:151} INFO - [2026-05-29T10:24:55.995+0200] {dagbag.py:539} INFO - Filling up the DagBag from /home/frederic/airflow_venv/lib/python3.10/site-packages/airflow/example_dags/plugins/event_listener.py
[2026-05-29T10:24:55.997+0200] {processor.py:841} WARNING - No viable dags retrieved from /home/frederic/airflow_venv/lib/python3.10/site-packages/airflow/example_dags/plugins/event_listener.py
[2026-05-29T10:24:56.007+0200] {processor.py:179} INFO - Processing /home/frederic/airflow_venv/lib/python3.10/site-packages/airflow/example_dags/plugins/event_listener.py took 0.015 seconds
[2026-05-29T10:25:31.243+0200] {processor.py:157} INFO - Started process (PID=705315) to work on /home/frederic/airflow_venv/lib/python3.10/site-packages/airflow/example_dags/plugins/event_listener.py
[2026-05-29T10:25:31.244+0200] {processor.py:829} INFO - Processing file /home/frederic/airflow_venv/lib/python3.10/site-packages/airflow/example_dags/plugins/event_listener.py for tasks to queue
[2026-05-29T10:25:31.244+0200] {logging_mixin.py:151} INFO - [2026-05-29T10:25:31.244+0200] {dagbag.py:539} INFO - Filling up the DagBag from /home/frederic/airflow_venv/lib/python3.10/site-packages/airflow/example_dags/plugins/event_listener.py
[2026-05-29T10:25:31.247+0200] {processor.py:841} WARNING - No viable dags retrieved from /home/frederic/airflow_venv/lib/python3.10/site-packages/airflow/example_dags/plugins/event_listener.py
[2026-05-29T10:25:31.256+0200] {processor.py:179} INFO - Processing /home/frederic/airflow_venv/lib/python3.10/site-packages/airflow/example_dags/plugins/event_listener.py took 0.016 seconds
[2026-05-29T10:26:10.033+0200] {processor.py:157} INFO - Started process (PID=705717) to work on /home/frederic/airflow_venv/lib/python3.10/site-packages/airflow/example_dags/plugins/event_listener.py
[2026-05-29T10:26:10.033+0200] {processor.py:829} INFO - Processing file /home/frederic/airflow_venv/lib/python3.10/site-packages/airflow/example_dags/plugins/event_listener.py for tasks to queue
[2026-05-29T10:26:10.034+0200] {logging_mixin.py:151} INFO - [2026-05-29T10:26:10.034+0200] {dagbag.py:539} INFO - Filling up the DagBag from /home/frederic/airflow_venv/lib/python3.10/site-packages/airflow/example_dags/plugins/event_listener.py
[2026-05-29T10:26:10.036+0200] {processor.py:841} WARNING - No viable dags retrieved from /home/frederic/airflow_venv/lib/python3.10/site-packages/airflow/example_dags/plugins/event_listener.py
[2026-05-29T10:26:10.042+0200] {processor.py:179} INFO - Processing /home/frederic/airflow_venv/lib/python3.10/site-packages/airflow/example_dags/plugins/event_listener.py took 0.012 seconds
[2026-05-29T10:26:42.331+0200] {processor.py:157} INFO - Started process (PID=706006) to work on /home/frederic/airflow_venv/lib/python3.10/site-packages/airflow/example_dags/plugins/event_listener.py
[2026-05-29T10:26:42.332+0200] {processor.py:829} INFO - Processing file /home/frederic/airflow_venv/lib/python3.10/site-packages/airflow/example_dags/plugins/event_listener.py for tasks to queue
[2026-05-29T10:26:42.332+0200] {logging_mixin.py:151} INFO - [2026-05-29T10:26:42.332+0200] {dagbag.py:539} INFO - Filling up the DagBag from /home/frederic/airflow_venv/lib/python3.10/site-packages/airflow/example_dags/plugins/event_listener.py
[2026-05-29T10:26:42.334+0200] {processor.py:841} WARNING - No viable dags retrieved from /home/frederic/airflow_venv/lib/python3.10/site-packages/airflow/example_dags/plugins/event_listener.py
[2026-05-29T10:26:42.342+0200] {processor.py:179} INFO - Processing /home/frederic/airflow_venv/lib/python3.10/site-packages/airflow/example_dags/plugins/event_listener.py took 0.013 seconds
[2026-05-29T10:27:17.256+0200] {processor.py:157} INFO - Started process (PID=706392) to work on /home/frederic/airflow_venv/lib/python3.10/site-packages/airflow/example_dags/plugins/event_listener.py
[2026-05-29T10:27:17.257+0200] {processor.py:829} INFO - Processing file /home/frederic/airflow_venv/lib/python3.10/site-packages/airflow/example_dags/plugins/event_listener.py for tasks to queue
[2026-05-29T10:27:17.258+0200] {logging_mixin.py:151} INFO - [2026-05-29T10:27:17.257+0200] {dagbag.py:539} INFO - Filling up the DagBag from /home/frederic/airflow_venv/lib/python3.10/site-packages/airflow/example_dags/plugins/event_listener.py
[2026-05-29T10:27:17.259+0200] {processor.py:841} WARNING - No viable dags retrieved from /home/frederic/airflow_venv/lib/python3.10/site-packages/airflow/example_dags/plugins/event_listener.py
[2026-05-29T10:27:17.266+0200] {processor.py:179} INFO - Processing /home/frederic/airflow_venv/lib/python3.10/site-packages/airflow/example_dags/plugins/event_listener.py took 0.012 seconds
[2026-05-29T10:28:00.574+0200] {processor.py:157} INFO - Started process (PID=706783) to work on /home/frederic/airflow_venv/lib/python3.10/site-packages/airflow/example_dags/plugins/event_listener.py
[2026-05-29T10:28:00.575+0200] {processor.py:829} INFO - Processing file /home/frederic/airflow_venv/lib/python3.10/site-packages/airflow/example_dags/plugins/event_listener.py for tasks to queue
[2026-05-29T10:28:00.576+0200] {logging_mixin.py:151} INFO - [2026-05-29T10:28:00.575+0200] {dagbag.py:539} INFO - Filling up the DagBag from /home/frederic/airflow_venv/lib/python3.10/site-packages/airflow/example_dags/plugins/event_listener.py
[2026-05-29T10:28:00.577+0200] {processor.py:841} WARNING - No viable dags retrieved from /home/frederic/airflow_venv/lib/python3.10/site-packages/airflow/example_dags/plugins/event_listener.py
[2026-05-29T10:28:00.585+0200] {processor.py:179} INFO - Processing /home/frederic/airflow_venv/lib/python3.10/site-packages/airflow/example_dags/plugins/event_listener.py took 0.013 seconds
[2026-05-29T10:28:43.477+0200] {processor.py:157} INFO - Started process (PID=707420) to work on /home/frederic/airflow_venv/lib/python3.10/site-packages/airflow/example_dags/plugins/event_listener.py
[2026-05-29T10:28:43.478+0200] {processor.py:829} INFO - Processing file /home/frederic/airflow_venv/lib/python3.10/site-packages/airflow/example_dags/plugins/event_listener.py for tasks to queue
[2026-05-29T10:28:43.479+0200] {logging_mixin.py:151} INFO - [2026-05-29T10:28:43.479+0200] {dagbag.py:539} INFO - Filling up the DagBag from /home/frederic/airflow_venv/lib/python3.10/site-packages/airflow/example_dags/plugins/event_listener.py
[2026-05-29T10:28:43.481+0200] {processor.py:841} WARNING - No viable dags retrieved from /home/frederic/airflow_venv/lib/python3.10/site-packages/airflow/example_dags/plugins/event_listener.py
[2026-05-29T10:28:43.489+0200] {processor.py:179} INFO - Processing /home/frederic/airflow_venv/lib/python3.10/site-packages/airflow/example_dags/plugins/event_listener.py took 0.014 seconds
[2026-05-29T10:29:17.208+0200] {processor.py:157} INFO - Started process (PID=707837) to work on /home/frederic/airflow_venv/lib/python3.10/site-packages/airflow/example_dags/plugins/event_listener.py
[2026-05-29T10:29:17.209+0200] {processor.py:829} INFO - Processing file /home/frederic/airflow_venv/lib/python3.10/site-packages/airflow/example_dags/plugins/event_listener.py for tasks to queue
[2026-05-29T10:29:17.210+0200] {logging_mixin.py:151} INFO - [2026-05-29T10:29:17.210+0200] {dagbag.py:539} INFO - Filling up the DagBag from /home/frederic/airflow_venv/lib/python3.10/site-packages/airflow/example_dags/plugins/event_listener.py
[2026-05-29T10:29:17.212+0200] {processor.py:841} WARNING - No viable dags retrieved from /home/frederic/airflow_venv/lib/python3.10/site-packages/airflow/example_dags/plugins/event_listener.py
[2026-05-29T10:29:17.219+0200] {processor.py:179} INFO - Processing /home/frederic/airflow_venv/lib/python3.10/site-packages/airflow/example_dags/plugins/event_listener.py took 0.013 seconds
[2026-05-29T10:30:04.649+0200] {processor.py:157} INFO - Started process (PID=708406) to work on /home/frederic/airflow_venv/lib/python3.10/site-packages/airflow/example_dags/plugins/event_listener.py
[2026-05-29T10:30:04.651+0200] {processor.py:829} INFO - Processing file /home/frederic/airflow_venv/lib/python3.10/site-packages/airflow/example_dags/plugins/event_listener.py for tasks to queue
[2026-05-29T10:30:04.651+0200] {logging_mixin.py:151} INFO - [2026-05-29T10:30:04.651+0200] {dagbag.py:539} INFO - Filling up the DagBag from /home/frederic/airflow_venv/lib/python3.10/site-packages/airflow/example_dags/plugins/event_listener.py
[2026-05-29T10:30:04.653+0200] {processor.py:841} WARNING - No viable dags retrieved from /home/frederic/airflow_venv/lib/python3.10/site-packages/airflow/example_dags/plugins/event_listener.py
[2026-05-29T10:30:04.661+0200] {processor.py:179} INFO - Processing /home/frederic/airflow_venv/lib/python3.10/site-packages/airflow/example_dags/plugins/event_listener.py took 0.014 seconds
[2026-05-29T10:30:37.956+0200] {processor.py:157} INFO - Started process (PID=708890) to work on /home/frederic/airflow_venv/lib/python3.10/site-packages/airflow/example_dags/plugins/event_listener.py
[2026-05-29T10:30:37.957+0200] {processor.py:829} INFO - Processing file /home/frederic/airflow_venv/lib/python3.10/site-packages/airflow/example_dags/plugins/event_listener.py for tasks to queue
[2026-05-29T10:30:37.958+0200] {logging_mixin.py:151} INFO - [2026-05-29T10:30:37.958+0200] {dagbag.py:539} INFO - Filling up the DagBag from /home/frederic/airflow_venv/lib/python3.10/site-packages/airflow/example_dags/plugins/event_listener.py
[2026-05-29T10:30:37.960+0200] {processor.py:841} WARNING - No viable dags retrieved from /home/frederic/airflow_venv/lib/python3.10/site-packages/airflow/example_dags/plugins/event_listener.py
[2026-05-29T10:30:37.969+0200] {processor.py:179} INFO - Processing /home/frederic/airflow_venv/lib/python3.10/site-packages/airflow/example_dags/plugins/event_listener.py took 0.016 seconds
[2026-05-29T10:31:21.628+0200] {processor.py:157} INFO - Started process (PID=709373) to work on /home/frederic/airflow_venv/lib/python3.10/site-packages/airflow/example_dags/plugins/event_listener.py
[2026-05-29T10:31:21.629+0200] {processor.py:829} INFO - Processing file /home/frederic/airflow_venv/lib/python3.10/site-packages/airflow/example_dags/plugins/event_listener.py for tasks to queue
[2026-05-29T10:31:21.629+0200] {logging_mixin.py:151} INFO - [2026-05-29T10:31:21.629+0200] {dagbag.py:539} INFO - Filling up the DagBag from /home/frederic/airflow_venv/lib/python3.10/site-packages/airflow/example_dags/plugins/event_listener.py
[2026-05-29T10:31:21.631+0200] {processor.py:841} WARNING - No viable dags retrieved from /home/frederic/airflow_venv/lib/python3.10/site-packages/airflow/example_dags/plugins/event_listener.py
[2026-05-29T10:31:21.639+0200] {processor.py:179} INFO - Processing /home/frederic/airflow_venv/lib/python3.10/site-packages/airflow/example_dags/plugins/event_listener.py took 0.013 seconds
[2026-05-29T10:31:54.714+0200] {processor.py:157} INFO - Started process (PID=709688) to work on /home/frederic/airflow_venv/lib/python3.10/site-packages/airflow/example_dags/plugins/event_listener.py
[2026-05-29T10:31:54.715+0200] {processor.py:829} INFO - Processing file /home/frederic/airflow_venv/lib/python3.10/site-packages/airflow/example_dags/plugins/event_listener.py for tasks to queue
[2026-05-29T10:31:54.716+0200] {logging_mixin.py:151} INFO - [2026-05-29T10:31:54.716+0200] {dagbag.py:539} INFO - Filling up the DagBag from /home/frederic/airflow_venv/lib/python3.10/site-packages/airflow/example_dags/plugins/event_listener.py
[2026-05-29T10:31:54.718+0200] {processor.py:841} WARNING - No viable dags retrieved from /home/frederic/airflow_venv/lib/python3.10/site-packages/airflow/example_dags/plugins/event_listener.py
[2026-05-29T10:31:54.725+0200] {processor.py:179} INFO - Processing /home/frederic/airflow_venv/lib/python3.10/site-packages/airflow/example_dags/plugins/event_listener.py took 0.013 seconds
[2026-05-29T10:32:37.276+0200] {processor.py:157} INFO - Started process (PID=710259) to work on /home/frederic/airflow_venv/lib/python3.10/site-packages/airflow/example_dags/plugins/event_listener.py
[2026-05-29T10:32:37.277+0200] {processor.py:829} INFO - Processing file /home/frederic/airflow_venv/lib/python3.10/site-packages/airflow/example_dags/plugins/event_listener.py for tasks to queue
[2026-05-29T10:32:37.277+0200] {logging_mixin.py:151} INFO - [2026-05-29T10:32:37.277+0200] {dagbag.py:539} INFO - Filling up the DagBag from /home/frederic/airflow_venv/lib/python3.10/site-packages/airflow/example_dags/plugins/event_listener.py
[2026-05-29T10:32:37.279+0200] {processor.py:841} WARNING - No viable dags retrieved from /home/frederic/airflow_venv/lib/python3.10/site-packages/airflow/example_dags/plugins/event_listener.py
[2026-05-29T10:32:37.286+0200] {processor.py:179} INFO - Processing /home/frederic/airflow_venv/lib/python3.10/site-packages/airflow/example_dags/plugins/event_listener.py took 0.013 seconds
[2026-05-29T10:33:11.180+0200] {processor.py:157} INFO - Started process (PID=710911) to work on /home/frederic/airflow_venv/lib/python3.10/site-packages/airflow/example_dags/plugins/event_listener.py
[2026-05-29T10:33:11.181+0200] {processor.py:829} INFO - Processing file /home/frederic/airflow_venv/lib/python3.10/site-packages/airflow/example_dags/plugins/event_listener.py for tasks to queue
[2026-05-29T10:33:11.182+0200] {logging_mixin.py:151} INFO - [2026-05-29T10:33:11.182+0200] {dagbag.py:539} INFO - Filling up the DagBag from /home/frederic/airflow_venv/lib/python3.10/site-packages/airflow/example_dags/plugins/event_listener.py
[2026-05-29T10:33:11.184+0200] {processor.py:841} WARNING - No viable dags retrieved from /home/frederic/airflow_venv/lib/python3.10/site-packages/airflow/example_dags/plugins/event_listener.py
[2026-05-29T10:33:11.191+0200] {processor.py:179} INFO - Processing /home/frederic/airflow_venv/lib/python3.10/site-packages/airflow/example_dags/plugins/event_listener.py took 0.013 seconds
[2026-05-29T10:33:56.845+0200] {processor.py:157} INFO - Started process (PID=711595) to work on /home/frederic/airflow_venv/lib/python3.10/site-packages/airflow/example_dags/plugins/event_listener.py
[2026-05-29T10:33:56.846+0200] {processor.py:829} INFO - Processing file /home/frederic/airflow_venv/lib/python3.10/site-packages/airflow/example_dags/plugins/event_listener.py for tasks to queue
[2026-05-29T10:33:56.847+0200] {logging_mixin.py:151} INFO - [2026-05-29T10:33:56.847+0200] {dagbag.py:539} INFO - Filling up the DagBag from /home/frederic/airflow_venv/lib/python3.10/site-packages/airflow/example_dags/plugins/event_listener.py
[2026-05-29T10:33:56.849+0200] {processor.py:841} WARNING - No viable dags retrieved from /home/frederic/airflow_venv/lib/python3.10/site-packages/airflow/example_dags/plugins/event_listener.py
[2026-05-29T10:33:56.856+0200] {processor.py:179} INFO - Processing /home/frederic/airflow_venv/lib/python3.10/site-packages/airflow/example_dags/plugins/event_listener.py took 0.013 seconds
[2026-05-29T10:34:36.783+0200] {processor.py:157} INFO - Started process (PID=712059) to work on /home/frederic/airflow_venv/lib/python3.10/site-packages/airflow/example_dags/plugins/event_listener.py
[2026-05-29T10:34:36.784+0200] {processor.py:829} INFO - Processing file /home/frederic/airflow_venv/lib/python3.10/site-packages/airflow/example_dags/plugins/event_listener.py for tasks to queue
[2026-05-29T10:34:36.784+0200] {logging_mixin.py:151} INFO - [2026-05-29T10:34:36.784+0200] {dagbag.py:539} INFO - Filling up the DagBag from /home/frederic/airflow_venv/lib/python3.10/site-packages/airflow/example_dags/plugins/event_listener.py
[2026-05-29T10:34:36.786+0200] {processor.py:841} WARNING - No viable dags retrieved from /home/frederic/airflow_venv/lib/python3.10/site-packages/airflow/example_dags/plugins/event_listener.py
[2026-05-29T10:34:36.795+0200] {processor.py:179} INFO - Processing /home/frederic/airflow_venv/lib/python3.10/site-packages/airflow/example_dags/plugins/event_listener.py took 0.015 seconds
[2026-05-29T10:35:11.476+0200] {processor.py:157} INFO - Started process (PID=712429) to work on /home/frederic/airflow_venv/lib/python3.10/site-packages/airflow/example_dags/plugins/event_listener.py
[2026-05-29T10:35:11.477+0200] {processor.py:829} INFO - Processing file /home/frederic/airflow_venv/lib/python3.10/site-packages/airflow/example_dags/plugins/event_listener.py for tasks to queue
[2026-05-29T10:35:11.477+0200] {logging_mixin.py:151} INFO - [2026-05-29T10:35:11.477+0200] {dagbag.py:539} INFO - Filling up the DagBag from /home/frederic/airflow_venv/lib/python3.10/site-packages/airflow/example_dags/plugins/event_listener.py
[2026-05-29T10:35:11.479+0200] {processor.py:841} WARNING - No viable dags retrieved from /home/frederic/airflow_venv/lib/python3.10/site-packages/airflow/example_dags/plugins/event_listener.py
[2026-05-29T10:35:11.486+0200] {processor.py:179} INFO - Processing /home/frederic/airflow_venv/lib/python3.10/site-packages/airflow/example_dags/plugins/event_listener.py took 0.013 seconds
[2026-05-29T10:35:57.557+0200] {processor.py:157} INFO - Started process (PID=712852) to work on /home/frederic/airflow_venv/lib/python3.10/site-packages/airflow/example_dags/plugins/event_listener.py
[2026-05-29T10:35:57.561+0200] {processor.py:829} INFO - Processing file /home/frederic/airflow_venv/lib/python3.10/site-packages/airflow/example_dags/plugins/event_listener.py for tasks to queue
[2026-05-29T10:35:57.561+0200] {logging_mixin.py:151} INFO - [2026-05-29T10:35:57.561+0200] {dagbag.py:539} INFO - Filling up the DagBag from /home/frederic/airflow_venv/lib/python3.10/site-packages/airflow/example_dags/plugins/event_listener.py
[2026-05-29T10:35:57.563+0200] {processor.py:841} WARNING - No viable dags retrieved from /home/frederic/airflow_venv/lib/python3.10/site-packages/airflow/example_dags/plugins/event_listener.py
[2026-05-29T10:35:57.570+0200] {processor.py:179} INFO - Processing /home/frederic/airflow_venv/lib/python3.10/site-packages/airflow/example_dags/plugins/event_listener.py took 0.016 seconds
[2026-05-29T10:36:38.686+0200] {processor.py:157} INFO - Started process (PID=713440) to work on /home/frederic/airflow_venv/lib/python3.10/site-packages/airflow/example_dags/plugins/event_listener.py
[2026-05-29T10:36:38.687+0200] {processor.py:829} INFO - Processing file /home/frederic/airflow_venv/lib/python3.10/site-packages/airflow/example_dags/plugins/event_listener.py for tasks to queue
[2026-05-29T10:36:38.688+0200] {logging_mixin.py:151} INFO - [2026-05-29T10:36:38.688+0200] {dagbag.py:539} INFO - Filling up the DagBag from /home/frederic/airflow_venv/lib/python3.10/site-packages/airflow/example_dags/plugins/event_listener.py
[2026-05-29T10:36:38.690+0200] {processor.py:841} WARNING - No viable dags retrieved from /home/frederic/airflow_venv/lib/python3.10/site-packages/airflow/example_dags/plugins/event_listener.py
[2026-05-29T10:36:38.697+0200] {processor.py:179} INFO - Processing /home/frederic/airflow_venv/lib/python3.10/site-packages/airflow/example_dags/plugins/event_listener.py took 0.013 seconds
[2026-05-29T10:37:14.517+0200] {processor.py:157} INFO - Started process (PID=713900) to work on /home/frederic/airflow_venv/lib/python3.10/site-packages/airflow/example_dags/plugins/event_listener.py
[2026-05-29T10:37:14.518+0200] {processor.py:829} INFO - Processing file /home/frederic/airflow_venv/lib/python3.10/site-packages/airflow/example_dags/plugins/event_listener.py for tasks to queue
[2026-05-29T10:37:14.519+0200] {logging_mixin.py:151} INFO - [2026-05-29T10:37:14.519+0200] {dagbag.py:539} INFO - Filling up the DagBag from /home/frederic/airflow_venv/lib/python3.10/site-packages/airflow/example_dags/plugins/event_listener.py
[2026-05-29T10:37:14.521+0200] {processor.py:841} WARNING - No viable dags retrieved from /home/frederic/airflow_venv/lib/python3.10/site-packages/airflow/example_dags/plugins/event_listener.py
[2026-05-29T10:37:14.532+0200] {processor.py:179} INFO - Processing /home/frederic/airflow_venv/lib/python3.10/site-packages/airflow/example_dags/plugins/event_listener.py took 0.018 seconds
[2026-05-29T10:37:59.621+0200] {processor.py:157} INFO - Started process (PID=714561) to work on /home/frederic/airflow_venv/lib/python3.10/site-packages/airflow/example_dags/plugins/event_listener.py
[2026-05-29T10:37:59.622+0200] {processor.py:829} INFO - Processing file /home/frederic/airflow_venv/lib/python3.10/site-packages/airflow/example_dags/plugins/event_listener.py for tasks to queue
[2026-05-29T10:37:59.623+0200] {logging_mixin.py:151} INFO - [2026-05-29T10:37:59.623+0200] {dagbag.py:539} INFO - Filling up the DagBag from /home/frederic/airflow_venv/lib/python3.10/site-packages/airflow/example_dags/plugins/event_listener.py
[2026-05-29T10:37:59.624+0200] {processor.py:841} WARNING - No viable dags retrieved from /home/frederic/airflow_venv/lib/python3.10/site-packages/airflow/example_dags/plugins/event_listener.py
[2026-05-29T10:37:59.632+0200] {processor.py:179} INFO - Processing /home/frederic/airflow_venv/lib/python3.10/site-packages/airflow/example_dags/plugins/event_listener.py took 0.013 seconds
[2026-05-29T10:38:33.175+0200] {processor.py:157} INFO - Started process (PID=715015) to work on /home/frederic/airflow_venv/lib/python3.10/site-packages/airflow/example_dags/plugins/event_listener.py
[2026-05-29T10:38:33.176+0200] {processor.py:829} INFO - Processing file /home/frederic/airflow_venv/lib/python3.10/site-packages/airflow/example_dags/plugins/event_listener.py for tasks to queue
[2026-05-29T10:38:33.177+0200] {logging_mixin.py:151} INFO - [2026-05-29T10:38:33.176+0200] {dagbag.py:539} INFO - Filling up the DagBag from /home/frederic/airflow_venv/lib/python3.10/site-packages/airflow/example_dags/plugins/event_listener.py
[2026-05-29T10:38:33.178+0200] {processor.py:841} WARNING - No viable dags retrieved from /home/frederic/airflow_venv/lib/python3.10/site-packages/airflow/example_dags/plugins/event_listener.py
[2026-05-29T10:38:33.187+0200] {processor.py:179} INFO - Processing /home/frederic/airflow_venv/lib/python3.10/site-packages/airflow/example_dags/plugins/event_listener.py took 0.013 seconds
[2026-05-29T10:39:16.935+0200] {processor.py:157} INFO - Started process (PID=715756) to work on /home/frederic/airflow_venv/lib/python3.10/site-packages/airflow/example_dags/plugins/event_listener.py
[2026-05-29T10:39:16.936+0200] {processor.py:829} INFO - Processing file /home/frederic/airflow_venv/lib/python3.10/site-packages/airflow/example_dags/plugins/event_listener.py for tasks to queue
[2026-05-29T10:39:16.936+0200] {logging_mixin.py:151} INFO - [2026-05-29T10:39:16.936+0200] {dagbag.py:539} INFO - Filling up the DagBag from /home/frederic/airflow_venv/lib/python3.10/site-packages/airflow/example_dags/plugins/event_listener.py
[2026-05-29T10:39:16.939+0200] {processor.py:841} WARNING - No viable dags retrieved from /home/frederic/airflow_venv/lib/python3.10/site-packages/airflow/example_dags/plugins/event_listener.py
[2026-05-29T10:39:16.953+0200] {processor.py:179} INFO - Processing /home/frederic/airflow_venv/lib/python3.10/site-packages/airflow/example_dags/plugins/event_listener.py took 0.021 seconds
[2026-05-29T10:40:01.181+0200] {processor.py:157} INFO - Started process (PID=716313) to work on /home/frederic/airflow_venv/lib/python3.10/site-packages/airflow/example_dags/plugins/event_listener.py
[2026-05-29T10:40:01.182+0200] {processor.py:829} INFO - Processing file /home/frederic/airflow_venv/lib/python3.10/site-packages/airflow/example_dags/plugins/event_listener.py for tasks to queue
[2026-05-29T10:40:01.183+0200] {logging_mixin.py:151} INFO - [2026-05-29T10:40:01.182+0200] {dagbag.py:539} INFO - Filling up the DagBag from /home/frederic/airflow_venv/lib/python3.10/site-packages/airflow/example_dags/plugins/event_listener.py
[2026-05-29T10:40:01.184+0200] {processor.py:841} WARNING - No viable dags retrieved from /home/frederic/airflow_venv/lib/python3.10/site-packages/airflow/example_dags/plugins/event_listener.py
[2026-05-29T10:40:01.192+0200] {processor.py:179} INFO - Processing /home/frederic/airflow_venv/lib/python3.10/site-packages/airflow/example_dags/plugins/event_listener.py took 0.013 seconds
[2026-05-29T10:40:44.181+0200] {processor.py:157} INFO - Started process (PID=716761) to work on /home/frederic/airflow_venv/lib/python3.10/site-packages/airflow/example_dags/plugins/event_listener.py
[2026-05-29T10:40:44.182+0200] {processor.py:829} INFO - Processing file /home/frederic/airflow_venv/lib/python3.10/site-packages/airflow/example_dags/plugins/event_listener.py for tasks to queue
[2026-05-29T10:40:44.183+0200] {logging_mixin.py:151} INFO - [2026-05-29T10:40:44.182+0200] {dagbag.py:539} INFO - Filling up the DagBag from /home/frederic/airflow_venv/lib/python3.10/site-packages/airflow/example_dags/plugins/event_listener.py
[2026-05-29T10:40:44.184+0200] {processor.py:841} WARNING - No viable dags retrieved from /home/frederic/airflow_venv/lib/python3.10/site-packages/airflow/example_dags/plugins/event_listener.py
[2026-05-29T10:40:44.192+0200] {processor.py:179} INFO - Processing /home/frederic/airflow_venv/lib/python3.10/site-packages/airflow/example_dags/plugins/event_listener.py took 0.013 seconds
[2026-05-29T10:41:32.992+0200] {processor.py:157} INFO - Started process (PID=717304) to work on /home/frederic/airflow_venv/lib/python3.10/site-packages/airflow/example_dags/plugins/event_listener.py
[2026-05-29T10:41:32.994+0200] {processor.py:829} INFO - Processing file /home/frederic/airflow_venv/lib/python3.10/site-packages/airflow/example_dags/plugins/event_listener.py for tasks to queue
[2026-05-29T10:41:32.995+0200] {logging_mixin.py:151} INFO - [2026-05-29T10:41:32.994+0200] {dagbag.py:539} INFO - Filling up the DagBag from /home/frederic/airflow_venv/lib/python3.10/site-packages/airflow/example_dags/plugins/event_listener.py
[2026-05-29T10:41:32.997+0200] {processor.py:841} WARNING - No viable dags retrieved from /home/frederic/airflow_venv/lib/python3.10/site-packages/airflow/example_dags/plugins/event_listener.py
[2026-05-29T10:41:33.005+0200] {processor.py:179} INFO - Processing /home/frederic/airflow_venv/lib/python3.10/site-packages/airflow/example_dags/plugins/event_listener.py took 0.016 seconds
[2026-05-29T10:42:19.387+0200] {processor.py:157} INFO - Started process (PID=717768) to work on /home/frederic/airflow_venv/lib/python3.10/site-packages/airflow/example_dags/plugins/event_listener.py
[2026-05-29T10:42:19.388+0200] {processor.py:829} INFO - Processing file /home/frederic/airflow_venv/lib/python3.10/site-packages/airflow/example_dags/plugins/event_listener.py for tasks to queue
[2026-05-29T10:42:19.389+0200] {logging_mixin.py:151} INFO - [2026-05-29T10:42:19.388+0200] {dagbag.py:539} INFO - Filling up the DagBag from /home/frederic/airflow_venv/lib/python3.10/site-packages/airflow/example_dags/plugins/event_listener.py
[2026-05-29T10:42:19.390+0200] {processor.py:841} WARNING - No viable dags retrieved from /home/frederic/airflow_venv/lib/python3.10/site-packages/airflow/example_dags/plugins/event_listener.py
[2026-05-29T10:42:19.399+0200] {processor.py:179} INFO - Processing /home/frederic/airflow_venv/lib/python3.10/site-packages/airflow/example_dags/plugins/event_listener.py took 0.015 seconds
[2026-05-29T10:42:52.597+0200] {processor.py:157} INFO - Started process (PID=718084) to work on /home/frederic/airflow_venv/lib/python3.10/site-packages/airflow/example_dags/plugins/event_listener.py
[2026-05-29T10:42:52.597+0200] {processor.py:829} INFO - Processing file /home/frederic/airflow_venv/lib/python3.10/site-packages/airflow/example_dags/plugins/event_listener.py for tasks to queue
[2026-05-29T10:42:52.598+0200] {logging_mixin.py:151} INFO - [2026-05-29T10:42:52.598+0200] {dagbag.py:539} INFO - Filling up the DagBag from /home/frederic/airflow_venv/lib/python3.10/site-packages/airflow/example_dags/plugins/event_listener.py
[2026-05-29T10:42:52.600+0200] {processor.py:841} WARNING - No viable dags retrieved from /home/frederic/airflow_venv/lib/python3.10/site-packages/airflow/example_dags/plugins/event_listener.py
[2026-05-29T10:42:52.608+0200] {processor.py:179} INFO - Processing /home/frederic/airflow_venv/lib/python3.10/site-packages/airflow/example_dags/plugins/event_listener.py took 0.015 seconds
[2026-05-29T10:43:34.315+0200] {processor.py:157} INFO - Started process (PID=718603) to work on /home/frederic/airflow_venv/lib/python3.10/site-packages/airflow/example_dags/plugins/event_listener.py
[2026-05-29T10:43:34.316+0200] {processor.py:829} INFO - Processing file /home/frederic/airflow_venv/lib/python3.10/site-packages/airflow/example_dags/plugins/event_listener.py for tasks to queue
[2026-05-29T10:43:34.317+0200] {logging_mixin.py:151} INFO - [2026-05-29T10:43:34.316+0200] {dagbag.py:539} INFO - Filling up the DagBag from /home/frederic/airflow_venv/lib/python3.10/site-packages/airflow/example_dags/plugins/event_listener.py
[2026-05-29T10:43:34.318+0200] {processor.py:841} WARNING - No viable dags retrieved from /home/frederic/airflow_venv/lib/python3.10/site-packages/airflow/example_dags/plugins/event_listener.py
[2026-05-29T10:43:34.326+0200] {processor.py:179} INFO - Processing /home/frederic/airflow_venv/lib/python3.10/site-packages/airflow/example_dags/plugins/event_listener.py took 0.014 seconds
[2026-05-29T10:44:06.290+0200] {processor.py:157} INFO - Started process (PID=718954) to work on /home/frederic/airflow_venv/lib/python3.10/site-packages/airflow/example_dags/plugins/event_listener.py
[2026-05-29T10:44:06.291+0200] {processor.py:829} INFO - Processing file /home/frederic/airflow_venv/lib/python3.10/site-packages/airflow/example_dags/plugins/event_listener.py for tasks to queue
[2026-05-29T10:44:06.292+0200] {logging_mixin.py:151} INFO - [2026-05-29T10:44:06.291+0200] {dagbag.py:539} INFO - Filling up the DagBag from /home/frederic/airflow_venv/lib/python3.10/site-packages/airflow/example_dags/plugins/event_listener.py
[2026-05-29T10:44:06.293+0200] {processor.py:841} WARNING - No viable dags retrieved from /home/frederic/airflow_venv/lib/python3.10/site-packages/airflow/example_dags/plugins/event_listener.py
[2026-05-29T10:44:06.301+0200] {processor.py:179} INFO - Processing /home/frederic/airflow_venv/lib/python3.10/site-packages/airflow/example_dags/plugins/event_listener.py took 0.013 seconds
[2026-05-29T10:44:53.812+0200] {processor.py:157} INFO - Started process (PID=719699) to work on /home/frederic/airflow_venv/lib/python3.10/site-packages/airflow/example_dags/plugins/event_listener.py
[2026-05-29T10:44:53.813+0200] {processor.py:829} INFO - Processing file /home/frederic/airflow_venv/lib/python3.10/site-packages/airflow/example_dags/plugins/event_listener.py for tasks to queue
[2026-05-29T10:44:53.813+0200] {logging_mixin.py:151} INFO - [2026-05-29T10:44:53.813+0200] {dagbag.py:539} INFO - Filling up the DagBag from /home/frederic/airflow_venv/lib/python3.10/site-packages/airflow/example_dags/plugins/event_listener.py
[2026-05-29T10:44:53.815+0200] {processor.py:841} WARNING - No viable dags retrieved from /home/frederic/airflow_venv/lib/python3.10/site-packages/airflow/example_dags/plugins/event_listener.py
[2026-05-29T10:44:53.823+0200] {processor.py:179} INFO - Processing /home/frederic/airflow_venv/lib/python3.10/site-packages/airflow/example_dags/plugins/event_listener.py took 0.014 seconds
[2026-05-29T10:45:39.046+0200] {processor.py:157} INFO - Started process (PID=720212) to work on /home/frederic/airflow_venv/lib/python3.10/site-packages/airflow/example_dags/plugins/event_listener.py
[2026-05-29T10:45:39.047+0200] {processor.py:829} INFO - Processing file /home/frederic/airflow_venv/lib/python3.10/site-packages/airflow/example_dags/plugins/event_listener.py for tasks to queue
[2026-05-29T10:45:39.047+0200] {logging_mixin.py:151} INFO - [2026-05-29T10:45:39.047+0200] {dagbag.py:539} INFO - Filling up the DagBag from /home/frederic/airflow_venv/lib/python3.10/site-packages/airflow/example_dags/plugins/event_listener.py
[2026-05-29T10:45:39.049+0200] {processor.py:841} WARNING - No viable dags retrieved from /home/frederic/airflow_venv/lib/python3.10/site-packages/airflow/example_dags/plugins/event_listener.py
[2026-05-29T10:45:39.056+0200] {processor.py:179} INFO - Processing /home/frederic/airflow_venv/lib/python3.10/site-packages/airflow/example_dags/plugins/event_listener.py took 0.013 seconds
[2026-05-29T10:46:24.165+0200] {processor.py:157} INFO - Started process (PID=720713) to work on /home/frederic/airflow_venv/lib/python3.10/site-packages/airflow/example_dags/plugins/event_listener.py
[2026-05-29T10:46:24.166+0200] {processor.py:829} INFO - Processing file /home/frederic/airflow_venv/lib/python3.10/site-packages/airflow/example_dags/plugins/event_listener.py for tasks to queue
[2026-05-29T10:46:24.166+0200] {logging_mixin.py:151} INFO - [2026-05-29T10:46:24.166+0200] {dagbag.py:539} INFO - Filling up the DagBag from /home/frederic/airflow_venv/lib/python3.10/site-packages/airflow/example_dags/plugins/event_listener.py
[2026-05-29T10:46:24.168+0200] {processor.py:841} WARNING - No viable dags retrieved from /home/frederic/airflow_venv/lib/python3.10/site-packages/airflow/example_dags/plugins/event_listener.py
[2026-05-29T10:46:24.175+0200] {processor.py:179} INFO - Processing /home/frederic/airflow_venv/lib/python3.10/site-packages/airflow/example_dags/plugins/event_listener.py took 0.013 seconds
[2026-05-29T10:46:59.848+0200] {processor.py:157} INFO - Started process (PID=721098) to work on /home/frederic/airflow_venv/lib/python3.10/site-packages/airflow/example_dags/plugins/event_listener.py
[2026-05-29T10:46:59.849+0200] {processor.py:829} INFO - Processing file /home/frederic/airflow_venv/lib/python3.10/site-packages/airflow/example_dags/plugins/event_listener.py for tasks to queue
[2026-05-29T10:46:59.850+0200] {logging_mixin.py:151} INFO - [2026-05-29T10:46:59.849+0200] {dagbag.py:539} INFO - Filling up the DagBag from /home/frederic/airflow_venv/lib/python3.10/site-packages/airflow/example_dags/plugins/event_listener.py
[2026-05-29T10:46:59.851+0200] {processor.py:841} WARNING - No viable dags retrieved from /home/frederic/airflow_venv/lib/python3.10/site-packages/airflow/example_dags/plugins/event_listener.py
[2026-05-29T10:46:59.858+0200] {processor.py:179} INFO - Processing /home/frederic/airflow_venv/lib/python3.10/site-packages/airflow/example_dags/plugins/event_listener.py took 0.012 seconds
[2026-05-29T10:47:34.506+0200] {processor.py:157} INFO - Started process (PID=721953) to work on /home/frederic/airflow_venv/lib/python3.10/site-packages/airflow/example_dags/plugins/event_listener.py
[2026-05-29T10:47:34.507+0200] {processor.py:829} INFO - Processing file /home/frederic/airflow_venv/lib/python3.10/site-packages/airflow/example_dags/plugins/event_listener.py for tasks to queue
[2026-05-29T10:47:34.508+0200] {logging_mixin.py:151} INFO - [2026-05-29T10:47:34.508+0200] {dagbag.py:539} INFO - Filling up the DagBag from /home/frederic/airflow_venv/lib/python3.10/site-packages/airflow/example_dags/plugins/event_listener.py
[2026-05-29T10:47:34.510+0200] {processor.py:841} WARNING - No viable dags retrieved from /home/frederic/airflow_venv/lib/python3.10/site-packages/airflow/example_dags/plugins/event_listener.py
[2026-05-29T10:47:34.518+0200] {processor.py:179} INFO - Processing /home/frederic/airflow_venv/lib/python3.10/site-packages/airflow/example_dags/plugins/event_listener.py took 0.014 seconds
[2026-05-29T10:48:17.271+0200] {processor.py:157} INFO - Started process (PID=722461) to work on /home/frederic/airflow_venv/lib/python3.10/site-packages/airflow/example_dags/plugins/event_listener.py
[2026-05-29T10:48:17.272+0200] {processor.py:829} INFO - Processing file /home/frederic/airflow_venv/lib/python3.10/site-packages/airflow/example_dags/plugins/event_listener.py for tasks to queue
[2026-05-29T10:48:17.273+0200] {logging_mixin.py:151} INFO - [2026-05-29T10:48:17.273+0200] {dagbag.py:539} INFO - Filling up the DagBag from /home/frederic/airflow_venv/lib/python3.10/site-packages/airflow/example_dags/plugins/event_listener.py
[2026-05-29T10:48:17.275+0200] {processor.py:841} WARNING - No viable dags retrieved from /home/frederic/airflow_venv/lib/python3.10/site-packages/airflow/example_dags/plugins/event_listener.py
[2026-05-29T10:48:17.282+0200] {processor.py:179} INFO - Processing /home/frederic/airflow_venv/lib/python3.10/site-packages/airflow/example_dags/plugins/event_listener.py took 0.013 seconds
[2026-05-29T10:48:59.716+0200] {processor.py:157} INFO - Started process (PID=722892) to work on /home/frederic/airflow_venv/lib/python3.10/site-packages/airflow/example_dags/plugins/event_listener.py
[2026-05-29T10:48:59.717+0200] {processor.py:829} INFO - Processing file /home/frederic/airflow_venv/lib/python3.10/site-packages/airflow/example_dags/plugins/event_listener.py for tasks to queue
[2026-05-29T10:48:59.718+0200] {logging_mixin.py:151} INFO - [2026-05-29T10:48:59.717+0200] {dagbag.py:539} INFO - Filling up the DagBag from /home/frederic/airflow_venv/lib/python3.10/site-packages/airflow/example_dags/plugins/event_listener.py
[2026-05-29T10:48:59.722+0200] {processor.py:841} WARNING - No viable dags retrieved from /home/frederic/airflow_venv/lib/python3.10/site-packages/airflow/example_dags/plugins/event_listener.py
[2026-05-29T10:48:59.734+0200] {processor.py:179} INFO - Processing /home/frederic/airflow_venv/lib/python3.10/site-packages/airflow/example_dags/plugins/event_listener.py took 0.021 seconds
[2026-05-29T10:49:33.086+0200] {processor.py:157} INFO - Started process (PID=723257) to work on /home/frederic/airflow_venv/lib/python3.10/site-packages/airflow/example_dags/plugins/event_listener.py
[2026-05-29T10:49:33.087+0200] {processor.py:829} INFO - Processing file /home/frederic/airflow_venv/lib/python3.10/site-packages/airflow/example_dags/plugins/event_listener.py for tasks to queue
[2026-05-29T10:49:33.088+0200] {logging_mixin.py:151} INFO - [2026-05-29T10:49:33.087+0200] {dagbag.py:539} INFO - Filling up the DagBag from /home/frederic/airflow_venv/lib/python3.10/site-packages/airflow/example_dags/plugins/event_listener.py
[2026-05-29T10:49:33.090+0200] {processor.py:841} WARNING - No viable dags retrieved from /home/frederic/airflow_venv/lib/python3.10/site-packages/airflow/example_dags/plugins/event_listener.py
[2026-05-29T10:49:33.099+0200] {processor.py:179} INFO - Processing /home/frederic/airflow_venv/lib/python3.10/site-packages/airflow/example_dags/plugins/event_listener.py took 0.016 seconds
[2026-05-29T10:50:05.800+0200] {processor.py:157} INFO - Started process (PID=723607) to work on /home/frederic/airflow_venv/lib/python3.10/site-packages/airflow/example_dags/plugins/event_listener.py
[2026-05-29T10:50:05.801+0200] {processor.py:829} INFO - Processing file /home/frederic/airflow_venv/lib/python3.10/site-packages/airflow/example_dags/plugins/event_listener.py for tasks to queue
[2026-05-29T10:50:05.802+0200] {logging_mixin.py:151} INFO - [2026-05-29T10:50:05.801+0200] {dagbag.py:539} INFO - Filling up the DagBag from /home/frederic/airflow_venv/lib/python3.10/site-packages/airflow/example_dags/plugins/event_listener.py
[2026-05-29T10:50:05.804+0200] {processor.py:841} WARNING - No viable dags retrieved from /home/frederic/airflow_venv/lib/python3.10/site-packages/airflow/example_dags/plugins/event_listener.py
[2026-05-29T10:50:05.813+0200] {processor.py:179} INFO - Processing /home/frederic/airflow_venv/lib/python3.10/site-packages/airflow/example_dags/plugins/event_listener.py took 0.016 seconds
[2026-05-29T10:50:38.458+0200] {processor.py:157} INFO - Started process (PID=723917) to work on /home/frederic/airflow_venv/lib/python3.10/site-packages/airflow/example_dags/plugins/event_listener.py
[2026-05-29T10:50:38.459+0200] {processor.py:829} INFO - Processing file /home/frederic/airflow_venv/lib/python3.10/site-packages/airflow/example_dags/plugins/event_listener.py for tasks to queue
[2026-05-29T10:50:38.460+0200] {logging_mixin.py:151} INFO - [2026-05-29T10:50:38.459+0200] {dagbag.py:539} INFO - Filling up the DagBag from /home/frederic/airflow_venv/lib/python3.10/site-packages/airflow/example_dags/plugins/event_listener.py
[2026-05-29T10:50:38.461+0200] {processor.py:841} WARNING - No viable dags retrieved from /home/frederic/airflow_venv/lib/python3.10/site-packages/airflow/example_dags/plugins/event_listener.py
[2026-05-29T10:50:38.470+0200] {processor.py:179} INFO - Processing /home/frederic/airflow_venv/lib/python3.10/site-packages/airflow/example_dags/plugins/event_listener.py took 0.014 seconds
[2026-05-29T10:51:22.453+0200] {processor.py:157} INFO - Started process (PID=724368) to work on /home/frederic/airflow_venv/lib/python3.10/site-packages/airflow/example_dags/plugins/event_listener.py
[2026-05-29T10:51:22.454+0200] {processor.py:829} INFO - Processing file /home/frederic/airflow_venv/lib/python3.10/site-packages/airflow/example_dags/plugins/event_listener.py for tasks to queue
[2026-05-29T10:51:22.455+0200] {logging_mixin.py:151} INFO - [2026-05-29T10:51:22.454+0200] {dagbag.py:539} INFO - Filling up the DagBag from /home/frederic/airflow_venv/lib/python3.10/site-packages/airflow/example_dags/plugins/event_listener.py
[2026-05-29T10:51:22.457+0200] {processor.py:841} WARNING - No viable dags retrieved from /home/frederic/airflow_venv/lib/python3.10/site-packages/airflow/example_dags/plugins/event_listener.py
[2026-05-29T10:51:22.465+0200] {processor.py:179} INFO - Processing /home/frederic/airflow_venv/lib/python3.10/site-packages/airflow/example_dags/plugins/event_listener.py took 0.014 seconds
