[2026-05-29T01:36:53.597+0200] {processor.py:157} INFO - Started process (PID=594150) to work on /home/frederic/airflow_venv/lib/python3.10/site-packages/airflow/example_dags/example_short_circuit_operator.py
[2026-05-29T01:36:53.598+0200] {processor.py:829} INFO - Processing file /home/frederic/airflow_venv/lib/python3.10/site-packages/airflow/example_dags/example_short_circuit_operator.py for tasks to queue
[2026-05-29T01:36:53.599+0200] {logging_mixin.py:151} INFO - [2026-05-29T01:36:53.599+0200] {dagbag.py:539} INFO - Filling up the DagBag from /home/frederic/airflow_venv/lib/python3.10/site-packages/airflow/example_dags/example_short_circuit_operator.py
[2026-05-29T01:36:53.606+0200] {processor.py:839} INFO - DAG(s) dict_keys(['example_short_circuit_operator']) retrieved from /home/frederic/airflow_venv/lib/python3.10/site-packages/airflow/example_dags/example_short_circuit_operator.py
[2026-05-29T01:36:53.695+0200] {logging_mixin.py:151} INFO - [2026-05-29T01:36:53.695+0200] {manager.py:499} INFO - Created Permission View: %s
[2026-05-29T01:36:53.704+0200] {logging_mixin.py:151} INFO - [2026-05-29T01:36:53.704+0200] {manager.py:499} INFO - Created Permission View: %s
[2026-05-29T01:36:53.711+0200] {logging_mixin.py:151} INFO - [2026-05-29T01:36:53.710+0200] {manager.py:499} INFO - Created Permission View: %s
[2026-05-29T01:36:53.711+0200] {logging_mixin.py:151} INFO - [2026-05-29T01:36:53.711+0200] {security.py:708} INFO - Not syncing DAG-level permissions for DAG 'DAG:example_short_circuit_operator' as access control is unset.
[2026-05-29T01:36:53.711+0200] {logging_mixin.py:151} INFO - [2026-05-29T01:36:53.711+0200] {dag.py:2915} INFO - Sync 1 DAGs
[2026-05-29T01:36:53.721+0200] {logging_mixin.py:151} INFO - [2026-05-29T01:36:53.721+0200] {dag.py:2937} INFO - Creating ORM DAG for example_short_circuit_operator
[2026-05-29T01:36:53.728+0200] {logging_mixin.py:151} INFO - [2026-05-29T01:36:53.728+0200] {dag.py:3696} INFO - Setting next_dagrun for example_short_circuit_operator to 2026-05-27T23:36:53.728443+00:00, run_after=2026-05-28T23:36:53.728443+00:00
[2026-05-29T01:36:53.743+0200] {processor.py:179} INFO - Processing /home/frederic/airflow_venv/lib/python3.10/site-packages/airflow/example_dags/example_short_circuit_operator.py took 0.150 seconds
[2026-05-29T01:37:37.991+0200] {processor.py:157} INFO - Started process (PID=595055) to work on /home/frederic/airflow_venv/lib/python3.10/site-packages/airflow/example_dags/example_short_circuit_operator.py
[2026-05-29T01:37:37.992+0200] {processor.py:829} INFO - Processing file /home/frederic/airflow_venv/lib/python3.10/site-packages/airflow/example_dags/example_short_circuit_operator.py for tasks to queue
[2026-05-29T01:37:37.992+0200] {logging_mixin.py:151} INFO - [2026-05-29T01:37:37.992+0200] {dagbag.py:539} INFO - Filling up the DagBag from /home/frederic/airflow_venv/lib/python3.10/site-packages/airflow/example_dags/example_short_circuit_operator.py
[2026-05-29T01:37:37.999+0200] {processor.py:839} INFO - DAG(s) dict_keys(['example_short_circuit_operator']) retrieved from /home/frederic/airflow_venv/lib/python3.10/site-packages/airflow/example_dags/example_short_circuit_operator.py
[2026-05-29T01:37:38.014+0200] {logging_mixin.py:151} INFO - [2026-05-29T01:37:38.014+0200] {dag.py:2915} INFO - Sync 1 DAGs
[2026-05-29T01:37:38.034+0200] {logging_mixin.py:151} INFO - [2026-05-29T01:37:38.033+0200] {dag.py:3696} INFO - Setting next_dagrun for example_short_circuit_operator to 2026-05-27T23:37:38.033620+00:00, run_after=2026-05-28T23:37:38.033620+00:00
[2026-05-29T01:37:38.049+0200] {processor.py:179} INFO - Processing /home/frederic/airflow_venv/lib/python3.10/site-packages/airflow/example_dags/example_short_circuit_operator.py took 0.060 seconds
[2026-05-29T01:38:24.474+0200] {processor.py:157} INFO - Started process (PID=595928) to work on /home/frederic/airflow_venv/lib/python3.10/site-packages/airflow/example_dags/example_short_circuit_operator.py
[2026-05-29T01:38:24.475+0200] {processor.py:829} INFO - Processing file /home/frederic/airflow_venv/lib/python3.10/site-packages/airflow/example_dags/example_short_circuit_operator.py for tasks to queue
[2026-05-29T01:38:24.475+0200] {logging_mixin.py:151} INFO - [2026-05-29T01:38:24.475+0200] {dagbag.py:539} INFO - Filling up the DagBag from /home/frederic/airflow_venv/lib/python3.10/site-packages/airflow/example_dags/example_short_circuit_operator.py
[2026-05-29T01:38:24.483+0200] {processor.py:839} INFO - DAG(s) dict_keys(['example_short_circuit_operator']) retrieved from /home/frederic/airflow_venv/lib/python3.10/site-packages/airflow/example_dags/example_short_circuit_operator.py
[2026-05-29T01:38:24.500+0200] {logging_mixin.py:151} INFO - [2026-05-29T01:38:24.500+0200] {dag.py:2915} INFO - Sync 1 DAGs
[2026-05-29T01:38:24.522+0200] {logging_mixin.py:151} INFO - [2026-05-29T01:38:24.522+0200] {dag.py:3696} INFO - Setting next_dagrun for example_short_circuit_operator to 2026-05-27T23:38:24.521824+00:00, run_after=2026-05-28T23:38:24.521824+00:00
[2026-05-29T01:38:24.541+0200] {processor.py:179} INFO - Processing /home/frederic/airflow_venv/lib/python3.10/site-packages/airflow/example_dags/example_short_circuit_operator.py took 0.072 seconds
[2026-05-29T01:39:07.601+0200] {processor.py:157} INFO - Started process (PID=596925) to work on /home/frederic/airflow_venv/lib/python3.10/site-packages/airflow/example_dags/example_short_circuit_operator.py
[2026-05-29T01:39:07.602+0200] {processor.py:829} INFO - Processing file /home/frederic/airflow_venv/lib/python3.10/site-packages/airflow/example_dags/example_short_circuit_operator.py for tasks to queue
[2026-05-29T01:39:07.603+0200] {logging_mixin.py:151} INFO - [2026-05-29T01:39:07.603+0200] {dagbag.py:539} INFO - Filling up the DagBag from /home/frederic/airflow_venv/lib/python3.10/site-packages/airflow/example_dags/example_short_circuit_operator.py
[2026-05-29T01:39:07.610+0200] {processor.py:839} INFO - DAG(s) dict_keys(['example_short_circuit_operator']) retrieved from /home/frederic/airflow_venv/lib/python3.10/site-packages/airflow/example_dags/example_short_circuit_operator.py
[2026-05-29T01:39:07.624+0200] {logging_mixin.py:151} INFO - [2026-05-29T01:39:07.624+0200] {dag.py:2915} INFO - Sync 1 DAGs
[2026-05-29T01:39:07.640+0200] {logging_mixin.py:151} INFO - [2026-05-29T01:39:07.640+0200] {dag.py:3696} INFO - Setting next_dagrun for example_short_circuit_operator to 2026-05-27T23:39:07.639832+00:00, run_after=2026-05-28T23:39:07.639832+00:00
[2026-05-29T01:39:07.654+0200] {processor.py:179} INFO - Processing /home/frederic/airflow_venv/lib/python3.10/site-packages/airflow/example_dags/example_short_circuit_operator.py took 0.055 seconds
[2026-05-29T01:39:53.343+0200] {processor.py:157} INFO - Started process (PID=598002) to work on /home/frederic/airflow_venv/lib/python3.10/site-packages/airflow/example_dags/example_short_circuit_operator.py
[2026-05-29T01:39:53.346+0200] {processor.py:829} INFO - Processing file /home/frederic/airflow_venv/lib/python3.10/site-packages/airflow/example_dags/example_short_circuit_operator.py for tasks to queue
[2026-05-29T01:39:53.347+0200] {logging_mixin.py:151} INFO - [2026-05-29T01:39:53.346+0200] {dagbag.py:539} INFO - Filling up the DagBag from /home/frederic/airflow_venv/lib/python3.10/site-packages/airflow/example_dags/example_short_circuit_operator.py
[2026-05-29T01:39:53.357+0200] {processor.py:839} INFO - DAG(s) dict_keys(['example_short_circuit_operator']) retrieved from /home/frederic/airflow_venv/lib/python3.10/site-packages/airflow/example_dags/example_short_circuit_operator.py
[2026-05-29T01:39:53.377+0200] {logging_mixin.py:151} INFO - [2026-05-29T01:39:53.376+0200] {dag.py:2915} INFO - Sync 1 DAGs
[2026-05-29T01:39:53.397+0200] {logging_mixin.py:151} INFO - [2026-05-29T01:39:53.397+0200] {dag.py:3696} INFO - Setting next_dagrun for example_short_circuit_operator to 2026-05-27T23:39:53.397137+00:00, run_after=2026-05-28T23:39:53.397137+00:00
[2026-05-29T01:39:53.424+0200] {processor.py:179} INFO - Processing /home/frederic/airflow_venv/lib/python3.10/site-packages/airflow/example_dags/example_short_circuit_operator.py took 0.084 seconds
[2026-05-29T01:40:42.568+0200] {processor.py:157} INFO - Started process (PID=599241) to work on /home/frederic/airflow_venv/lib/python3.10/site-packages/airflow/example_dags/example_short_circuit_operator.py
[2026-05-29T01:40:42.571+0200] {processor.py:829} INFO - Processing file /home/frederic/airflow_venv/lib/python3.10/site-packages/airflow/example_dags/example_short_circuit_operator.py for tasks to queue
[2026-05-29T01:40:42.572+0200] {logging_mixin.py:151} INFO - [2026-05-29T01:40:42.572+0200] {dagbag.py:539} INFO - Filling up the DagBag from /home/frederic/airflow_venv/lib/python3.10/site-packages/airflow/example_dags/example_short_circuit_operator.py
[2026-05-29T01:40:42.579+0200] {processor.py:839} INFO - DAG(s) dict_keys(['example_short_circuit_operator']) retrieved from /home/frederic/airflow_venv/lib/python3.10/site-packages/airflow/example_dags/example_short_circuit_operator.py
[2026-05-29T01:40:42.595+0200] {logging_mixin.py:151} INFO - [2026-05-29T01:40:42.595+0200] {dag.py:2915} INFO - Sync 1 DAGs
[2026-05-29T01:40:42.613+0200] {logging_mixin.py:151} INFO - [2026-05-29T01:40:42.613+0200] {dag.py:3696} INFO - Setting next_dagrun for example_short_circuit_operator to 2026-05-27T23:40:42.613043+00:00, run_after=2026-05-28T23:40:42.613043+00:00
[2026-05-29T01:40:42.627+0200] {processor.py:179} INFO - Processing /home/frederic/airflow_venv/lib/python3.10/site-packages/airflow/example_dags/example_short_circuit_operator.py took 0.062 seconds
[2026-05-29T01:41:27.029+0200] {processor.py:157} INFO - Started process (PID=600132) to work on /home/frederic/airflow_venv/lib/python3.10/site-packages/airflow/example_dags/example_short_circuit_operator.py
[2026-05-29T01:41:27.033+0200] {processor.py:829} INFO - Processing file /home/frederic/airflow_venv/lib/python3.10/site-packages/airflow/example_dags/example_short_circuit_operator.py for tasks to queue
[2026-05-29T01:41:27.034+0200] {logging_mixin.py:151} INFO - [2026-05-29T01:41:27.033+0200] {dagbag.py:539} INFO - Filling up the DagBag from /home/frederic/airflow_venv/lib/python3.10/site-packages/airflow/example_dags/example_short_circuit_operator.py
[2026-05-29T01:41:27.041+0200] {processor.py:839} INFO - DAG(s) dict_keys(['example_short_circuit_operator']) retrieved from /home/frederic/airflow_venv/lib/python3.10/site-packages/airflow/example_dags/example_short_circuit_operator.py
[2026-05-29T01:41:27.059+0200] {logging_mixin.py:151} INFO - [2026-05-29T01:41:27.059+0200] {dag.py:2915} INFO - Sync 1 DAGs
[2026-05-29T01:41:27.079+0200] {logging_mixin.py:151} INFO - [2026-05-29T01:41:27.079+0200] {dag.py:3696} INFO - Setting next_dagrun for example_short_circuit_operator to 2026-05-27T23:41:27.078901+00:00, run_after=2026-05-28T23:41:27.078901+00:00
[2026-05-29T01:41:27.103+0200] {processor.py:179} INFO - Processing /home/frederic/airflow_venv/lib/python3.10/site-packages/airflow/example_dags/example_short_circuit_operator.py took 0.077 seconds
[2026-05-29T01:42:12.170+0200] {processor.py:157} INFO - Started process (PID=601289) to work on /home/frederic/airflow_venv/lib/python3.10/site-packages/airflow/example_dags/example_short_circuit_operator.py
[2026-05-29T01:42:12.171+0200] {processor.py:829} INFO - Processing file /home/frederic/airflow_venv/lib/python3.10/site-packages/airflow/example_dags/example_short_circuit_operator.py for tasks to queue
[2026-05-29T01:42:12.172+0200] {logging_mixin.py:151} INFO - [2026-05-29T01:42:12.172+0200] {dagbag.py:539} INFO - Filling up the DagBag from /home/frederic/airflow_venv/lib/python3.10/site-packages/airflow/example_dags/example_short_circuit_operator.py
[2026-05-29T01:42:12.180+0200] {processor.py:839} INFO - DAG(s) dict_keys(['example_short_circuit_operator']) retrieved from /home/frederic/airflow_venv/lib/python3.10/site-packages/airflow/example_dags/example_short_circuit_operator.py
[2026-05-29T01:42:12.195+0200] {logging_mixin.py:151} INFO - [2026-05-29T01:42:12.195+0200] {dag.py:2915} INFO - Sync 1 DAGs
[2026-05-29T01:42:12.213+0200] {logging_mixin.py:151} INFO - [2026-05-29T01:42:12.213+0200] {dag.py:3696} INFO - Setting next_dagrun for example_short_circuit_operator to 2026-05-27T23:42:12.213252+00:00, run_after=2026-05-28T23:42:12.213252+00:00
[2026-05-29T01:42:12.228+0200] {processor.py:179} INFO - Processing /home/frederic/airflow_venv/lib/python3.10/site-packages/airflow/example_dags/example_short_circuit_operator.py took 0.061 seconds
[2026-05-29T01:43:01.326+0200] {processor.py:157} INFO - Started process (PID=602208) to work on /home/frederic/airflow_venv/lib/python3.10/site-packages/airflow/example_dags/example_short_circuit_operator.py
[2026-05-29T01:43:01.329+0200] {processor.py:829} INFO - Processing file /home/frederic/airflow_venv/lib/python3.10/site-packages/airflow/example_dags/example_short_circuit_operator.py for tasks to queue
[2026-05-29T01:43:01.330+0200] {logging_mixin.py:151} INFO - [2026-05-29T01:43:01.330+0200] {dagbag.py:539} INFO - Filling up the DagBag from /home/frederic/airflow_venv/lib/python3.10/site-packages/airflow/example_dags/example_short_circuit_operator.py
[2026-05-29T01:43:01.336+0200] {processor.py:839} INFO - DAG(s) dict_keys(['example_short_circuit_operator']) retrieved from /home/frederic/airflow_venv/lib/python3.10/site-packages/airflow/example_dags/example_short_circuit_operator.py
[2026-05-29T01:43:01.351+0200] {logging_mixin.py:151} INFO - [2026-05-29T01:43:01.351+0200] {dag.py:2915} INFO - Sync 1 DAGs
[2026-05-29T01:43:01.366+0200] {logging_mixin.py:151} INFO - [2026-05-29T01:43:01.366+0200] {dag.py:3696} INFO - Setting next_dagrun for example_short_circuit_operator to 2026-05-27T23:43:01.366488+00:00, run_after=2026-05-28T23:43:01.366488+00:00
[2026-05-29T01:43:01.380+0200] {processor.py:179} INFO - Processing /home/frederic/airflow_venv/lib/python3.10/site-packages/airflow/example_dags/example_short_circuit_operator.py took 0.057 seconds
[2026-05-29T01:43:48.731+0200] {processor.py:157} INFO - Started process (PID=603105) to work on /home/frederic/airflow_venv/lib/python3.10/site-packages/airflow/example_dags/example_short_circuit_operator.py
[2026-05-29T01:43:48.732+0200] {processor.py:829} INFO - Processing file /home/frederic/airflow_venv/lib/python3.10/site-packages/airflow/example_dags/example_short_circuit_operator.py for tasks to queue
[2026-05-29T01:43:48.733+0200] {logging_mixin.py:151} INFO - [2026-05-29T01:43:48.733+0200] {dagbag.py:539} INFO - Filling up the DagBag from /home/frederic/airflow_venv/lib/python3.10/site-packages/airflow/example_dags/example_short_circuit_operator.py
[2026-05-29T01:43:48.741+0200] {processor.py:839} INFO - DAG(s) dict_keys(['example_short_circuit_operator']) retrieved from /home/frederic/airflow_venv/lib/python3.10/site-packages/airflow/example_dags/example_short_circuit_operator.py
[2026-05-29T01:43:48.756+0200] {logging_mixin.py:151} INFO - [2026-05-29T01:43:48.756+0200] {dag.py:2915} INFO - Sync 1 DAGs
[2026-05-29T01:43:48.772+0200] {logging_mixin.py:151} INFO - [2026-05-29T01:43:48.772+0200] {dag.py:3696} INFO - Setting next_dagrun for example_short_circuit_operator to 2026-05-27T23:43:48.772377+00:00, run_after=2026-05-28T23:43:48.772377+00:00
[2026-05-29T01:43:48.789+0200] {processor.py:179} INFO - Processing /home/frederic/airflow_venv/lib/python3.10/site-packages/airflow/example_dags/example_short_circuit_operator.py took 0.060 seconds
[2026-05-29T01:44:32.195+0200] {processor.py:157} INFO - Started process (PID=603867) to work on /home/frederic/airflow_venv/lib/python3.10/site-packages/airflow/example_dags/example_short_circuit_operator.py
[2026-05-29T01:44:32.196+0200] {processor.py:829} INFO - Processing file /home/frederic/airflow_venv/lib/python3.10/site-packages/airflow/example_dags/example_short_circuit_operator.py for tasks to queue
[2026-05-29T01:44:32.197+0200] {logging_mixin.py:151} INFO - [2026-05-29T01:44:32.196+0200] {dagbag.py:539} INFO - Filling up the DagBag from /home/frederic/airflow_venv/lib/python3.10/site-packages/airflow/example_dags/example_short_circuit_operator.py
[2026-05-29T01:44:32.204+0200] {processor.py:839} INFO - DAG(s) dict_keys(['example_short_circuit_operator']) retrieved from /home/frederic/airflow_venv/lib/python3.10/site-packages/airflow/example_dags/example_short_circuit_operator.py
[2026-05-29T01:44:32.217+0200] {logging_mixin.py:151} INFO - [2026-05-29T01:44:32.217+0200] {dag.py:2915} INFO - Sync 1 DAGs
[2026-05-29T01:44:32.233+0200] {logging_mixin.py:151} INFO - [2026-05-29T01:44:32.233+0200] {dag.py:3696} INFO - Setting next_dagrun for example_short_circuit_operator to 2026-05-27T23:44:32.233206+00:00, run_after=2026-05-28T23:44:32.233206+00:00
[2026-05-29T01:44:32.249+0200] {processor.py:179} INFO - Processing /home/frederic/airflow_venv/lib/python3.10/site-packages/airflow/example_dags/example_short_circuit_operator.py took 0.056 seconds
[2026-05-29T01:45:18.423+0200] {processor.py:157} INFO - Started process (PID=605488) to work on /home/frederic/airflow_venv/lib/python3.10/site-packages/airflow/example_dags/example_short_circuit_operator.py
[2026-05-29T01:45:18.424+0200] {processor.py:829} INFO - Processing file /home/frederic/airflow_venv/lib/python3.10/site-packages/airflow/example_dags/example_short_circuit_operator.py for tasks to queue
[2026-05-29T01:45:18.425+0200] {logging_mixin.py:151} INFO - [2026-05-29T01:45:18.424+0200] {dagbag.py:539} INFO - Filling up the DagBag from /home/frederic/airflow_venv/lib/python3.10/site-packages/airflow/example_dags/example_short_circuit_operator.py
[2026-05-29T01:45:18.434+0200] {processor.py:839} INFO - DAG(s) dict_keys(['example_short_circuit_operator']) retrieved from /home/frederic/airflow_venv/lib/python3.10/site-packages/airflow/example_dags/example_short_circuit_operator.py
[2026-05-29T01:45:18.453+0200] {logging_mixin.py:151} INFO - [2026-05-29T01:45:18.453+0200] {dag.py:2915} INFO - Sync 1 DAGs
[2026-05-29T01:45:18.475+0200] {logging_mixin.py:151} INFO - [2026-05-29T01:45:18.475+0200] {dag.py:3696} INFO - Setting next_dagrun for example_short_circuit_operator to 2026-05-27T23:45:18.475047+00:00, run_after=2026-05-28T23:45:18.475047+00:00
[2026-05-29T01:45:18.499+0200] {processor.py:179} INFO - Processing /home/frederic/airflow_venv/lib/python3.10/site-packages/airflow/example_dags/example_short_circuit_operator.py took 0.079 seconds
[2026-05-29T01:46:10.791+0200] {processor.py:157} INFO - Started process (PID=607786) to work on /home/frederic/airflow_venv/lib/python3.10/site-packages/airflow/example_dags/example_short_circuit_operator.py
[2026-05-29T01:46:10.795+0200] {processor.py:829} INFO - Processing file /home/frederic/airflow_venv/lib/python3.10/site-packages/airflow/example_dags/example_short_circuit_operator.py for tasks to queue
[2026-05-29T01:46:10.795+0200] {logging_mixin.py:151} INFO - [2026-05-29T01:46:10.795+0200] {dagbag.py:539} INFO - Filling up the DagBag from /home/frederic/airflow_venv/lib/python3.10/site-packages/airflow/example_dags/example_short_circuit_operator.py
[2026-05-29T01:46:10.803+0200] {processor.py:839} INFO - DAG(s) dict_keys(['example_short_circuit_operator']) retrieved from /home/frederic/airflow_venv/lib/python3.10/site-packages/airflow/example_dags/example_short_circuit_operator.py
[2026-05-29T01:46:10.818+0200] {logging_mixin.py:151} INFO - [2026-05-29T01:46:10.818+0200] {dag.py:2915} INFO - Sync 1 DAGs
[2026-05-29T01:46:10.835+0200] {logging_mixin.py:151} INFO - [2026-05-29T01:46:10.835+0200] {dag.py:3696} INFO - Setting next_dagrun for example_short_circuit_operator to 2026-05-27T23:46:10.835318+00:00, run_after=2026-05-28T23:46:10.835318+00:00
[2026-05-29T01:46:10.855+0200] {processor.py:179} INFO - Processing /home/frederic/airflow_venv/lib/python3.10/site-packages/airflow/example_dags/example_short_circuit_operator.py took 0.066 seconds
[2026-05-29T01:46:56.141+0200] {processor.py:157} INFO - Started process (PID=609500) to work on /home/frederic/airflow_venv/lib/python3.10/site-packages/airflow/example_dags/example_short_circuit_operator.py
[2026-05-29T01:46:56.144+0200] {processor.py:829} INFO - Processing file /home/frederic/airflow_venv/lib/python3.10/site-packages/airflow/example_dags/example_short_circuit_operator.py for tasks to queue
[2026-05-29T01:46:56.145+0200] {logging_mixin.py:151} INFO - [2026-05-29T01:46:56.145+0200] {dagbag.py:539} INFO - Filling up the DagBag from /home/frederic/airflow_venv/lib/python3.10/site-packages/airflow/example_dags/example_short_circuit_operator.py
[2026-05-29T01:46:56.153+0200] {processor.py:839} INFO - DAG(s) dict_keys(['example_short_circuit_operator']) retrieved from /home/frederic/airflow_venv/lib/python3.10/site-packages/airflow/example_dags/example_short_circuit_operator.py
[2026-05-29T01:46:56.167+0200] {logging_mixin.py:151} INFO - [2026-05-29T01:46:56.167+0200] {dag.py:2915} INFO - Sync 1 DAGs
[2026-05-29T01:46:56.183+0200] {logging_mixin.py:151} INFO - [2026-05-29T01:46:56.183+0200] {dag.py:3696} INFO - Setting next_dagrun for example_short_circuit_operator to 2026-05-27T23:46:56.182979+00:00, run_after=2026-05-28T23:46:56.182979+00:00
[2026-05-29T01:46:56.199+0200] {processor.py:179} INFO - Processing /home/frederic/airflow_venv/lib/python3.10/site-packages/airflow/example_dags/example_short_circuit_operator.py took 0.060 seconds
[2026-05-29T01:47:40.315+0200] {processor.py:157} INFO - Started process (PID=610705) to work on /home/frederic/airflow_venv/lib/python3.10/site-packages/airflow/example_dags/example_short_circuit_operator.py
[2026-05-29T01:47:40.318+0200] {processor.py:829} INFO - Processing file /home/frederic/airflow_venv/lib/python3.10/site-packages/airflow/example_dags/example_short_circuit_operator.py for tasks to queue
[2026-05-29T01:47:40.318+0200] {logging_mixin.py:151} INFO - [2026-05-29T01:47:40.318+0200] {dagbag.py:539} INFO - Filling up the DagBag from /home/frederic/airflow_venv/lib/python3.10/site-packages/airflow/example_dags/example_short_circuit_operator.py
[2026-05-29T01:47:40.326+0200] {processor.py:839} INFO - DAG(s) dict_keys(['example_short_circuit_operator']) retrieved from /home/frederic/airflow_venv/lib/python3.10/site-packages/airflow/example_dags/example_short_circuit_operator.py
[2026-05-29T01:47:40.341+0200] {logging_mixin.py:151} INFO - [2026-05-29T01:47:40.341+0200] {dag.py:2915} INFO - Sync 1 DAGs
[2026-05-29T01:47:40.356+0200] {logging_mixin.py:151} INFO - [2026-05-29T01:47:40.356+0200] {dag.py:3696} INFO - Setting next_dagrun for example_short_circuit_operator to 2026-05-27T23:47:40.356399+00:00, run_after=2026-05-28T23:47:40.356399+00:00
[2026-05-29T01:47:40.372+0200] {processor.py:179} INFO - Processing /home/frederic/airflow_venv/lib/python3.10/site-packages/airflow/example_dags/example_short_circuit_operator.py took 0.060 seconds
[2026-05-29T01:48:24.437+0200] {processor.py:157} INFO - Started process (PID=612102) to work on /home/frederic/airflow_venv/lib/python3.10/site-packages/airflow/example_dags/example_short_circuit_operator.py
[2026-05-29T01:48:24.441+0200] {processor.py:829} INFO - Processing file /home/frederic/airflow_venv/lib/python3.10/site-packages/airflow/example_dags/example_short_circuit_operator.py for tasks to queue
[2026-05-29T01:48:24.441+0200] {logging_mixin.py:151} INFO - [2026-05-29T01:48:24.441+0200] {dagbag.py:539} INFO - Filling up the DagBag from /home/frederic/airflow_venv/lib/python3.10/site-packages/airflow/example_dags/example_short_circuit_operator.py
[2026-05-29T01:48:24.448+0200] {processor.py:839} INFO - DAG(s) dict_keys(['example_short_circuit_operator']) retrieved from /home/frederic/airflow_venv/lib/python3.10/site-packages/airflow/example_dags/example_short_circuit_operator.py
[2026-05-29T01:48:24.464+0200] {logging_mixin.py:151} INFO - [2026-05-29T01:48:24.464+0200] {dag.py:2915} INFO - Sync 1 DAGs
[2026-05-29T01:48:24.481+0200] {logging_mixin.py:151} INFO - [2026-05-29T01:48:24.481+0200] {dag.py:3696} INFO - Setting next_dagrun for example_short_circuit_operator to 2026-05-27T23:48:24.481446+00:00, run_after=2026-05-28T23:48:24.481446+00:00
[2026-05-29T01:48:24.499+0200] {processor.py:179} INFO - Processing /home/frederic/airflow_venv/lib/python3.10/site-packages/airflow/example_dags/example_short_circuit_operator.py took 0.064 seconds
[2026-05-29T01:49:09.079+0200] {processor.py:157} INFO - Started process (PID=613160) to work on /home/frederic/airflow_venv/lib/python3.10/site-packages/airflow/example_dags/example_short_circuit_operator.py
[2026-05-29T01:49:09.083+0200] {processor.py:829} INFO - Processing file /home/frederic/airflow_venv/lib/python3.10/site-packages/airflow/example_dags/example_short_circuit_operator.py for tasks to queue
[2026-05-29T01:49:09.084+0200] {logging_mixin.py:151} INFO - [2026-05-29T01:49:09.083+0200] {dagbag.py:539} INFO - Filling up the DagBag from /home/frederic/airflow_venv/lib/python3.10/site-packages/airflow/example_dags/example_short_circuit_operator.py
[2026-05-29T01:49:09.091+0200] {processor.py:839} INFO - DAG(s) dict_keys(['example_short_circuit_operator']) retrieved from /home/frederic/airflow_venv/lib/python3.10/site-packages/airflow/example_dags/example_short_circuit_operator.py
[2026-05-29T01:49:09.105+0200] {logging_mixin.py:151} INFO - [2026-05-29T01:49:09.105+0200] {dag.py:2915} INFO - Sync 1 DAGs
[2026-05-29T01:49:09.120+0200] {logging_mixin.py:151} INFO - [2026-05-29T01:49:09.120+0200] {dag.py:3696} INFO - Setting next_dagrun for example_short_circuit_operator to 2026-05-27T23:49:09.119854+00:00, run_after=2026-05-28T23:49:09.119854+00:00
[2026-05-29T01:49:09.135+0200] {processor.py:179} INFO - Processing /home/frederic/airflow_venv/lib/python3.10/site-packages/airflow/example_dags/example_short_circuit_operator.py took 0.059 seconds
[2026-05-29T01:49:52.481+0200] {processor.py:157} INFO - Started process (PID=614401) to work on /home/frederic/airflow_venv/lib/python3.10/site-packages/airflow/example_dags/example_short_circuit_operator.py
[2026-05-29T01:49:52.482+0200] {processor.py:829} INFO - Processing file /home/frederic/airflow_venv/lib/python3.10/site-packages/airflow/example_dags/example_short_circuit_operator.py for tasks to queue
[2026-05-29T01:49:52.483+0200] {logging_mixin.py:151} INFO - [2026-05-29T01:49:52.483+0200] {dagbag.py:539} INFO - Filling up the DagBag from /home/frederic/airflow_venv/lib/python3.10/site-packages/airflow/example_dags/example_short_circuit_operator.py
[2026-05-29T01:49:52.493+0200] {processor.py:839} INFO - DAG(s) dict_keys(['example_short_circuit_operator']) retrieved from /home/frederic/airflow_venv/lib/python3.10/site-packages/airflow/example_dags/example_short_circuit_operator.py
[2026-05-29T01:49:52.512+0200] {logging_mixin.py:151} INFO - [2026-05-29T01:49:52.511+0200] {dag.py:2915} INFO - Sync 1 DAGs
[2026-05-29T01:49:52.534+0200] {logging_mixin.py:151} INFO - [2026-05-29T01:49:52.534+0200] {dag.py:3696} INFO - Setting next_dagrun for example_short_circuit_operator to 2026-05-27T23:49:52.534471+00:00, run_after=2026-05-28T23:49:52.534471+00:00
[2026-05-29T01:49:52.554+0200] {processor.py:179} INFO - Processing /home/frederic/airflow_venv/lib/python3.10/site-packages/airflow/example_dags/example_short_circuit_operator.py took 0.078 seconds
[2026-05-29T01:50:32.771+0200] {processor.py:157} INFO - Started process (PID=615655) to work on /home/frederic/airflow_venv/lib/python3.10/site-packages/airflow/example_dags/example_short_circuit_operator.py
[2026-05-29T01:50:32.775+0200] {processor.py:829} INFO - Processing file /home/frederic/airflow_venv/lib/python3.10/site-packages/airflow/example_dags/example_short_circuit_operator.py for tasks to queue
[2026-05-29T01:50:32.776+0200] {logging_mixin.py:151} INFO - [2026-05-29T01:50:32.776+0200] {dagbag.py:539} INFO - Filling up the DagBag from /home/frederic/airflow_venv/lib/python3.10/site-packages/airflow/example_dags/example_short_circuit_operator.py
[2026-05-29T01:50:32.783+0200] {processor.py:839} INFO - DAG(s) dict_keys(['example_short_circuit_operator']) retrieved from /home/frederic/airflow_venv/lib/python3.10/site-packages/airflow/example_dags/example_short_circuit_operator.py
[2026-05-29T01:50:32.799+0200] {logging_mixin.py:151} INFO - [2026-05-29T01:50:32.798+0200] {dag.py:2915} INFO - Sync 1 DAGs
[2026-05-29T01:50:32.817+0200] {logging_mixin.py:151} INFO - [2026-05-29T01:50:32.817+0200] {dag.py:3696} INFO - Setting next_dagrun for example_short_circuit_operator to 2026-05-27T23:50:32.817042+00:00, run_after=2026-05-28T23:50:32.817042+00:00
[2026-05-29T01:50:32.834+0200] {processor.py:179} INFO - Processing /home/frederic/airflow_venv/lib/python3.10/site-packages/airflow/example_dags/example_short_circuit_operator.py took 0.065 seconds
[2026-05-29T01:51:12.739+0200] {processor.py:157} INFO - Started process (PID=616562) to work on /home/frederic/airflow_venv/lib/python3.10/site-packages/airflow/example_dags/example_short_circuit_operator.py
[2026-05-29T01:51:12.740+0200] {processor.py:829} INFO - Processing file /home/frederic/airflow_venv/lib/python3.10/site-packages/airflow/example_dags/example_short_circuit_operator.py for tasks to queue
[2026-05-29T01:51:12.741+0200] {logging_mixin.py:151} INFO - [2026-05-29T01:51:12.741+0200] {dagbag.py:539} INFO - Filling up the DagBag from /home/frederic/airflow_venv/lib/python3.10/site-packages/airflow/example_dags/example_short_circuit_operator.py
[2026-05-29T01:51:12.748+0200] {processor.py:839} INFO - DAG(s) dict_keys(['example_short_circuit_operator']) retrieved from /home/frederic/airflow_venv/lib/python3.10/site-packages/airflow/example_dags/example_short_circuit_operator.py
[2026-05-29T01:51:12.764+0200] {logging_mixin.py:151} INFO - [2026-05-29T01:51:12.764+0200] {dag.py:2915} INFO - Sync 1 DAGs
[2026-05-29T01:51:12.781+0200] {logging_mixin.py:151} INFO - [2026-05-29T01:51:12.781+0200] {dag.py:3696} INFO - Setting next_dagrun for example_short_circuit_operator to 2026-05-27T23:51:12.781278+00:00, run_after=2026-05-28T23:51:12.781278+00:00
[2026-05-29T01:51:12.798+0200] {processor.py:179} INFO - Processing /home/frederic/airflow_venv/lib/python3.10/site-packages/airflow/example_dags/example_short_circuit_operator.py took 0.060 seconds
[2026-05-29T01:52:04.199+0200] {processor.py:157} INFO - Started process (PID=617925) to work on /home/frederic/airflow_venv/lib/python3.10/site-packages/airflow/example_dags/example_short_circuit_operator.py
[2026-05-29T01:52:04.203+0200] {processor.py:829} INFO - Processing file /home/frederic/airflow_venv/lib/python3.10/site-packages/airflow/example_dags/example_short_circuit_operator.py for tasks to queue
[2026-05-29T01:52:04.203+0200] {logging_mixin.py:151} INFO - [2026-05-29T01:52:04.203+0200] {dagbag.py:539} INFO - Filling up the DagBag from /home/frederic/airflow_venv/lib/python3.10/site-packages/airflow/example_dags/example_short_circuit_operator.py
[2026-05-29T01:52:04.210+0200] {processor.py:839} INFO - DAG(s) dict_keys(['example_short_circuit_operator']) retrieved from /home/frederic/airflow_venv/lib/python3.10/site-packages/airflow/example_dags/example_short_circuit_operator.py
[2026-05-29T01:52:04.228+0200] {logging_mixin.py:151} INFO - [2026-05-29T01:52:04.227+0200] {dag.py:2915} INFO - Sync 1 DAGs
[2026-05-29T01:52:04.251+0200] {logging_mixin.py:151} INFO - [2026-05-29T01:52:04.251+0200] {dag.py:3696} INFO - Setting next_dagrun for example_short_circuit_operator to 2026-05-27T23:52:04.251210+00:00, run_after=2026-05-28T23:52:04.251210+00:00
[2026-05-29T01:52:04.269+0200] {processor.py:179} INFO - Processing /home/frederic/airflow_venv/lib/python3.10/site-packages/airflow/example_dags/example_short_circuit_operator.py took 0.072 seconds
[2026-05-29T01:52:52.743+0200] {processor.py:157} INFO - Started process (PID=619534) to work on /home/frederic/airflow_venv/lib/python3.10/site-packages/airflow/example_dags/example_short_circuit_operator.py
[2026-05-29T01:52:52.746+0200] {processor.py:829} INFO - Processing file /home/frederic/airflow_venv/lib/python3.10/site-packages/airflow/example_dags/example_short_circuit_operator.py for tasks to queue
[2026-05-29T01:52:52.747+0200] {logging_mixin.py:151} INFO - [2026-05-29T01:52:52.747+0200] {dagbag.py:539} INFO - Filling up the DagBag from /home/frederic/airflow_venv/lib/python3.10/site-packages/airflow/example_dags/example_short_circuit_operator.py
[2026-05-29T01:52:52.754+0200] {processor.py:839} INFO - DAG(s) dict_keys(['example_short_circuit_operator']) retrieved from /home/frederic/airflow_venv/lib/python3.10/site-packages/airflow/example_dags/example_short_circuit_operator.py
[2026-05-29T01:52:52.768+0200] {logging_mixin.py:151} INFO - [2026-05-29T01:52:52.768+0200] {dag.py:2915} INFO - Sync 1 DAGs
[2026-05-29T01:52:52.783+0200] {logging_mixin.py:151} INFO - [2026-05-29T01:52:52.783+0200] {dag.py:3696} INFO - Setting next_dagrun for example_short_circuit_operator to 2026-05-27T23:52:52.783185+00:00, run_after=2026-05-28T23:52:52.783185+00:00
[2026-05-29T01:52:52.798+0200] {processor.py:179} INFO - Processing /home/frederic/airflow_venv/lib/python3.10/site-packages/airflow/example_dags/example_short_circuit_operator.py took 0.058 seconds
[2026-05-29T01:53:37.421+0200] {processor.py:157} INFO - Started process (PID=620784) to work on /home/frederic/airflow_venv/lib/python3.10/site-packages/airflow/example_dags/example_short_circuit_operator.py
[2026-05-29T01:53:37.421+0200] {processor.py:829} INFO - Processing file /home/frederic/airflow_venv/lib/python3.10/site-packages/airflow/example_dags/example_short_circuit_operator.py for tasks to queue
[2026-05-29T01:53:37.422+0200] {logging_mixin.py:151} INFO - [2026-05-29T01:53:37.422+0200] {dagbag.py:539} INFO - Filling up the DagBag from /home/frederic/airflow_venv/lib/python3.10/site-packages/airflow/example_dags/example_short_circuit_operator.py
[2026-05-29T01:53:37.429+0200] {processor.py:839} INFO - DAG(s) dict_keys(['example_short_circuit_operator']) retrieved from /home/frederic/airflow_venv/lib/python3.10/site-packages/airflow/example_dags/example_short_circuit_operator.py
[2026-05-29T01:53:37.444+0200] {logging_mixin.py:151} INFO - [2026-05-29T01:53:37.444+0200] {dag.py:2915} INFO - Sync 1 DAGs
[2026-05-29T01:53:37.462+0200] {logging_mixin.py:151} INFO - [2026-05-29T01:53:37.461+0200] {dag.py:3696} INFO - Setting next_dagrun for example_short_circuit_operator to 2026-05-27T23:53:37.461625+00:00, run_after=2026-05-28T23:53:37.461625+00:00
[2026-05-29T01:53:37.476+0200] {processor.py:179} INFO - Processing /home/frederic/airflow_venv/lib/python3.10/site-packages/airflow/example_dags/example_short_circuit_operator.py took 0.058 seconds
[2026-05-29T01:54:25.216+0200] {processor.py:157} INFO - Started process (PID=621965) to work on /home/frederic/airflow_venv/lib/python3.10/site-packages/airflow/example_dags/example_short_circuit_operator.py
[2026-05-29T01:54:25.217+0200] {processor.py:829} INFO - Processing file /home/frederic/airflow_venv/lib/python3.10/site-packages/airflow/example_dags/example_short_circuit_operator.py for tasks to queue
[2026-05-29T01:54:25.218+0200] {logging_mixin.py:151} INFO - [2026-05-29T01:54:25.217+0200] {dagbag.py:539} INFO - Filling up the DagBag from /home/frederic/airflow_venv/lib/python3.10/site-packages/airflow/example_dags/example_short_circuit_operator.py
[2026-05-29T01:54:25.224+0200] {processor.py:839} INFO - DAG(s) dict_keys(['example_short_circuit_operator']) retrieved from /home/frederic/airflow_venv/lib/python3.10/site-packages/airflow/example_dags/example_short_circuit_operator.py
[2026-05-29T01:54:25.239+0200] {logging_mixin.py:151} INFO - [2026-05-29T01:54:25.239+0200] {dag.py:2915} INFO - Sync 1 DAGs
[2026-05-29T01:54:25.257+0200] {logging_mixin.py:151} INFO - [2026-05-29T01:54:25.257+0200] {dag.py:3696} INFO - Setting next_dagrun for example_short_circuit_operator to 2026-05-27T23:54:25.257099+00:00, run_after=2026-05-28T23:54:25.257099+00:00
[2026-05-29T01:54:25.272+0200] {processor.py:179} INFO - Processing /home/frederic/airflow_venv/lib/python3.10/site-packages/airflow/example_dags/example_short_circuit_operator.py took 0.059 seconds
[2026-05-29T01:55:09.368+0200] {processor.py:157} INFO - Started process (PID=623690) to work on /home/frederic/airflow_venv/lib/python3.10/site-packages/airflow/example_dags/example_short_circuit_operator.py
[2026-05-29T01:55:09.368+0200] {processor.py:829} INFO - Processing file /home/frederic/airflow_venv/lib/python3.10/site-packages/airflow/example_dags/example_short_circuit_operator.py for tasks to queue
[2026-05-29T01:55:09.369+0200] {logging_mixin.py:151} INFO - [2026-05-29T01:55:09.369+0200] {dagbag.py:539} INFO - Filling up the DagBag from /home/frederic/airflow_venv/lib/python3.10/site-packages/airflow/example_dags/example_short_circuit_operator.py
[2026-05-29T01:55:09.376+0200] {processor.py:839} INFO - DAG(s) dict_keys(['example_short_circuit_operator']) retrieved from /home/frederic/airflow_venv/lib/python3.10/site-packages/airflow/example_dags/example_short_circuit_operator.py
[2026-05-29T01:55:09.390+0200] {logging_mixin.py:151} INFO - [2026-05-29T01:55:09.390+0200] {dag.py:2915} INFO - Sync 1 DAGs
[2026-05-29T01:55:09.408+0200] {logging_mixin.py:151} INFO - [2026-05-29T01:55:09.408+0200] {dag.py:3696} INFO - Setting next_dagrun for example_short_circuit_operator to 2026-05-27T23:55:09.408009+00:00, run_after=2026-05-28T23:55:09.408009+00:00
[2026-05-29T01:55:09.431+0200] {processor.py:179} INFO - Processing /home/frederic/airflow_venv/lib/python3.10/site-packages/airflow/example_dags/example_short_circuit_operator.py took 0.066 seconds
[2026-05-29T01:55:37.547+0200] {processor.py:157} INFO - Started process (PID=624655) to work on /home/frederic/airflow_venv/lib/python3.10/site-packages/airflow/example_dags/example_short_circuit_operator.py
[2026-05-29T01:55:37.548+0200] {processor.py:829} INFO - Processing file /home/frederic/airflow_venv/lib/python3.10/site-packages/airflow/example_dags/example_short_circuit_operator.py for tasks to queue
[2026-05-29T01:55:37.548+0200] {logging_mixin.py:151} INFO - [2026-05-29T01:55:37.548+0200] {dagbag.py:539} INFO - Filling up the DagBag from /home/frederic/airflow_venv/lib/python3.10/site-packages/airflow/example_dags/example_short_circuit_operator.py
[2026-05-29T01:55:37.555+0200] {processor.py:839} INFO - DAG(s) dict_keys(['example_short_circuit_operator']) retrieved from /home/frederic/airflow_venv/lib/python3.10/site-packages/airflow/example_dags/example_short_circuit_operator.py
[2026-05-29T01:55:37.561+0200] {logging_mixin.py:151} INFO - [2026-05-29T01:55:37.561+0200] {dag.py:2915} INFO - Sync 1 DAGs
[2026-05-29T01:55:37.579+0200] {logging_mixin.py:151} INFO - [2026-05-29T01:55:37.579+0200] {dag.py:3696} INFO - Setting next_dagrun for example_short_circuit_operator to 2026-05-27T23:55:37.579178+00:00, run_after=2026-05-28T23:55:37.579178+00:00
[2026-05-29T01:55:37.595+0200] {processor.py:179} INFO - Processing /home/frederic/airflow_venv/lib/python3.10/site-packages/airflow/example_dags/example_short_circuit_operator.py took 0.050 seconds
[2026-05-29T01:55:57.928+0200] {processor.py:157} INFO - Started process (PID=625152) to work on /home/frederic/airflow_venv/lib/python3.10/site-packages/airflow/example_dags/example_short_circuit_operator.py
[2026-05-29T01:55:57.929+0200] {processor.py:829} INFO - Processing file /home/frederic/airflow_venv/lib/python3.10/site-packages/airflow/example_dags/example_short_circuit_operator.py for tasks to queue
[2026-05-29T01:55:57.930+0200] {logging_mixin.py:151} INFO - [2026-05-29T01:55:57.930+0200] {dagbag.py:539} INFO - Filling up the DagBag from /home/frederic/airflow_venv/lib/python3.10/site-packages/airflow/example_dags/example_short_circuit_operator.py
[2026-05-29T01:55:57.940+0200] {processor.py:839} INFO - DAG(s) dict_keys(['example_short_circuit_operator']) retrieved from /home/frederic/airflow_venv/lib/python3.10/site-packages/airflow/example_dags/example_short_circuit_operator.py
[2026-05-29T01:55:57.958+0200] {logging_mixin.py:151} INFO - [2026-05-29T01:55:57.958+0200] {dag.py:2915} INFO - Sync 1 DAGs
[2026-05-29T01:55:57.975+0200] {logging_mixin.py:151} INFO - [2026-05-29T01:55:57.975+0200] {dag.py:3696} INFO - Setting next_dagrun for example_short_circuit_operator to 2026-05-27T23:55:57.975324+00:00, run_after=2026-05-28T23:55:57.975324+00:00
[2026-05-29T01:55:57.997+0200] {processor.py:179} INFO - Processing /home/frederic/airflow_venv/lib/python3.10/site-packages/airflow/example_dags/example_short_circuit_operator.py took 0.071 seconds
[2026-05-29T01:56:29.090+0200] {processor.py:157} INFO - Started process (PID=626285) to work on /home/frederic/airflow_venv/lib/python3.10/site-packages/airflow/example_dags/example_short_circuit_operator.py
[2026-05-29T01:56:29.091+0200] {processor.py:829} INFO - Processing file /home/frederic/airflow_venv/lib/python3.10/site-packages/airflow/example_dags/example_short_circuit_operator.py for tasks to queue
[2026-05-29T01:56:29.091+0200] {logging_mixin.py:151} INFO - [2026-05-29T01:56:29.091+0200] {dagbag.py:539} INFO - Filling up the DagBag from /home/frederic/airflow_venv/lib/python3.10/site-packages/airflow/example_dags/example_short_circuit_operator.py
[2026-05-29T01:56:29.100+0200] {processor.py:839} INFO - DAG(s) dict_keys(['example_short_circuit_operator']) retrieved from /home/frederic/airflow_venv/lib/python3.10/site-packages/airflow/example_dags/example_short_circuit_operator.py
[2026-05-29T01:56:29.118+0200] {logging_mixin.py:151} INFO - [2026-05-29T01:56:29.117+0200] {dag.py:2915} INFO - Sync 1 DAGs
[2026-05-29T01:56:29.138+0200] {logging_mixin.py:151} INFO - [2026-05-29T01:56:29.138+0200] {dag.py:3696} INFO - Setting next_dagrun for example_short_circuit_operator to 2026-05-27T23:56:29.137904+00:00, run_after=2026-05-28T23:56:29.137904+00:00
[2026-05-29T01:56:29.157+0200] {processor.py:179} INFO - Processing /home/frederic/airflow_venv/lib/python3.10/site-packages/airflow/example_dags/example_short_circuit_operator.py took 0.069 seconds
[2026-05-29T01:56:40.952+0200] {processor.py:157} INFO - Started process (PID=626627) to work on /home/frederic/airflow_venv/lib/python3.10/site-packages/airflow/example_dags/example_short_circuit_operator.py
[2026-05-29T01:56:40.953+0200] {processor.py:829} INFO - Processing file /home/frederic/airflow_venv/lib/python3.10/site-packages/airflow/example_dags/example_short_circuit_operator.py for tasks to queue
[2026-05-29T01:56:40.954+0200] {logging_mixin.py:151} INFO - [2026-05-29T01:56:40.953+0200] {dagbag.py:539} INFO - Filling up the DagBag from /home/frederic/airflow_venv/lib/python3.10/site-packages/airflow/example_dags/example_short_circuit_operator.py
[2026-05-29T01:56:40.963+0200] {processor.py:839} INFO - DAG(s) dict_keys(['example_short_circuit_operator']) retrieved from /home/frederic/airflow_venv/lib/python3.10/site-packages/airflow/example_dags/example_short_circuit_operator.py
[2026-05-29T01:56:40.982+0200] {logging_mixin.py:151} INFO - [2026-05-29T01:56:40.982+0200] {dag.py:2915} INFO - Sync 1 DAGs
[2026-05-29T01:56:41.006+0200] {logging_mixin.py:151} INFO - [2026-05-29T01:56:41.005+0200] {dag.py:3696} INFO - Setting next_dagrun for example_short_circuit_operator to 2026-05-27T23:56:41.005475+00:00, run_after=2026-05-28T23:56:41.005475+00:00
[2026-05-29T01:56:41.027+0200] {processor.py:179} INFO - Processing /home/frederic/airflow_venv/lib/python3.10/site-packages/airflow/example_dags/example_short_circuit_operator.py took 0.077 seconds
[2026-05-29T01:57:15.508+0200] {processor.py:157} INFO - Started process (PID=627678) to work on /home/frederic/airflow_venv/lib/python3.10/site-packages/airflow/example_dags/example_short_circuit_operator.py
[2026-05-29T01:57:15.508+0200] {processor.py:829} INFO - Processing file /home/frederic/airflow_venv/lib/python3.10/site-packages/airflow/example_dags/example_short_circuit_operator.py for tasks to queue
[2026-05-29T01:57:15.509+0200] {logging_mixin.py:151} INFO - [2026-05-29T01:57:15.509+0200] {dagbag.py:539} INFO - Filling up the DagBag from /home/frederic/airflow_venv/lib/python3.10/site-packages/airflow/example_dags/example_short_circuit_operator.py
[2026-05-29T01:57:15.517+0200] {processor.py:839} INFO - DAG(s) dict_keys(['example_short_circuit_operator']) retrieved from /home/frederic/airflow_venv/lib/python3.10/site-packages/airflow/example_dags/example_short_circuit_operator.py
[2026-05-29T01:57:15.534+0200] {logging_mixin.py:151} INFO - [2026-05-29T01:57:15.534+0200] {dag.py:2915} INFO - Sync 1 DAGs
[2026-05-29T01:57:15.550+0200] {logging_mixin.py:151} INFO - [2026-05-29T01:57:15.550+0200] {dag.py:3696} INFO - Setting next_dagrun for example_short_circuit_operator to 2026-05-27T23:57:15.550397+00:00, run_after=2026-05-28T23:57:15.550397+00:00
[2026-05-29T01:57:15.567+0200] {processor.py:179} INFO - Processing /home/frederic/airflow_venv/lib/python3.10/site-packages/airflow/example_dags/example_short_circuit_operator.py took 0.062 seconds
[2026-05-29T01:57:28.354+0200] {processor.py:157} INFO - Started process (PID=628070) to work on /home/frederic/airflow_venv/lib/python3.10/site-packages/airflow/example_dags/example_short_circuit_operator.py
[2026-05-29T01:57:28.355+0200] {processor.py:829} INFO - Processing file /home/frederic/airflow_venv/lib/python3.10/site-packages/airflow/example_dags/example_short_circuit_operator.py for tasks to queue
[2026-05-29T01:57:28.356+0200] {logging_mixin.py:151} INFO - [2026-05-29T01:57:28.356+0200] {dagbag.py:539} INFO - Filling up the DagBag from /home/frederic/airflow_venv/lib/python3.10/site-packages/airflow/example_dags/example_short_circuit_operator.py
[2026-05-29T01:57:28.364+0200] {processor.py:839} INFO - DAG(s) dict_keys(['example_short_circuit_operator']) retrieved from /home/frederic/airflow_venv/lib/python3.10/site-packages/airflow/example_dags/example_short_circuit_operator.py
[2026-05-29T01:57:28.386+0200] {logging_mixin.py:151} INFO - [2026-05-29T01:57:28.386+0200] {dag.py:2915} INFO - Sync 1 DAGs
[2026-05-29T01:57:28.407+0200] {logging_mixin.py:151} INFO - [2026-05-29T01:57:28.407+0200] {dag.py:3696} INFO - Setting next_dagrun for example_short_circuit_operator to 2026-05-27T23:57:28.407266+00:00, run_after=2026-05-28T23:57:28.407266+00:00
[2026-05-29T01:57:28.428+0200] {processor.py:179} INFO - Processing /home/frederic/airflow_venv/lib/python3.10/site-packages/airflow/example_dags/example_short_circuit_operator.py took 0.077 seconds
[2026-05-29T01:58:04.786+0200] {processor.py:157} INFO - Started process (PID=629538) to work on /home/frederic/airflow_venv/lib/python3.10/site-packages/airflow/example_dags/example_short_circuit_operator.py
[2026-05-29T01:58:04.787+0200] {processor.py:829} INFO - Processing file /home/frederic/airflow_venv/lib/python3.10/site-packages/airflow/example_dags/example_short_circuit_operator.py for tasks to queue
[2026-05-29T01:58:04.787+0200] {logging_mixin.py:151} INFO - [2026-05-29T01:58:04.787+0200] {dagbag.py:539} INFO - Filling up the DagBag from /home/frederic/airflow_venv/lib/python3.10/site-packages/airflow/example_dags/example_short_circuit_operator.py
[2026-05-29T01:58:04.794+0200] {processor.py:839} INFO - DAG(s) dict_keys(['example_short_circuit_operator']) retrieved from /home/frederic/airflow_venv/lib/python3.10/site-packages/airflow/example_dags/example_short_circuit_operator.py
[2026-05-29T01:58:04.814+0200] {logging_mixin.py:151} INFO - [2026-05-29T01:58:04.814+0200] {dag.py:2915} INFO - Sync 1 DAGs
[2026-05-29T01:58:04.831+0200] {logging_mixin.py:151} INFO - [2026-05-29T01:58:04.830+0200] {dag.py:3696} INFO - Setting next_dagrun for example_short_circuit_operator to 2026-05-27T23:58:04.830704+00:00, run_after=2026-05-28T23:58:04.830704+00:00
[2026-05-29T01:58:04.850+0200] {processor.py:179} INFO - Processing /home/frederic/airflow_venv/lib/python3.10/site-packages/airflow/example_dags/example_short_circuit_operator.py took 0.067 seconds
[2026-05-29T01:58:14.026+0200] {processor.py:157} INFO - Started process (PID=629787) to work on /home/frederic/airflow_venv/lib/python3.10/site-packages/airflow/example_dags/example_short_circuit_operator.py
[2026-05-29T01:58:14.026+0200] {processor.py:829} INFO - Processing file /home/frederic/airflow_venv/lib/python3.10/site-packages/airflow/example_dags/example_short_circuit_operator.py for tasks to queue
[2026-05-29T01:58:14.027+0200] {logging_mixin.py:151} INFO - [2026-05-29T01:58:14.027+0200] {dagbag.py:539} INFO - Filling up the DagBag from /home/frederic/airflow_venv/lib/python3.10/site-packages/airflow/example_dags/example_short_circuit_operator.py
[2026-05-29T01:58:14.038+0200] {processor.py:839} INFO - DAG(s) dict_keys(['example_short_circuit_operator']) retrieved from /home/frederic/airflow_venv/lib/python3.10/site-packages/airflow/example_dags/example_short_circuit_operator.py
[2026-05-29T01:58:14.055+0200] {logging_mixin.py:151} INFO - [2026-05-29T01:58:14.055+0200] {dag.py:2915} INFO - Sync 1 DAGs
[2026-05-29T01:58:14.076+0200] {logging_mixin.py:151} INFO - [2026-05-29T01:58:14.076+0200] {dag.py:3696} INFO - Setting next_dagrun for example_short_circuit_operator to 2026-05-27T23:58:14.076012+00:00, run_after=2026-05-28T23:58:14.076012+00:00
[2026-05-29T01:58:14.095+0200] {processor.py:179} INFO - Processing /home/frederic/airflow_venv/lib/python3.10/site-packages/airflow/example_dags/example_short_circuit_operator.py took 0.072 seconds
[2026-05-29T01:58:51.625+0200] {processor.py:157} INFO - Started process (PID=631282) to work on /home/frederic/airflow_venv/lib/python3.10/site-packages/airflow/example_dags/example_short_circuit_operator.py
[2026-05-29T01:58:51.627+0200] {processor.py:829} INFO - Processing file /home/frederic/airflow_venv/lib/python3.10/site-packages/airflow/example_dags/example_short_circuit_operator.py for tasks to queue
[2026-05-29T01:58:51.628+0200] {logging_mixin.py:151} INFO - [2026-05-29T01:58:51.627+0200] {dagbag.py:539} INFO - Filling up the DagBag from /home/frederic/airflow_venv/lib/python3.10/site-packages/airflow/example_dags/example_short_circuit_operator.py
[2026-05-29T01:58:51.636+0200] {processor.py:839} INFO - DAG(s) dict_keys(['example_short_circuit_operator']) retrieved from /home/frederic/airflow_venv/lib/python3.10/site-packages/airflow/example_dags/example_short_circuit_operator.py
[2026-05-29T01:58:51.653+0200] {logging_mixin.py:151} INFO - [2026-05-29T01:58:51.653+0200] {dag.py:2915} INFO - Sync 1 DAGs
[2026-05-29T01:58:51.673+0200] {logging_mixin.py:151} INFO - [2026-05-29T01:58:51.673+0200] {dag.py:3696} INFO - Setting next_dagrun for example_short_circuit_operator to 2026-05-27T23:58:51.672844+00:00, run_after=2026-05-28T23:58:51.672844+00:00
[2026-05-29T01:58:51.704+0200] {processor.py:179} INFO - Processing /home/frederic/airflow_venv/lib/python3.10/site-packages/airflow/example_dags/example_short_circuit_operator.py took 0.081 seconds
[2026-05-29T01:58:53.927+0200] {processor.py:157} INFO - Started process (PID=631352) to work on /home/frederic/airflow_venv/lib/python3.10/site-packages/airflow/example_dags/example_short_circuit_operator.py
[2026-05-29T01:58:53.928+0200] {processor.py:829} INFO - Processing file /home/frederic/airflow_venv/lib/python3.10/site-packages/airflow/example_dags/example_short_circuit_operator.py for tasks to queue
[2026-05-29T01:58:53.929+0200] {logging_mixin.py:151} INFO - [2026-05-29T01:58:53.929+0200] {dagbag.py:539} INFO - Filling up the DagBag from /home/frederic/airflow_venv/lib/python3.10/site-packages/airflow/example_dags/example_short_circuit_operator.py
[2026-05-29T01:58:53.940+0200] {processor.py:839} INFO - DAG(s) dict_keys(['example_short_circuit_operator']) retrieved from /home/frederic/airflow_venv/lib/python3.10/site-packages/airflow/example_dags/example_short_circuit_operator.py
[2026-05-29T01:58:53.964+0200] {logging_mixin.py:151} INFO - [2026-05-29T01:58:53.963+0200] {dag.py:2915} INFO - Sync 1 DAGs
[2026-05-29T01:58:53.988+0200] {logging_mixin.py:151} INFO - [2026-05-29T01:58:53.988+0200] {dag.py:3696} INFO - Setting next_dagrun for example_short_circuit_operator to 2026-05-27T23:58:53.988217+00:00, run_after=2026-05-28T23:58:53.988217+00:00
[2026-05-29T01:58:54.009+0200] {processor.py:179} INFO - Processing /home/frederic/airflow_venv/lib/python3.10/site-packages/airflow/example_dags/example_short_circuit_operator.py took 0.085 seconds
[2026-05-29T01:59:40.388+0200] {processor.py:157} INFO - Started process (PID=632635) to work on /home/frederic/airflow_venv/lib/python3.10/site-packages/airflow/example_dags/example_short_circuit_operator.py
[2026-05-29T01:59:40.389+0200] {processor.py:829} INFO - Processing file /home/frederic/airflow_venv/lib/python3.10/site-packages/airflow/example_dags/example_short_circuit_operator.py for tasks to queue
[2026-05-29T01:59:40.390+0200] {logging_mixin.py:151} INFO - [2026-05-29T01:59:40.390+0200] {dagbag.py:539} INFO - Filling up the DagBag from /home/frederic/airflow_venv/lib/python3.10/site-packages/airflow/example_dags/example_short_circuit_operator.py
[2026-05-29T01:59:40.397+0200] {processor.py:839} INFO - DAG(s) dict_keys(['example_short_circuit_operator']) retrieved from /home/frederic/airflow_venv/lib/python3.10/site-packages/airflow/example_dags/example_short_circuit_operator.py
[2026-05-29T01:59:40.412+0200] {logging_mixin.py:151} INFO - [2026-05-29T01:59:40.412+0200] {dag.py:2915} INFO - Sync 1 DAGs
[2026-05-29T01:59:40.431+0200] {logging_mixin.py:151} INFO - [2026-05-29T01:59:40.431+0200] {dag.py:3696} INFO - Setting next_dagrun for example_short_circuit_operator to 2026-05-27T23:59:40.431391+00:00, run_after=2026-05-28T23:59:40.431391+00:00
[2026-05-29T01:59:40.447+0200] {processor.py:179} INFO - Processing /home/frederic/airflow_venv/lib/python3.10/site-packages/airflow/example_dags/example_short_circuit_operator.py took 0.060 seconds
[2026-05-29T01:59:40.459+0200] {processor.py:157} INFO - Started process (PID=632636) to work on /home/frederic/airflow_venv/lib/python3.10/site-packages/airflow/example_dags/example_short_circuit_operator.py
[2026-05-29T01:59:40.459+0200] {processor.py:829} INFO - Processing file /home/frederic/airflow_venv/lib/python3.10/site-packages/airflow/example_dags/example_short_circuit_operator.py for tasks to queue
[2026-05-29T01:59:40.460+0200] {logging_mixin.py:151} INFO - [2026-05-29T01:59:40.460+0200] {dagbag.py:539} INFO - Filling up the DagBag from /home/frederic/airflow_venv/lib/python3.10/site-packages/airflow/example_dags/example_short_circuit_operator.py
[2026-05-29T01:59:40.468+0200] {processor.py:839} INFO - DAG(s) dict_keys(['example_short_circuit_operator']) retrieved from /home/frederic/airflow_venv/lib/python3.10/site-packages/airflow/example_dags/example_short_circuit_operator.py
[2026-05-29T01:59:40.484+0200] {logging_mixin.py:151} INFO - [2026-05-29T01:59:40.483+0200] {dag.py:2915} INFO - Sync 1 DAGs
[2026-05-29T01:59:40.501+0200] {logging_mixin.py:151} INFO - [2026-05-29T01:59:40.501+0200] {dag.py:3696} INFO - Setting next_dagrun for example_short_circuit_operator to 2026-05-27T23:59:40.500942+00:00, run_after=2026-05-28T23:59:40.500942+00:00
[2026-05-29T01:59:40.516+0200] {processor.py:179} INFO - Processing /home/frederic/airflow_venv/lib/python3.10/site-packages/airflow/example_dags/example_short_circuit_operator.py took 0.059 seconds
