[2026-05-29T01:37:10.463+0200] {processor.py:157} INFO - Started process (PID=594422) to work on /home/frederic/airflow_venv/lib/python3.10/site-packages/airflow/example_dags/example_dynamic_task_mapping.py
[2026-05-29T01:37:10.464+0200] {processor.py:829} INFO - Processing file /home/frederic/airflow_venv/lib/python3.10/site-packages/airflow/example_dags/example_dynamic_task_mapping.py for tasks to queue
[2026-05-29T01:37:10.466+0200] {logging_mixin.py:151} INFO - [2026-05-29T01:37:10.465+0200] {dagbag.py:539} INFO - Filling up the DagBag from /home/frederic/airflow_venv/lib/python3.10/site-packages/airflow/example_dags/example_dynamic_task_mapping.py
[2026-05-29T01:37:10.474+0200] {processor.py:839} INFO - DAG(s) dict_keys(['example_dynamic_task_mapping']) retrieved from /home/frederic/airflow_venv/lib/python3.10/site-packages/airflow/example_dags/example_dynamic_task_mapping.py
[2026-05-29T01:37:10.594+0200] {logging_mixin.py:151} INFO - [2026-05-29T01:37:10.594+0200] {manager.py:499} INFO - Created Permission View: %s
[2026-05-29T01:37:10.604+0200] {logging_mixin.py:151} INFO - [2026-05-29T01:37:10.604+0200] {manager.py:499} INFO - Created Permission View: %s
[2026-05-29T01:37:10.613+0200] {logging_mixin.py:151} INFO - [2026-05-29T01:37:10.613+0200] {manager.py:499} INFO - Created Permission View: %s
[2026-05-29T01:37:10.614+0200] {logging_mixin.py:151} INFO - [2026-05-29T01:37:10.613+0200] {security.py:708} INFO - Not syncing DAG-level permissions for DAG 'DAG:example_dynamic_task_mapping' as access control is unset.
[2026-05-29T01:37:10.614+0200] {logging_mixin.py:151} INFO - [2026-05-29T01:37:10.614+0200] {dag.py:2915} INFO - Sync 1 DAGs
[2026-05-29T01:37:10.626+0200] {logging_mixin.py:151} INFO - [2026-05-29T01:37:10.626+0200] {dag.py:2937} INFO - Creating ORM DAG for example_dynamic_task_mapping
[2026-05-29T01:37:10.635+0200] {logging_mixin.py:151} INFO - [2026-05-29T01:37:10.635+0200] {dag.py:3696} INFO - Setting next_dagrun for example_dynamic_task_mapping to 2022-03-04T00:00:00+00:00, run_after=2022-03-05T00:00:00+00:00
[2026-05-29T01:37:10.653+0200] {processor.py:179} INFO - Processing /home/frederic/airflow_venv/lib/python3.10/site-packages/airflow/example_dags/example_dynamic_task_mapping.py took 0.192 seconds
[2026-05-29T01:37:55.607+0200] {processor.py:157} INFO - Started process (PID=595333) to work on /home/frederic/airflow_venv/lib/python3.10/site-packages/airflow/example_dags/example_dynamic_task_mapping.py
[2026-05-29T01:37:55.609+0200] {processor.py:829} INFO - Processing file /home/frederic/airflow_venv/lib/python3.10/site-packages/airflow/example_dags/example_dynamic_task_mapping.py for tasks to queue
[2026-05-29T01:37:55.610+0200] {logging_mixin.py:151} INFO - [2026-05-29T01:37:55.609+0200] {dagbag.py:539} INFO - Filling up the DagBag from /home/frederic/airflow_venv/lib/python3.10/site-packages/airflow/example_dags/example_dynamic_task_mapping.py
[2026-05-29T01:37:55.616+0200] {processor.py:839} INFO - DAG(s) dict_keys(['example_dynamic_task_mapping']) retrieved from /home/frederic/airflow_venv/lib/python3.10/site-packages/airflow/example_dags/example_dynamic_task_mapping.py
[2026-05-29T01:37:55.630+0200] {logging_mixin.py:151} INFO - [2026-05-29T01:37:55.630+0200] {dag.py:2915} INFO - Sync 1 DAGs
[2026-05-29T01:37:55.647+0200] {logging_mixin.py:151} INFO - [2026-05-29T01:37:55.647+0200] {dag.py:3696} INFO - Setting next_dagrun for example_dynamic_task_mapping to 2022-03-04T00:00:00+00:00, run_after=2022-03-05T00:00:00+00:00
[2026-05-29T01:37:55.662+0200] {processor.py:179} INFO - Processing /home/frederic/airflow_venv/lib/python3.10/site-packages/airflow/example_dags/example_dynamic_task_mapping.py took 0.058 seconds
[2026-05-29T01:38:41.053+0200] {processor.py:157} INFO - Started process (PID=596272) to work on /home/frederic/airflow_venv/lib/python3.10/site-packages/airflow/example_dags/example_dynamic_task_mapping.py
[2026-05-29T01:38:41.057+0200] {processor.py:829} INFO - Processing file /home/frederic/airflow_venv/lib/python3.10/site-packages/airflow/example_dags/example_dynamic_task_mapping.py for tasks to queue
[2026-05-29T01:38:41.057+0200] {logging_mixin.py:151} INFO - [2026-05-29T01:38:41.057+0200] {dagbag.py:539} INFO - Filling up the DagBag from /home/frederic/airflow_venv/lib/python3.10/site-packages/airflow/example_dags/example_dynamic_task_mapping.py
[2026-05-29T01:38:41.065+0200] {processor.py:839} INFO - DAG(s) dict_keys(['example_dynamic_task_mapping']) retrieved from /home/frederic/airflow_venv/lib/python3.10/site-packages/airflow/example_dags/example_dynamic_task_mapping.py
[2026-05-29T01:38:41.082+0200] {logging_mixin.py:151} INFO - [2026-05-29T01:38:41.082+0200] {dag.py:2915} INFO - Sync 1 DAGs
[2026-05-29T01:38:41.103+0200] {logging_mixin.py:151} INFO - [2026-05-29T01:38:41.103+0200] {dag.py:3696} INFO - Setting next_dagrun for example_dynamic_task_mapping to 2022-03-04T00:00:00+00:00, run_after=2022-03-05T00:00:00+00:00
[2026-05-29T01:38:41.120+0200] {processor.py:179} INFO - Processing /home/frederic/airflow_venv/lib/python3.10/site-packages/airflow/example_dags/example_dynamic_task_mapping.py took 0.070 seconds
[2026-05-29T01:39:27.977+0200] {processor.py:157} INFO - Started process (PID=597408) to work on /home/frederic/airflow_venv/lib/python3.10/site-packages/airflow/example_dags/example_dynamic_task_mapping.py
[2026-05-29T01:39:27.977+0200] {processor.py:829} INFO - Processing file /home/frederic/airflow_venv/lib/python3.10/site-packages/airflow/example_dags/example_dynamic_task_mapping.py for tasks to queue
[2026-05-29T01:39:27.978+0200] {logging_mixin.py:151} INFO - [2026-05-29T01:39:27.978+0200] {dagbag.py:539} INFO - Filling up the DagBag from /home/frederic/airflow_venv/lib/python3.10/site-packages/airflow/example_dags/example_dynamic_task_mapping.py
[2026-05-29T01:39:27.985+0200] {processor.py:839} INFO - DAG(s) dict_keys(['example_dynamic_task_mapping']) retrieved from /home/frederic/airflow_venv/lib/python3.10/site-packages/airflow/example_dags/example_dynamic_task_mapping.py
[2026-05-29T01:39:27.996+0200] {logging_mixin.py:151} INFO - [2026-05-29T01:39:27.996+0200] {dag.py:2915} INFO - Sync 1 DAGs
[2026-05-29T01:39:28.012+0200] {logging_mixin.py:151} INFO - [2026-05-29T01:39:28.012+0200] {dag.py:3696} INFO - Setting next_dagrun for example_dynamic_task_mapping to 2022-03-04T00:00:00+00:00, run_after=2022-03-05T00:00:00+00:00
[2026-05-29T01:39:28.029+0200] {processor.py:179} INFO - Processing /home/frederic/airflow_venv/lib/python3.10/site-packages/airflow/example_dags/example_dynamic_task_mapping.py took 0.055 seconds
[2026-05-29T01:40:16.772+0200] {processor.py:157} INFO - Started process (PID=598614) to work on /home/frederic/airflow_venv/lib/python3.10/site-packages/airflow/example_dags/example_dynamic_task_mapping.py
[2026-05-29T01:40:16.773+0200] {processor.py:829} INFO - Processing file /home/frederic/airflow_venv/lib/python3.10/site-packages/airflow/example_dags/example_dynamic_task_mapping.py for tasks to queue
[2026-05-29T01:40:16.774+0200] {logging_mixin.py:151} INFO - [2026-05-29T01:40:16.774+0200] {dagbag.py:539} INFO - Filling up the DagBag from /home/frederic/airflow_venv/lib/python3.10/site-packages/airflow/example_dags/example_dynamic_task_mapping.py
[2026-05-29T01:40:16.781+0200] {processor.py:839} INFO - DAG(s) dict_keys(['example_dynamic_task_mapping']) retrieved from /home/frederic/airflow_venv/lib/python3.10/site-packages/airflow/example_dags/example_dynamic_task_mapping.py
[2026-05-29T01:40:16.797+0200] {logging_mixin.py:151} INFO - [2026-05-29T01:40:16.796+0200] {dag.py:2915} INFO - Sync 1 DAGs
[2026-05-29T01:40:16.819+0200] {logging_mixin.py:151} INFO - [2026-05-29T01:40:16.819+0200] {dag.py:3696} INFO - Setting next_dagrun for example_dynamic_task_mapping to 2022-03-04T00:00:00+00:00, run_after=2022-03-05T00:00:00+00:00
[2026-05-29T01:40:16.836+0200] {processor.py:179} INFO - Processing /home/frederic/airflow_venv/lib/python3.10/site-packages/airflow/example_dags/example_dynamic_task_mapping.py took 0.068 seconds
[2026-05-29T01:41:05.334+0200] {processor.py:157} INFO - Started process (PID=599702) to work on /home/frederic/airflow_venv/lib/python3.10/site-packages/airflow/example_dags/example_dynamic_task_mapping.py
[2026-05-29T01:41:05.335+0200] {processor.py:829} INFO - Processing file /home/frederic/airflow_venv/lib/python3.10/site-packages/airflow/example_dags/example_dynamic_task_mapping.py for tasks to queue
[2026-05-29T01:41:05.336+0200] {logging_mixin.py:151} INFO - [2026-05-29T01:41:05.335+0200] {dagbag.py:539} INFO - Filling up the DagBag from /home/frederic/airflow_venv/lib/python3.10/site-packages/airflow/example_dags/example_dynamic_task_mapping.py
[2026-05-29T01:41:05.343+0200] {processor.py:839} INFO - DAG(s) dict_keys(['example_dynamic_task_mapping']) retrieved from /home/frederic/airflow_venv/lib/python3.10/site-packages/airflow/example_dags/example_dynamic_task_mapping.py
[2026-05-29T01:41:05.355+0200] {logging_mixin.py:151} INFO - [2026-05-29T01:41:05.355+0200] {dag.py:2915} INFO - Sync 1 DAGs
[2026-05-29T01:41:05.371+0200] {logging_mixin.py:151} INFO - [2026-05-29T01:41:05.371+0200] {dag.py:3696} INFO - Setting next_dagrun for example_dynamic_task_mapping to 2022-03-04T00:00:00+00:00, run_after=2022-03-05T00:00:00+00:00
[2026-05-29T01:41:05.385+0200] {processor.py:179} INFO - Processing /home/frederic/airflow_venv/lib/python3.10/site-packages/airflow/example_dags/example_dynamic_task_mapping.py took 0.054 seconds
[2026-05-29T01:41:48.579+0200] {processor.py:157} INFO - Started process (PID=600953) to work on /home/frederic/airflow_venv/lib/python3.10/site-packages/airflow/example_dags/example_dynamic_task_mapping.py
[2026-05-29T01:41:48.583+0200] {processor.py:829} INFO - Processing file /home/frederic/airflow_venv/lib/python3.10/site-packages/airflow/example_dags/example_dynamic_task_mapping.py for tasks to queue
[2026-05-29T01:41:48.584+0200] {logging_mixin.py:151} INFO - [2026-05-29T01:41:48.584+0200] {dagbag.py:539} INFO - Filling up the DagBag from /home/frederic/airflow_venv/lib/python3.10/site-packages/airflow/example_dags/example_dynamic_task_mapping.py
[2026-05-29T01:41:48.590+0200] {processor.py:839} INFO - DAG(s) dict_keys(['example_dynamic_task_mapping']) retrieved from /home/frederic/airflow_venv/lib/python3.10/site-packages/airflow/example_dags/example_dynamic_task_mapping.py
[2026-05-29T01:41:48.604+0200] {logging_mixin.py:151} INFO - [2026-05-29T01:41:48.604+0200] {dag.py:2915} INFO - Sync 1 DAGs
[2026-05-29T01:41:48.622+0200] {logging_mixin.py:151} INFO - [2026-05-29T01:41:48.622+0200] {dag.py:3696} INFO - Setting next_dagrun for example_dynamic_task_mapping to 2022-03-04T00:00:00+00:00, run_after=2022-03-05T00:00:00+00:00
[2026-05-29T01:41:48.644+0200] {processor.py:179} INFO - Processing /home/frederic/airflow_venv/lib/python3.10/site-packages/airflow/example_dags/example_dynamic_task_mapping.py took 0.067 seconds
[2026-05-29T01:42:32.733+0200] {processor.py:157} INFO - Started process (PID=601727) to work on /home/frederic/airflow_venv/lib/python3.10/site-packages/airflow/example_dags/example_dynamic_task_mapping.py
[2026-05-29T01:42:32.736+0200] {processor.py:829} INFO - Processing file /home/frederic/airflow_venv/lib/python3.10/site-packages/airflow/example_dags/example_dynamic_task_mapping.py for tasks to queue
[2026-05-29T01:42:32.737+0200] {logging_mixin.py:151} INFO - [2026-05-29T01:42:32.737+0200] {dagbag.py:539} INFO - Filling up the DagBag from /home/frederic/airflow_venv/lib/python3.10/site-packages/airflow/example_dags/example_dynamic_task_mapping.py
[2026-05-29T01:42:32.742+0200] {processor.py:839} INFO - DAG(s) dict_keys(['example_dynamic_task_mapping']) retrieved from /home/frederic/airflow_venv/lib/python3.10/site-packages/airflow/example_dags/example_dynamic_task_mapping.py
[2026-05-29T01:42:32.753+0200] {logging_mixin.py:151} INFO - [2026-05-29T01:42:32.753+0200] {dag.py:2915} INFO - Sync 1 DAGs
[2026-05-29T01:42:32.768+0200] {logging_mixin.py:151} INFO - [2026-05-29T01:42:32.768+0200] {dag.py:3696} INFO - Setting next_dagrun for example_dynamic_task_mapping to 2022-03-04T00:00:00+00:00, run_after=2022-03-05T00:00:00+00:00
[2026-05-29T01:42:32.783+0200] {processor.py:179} INFO - Processing /home/frederic/airflow_venv/lib/python3.10/site-packages/airflow/example_dags/example_dynamic_task_mapping.py took 0.052 seconds
[2026-05-29T01:43:21.298+0200] {processor.py:157} INFO - Started process (PID=602643) to work on /home/frederic/airflow_venv/lib/python3.10/site-packages/airflow/example_dags/example_dynamic_task_mapping.py
[2026-05-29T01:43:21.301+0200] {processor.py:829} INFO - Processing file /home/frederic/airflow_venv/lib/python3.10/site-packages/airflow/example_dags/example_dynamic_task_mapping.py for tasks to queue
[2026-05-29T01:43:21.302+0200] {logging_mixin.py:151} INFO - [2026-05-29T01:43:21.301+0200] {dagbag.py:539} INFO - Filling up the DagBag from /home/frederic/airflow_venv/lib/python3.10/site-packages/airflow/example_dags/example_dynamic_task_mapping.py
[2026-05-29T01:43:21.307+0200] {processor.py:839} INFO - DAG(s) dict_keys(['example_dynamic_task_mapping']) retrieved from /home/frederic/airflow_venv/lib/python3.10/site-packages/airflow/example_dags/example_dynamic_task_mapping.py
[2026-05-29T01:43:21.318+0200] {logging_mixin.py:151} INFO - [2026-05-29T01:43:21.318+0200] {dag.py:2915} INFO - Sync 1 DAGs
[2026-05-29T01:43:21.334+0200] {logging_mixin.py:151} INFO - [2026-05-29T01:43:21.334+0200] {dag.py:3696} INFO - Setting next_dagrun for example_dynamic_task_mapping to 2022-03-04T00:00:00+00:00, run_after=2022-03-05T00:00:00+00:00
[2026-05-29T01:43:21.348+0200] {processor.py:179} INFO - Processing /home/frederic/airflow_venv/lib/python3.10/site-packages/airflow/example_dags/example_dynamic_task_mapping.py took 0.053 seconds
[2026-05-29T01:44:10.783+0200] {processor.py:157} INFO - Started process (PID=603423) to work on /home/frederic/airflow_venv/lib/python3.10/site-packages/airflow/example_dags/example_dynamic_task_mapping.py
[2026-05-29T01:44:10.784+0200] {processor.py:829} INFO - Processing file /home/frederic/airflow_venv/lib/python3.10/site-packages/airflow/example_dags/example_dynamic_task_mapping.py for tasks to queue
[2026-05-29T01:44:10.784+0200] {logging_mixin.py:151} INFO - [2026-05-29T01:44:10.784+0200] {dagbag.py:539} INFO - Filling up the DagBag from /home/frederic/airflow_venv/lib/python3.10/site-packages/airflow/example_dags/example_dynamic_task_mapping.py
[2026-05-29T01:44:10.792+0200] {processor.py:839} INFO - DAG(s) dict_keys(['example_dynamic_task_mapping']) retrieved from /home/frederic/airflow_venv/lib/python3.10/site-packages/airflow/example_dags/example_dynamic_task_mapping.py
[2026-05-29T01:44:10.805+0200] {logging_mixin.py:151} INFO - [2026-05-29T01:44:10.805+0200] {dag.py:2915} INFO - Sync 1 DAGs
[2026-05-29T01:44:10.824+0200] {logging_mixin.py:151} INFO - [2026-05-29T01:44:10.823+0200] {dag.py:3696} INFO - Setting next_dagrun for example_dynamic_task_mapping to 2022-03-04T00:00:00+00:00, run_after=2022-03-05T00:00:00+00:00
[2026-05-29T01:44:10.839+0200] {processor.py:179} INFO - Processing /home/frederic/airflow_venv/lib/python3.10/site-packages/airflow/example_dags/example_dynamic_task_mapping.py took 0.058 seconds
[2026-05-29T01:44:59.052+0200] {processor.py:157} INFO - Started process (PID=604940) to work on /home/frederic/airflow_venv/lib/python3.10/site-packages/airflow/example_dags/example_dynamic_task_mapping.py
[2026-05-29T01:44:59.055+0200] {processor.py:829} INFO - Processing file /home/frederic/airflow_venv/lib/python3.10/site-packages/airflow/example_dags/example_dynamic_task_mapping.py for tasks to queue
[2026-05-29T01:44:59.056+0200] {logging_mixin.py:151} INFO - [2026-05-29T01:44:59.056+0200] {dagbag.py:539} INFO - Filling up the DagBag from /home/frederic/airflow_venv/lib/python3.10/site-packages/airflow/example_dags/example_dynamic_task_mapping.py
[2026-05-29T01:44:59.065+0200] {processor.py:839} INFO - DAG(s) dict_keys(['example_dynamic_task_mapping']) retrieved from /home/frederic/airflow_venv/lib/python3.10/site-packages/airflow/example_dags/example_dynamic_task_mapping.py
[2026-05-29T01:44:59.081+0200] {logging_mixin.py:151} INFO - [2026-05-29T01:44:59.081+0200] {dag.py:2915} INFO - Sync 1 DAGs
[2026-05-29T01:44:59.105+0200] {logging_mixin.py:151} INFO - [2026-05-29T01:44:59.105+0200] {dag.py:3696} INFO - Setting next_dagrun for example_dynamic_task_mapping to 2022-03-04T00:00:00+00:00, run_after=2022-03-05T00:00:00+00:00
[2026-05-29T01:44:59.126+0200] {processor.py:179} INFO - Processing /home/frederic/airflow_venv/lib/python3.10/site-packages/airflow/example_dags/example_dynamic_task_mapping.py took 0.076 seconds
[2026-05-29T01:45:49.609+0200] {processor.py:157} INFO - Started process (PID=606731) to work on /home/frederic/airflow_venv/lib/python3.10/site-packages/airflow/example_dags/example_dynamic_task_mapping.py
[2026-05-29T01:45:49.613+0200] {processor.py:829} INFO - Processing file /home/frederic/airflow_venv/lib/python3.10/site-packages/airflow/example_dags/example_dynamic_task_mapping.py for tasks to queue
[2026-05-29T01:45:49.614+0200] {logging_mixin.py:151} INFO - [2026-05-29T01:45:49.613+0200] {dagbag.py:539} INFO - Filling up the DagBag from /home/frederic/airflow_venv/lib/python3.10/site-packages/airflow/example_dags/example_dynamic_task_mapping.py
[2026-05-29T01:45:49.624+0200] {processor.py:839} INFO - DAG(s) dict_keys(['example_dynamic_task_mapping']) retrieved from /home/frederic/airflow_venv/lib/python3.10/site-packages/airflow/example_dags/example_dynamic_task_mapping.py
[2026-05-29T01:45:49.639+0200] {logging_mixin.py:151} INFO - [2026-05-29T01:45:49.639+0200] {dag.py:2915} INFO - Sync 1 DAGs
[2026-05-29T01:45:49.655+0200] {logging_mixin.py:151} INFO - [2026-05-29T01:45:49.655+0200] {dag.py:3696} INFO - Setting next_dagrun for example_dynamic_task_mapping to 2022-03-04T00:00:00+00:00, run_after=2022-03-05T00:00:00+00:00
[2026-05-29T01:45:49.672+0200] {processor.py:179} INFO - Processing /home/frederic/airflow_venv/lib/python3.10/site-packages/airflow/example_dags/example_dynamic_task_mapping.py took 0.067 seconds
[2026-05-29T01:46:39.865+0200] {processor.py:157} INFO - Started process (PID=609007) to work on /home/frederic/airflow_venv/lib/python3.10/site-packages/airflow/example_dags/example_dynamic_task_mapping.py
[2026-05-29T01:46:39.866+0200] {processor.py:829} INFO - Processing file /home/frederic/airflow_venv/lib/python3.10/site-packages/airflow/example_dags/example_dynamic_task_mapping.py for tasks to queue
[2026-05-29T01:46:39.867+0200] {logging_mixin.py:151} INFO - [2026-05-29T01:46:39.867+0200] {dagbag.py:539} INFO - Filling up the DagBag from /home/frederic/airflow_venv/lib/python3.10/site-packages/airflow/example_dags/example_dynamic_task_mapping.py
[2026-05-29T01:46:39.872+0200] {processor.py:839} INFO - DAG(s) dict_keys(['example_dynamic_task_mapping']) retrieved from /home/frederic/airflow_venv/lib/python3.10/site-packages/airflow/example_dags/example_dynamic_task_mapping.py
[2026-05-29T01:46:39.884+0200] {logging_mixin.py:151} INFO - [2026-05-29T01:46:39.884+0200] {dag.py:2915} INFO - Sync 1 DAGs
[2026-05-29T01:46:39.903+0200] {logging_mixin.py:151} INFO - [2026-05-29T01:46:39.903+0200] {dag.py:3696} INFO - Setting next_dagrun for example_dynamic_task_mapping to 2022-03-04T00:00:00+00:00, run_after=2022-03-05T00:00:00+00:00
[2026-05-29T01:46:39.917+0200] {processor.py:179} INFO - Processing /home/frederic/airflow_venv/lib/python3.10/site-packages/airflow/example_dags/example_dynamic_task_mapping.py took 0.054 seconds
[2026-05-29T01:47:24.921+0200] {processor.py:157} INFO - Started process (PID=610306) to work on /home/frederic/airflow_venv/lib/python3.10/site-packages/airflow/example_dags/example_dynamic_task_mapping.py
[2026-05-29T01:47:24.925+0200] {processor.py:829} INFO - Processing file /home/frederic/airflow_venv/lib/python3.10/site-packages/airflow/example_dags/example_dynamic_task_mapping.py for tasks to queue
[2026-05-29T01:47:24.926+0200] {logging_mixin.py:151} INFO - [2026-05-29T01:47:24.926+0200] {dagbag.py:539} INFO - Filling up the DagBag from /home/frederic/airflow_venv/lib/python3.10/site-packages/airflow/example_dags/example_dynamic_task_mapping.py
[2026-05-29T01:47:24.932+0200] {processor.py:839} INFO - DAG(s) dict_keys(['example_dynamic_task_mapping']) retrieved from /home/frederic/airflow_venv/lib/python3.10/site-packages/airflow/example_dags/example_dynamic_task_mapping.py
[2026-05-29T01:47:24.951+0200] {logging_mixin.py:151} INFO - [2026-05-29T01:47:24.951+0200] {dag.py:2915} INFO - Sync 1 DAGs
[2026-05-29T01:47:24.974+0200] {logging_mixin.py:151} INFO - [2026-05-29T01:47:24.974+0200] {dag.py:3696} INFO - Setting next_dagrun for example_dynamic_task_mapping to 2022-03-04T00:00:00+00:00, run_after=2022-03-05T00:00:00+00:00
[2026-05-29T01:47:24.995+0200] {processor.py:179} INFO - Processing /home/frederic/airflow_venv/lib/python3.10/site-packages/airflow/example_dags/example_dynamic_task_mapping.py took 0.078 seconds
[2026-05-29T01:48:09.418+0200] {processor.py:157} INFO - Started process (PID=611586) to work on /home/frederic/airflow_venv/lib/python3.10/site-packages/airflow/example_dags/example_dynamic_task_mapping.py
[2026-05-29T01:48:09.423+0200] {processor.py:829} INFO - Processing file /home/frederic/airflow_venv/lib/python3.10/site-packages/airflow/example_dags/example_dynamic_task_mapping.py for tasks to queue
[2026-05-29T01:48:09.424+0200] {logging_mixin.py:151} INFO - [2026-05-29T01:48:09.424+0200] {dagbag.py:539} INFO - Filling up the DagBag from /home/frederic/airflow_venv/lib/python3.10/site-packages/airflow/example_dags/example_dynamic_task_mapping.py
[2026-05-29T01:48:09.430+0200] {processor.py:839} INFO - DAG(s) dict_keys(['example_dynamic_task_mapping']) retrieved from /home/frederic/airflow_venv/lib/python3.10/site-packages/airflow/example_dags/example_dynamic_task_mapping.py
[2026-05-29T01:48:09.440+0200] {logging_mixin.py:151} INFO - [2026-05-29T01:48:09.440+0200] {dag.py:2915} INFO - Sync 1 DAGs
[2026-05-29T01:48:09.456+0200] {logging_mixin.py:151} INFO - [2026-05-29T01:48:09.456+0200] {dag.py:3696} INFO - Setting next_dagrun for example_dynamic_task_mapping to 2022-03-04T00:00:00+00:00, run_after=2022-03-05T00:00:00+00:00
[2026-05-29T01:48:09.471+0200] {processor.py:179} INFO - Processing /home/frederic/airflow_venv/lib/python3.10/site-packages/airflow/example_dags/example_dynamic_task_mapping.py took 0.054 seconds
[2026-05-29T01:48:55.929+0200] {processor.py:157} INFO - Started process (PID=612886) to work on /home/frederic/airflow_venv/lib/python3.10/site-packages/airflow/example_dags/example_dynamic_task_mapping.py
[2026-05-29T01:48:55.930+0200] {processor.py:829} INFO - Processing file /home/frederic/airflow_venv/lib/python3.10/site-packages/airflow/example_dags/example_dynamic_task_mapping.py for tasks to queue
[2026-05-29T01:48:55.931+0200] {logging_mixin.py:151} INFO - [2026-05-29T01:48:55.931+0200] {dagbag.py:539} INFO - Filling up the DagBag from /home/frederic/airflow_venv/lib/python3.10/site-packages/airflow/example_dags/example_dynamic_task_mapping.py
[2026-05-29T01:48:55.937+0200] {processor.py:839} INFO - DAG(s) dict_keys(['example_dynamic_task_mapping']) retrieved from /home/frederic/airflow_venv/lib/python3.10/site-packages/airflow/example_dags/example_dynamic_task_mapping.py
[2026-05-29T01:48:55.948+0200] {logging_mixin.py:151} INFO - [2026-05-29T01:48:55.947+0200] {dag.py:2915} INFO - Sync 1 DAGs
[2026-05-29T01:48:55.963+0200] {logging_mixin.py:151} INFO - [2026-05-29T01:48:55.963+0200] {dag.py:3696} INFO - Setting next_dagrun for example_dynamic_task_mapping to 2022-03-04T00:00:00+00:00, run_after=2022-03-05T00:00:00+00:00
[2026-05-29T01:48:55.979+0200] {processor.py:179} INFO - Processing /home/frederic/airflow_venv/lib/python3.10/site-packages/airflow/example_dags/example_dynamic_task_mapping.py took 0.052 seconds
[2026-05-29T01:49:38.784+0200] {processor.py:157} INFO - Started process (PID=613944) to work on /home/frederic/airflow_venv/lib/python3.10/site-packages/airflow/example_dags/example_dynamic_task_mapping.py
[2026-05-29T01:49:38.787+0200] {processor.py:829} INFO - Processing file /home/frederic/airflow_venv/lib/python3.10/site-packages/airflow/example_dags/example_dynamic_task_mapping.py for tasks to queue
[2026-05-29T01:49:38.787+0200] {logging_mixin.py:151} INFO - [2026-05-29T01:49:38.787+0200] {dagbag.py:539} INFO - Filling up the DagBag from /home/frederic/airflow_venv/lib/python3.10/site-packages/airflow/example_dags/example_dynamic_task_mapping.py
[2026-05-29T01:49:38.793+0200] {processor.py:839} INFO - DAG(s) dict_keys(['example_dynamic_task_mapping']) retrieved from /home/frederic/airflow_venv/lib/python3.10/site-packages/airflow/example_dags/example_dynamic_task_mapping.py
[2026-05-29T01:49:38.805+0200] {logging_mixin.py:151} INFO - [2026-05-29T01:49:38.805+0200] {dag.py:2915} INFO - Sync 1 DAGs
[2026-05-29T01:49:38.822+0200] {logging_mixin.py:151} INFO - [2026-05-29T01:49:38.822+0200] {dag.py:3696} INFO - Setting next_dagrun for example_dynamic_task_mapping to 2022-03-04T00:00:00+00:00, run_after=2022-03-05T00:00:00+00:00
[2026-05-29T01:49:38.837+0200] {processor.py:179} INFO - Processing /home/frederic/airflow_venv/lib/python3.10/site-packages/airflow/example_dags/example_dynamic_task_mapping.py took 0.056 seconds
[2026-05-29T01:50:22.203+0200] {processor.py:157} INFO - Started process (PID=615151) to work on /home/frederic/airflow_venv/lib/python3.10/site-packages/airflow/example_dags/example_dynamic_task_mapping.py
[2026-05-29T01:50:22.203+0200] {processor.py:829} INFO - Processing file /home/frederic/airflow_venv/lib/python3.10/site-packages/airflow/example_dags/example_dynamic_task_mapping.py for tasks to queue
[2026-05-29T01:50:22.204+0200] {logging_mixin.py:151} INFO - [2026-05-29T01:50:22.204+0200] {dagbag.py:539} INFO - Filling up the DagBag from /home/frederic/airflow_venv/lib/python3.10/site-packages/airflow/example_dags/example_dynamic_task_mapping.py
[2026-05-29T01:50:22.212+0200] {processor.py:839} INFO - DAG(s) dict_keys(['example_dynamic_task_mapping']) retrieved from /home/frederic/airflow_venv/lib/python3.10/site-packages/airflow/example_dags/example_dynamic_task_mapping.py
[2026-05-29T01:50:22.227+0200] {logging_mixin.py:151} INFO - [2026-05-29T01:50:22.227+0200] {dag.py:2915} INFO - Sync 1 DAGs
[2026-05-29T01:50:22.246+0200] {logging_mixin.py:151} INFO - [2026-05-29T01:50:22.245+0200] {dag.py:3696} INFO - Setting next_dagrun for example_dynamic_task_mapping to 2022-03-04T00:00:00+00:00, run_after=2022-03-05T00:00:00+00:00
[2026-05-29T01:50:22.266+0200] {processor.py:179} INFO - Processing /home/frederic/airflow_venv/lib/python3.10/site-packages/airflow/example_dags/example_dynamic_task_mapping.py took 0.066 seconds
[2026-05-29T01:51:15.602+0200] {processor.py:157} INFO - Started process (PID=616661) to work on /home/frederic/airflow_venv/lib/python3.10/site-packages/airflow/example_dags/example_dynamic_task_mapping.py
[2026-05-29T01:51:15.603+0200] {processor.py:829} INFO - Processing file /home/frederic/airflow_venv/lib/python3.10/site-packages/airflow/example_dags/example_dynamic_task_mapping.py for tasks to queue
[2026-05-29T01:51:15.604+0200] {logging_mixin.py:151} INFO - [2026-05-29T01:51:15.603+0200] {dagbag.py:539} INFO - Filling up the DagBag from /home/frederic/airflow_venv/lib/python3.10/site-packages/airflow/example_dags/example_dynamic_task_mapping.py
[2026-05-29T01:51:15.610+0200] {processor.py:839} INFO - DAG(s) dict_keys(['example_dynamic_task_mapping']) retrieved from /home/frederic/airflow_venv/lib/python3.10/site-packages/airflow/example_dags/example_dynamic_task_mapping.py
[2026-05-29T01:51:15.622+0200] {logging_mixin.py:151} INFO - [2026-05-29T01:51:15.622+0200] {dag.py:2915} INFO - Sync 1 DAGs
[2026-05-29T01:51:15.640+0200] {logging_mixin.py:151} INFO - [2026-05-29T01:51:15.639+0200] {dag.py:3696} INFO - Setting next_dagrun for example_dynamic_task_mapping to 2022-03-04T00:00:00+00:00, run_after=2022-03-05T00:00:00+00:00
[2026-05-29T01:51:15.654+0200] {processor.py:179} INFO - Processing /home/frederic/airflow_venv/lib/python3.10/site-packages/airflow/example_dags/example_dynamic_task_mapping.py took 0.055 seconds
[2026-05-29T01:52:07.071+0200] {processor.py:157} INFO - Started process (PID=618005) to work on /home/frederic/airflow_venv/lib/python3.10/site-packages/airflow/example_dags/example_dynamic_task_mapping.py
[2026-05-29T01:52:07.074+0200] {processor.py:829} INFO - Processing file /home/frederic/airflow_venv/lib/python3.10/site-packages/airflow/example_dags/example_dynamic_task_mapping.py for tasks to queue
[2026-05-29T01:52:07.076+0200] {logging_mixin.py:151} INFO - [2026-05-29T01:52:07.075+0200] {dagbag.py:539} INFO - Filling up the DagBag from /home/frederic/airflow_venv/lib/python3.10/site-packages/airflow/example_dags/example_dynamic_task_mapping.py
[2026-05-29T01:52:07.088+0200] {processor.py:839} INFO - DAG(s) dict_keys(['example_dynamic_task_mapping']) retrieved from /home/frederic/airflow_venv/lib/python3.10/site-packages/airflow/example_dags/example_dynamic_task_mapping.py
[2026-05-29T01:52:07.101+0200] {logging_mixin.py:151} INFO - [2026-05-29T01:52:07.101+0200] {dag.py:2915} INFO - Sync 1 DAGs
[2026-05-29T01:52:07.125+0200] {logging_mixin.py:151} INFO - [2026-05-29T01:52:07.125+0200] {dag.py:3696} INFO - Setting next_dagrun for example_dynamic_task_mapping to 2022-03-04T00:00:00+00:00, run_after=2022-03-05T00:00:00+00:00
[2026-05-29T01:52:07.151+0200] {processor.py:179} INFO - Processing /home/frederic/airflow_venv/lib/python3.10/site-packages/airflow/example_dags/example_dynamic_task_mapping.py took 0.084 seconds
[2026-05-29T01:52:55.603+0200] {processor.py:157} INFO - Started process (PID=619624) to work on /home/frederic/airflow_venv/lib/python3.10/site-packages/airflow/example_dags/example_dynamic_task_mapping.py
[2026-05-29T01:52:55.607+0200] {processor.py:829} INFO - Processing file /home/frederic/airflow_venv/lib/python3.10/site-packages/airflow/example_dags/example_dynamic_task_mapping.py for tasks to queue
[2026-05-29T01:52:55.608+0200] {logging_mixin.py:151} INFO - [2026-05-29T01:52:55.608+0200] {dagbag.py:539} INFO - Filling up the DagBag from /home/frederic/airflow_venv/lib/python3.10/site-packages/airflow/example_dags/example_dynamic_task_mapping.py
[2026-05-29T01:52:55.614+0200] {processor.py:839} INFO - DAG(s) dict_keys(['example_dynamic_task_mapping']) retrieved from /home/frederic/airflow_venv/lib/python3.10/site-packages/airflow/example_dags/example_dynamic_task_mapping.py
[2026-05-29T01:52:55.629+0200] {logging_mixin.py:151} INFO - [2026-05-29T01:52:55.629+0200] {dag.py:2915} INFO - Sync 1 DAGs
[2026-05-29T01:52:55.649+0200] {logging_mixin.py:151} INFO - [2026-05-29T01:52:55.649+0200] {dag.py:3696} INFO - Setting next_dagrun for example_dynamic_task_mapping to 2022-03-04T00:00:00+00:00, run_after=2022-03-05T00:00:00+00:00
[2026-05-29T01:52:55.666+0200] {processor.py:179} INFO - Processing /home/frederic/airflow_venv/lib/python3.10/site-packages/airflow/example_dags/example_dynamic_task_mapping.py took 0.065 seconds
[2026-05-29T01:53:39.575+0200] {processor.py:157} INFO - Started process (PID=620825) to work on /home/frederic/airflow_venv/lib/python3.10/site-packages/airflow/example_dags/example_dynamic_task_mapping.py
[2026-05-29T01:53:39.576+0200] {processor.py:829} INFO - Processing file /home/frederic/airflow_venv/lib/python3.10/site-packages/airflow/example_dags/example_dynamic_task_mapping.py for tasks to queue
[2026-05-29T01:53:39.577+0200] {logging_mixin.py:151} INFO - [2026-05-29T01:53:39.577+0200] {dagbag.py:539} INFO - Filling up the DagBag from /home/frederic/airflow_venv/lib/python3.10/site-packages/airflow/example_dags/example_dynamic_task_mapping.py
[2026-05-29T01:53:39.583+0200] {processor.py:839} INFO - DAG(s) dict_keys(['example_dynamic_task_mapping']) retrieved from /home/frederic/airflow_venv/lib/python3.10/site-packages/airflow/example_dags/example_dynamic_task_mapping.py
[2026-05-29T01:53:39.596+0200] {logging_mixin.py:151} INFO - [2026-05-29T01:53:39.596+0200] {dag.py:2915} INFO - Sync 1 DAGs
[2026-05-29T01:53:39.612+0200] {logging_mixin.py:151} INFO - [2026-05-29T01:53:39.612+0200] {dag.py:3696} INFO - Setting next_dagrun for example_dynamic_task_mapping to 2022-03-04T00:00:00+00:00, run_after=2022-03-05T00:00:00+00:00
[2026-05-29T01:53:39.626+0200] {processor.py:179} INFO - Processing /home/frederic/airflow_venv/lib/python3.10/site-packages/airflow/example_dags/example_dynamic_task_mapping.py took 0.053 seconds
[2026-05-29T01:54:28.100+0200] {processor.py:157} INFO - Started process (PID=622025) to work on /home/frederic/airflow_venv/lib/python3.10/site-packages/airflow/example_dags/example_dynamic_task_mapping.py
[2026-05-29T01:54:28.101+0200] {processor.py:829} INFO - Processing file /home/frederic/airflow_venv/lib/python3.10/site-packages/airflow/example_dags/example_dynamic_task_mapping.py for tasks to queue
[2026-05-29T01:54:28.102+0200] {logging_mixin.py:151} INFO - [2026-05-29T01:54:28.101+0200] {dagbag.py:539} INFO - Filling up the DagBag from /home/frederic/airflow_venv/lib/python3.10/site-packages/airflow/example_dags/example_dynamic_task_mapping.py
[2026-05-29T01:54:28.108+0200] {processor.py:839} INFO - DAG(s) dict_keys(['example_dynamic_task_mapping']) retrieved from /home/frederic/airflow_venv/lib/python3.10/site-packages/airflow/example_dags/example_dynamic_task_mapping.py
[2026-05-29T01:54:28.121+0200] {logging_mixin.py:151} INFO - [2026-05-29T01:54:28.121+0200] {dag.py:2915} INFO - Sync 1 DAGs
[2026-05-29T01:54:28.143+0200] {logging_mixin.py:151} INFO - [2026-05-29T01:54:28.143+0200] {dag.py:3696} INFO - Setting next_dagrun for example_dynamic_task_mapping to 2022-03-04T00:00:00+00:00, run_after=2022-03-05T00:00:00+00:00
[2026-05-29T01:54:28.157+0200] {processor.py:179} INFO - Processing /home/frederic/airflow_venv/lib/python3.10/site-packages/airflow/example_dags/example_dynamic_task_mapping.py took 0.059 seconds
[2026-05-29T01:55:12.233+0200] {processor.py:157} INFO - Started process (PID=623747) to work on /home/frederic/airflow_venv/lib/python3.10/site-packages/airflow/example_dags/example_dynamic_task_mapping.py
[2026-05-29T01:55:12.234+0200] {processor.py:829} INFO - Processing file /home/frederic/airflow_venv/lib/python3.10/site-packages/airflow/example_dags/example_dynamic_task_mapping.py for tasks to queue
[2026-05-29T01:55:12.235+0200] {logging_mixin.py:151} INFO - [2026-05-29T01:55:12.235+0200] {dagbag.py:539} INFO - Filling up the DagBag from /home/frederic/airflow_venv/lib/python3.10/site-packages/airflow/example_dags/example_dynamic_task_mapping.py
[2026-05-29T01:55:12.241+0200] {processor.py:839} INFO - DAG(s) dict_keys(['example_dynamic_task_mapping']) retrieved from /home/frederic/airflow_venv/lib/python3.10/site-packages/airflow/example_dags/example_dynamic_task_mapping.py
[2026-05-29T01:55:12.256+0200] {logging_mixin.py:151} INFO - [2026-05-29T01:55:12.256+0200] {dag.py:2915} INFO - Sync 1 DAGs
[2026-05-29T01:55:12.278+0200] {logging_mixin.py:151} INFO - [2026-05-29T01:55:12.278+0200] {dag.py:3696} INFO - Setting next_dagrun for example_dynamic_task_mapping to 2022-03-04T00:00:00+00:00, run_after=2022-03-05T00:00:00+00:00
[2026-05-29T01:55:12.296+0200] {processor.py:179} INFO - Processing /home/frederic/airflow_venv/lib/python3.10/site-packages/airflow/example_dags/example_dynamic_task_mapping.py took 0.067 seconds
[2026-05-29T01:55:54.126+0200] {processor.py:157} INFO - Started process (PID=625062) to work on /home/frederic/airflow_venv/lib/python3.10/site-packages/airflow/example_dags/example_dynamic_task_mapping.py
[2026-05-29T01:55:54.128+0200] {processor.py:829} INFO - Processing file /home/frederic/airflow_venv/lib/python3.10/site-packages/airflow/example_dags/example_dynamic_task_mapping.py for tasks to queue
[2026-05-29T01:55:54.129+0200] {logging_mixin.py:151} INFO - [2026-05-29T01:55:54.128+0200] {dagbag.py:539} INFO - Filling up the DagBag from /home/frederic/airflow_venv/lib/python3.10/site-packages/airflow/example_dags/example_dynamic_task_mapping.py
[2026-05-29T01:55:54.137+0200] {processor.py:839} INFO - DAG(s) dict_keys(['example_dynamic_task_mapping']) retrieved from /home/frederic/airflow_venv/lib/python3.10/site-packages/airflow/example_dags/example_dynamic_task_mapping.py
[2026-05-29T01:55:54.153+0200] {logging_mixin.py:151} INFO - [2026-05-29T01:55:54.153+0200] {dag.py:2915} INFO - Sync 1 DAGs
[2026-05-29T01:55:54.176+0200] {logging_mixin.py:151} INFO - [2026-05-29T01:55:54.175+0200] {dag.py:3696} INFO - Setting next_dagrun for example_dynamic_task_mapping to 2022-03-04T00:00:00+00:00, run_after=2022-03-05T00:00:00+00:00
[2026-05-29T01:55:54.202+0200] {processor.py:179} INFO - Processing /home/frederic/airflow_venv/lib/python3.10/site-packages/airflow/example_dags/example_dynamic_task_mapping.py took 0.080 seconds
[2026-05-29T01:56:02.276+0200] {processor.py:157} INFO - Started process (PID=625329) to work on /home/frederic/airflow_venv/lib/python3.10/site-packages/airflow/example_dags/example_dynamic_task_mapping.py
[2026-05-29T01:56:02.277+0200] {processor.py:829} INFO - Processing file /home/frederic/airflow_venv/lib/python3.10/site-packages/airflow/example_dags/example_dynamic_task_mapping.py for tasks to queue
[2026-05-29T01:56:02.278+0200] {logging_mixin.py:151} INFO - [2026-05-29T01:56:02.277+0200] {dagbag.py:539} INFO - Filling up the DagBag from /home/frederic/airflow_venv/lib/python3.10/site-packages/airflow/example_dags/example_dynamic_task_mapping.py
[2026-05-29T01:56:02.285+0200] {processor.py:839} INFO - DAG(s) dict_keys(['example_dynamic_task_mapping']) retrieved from /home/frederic/airflow_venv/lib/python3.10/site-packages/airflow/example_dags/example_dynamic_task_mapping.py
[2026-05-29T01:56:02.298+0200] {logging_mixin.py:151} INFO - [2026-05-29T01:56:02.297+0200] {dag.py:2915} INFO - Sync 1 DAGs
[2026-05-29T01:56:02.316+0200] {logging_mixin.py:151} INFO - [2026-05-29T01:56:02.316+0200] {dag.py:3696} INFO - Setting next_dagrun for example_dynamic_task_mapping to 2022-03-04T00:00:00+00:00, run_after=2022-03-05T00:00:00+00:00
[2026-05-29T01:56:02.333+0200] {processor.py:179} INFO - Processing /home/frederic/airflow_venv/lib/python3.10/site-packages/airflow/example_dags/example_dynamic_task_mapping.py took 0.059 seconds
[2026-05-29T01:56:46.800+0200] {processor.py:157} INFO - Started process (PID=626833) to work on /home/frederic/airflow_venv/lib/python3.10/site-packages/airflow/example_dags/example_dynamic_task_mapping.py
[2026-05-29T01:56:46.802+0200] {processor.py:829} INFO - Processing file /home/frederic/airflow_venv/lib/python3.10/site-packages/airflow/example_dags/example_dynamic_task_mapping.py for tasks to queue
[2026-05-29T01:56:46.803+0200] {logging_mixin.py:151} INFO - [2026-05-29T01:56:46.802+0200] {dagbag.py:539} INFO - Filling up the DagBag from /home/frederic/airflow_venv/lib/python3.10/site-packages/airflow/example_dags/example_dynamic_task_mapping.py
[2026-05-29T01:56:46.810+0200] {processor.py:839} INFO - DAG(s) dict_keys(['example_dynamic_task_mapping']) retrieved from /home/frederic/airflow_venv/lib/python3.10/site-packages/airflow/example_dags/example_dynamic_task_mapping.py
[2026-05-29T01:56:46.825+0200] {logging_mixin.py:151} INFO - [2026-05-29T01:56:46.824+0200] {dag.py:2915} INFO - Sync 1 DAGs
[2026-05-29T01:56:46.848+0200] {logging_mixin.py:151} INFO - [2026-05-29T01:56:46.848+0200] {dag.py:3696} INFO - Setting next_dagrun for example_dynamic_task_mapping to 2022-03-04T00:00:00+00:00, run_after=2022-03-05T00:00:00+00:00
[2026-05-29T01:56:46.867+0200] {processor.py:179} INFO - Processing /home/frederic/airflow_venv/lib/python3.10/site-packages/airflow/example_dags/example_dynamic_task_mapping.py took 0.071 seconds
[2026-05-29T01:56:51.244+0200] {processor.py:157} INFO - Started process (PID=626971) to work on /home/frederic/airflow_venv/lib/python3.10/site-packages/airflow/example_dags/example_dynamic_task_mapping.py
[2026-05-29T01:56:51.245+0200] {processor.py:829} INFO - Processing file /home/frederic/airflow_venv/lib/python3.10/site-packages/airflow/example_dags/example_dynamic_task_mapping.py for tasks to queue
[2026-05-29T01:56:51.246+0200] {logging_mixin.py:151} INFO - [2026-05-29T01:56:51.245+0200] {dagbag.py:539} INFO - Filling up the DagBag from /home/frederic/airflow_venv/lib/python3.10/site-packages/airflow/example_dags/example_dynamic_task_mapping.py
[2026-05-29T01:56:51.257+0200] {processor.py:839} INFO - DAG(s) dict_keys(['example_dynamic_task_mapping']) retrieved from /home/frederic/airflow_venv/lib/python3.10/site-packages/airflow/example_dags/example_dynamic_task_mapping.py
[2026-05-29T01:56:51.275+0200] {logging_mixin.py:151} INFO - [2026-05-29T01:56:51.275+0200] {dag.py:2915} INFO - Sync 1 DAGs
[2026-05-29T01:56:51.299+0200] {logging_mixin.py:151} INFO - [2026-05-29T01:56:51.299+0200] {dag.py:3696} INFO - Setting next_dagrun for example_dynamic_task_mapping to 2022-03-04T00:00:00+00:00, run_after=2022-03-05T00:00:00+00:00
[2026-05-29T01:56:51.318+0200] {processor.py:179} INFO - Processing /home/frederic/airflow_venv/lib/python3.10/site-packages/airflow/example_dags/example_dynamic_task_mapping.py took 0.078 seconds
[2026-05-29T01:57:34.941+0200] {processor.py:157} INFO - Started process (PID=628265) to work on /home/frederic/airflow_venv/lib/python3.10/site-packages/airflow/example_dags/example_dynamic_task_mapping.py
[2026-05-29T01:57:34.943+0200] {processor.py:829} INFO - Processing file /home/frederic/airflow_venv/lib/python3.10/site-packages/airflow/example_dags/example_dynamic_task_mapping.py for tasks to queue
[2026-05-29T01:57:34.944+0200] {logging_mixin.py:151} INFO - [2026-05-29T01:57:34.943+0200] {dagbag.py:539} INFO - Filling up the DagBag from /home/frederic/airflow_venv/lib/python3.10/site-packages/airflow/example_dags/example_dynamic_task_mapping.py
[2026-05-29T01:57:34.951+0200] {processor.py:839} INFO - DAG(s) dict_keys(['example_dynamic_task_mapping']) retrieved from /home/frederic/airflow_venv/lib/python3.10/site-packages/airflow/example_dags/example_dynamic_task_mapping.py
[2026-05-29T01:57:34.964+0200] {logging_mixin.py:151} INFO - [2026-05-29T01:57:34.963+0200] {dag.py:2915} INFO - Sync 1 DAGs
[2026-05-29T01:57:34.982+0200] {logging_mixin.py:151} INFO - [2026-05-29T01:57:34.982+0200] {dag.py:3696} INFO - Setting next_dagrun for example_dynamic_task_mapping to 2022-03-04T00:00:00+00:00, run_after=2022-03-05T00:00:00+00:00
[2026-05-29T01:57:35.001+0200] {processor.py:179} INFO - Processing /home/frederic/airflow_venv/lib/python3.10/site-packages/airflow/example_dags/example_dynamic_task_mapping.py took 0.062 seconds
[2026-05-29T01:57:38.658+0200] {processor.py:157} INFO - Started process (PID=628553) to work on /home/frederic/airflow_venv/lib/python3.10/site-packages/airflow/example_dags/example_dynamic_task_mapping.py
[2026-05-29T01:57:38.659+0200] {processor.py:829} INFO - Processing file /home/frederic/airflow_venv/lib/python3.10/site-packages/airflow/example_dags/example_dynamic_task_mapping.py for tasks to queue
[2026-05-29T01:57:38.659+0200] {logging_mixin.py:151} INFO - [2026-05-29T01:57:38.659+0200] {dagbag.py:539} INFO - Filling up the DagBag from /home/frederic/airflow_venv/lib/python3.10/site-packages/airflow/example_dags/example_dynamic_task_mapping.py
[2026-05-29T01:57:38.668+0200] {processor.py:839} INFO - DAG(s) dict_keys(['example_dynamic_task_mapping']) retrieved from /home/frederic/airflow_venv/lib/python3.10/site-packages/airflow/example_dags/example_dynamic_task_mapping.py
[2026-05-29T01:57:38.682+0200] {logging_mixin.py:151} INFO - [2026-05-29T01:57:38.682+0200] {dag.py:2915} INFO - Sync 1 DAGs
[2026-05-29T01:57:38.699+0200] {logging_mixin.py:151} INFO - [2026-05-29T01:57:38.699+0200] {dag.py:3696} INFO - Setting next_dagrun for example_dynamic_task_mapping to 2022-03-04T00:00:00+00:00, run_after=2022-03-05T00:00:00+00:00
[2026-05-29T01:57:38.721+0200] {processor.py:179} INFO - Processing /home/frederic/airflow_venv/lib/python3.10/site-packages/airflow/example_dags/example_dynamic_task_mapping.py took 0.067 seconds
[2026-05-29T01:58:25.279+0200] {processor.py:157} INFO - Started process (PID=630245) to work on /home/frederic/airflow_venv/lib/python3.10/site-packages/airflow/example_dags/example_dynamic_task_mapping.py
[2026-05-29T01:58:25.280+0200] {processor.py:829} INFO - Processing file /home/frederic/airflow_venv/lib/python3.10/site-packages/airflow/example_dags/example_dynamic_task_mapping.py for tasks to queue
[2026-05-29T01:58:25.281+0200] {logging_mixin.py:151} INFO - [2026-05-29T01:58:25.281+0200] {dagbag.py:539} INFO - Filling up the DagBag from /home/frederic/airflow_venv/lib/python3.10/site-packages/airflow/example_dags/example_dynamic_task_mapping.py
[2026-05-29T01:58:25.288+0200] {processor.py:839} INFO - DAG(s) dict_keys(['example_dynamic_task_mapping']) retrieved from /home/frederic/airflow_venv/lib/python3.10/site-packages/airflow/example_dags/example_dynamic_task_mapping.py
[2026-05-29T01:58:25.303+0200] {logging_mixin.py:151} INFO - [2026-05-29T01:58:25.303+0200] {dag.py:2915} INFO - Sync 1 DAGs
[2026-05-29T01:58:25.321+0200] {logging_mixin.py:151} INFO - [2026-05-29T01:58:25.321+0200] {dag.py:3696} INFO - Setting next_dagrun for example_dynamic_task_mapping to 2022-03-04T00:00:00+00:00, run_after=2022-03-05T00:00:00+00:00
[2026-05-29T01:58:25.339+0200] {processor.py:179} INFO - Processing /home/frederic/airflow_venv/lib/python3.10/site-packages/airflow/example_dags/example_dynamic_task_mapping.py took 0.063 seconds
[2026-05-29T01:58:30.238+0200] {processor.py:157} INFO - Started process (PID=630455) to work on /home/frederic/airflow_venv/lib/python3.10/site-packages/airflow/example_dags/example_dynamic_task_mapping.py
[2026-05-29T01:58:30.239+0200] {processor.py:829} INFO - Processing file /home/frederic/airflow_venv/lib/python3.10/site-packages/airflow/example_dags/example_dynamic_task_mapping.py for tasks to queue
[2026-05-29T01:58:30.240+0200] {logging_mixin.py:151} INFO - [2026-05-29T01:58:30.240+0200] {dagbag.py:539} INFO - Filling up the DagBag from /home/frederic/airflow_venv/lib/python3.10/site-packages/airflow/example_dags/example_dynamic_task_mapping.py
[2026-05-29T01:58:30.246+0200] {processor.py:839} INFO - DAG(s) dict_keys(['example_dynamic_task_mapping']) retrieved from /home/frederic/airflow_venv/lib/python3.10/site-packages/airflow/example_dags/example_dynamic_task_mapping.py
[2026-05-29T01:58:30.260+0200] {logging_mixin.py:151} INFO - [2026-05-29T01:58:30.260+0200] {dag.py:2915} INFO - Sync 1 DAGs
[2026-05-29T01:58:30.281+0200] {logging_mixin.py:151} INFO - [2026-05-29T01:58:30.280+0200] {dag.py:3696} INFO - Setting next_dagrun for example_dynamic_task_mapping to 2022-03-04T00:00:00+00:00, run_after=2022-03-05T00:00:00+00:00
[2026-05-29T01:58:30.308+0200] {processor.py:179} INFO - Processing /home/frederic/airflow_venv/lib/python3.10/site-packages/airflow/example_dags/example_dynamic_task_mapping.py took 0.074 seconds
[2026-05-29T01:59:19.210+0200] {processor.py:157} INFO - Started process (PID=632012) to work on /home/frederic/airflow_venv/lib/python3.10/site-packages/airflow/example_dags/example_dynamic_task_mapping.py
[2026-05-29T01:59:19.211+0200] {processor.py:829} INFO - Processing file /home/frederic/airflow_venv/lib/python3.10/site-packages/airflow/example_dags/example_dynamic_task_mapping.py for tasks to queue
[2026-05-29T01:59:19.212+0200] {logging_mixin.py:151} INFO - [2026-05-29T01:59:19.212+0200] {dagbag.py:539} INFO - Filling up the DagBag from /home/frederic/airflow_venv/lib/python3.10/site-packages/airflow/example_dags/example_dynamic_task_mapping.py
[2026-05-29T01:59:19.219+0200] {processor.py:839} INFO - DAG(s) dict_keys(['example_dynamic_task_mapping']) retrieved from /home/frederic/airflow_venv/lib/python3.10/site-packages/airflow/example_dags/example_dynamic_task_mapping.py
[2026-05-29T01:59:19.231+0200] {logging_mixin.py:151} INFO - [2026-05-29T01:59:19.231+0200] {dag.py:2915} INFO - Sync 1 DAGs
[2026-05-29T01:59:19.248+0200] {logging_mixin.py:151} INFO - [2026-05-29T01:59:19.248+0200] {dag.py:3696} INFO - Setting next_dagrun for example_dynamic_task_mapping to 2022-03-04T00:00:00+00:00, run_after=2022-03-05T00:00:00+00:00
[2026-05-29T01:59:19.264+0200] {processor.py:179} INFO - Processing /home/frederic/airflow_venv/lib/python3.10/site-packages/airflow/example_dags/example_dynamic_task_mapping.py took 0.056 seconds
[2026-05-29T01:59:24.965+0200] {processor.py:157} INFO - Started process (PID=632204) to work on /home/frederic/airflow_venv/lib/python3.10/site-packages/airflow/example_dags/example_dynamic_task_mapping.py
[2026-05-29T01:59:24.965+0200] {processor.py:829} INFO - Processing file /home/frederic/airflow_venv/lib/python3.10/site-packages/airflow/example_dags/example_dynamic_task_mapping.py for tasks to queue
[2026-05-29T01:59:24.966+0200] {logging_mixin.py:151} INFO - [2026-05-29T01:59:24.966+0200] {dagbag.py:539} INFO - Filling up the DagBag from /home/frederic/airflow_venv/lib/python3.10/site-packages/airflow/example_dags/example_dynamic_task_mapping.py
[2026-05-29T01:59:24.972+0200] {processor.py:839} INFO - DAG(s) dict_keys(['example_dynamic_task_mapping']) retrieved from /home/frederic/airflow_venv/lib/python3.10/site-packages/airflow/example_dags/example_dynamic_task_mapping.py
[2026-05-29T01:59:24.985+0200] {logging_mixin.py:151} INFO - [2026-05-29T01:59:24.985+0200] {dag.py:2915} INFO - Sync 1 DAGs
[2026-05-29T01:59:25.004+0200] {logging_mixin.py:151} INFO - [2026-05-29T01:59:25.003+0200] {dag.py:3696} INFO - Setting next_dagrun for example_dynamic_task_mapping to 2022-03-04T00:00:00+00:00, run_after=2022-03-05T00:00:00+00:00
[2026-05-29T01:59:25.019+0200] {processor.py:179} INFO - Processing /home/frederic/airflow_venv/lib/python3.10/site-packages/airflow/example_dags/example_dynamic_task_mapping.py took 0.056 seconds
