[2026-05-29T01:36:54.585+0200] {processor.py:157} INFO - Started process (PID=594164) to work on /home/frederic/airflow_venv/lib/python3.10/site-packages/airflow/example_dags/example_short_circuit_decorator.py
[2026-05-29T01:36:54.586+0200] {processor.py:829} INFO - Processing file /home/frederic/airflow_venv/lib/python3.10/site-packages/airflow/example_dags/example_short_circuit_decorator.py for tasks to queue
[2026-05-29T01:36:54.586+0200] {logging_mixin.py:151} INFO - [2026-05-29T01:36:54.586+0200] {dagbag.py:539} INFO - Filling up the DagBag from /home/frederic/airflow_venv/lib/python3.10/site-packages/airflow/example_dags/example_short_circuit_decorator.py
[2026-05-29T01:36:54.595+0200] {processor.py:839} INFO - DAG(s) dict_keys(['example_short_circuit_decorator']) retrieved from /home/frederic/airflow_venv/lib/python3.10/site-packages/airflow/example_dags/example_short_circuit_decorator.py
[2026-05-29T01:36:54.687+0200] {logging_mixin.py:151} INFO - [2026-05-29T01:36:54.687+0200] {manager.py:499} INFO - Created Permission View: %s
[2026-05-29T01:36:54.697+0200] {logging_mixin.py:151} INFO - [2026-05-29T01:36:54.696+0200] {manager.py:499} INFO - Created Permission View: %s
[2026-05-29T01:36:54.706+0200] {logging_mixin.py:151} INFO - [2026-05-29T01:36:54.706+0200] {manager.py:499} INFO - Created Permission View: %s
[2026-05-29T01:36:54.706+0200] {logging_mixin.py:151} INFO - [2026-05-29T01:36:54.706+0200] {security.py:708} INFO - Not syncing DAG-level permissions for DAG 'DAG:example_short_circuit_decorator' as access control is unset.
[2026-05-29T01:36:54.707+0200] {logging_mixin.py:151} INFO - [2026-05-29T01:36:54.706+0200] {dag.py:2915} INFO - Sync 1 DAGs
[2026-05-29T01:36:54.717+0200] {logging_mixin.py:151} INFO - [2026-05-29T01:36:54.717+0200] {dag.py:2937} INFO - Creating ORM DAG for example_short_circuit_decorator
[2026-05-29T01:36:54.724+0200] {logging_mixin.py:151} INFO - [2026-05-29T01:36:54.724+0200] {dag.py:3696} INFO - Setting next_dagrun for example_short_circuit_decorator to 2026-05-27T23:36:54.723909+00:00, run_after=2026-05-28T23:36:54.723909+00:00
[2026-05-29T01:36:54.739+0200] {processor.py:179} INFO - Processing /home/frederic/airflow_venv/lib/python3.10/site-packages/airflow/example_dags/example_short_circuit_decorator.py took 0.156 seconds
[2026-05-29T01:37:39.123+0200] {processor.py:157} INFO - Started process (PID=595072) to work on /home/frederic/airflow_venv/lib/python3.10/site-packages/airflow/example_dags/example_short_circuit_decorator.py
[2026-05-29T01:37:39.124+0200] {processor.py:829} INFO - Processing file /home/frederic/airflow_venv/lib/python3.10/site-packages/airflow/example_dags/example_short_circuit_decorator.py for tasks to queue
[2026-05-29T01:37:39.125+0200] {logging_mixin.py:151} INFO - [2026-05-29T01:37:39.125+0200] {dagbag.py:539} INFO - Filling up the DagBag from /home/frederic/airflow_venv/lib/python3.10/site-packages/airflow/example_dags/example_short_circuit_decorator.py
[2026-05-29T01:37:39.134+0200] {processor.py:839} INFO - DAG(s) dict_keys(['example_short_circuit_decorator']) retrieved from /home/frederic/airflow_venv/lib/python3.10/site-packages/airflow/example_dags/example_short_circuit_decorator.py
[2026-05-29T01:37:39.149+0200] {logging_mixin.py:151} INFO - [2026-05-29T01:37:39.149+0200] {dag.py:2915} INFO - Sync 1 DAGs
[2026-05-29T01:37:39.165+0200] {logging_mixin.py:151} INFO - [2026-05-29T01:37:39.165+0200] {dag.py:3696} INFO - Setting next_dagrun for example_short_circuit_decorator to 2026-05-27T23:37:39.165129+00:00, run_after=2026-05-28T23:37:39.165129+00:00
[2026-05-29T01:37:39.181+0200] {processor.py:179} INFO - Processing /home/frederic/airflow_venv/lib/python3.10/site-packages/airflow/example_dags/example_short_circuit_decorator.py took 0.060 seconds
[2026-05-29T01:38:25.606+0200] {processor.py:157} INFO - Started process (PID=595941) to work on /home/frederic/airflow_venv/lib/python3.10/site-packages/airflow/example_dags/example_short_circuit_decorator.py
[2026-05-29T01:38:25.609+0200] {processor.py:829} INFO - Processing file /home/frederic/airflow_venv/lib/python3.10/site-packages/airflow/example_dags/example_short_circuit_decorator.py for tasks to queue
[2026-05-29T01:38:25.610+0200] {logging_mixin.py:151} INFO - [2026-05-29T01:38:25.610+0200] {dagbag.py:539} INFO - Filling up the DagBag from /home/frederic/airflow_venv/lib/python3.10/site-packages/airflow/example_dags/example_short_circuit_decorator.py
[2026-05-29T01:38:25.620+0200] {processor.py:839} INFO - DAG(s) dict_keys(['example_short_circuit_decorator']) retrieved from /home/frederic/airflow_venv/lib/python3.10/site-packages/airflow/example_dags/example_short_circuit_decorator.py
[2026-05-29T01:38:25.638+0200] {logging_mixin.py:151} INFO - [2026-05-29T01:38:25.638+0200] {dag.py:2915} INFO - Sync 1 DAGs
[2026-05-29T01:38:25.657+0200] {logging_mixin.py:151} INFO - [2026-05-29T01:38:25.657+0200] {dag.py:3696} INFO - Setting next_dagrun for example_short_circuit_decorator to 2026-05-27T23:38:25.657400+00:00, run_after=2026-05-28T23:38:25.657400+00:00
[2026-05-29T01:38:25.677+0200] {processor.py:179} INFO - Processing /home/frederic/airflow_venv/lib/python3.10/site-packages/airflow/example_dags/example_short_circuit_decorator.py took 0.074 seconds
[2026-05-29T01:39:08.735+0200] {processor.py:157} INFO - Started process (PID=596974) to work on /home/frederic/airflow_venv/lib/python3.10/site-packages/airflow/example_dags/example_short_circuit_decorator.py
[2026-05-29T01:39:08.736+0200] {processor.py:829} INFO - Processing file /home/frederic/airflow_venv/lib/python3.10/site-packages/airflow/example_dags/example_short_circuit_decorator.py for tasks to queue
[2026-05-29T01:39:08.736+0200] {logging_mixin.py:151} INFO - [2026-05-29T01:39:08.736+0200] {dagbag.py:539} INFO - Filling up the DagBag from /home/frederic/airflow_venv/lib/python3.10/site-packages/airflow/example_dags/example_short_circuit_decorator.py
[2026-05-29T01:39:08.745+0200] {processor.py:839} INFO - DAG(s) dict_keys(['example_short_circuit_decorator']) retrieved from /home/frederic/airflow_venv/lib/python3.10/site-packages/airflow/example_dags/example_short_circuit_decorator.py
[2026-05-29T01:39:08.760+0200] {logging_mixin.py:151} INFO - [2026-05-29T01:39:08.760+0200] {dag.py:2915} INFO - Sync 1 DAGs
[2026-05-29T01:39:08.777+0200] {logging_mixin.py:151} INFO - [2026-05-29T01:39:08.777+0200] {dag.py:3696} INFO - Setting next_dagrun for example_short_circuit_decorator to 2026-05-27T23:39:08.777031+00:00, run_after=2026-05-28T23:39:08.777031+00:00
[2026-05-29T01:39:08.795+0200] {processor.py:179} INFO - Processing /home/frederic/airflow_venv/lib/python3.10/site-packages/airflow/example_dags/example_short_circuit_decorator.py took 0.063 seconds
[2026-05-29T01:39:54.482+0200] {processor.py:157} INFO - Started process (PID=598049) to work on /home/frederic/airflow_venv/lib/python3.10/site-packages/airflow/example_dags/example_short_circuit_decorator.py
[2026-05-29T01:39:54.486+0200] {processor.py:829} INFO - Processing file /home/frederic/airflow_venv/lib/python3.10/site-packages/airflow/example_dags/example_short_circuit_decorator.py for tasks to queue
[2026-05-29T01:39:54.487+0200] {logging_mixin.py:151} INFO - [2026-05-29T01:39:54.487+0200] {dagbag.py:539} INFO - Filling up the DagBag from /home/frederic/airflow_venv/lib/python3.10/site-packages/airflow/example_dags/example_short_circuit_decorator.py
[2026-05-29T01:39:54.497+0200] {processor.py:839} INFO - DAG(s) dict_keys(['example_short_circuit_decorator']) retrieved from /home/frederic/airflow_venv/lib/python3.10/site-packages/airflow/example_dags/example_short_circuit_decorator.py
[2026-05-29T01:39:54.522+0200] {logging_mixin.py:151} INFO - [2026-05-29T01:39:54.522+0200] {dag.py:2915} INFO - Sync 1 DAGs
[2026-05-29T01:39:54.545+0200] {logging_mixin.py:151} INFO - [2026-05-29T01:39:54.545+0200] {dag.py:3696} INFO - Setting next_dagrun for example_short_circuit_decorator to 2026-05-27T23:39:54.545206+00:00, run_after=2026-05-28T23:39:54.545206+00:00
[2026-05-29T01:39:54.568+0200] {processor.py:179} INFO - Processing /home/frederic/airflow_venv/lib/python3.10/site-packages/airflow/example_dags/example_short_circuit_decorator.py took 0.089 seconds
[2026-05-29T01:40:43.705+0200] {processor.py:157} INFO - Started process (PID=599267) to work on /home/frederic/airflow_venv/lib/python3.10/site-packages/airflow/example_dags/example_short_circuit_decorator.py
[2026-05-29T01:40:43.706+0200] {processor.py:829} INFO - Processing file /home/frederic/airflow_venv/lib/python3.10/site-packages/airflow/example_dags/example_short_circuit_decorator.py for tasks to queue
[2026-05-29T01:40:43.707+0200] {logging_mixin.py:151} INFO - [2026-05-29T01:40:43.707+0200] {dagbag.py:539} INFO - Filling up the DagBag from /home/frederic/airflow_venv/lib/python3.10/site-packages/airflow/example_dags/example_short_circuit_decorator.py
[2026-05-29T01:40:43.715+0200] {processor.py:839} INFO - DAG(s) dict_keys(['example_short_circuit_decorator']) retrieved from /home/frederic/airflow_venv/lib/python3.10/site-packages/airflow/example_dags/example_short_circuit_decorator.py
[2026-05-29T01:40:43.729+0200] {logging_mixin.py:151} INFO - [2026-05-29T01:40:43.729+0200] {dag.py:2915} INFO - Sync 1 DAGs
[2026-05-29T01:40:43.745+0200] {logging_mixin.py:151} INFO - [2026-05-29T01:40:43.745+0200] {dag.py:3696} INFO - Setting next_dagrun for example_short_circuit_decorator to 2026-05-27T23:40:43.745103+00:00, run_after=2026-05-28T23:40:43.745103+00:00
[2026-05-29T01:40:43.761+0200] {processor.py:179} INFO - Processing /home/frederic/airflow_venv/lib/python3.10/site-packages/airflow/example_dags/example_short_circuit_decorator.py took 0.058 seconds
[2026-05-29T01:41:28.173+0200] {processor.py:157} INFO - Started process (PID=600431) to work on /home/frederic/airflow_venv/lib/python3.10/site-packages/airflow/example_dags/example_short_circuit_decorator.py
[2026-05-29T01:41:28.176+0200] {processor.py:829} INFO - Processing file /home/frederic/airflow_venv/lib/python3.10/site-packages/airflow/example_dags/example_short_circuit_decorator.py for tasks to queue
[2026-05-29T01:41:28.177+0200] {logging_mixin.py:151} INFO - [2026-05-29T01:41:28.176+0200] {dagbag.py:539} INFO - Filling up the DagBag from /home/frederic/airflow_venv/lib/python3.10/site-packages/airflow/example_dags/example_short_circuit_decorator.py
[2026-05-29T01:41:28.184+0200] {processor.py:839} INFO - DAG(s) dict_keys(['example_short_circuit_decorator']) retrieved from /home/frederic/airflow_venv/lib/python3.10/site-packages/airflow/example_dags/example_short_circuit_decorator.py
[2026-05-29T01:41:28.199+0200] {logging_mixin.py:151} INFO - [2026-05-29T01:41:28.199+0200] {dag.py:2915} INFO - Sync 1 DAGs
[2026-05-29T01:41:28.215+0200] {logging_mixin.py:151} INFO - [2026-05-29T01:41:28.215+0200] {dag.py:3696} INFO - Setting next_dagrun for example_short_circuit_decorator to 2026-05-27T23:41:28.215142+00:00, run_after=2026-05-28T23:41:28.215142+00:00
[2026-05-29T01:41:28.231+0200] {processor.py:179} INFO - Processing /home/frederic/airflow_venv/lib/python3.10/site-packages/airflow/example_dags/example_short_circuit_decorator.py took 0.061 seconds
[2026-05-29T01:42:13.305+0200] {processor.py:157} INFO - Started process (PID=601325) to work on /home/frederic/airflow_venv/lib/python3.10/site-packages/airflow/example_dags/example_short_circuit_decorator.py
[2026-05-29T01:42:13.306+0200] {processor.py:829} INFO - Processing file /home/frederic/airflow_venv/lib/python3.10/site-packages/airflow/example_dags/example_short_circuit_decorator.py for tasks to queue
[2026-05-29T01:42:13.307+0200] {logging_mixin.py:151} INFO - [2026-05-29T01:42:13.306+0200] {dagbag.py:539} INFO - Filling up the DagBag from /home/frederic/airflow_venv/lib/python3.10/site-packages/airflow/example_dags/example_short_circuit_decorator.py
[2026-05-29T01:42:13.315+0200] {processor.py:839} INFO - DAG(s) dict_keys(['example_short_circuit_decorator']) retrieved from /home/frederic/airflow_venv/lib/python3.10/site-packages/airflow/example_dags/example_short_circuit_decorator.py
[2026-05-29T01:42:13.331+0200] {logging_mixin.py:151} INFO - [2026-05-29T01:42:13.330+0200] {dag.py:2915} INFO - Sync 1 DAGs
[2026-05-29T01:42:13.347+0200] {logging_mixin.py:151} INFO - [2026-05-29T01:42:13.347+0200] {dag.py:3696} INFO - Setting next_dagrun for example_short_circuit_decorator to 2026-05-27T23:42:13.346966+00:00, run_after=2026-05-28T23:42:13.346966+00:00
[2026-05-29T01:42:13.364+0200] {processor.py:179} INFO - Processing /home/frederic/airflow_venv/lib/python3.10/site-packages/airflow/example_dags/example_short_circuit_decorator.py took 0.062 seconds
[2026-05-29T01:43:02.471+0200] {processor.py:157} INFO - Started process (PID=602224) to work on /home/frederic/airflow_venv/lib/python3.10/site-packages/airflow/example_dags/example_short_circuit_decorator.py
[2026-05-29T01:43:02.472+0200] {processor.py:829} INFO - Processing file /home/frederic/airflow_venv/lib/python3.10/site-packages/airflow/example_dags/example_short_circuit_decorator.py for tasks to queue
[2026-05-29T01:43:02.473+0200] {logging_mixin.py:151} INFO - [2026-05-29T01:43:02.472+0200] {dagbag.py:539} INFO - Filling up the DagBag from /home/frederic/airflow_venv/lib/python3.10/site-packages/airflow/example_dags/example_short_circuit_decorator.py
[2026-05-29T01:43:02.481+0200] {processor.py:839} INFO - DAG(s) dict_keys(['example_short_circuit_decorator']) retrieved from /home/frederic/airflow_venv/lib/python3.10/site-packages/airflow/example_dags/example_short_circuit_decorator.py
[2026-05-29T01:43:02.497+0200] {logging_mixin.py:151} INFO - [2026-05-29T01:43:02.497+0200] {dag.py:2915} INFO - Sync 1 DAGs
[2026-05-29T01:43:02.515+0200] {logging_mixin.py:151} INFO - [2026-05-29T01:43:02.515+0200] {dag.py:3696} INFO - Setting next_dagrun for example_short_circuit_decorator to 2026-05-27T23:43:02.515028+00:00, run_after=2026-05-28T23:43:02.515028+00:00
[2026-05-29T01:43:02.530+0200] {processor.py:179} INFO - Processing /home/frederic/airflow_venv/lib/python3.10/site-packages/airflow/example_dags/example_short_circuit_decorator.py took 0.062 seconds
[2026-05-29T01:43:49.868+0200] {processor.py:157} INFO - Started process (PID=603143) to work on /home/frederic/airflow_venv/lib/python3.10/site-packages/airflow/example_dags/example_short_circuit_decorator.py
[2026-05-29T01:43:49.869+0200] {processor.py:829} INFO - Processing file /home/frederic/airflow_venv/lib/python3.10/site-packages/airflow/example_dags/example_short_circuit_decorator.py for tasks to queue
[2026-05-29T01:43:49.870+0200] {logging_mixin.py:151} INFO - [2026-05-29T01:43:49.869+0200] {dagbag.py:539} INFO - Filling up the DagBag from /home/frederic/airflow_venv/lib/python3.10/site-packages/airflow/example_dags/example_short_circuit_decorator.py
[2026-05-29T01:43:49.878+0200] {processor.py:839} INFO - DAG(s) dict_keys(['example_short_circuit_decorator']) retrieved from /home/frederic/airflow_venv/lib/python3.10/site-packages/airflow/example_dags/example_short_circuit_decorator.py
[2026-05-29T01:43:49.893+0200] {logging_mixin.py:151} INFO - [2026-05-29T01:43:49.893+0200] {dag.py:2915} INFO - Sync 1 DAGs
[2026-05-29T01:43:49.910+0200] {logging_mixin.py:151} INFO - [2026-05-29T01:43:49.910+0200] {dag.py:3696} INFO - Setting next_dagrun for example_short_circuit_decorator to 2026-05-27T23:43:49.909838+00:00, run_after=2026-05-28T23:43:49.909838+00:00
[2026-05-29T01:43:49.928+0200] {processor.py:179} INFO - Processing /home/frederic/airflow_venv/lib/python3.10/site-packages/airflow/example_dags/example_short_circuit_decorator.py took 0.062 seconds
[2026-05-29T01:44:39.060+0200] {processor.py:157} INFO - Started process (PID=604013) to work on /home/frederic/airflow_venv/lib/python3.10/site-packages/airflow/example_dags/example_short_circuit_decorator.py
[2026-05-29T01:44:39.063+0200] {processor.py:829} INFO - Processing file /home/frederic/airflow_venv/lib/python3.10/site-packages/airflow/example_dags/example_short_circuit_decorator.py for tasks to queue
[2026-05-29T01:44:39.064+0200] {logging_mixin.py:151} INFO - [2026-05-29T01:44:39.064+0200] {dagbag.py:539} INFO - Filling up the DagBag from /home/frederic/airflow_venv/lib/python3.10/site-packages/airflow/example_dags/example_short_circuit_decorator.py
[2026-05-29T01:44:39.079+0200] {processor.py:839} INFO - DAG(s) dict_keys(['example_short_circuit_decorator']) retrieved from /home/frederic/airflow_venv/lib/python3.10/site-packages/airflow/example_dags/example_short_circuit_decorator.py
[2026-05-29T01:44:39.095+0200] {logging_mixin.py:151} INFO - [2026-05-29T01:44:39.094+0200] {dag.py:2915} INFO - Sync 1 DAGs
[2026-05-29T01:44:39.110+0200] {logging_mixin.py:151} INFO - [2026-05-29T01:44:39.110+0200] {dag.py:3696} INFO - Setting next_dagrun for example_short_circuit_decorator to 2026-05-27T23:44:39.110037+00:00, run_after=2026-05-28T23:44:39.110037+00:00
[2026-05-29T01:44:39.125+0200] {processor.py:179} INFO - Processing /home/frederic/airflow_venv/lib/python3.10/site-packages/airflow/example_dags/example_short_circuit_decorator.py took 0.068 seconds
[2026-05-29T01:45:26.736+0200] {processor.py:157} INFO - Started process (PID=606114) to work on /home/frederic/airflow_venv/lib/python3.10/site-packages/airflow/example_dags/example_short_circuit_decorator.py
[2026-05-29T01:45:26.757+0200] {processor.py:829} INFO - Processing file /home/frederic/airflow_venv/lib/python3.10/site-packages/airflow/example_dags/example_short_circuit_decorator.py for tasks to queue
[2026-05-29T01:45:26.758+0200] {logging_mixin.py:151} INFO - [2026-05-29T01:45:26.758+0200] {dagbag.py:539} INFO - Filling up the DagBag from /home/frederic/airflow_venv/lib/python3.10/site-packages/airflow/example_dags/example_short_circuit_decorator.py
[2026-05-29T01:45:26.783+0200] {processor.py:839} INFO - DAG(s) dict_keys(['example_short_circuit_decorator']) retrieved from /home/frederic/airflow_venv/lib/python3.10/site-packages/airflow/example_dags/example_short_circuit_decorator.py
[2026-05-29T01:45:26.891+0200] {logging_mixin.py:151} INFO - [2026-05-29T01:45:26.890+0200] {dag.py:2915} INFO - Sync 1 DAGs
[2026-05-29T01:45:26.945+0200] {logging_mixin.py:151} INFO - [2026-05-29T01:45:26.945+0200] {dag.py:3696} INFO - Setting next_dagrun for example_short_circuit_decorator to 2026-05-27T23:45:26.945300+00:00, run_after=2026-05-28T23:45:26.945300+00:00
[2026-05-29T01:45:26.974+0200] {processor.py:179} INFO - Processing /home/frederic/airflow_venv/lib/python3.10/site-packages/airflow/example_dags/example_short_circuit_decorator.py took 0.282 seconds
[2026-05-29T01:46:11.933+0200] {processor.py:157} INFO - Started process (PID=607811) to work on /home/frederic/airflow_venv/lib/python3.10/site-packages/airflow/example_dags/example_short_circuit_decorator.py
[2026-05-29T01:46:11.935+0200] {processor.py:829} INFO - Processing file /home/frederic/airflow_venv/lib/python3.10/site-packages/airflow/example_dags/example_short_circuit_decorator.py for tasks to queue
[2026-05-29T01:46:11.935+0200] {logging_mixin.py:151} INFO - [2026-05-29T01:46:11.935+0200] {dagbag.py:539} INFO - Filling up the DagBag from /home/frederic/airflow_venv/lib/python3.10/site-packages/airflow/example_dags/example_short_circuit_decorator.py
[2026-05-29T01:46:11.947+0200] {processor.py:839} INFO - DAG(s) dict_keys(['example_short_circuit_decorator']) retrieved from /home/frederic/airflow_venv/lib/python3.10/site-packages/airflow/example_dags/example_short_circuit_decorator.py
[2026-05-29T01:46:11.965+0200] {logging_mixin.py:151} INFO - [2026-05-29T01:46:11.965+0200] {dag.py:2915} INFO - Sync 1 DAGs
[2026-05-29T01:46:11.984+0200] {logging_mixin.py:151} INFO - [2026-05-29T01:46:11.984+0200] {dag.py:3696} INFO - Setting next_dagrun for example_short_circuit_decorator to 2026-05-27T23:46:11.984110+00:00, run_after=2026-05-28T23:46:11.984110+00:00
[2026-05-29T01:46:12.004+0200] {processor.py:179} INFO - Processing /home/frederic/airflow_venv/lib/python3.10/site-packages/airflow/example_dags/example_short_circuit_decorator.py took 0.075 seconds
[2026-05-29T01:46:57.278+0200] {processor.py:157} INFO - Started process (PID=609520) to work on /home/frederic/airflow_venv/lib/python3.10/site-packages/airflow/example_dags/example_short_circuit_decorator.py
[2026-05-29T01:46:57.282+0200] {processor.py:829} INFO - Processing file /home/frederic/airflow_venv/lib/python3.10/site-packages/airflow/example_dags/example_short_circuit_decorator.py for tasks to queue
[2026-05-29T01:46:57.283+0200] {logging_mixin.py:151} INFO - [2026-05-29T01:46:57.282+0200] {dagbag.py:539} INFO - Filling up the DagBag from /home/frederic/airflow_venv/lib/python3.10/site-packages/airflow/example_dags/example_short_circuit_decorator.py
[2026-05-29T01:46:57.295+0200] {processor.py:839} INFO - DAG(s) dict_keys(['example_short_circuit_decorator']) retrieved from /home/frederic/airflow_venv/lib/python3.10/site-packages/airflow/example_dags/example_short_circuit_decorator.py
[2026-05-29T01:46:57.316+0200] {logging_mixin.py:151} INFO - [2026-05-29T01:46:57.316+0200] {dag.py:2915} INFO - Sync 1 DAGs
[2026-05-29T01:46:57.334+0200] {logging_mixin.py:151} INFO - [2026-05-29T01:46:57.334+0200] {dag.py:3696} INFO - Setting next_dagrun for example_short_circuit_decorator to 2026-05-27T23:46:57.334312+00:00, run_after=2026-05-28T23:46:57.334312+00:00
[2026-05-29T01:46:57.351+0200] {processor.py:179} INFO - Processing /home/frederic/airflow_venv/lib/python3.10/site-packages/airflow/example_dags/example_short_circuit_decorator.py took 0.076 seconds
[2026-05-29T01:47:40.516+0200] {processor.py:157} INFO - Started process (PID=610707) to work on /home/frederic/airflow_venv/lib/python3.10/site-packages/airflow/example_dags/example_short_circuit_decorator.py
[2026-05-29T01:47:40.517+0200] {processor.py:829} INFO - Processing file /home/frederic/airflow_venv/lib/python3.10/site-packages/airflow/example_dags/example_short_circuit_decorator.py for tasks to queue
[2026-05-29T01:47:40.518+0200] {logging_mixin.py:151} INFO - [2026-05-29T01:47:40.518+0200] {dagbag.py:539} INFO - Filling up the DagBag from /home/frederic/airflow_venv/lib/python3.10/site-packages/airflow/example_dags/example_short_circuit_decorator.py
[2026-05-29T01:47:40.526+0200] {processor.py:839} INFO - DAG(s) dict_keys(['example_short_circuit_decorator']) retrieved from /home/frederic/airflow_venv/lib/python3.10/site-packages/airflow/example_dags/example_short_circuit_decorator.py
[2026-05-29T01:47:40.540+0200] {logging_mixin.py:151} INFO - [2026-05-29T01:47:40.540+0200] {dag.py:2915} INFO - Sync 1 DAGs
[2026-05-29T01:47:40.555+0200] {logging_mixin.py:151} INFO - [2026-05-29T01:47:40.555+0200] {dag.py:3696} INFO - Setting next_dagrun for example_short_circuit_decorator to 2026-05-27T23:47:40.555321+00:00, run_after=2026-05-28T23:47:40.555321+00:00
[2026-05-29T01:47:40.569+0200] {processor.py:179} INFO - Processing /home/frederic/airflow_venv/lib/python3.10/site-packages/airflow/example_dags/example_short_circuit_decorator.py took 0.055 seconds
[2026-05-29T01:48:25.572+0200] {processor.py:157} INFO - Started process (PID=612105) to work on /home/frederic/airflow_venv/lib/python3.10/site-packages/airflow/example_dags/example_short_circuit_decorator.py
[2026-05-29T01:48:25.575+0200] {processor.py:829} INFO - Processing file /home/frederic/airflow_venv/lib/python3.10/site-packages/airflow/example_dags/example_short_circuit_decorator.py for tasks to queue
[2026-05-29T01:48:25.576+0200] {logging_mixin.py:151} INFO - [2026-05-29T01:48:25.576+0200] {dagbag.py:539} INFO - Filling up the DagBag from /home/frederic/airflow_venv/lib/python3.10/site-packages/airflow/example_dags/example_short_circuit_decorator.py
[2026-05-29T01:48:25.587+0200] {processor.py:839} INFO - DAG(s) dict_keys(['example_short_circuit_decorator']) retrieved from /home/frederic/airflow_venv/lib/python3.10/site-packages/airflow/example_dags/example_short_circuit_decorator.py
[2026-05-29T01:48:25.602+0200] {logging_mixin.py:151} INFO - [2026-05-29T01:48:25.602+0200] {dag.py:2915} INFO - Sync 1 DAGs
[2026-05-29T01:48:25.621+0200] {logging_mixin.py:151} INFO - [2026-05-29T01:48:25.621+0200] {dag.py:3696} INFO - Setting next_dagrun for example_short_circuit_decorator to 2026-05-27T23:48:25.620934+00:00, run_after=2026-05-28T23:48:25.620934+00:00
[2026-05-29T01:48:25.639+0200] {processor.py:179} INFO - Processing /home/frederic/airflow_venv/lib/python3.10/site-packages/airflow/example_dags/example_short_circuit_decorator.py took 0.069 seconds
[2026-05-29T01:49:10.211+0200] {processor.py:157} INFO - Started process (PID=613161) to work on /home/frederic/airflow_venv/lib/python3.10/site-packages/airflow/example_dags/example_short_circuit_decorator.py
[2026-05-29T01:49:10.214+0200] {processor.py:829} INFO - Processing file /home/frederic/airflow_venv/lib/python3.10/site-packages/airflow/example_dags/example_short_circuit_decorator.py for tasks to queue
[2026-05-29T01:49:10.215+0200] {logging_mixin.py:151} INFO - [2026-05-29T01:49:10.215+0200] {dagbag.py:539} INFO - Filling up the DagBag from /home/frederic/airflow_venv/lib/python3.10/site-packages/airflow/example_dags/example_short_circuit_decorator.py
[2026-05-29T01:49:10.224+0200] {processor.py:839} INFO - DAG(s) dict_keys(['example_short_circuit_decorator']) retrieved from /home/frederic/airflow_venv/lib/python3.10/site-packages/airflow/example_dags/example_short_circuit_decorator.py
[2026-05-29T01:49:10.240+0200] {logging_mixin.py:151} INFO - [2026-05-29T01:49:10.240+0200] {dag.py:2915} INFO - Sync 1 DAGs
[2026-05-29T01:49:10.258+0200] {logging_mixin.py:151} INFO - [2026-05-29T01:49:10.258+0200] {dag.py:3696} INFO - Setting next_dagrun for example_short_circuit_decorator to 2026-05-27T23:49:10.257843+00:00, run_after=2026-05-28T23:49:10.257843+00:00
[2026-05-29T01:49:10.274+0200] {processor.py:179} INFO - Processing /home/frederic/airflow_venv/lib/python3.10/site-packages/airflow/example_dags/example_short_circuit_decorator.py took 0.066 seconds
[2026-05-29T01:49:53.061+0200] {processor.py:157} INFO - Started process (PID=614413) to work on /home/frederic/airflow_venv/lib/python3.10/site-packages/airflow/example_dags/example_short_circuit_decorator.py
[2026-05-29T01:49:53.062+0200] {processor.py:829} INFO - Processing file /home/frederic/airflow_venv/lib/python3.10/site-packages/airflow/example_dags/example_short_circuit_decorator.py for tasks to queue
[2026-05-29T01:49:53.062+0200] {logging_mixin.py:151} INFO - [2026-05-29T01:49:53.062+0200] {dagbag.py:539} INFO - Filling up the DagBag from /home/frederic/airflow_venv/lib/python3.10/site-packages/airflow/example_dags/example_short_circuit_decorator.py
[2026-05-29T01:49:53.072+0200] {processor.py:839} INFO - DAG(s) dict_keys(['example_short_circuit_decorator']) retrieved from /home/frederic/airflow_venv/lib/python3.10/site-packages/airflow/example_dags/example_short_circuit_decorator.py
[2026-05-29T01:49:53.087+0200] {logging_mixin.py:151} INFO - [2026-05-29T01:49:53.087+0200] {dag.py:2915} INFO - Sync 1 DAGs
[2026-05-29T01:49:53.106+0200] {logging_mixin.py:151} INFO - [2026-05-29T01:49:53.106+0200] {dag.py:3696} INFO - Setting next_dagrun for example_short_circuit_decorator to 2026-05-27T23:49:53.105993+00:00, run_after=2026-05-28T23:49:53.105993+00:00
[2026-05-29T01:49:53.123+0200] {processor.py:179} INFO - Processing /home/frederic/airflow_venv/lib/python3.10/site-packages/airflow/example_dags/example_short_circuit_decorator.py took 0.066 seconds
[2026-05-29T01:50:33.907+0200] {processor.py:157} INFO - Started process (PID=615693) to work on /home/frederic/airflow_venv/lib/python3.10/site-packages/airflow/example_dags/example_short_circuit_decorator.py
[2026-05-29T01:50:33.908+0200] {processor.py:829} INFO - Processing file /home/frederic/airflow_venv/lib/python3.10/site-packages/airflow/example_dags/example_short_circuit_decorator.py for tasks to queue
[2026-05-29T01:50:33.909+0200] {logging_mixin.py:151} INFO - [2026-05-29T01:50:33.908+0200] {dagbag.py:539} INFO - Filling up the DagBag from /home/frederic/airflow_venv/lib/python3.10/site-packages/airflow/example_dags/example_short_circuit_decorator.py
[2026-05-29T01:50:33.918+0200] {processor.py:839} INFO - DAG(s) dict_keys(['example_short_circuit_decorator']) retrieved from /home/frederic/airflow_venv/lib/python3.10/site-packages/airflow/example_dags/example_short_circuit_decorator.py
[2026-05-29T01:50:33.936+0200] {logging_mixin.py:151} INFO - [2026-05-29T01:50:33.936+0200] {dag.py:2915} INFO - Sync 1 DAGs
[2026-05-29T01:50:33.954+0200] {logging_mixin.py:151} INFO - [2026-05-29T01:50:33.954+0200] {dag.py:3696} INFO - Setting next_dagrun for example_short_circuit_decorator to 2026-05-27T23:50:33.953934+00:00, run_after=2026-05-28T23:50:33.953934+00:00
[2026-05-29T01:50:33.973+0200] {processor.py:179} INFO - Processing /home/frederic/airflow_venv/lib/python3.10/site-packages/airflow/example_dags/example_short_circuit_decorator.py took 0.069 seconds
[2026-05-29T01:51:13.882+0200] {processor.py:157} INFO - Started process (PID=616598) to work on /home/frederic/airflow_venv/lib/python3.10/site-packages/airflow/example_dags/example_short_circuit_decorator.py
[2026-05-29T01:51:13.883+0200] {processor.py:829} INFO - Processing file /home/frederic/airflow_venv/lib/python3.10/site-packages/airflow/example_dags/example_short_circuit_decorator.py for tasks to queue
[2026-05-29T01:51:13.883+0200] {logging_mixin.py:151} INFO - [2026-05-29T01:51:13.883+0200] {dagbag.py:539} INFO - Filling up the DagBag from /home/frederic/airflow_venv/lib/python3.10/site-packages/airflow/example_dags/example_short_circuit_decorator.py
[2026-05-29T01:51:13.892+0200] {processor.py:839} INFO - DAG(s) dict_keys(['example_short_circuit_decorator']) retrieved from /home/frederic/airflow_venv/lib/python3.10/site-packages/airflow/example_dags/example_short_circuit_decorator.py
[2026-05-29T01:51:13.909+0200] {logging_mixin.py:151} INFO - [2026-05-29T01:51:13.909+0200] {dag.py:2915} INFO - Sync 1 DAGs
[2026-05-29T01:51:13.927+0200] {logging_mixin.py:151} INFO - [2026-05-29T01:51:13.926+0200] {dag.py:3696} INFO - Setting next_dagrun for example_short_circuit_decorator to 2026-05-27T23:51:13.926777+00:00, run_after=2026-05-28T23:51:13.926777+00:00
[2026-05-29T01:51:13.942+0200] {processor.py:179} INFO - Processing /home/frederic/airflow_venv/lib/python3.10/site-packages/airflow/example_dags/example_short_circuit_decorator.py took 0.062 seconds
[2026-05-29T01:52:05.334+0200] {processor.py:157} INFO - Started process (PID=617965) to work on /home/frederic/airflow_venv/lib/python3.10/site-packages/airflow/example_dags/example_short_circuit_decorator.py
[2026-05-29T01:52:05.335+0200] {processor.py:829} INFO - Processing file /home/frederic/airflow_venv/lib/python3.10/site-packages/airflow/example_dags/example_short_circuit_decorator.py for tasks to queue
[2026-05-29T01:52:05.337+0200] {logging_mixin.py:151} INFO - [2026-05-29T01:52:05.336+0200] {dagbag.py:539} INFO - Filling up the DagBag from /home/frederic/airflow_venv/lib/python3.10/site-packages/airflow/example_dags/example_short_circuit_decorator.py
[2026-05-29T01:52:05.346+0200] {processor.py:839} INFO - DAG(s) dict_keys(['example_short_circuit_decorator']) retrieved from /home/frederic/airflow_venv/lib/python3.10/site-packages/airflow/example_dags/example_short_circuit_decorator.py
[2026-05-29T01:52:05.362+0200] {logging_mixin.py:151} INFO - [2026-05-29T01:52:05.362+0200] {dag.py:2915} INFO - Sync 1 DAGs
[2026-05-29T01:52:05.379+0200] {logging_mixin.py:151} INFO - [2026-05-29T01:52:05.379+0200] {dag.py:3696} INFO - Setting next_dagrun for example_short_circuit_decorator to 2026-05-27T23:52:05.378962+00:00, run_after=2026-05-28T23:52:05.378962+00:00
[2026-05-29T01:52:05.398+0200] {processor.py:179} INFO - Processing /home/frederic/airflow_venv/lib/python3.10/site-packages/airflow/example_dags/example_short_circuit_decorator.py took 0.066 seconds
[2026-05-29T01:52:53.331+0200] {processor.py:157} INFO - Started process (PID=619569) to work on /home/frederic/airflow_venv/lib/python3.10/site-packages/airflow/example_dags/example_short_circuit_decorator.py
[2026-05-29T01:52:53.334+0200] {processor.py:829} INFO - Processing file /home/frederic/airflow_venv/lib/python3.10/site-packages/airflow/example_dags/example_short_circuit_decorator.py for tasks to queue
[2026-05-29T01:52:53.335+0200] {logging_mixin.py:151} INFO - [2026-05-29T01:52:53.334+0200] {dagbag.py:539} INFO - Filling up the DagBag from /home/frederic/airflow_venv/lib/python3.10/site-packages/airflow/example_dags/example_short_circuit_decorator.py
[2026-05-29T01:52:53.344+0200] {processor.py:839} INFO - DAG(s) dict_keys(['example_short_circuit_decorator']) retrieved from /home/frederic/airflow_venv/lib/python3.10/site-packages/airflow/example_dags/example_short_circuit_decorator.py
[2026-05-29T01:52:53.359+0200] {logging_mixin.py:151} INFO - [2026-05-29T01:52:53.359+0200] {dag.py:2915} INFO - Sync 1 DAGs
[2026-05-29T01:52:53.375+0200] {logging_mixin.py:151} INFO - [2026-05-29T01:52:53.375+0200] {dag.py:3696} INFO - Setting next_dagrun for example_short_circuit_decorator to 2026-05-27T23:52:53.375206+00:00, run_after=2026-05-28T23:52:53.375206+00:00
[2026-05-29T01:52:53.390+0200] {processor.py:179} INFO - Processing /home/frederic/airflow_venv/lib/python3.10/site-packages/airflow/example_dags/example_short_circuit_decorator.py took 0.063 seconds
[2026-05-29T01:53:38.554+0200] {processor.py:157} INFO - Started process (PID=620811) to work on /home/frederic/airflow_venv/lib/python3.10/site-packages/airflow/example_dags/example_short_circuit_decorator.py
[2026-05-29T01:53:38.555+0200] {processor.py:829} INFO - Processing file /home/frederic/airflow_venv/lib/python3.10/site-packages/airflow/example_dags/example_short_circuit_decorator.py for tasks to queue
[2026-05-29T01:53:38.556+0200] {logging_mixin.py:151} INFO - [2026-05-29T01:53:38.556+0200] {dagbag.py:539} INFO - Filling up the DagBag from /home/frederic/airflow_venv/lib/python3.10/site-packages/airflow/example_dags/example_short_circuit_decorator.py
[2026-05-29T01:53:38.565+0200] {processor.py:839} INFO - DAG(s) dict_keys(['example_short_circuit_decorator']) retrieved from /home/frederic/airflow_venv/lib/python3.10/site-packages/airflow/example_dags/example_short_circuit_decorator.py
[2026-05-29T01:53:38.583+0200] {logging_mixin.py:151} INFO - [2026-05-29T01:53:38.582+0200] {dag.py:2915} INFO - Sync 1 DAGs
[2026-05-29T01:53:38.602+0200] {logging_mixin.py:151} INFO - [2026-05-29T01:53:38.601+0200] {dag.py:3696} INFO - Setting next_dagrun for example_short_circuit_decorator to 2026-05-27T23:53:38.601698+00:00, run_after=2026-05-28T23:53:38.601698+00:00
[2026-05-29T01:53:38.617+0200] {processor.py:179} INFO - Processing /home/frederic/airflow_venv/lib/python3.10/site-packages/airflow/example_dags/example_short_circuit_decorator.py took 0.065 seconds
[2026-05-29T01:54:25.816+0200] {processor.py:157} INFO - Started process (PID=621966) to work on /home/frederic/airflow_venv/lib/python3.10/site-packages/airflow/example_dags/example_short_circuit_decorator.py
[2026-05-29T01:54:25.820+0200] {processor.py:829} INFO - Processing file /home/frederic/airflow_venv/lib/python3.10/site-packages/airflow/example_dags/example_short_circuit_decorator.py for tasks to queue
[2026-05-29T01:54:25.821+0200] {logging_mixin.py:151} INFO - [2026-05-29T01:54:25.820+0200] {dagbag.py:539} INFO - Filling up the DagBag from /home/frederic/airflow_venv/lib/python3.10/site-packages/airflow/example_dags/example_short_circuit_decorator.py
[2026-05-29T01:54:25.834+0200] {processor.py:839} INFO - DAG(s) dict_keys(['example_short_circuit_decorator']) retrieved from /home/frederic/airflow_venv/lib/python3.10/site-packages/airflow/example_dags/example_short_circuit_decorator.py
[2026-05-29T01:54:25.855+0200] {logging_mixin.py:151} INFO - [2026-05-29T01:54:25.855+0200] {dag.py:2915} INFO - Sync 1 DAGs
[2026-05-29T01:54:25.882+0200] {logging_mixin.py:151} INFO - [2026-05-29T01:54:25.882+0200] {dag.py:3696} INFO - Setting next_dagrun for example_short_circuit_decorator to 2026-05-27T23:54:25.882439+00:00, run_after=2026-05-28T23:54:25.882439+00:00
[2026-05-29T01:54:25.902+0200] {processor.py:179} INFO - Processing /home/frederic/airflow_venv/lib/python3.10/site-packages/airflow/example_dags/example_short_circuit_decorator.py took 0.089 seconds
[2026-05-29T01:55:10.142+0200] {processor.py:157} INFO - Started process (PID=623697) to work on /home/frederic/airflow_venv/lib/python3.10/site-packages/airflow/example_dags/example_short_circuit_decorator.py
[2026-05-29T01:55:10.146+0200] {processor.py:829} INFO - Processing file /home/frederic/airflow_venv/lib/python3.10/site-packages/airflow/example_dags/example_short_circuit_decorator.py for tasks to queue
[2026-05-29T01:55:10.146+0200] {logging_mixin.py:151} INFO - [2026-05-29T01:55:10.146+0200] {dagbag.py:539} INFO - Filling up the DagBag from /home/frederic/airflow_venv/lib/python3.10/site-packages/airflow/example_dags/example_short_circuit_decorator.py
[2026-05-29T01:55:10.155+0200] {processor.py:839} INFO - DAG(s) dict_keys(['example_short_circuit_decorator']) retrieved from /home/frederic/airflow_venv/lib/python3.10/site-packages/airflow/example_dags/example_short_circuit_decorator.py
[2026-05-29T01:55:10.169+0200] {logging_mixin.py:151} INFO - [2026-05-29T01:55:10.169+0200] {dag.py:2915} INFO - Sync 1 DAGs
[2026-05-29T01:55:10.185+0200] {logging_mixin.py:151} INFO - [2026-05-29T01:55:10.185+0200] {dag.py:3696} INFO - Setting next_dagrun for example_short_circuit_decorator to 2026-05-27T23:55:10.185602+00:00, run_after=2026-05-28T23:55:10.185602+00:00
[2026-05-29T01:55:10.202+0200] {processor.py:179} INFO - Processing /home/frederic/airflow_venv/lib/python3.10/site-packages/airflow/example_dags/example_short_circuit_decorator.py took 0.062 seconds
[2026-05-29T01:55:38.684+0200] {processor.py:157} INFO - Started process (PID=624673) to work on /home/frederic/airflow_venv/lib/python3.10/site-packages/airflow/example_dags/example_short_circuit_decorator.py
[2026-05-29T01:55:38.685+0200] {processor.py:829} INFO - Processing file /home/frederic/airflow_venv/lib/python3.10/site-packages/airflow/example_dags/example_short_circuit_decorator.py for tasks to queue
[2026-05-29T01:55:38.685+0200] {logging_mixin.py:151} INFO - [2026-05-29T01:55:38.685+0200] {dagbag.py:539} INFO - Filling up the DagBag from /home/frederic/airflow_venv/lib/python3.10/site-packages/airflow/example_dags/example_short_circuit_decorator.py
[2026-05-29T01:55:38.695+0200] {processor.py:839} INFO - DAG(s) dict_keys(['example_short_circuit_decorator']) retrieved from /home/frederic/airflow_venv/lib/python3.10/site-packages/airflow/example_dags/example_short_circuit_decorator.py
[2026-05-29T01:55:38.701+0200] {logging_mixin.py:151} INFO - [2026-05-29T01:55:38.701+0200] {dag.py:2915} INFO - Sync 1 DAGs
[2026-05-29T01:55:38.720+0200] {logging_mixin.py:151} INFO - [2026-05-29T01:55:38.720+0200] {dag.py:3696} INFO - Setting next_dagrun for example_short_circuit_decorator to 2026-05-27T23:55:38.720204+00:00, run_after=2026-05-28T23:55:38.720204+00:00
[2026-05-29T01:55:38.735+0200] {processor.py:179} INFO - Processing /home/frederic/airflow_venv/lib/python3.10/site-packages/airflow/example_dags/example_short_circuit_decorator.py took 0.054 seconds
[2026-05-29T01:55:58.511+0200] {processor.py:157} INFO - Started process (PID=625154) to work on /home/frederic/airflow_venv/lib/python3.10/site-packages/airflow/example_dags/example_short_circuit_decorator.py
[2026-05-29T01:55:58.513+0200] {processor.py:829} INFO - Processing file /home/frederic/airflow_venv/lib/python3.10/site-packages/airflow/example_dags/example_short_circuit_decorator.py for tasks to queue
[2026-05-29T01:55:58.515+0200] {logging_mixin.py:151} INFO - [2026-05-29T01:55:58.514+0200] {dagbag.py:539} INFO - Filling up the DagBag from /home/frederic/airflow_venv/lib/python3.10/site-packages/airflow/example_dags/example_short_circuit_decorator.py
[2026-05-29T01:55:58.537+0200] {processor.py:839} INFO - DAG(s) dict_keys(['example_short_circuit_decorator']) retrieved from /home/frederic/airflow_venv/lib/python3.10/site-packages/airflow/example_dags/example_short_circuit_decorator.py
[2026-05-29T01:55:58.607+0200] {logging_mixin.py:151} INFO - [2026-05-29T01:55:58.606+0200] {dag.py:2915} INFO - Sync 1 DAGs
[2026-05-29T01:55:58.647+0200] {logging_mixin.py:151} INFO - [2026-05-29T01:55:58.646+0200] {dag.py:3696} INFO - Setting next_dagrun for example_short_circuit_decorator to 2026-05-27T23:55:58.646315+00:00, run_after=2026-05-28T23:55:58.646315+00:00
[2026-05-29T01:55:58.684+0200] {processor.py:179} INFO - Processing /home/frederic/airflow_venv/lib/python3.10/site-packages/airflow/example_dags/example_short_circuit_decorator.py took 0.178 seconds
[2026-05-29T01:56:30.224+0200] {processor.py:157} INFO - Started process (PID=626362) to work on /home/frederic/airflow_venv/lib/python3.10/site-packages/airflow/example_dags/example_short_circuit_decorator.py
[2026-05-29T01:56:30.224+0200] {processor.py:829} INFO - Processing file /home/frederic/airflow_venv/lib/python3.10/site-packages/airflow/example_dags/example_short_circuit_decorator.py for tasks to queue
[2026-05-29T01:56:30.225+0200] {logging_mixin.py:151} INFO - [2026-05-29T01:56:30.225+0200] {dagbag.py:539} INFO - Filling up the DagBag from /home/frederic/airflow_venv/lib/python3.10/site-packages/airflow/example_dags/example_short_circuit_decorator.py
[2026-05-29T01:56:30.234+0200] {processor.py:839} INFO - DAG(s) dict_keys(['example_short_circuit_decorator']) retrieved from /home/frederic/airflow_venv/lib/python3.10/site-packages/airflow/example_dags/example_short_circuit_decorator.py
[2026-05-29T01:56:30.252+0200] {logging_mixin.py:151} INFO - [2026-05-29T01:56:30.252+0200] {dag.py:2915} INFO - Sync 1 DAGs
[2026-05-29T01:56:30.270+0200] {logging_mixin.py:151} INFO - [2026-05-29T01:56:30.270+0200] {dag.py:3696} INFO - Setting next_dagrun for example_short_circuit_decorator to 2026-05-27T23:56:30.269883+00:00, run_after=2026-05-28T23:56:30.269883+00:00
[2026-05-29T01:56:30.285+0200] {processor.py:179} INFO - Processing /home/frederic/airflow_venv/lib/python3.10/site-packages/airflow/example_dags/example_short_circuit_decorator.py took 0.064 seconds
[2026-05-29T01:56:42.093+0200] {processor.py:157} INFO - Started process (PID=626724) to work on /home/frederic/airflow_venv/lib/python3.10/site-packages/airflow/example_dags/example_short_circuit_decorator.py
[2026-05-29T01:56:42.095+0200] {processor.py:829} INFO - Processing file /home/frederic/airflow_venv/lib/python3.10/site-packages/airflow/example_dags/example_short_circuit_decorator.py for tasks to queue
[2026-05-29T01:56:42.095+0200] {logging_mixin.py:151} INFO - [2026-05-29T01:56:42.095+0200] {dagbag.py:539} INFO - Filling up the DagBag from /home/frederic/airflow_venv/lib/python3.10/site-packages/airflow/example_dags/example_short_circuit_decorator.py
[2026-05-29T01:56:42.106+0200] {processor.py:839} INFO - DAG(s) dict_keys(['example_short_circuit_decorator']) retrieved from /home/frederic/airflow_venv/lib/python3.10/site-packages/airflow/example_dags/example_short_circuit_decorator.py
[2026-05-29T01:56:42.122+0200] {logging_mixin.py:151} INFO - [2026-05-29T01:56:42.122+0200] {dag.py:2915} INFO - Sync 1 DAGs
[2026-05-29T01:56:42.146+0200] {logging_mixin.py:151} INFO - [2026-05-29T01:56:42.146+0200] {dag.py:3696} INFO - Setting next_dagrun for example_short_circuit_decorator to 2026-05-27T23:56:42.146228+00:00, run_after=2026-05-28T23:56:42.146228+00:00
[2026-05-29T01:56:42.163+0200] {processor.py:179} INFO - Processing /home/frederic/airflow_venv/lib/python3.10/site-packages/airflow/example_dags/example_short_circuit_decorator.py took 0.072 seconds
[2026-05-29T01:57:16.643+0200] {processor.py:157} INFO - Started process (PID=627734) to work on /home/frederic/airflow_venv/lib/python3.10/site-packages/airflow/example_dags/example_short_circuit_decorator.py
[2026-05-29T01:57:16.644+0200] {processor.py:829} INFO - Processing file /home/frederic/airflow_venv/lib/python3.10/site-packages/airflow/example_dags/example_short_circuit_decorator.py for tasks to queue
[2026-05-29T01:57:16.645+0200] {logging_mixin.py:151} INFO - [2026-05-29T01:57:16.645+0200] {dagbag.py:539} INFO - Filling up the DagBag from /home/frederic/airflow_venv/lib/python3.10/site-packages/airflow/example_dags/example_short_circuit_decorator.py
[2026-05-29T01:57:16.655+0200] {processor.py:839} INFO - DAG(s) dict_keys(['example_short_circuit_decorator']) retrieved from /home/frederic/airflow_venv/lib/python3.10/site-packages/airflow/example_dags/example_short_circuit_decorator.py
[2026-05-29T01:57:16.676+0200] {logging_mixin.py:151} INFO - [2026-05-29T01:57:16.676+0200] {dag.py:2915} INFO - Sync 1 DAGs
[2026-05-29T01:57:16.698+0200] {logging_mixin.py:151} INFO - [2026-05-29T01:57:16.698+0200] {dag.py:3696} INFO - Setting next_dagrun for example_short_circuit_decorator to 2026-05-27T23:57:16.698459+00:00, run_after=2026-05-28T23:57:16.698459+00:00
[2026-05-29T01:57:16.715+0200] {processor.py:179} INFO - Processing /home/frederic/airflow_venv/lib/python3.10/site-packages/airflow/example_dags/example_short_circuit_decorator.py took 0.074 seconds
[2026-05-29T01:57:29.489+0200] {processor.py:157} INFO - Started process (PID=628089) to work on /home/frederic/airflow_venv/lib/python3.10/site-packages/airflow/example_dags/example_short_circuit_decorator.py
[2026-05-29T01:57:29.489+0200] {processor.py:829} INFO - Processing file /home/frederic/airflow_venv/lib/python3.10/site-packages/airflow/example_dags/example_short_circuit_decorator.py for tasks to queue
[2026-05-29T01:57:29.490+0200] {logging_mixin.py:151} INFO - [2026-05-29T01:57:29.490+0200] {dagbag.py:539} INFO - Filling up the DagBag from /home/frederic/airflow_venv/lib/python3.10/site-packages/airflow/example_dags/example_short_circuit_decorator.py
[2026-05-29T01:57:29.502+0200] {processor.py:839} INFO - DAG(s) dict_keys(['example_short_circuit_decorator']) retrieved from /home/frederic/airflow_venv/lib/python3.10/site-packages/airflow/example_dags/example_short_circuit_decorator.py
[2026-05-29T01:57:29.523+0200] {logging_mixin.py:151} INFO - [2026-05-29T01:57:29.522+0200] {dag.py:2915} INFO - Sync 1 DAGs
[2026-05-29T01:57:29.544+0200] {logging_mixin.py:151} INFO - [2026-05-29T01:57:29.544+0200] {dag.py:3696} INFO - Setting next_dagrun for example_short_circuit_decorator to 2026-05-27T23:57:29.544007+00:00, run_after=2026-05-28T23:57:29.544007+00:00
[2026-05-29T01:57:29.564+0200] {processor.py:179} INFO - Processing /home/frederic/airflow_venv/lib/python3.10/site-packages/airflow/example_dags/example_short_circuit_decorator.py took 0.078 seconds
[2026-05-29T01:58:05.927+0200] {processor.py:157} INFO - Started process (PID=629566) to work on /home/frederic/airflow_venv/lib/python3.10/site-packages/airflow/example_dags/example_short_circuit_decorator.py
[2026-05-29T01:58:05.928+0200] {processor.py:829} INFO - Processing file /home/frederic/airflow_venv/lib/python3.10/site-packages/airflow/example_dags/example_short_circuit_decorator.py for tasks to queue
[2026-05-29T01:58:05.929+0200] {logging_mixin.py:151} INFO - [2026-05-29T01:58:05.928+0200] {dagbag.py:539} INFO - Filling up the DagBag from /home/frederic/airflow_venv/lib/python3.10/site-packages/airflow/example_dags/example_short_circuit_decorator.py
[2026-05-29T01:58:05.939+0200] {processor.py:839} INFO - DAG(s) dict_keys(['example_short_circuit_decorator']) retrieved from /home/frederic/airflow_venv/lib/python3.10/site-packages/airflow/example_dags/example_short_circuit_decorator.py
[2026-05-29T01:58:05.958+0200] {logging_mixin.py:151} INFO - [2026-05-29T01:58:05.957+0200] {dag.py:2915} INFO - Sync 1 DAGs
[2026-05-29T01:58:05.976+0200] {logging_mixin.py:151} INFO - [2026-05-29T01:58:05.976+0200] {dag.py:3696} INFO - Setting next_dagrun for example_short_circuit_decorator to 2026-05-27T23:58:05.975856+00:00, run_after=2026-05-28T23:58:05.975856+00:00
[2026-05-29T01:58:05.994+0200] {processor.py:179} INFO - Processing /home/frederic/airflow_venv/lib/python3.10/site-packages/airflow/example_dags/example_short_circuit_decorator.py took 0.070 seconds
[2026-05-29T01:58:15.159+0200] {processor.py:157} INFO - Started process (PID=629865) to work on /home/frederic/airflow_venv/lib/python3.10/site-packages/airflow/example_dags/example_short_circuit_decorator.py
[2026-05-29T01:58:15.160+0200] {processor.py:829} INFO - Processing file /home/frederic/airflow_venv/lib/python3.10/site-packages/airflow/example_dags/example_short_circuit_decorator.py for tasks to queue
[2026-05-29T01:58:15.161+0200] {logging_mixin.py:151} INFO - [2026-05-29T01:58:15.161+0200] {dagbag.py:539} INFO - Filling up the DagBag from /home/frederic/airflow_venv/lib/python3.10/site-packages/airflow/example_dags/example_short_circuit_decorator.py
[2026-05-29T01:58:15.171+0200] {processor.py:839} INFO - DAG(s) dict_keys(['example_short_circuit_decorator']) retrieved from /home/frederic/airflow_venv/lib/python3.10/site-packages/airflow/example_dags/example_short_circuit_decorator.py
[2026-05-29T01:58:15.186+0200] {logging_mixin.py:151} INFO - [2026-05-29T01:58:15.186+0200] {dag.py:2915} INFO - Sync 1 DAGs
[2026-05-29T01:58:15.204+0200] {logging_mixin.py:151} INFO - [2026-05-29T01:58:15.204+0200] {dag.py:3696} INFO - Setting next_dagrun for example_short_circuit_decorator to 2026-05-27T23:58:15.203956+00:00, run_after=2026-05-28T23:58:15.203956+00:00
[2026-05-29T01:58:15.219+0200] {processor.py:179} INFO - Processing /home/frederic/airflow_venv/lib/python3.10/site-packages/airflow/example_dags/example_short_circuit_decorator.py took 0.062 seconds
[2026-05-29T01:58:52.773+0200] {processor.py:157} INFO - Started process (PID=631313) to work on /home/frederic/airflow_venv/lib/python3.10/site-packages/airflow/example_dags/example_short_circuit_decorator.py
[2026-05-29T01:58:52.774+0200] {processor.py:829} INFO - Processing file /home/frederic/airflow_venv/lib/python3.10/site-packages/airflow/example_dags/example_short_circuit_decorator.py for tasks to queue
[2026-05-29T01:58:52.774+0200] {logging_mixin.py:151} INFO - [2026-05-29T01:58:52.774+0200] {dagbag.py:539} INFO - Filling up the DagBag from /home/frederic/airflow_venv/lib/python3.10/site-packages/airflow/example_dags/example_short_circuit_decorator.py
[2026-05-29T01:58:52.785+0200] {processor.py:839} INFO - DAG(s) dict_keys(['example_short_circuit_decorator']) retrieved from /home/frederic/airflow_venv/lib/python3.10/site-packages/airflow/example_dags/example_short_circuit_decorator.py
[2026-05-29T01:58:52.807+0200] {logging_mixin.py:151} INFO - [2026-05-29T01:58:52.807+0200] {dag.py:2915} INFO - Sync 1 DAGs
[2026-05-29T01:58:52.830+0200] {logging_mixin.py:151} INFO - [2026-05-29T01:58:52.830+0200] {dag.py:3696} INFO - Setting next_dagrun for example_short_circuit_decorator to 2026-05-27T23:58:52.830195+00:00, run_after=2026-05-28T23:58:52.830195+00:00
[2026-05-29T01:58:52.851+0200] {processor.py:179} INFO - Processing /home/frederic/airflow_venv/lib/python3.10/site-packages/airflow/example_dags/example_short_circuit_decorator.py took 0.082 seconds
[2026-05-29T01:58:54.656+0200] {processor.py:157} INFO - Started process (PID=631355) to work on /home/frederic/airflow_venv/lib/python3.10/site-packages/airflow/example_dags/example_short_circuit_decorator.py
[2026-05-29T01:58:54.656+0200] {processor.py:829} INFO - Processing file /home/frederic/airflow_venv/lib/python3.10/site-packages/airflow/example_dags/example_short_circuit_decorator.py for tasks to queue
[2026-05-29T01:58:54.657+0200] {logging_mixin.py:151} INFO - [2026-05-29T01:58:54.657+0200] {dagbag.py:539} INFO - Filling up the DagBag from /home/frederic/airflow_venv/lib/python3.10/site-packages/airflow/example_dags/example_short_circuit_decorator.py
[2026-05-29T01:58:54.671+0200] {processor.py:839} INFO - DAG(s) dict_keys(['example_short_circuit_decorator']) retrieved from /home/frederic/airflow_venv/lib/python3.10/site-packages/airflow/example_dags/example_short_circuit_decorator.py
[2026-05-29T01:58:54.689+0200] {logging_mixin.py:151} INFO - [2026-05-29T01:58:54.689+0200] {dag.py:2915} INFO - Sync 1 DAGs
[2026-05-29T01:58:54.708+0200] {logging_mixin.py:151} INFO - [2026-05-29T01:58:54.708+0200] {dag.py:3696} INFO - Setting next_dagrun for example_short_circuit_decorator to 2026-05-27T23:58:54.708286+00:00, run_after=2026-05-28T23:58:54.708286+00:00
[2026-05-29T01:58:54.725+0200] {processor.py:179} INFO - Processing /home/frederic/airflow_venv/lib/python3.10/site-packages/airflow/example_dags/example_short_circuit_decorator.py took 0.072 seconds
[2026-05-29T01:59:41.347+0200] {processor.py:157} INFO - Started process (PID=632637) to work on /home/frederic/airflow_venv/lib/python3.10/site-packages/airflow/example_dags/example_short_circuit_decorator.py
[2026-05-29T01:59:41.348+0200] {processor.py:829} INFO - Processing file /home/frederic/airflow_venv/lib/python3.10/site-packages/airflow/example_dags/example_short_circuit_decorator.py for tasks to queue
[2026-05-29T01:59:41.349+0200] {logging_mixin.py:151} INFO - [2026-05-29T01:59:41.348+0200] {dagbag.py:539} INFO - Filling up the DagBag from /home/frederic/airflow_venv/lib/python3.10/site-packages/airflow/example_dags/example_short_circuit_decorator.py
[2026-05-29T01:59:41.357+0200] {processor.py:839} INFO - DAG(s) dict_keys(['example_short_circuit_decorator']) retrieved from /home/frederic/airflow_venv/lib/python3.10/site-packages/airflow/example_dags/example_short_circuit_decorator.py
[2026-05-29T01:59:41.372+0200] {logging_mixin.py:151} INFO - [2026-05-29T01:59:41.372+0200] {dag.py:2915} INFO - Sync 1 DAGs
[2026-05-29T01:59:41.388+0200] {logging_mixin.py:151} INFO - [2026-05-29T01:59:41.387+0200] {dag.py:3696} INFO - Setting next_dagrun for example_short_circuit_decorator to 2026-05-27T23:59:41.387807+00:00, run_after=2026-05-28T23:59:41.387807+00:00
[2026-05-29T01:59:41.402+0200] {processor.py:179} INFO - Processing /home/frederic/airflow_venv/lib/python3.10/site-packages/airflow/example_dags/example_short_circuit_decorator.py took 0.057 seconds
[2026-05-29T01:59:41.592+0200] {processor.py:157} INFO - Started process (PID=632641) to work on /home/frederic/airflow_venv/lib/python3.10/site-packages/airflow/example_dags/example_short_circuit_decorator.py
[2026-05-29T01:59:41.593+0200] {processor.py:829} INFO - Processing file /home/frederic/airflow_venv/lib/python3.10/site-packages/airflow/example_dags/example_short_circuit_decorator.py for tasks to queue
[2026-05-29T01:59:41.594+0200] {logging_mixin.py:151} INFO - [2026-05-29T01:59:41.593+0200] {dagbag.py:539} INFO - Filling up the DagBag from /home/frederic/airflow_venv/lib/python3.10/site-packages/airflow/example_dags/example_short_circuit_decorator.py
[2026-05-29T01:59:41.602+0200] {processor.py:839} INFO - DAG(s) dict_keys(['example_short_circuit_decorator']) retrieved from /home/frederic/airflow_venv/lib/python3.10/site-packages/airflow/example_dags/example_short_circuit_decorator.py
[2026-05-29T01:59:41.617+0200] {logging_mixin.py:151} INFO - [2026-05-29T01:59:41.617+0200] {dag.py:2915} INFO - Sync 1 DAGs
[2026-05-29T01:59:41.633+0200] {logging_mixin.py:151} INFO - [2026-05-29T01:59:41.633+0200] {dag.py:3696} INFO - Setting next_dagrun for example_short_circuit_decorator to 2026-05-27T23:59:41.633403+00:00, run_after=2026-05-28T23:59:41.633403+00:00
[2026-05-29T01:59:41.648+0200] {processor.py:179} INFO - Processing /home/frederic/airflow_venv/lib/python3.10/site-packages/airflow/example_dags/example_short_circuit_decorator.py took 0.058 seconds
