[2026-05-29T01:36:48.350+0200] {processor.py:157} INFO - Started process (PID=594079) to work on /home/frederic/airflow_venv/lib/python3.10/site-packages/airflow/example_dags/example_task_group_decorator.py
[2026-05-29T01:36:48.351+0200] {processor.py:829} INFO - Processing file /home/frederic/airflow_venv/lib/python3.10/site-packages/airflow/example_dags/example_task_group_decorator.py for tasks to queue
[2026-05-29T01:36:48.352+0200] {logging_mixin.py:151} INFO - [2026-05-29T01:36:48.352+0200] {dagbag.py:539} INFO - Filling up the DagBag from /home/frederic/airflow_venv/lib/python3.10/site-packages/airflow/example_dags/example_task_group_decorator.py
[2026-05-29T01:36:48.367+0200] {processor.py:839} INFO - DAG(s) dict_keys(['example_task_group_decorator']) retrieved from /home/frederic/airflow_venv/lib/python3.10/site-packages/airflow/example_dags/example_task_group_decorator.py
[2026-05-29T01:36:48.452+0200] {logging_mixin.py:151} INFO - [2026-05-29T01:36:48.452+0200] {manager.py:499} INFO - Created Permission View: %s
[2026-05-29T01:36:48.461+0200] {logging_mixin.py:151} INFO - [2026-05-29T01:36:48.460+0200] {manager.py:499} INFO - Created Permission View: %s
[2026-05-29T01:36:48.466+0200] {logging_mixin.py:151} INFO - [2026-05-29T01:36:48.466+0200] {manager.py:499} INFO - Created Permission View: %s
[2026-05-29T01:36:48.466+0200] {logging_mixin.py:151} INFO - [2026-05-29T01:36:48.466+0200] {security.py:708} INFO - Not syncing DAG-level permissions for DAG 'DAG:example_task_group_decorator' as access control is unset.
[2026-05-29T01:36:48.466+0200] {logging_mixin.py:151} INFO - [2026-05-29T01:36:48.466+0200] {dag.py:2915} INFO - Sync 1 DAGs
[2026-05-29T01:36:48.475+0200] {logging_mixin.py:151} INFO - [2026-05-29T01:36:48.475+0200] {dag.py:2937} INFO - Creating ORM DAG for example_task_group_decorator
[2026-05-29T01:36:48.481+0200] {logging_mixin.py:151} INFO - [2026-05-29T01:36:48.481+0200] {dag.py:3696} INFO - Setting next_dagrun for example_task_group_decorator to 2026-05-27T23:36:48.481477+00:00, run_after=2026-05-28T23:36:48.481477+00:00
[2026-05-29T01:36:48.494+0200] {processor.py:179} INFO - Processing /home/frederic/airflow_venv/lib/python3.10/site-packages/airflow/example_dags/example_task_group_decorator.py took 0.146 seconds
[2026-05-29T01:37:34.401+0200] {processor.py:157} INFO - Started process (PID=594939) to work on /home/frederic/airflow_venv/lib/python3.10/site-packages/airflow/example_dags/example_task_group_decorator.py
[2026-05-29T01:37:34.402+0200] {processor.py:829} INFO - Processing file /home/frederic/airflow_venv/lib/python3.10/site-packages/airflow/example_dags/example_task_group_decorator.py for tasks to queue
[2026-05-29T01:37:34.402+0200] {logging_mixin.py:151} INFO - [2026-05-29T01:37:34.402+0200] {dagbag.py:539} INFO - Filling up the DagBag from /home/frederic/airflow_venv/lib/python3.10/site-packages/airflow/example_dags/example_task_group_decorator.py
[2026-05-29T01:37:34.416+0200] {processor.py:839} INFO - DAG(s) dict_keys(['example_task_group_decorator']) retrieved from /home/frederic/airflow_venv/lib/python3.10/site-packages/airflow/example_dags/example_task_group_decorator.py
[2026-05-29T01:37:34.432+0200] {logging_mixin.py:151} INFO - [2026-05-29T01:37:34.431+0200] {dag.py:2915} INFO - Sync 1 DAGs
[2026-05-29T01:37:34.450+0200] {logging_mixin.py:151} INFO - [2026-05-29T01:37:34.450+0200] {dag.py:3696} INFO - Setting next_dagrun for example_task_group_decorator to 2026-05-27T23:37:34.449906+00:00, run_after=2026-05-28T23:37:34.449906+00:00
[2026-05-29T01:37:34.465+0200] {processor.py:179} INFO - Processing /home/frederic/airflow_venv/lib/python3.10/site-packages/airflow/example_dags/example_task_group_decorator.py took 0.066 seconds
[2026-05-29T01:38:19.210+0200] {processor.py:157} INFO - Started process (PID=595845) to work on /home/frederic/airflow_venv/lib/python3.10/site-packages/airflow/example_dags/example_task_group_decorator.py
[2026-05-29T01:38:19.212+0200] {processor.py:829} INFO - Processing file /home/frederic/airflow_venv/lib/python3.10/site-packages/airflow/example_dags/example_task_group_decorator.py for tasks to queue
[2026-05-29T01:38:19.212+0200] {logging_mixin.py:151} INFO - [2026-05-29T01:38:19.212+0200] {dagbag.py:539} INFO - Filling up the DagBag from /home/frederic/airflow_venv/lib/python3.10/site-packages/airflow/example_dags/example_task_group_decorator.py
[2026-05-29T01:38:19.227+0200] {processor.py:839} INFO - DAG(s) dict_keys(['example_task_group_decorator']) retrieved from /home/frederic/airflow_venv/lib/python3.10/site-packages/airflow/example_dags/example_task_group_decorator.py
[2026-05-29T01:38:19.244+0200] {logging_mixin.py:151} INFO - [2026-05-29T01:38:19.244+0200] {dag.py:2915} INFO - Sync 1 DAGs
[2026-05-29T01:38:19.263+0200] {logging_mixin.py:151} INFO - [2026-05-29T01:38:19.262+0200] {dag.py:3696} INFO - Setting next_dagrun for example_task_group_decorator to 2026-05-27T23:38:19.262536+00:00, run_after=2026-05-28T23:38:19.262536+00:00
[2026-05-29T01:38:19.287+0200] {processor.py:179} INFO - Processing /home/frederic/airflow_venv/lib/python3.10/site-packages/airflow/example_dags/example_task_group_decorator.py took 0.080 seconds
[2026-05-29T01:39:02.755+0200] {processor.py:157} INFO - Started process (PID=596822) to work on /home/frederic/airflow_venv/lib/python3.10/site-packages/airflow/example_dags/example_task_group_decorator.py
[2026-05-29T01:39:02.756+0200] {processor.py:829} INFO - Processing file /home/frederic/airflow_venv/lib/python3.10/site-packages/airflow/example_dags/example_task_group_decorator.py for tasks to queue
[2026-05-29T01:39:02.757+0200] {logging_mixin.py:151} INFO - [2026-05-29T01:39:02.757+0200] {dagbag.py:539} INFO - Filling up the DagBag from /home/frederic/airflow_venv/lib/python3.10/site-packages/airflow/example_dags/example_task_group_decorator.py
[2026-05-29T01:39:02.771+0200] {processor.py:839} INFO - DAG(s) dict_keys(['example_task_group_decorator']) retrieved from /home/frederic/airflow_venv/lib/python3.10/site-packages/airflow/example_dags/example_task_group_decorator.py
[2026-05-29T01:39:02.790+0200] {logging_mixin.py:151} INFO - [2026-05-29T01:39:02.790+0200] {dag.py:2915} INFO - Sync 1 DAGs
[2026-05-29T01:39:02.806+0200] {logging_mixin.py:151} INFO - [2026-05-29T01:39:02.805+0200] {dag.py:3696} INFO - Setting next_dagrun for example_task_group_decorator to 2026-05-27T23:39:02.805634+00:00, run_after=2026-05-28T23:39:02.805634+00:00
[2026-05-29T01:39:02.823+0200] {processor.py:179} INFO - Processing /home/frederic/airflow_venv/lib/python3.10/site-packages/airflow/example_dags/example_task_group_decorator.py took 0.070 seconds
[2026-05-29T01:39:48.365+0200] {processor.py:157} INFO - Started process (PID=597871) to work on /home/frederic/airflow_venv/lib/python3.10/site-packages/airflow/example_dags/example_task_group_decorator.py
[2026-05-29T01:39:48.366+0200] {processor.py:829} INFO - Processing file /home/frederic/airflow_venv/lib/python3.10/site-packages/airflow/example_dags/example_task_group_decorator.py for tasks to queue
[2026-05-29T01:39:48.367+0200] {logging_mixin.py:151} INFO - [2026-05-29T01:39:48.367+0200] {dagbag.py:539} INFO - Filling up the DagBag from /home/frederic/airflow_venv/lib/python3.10/site-packages/airflow/example_dags/example_task_group_decorator.py
[2026-05-29T01:39:48.385+0200] {processor.py:839} INFO - DAG(s) dict_keys(['example_task_group_decorator']) retrieved from /home/frederic/airflow_venv/lib/python3.10/site-packages/airflow/example_dags/example_task_group_decorator.py
[2026-05-29T01:39:48.405+0200] {logging_mixin.py:151} INFO - [2026-05-29T01:39:48.405+0200] {dag.py:2915} INFO - Sync 1 DAGs
[2026-05-29T01:39:48.425+0200] {logging_mixin.py:151} INFO - [2026-05-29T01:39:48.424+0200] {dag.py:3696} INFO - Setting next_dagrun for example_task_group_decorator to 2026-05-27T23:39:48.424556+00:00, run_after=2026-05-28T23:39:48.424556+00:00
[2026-05-29T01:39:48.446+0200] {processor.py:179} INFO - Processing /home/frederic/airflow_venv/lib/python3.10/site-packages/airflow/example_dags/example_task_group_decorator.py took 0.084 seconds
[2026-05-29T01:40:37.450+0200] {processor.py:157} INFO - Started process (PID=599182) to work on /home/frederic/airflow_venv/lib/python3.10/site-packages/airflow/example_dags/example_task_group_decorator.py
[2026-05-29T01:40:37.451+0200] {processor.py:829} INFO - Processing file /home/frederic/airflow_venv/lib/python3.10/site-packages/airflow/example_dags/example_task_group_decorator.py for tasks to queue
[2026-05-29T01:40:37.451+0200] {logging_mixin.py:151} INFO - [2026-05-29T01:40:37.451+0200] {dagbag.py:539} INFO - Filling up the DagBag from /home/frederic/airflow_venv/lib/python3.10/site-packages/airflow/example_dags/example_task_group_decorator.py
[2026-05-29T01:40:37.464+0200] {processor.py:839} INFO - DAG(s) dict_keys(['example_task_group_decorator']) retrieved from /home/frederic/airflow_venv/lib/python3.10/site-packages/airflow/example_dags/example_task_group_decorator.py
[2026-05-29T01:40:37.480+0200] {logging_mixin.py:151} INFO - [2026-05-29T01:40:37.480+0200] {dag.py:2915} INFO - Sync 1 DAGs
[2026-05-29T01:40:37.497+0200] {logging_mixin.py:151} INFO - [2026-05-29T01:40:37.497+0200] {dag.py:3696} INFO - Setting next_dagrun for example_task_group_decorator to 2026-05-27T23:40:37.496989+00:00, run_after=2026-05-28T23:40:37.496989+00:00
[2026-05-29T01:40:37.512+0200] {processor.py:179} INFO - Processing /home/frederic/airflow_venv/lib/python3.10/site-packages/airflow/example_dags/example_task_group_decorator.py took 0.064 seconds
[2026-05-29T01:41:21.894+0200] {processor.py:157} INFO - Started process (PID=600078) to work on /home/frederic/airflow_venv/lib/python3.10/site-packages/airflow/example_dags/example_task_group_decorator.py
[2026-05-29T01:41:21.898+0200] {processor.py:829} INFO - Processing file /home/frederic/airflow_venv/lib/python3.10/site-packages/airflow/example_dags/example_task_group_decorator.py for tasks to queue
[2026-05-29T01:41:21.899+0200] {logging_mixin.py:151} INFO - [2026-05-29T01:41:21.899+0200] {dagbag.py:539} INFO - Filling up the DagBag from /home/frederic/airflow_venv/lib/python3.10/site-packages/airflow/example_dags/example_task_group_decorator.py
[2026-05-29T01:41:21.913+0200] {processor.py:839} INFO - DAG(s) dict_keys(['example_task_group_decorator']) retrieved from /home/frederic/airflow_venv/lib/python3.10/site-packages/airflow/example_dags/example_task_group_decorator.py
[2026-05-29T01:41:21.930+0200] {logging_mixin.py:151} INFO - [2026-05-29T01:41:21.930+0200] {dag.py:2915} INFO - Sync 1 DAGs
[2026-05-29T01:41:21.949+0200] {logging_mixin.py:151} INFO - [2026-05-29T01:41:21.948+0200] {dag.py:3696} INFO - Setting next_dagrun for example_task_group_decorator to 2026-05-27T23:41:21.948542+00:00, run_after=2026-05-28T23:41:21.948542+00:00
[2026-05-29T01:41:21.968+0200] {processor.py:179} INFO - Processing /home/frederic/airflow_venv/lib/python3.10/site-packages/airflow/example_dags/example_task_group_decorator.py took 0.077 seconds
[2026-05-29T01:42:02.997+0200] {processor.py:157} INFO - Started process (PID=601153) to work on /home/frederic/airflow_venv/lib/python3.10/site-packages/airflow/example_dags/example_task_group_decorator.py
[2026-05-29T01:42:02.998+0200] {processor.py:829} INFO - Processing file /home/frederic/airflow_venv/lib/python3.10/site-packages/airflow/example_dags/example_task_group_decorator.py for tasks to queue
[2026-05-29T01:42:02.999+0200] {logging_mixin.py:151} INFO - [2026-05-29T01:42:02.999+0200] {dagbag.py:539} INFO - Filling up the DagBag from /home/frederic/airflow_venv/lib/python3.10/site-packages/airflow/example_dags/example_task_group_decorator.py
[2026-05-29T01:42:03.014+0200] {processor.py:839} INFO - DAG(s) dict_keys(['example_task_group_decorator']) retrieved from /home/frederic/airflow_venv/lib/python3.10/site-packages/airflow/example_dags/example_task_group_decorator.py
[2026-05-29T01:42:03.033+0200] {logging_mixin.py:151} INFO - [2026-05-29T01:42:03.033+0200] {dag.py:2915} INFO - Sync 1 DAGs
[2026-05-29T01:42:03.051+0200] {logging_mixin.py:151} INFO - [2026-05-29T01:42:03.051+0200] {dag.py:3696} INFO - Setting next_dagrun for example_task_group_decorator to 2026-05-27T23:42:03.051593+00:00, run_after=2026-05-28T23:42:03.051593+00:00
[2026-05-29T01:42:03.067+0200] {processor.py:179} INFO - Processing /home/frederic/airflow_venv/lib/python3.10/site-packages/airflow/example_dags/example_task_group_decorator.py took 0.072 seconds
[2026-05-29T01:42:49.801+0200] {processor.py:157} INFO - Started process (PID=602025) to work on /home/frederic/airflow_venv/lib/python3.10/site-packages/airflow/example_dags/example_task_group_decorator.py
[2026-05-29T01:42:49.805+0200] {processor.py:829} INFO - Processing file /home/frederic/airflow_venv/lib/python3.10/site-packages/airflow/example_dags/example_task_group_decorator.py for tasks to queue
[2026-05-29T01:42:49.805+0200] {logging_mixin.py:151} INFO - [2026-05-29T01:42:49.805+0200] {dagbag.py:539} INFO - Filling up the DagBag from /home/frederic/airflow_venv/lib/python3.10/site-packages/airflow/example_dags/example_task_group_decorator.py
[2026-05-29T01:42:49.819+0200] {processor.py:839} INFO - DAG(s) dict_keys(['example_task_group_decorator']) retrieved from /home/frederic/airflow_venv/lib/python3.10/site-packages/airflow/example_dags/example_task_group_decorator.py
[2026-05-29T01:42:49.835+0200] {logging_mixin.py:151} INFO - [2026-05-29T01:42:49.834+0200] {dag.py:2915} INFO - Sync 1 DAGs
[2026-05-29T01:42:49.852+0200] {logging_mixin.py:151} INFO - [2026-05-29T01:42:49.852+0200] {dag.py:3696} INFO - Setting next_dagrun for example_task_group_decorator to 2026-05-27T23:42:49.852279+00:00, run_after=2026-05-28T23:42:49.852279+00:00
[2026-05-29T01:42:49.871+0200] {processor.py:179} INFO - Processing /home/frederic/airflow_venv/lib/python3.10/site-packages/airflow/example_dags/example_task_group_decorator.py took 0.072 seconds
[2026-05-29T01:43:36.164+0200] {processor.py:157} INFO - Started process (PID=602868) to work on /home/frederic/airflow_venv/lib/python3.10/site-packages/airflow/example_dags/example_task_group_decorator.py
[2026-05-29T01:43:36.168+0200] {processor.py:829} INFO - Processing file /home/frederic/airflow_venv/lib/python3.10/site-packages/airflow/example_dags/example_task_group_decorator.py for tasks to queue
[2026-05-29T01:43:36.168+0200] {logging_mixin.py:151} INFO - [2026-05-29T01:43:36.168+0200] {dagbag.py:539} INFO - Filling up the DagBag from /home/frederic/airflow_venv/lib/python3.10/site-packages/airflow/example_dags/example_task_group_decorator.py
[2026-05-29T01:43:36.186+0200] {processor.py:839} INFO - DAG(s) dict_keys(['example_task_group_decorator']) retrieved from /home/frederic/airflow_venv/lib/python3.10/site-packages/airflow/example_dags/example_task_group_decorator.py
[2026-05-29T01:43:36.202+0200] {logging_mixin.py:151} INFO - [2026-05-29T01:43:36.202+0200] {dag.py:2915} INFO - Sync 1 DAGs
[2026-05-29T01:43:36.218+0200] {logging_mixin.py:151} INFO - [2026-05-29T01:43:36.218+0200] {dag.py:3696} INFO - Setting next_dagrun for example_task_group_decorator to 2026-05-27T23:43:36.218364+00:00, run_after=2026-05-28T23:43:36.218364+00:00
[2026-05-29T01:43:36.234+0200] {processor.py:179} INFO - Processing /home/frederic/airflow_venv/lib/python3.10/site-packages/airflow/example_dags/example_task_group_decorator.py took 0.072 seconds
[2026-05-29T01:44:27.050+0200] {processor.py:157} INFO - Started process (PID=603786) to work on /home/frederic/airflow_venv/lib/python3.10/site-packages/airflow/example_dags/example_task_group_decorator.py
[2026-05-29T01:44:27.054+0200] {processor.py:829} INFO - Processing file /home/frederic/airflow_venv/lib/python3.10/site-packages/airflow/example_dags/example_task_group_decorator.py for tasks to queue
[2026-05-29T01:44:27.054+0200] {logging_mixin.py:151} INFO - [2026-05-29T01:44:27.054+0200] {dagbag.py:539} INFO - Filling up the DagBag from /home/frederic/airflow_venv/lib/python3.10/site-packages/airflow/example_dags/example_task_group_decorator.py
[2026-05-29T01:44:27.067+0200] {processor.py:839} INFO - DAG(s) dict_keys(['example_task_group_decorator']) retrieved from /home/frederic/airflow_venv/lib/python3.10/site-packages/airflow/example_dags/example_task_group_decorator.py
[2026-05-29T01:44:27.084+0200] {logging_mixin.py:151} INFO - [2026-05-29T01:44:27.084+0200] {dag.py:2915} INFO - Sync 1 DAGs
[2026-05-29T01:44:27.099+0200] {logging_mixin.py:151} INFO - [2026-05-29T01:44:27.099+0200] {dag.py:3696} INFO - Setting next_dagrun for example_task_group_decorator to 2026-05-27T23:44:27.098963+00:00, run_after=2026-05-28T23:44:27.098963+00:00
[2026-05-29T01:44:27.113+0200] {processor.py:179} INFO - Processing /home/frederic/airflow_venv/lib/python3.10/site-packages/airflow/example_dags/example_task_group_decorator.py took 0.065 seconds
[2026-05-29T01:45:12.749+0200] {processor.py:157} INFO - Started process (PID=605291) to work on /home/frederic/airflow_venv/lib/python3.10/site-packages/airflow/example_dags/example_task_group_decorator.py
[2026-05-29T01:45:12.749+0200] {processor.py:829} INFO - Processing file /home/frederic/airflow_venv/lib/python3.10/site-packages/airflow/example_dags/example_task_group_decorator.py for tasks to queue
[2026-05-29T01:45:12.750+0200] {logging_mixin.py:151} INFO - [2026-05-29T01:45:12.750+0200] {dagbag.py:539} INFO - Filling up the DagBag from /home/frederic/airflow_venv/lib/python3.10/site-packages/airflow/example_dags/example_task_group_decorator.py
[2026-05-29T01:45:12.763+0200] {processor.py:839} INFO - DAG(s) dict_keys(['example_task_group_decorator']) retrieved from /home/frederic/airflow_venv/lib/python3.10/site-packages/airflow/example_dags/example_task_group_decorator.py
[2026-05-29T01:45:12.780+0200] {logging_mixin.py:151} INFO - [2026-05-29T01:45:12.779+0200] {dag.py:2915} INFO - Sync 1 DAGs
[2026-05-29T01:45:12.796+0200] {logging_mixin.py:151} INFO - [2026-05-29T01:45:12.796+0200] {dag.py:3696} INFO - Setting next_dagrun for example_task_group_decorator to 2026-05-27T23:45:12.796223+00:00, run_after=2026-05-28T23:45:12.796223+00:00
[2026-05-29T01:45:12.813+0200] {processor.py:179} INFO - Processing /home/frederic/airflow_venv/lib/python3.10/site-packages/airflow/example_dags/example_task_group_decorator.py took 0.067 seconds
[2026-05-29T01:46:05.782+0200] {processor.py:157} INFO - Started process (PID=607679) to work on /home/frederic/airflow_venv/lib/python3.10/site-packages/airflow/example_dags/example_task_group_decorator.py
[2026-05-29T01:46:05.782+0200] {processor.py:829} INFO - Processing file /home/frederic/airflow_venv/lib/python3.10/site-packages/airflow/example_dags/example_task_group_decorator.py for tasks to queue
[2026-05-29T01:46:05.783+0200] {logging_mixin.py:151} INFO - [2026-05-29T01:46:05.783+0200] {dagbag.py:539} INFO - Filling up the DagBag from /home/frederic/airflow_venv/lib/python3.10/site-packages/airflow/example_dags/example_task_group_decorator.py
[2026-05-29T01:46:05.798+0200] {processor.py:839} INFO - DAG(s) dict_keys(['example_task_group_decorator']) retrieved from /home/frederic/airflow_venv/lib/python3.10/site-packages/airflow/example_dags/example_task_group_decorator.py
[2026-05-29T01:46:05.814+0200] {logging_mixin.py:151} INFO - [2026-05-29T01:46:05.814+0200] {dag.py:2915} INFO - Sync 1 DAGs
[2026-05-29T01:46:05.830+0200] {logging_mixin.py:151} INFO - [2026-05-29T01:46:05.830+0200] {dag.py:3696} INFO - Setting next_dagrun for example_task_group_decorator to 2026-05-27T23:46:05.830550+00:00, run_after=2026-05-28T23:46:05.830550+00:00
[2026-05-29T01:46:05.849+0200] {processor.py:179} INFO - Processing /home/frederic/airflow_venv/lib/python3.10/site-packages/airflow/example_dags/example_task_group_decorator.py took 0.070 seconds
[2026-05-29T01:46:51.270+0200] {processor.py:157} INFO - Started process (PID=609398) to work on /home/frederic/airflow_venv/lib/python3.10/site-packages/airflow/example_dags/example_task_group_decorator.py
[2026-05-29T01:46:51.274+0200] {processor.py:829} INFO - Processing file /home/frederic/airflow_venv/lib/python3.10/site-packages/airflow/example_dags/example_task_group_decorator.py for tasks to queue
[2026-05-29T01:46:51.275+0200] {logging_mixin.py:151} INFO - [2026-05-29T01:46:51.274+0200] {dagbag.py:539} INFO - Filling up the DagBag from /home/frederic/airflow_venv/lib/python3.10/site-packages/airflow/example_dags/example_task_group_decorator.py
[2026-05-29T01:46:51.287+0200] {processor.py:839} INFO - DAG(s) dict_keys(['example_task_group_decorator']) retrieved from /home/frederic/airflow_venv/lib/python3.10/site-packages/airflow/example_dags/example_task_group_decorator.py
[2026-05-29T01:46:51.304+0200] {logging_mixin.py:151} INFO - [2026-05-29T01:46:51.304+0200] {dag.py:2915} INFO - Sync 1 DAGs
[2026-05-29T01:46:51.321+0200] {logging_mixin.py:151} INFO - [2026-05-29T01:46:51.320+0200] {dag.py:3696} INFO - Setting next_dagrun for example_task_group_decorator to 2026-05-27T23:46:51.320648+00:00, run_after=2026-05-28T23:46:51.320648+00:00
[2026-05-29T01:46:51.338+0200] {processor.py:179} INFO - Processing /home/frederic/airflow_venv/lib/python3.10/site-packages/airflow/example_dags/example_task_group_decorator.py took 0.070 seconds
[2026-05-29T01:47:35.459+0200] {processor.py:157} INFO - Started process (PID=610527) to work on /home/frederic/airflow_venv/lib/python3.10/site-packages/airflow/example_dags/example_task_group_decorator.py
[2026-05-29T01:47:35.463+0200] {processor.py:829} INFO - Processing file /home/frederic/airflow_venv/lib/python3.10/site-packages/airflow/example_dags/example_task_group_decorator.py for tasks to queue
[2026-05-29T01:47:35.464+0200] {logging_mixin.py:151} INFO - [2026-05-29T01:47:35.463+0200] {dagbag.py:539} INFO - Filling up the DagBag from /home/frederic/airflow_venv/lib/python3.10/site-packages/airflow/example_dags/example_task_group_decorator.py
[2026-05-29T01:47:35.482+0200] {processor.py:839} INFO - DAG(s) dict_keys(['example_task_group_decorator']) retrieved from /home/frederic/airflow_venv/lib/python3.10/site-packages/airflow/example_dags/example_task_group_decorator.py
[2026-05-29T01:47:35.501+0200] {logging_mixin.py:151} INFO - [2026-05-29T01:47:35.501+0200] {dag.py:2915} INFO - Sync 1 DAGs
[2026-05-29T01:47:35.519+0200] {logging_mixin.py:151} INFO - [2026-05-29T01:47:35.519+0200] {dag.py:3696} INFO - Setting next_dagrun for example_task_group_decorator to 2026-05-27T23:47:35.518815+00:00, run_after=2026-05-28T23:47:35.518815+00:00
[2026-05-29T01:47:35.539+0200] {processor.py:179} INFO - Processing /home/frederic/airflow_venv/lib/python3.10/site-packages/airflow/example_dags/example_task_group_decorator.py took 0.082 seconds
[2026-05-29T01:48:19.741+0200] {processor.py:157} INFO - Started process (PID=611933) to work on /home/frederic/airflow_venv/lib/python3.10/site-packages/airflow/example_dags/example_task_group_decorator.py
[2026-05-29T01:48:19.743+0200] {processor.py:829} INFO - Processing file /home/frederic/airflow_venv/lib/python3.10/site-packages/airflow/example_dags/example_task_group_decorator.py for tasks to queue
[2026-05-29T01:48:19.744+0200] {logging_mixin.py:151} INFO - [2026-05-29T01:48:19.744+0200] {dagbag.py:539} INFO - Filling up the DagBag from /home/frederic/airflow_venv/lib/python3.10/site-packages/airflow/example_dags/example_task_group_decorator.py
[2026-05-29T01:48:19.766+0200] {processor.py:839} INFO - DAG(s) dict_keys(['example_task_group_decorator']) retrieved from /home/frederic/airflow_venv/lib/python3.10/site-packages/airflow/example_dags/example_task_group_decorator.py
[2026-05-29T01:48:19.790+0200] {logging_mixin.py:151} INFO - [2026-05-29T01:48:19.790+0200] {dag.py:2915} INFO - Sync 1 DAGs
[2026-05-29T01:48:19.815+0200] {logging_mixin.py:151} INFO - [2026-05-29T01:48:19.814+0200] {dag.py:3696} INFO - Setting next_dagrun for example_task_group_decorator to 2026-05-27T23:48:19.814435+00:00, run_after=2026-05-28T23:48:19.814435+00:00
[2026-05-29T01:48:19.841+0200] {processor.py:179} INFO - Processing /home/frederic/airflow_venv/lib/python3.10/site-packages/airflow/example_dags/example_task_group_decorator.py took 0.104 seconds
[2026-05-29T01:49:03.937+0200] {processor.py:157} INFO - Started process (PID=613039) to work on /home/frederic/airflow_venv/lib/python3.10/site-packages/airflow/example_dags/example_task_group_decorator.py
[2026-05-29T01:49:03.938+0200] {processor.py:829} INFO - Processing file /home/frederic/airflow_venv/lib/python3.10/site-packages/airflow/example_dags/example_task_group_decorator.py for tasks to queue
[2026-05-29T01:49:03.939+0200] {logging_mixin.py:151} INFO - [2026-05-29T01:49:03.938+0200] {dagbag.py:539} INFO - Filling up the DagBag from /home/frederic/airflow_venv/lib/python3.10/site-packages/airflow/example_dags/example_task_group_decorator.py
[2026-05-29T01:49:03.951+0200] {processor.py:839} INFO - DAG(s) dict_keys(['example_task_group_decorator']) retrieved from /home/frederic/airflow_venv/lib/python3.10/site-packages/airflow/example_dags/example_task_group_decorator.py
[2026-05-29T01:49:03.967+0200] {logging_mixin.py:151} INFO - [2026-05-29T01:49:03.967+0200] {dag.py:2915} INFO - Sync 1 DAGs
[2026-05-29T01:49:03.982+0200] {logging_mixin.py:151} INFO - [2026-05-29T01:49:03.982+0200] {dag.py:3696} INFO - Setting next_dagrun for example_task_group_decorator to 2026-05-27T23:49:03.982042+00:00, run_after=2026-05-28T23:49:03.982042+00:00
[2026-05-29T01:49:03.997+0200] {processor.py:179} INFO - Processing /home/frederic/airflow_venv/lib/python3.10/site-packages/airflow/example_dags/example_task_group_decorator.py took 0.062 seconds
[2026-05-29T01:49:47.757+0200] {processor.py:157} INFO - Started process (PID=614259) to work on /home/frederic/airflow_venv/lib/python3.10/site-packages/airflow/example_dags/example_task_group_decorator.py
[2026-05-29T01:49:47.758+0200] {processor.py:829} INFO - Processing file /home/frederic/airflow_venv/lib/python3.10/site-packages/airflow/example_dags/example_task_group_decorator.py for tasks to queue
[2026-05-29T01:49:47.758+0200] {logging_mixin.py:151} INFO - [2026-05-29T01:49:47.758+0200] {dagbag.py:539} INFO - Filling up the DagBag from /home/frederic/airflow_venv/lib/python3.10/site-packages/airflow/example_dags/example_task_group_decorator.py
[2026-05-29T01:49:47.772+0200] {processor.py:839} INFO - DAG(s) dict_keys(['example_task_group_decorator']) retrieved from /home/frederic/airflow_venv/lib/python3.10/site-packages/airflow/example_dags/example_task_group_decorator.py
[2026-05-29T01:49:47.788+0200] {logging_mixin.py:151} INFO - [2026-05-29T01:49:47.788+0200] {dag.py:2915} INFO - Sync 1 DAGs
[2026-05-29T01:49:47.805+0200] {logging_mixin.py:151} INFO - [2026-05-29T01:49:47.804+0200] {dag.py:3696} INFO - Setting next_dagrun for example_task_group_decorator to 2026-05-27T23:49:47.804760+00:00, run_after=2026-05-28T23:49:47.804760+00:00
[2026-05-29T01:49:47.819+0200] {processor.py:179} INFO - Processing /home/frederic/airflow_venv/lib/python3.10/site-packages/airflow/example_dags/example_task_group_decorator.py took 0.065 seconds
[2026-05-29T01:50:27.353+0200] {processor.py:157} INFO - Started process (PID=615245) to work on /home/frederic/airflow_venv/lib/python3.10/site-packages/airflow/example_dags/example_task_group_decorator.py
[2026-05-29T01:50:27.354+0200] {processor.py:829} INFO - Processing file /home/frederic/airflow_venv/lib/python3.10/site-packages/airflow/example_dags/example_task_group_decorator.py for tasks to queue
[2026-05-29T01:50:27.355+0200] {logging_mixin.py:151} INFO - [2026-05-29T01:50:27.355+0200] {dagbag.py:539} INFO - Filling up the DagBag from /home/frederic/airflow_venv/lib/python3.10/site-packages/airflow/example_dags/example_task_group_decorator.py
[2026-05-29T01:50:27.372+0200] {processor.py:839} INFO - DAG(s) dict_keys(['example_task_group_decorator']) retrieved from /home/frederic/airflow_venv/lib/python3.10/site-packages/airflow/example_dags/example_task_group_decorator.py
[2026-05-29T01:50:27.392+0200] {logging_mixin.py:151} INFO - [2026-05-29T01:50:27.391+0200] {dag.py:2915} INFO - Sync 1 DAGs
[2026-05-29T01:50:27.411+0200] {logging_mixin.py:151} INFO - [2026-05-29T01:50:27.411+0200] {dag.py:3696} INFO - Setting next_dagrun for example_task_group_decorator to 2026-05-27T23:50:27.411139+00:00, run_after=2026-05-28T23:50:27.411139+00:00
[2026-05-29T01:50:27.427+0200] {processor.py:179} INFO - Processing /home/frederic/airflow_venv/lib/python3.10/site-packages/airflow/example_dags/example_task_group_decorator.py took 0.079 seconds
[2026-05-29T01:51:07.603+0200] {processor.py:157} INFO - Started process (PID=616438) to work on /home/frederic/airflow_venv/lib/python3.10/site-packages/airflow/example_dags/example_task_group_decorator.py
[2026-05-29T01:51:07.604+0200] {processor.py:829} INFO - Processing file /home/frederic/airflow_venv/lib/python3.10/site-packages/airflow/example_dags/example_task_group_decorator.py for tasks to queue
[2026-05-29T01:51:07.605+0200] {logging_mixin.py:151} INFO - [2026-05-29T01:51:07.605+0200] {dagbag.py:539} INFO - Filling up the DagBag from /home/frederic/airflow_venv/lib/python3.10/site-packages/airflow/example_dags/example_task_group_decorator.py
[2026-05-29T01:51:07.635+0200] {processor.py:839} INFO - DAG(s) dict_keys(['example_task_group_decorator']) retrieved from /home/frederic/airflow_venv/lib/python3.10/site-packages/airflow/example_dags/example_task_group_decorator.py
[2026-05-29T01:51:07.667+0200] {logging_mixin.py:151} INFO - [2026-05-29T01:51:07.667+0200] {dag.py:2915} INFO - Sync 1 DAGs
[2026-05-29T01:51:07.688+0200] {logging_mixin.py:151} INFO - [2026-05-29T01:51:07.688+0200] {dag.py:3696} INFO - Setting next_dagrun for example_task_group_decorator to 2026-05-27T23:51:07.688051+00:00, run_after=2026-05-28T23:51:07.688051+00:00
[2026-05-29T01:51:07.702+0200] {processor.py:179} INFO - Processing /home/frederic/airflow_venv/lib/python3.10/site-packages/airflow/example_dags/example_task_group_decorator.py took 0.103 seconds
[2026-05-29T01:51:59.301+0200] {processor.py:157} INFO - Started process (PID=617833) to work on /home/frederic/airflow_venv/lib/python3.10/site-packages/airflow/example_dags/example_task_group_decorator.py
[2026-05-29T01:51:59.304+0200] {processor.py:829} INFO - Processing file /home/frederic/airflow_venv/lib/python3.10/site-packages/airflow/example_dags/example_task_group_decorator.py for tasks to queue
[2026-05-29T01:51:59.305+0200] {logging_mixin.py:151} INFO - [2026-05-29T01:51:59.305+0200] {dagbag.py:539} INFO - Filling up the DagBag from /home/frederic/airflow_venv/lib/python3.10/site-packages/airflow/example_dags/example_task_group_decorator.py
[2026-05-29T01:51:59.324+0200] {processor.py:839} INFO - DAG(s) dict_keys(['example_task_group_decorator']) retrieved from /home/frederic/airflow_venv/lib/python3.10/site-packages/airflow/example_dags/example_task_group_decorator.py
[2026-05-29T01:51:59.349+0200] {logging_mixin.py:151} INFO - [2026-05-29T01:51:59.349+0200] {dag.py:2915} INFO - Sync 1 DAGs
[2026-05-29T01:51:59.376+0200] {logging_mixin.py:151} INFO - [2026-05-29T01:51:59.376+0200] {dag.py:3696} INFO - Setting next_dagrun for example_task_group_decorator to 2026-05-27T23:51:59.376107+00:00, run_after=2026-05-28T23:51:59.376107+00:00
[2026-05-29T01:51:59.400+0200] {processor.py:179} INFO - Processing /home/frederic/airflow_venv/lib/python3.10/site-packages/airflow/example_dags/example_task_group_decorator.py took 0.104 seconds
[2026-05-29T01:52:48.040+0200] {processor.py:157} INFO - Started process (PID=619452) to work on /home/frederic/airflow_venv/lib/python3.10/site-packages/airflow/example_dags/example_task_group_decorator.py
[2026-05-29T01:52:48.041+0200] {processor.py:829} INFO - Processing file /home/frederic/airflow_venv/lib/python3.10/site-packages/airflow/example_dags/example_task_group_decorator.py for tasks to queue
[2026-05-29T01:52:48.042+0200] {logging_mixin.py:151} INFO - [2026-05-29T01:52:48.042+0200] {dagbag.py:539} INFO - Filling up the DagBag from /home/frederic/airflow_venv/lib/python3.10/site-packages/airflow/example_dags/example_task_group_decorator.py
[2026-05-29T01:52:48.057+0200] {processor.py:839} INFO - DAG(s) dict_keys(['example_task_group_decorator']) retrieved from /home/frederic/airflow_venv/lib/python3.10/site-packages/airflow/example_dags/example_task_group_decorator.py
[2026-05-29T01:52:48.074+0200] {logging_mixin.py:151} INFO - [2026-05-29T01:52:48.073+0200] {dag.py:2915} INFO - Sync 1 DAGs
[2026-05-29T01:52:48.091+0200] {logging_mixin.py:151} INFO - [2026-05-29T01:52:48.090+0200] {dag.py:3696} INFO - Setting next_dagrun for example_task_group_decorator to 2026-05-27T23:52:48.090675+00:00, run_after=2026-05-28T23:52:48.090675+00:00
[2026-05-29T01:52:48.108+0200] {processor.py:179} INFO - Processing /home/frederic/airflow_venv/lib/python3.10/site-packages/airflow/example_dags/example_task_group_decorator.py took 0.071 seconds
[2026-05-29T01:53:32.717+0200] {processor.py:157} INFO - Started process (PID=620632) to work on /home/frederic/airflow_venv/lib/python3.10/site-packages/airflow/example_dags/example_task_group_decorator.py
[2026-05-29T01:53:32.721+0200] {processor.py:829} INFO - Processing file /home/frederic/airflow_venv/lib/python3.10/site-packages/airflow/example_dags/example_task_group_decorator.py for tasks to queue
[2026-05-29T01:53:32.722+0200] {logging_mixin.py:151} INFO - [2026-05-29T01:53:32.721+0200] {dagbag.py:539} INFO - Filling up the DagBag from /home/frederic/airflow_venv/lib/python3.10/site-packages/airflow/example_dags/example_task_group_decorator.py
[2026-05-29T01:53:32.736+0200] {processor.py:839} INFO - DAG(s) dict_keys(['example_task_group_decorator']) retrieved from /home/frederic/airflow_venv/lib/python3.10/site-packages/airflow/example_dags/example_task_group_decorator.py
[2026-05-29T01:53:32.751+0200] {logging_mixin.py:151} INFO - [2026-05-29T01:53:32.751+0200] {dag.py:2915} INFO - Sync 1 DAGs
[2026-05-29T01:53:32.767+0200] {logging_mixin.py:151} INFO - [2026-05-29T01:53:32.767+0200] {dag.py:3696} INFO - Setting next_dagrun for example_task_group_decorator to 2026-05-27T23:53:32.767437+00:00, run_after=2026-05-28T23:53:32.767437+00:00
[2026-05-29T01:53:32.784+0200] {processor.py:179} INFO - Processing /home/frederic/airflow_venv/lib/python3.10/site-packages/airflow/example_dags/example_task_group_decorator.py took 0.069 seconds
[2026-05-29T01:54:20.529+0200] {processor.py:157} INFO - Started process (PID=621868) to work on /home/frederic/airflow_venv/lib/python3.10/site-packages/airflow/example_dags/example_task_group_decorator.py
[2026-05-29T01:54:20.530+0200] {processor.py:829} INFO - Processing file /home/frederic/airflow_venv/lib/python3.10/site-packages/airflow/example_dags/example_task_group_decorator.py for tasks to queue
[2026-05-29T01:54:20.531+0200] {logging_mixin.py:151} INFO - [2026-05-29T01:54:20.530+0200] {dagbag.py:539} INFO - Filling up the DagBag from /home/frederic/airflow_venv/lib/python3.10/site-packages/airflow/example_dags/example_task_group_decorator.py
[2026-05-29T01:54:20.544+0200] {processor.py:839} INFO - DAG(s) dict_keys(['example_task_group_decorator']) retrieved from /home/frederic/airflow_venv/lib/python3.10/site-packages/airflow/example_dags/example_task_group_decorator.py
[2026-05-29T01:54:20.562+0200] {logging_mixin.py:151} INFO - [2026-05-29T01:54:20.562+0200] {dag.py:2915} INFO - Sync 1 DAGs
[2026-05-29T01:54:20.583+0200] {logging_mixin.py:151} INFO - [2026-05-29T01:54:20.583+0200] {dag.py:3696} INFO - Setting next_dagrun for example_task_group_decorator to 2026-05-27T23:54:20.583360+00:00, run_after=2026-05-28T23:54:20.583360+00:00
[2026-05-29T01:54:20.598+0200] {processor.py:179} INFO - Processing /home/frederic/airflow_venv/lib/python3.10/site-packages/airflow/example_dags/example_task_group_decorator.py took 0.071 seconds
[2026-05-29T01:55:04.210+0200] {processor.py:157} INFO - Started process (PID=623572) to work on /home/frederic/airflow_venv/lib/python3.10/site-packages/airflow/example_dags/example_task_group_decorator.py
[2026-05-29T01:55:04.215+0200] {processor.py:829} INFO - Processing file /home/frederic/airflow_venv/lib/python3.10/site-packages/airflow/example_dags/example_task_group_decorator.py for tasks to queue
[2026-05-29T01:55:04.215+0200] {logging_mixin.py:151} INFO - [2026-05-29T01:55:04.215+0200] {dagbag.py:539} INFO - Filling up the DagBag from /home/frederic/airflow_venv/lib/python3.10/site-packages/airflow/example_dags/example_task_group_decorator.py
[2026-05-29T01:55:04.231+0200] {processor.py:839} INFO - DAG(s) dict_keys(['example_task_group_decorator']) retrieved from /home/frederic/airflow_venv/lib/python3.10/site-packages/airflow/example_dags/example_task_group_decorator.py
[2026-05-29T01:55:04.249+0200] {logging_mixin.py:151} INFO - [2026-05-29T01:55:04.249+0200] {dag.py:2915} INFO - Sync 1 DAGs
[2026-05-29T01:55:04.269+0200] {logging_mixin.py:151} INFO - [2026-05-29T01:55:04.269+0200] {dag.py:3696} INFO - Setting next_dagrun for example_task_group_decorator to 2026-05-27T23:55:04.268218+00:00, run_after=2026-05-28T23:55:04.268218+00:00
[2026-05-29T01:55:04.284+0200] {processor.py:179} INFO - Processing /home/frederic/airflow_venv/lib/python3.10/site-packages/airflow/example_dags/example_task_group_decorator.py took 0.076 seconds
[2026-05-29T01:55:33.522+0200] {processor.py:157} INFO - Started process (PID=624510) to work on /home/frederic/airflow_venv/lib/python3.10/site-packages/airflow/example_dags/example_task_group_decorator.py
[2026-05-29T01:55:33.523+0200] {processor.py:829} INFO - Processing file /home/frederic/airflow_venv/lib/python3.10/site-packages/airflow/example_dags/example_task_group_decorator.py for tasks to queue
[2026-05-29T01:55:33.523+0200] {logging_mixin.py:151} INFO - [2026-05-29T01:55:33.523+0200] {dagbag.py:539} INFO - Filling up the DagBag from /home/frederic/airflow_venv/lib/python3.10/site-packages/airflow/example_dags/example_task_group_decorator.py
[2026-05-29T01:55:33.538+0200] {processor.py:839} INFO - DAG(s) dict_keys(['example_task_group_decorator']) retrieved from /home/frederic/airflow_venv/lib/python3.10/site-packages/airflow/example_dags/example_task_group_decorator.py
[2026-05-29T01:55:33.544+0200] {logging_mixin.py:151} INFO - [2026-05-29T01:55:33.543+0200] {dag.py:2915} INFO - Sync 1 DAGs
[2026-05-29T01:55:33.561+0200] {logging_mixin.py:151} INFO - [2026-05-29T01:55:33.561+0200] {dag.py:3696} INFO - Setting next_dagrun for example_task_group_decorator to 2026-05-27T23:55:33.561119+00:00, run_after=2026-05-28T23:55:33.561119+00:00
[2026-05-29T01:55:33.578+0200] {processor.py:179} INFO - Processing /home/frederic/airflow_venv/lib/python3.10/site-packages/airflow/example_dags/example_task_group_decorator.py took 0.058 seconds
[2026-05-29T01:55:52.789+0200] {processor.py:157} INFO - Started process (PID=625024) to work on /home/frederic/airflow_venv/lib/python3.10/site-packages/airflow/example_dags/example_task_group_decorator.py
[2026-05-29T01:55:52.790+0200] {processor.py:829} INFO - Processing file /home/frederic/airflow_venv/lib/python3.10/site-packages/airflow/example_dags/example_task_group_decorator.py for tasks to queue
[2026-05-29T01:55:52.792+0200] {logging_mixin.py:151} INFO - [2026-05-29T01:55:52.791+0200] {dagbag.py:539} INFO - Filling up the DagBag from /home/frederic/airflow_venv/lib/python3.10/site-packages/airflow/example_dags/example_task_group_decorator.py
[2026-05-29T01:55:52.808+0200] {processor.py:839} INFO - DAG(s) dict_keys(['example_task_group_decorator']) retrieved from /home/frederic/airflow_venv/lib/python3.10/site-packages/airflow/example_dags/example_task_group_decorator.py
[2026-05-29T01:55:52.830+0200] {logging_mixin.py:151} INFO - [2026-05-29T01:55:52.830+0200] {dag.py:2915} INFO - Sync 1 DAGs
[2026-05-29T01:55:52.854+0200] {logging_mixin.py:151} INFO - [2026-05-29T01:55:52.854+0200] {dag.py:3696} INFO - Setting next_dagrun for example_task_group_decorator to 2026-05-27T23:55:52.854082+00:00, run_after=2026-05-28T23:55:52.854082+00:00
[2026-05-29T01:55:52.877+0200] {processor.py:179} INFO - Processing /home/frederic/airflow_venv/lib/python3.10/site-packages/airflow/example_dags/example_task_group_decorator.py took 0.092 seconds
[2026-05-29T01:56:23.942+0200] {processor.py:157} INFO - Started process (PID=626170) to work on /home/frederic/airflow_venv/lib/python3.10/site-packages/airflow/example_dags/example_task_group_decorator.py
[2026-05-29T01:56:23.942+0200] {processor.py:829} INFO - Processing file /home/frederic/airflow_venv/lib/python3.10/site-packages/airflow/example_dags/example_task_group_decorator.py for tasks to queue
[2026-05-29T01:56:23.943+0200] {logging_mixin.py:151} INFO - [2026-05-29T01:56:23.943+0200] {dagbag.py:539} INFO - Filling up the DagBag from /home/frederic/airflow_venv/lib/python3.10/site-packages/airflow/example_dags/example_task_group_decorator.py
[2026-05-29T01:56:23.956+0200] {processor.py:839} INFO - DAG(s) dict_keys(['example_task_group_decorator']) retrieved from /home/frederic/airflow_venv/lib/python3.10/site-packages/airflow/example_dags/example_task_group_decorator.py
[2026-05-29T01:56:23.973+0200] {logging_mixin.py:151} INFO - [2026-05-29T01:56:23.972+0200] {dag.py:2915} INFO - Sync 1 DAGs
[2026-05-29T01:56:23.989+0200] {logging_mixin.py:151} INFO - [2026-05-29T01:56:23.989+0200] {dag.py:3696} INFO - Setting next_dagrun for example_task_group_decorator to 2026-05-27T23:56:23.989096+00:00, run_after=2026-05-28T23:56:23.989096+00:00
[2026-05-29T01:56:24.005+0200] {processor.py:179} INFO - Processing /home/frederic/airflow_venv/lib/python3.10/site-packages/airflow/example_dags/example_task_group_decorator.py took 0.065 seconds
[2026-05-29T01:56:35.813+0200] {processor.py:157} INFO - Started process (PID=626481) to work on /home/frederic/airflow_venv/lib/python3.10/site-packages/airflow/example_dags/example_task_group_decorator.py
[2026-05-29T01:56:35.814+0200] {processor.py:829} INFO - Processing file /home/frederic/airflow_venv/lib/python3.10/site-packages/airflow/example_dags/example_task_group_decorator.py for tasks to queue
[2026-05-29T01:56:35.815+0200] {logging_mixin.py:151} INFO - [2026-05-29T01:56:35.814+0200] {dagbag.py:539} INFO - Filling up the DagBag from /home/frederic/airflow_venv/lib/python3.10/site-packages/airflow/example_dags/example_task_group_decorator.py
[2026-05-29T01:56:35.829+0200] {processor.py:839} INFO - DAG(s) dict_keys(['example_task_group_decorator']) retrieved from /home/frederic/airflow_venv/lib/python3.10/site-packages/airflow/example_dags/example_task_group_decorator.py
[2026-05-29T01:56:35.846+0200] {logging_mixin.py:151} INFO - [2026-05-29T01:56:35.845+0200] {dag.py:2915} INFO - Sync 1 DAGs
[2026-05-29T01:56:35.865+0200] {logging_mixin.py:151} INFO - [2026-05-29T01:56:35.865+0200] {dag.py:3696} INFO - Setting next_dagrun for example_task_group_decorator to 2026-05-27T23:56:35.864924+00:00, run_after=2026-05-28T23:56:35.864924+00:00
[2026-05-29T01:56:35.879+0200] {processor.py:179} INFO - Processing /home/frederic/airflow_venv/lib/python3.10/site-packages/airflow/example_dags/example_task_group_decorator.py took 0.069 seconds
[2026-05-29T01:57:11.471+0200] {processor.py:157} INFO - Started process (PID=627533) to work on /home/frederic/airflow_venv/lib/python3.10/site-packages/airflow/example_dags/example_task_group_decorator.py
[2026-05-29T01:57:11.472+0200] {processor.py:829} INFO - Processing file /home/frederic/airflow_venv/lib/python3.10/site-packages/airflow/example_dags/example_task_group_decorator.py for tasks to queue
[2026-05-29T01:57:11.473+0200] {logging_mixin.py:151} INFO - [2026-05-29T01:57:11.473+0200] {dagbag.py:539} INFO - Filling up the DagBag from /home/frederic/airflow_venv/lib/python3.10/site-packages/airflow/example_dags/example_task_group_decorator.py
[2026-05-29T01:57:11.489+0200] {processor.py:839} INFO - DAG(s) dict_keys(['example_task_group_decorator']) retrieved from /home/frederic/airflow_venv/lib/python3.10/site-packages/airflow/example_dags/example_task_group_decorator.py
[2026-05-29T01:57:11.508+0200] {logging_mixin.py:151} INFO - [2026-05-29T01:57:11.508+0200] {dag.py:2915} INFO - Sync 1 DAGs
[2026-05-29T01:57:11.527+0200] {logging_mixin.py:151} INFO - [2026-05-29T01:57:11.527+0200] {dag.py:3696} INFO - Setting next_dagrun for example_task_group_decorator to 2026-05-27T23:57:11.527122+00:00, run_after=2026-05-28T23:57:11.527122+00:00
[2026-05-29T01:57:11.542+0200] {processor.py:179} INFO - Processing /home/frederic/airflow_venv/lib/python3.10/site-packages/airflow/example_dags/example_task_group_decorator.py took 0.073 seconds
[2026-05-29T01:57:12.936+0200] {processor.py:157} INFO - Started process (PID=627576) to work on /home/frederic/airflow_venv/lib/python3.10/site-packages/airflow/example_dags/example_task_group_decorator.py
[2026-05-29T01:57:12.937+0200] {processor.py:829} INFO - Processing file /home/frederic/airflow_venv/lib/python3.10/site-packages/airflow/example_dags/example_task_group_decorator.py for tasks to queue
[2026-05-29T01:57:12.937+0200] {logging_mixin.py:151} INFO - [2026-05-29T01:57:12.937+0200] {dagbag.py:539} INFO - Filling up the DagBag from /home/frederic/airflow_venv/lib/python3.10/site-packages/airflow/example_dags/example_task_group_decorator.py
[2026-05-29T01:57:12.952+0200] {processor.py:839} INFO - DAG(s) dict_keys(['example_task_group_decorator']) retrieved from /home/frederic/airflow_venv/lib/python3.10/site-packages/airflow/example_dags/example_task_group_decorator.py
[2026-05-29T01:57:12.973+0200] {logging_mixin.py:151} INFO - [2026-05-29T01:57:12.973+0200] {dag.py:2915} INFO - Sync 1 DAGs
[2026-05-29T01:57:12.993+0200] {logging_mixin.py:151} INFO - [2026-05-29T01:57:12.993+0200] {dag.py:3696} INFO - Setting next_dagrun for example_task_group_decorator to 2026-05-27T23:57:12.992877+00:00, run_after=2026-05-28T23:57:12.992877+00:00
[2026-05-29T01:57:13.011+0200] {processor.py:179} INFO - Processing /home/frederic/airflow_venv/lib/python3.10/site-packages/airflow/example_dags/example_task_group_decorator.py took 0.078 seconds
[2026-05-29T01:57:52.502+0200] {processor.py:157} INFO - Started process (PID=629186) to work on /home/frederic/airflow_venv/lib/python3.10/site-packages/airflow/example_dags/example_task_group_decorator.py
[2026-05-29T01:57:52.503+0200] {processor.py:829} INFO - Processing file /home/frederic/airflow_venv/lib/python3.10/site-packages/airflow/example_dags/example_task_group_decorator.py for tasks to queue
[2026-05-29T01:57:52.504+0200] {logging_mixin.py:151} INFO - [2026-05-29T01:57:52.504+0200] {dagbag.py:539} INFO - Filling up the DagBag from /home/frederic/airflow_venv/lib/python3.10/site-packages/airflow/example_dags/example_task_group_decorator.py
[2026-05-29T01:57:52.520+0200] {processor.py:839} INFO - DAG(s) dict_keys(['example_task_group_decorator']) retrieved from /home/frederic/airflow_venv/lib/python3.10/site-packages/airflow/example_dags/example_task_group_decorator.py
[2026-05-29T01:57:52.542+0200] {logging_mixin.py:151} INFO - [2026-05-29T01:57:52.542+0200] {dag.py:2915} INFO - Sync 1 DAGs
[2026-05-29T01:57:52.563+0200] {logging_mixin.py:151} INFO - [2026-05-29T01:57:52.563+0200] {dag.py:3696} INFO - Setting next_dagrun for example_task_group_decorator to 2026-05-27T23:57:52.562868+00:00, run_after=2026-05-28T23:57:52.562868+00:00
[2026-05-29T01:57:52.585+0200] {processor.py:179} INFO - Processing /home/frederic/airflow_venv/lib/python3.10/site-packages/airflow/example_dags/example_task_group_decorator.py took 0.085 seconds
[2026-05-29T01:58:00.404+0200] {processor.py:157} INFO - Started process (PID=629379) to work on /home/frederic/airflow_venv/lib/python3.10/site-packages/airflow/example_dags/example_task_group_decorator.py
[2026-05-29T01:58:00.405+0200] {processor.py:829} INFO - Processing file /home/frederic/airflow_venv/lib/python3.10/site-packages/airflow/example_dags/example_task_group_decorator.py for tasks to queue
[2026-05-29T01:58:00.406+0200] {logging_mixin.py:151} INFO - [2026-05-29T01:58:00.406+0200] {dagbag.py:539} INFO - Filling up the DagBag from /home/frederic/airflow_venv/lib/python3.10/site-packages/airflow/example_dags/example_task_group_decorator.py
[2026-05-29T01:58:00.425+0200] {processor.py:839} INFO - DAG(s) dict_keys(['example_task_group_decorator']) retrieved from /home/frederic/airflow_venv/lib/python3.10/site-packages/airflow/example_dags/example_task_group_decorator.py
[2026-05-29T01:58:00.448+0200] {logging_mixin.py:151} INFO - [2026-05-29T01:58:00.448+0200] {dag.py:2915} INFO - Sync 1 DAGs
[2026-05-29T01:58:00.468+0200] {logging_mixin.py:151} INFO - [2026-05-29T01:58:00.468+0200] {dag.py:3696} INFO - Setting next_dagrun for example_task_group_decorator to 2026-05-27T23:58:00.467789+00:00, run_after=2026-05-28T23:58:00.467789+00:00
[2026-05-29T01:58:00.489+0200] {processor.py:179} INFO - Processing /home/frederic/airflow_venv/lib/python3.10/site-packages/airflow/example_dags/example_task_group_decorator.py took 0.090 seconds
[2026-05-29T01:58:46.487+0200] {processor.py:157} INFO - Started process (PID=631073) to work on /home/frederic/airflow_venv/lib/python3.10/site-packages/airflow/example_dags/example_task_group_decorator.py
[2026-05-29T01:58:46.488+0200] {processor.py:829} INFO - Processing file /home/frederic/airflow_venv/lib/python3.10/site-packages/airflow/example_dags/example_task_group_decorator.py for tasks to queue
[2026-05-29T01:58:46.488+0200] {logging_mixin.py:151} INFO - [2026-05-29T01:58:46.488+0200] {dagbag.py:539} INFO - Filling up the DagBag from /home/frederic/airflow_venv/lib/python3.10/site-packages/airflow/example_dags/example_task_group_decorator.py
[2026-05-29T01:58:46.510+0200] {processor.py:839} INFO - DAG(s) dict_keys(['example_task_group_decorator']) retrieved from /home/frederic/airflow_venv/lib/python3.10/site-packages/airflow/example_dags/example_task_group_decorator.py
[2026-05-29T01:58:46.530+0200] {logging_mixin.py:151} INFO - [2026-05-29T01:58:46.530+0200] {dag.py:2915} INFO - Sync 1 DAGs
[2026-05-29T01:58:46.547+0200] {logging_mixin.py:151} INFO - [2026-05-29T01:58:46.547+0200] {dag.py:3696} INFO - Setting next_dagrun for example_task_group_decorator to 2026-05-27T23:58:46.546912+00:00, run_after=2026-05-28T23:58:46.546912+00:00
[2026-05-29T01:58:46.562+0200] {processor.py:179} INFO - Processing /home/frederic/airflow_venv/lib/python3.10/site-packages/airflow/example_dags/example_task_group_decorator.py took 0.078 seconds
[2026-05-29T01:58:48.940+0200] {processor.py:157} INFO - Started process (PID=631175) to work on /home/frederic/airflow_venv/lib/python3.10/site-packages/airflow/example_dags/example_task_group_decorator.py
[2026-05-29T01:58:48.941+0200] {processor.py:829} INFO - Processing file /home/frederic/airflow_venv/lib/python3.10/site-packages/airflow/example_dags/example_task_group_decorator.py for tasks to queue
[2026-05-29T01:58:48.941+0200] {logging_mixin.py:151} INFO - [2026-05-29T01:58:48.941+0200] {dagbag.py:539} INFO - Filling up the DagBag from /home/frederic/airflow_venv/lib/python3.10/site-packages/airflow/example_dags/example_task_group_decorator.py
[2026-05-29T01:58:48.957+0200] {processor.py:839} INFO - DAG(s) dict_keys(['example_task_group_decorator']) retrieved from /home/frederic/airflow_venv/lib/python3.10/site-packages/airflow/example_dags/example_task_group_decorator.py
[2026-05-29T01:58:48.975+0200] {logging_mixin.py:151} INFO - [2026-05-29T01:58:48.975+0200] {dag.py:2915} INFO - Sync 1 DAGs
[2026-05-29T01:58:48.992+0200] {logging_mixin.py:151} INFO - [2026-05-29T01:58:48.992+0200] {dag.py:3696} INFO - Setting next_dagrun for example_task_group_decorator to 2026-05-27T23:58:48.992311+00:00, run_after=2026-05-28T23:58:48.992311+00:00
[2026-05-29T01:58:49.008+0200] {processor.py:179} INFO - Processing /home/frederic/airflow_venv/lib/python3.10/site-packages/airflow/example_dags/example_task_group_decorator.py took 0.070 seconds
[2026-05-29T01:59:23.821+0200] {processor.py:157} INFO - Started process (PID=632179) to work on /home/frederic/airflow_venv/lib/python3.10/site-packages/airflow/example_dags/example_task_group_decorator.py
[2026-05-29T01:59:23.822+0200] {processor.py:829} INFO - Processing file /home/frederic/airflow_venv/lib/python3.10/site-packages/airflow/example_dags/example_task_group_decorator.py for tasks to queue
[2026-05-29T01:59:23.823+0200] {logging_mixin.py:151} INFO - [2026-05-29T01:59:23.823+0200] {dagbag.py:539} INFO - Filling up the DagBag from /home/frederic/airflow_venv/lib/python3.10/site-packages/airflow/example_dags/example_task_group_decorator.py
[2026-05-29T01:59:23.837+0200] {processor.py:839} INFO - DAG(s) dict_keys(['example_task_group_decorator']) retrieved from /home/frederic/airflow_venv/lib/python3.10/site-packages/airflow/example_dags/example_task_group_decorator.py
[2026-05-29T01:59:23.854+0200] {logging_mixin.py:151} INFO - [2026-05-29T01:59:23.854+0200] {dag.py:2915} INFO - Sync 1 DAGs
[2026-05-29T01:59:23.869+0200] {logging_mixin.py:151} INFO - [2026-05-29T01:59:23.869+0200] {dag.py:3696} INFO - Setting next_dagrun for example_task_group_decorator to 2026-05-27T23:59:23.869420+00:00, run_after=2026-05-28T23:59:23.869420+00:00
[2026-05-29T01:59:23.888+0200] {processor.py:179} INFO - Processing /home/frederic/airflow_venv/lib/python3.10/site-packages/airflow/example_dags/example_task_group_decorator.py took 0.069 seconds
[2026-05-29T01:59:28.880+0200] {processor.py:157} INFO - Started process (PID=632291) to work on /home/frederic/airflow_venv/lib/python3.10/site-packages/airflow/example_dags/example_task_group_decorator.py
[2026-05-29T01:59:28.881+0200] {processor.py:829} INFO - Processing file /home/frederic/airflow_venv/lib/python3.10/site-packages/airflow/example_dags/example_task_group_decorator.py for tasks to queue
[2026-05-29T01:59:28.881+0200] {logging_mixin.py:151} INFO - [2026-05-29T01:59:28.881+0200] {dagbag.py:539} INFO - Filling up the DagBag from /home/frederic/airflow_venv/lib/python3.10/site-packages/airflow/example_dags/example_task_group_decorator.py
[2026-05-29T01:59:28.895+0200] {processor.py:839} INFO - DAG(s) dict_keys(['example_task_group_decorator']) retrieved from /home/frederic/airflow_venv/lib/python3.10/site-packages/airflow/example_dags/example_task_group_decorator.py
[2026-05-29T01:59:28.910+0200] {logging_mixin.py:151} INFO - [2026-05-29T01:59:28.910+0200] {dag.py:2915} INFO - Sync 1 DAGs
[2026-05-29T01:59:28.926+0200] {logging_mixin.py:151} INFO - [2026-05-29T01:59:28.926+0200] {dag.py:3696} INFO - Setting next_dagrun for example_task_group_decorator to 2026-05-27T23:59:28.926550+00:00, run_after=2026-05-28T23:59:28.926550+00:00
[2026-05-29T01:59:28.947+0200] {processor.py:179} INFO - Processing /home/frederic/airflow_venv/lib/python3.10/site-packages/airflow/example_dags/example_task_group_decorator.py took 0.069 seconds
