[2026-05-29T01:36:56.357+0200] {processor.py:157} INFO - Started process (PID=594180) to work on /home/frederic/airflow_venv/lib/python3.10/site-packages/airflow/example_dags/example_setup_teardown.py
[2026-05-29T01:36:56.358+0200] {processor.py:829} INFO - Processing file /home/frederic/airflow_venv/lib/python3.10/site-packages/airflow/example_dags/example_setup_teardown.py for tasks to queue
[2026-05-29T01:36:56.359+0200] {logging_mixin.py:151} INFO - [2026-05-29T01:36:56.358+0200] {dagbag.py:539} INFO - Filling up the DagBag from /home/frederic/airflow_venv/lib/python3.10/site-packages/airflow/example_dags/example_setup_teardown.py
[2026-05-29T01:36:56.365+0200] {processor.py:839} INFO - DAG(s) dict_keys(['example_setup_teardown']) retrieved from /home/frederic/airflow_venv/lib/python3.10/site-packages/airflow/example_dags/example_setup_teardown.py
[2026-05-29T01:36:56.465+0200] {logging_mixin.py:151} INFO - [2026-05-29T01:36:56.465+0200] {manager.py:499} INFO - Created Permission View: %s
[2026-05-29T01:36:56.473+0200] {logging_mixin.py:151} INFO - [2026-05-29T01:36:56.473+0200] {manager.py:499} INFO - Created Permission View: %s
[2026-05-29T01:36:56.479+0200] {logging_mixin.py:151} INFO - [2026-05-29T01:36:56.479+0200] {manager.py:499} INFO - Created Permission View: %s
[2026-05-29T01:36:56.480+0200] {logging_mixin.py:151} INFO - [2026-05-29T01:36:56.480+0200] {security.py:708} INFO - Not syncing DAG-level permissions for DAG 'DAG:example_setup_teardown' as access control is unset.
[2026-05-29T01:36:56.480+0200] {logging_mixin.py:151} INFO - [2026-05-29T01:36:56.480+0200] {dag.py:2915} INFO - Sync 1 DAGs
[2026-05-29T01:36:56.490+0200] {logging_mixin.py:151} INFO - [2026-05-29T01:36:56.490+0200] {dag.py:2937} INFO - Creating ORM DAG for example_setup_teardown
[2026-05-29T01:36:56.497+0200] {logging_mixin.py:151} INFO - [2026-05-29T01:36:56.497+0200] {dag.py:3696} INFO - Setting next_dagrun for example_setup_teardown to 2026-05-27T23:36:56.496799+00:00, run_after=2026-05-28T23:36:56.496799+00:00
[2026-05-29T01:36:56.512+0200] {processor.py:179} INFO - Processing /home/frederic/airflow_venv/lib/python3.10/site-packages/airflow/example_dags/example_setup_teardown.py took 0.157 seconds
[2026-05-29T01:37:41.395+0200] {processor.py:157} INFO - Started process (PID=595097) to work on /home/frederic/airflow_venv/lib/python3.10/site-packages/airflow/example_dags/example_setup_teardown.py
[2026-05-29T01:37:41.396+0200] {processor.py:829} INFO - Processing file /home/frederic/airflow_venv/lib/python3.10/site-packages/airflow/example_dags/example_setup_teardown.py for tasks to queue
[2026-05-29T01:37:41.397+0200] {logging_mixin.py:151} INFO - [2026-05-29T01:37:41.396+0200] {dagbag.py:539} INFO - Filling up the DagBag from /home/frederic/airflow_venv/lib/python3.10/site-packages/airflow/example_dags/example_setup_teardown.py
[2026-05-29T01:37:41.405+0200] {processor.py:839} INFO - DAG(s) dict_keys(['example_setup_teardown']) retrieved from /home/frederic/airflow_venv/lib/python3.10/site-packages/airflow/example_dags/example_setup_teardown.py
[2026-05-29T01:37:41.427+0200] {logging_mixin.py:151} INFO - [2026-05-29T01:37:41.426+0200] {dag.py:2915} INFO - Sync 1 DAGs
[2026-05-29T01:37:41.448+0200] {logging_mixin.py:151} INFO - [2026-05-29T01:37:41.448+0200] {dag.py:3696} INFO - Setting next_dagrun for example_setup_teardown to 2026-05-27T23:37:41.448242+00:00, run_after=2026-05-28T23:37:41.448242+00:00
[2026-05-29T01:37:41.463+0200] {processor.py:179} INFO - Processing /home/frederic/airflow_venv/lib/python3.10/site-packages/airflow/example_dags/example_setup_teardown.py took 0.071 seconds
[2026-05-29T01:38:27.154+0200] {processor.py:157} INFO - Started process (PID=595962) to work on /home/frederic/airflow_venv/lib/python3.10/site-packages/airflow/example_dags/example_setup_teardown.py
[2026-05-29T01:38:27.155+0200] {processor.py:829} INFO - Processing file /home/frederic/airflow_venv/lib/python3.10/site-packages/airflow/example_dags/example_setup_teardown.py for tasks to queue
[2026-05-29T01:38:27.156+0200] {logging_mixin.py:151} INFO - [2026-05-29T01:38:27.155+0200] {dagbag.py:539} INFO - Filling up the DagBag from /home/frederic/airflow_venv/lib/python3.10/site-packages/airflow/example_dags/example_setup_teardown.py
[2026-05-29T01:38:27.163+0200] {processor.py:839} INFO - DAG(s) dict_keys(['example_setup_teardown']) retrieved from /home/frederic/airflow_venv/lib/python3.10/site-packages/airflow/example_dags/example_setup_teardown.py
[2026-05-29T01:38:27.176+0200] {logging_mixin.py:151} INFO - [2026-05-29T01:38:27.176+0200] {dag.py:2915} INFO - Sync 1 DAGs
[2026-05-29T01:38:27.193+0200] {logging_mixin.py:151} INFO - [2026-05-29T01:38:27.193+0200] {dag.py:3696} INFO - Setting next_dagrun for example_setup_teardown to 2026-05-27T23:38:27.193190+00:00, run_after=2026-05-28T23:38:27.193190+00:00
[2026-05-29T01:38:27.209+0200] {processor.py:179} INFO - Processing /home/frederic/airflow_venv/lib/python3.10/site-packages/airflow/example_dags/example_setup_teardown.py took 0.059 seconds
[2026-05-29T01:39:10.877+0200] {processor.py:157} INFO - Started process (PID=597035) to work on /home/frederic/airflow_venv/lib/python3.10/site-packages/airflow/example_dags/example_setup_teardown.py
[2026-05-29T01:39:10.878+0200] {processor.py:829} INFO - Processing file /home/frederic/airflow_venv/lib/python3.10/site-packages/airflow/example_dags/example_setup_teardown.py for tasks to queue
[2026-05-29T01:39:10.878+0200] {logging_mixin.py:151} INFO - [2026-05-29T01:39:10.878+0200] {dagbag.py:539} INFO - Filling up the DagBag from /home/frederic/airflow_venv/lib/python3.10/site-packages/airflow/example_dags/example_setup_teardown.py
[2026-05-29T01:39:10.884+0200] {processor.py:839} INFO - DAG(s) dict_keys(['example_setup_teardown']) retrieved from /home/frederic/airflow_venv/lib/python3.10/site-packages/airflow/example_dags/example_setup_teardown.py
[2026-05-29T01:39:10.898+0200] {logging_mixin.py:151} INFO - [2026-05-29T01:39:10.898+0200] {dag.py:2915} INFO - Sync 1 DAGs
[2026-05-29T01:39:10.919+0200] {logging_mixin.py:151} INFO - [2026-05-29T01:39:10.919+0200] {dag.py:3696} INFO - Setting next_dagrun for example_setup_teardown to 2026-05-27T23:39:10.919533+00:00, run_after=2026-05-28T23:39:10.919533+00:00
[2026-05-29T01:39:10.934+0200] {processor.py:179} INFO - Processing /home/frederic/airflow_venv/lib/python3.10/site-packages/airflow/example_dags/example_setup_teardown.py took 0.060 seconds
[2026-05-29T01:39:59.650+0200] {processor.py:157} INFO - Started process (PID=598179) to work on /home/frederic/airflow_venv/lib/python3.10/site-packages/airflow/example_dags/example_setup_teardown.py
[2026-05-29T01:39:59.651+0200] {processor.py:829} INFO - Processing file /home/frederic/airflow_venv/lib/python3.10/site-packages/airflow/example_dags/example_setup_teardown.py for tasks to queue
[2026-05-29T01:39:59.652+0200] {logging_mixin.py:151} INFO - [2026-05-29T01:39:59.651+0200] {dagbag.py:539} INFO - Filling up the DagBag from /home/frederic/airflow_venv/lib/python3.10/site-packages/airflow/example_dags/example_setup_teardown.py
[2026-05-29T01:39:59.658+0200] {processor.py:839} INFO - DAG(s) dict_keys(['example_setup_teardown']) retrieved from /home/frederic/airflow_venv/lib/python3.10/site-packages/airflow/example_dags/example_setup_teardown.py
[2026-05-29T01:39:59.670+0200] {logging_mixin.py:151} INFO - [2026-05-29T01:39:59.669+0200] {dag.py:2915} INFO - Sync 1 DAGs
[2026-05-29T01:39:59.685+0200] {logging_mixin.py:151} INFO - [2026-05-29T01:39:59.685+0200] {dag.py:3696} INFO - Setting next_dagrun for example_setup_teardown to 2026-05-27T23:39:59.685274+00:00, run_after=2026-05-28T23:39:59.685274+00:00
[2026-05-29T01:39:59.701+0200] {processor.py:179} INFO - Processing /home/frederic/airflow_venv/lib/python3.10/site-packages/airflow/example_dags/example_setup_teardown.py took 0.053 seconds
[2026-05-29T01:40:48.169+0200] {processor.py:157} INFO - Started process (PID=599350) to work on /home/frederic/airflow_venv/lib/python3.10/site-packages/airflow/example_dags/example_setup_teardown.py
[2026-05-29T01:40:48.172+0200] {processor.py:829} INFO - Processing file /home/frederic/airflow_venv/lib/python3.10/site-packages/airflow/example_dags/example_setup_teardown.py for tasks to queue
[2026-05-29T01:40:48.173+0200] {logging_mixin.py:151} INFO - [2026-05-29T01:40:48.173+0200] {dagbag.py:539} INFO - Filling up the DagBag from /home/frederic/airflow_venv/lib/python3.10/site-packages/airflow/example_dags/example_setup_teardown.py
[2026-05-29T01:40:48.179+0200] {processor.py:839} INFO - DAG(s) dict_keys(['example_setup_teardown']) retrieved from /home/frederic/airflow_venv/lib/python3.10/site-packages/airflow/example_dags/example_setup_teardown.py
[2026-05-29T01:40:48.191+0200] {logging_mixin.py:151} INFO - [2026-05-29T01:40:48.191+0200] {dag.py:2915} INFO - Sync 1 DAGs
[2026-05-29T01:40:48.208+0200] {logging_mixin.py:151} INFO - [2026-05-29T01:40:48.207+0200] {dag.py:3696} INFO - Setting next_dagrun for example_setup_teardown to 2026-05-27T23:40:48.207633+00:00, run_after=2026-05-28T23:40:48.207633+00:00
[2026-05-29T01:40:48.224+0200] {processor.py:179} INFO - Processing /home/frederic/airflow_venv/lib/python3.10/site-packages/airflow/example_dags/example_setup_teardown.py took 0.057 seconds
[2026-05-29T01:41:33.163+0200] {processor.py:157} INFO - Started process (PID=600636) to work on /home/frederic/airflow_venv/lib/python3.10/site-packages/airflow/example_dags/example_setup_teardown.py
[2026-05-29T01:41:33.166+0200] {processor.py:829} INFO - Processing file /home/frederic/airflow_venv/lib/python3.10/site-packages/airflow/example_dags/example_setup_teardown.py for tasks to queue
[2026-05-29T01:41:33.167+0200] {logging_mixin.py:151} INFO - [2026-05-29T01:41:33.167+0200] {dagbag.py:539} INFO - Filling up the DagBag from /home/frederic/airflow_venv/lib/python3.10/site-packages/airflow/example_dags/example_setup_teardown.py
[2026-05-29T01:41:33.173+0200] {processor.py:839} INFO - DAG(s) dict_keys(['example_setup_teardown']) retrieved from /home/frederic/airflow_venv/lib/python3.10/site-packages/airflow/example_dags/example_setup_teardown.py
[2026-05-29T01:41:33.187+0200] {logging_mixin.py:151} INFO - [2026-05-29T01:41:33.186+0200] {dag.py:2915} INFO - Sync 1 DAGs
[2026-05-29T01:41:33.206+0200] {logging_mixin.py:151} INFO - [2026-05-29T01:41:33.206+0200] {dag.py:3696} INFO - Setting next_dagrun for example_setup_teardown to 2026-05-27T23:41:33.206234+00:00, run_after=2026-05-28T23:41:33.206234+00:00
[2026-05-29T01:41:33.221+0200] {processor.py:179} INFO - Processing /home/frederic/airflow_venv/lib/python3.10/site-packages/airflow/example_dags/example_setup_teardown.py took 0.061 seconds
[2026-05-29T01:42:15.034+0200] {processor.py:157} INFO - Started process (PID=601409) to work on /home/frederic/airflow_venv/lib/python3.10/site-packages/airflow/example_dags/example_setup_teardown.py
[2026-05-29T01:42:15.035+0200] {processor.py:829} INFO - Processing file /home/frederic/airflow_venv/lib/python3.10/site-packages/airflow/example_dags/example_setup_teardown.py for tasks to queue
[2026-05-29T01:42:15.036+0200] {logging_mixin.py:151} INFO - [2026-05-29T01:42:15.036+0200] {dagbag.py:539} INFO - Filling up the DagBag from /home/frederic/airflow_venv/lib/python3.10/site-packages/airflow/example_dags/example_setup_teardown.py
[2026-05-29T01:42:15.043+0200] {processor.py:839} INFO - DAG(s) dict_keys(['example_setup_teardown']) retrieved from /home/frederic/airflow_venv/lib/python3.10/site-packages/airflow/example_dags/example_setup_teardown.py
[2026-05-29T01:42:15.056+0200] {logging_mixin.py:151} INFO - [2026-05-29T01:42:15.056+0200] {dag.py:2915} INFO - Sync 1 DAGs
[2026-05-29T01:42:15.072+0200] {logging_mixin.py:151} INFO - [2026-05-29T01:42:15.072+0200] {dag.py:3696} INFO - Setting next_dagrun for example_setup_teardown to 2026-05-27T23:42:15.071927+00:00, run_after=2026-05-28T23:42:15.071927+00:00
[2026-05-29T01:42:15.086+0200] {processor.py:179} INFO - Processing /home/frederic/airflow_venv/lib/python3.10/site-packages/airflow/example_dags/example_setup_teardown.py took 0.055 seconds
[2026-05-29T01:43:04.743+0200] {processor.py:157} INFO - Started process (PID=602255) to work on /home/frederic/airflow_venv/lib/python3.10/site-packages/airflow/example_dags/example_setup_teardown.py
[2026-05-29T01:43:04.747+0200] {processor.py:829} INFO - Processing file /home/frederic/airflow_venv/lib/python3.10/site-packages/airflow/example_dags/example_setup_teardown.py for tasks to queue
[2026-05-29T01:43:04.748+0200] {logging_mixin.py:151} INFO - [2026-05-29T01:43:04.748+0200] {dagbag.py:539} INFO - Filling up the DagBag from /home/frederic/airflow_venv/lib/python3.10/site-packages/airflow/example_dags/example_setup_teardown.py
[2026-05-29T01:43:04.756+0200] {processor.py:839} INFO - DAG(s) dict_keys(['example_setup_teardown']) retrieved from /home/frederic/airflow_venv/lib/python3.10/site-packages/airflow/example_dags/example_setup_teardown.py
[2026-05-29T01:43:04.777+0200] {logging_mixin.py:151} INFO - [2026-05-29T01:43:04.777+0200] {dag.py:2915} INFO - Sync 1 DAGs
[2026-05-29T01:43:04.798+0200] {logging_mixin.py:151} INFO - [2026-05-29T01:43:04.798+0200] {dag.py:3696} INFO - Setting next_dagrun for example_setup_teardown to 2026-05-27T23:43:04.797611+00:00, run_after=2026-05-28T23:43:04.797611+00:00
[2026-05-29T01:43:04.824+0200] {processor.py:179} INFO - Processing /home/frederic/airflow_venv/lib/python3.10/site-packages/airflow/example_dags/example_setup_teardown.py took 0.084 seconds
[2026-05-29T01:43:51.711+0200] {processor.py:157} INFO - Started process (PID=603172) to work on /home/frederic/airflow_venv/lib/python3.10/site-packages/airflow/example_dags/example_setup_teardown.py
[2026-05-29T01:43:51.712+0200] {processor.py:829} INFO - Processing file /home/frederic/airflow_venv/lib/python3.10/site-packages/airflow/example_dags/example_setup_teardown.py for tasks to queue
[2026-05-29T01:43:51.712+0200] {logging_mixin.py:151} INFO - [2026-05-29T01:43:51.712+0200] {dagbag.py:539} INFO - Filling up the DagBag from /home/frederic/airflow_venv/lib/python3.10/site-packages/airflow/example_dags/example_setup_teardown.py
[2026-05-29T01:43:51.719+0200] {processor.py:839} INFO - DAG(s) dict_keys(['example_setup_teardown']) retrieved from /home/frederic/airflow_venv/lib/python3.10/site-packages/airflow/example_dags/example_setup_teardown.py
[2026-05-29T01:43:51.730+0200] {logging_mixin.py:151} INFO - [2026-05-29T01:43:51.730+0200] {dag.py:2915} INFO - Sync 1 DAGs
[2026-05-29T01:43:51.748+0200] {logging_mixin.py:151} INFO - [2026-05-29T01:43:51.748+0200] {dag.py:3696} INFO - Setting next_dagrun for example_setup_teardown to 2026-05-27T23:43:51.747852+00:00, run_after=2026-05-28T23:43:51.747852+00:00
[2026-05-29T01:43:51.763+0200] {processor.py:179} INFO - Processing /home/frederic/airflow_venv/lib/python3.10/site-packages/airflow/example_dags/example_setup_teardown.py took 0.055 seconds
[2026-05-29T01:44:41.197+0200] {processor.py:157} INFO - Started process (PID=604041) to work on /home/frederic/airflow_venv/lib/python3.10/site-packages/airflow/example_dags/example_setup_teardown.py
[2026-05-29T01:44:41.198+0200] {processor.py:829} INFO - Processing file /home/frederic/airflow_venv/lib/python3.10/site-packages/airflow/example_dags/example_setup_teardown.py for tasks to queue
[2026-05-29T01:44:41.199+0200] {logging_mixin.py:151} INFO - [2026-05-29T01:44:41.199+0200] {dagbag.py:539} INFO - Filling up the DagBag from /home/frederic/airflow_venv/lib/python3.10/site-packages/airflow/example_dags/example_setup_teardown.py
[2026-05-29T01:44:41.208+0200] {processor.py:839} INFO - DAG(s) dict_keys(['example_setup_teardown']) retrieved from /home/frederic/airflow_venv/lib/python3.10/site-packages/airflow/example_dags/example_setup_teardown.py
[2026-05-29T01:44:41.225+0200] {logging_mixin.py:151} INFO - [2026-05-29T01:44:41.225+0200] {dag.py:2915} INFO - Sync 1 DAGs
[2026-05-29T01:44:41.249+0200] {logging_mixin.py:151} INFO - [2026-05-29T01:44:41.249+0200] {dag.py:3696} INFO - Setting next_dagrun for example_setup_teardown to 2026-05-27T23:44:41.249170+00:00, run_after=2026-05-28T23:44:41.249170+00:00
[2026-05-29T01:44:41.274+0200] {processor.py:179} INFO - Processing /home/frederic/airflow_venv/lib/python3.10/site-packages/airflow/example_dags/example_setup_teardown.py took 0.080 seconds
[2026-05-29T01:45:29.197+0200] {processor.py:157} INFO - Started process (PID=606153) to work on /home/frederic/airflow_venv/lib/python3.10/site-packages/airflow/example_dags/example_setup_teardown.py
[2026-05-29T01:45:29.198+0200] {processor.py:829} INFO - Processing file /home/frederic/airflow_venv/lib/python3.10/site-packages/airflow/example_dags/example_setup_teardown.py for tasks to queue
[2026-05-29T01:45:29.199+0200] {logging_mixin.py:151} INFO - [2026-05-29T01:45:29.198+0200] {dagbag.py:539} INFO - Filling up the DagBag from /home/frederic/airflow_venv/lib/python3.10/site-packages/airflow/example_dags/example_setup_teardown.py
[2026-05-29T01:45:29.206+0200] {processor.py:839} INFO - DAG(s) dict_keys(['example_setup_teardown']) retrieved from /home/frederic/airflow_venv/lib/python3.10/site-packages/airflow/example_dags/example_setup_teardown.py
[2026-05-29T01:45:29.222+0200] {logging_mixin.py:151} INFO - [2026-05-29T01:45:29.222+0200] {dag.py:2915} INFO - Sync 1 DAGs
[2026-05-29T01:45:29.241+0200] {logging_mixin.py:151} INFO - [2026-05-29T01:45:29.241+0200] {dag.py:3696} INFO - Setting next_dagrun for example_setup_teardown to 2026-05-27T23:45:29.241310+00:00, run_after=2026-05-28T23:45:29.241310+00:00
[2026-05-29T01:45:29.264+0200] {processor.py:179} INFO - Processing /home/frederic/airflow_venv/lib/python3.10/site-packages/airflow/example_dags/example_setup_teardown.py took 0.070 seconds
[2026-05-29T01:46:22.639+0200] {processor.py:157} INFO - Started process (PID=608556) to work on /home/frederic/airflow_venv/lib/python3.10/site-packages/airflow/example_dags/example_setup_teardown.py
[2026-05-29T01:46:22.643+0200] {processor.py:829} INFO - Processing file /home/frederic/airflow_venv/lib/python3.10/site-packages/airflow/example_dags/example_setup_teardown.py for tasks to queue
[2026-05-29T01:46:22.643+0200] {logging_mixin.py:151} INFO - [2026-05-29T01:46:22.643+0200] {dagbag.py:539} INFO - Filling up the DagBag from /home/frederic/airflow_venv/lib/python3.10/site-packages/airflow/example_dags/example_setup_teardown.py
[2026-05-29T01:46:22.649+0200] {processor.py:839} INFO - DAG(s) dict_keys(['example_setup_teardown']) retrieved from /home/frederic/airflow_venv/lib/python3.10/site-packages/airflow/example_dags/example_setup_teardown.py
[2026-05-29T01:46:22.665+0200] {logging_mixin.py:151} INFO - [2026-05-29T01:46:22.664+0200] {dag.py:2915} INFO - Sync 1 DAGs
[2026-05-29T01:46:22.682+0200] {logging_mixin.py:151} INFO - [2026-05-29T01:46:22.682+0200] {dag.py:3696} INFO - Setting next_dagrun for example_setup_teardown to 2026-05-27T23:46:22.682230+00:00, run_after=2026-05-28T23:46:22.682230+00:00
[2026-05-29T01:46:22.700+0200] {processor.py:179} INFO - Processing /home/frederic/airflow_venv/lib/python3.10/site-packages/airflow/example_dags/example_setup_teardown.py took 0.063 seconds
[2026-05-29T01:47:06.772+0200] {processor.py:157} INFO - Started process (PID=609707) to work on /home/frederic/airflow_venv/lib/python3.10/site-packages/airflow/example_dags/example_setup_teardown.py
[2026-05-29T01:47:06.775+0200] {processor.py:829} INFO - Processing file /home/frederic/airflow_venv/lib/python3.10/site-packages/airflow/example_dags/example_setup_teardown.py for tasks to queue
[2026-05-29T01:47:06.776+0200] {logging_mixin.py:151} INFO - [2026-05-29T01:47:06.776+0200] {dagbag.py:539} INFO - Filling up the DagBag from /home/frederic/airflow_venv/lib/python3.10/site-packages/airflow/example_dags/example_setup_teardown.py
[2026-05-29T01:47:06.782+0200] {processor.py:839} INFO - DAG(s) dict_keys(['example_setup_teardown']) retrieved from /home/frederic/airflow_venv/lib/python3.10/site-packages/airflow/example_dags/example_setup_teardown.py
[2026-05-29T01:47:06.794+0200] {logging_mixin.py:151} INFO - [2026-05-29T01:47:06.794+0200] {dag.py:2915} INFO - Sync 1 DAGs
[2026-05-29T01:47:06.809+0200] {logging_mixin.py:151} INFO - [2026-05-29T01:47:06.809+0200] {dag.py:3696} INFO - Setting next_dagrun for example_setup_teardown to 2026-05-27T23:47:06.809214+00:00, run_after=2026-05-28T23:47:06.809214+00:00
[2026-05-29T01:47:06.824+0200] {processor.py:179} INFO - Processing /home/frederic/airflow_venv/lib/python3.10/site-packages/airflow/example_dags/example_setup_teardown.py took 0.054 seconds
[2026-05-29T01:47:49.464+0200] {processor.py:157} INFO - Started process (PID=610985) to work on /home/frederic/airflow_venv/lib/python3.10/site-packages/airflow/example_dags/example_setup_teardown.py
[2026-05-29T01:47:49.466+0200] {processor.py:829} INFO - Processing file /home/frederic/airflow_venv/lib/python3.10/site-packages/airflow/example_dags/example_setup_teardown.py for tasks to queue
[2026-05-29T01:47:49.467+0200] {logging_mixin.py:151} INFO - [2026-05-29T01:47:49.466+0200] {dagbag.py:539} INFO - Filling up the DagBag from /home/frederic/airflow_venv/lib/python3.10/site-packages/airflow/example_dags/example_setup_teardown.py
[2026-05-29T01:47:49.478+0200] {processor.py:839} INFO - DAG(s) dict_keys(['example_setup_teardown']) retrieved from /home/frederic/airflow_venv/lib/python3.10/site-packages/airflow/example_dags/example_setup_teardown.py
[2026-05-29T01:47:49.504+0200] {logging_mixin.py:151} INFO - [2026-05-29T01:47:49.504+0200] {dag.py:2915} INFO - Sync 1 DAGs
[2026-05-29T01:47:49.531+0200] {logging_mixin.py:151} INFO - [2026-05-29T01:47:49.531+0200] {dag.py:3696} INFO - Setting next_dagrun for example_setup_teardown to 2026-05-27T23:47:49.531281+00:00, run_after=2026-05-28T23:47:49.531281+00:00
[2026-05-29T01:47:49.550+0200] {processor.py:179} INFO - Processing /home/frederic/airflow_venv/lib/python3.10/site-packages/airflow/example_dags/example_setup_teardown.py took 0.090 seconds
[2026-05-29T01:48:36.973+0200] {processor.py:157} INFO - Started process (PID=612402) to work on /home/frederic/airflow_venv/lib/python3.10/site-packages/airflow/example_dags/example_setup_teardown.py
[2026-05-29T01:48:36.976+0200] {processor.py:829} INFO - Processing file /home/frederic/airflow_venv/lib/python3.10/site-packages/airflow/example_dags/example_setup_teardown.py for tasks to queue
[2026-05-29T01:48:36.977+0200] {logging_mixin.py:151} INFO - [2026-05-29T01:48:36.977+0200] {dagbag.py:539} INFO - Filling up the DagBag from /home/frederic/airflow_venv/lib/python3.10/site-packages/airflow/example_dags/example_setup_teardown.py
[2026-05-29T01:48:36.987+0200] {processor.py:839} INFO - DAG(s) dict_keys(['example_setup_teardown']) retrieved from /home/frederic/airflow_venv/lib/python3.10/site-packages/airflow/example_dags/example_setup_teardown.py
[2026-05-29T01:48:37.003+0200] {logging_mixin.py:151} INFO - [2026-05-29T01:48:37.003+0200] {dag.py:2915} INFO - Sync 1 DAGs
[2026-05-29T01:48:37.026+0200] {logging_mixin.py:151} INFO - [2026-05-29T01:48:37.026+0200] {dag.py:3696} INFO - Setting next_dagrun for example_setup_teardown to 2026-05-27T23:48:37.026442+00:00, run_after=2026-05-28T23:48:37.026442+00:00
[2026-05-29T01:48:37.046+0200] {processor.py:179} INFO - Processing /home/frederic/airflow_venv/lib/python3.10/site-packages/airflow/example_dags/example_setup_teardown.py took 0.076 seconds
[2026-05-29T01:49:22.217+0200] {processor.py:157} INFO - Started process (PID=613544) to work on /home/frederic/airflow_venv/lib/python3.10/site-packages/airflow/example_dags/example_setup_teardown.py
[2026-05-29T01:49:22.218+0200] {processor.py:829} INFO - Processing file /home/frederic/airflow_venv/lib/python3.10/site-packages/airflow/example_dags/example_setup_teardown.py for tasks to queue
[2026-05-29T01:49:22.219+0200] {logging_mixin.py:151} INFO - [2026-05-29T01:49:22.218+0200] {dagbag.py:539} INFO - Filling up the DagBag from /home/frederic/airflow_venv/lib/python3.10/site-packages/airflow/example_dags/example_setup_teardown.py
[2026-05-29T01:49:22.225+0200] {processor.py:839} INFO - DAG(s) dict_keys(['example_setup_teardown']) retrieved from /home/frederic/airflow_venv/lib/python3.10/site-packages/airflow/example_dags/example_setup_teardown.py
[2026-05-29T01:49:22.237+0200] {logging_mixin.py:151} INFO - [2026-05-29T01:49:22.237+0200] {dag.py:2915} INFO - Sync 1 DAGs
[2026-05-29T01:49:22.253+0200] {logging_mixin.py:151} INFO - [2026-05-29T01:49:22.253+0200] {dag.py:3696} INFO - Setting next_dagrun for example_setup_teardown to 2026-05-27T23:49:22.253267+00:00, run_after=2026-05-28T23:49:22.253267+00:00
[2026-05-29T01:49:22.269+0200] {processor.py:179} INFO - Processing /home/frederic/airflow_venv/lib/python3.10/site-packages/airflow/example_dags/example_setup_teardown.py took 0.054 seconds
[2026-05-29T01:50:05.616+0200] {processor.py:157} INFO - Started process (PID=614686) to work on /home/frederic/airflow_venv/lib/python3.10/site-packages/airflow/example_dags/example_setup_teardown.py
[2026-05-29T01:50:05.617+0200] {processor.py:829} INFO - Processing file /home/frederic/airflow_venv/lib/python3.10/site-packages/airflow/example_dags/example_setup_teardown.py for tasks to queue
[2026-05-29T01:50:05.618+0200] {logging_mixin.py:151} INFO - [2026-05-29T01:50:05.617+0200] {dagbag.py:539} INFO - Filling up the DagBag from /home/frederic/airflow_venv/lib/python3.10/site-packages/airflow/example_dags/example_setup_teardown.py
[2026-05-29T01:50:05.625+0200] {processor.py:839} INFO - DAG(s) dict_keys(['example_setup_teardown']) retrieved from /home/frederic/airflow_venv/lib/python3.10/site-packages/airflow/example_dags/example_setup_teardown.py
[2026-05-29T01:50:05.641+0200] {logging_mixin.py:151} INFO - [2026-05-29T01:50:05.640+0200] {dag.py:2915} INFO - Sync 1 DAGs
[2026-05-29T01:50:05.661+0200] {logging_mixin.py:151} INFO - [2026-05-29T01:50:05.660+0200] {dag.py:3696} INFO - Setting next_dagrun for example_setup_teardown to 2026-05-27T23:50:05.660778+00:00, run_after=2026-05-28T23:50:05.660778+00:00
[2026-05-29T01:50:05.676+0200] {processor.py:179} INFO - Processing /home/frederic/airflow_venv/lib/python3.10/site-packages/airflow/example_dags/example_setup_teardown.py took 0.064 seconds
[2026-05-29T01:50:44.748+0200] {processor.py:157} INFO - Started process (PID=615968) to work on /home/frederic/airflow_venv/lib/python3.10/site-packages/airflow/example_dags/example_setup_teardown.py
[2026-05-29T01:50:44.751+0200] {processor.py:829} INFO - Processing file /home/frederic/airflow_venv/lib/python3.10/site-packages/airflow/example_dags/example_setup_teardown.py for tasks to queue
[2026-05-29T01:50:44.752+0200] {logging_mixin.py:151} INFO - [2026-05-29T01:50:44.752+0200] {dagbag.py:539} INFO - Filling up the DagBag from /home/frederic/airflow_venv/lib/python3.10/site-packages/airflow/example_dags/example_setup_teardown.py
[2026-05-29T01:50:44.758+0200] {processor.py:839} INFO - DAG(s) dict_keys(['example_setup_teardown']) retrieved from /home/frederic/airflow_venv/lib/python3.10/site-packages/airflow/example_dags/example_setup_teardown.py
[2026-05-29T01:50:44.771+0200] {logging_mixin.py:151} INFO - [2026-05-29T01:50:44.771+0200] {dag.py:2915} INFO - Sync 1 DAGs
[2026-05-29T01:50:44.789+0200] {logging_mixin.py:151} INFO - [2026-05-29T01:50:44.789+0200] {dag.py:3696} INFO - Setting next_dagrun for example_setup_teardown to 2026-05-27T23:50:44.789533+00:00, run_after=2026-05-28T23:50:44.789533+00:00
[2026-05-29T01:50:44.807+0200] {processor.py:179} INFO - Processing /home/frederic/airflow_venv/lib/python3.10/site-packages/airflow/example_dags/example_setup_teardown.py took 0.062 seconds
[2026-05-29T01:51:26.832+0200] {processor.py:157} INFO - Started process (PID=616975) to work on /home/frederic/airflow_venv/lib/python3.10/site-packages/airflow/example_dags/example_setup_teardown.py
[2026-05-29T01:51:26.835+0200] {processor.py:829} INFO - Processing file /home/frederic/airflow_venv/lib/python3.10/site-packages/airflow/example_dags/example_setup_teardown.py for tasks to queue
[2026-05-29T01:51:26.836+0200] {logging_mixin.py:151} INFO - [2026-05-29T01:51:26.836+0200] {dagbag.py:539} INFO - Filling up the DagBag from /home/frederic/airflow_venv/lib/python3.10/site-packages/airflow/example_dags/example_setup_teardown.py
[2026-05-29T01:51:26.842+0200] {processor.py:839} INFO - DAG(s) dict_keys(['example_setup_teardown']) retrieved from /home/frederic/airflow_venv/lib/python3.10/site-packages/airflow/example_dags/example_setup_teardown.py
[2026-05-29T01:51:26.856+0200] {logging_mixin.py:151} INFO - [2026-05-29T01:51:26.856+0200] {dag.py:2915} INFO - Sync 1 DAGs
[2026-05-29T01:51:26.873+0200] {logging_mixin.py:151} INFO - [2026-05-29T01:51:26.873+0200] {dag.py:3696} INFO - Setting next_dagrun for example_setup_teardown to 2026-05-27T23:51:26.872924+00:00, run_after=2026-05-28T23:51:26.872924+00:00
[2026-05-29T01:51:26.888+0200] {processor.py:179} INFO - Processing /home/frederic/airflow_venv/lib/python3.10/site-packages/airflow/example_dags/example_setup_teardown.py took 0.059 seconds
[2026-05-29T01:52:17.610+0200] {processor.py:157} INFO - Started process (PID=618302) to work on /home/frederic/airflow_venv/lib/python3.10/site-packages/airflow/example_dags/example_setup_teardown.py
[2026-05-29T01:52:17.611+0200] {processor.py:829} INFO - Processing file /home/frederic/airflow_venv/lib/python3.10/site-packages/airflow/example_dags/example_setup_teardown.py for tasks to queue
[2026-05-29T01:52:17.612+0200] {logging_mixin.py:151} INFO - [2026-05-29T01:52:17.611+0200] {dagbag.py:539} INFO - Filling up the DagBag from /home/frederic/airflow_venv/lib/python3.10/site-packages/airflow/example_dags/example_setup_teardown.py
[2026-05-29T01:52:17.619+0200] {processor.py:839} INFO - DAG(s) dict_keys(['example_setup_teardown']) retrieved from /home/frederic/airflow_venv/lib/python3.10/site-packages/airflow/example_dags/example_setup_teardown.py
[2026-05-29T01:52:17.633+0200] {logging_mixin.py:151} INFO - [2026-05-29T01:52:17.633+0200] {dag.py:2915} INFO - Sync 1 DAGs
[2026-05-29T01:52:17.653+0200] {logging_mixin.py:151} INFO - [2026-05-29T01:52:17.653+0200] {dag.py:3696} INFO - Setting next_dagrun for example_setup_teardown to 2026-05-27T23:52:17.652860+00:00, run_after=2026-05-28T23:52:17.652860+00:00
[2026-05-29T01:52:17.672+0200] {processor.py:179} INFO - Processing /home/frederic/airflow_venv/lib/python3.10/site-packages/airflow/example_dags/example_setup_teardown.py took 0.065 seconds
[2026-05-29T01:53:04.767+0200] {processor.py:157} INFO - Started process (PID=619835) to work on /home/frederic/airflow_venv/lib/python3.10/site-packages/airflow/example_dags/example_setup_teardown.py
[2026-05-29T01:53:04.770+0200] {processor.py:829} INFO - Processing file /home/frederic/airflow_venv/lib/python3.10/site-packages/airflow/example_dags/example_setup_teardown.py for tasks to queue
[2026-05-29T01:53:04.771+0200] {logging_mixin.py:151} INFO - [2026-05-29T01:53:04.771+0200] {dagbag.py:539} INFO - Filling up the DagBag from /home/frederic/airflow_venv/lib/python3.10/site-packages/airflow/example_dags/example_setup_teardown.py
[2026-05-29T01:53:04.777+0200] {processor.py:839} INFO - DAG(s) dict_keys(['example_setup_teardown']) retrieved from /home/frederic/airflow_venv/lib/python3.10/site-packages/airflow/example_dags/example_setup_teardown.py
[2026-05-29T01:53:04.790+0200] {logging_mixin.py:151} INFO - [2026-05-29T01:53:04.789+0200] {dag.py:2915} INFO - Sync 1 DAGs
[2026-05-29T01:53:04.809+0200] {logging_mixin.py:151} INFO - [2026-05-29T01:53:04.809+0200] {dag.py:3696} INFO - Setting next_dagrun for example_setup_teardown to 2026-05-27T23:53:04.808899+00:00, run_after=2026-05-28T23:53:04.808899+00:00
[2026-05-29T01:53:04.824+0200] {processor.py:179} INFO - Processing /home/frederic/airflow_venv/lib/python3.10/site-packages/airflow/example_dags/example_setup_teardown.py took 0.060 seconds
[2026-05-29T01:53:49.854+0200] {processor.py:157} INFO - Started process (PID=621127) to work on /home/frederic/airflow_venv/lib/python3.10/site-packages/airflow/example_dags/example_setup_teardown.py
[2026-05-29T01:53:49.858+0200] {processor.py:829} INFO - Processing file /home/frederic/airflow_venv/lib/python3.10/site-packages/airflow/example_dags/example_setup_teardown.py for tasks to queue
[2026-05-29T01:53:49.859+0200] {logging_mixin.py:151} INFO - [2026-05-29T01:53:49.859+0200] {dagbag.py:539} INFO - Filling up the DagBag from /home/frederic/airflow_venv/lib/python3.10/site-packages/airflow/example_dags/example_setup_teardown.py
[2026-05-29T01:53:49.867+0200] {processor.py:839} INFO - DAG(s) dict_keys(['example_setup_teardown']) retrieved from /home/frederic/airflow_venv/lib/python3.10/site-packages/airflow/example_dags/example_setup_teardown.py
[2026-05-29T01:53:49.885+0200] {logging_mixin.py:151} INFO - [2026-05-29T01:53:49.884+0200] {dag.py:2915} INFO - Sync 1 DAGs
[2026-05-29T01:53:49.908+0200] {logging_mixin.py:151} INFO - [2026-05-29T01:53:49.908+0200] {dag.py:3696} INFO - Setting next_dagrun for example_setup_teardown to 2026-05-27T23:53:49.907866+00:00, run_after=2026-05-28T23:53:49.907866+00:00
[2026-05-29T01:53:49.931+0200] {processor.py:179} INFO - Processing /home/frederic/airflow_venv/lib/python3.10/site-packages/airflow/example_dags/example_setup_teardown.py took 0.080 seconds
[2026-05-29T01:54:37.562+0200] {processor.py:157} INFO - Started process (PID=622634) to work on /home/frederic/airflow_venv/lib/python3.10/site-packages/airflow/example_dags/example_setup_teardown.py
[2026-05-29T01:54:37.566+0200] {processor.py:829} INFO - Processing file /home/frederic/airflow_venv/lib/python3.10/site-packages/airflow/example_dags/example_setup_teardown.py for tasks to queue
[2026-05-29T01:54:37.566+0200] {logging_mixin.py:151} INFO - [2026-05-29T01:54:37.566+0200] {dagbag.py:539} INFO - Filling up the DagBag from /home/frederic/airflow_venv/lib/python3.10/site-packages/airflow/example_dags/example_setup_teardown.py
[2026-05-29T01:54:37.572+0200] {processor.py:839} INFO - DAG(s) dict_keys(['example_setup_teardown']) retrieved from /home/frederic/airflow_venv/lib/python3.10/site-packages/airflow/example_dags/example_setup_teardown.py
[2026-05-29T01:54:37.589+0200] {logging_mixin.py:151} INFO - [2026-05-29T01:54:37.588+0200] {dag.py:2915} INFO - Sync 1 DAGs
[2026-05-29T01:54:37.604+0200] {logging_mixin.py:151} INFO - [2026-05-29T01:54:37.604+0200] {dag.py:3696} INFO - Setting next_dagrun for example_setup_teardown to 2026-05-27T23:54:37.604479+00:00, run_after=2026-05-28T23:54:37.604479+00:00
[2026-05-29T01:54:37.620+0200] {processor.py:179} INFO - Processing /home/frederic/airflow_venv/lib/python3.10/site-packages/airflow/example_dags/example_setup_teardown.py took 0.060 seconds
[2026-05-29T01:55:22.524+0200] {processor.py:157} INFO - Started process (PID=624209) to work on /home/frederic/airflow_venv/lib/python3.10/site-packages/airflow/example_dags/example_setup_teardown.py
[2026-05-29T01:55:22.525+0200] {processor.py:829} INFO - Processing file /home/frederic/airflow_venv/lib/python3.10/site-packages/airflow/example_dags/example_setup_teardown.py for tasks to queue
[2026-05-29T01:55:22.526+0200] {logging_mixin.py:151} INFO - [2026-05-29T01:55:22.526+0200] {dagbag.py:539} INFO - Filling up the DagBag from /home/frederic/airflow_venv/lib/python3.10/site-packages/airflow/example_dags/example_setup_teardown.py
[2026-05-29T01:55:22.534+0200] {processor.py:839} INFO - DAG(s) dict_keys(['example_setup_teardown']) retrieved from /home/frederic/airflow_venv/lib/python3.10/site-packages/airflow/example_dags/example_setup_teardown.py
[2026-05-29T01:55:22.540+0200] {logging_mixin.py:151} INFO - [2026-05-29T01:55:22.540+0200] {dag.py:2915} INFO - Sync 1 DAGs
[2026-05-29T01:55:22.558+0200] {logging_mixin.py:151} INFO - [2026-05-29T01:55:22.558+0200] {dag.py:3696} INFO - Setting next_dagrun for example_setup_teardown to 2026-05-27T23:55:22.558375+00:00, run_after=2026-05-28T23:55:22.558375+00:00
[2026-05-29T01:55:22.576+0200] {processor.py:179} INFO - Processing /home/frederic/airflow_venv/lib/python3.10/site-packages/airflow/example_dags/example_setup_teardown.py took 0.055 seconds
[2026-05-29T01:55:40.078+0200] {processor.py:157} INFO - Started process (PID=624700) to work on /home/frederic/airflow_venv/lib/python3.10/site-packages/airflow/example_dags/example_setup_teardown.py
[2026-05-29T01:55:40.079+0200] {processor.py:829} INFO - Processing file /home/frederic/airflow_venv/lib/python3.10/site-packages/airflow/example_dags/example_setup_teardown.py for tasks to queue
[2026-05-29T01:55:40.080+0200] {logging_mixin.py:151} INFO - [2026-05-29T01:55:40.080+0200] {dagbag.py:539} INFO - Filling up the DagBag from /home/frederic/airflow_venv/lib/python3.10/site-packages/airflow/example_dags/example_setup_teardown.py
[2026-05-29T01:55:40.090+0200] {processor.py:839} INFO - DAG(s) dict_keys(['example_setup_teardown']) retrieved from /home/frederic/airflow_venv/lib/python3.10/site-packages/airflow/example_dags/example_setup_teardown.py
[2026-05-29T01:55:40.097+0200] {logging_mixin.py:151} INFO - [2026-05-29T01:55:40.097+0200] {dag.py:2915} INFO - Sync 1 DAGs
[2026-05-29T01:55:40.120+0200] {logging_mixin.py:151} INFO - [2026-05-29T01:55:40.120+0200] {dag.py:3696} INFO - Setting next_dagrun for example_setup_teardown to 2026-05-27T23:55:40.119958+00:00, run_after=2026-05-28T23:55:40.119958+00:00
[2026-05-29T01:55:40.144+0200] {processor.py:179} INFO - Processing /home/frederic/airflow_venv/lib/python3.10/site-packages/airflow/example_dags/example_setup_teardown.py took 0.068 seconds
[2026-05-29T01:56:20.391+0200] {processor.py:157} INFO - Started process (PID=626057) to work on /home/frederic/airflow_venv/lib/python3.10/site-packages/airflow/example_dags/example_setup_teardown.py
[2026-05-29T01:56:20.392+0200] {processor.py:829} INFO - Processing file /home/frederic/airflow_venv/lib/python3.10/site-packages/airflow/example_dags/example_setup_teardown.py for tasks to queue
[2026-05-29T01:56:20.393+0200] {logging_mixin.py:151} INFO - [2026-05-29T01:56:20.393+0200] {dagbag.py:539} INFO - Filling up the DagBag from /home/frederic/airflow_venv/lib/python3.10/site-packages/airflow/example_dags/example_setup_teardown.py
[2026-05-29T01:56:20.400+0200] {processor.py:839} INFO - DAG(s) dict_keys(['example_setup_teardown']) retrieved from /home/frederic/airflow_venv/lib/python3.10/site-packages/airflow/example_dags/example_setup_teardown.py
[2026-05-29T01:56:20.415+0200] {logging_mixin.py:151} INFO - [2026-05-29T01:56:20.414+0200] {dag.py:2915} INFO - Sync 1 DAGs
[2026-05-29T01:56:20.431+0200] {logging_mixin.py:151} INFO - [2026-05-29T01:56:20.430+0200] {dag.py:3696} INFO - Setting next_dagrun for example_setup_teardown to 2026-05-27T23:56:20.430698+00:00, run_after=2026-05-28T23:56:20.430698+00:00
[2026-05-29T01:56:20.446+0200] {processor.py:179} INFO - Processing /home/frederic/airflow_venv/lib/python3.10/site-packages/airflow/example_dags/example_setup_teardown.py took 0.057 seconds
[2026-05-29T01:56:31.950+0200] {processor.py:157} INFO - Started process (PID=626405) to work on /home/frederic/airflow_venv/lib/python3.10/site-packages/airflow/example_dags/example_setup_teardown.py
[2026-05-29T01:56:31.951+0200] {processor.py:829} INFO - Processing file /home/frederic/airflow_venv/lib/python3.10/site-packages/airflow/example_dags/example_setup_teardown.py for tasks to queue
[2026-05-29T01:56:31.951+0200] {logging_mixin.py:151} INFO - [2026-05-29T01:56:31.951+0200] {dagbag.py:539} INFO - Filling up the DagBag from /home/frederic/airflow_venv/lib/python3.10/site-packages/airflow/example_dags/example_setup_teardown.py
[2026-05-29T01:56:31.957+0200] {processor.py:839} INFO - DAG(s) dict_keys(['example_setup_teardown']) retrieved from /home/frederic/airflow_venv/lib/python3.10/site-packages/airflow/example_dags/example_setup_teardown.py
[2026-05-29T01:56:31.969+0200] {logging_mixin.py:151} INFO - [2026-05-29T01:56:31.969+0200] {dag.py:2915} INFO - Sync 1 DAGs
[2026-05-29T01:56:31.986+0200] {logging_mixin.py:151} INFO - [2026-05-29T01:56:31.985+0200] {dag.py:3696} INFO - Setting next_dagrun for example_setup_teardown to 2026-05-27T23:56:31.985799+00:00, run_after=2026-05-28T23:56:31.985799+00:00
[2026-05-29T01:56:32.002+0200] {processor.py:179} INFO - Processing /home/frederic/airflow_venv/lib/python3.10/site-packages/airflow/example_dags/example_setup_teardown.py took 0.054 seconds
[2026-05-29T01:57:04.199+0200] {processor.py:157} INFO - Started process (PID=627397) to work on /home/frederic/airflow_venv/lib/python3.10/site-packages/airflow/example_dags/example_setup_teardown.py
[2026-05-29T01:57:04.200+0200] {processor.py:829} INFO - Processing file /home/frederic/airflow_venv/lib/python3.10/site-packages/airflow/example_dags/example_setup_teardown.py for tasks to queue
[2026-05-29T01:57:04.201+0200] {logging_mixin.py:151} INFO - [2026-05-29T01:57:04.200+0200] {dagbag.py:539} INFO - Filling up the DagBag from /home/frederic/airflow_venv/lib/python3.10/site-packages/airflow/example_dags/example_setup_teardown.py
[2026-05-29T01:57:04.207+0200] {processor.py:839} INFO - DAG(s) dict_keys(['example_setup_teardown']) retrieved from /home/frederic/airflow_venv/lib/python3.10/site-packages/airflow/example_dags/example_setup_teardown.py
[2026-05-29T01:57:04.219+0200] {logging_mixin.py:151} INFO - [2026-05-29T01:57:04.219+0200] {dag.py:2915} INFO - Sync 1 DAGs
[2026-05-29T01:57:04.236+0200] {logging_mixin.py:151} INFO - [2026-05-29T01:57:04.235+0200] {dag.py:3696} INFO - Setting next_dagrun for example_setup_teardown to 2026-05-27T23:57:04.235788+00:00, run_after=2026-05-28T23:57:04.235788+00:00
[2026-05-29T01:57:04.250+0200] {processor.py:179} INFO - Processing /home/frederic/airflow_venv/lib/python3.10/site-packages/airflow/example_dags/example_setup_teardown.py took 0.054 seconds
[2026-05-29T01:57:18.373+0200] {processor.py:157} INFO - Started process (PID=627778) to work on /home/frederic/airflow_venv/lib/python3.10/site-packages/airflow/example_dags/example_setup_teardown.py
[2026-05-29T01:57:18.374+0200] {processor.py:829} INFO - Processing file /home/frederic/airflow_venv/lib/python3.10/site-packages/airflow/example_dags/example_setup_teardown.py for tasks to queue
[2026-05-29T01:57:18.374+0200] {logging_mixin.py:151} INFO - [2026-05-29T01:57:18.374+0200] {dagbag.py:539} INFO - Filling up the DagBag from /home/frederic/airflow_venv/lib/python3.10/site-packages/airflow/example_dags/example_setup_teardown.py
[2026-05-29T01:57:18.381+0200] {processor.py:839} INFO - DAG(s) dict_keys(['example_setup_teardown']) retrieved from /home/frederic/airflow_venv/lib/python3.10/site-packages/airflow/example_dags/example_setup_teardown.py
[2026-05-29T01:57:18.393+0200] {logging_mixin.py:151} INFO - [2026-05-29T01:57:18.393+0200] {dag.py:2915} INFO - Sync 1 DAGs
[2026-05-29T01:57:18.410+0200] {logging_mixin.py:151} INFO - [2026-05-29T01:57:18.410+0200] {dag.py:3696} INFO - Setting next_dagrun for example_setup_teardown to 2026-05-27T23:57:18.410426+00:00, run_after=2026-05-28T23:57:18.410426+00:00
[2026-05-29T01:57:18.426+0200] {processor.py:179} INFO - Processing /home/frederic/airflow_venv/lib/python3.10/site-packages/airflow/example_dags/example_setup_teardown.py took 0.055 seconds
[2026-05-29T01:57:51.503+0200] {processor.py:157} INFO - Started process (PID=629161) to work on /home/frederic/airflow_venv/lib/python3.10/site-packages/airflow/example_dags/example_setup_teardown.py
[2026-05-29T01:57:51.503+0200] {processor.py:829} INFO - Processing file /home/frederic/airflow_venv/lib/python3.10/site-packages/airflow/example_dags/example_setup_teardown.py for tasks to queue
[2026-05-29T01:57:51.505+0200] {logging_mixin.py:151} INFO - [2026-05-29T01:57:51.504+0200] {dagbag.py:539} INFO - Filling up the DagBag from /home/frederic/airflow_venv/lib/python3.10/site-packages/airflow/example_dags/example_setup_teardown.py
[2026-05-29T01:57:51.513+0200] {processor.py:839} INFO - DAG(s) dict_keys(['example_setup_teardown']) retrieved from /home/frederic/airflow_venv/lib/python3.10/site-packages/airflow/example_dags/example_setup_teardown.py
[2026-05-29T01:57:51.529+0200] {logging_mixin.py:151} INFO - [2026-05-29T01:57:51.528+0200] {dag.py:2915} INFO - Sync 1 DAGs
[2026-05-29T01:57:51.551+0200] {logging_mixin.py:151} INFO - [2026-05-29T01:57:51.551+0200] {dag.py:3696} INFO - Setting next_dagrun for example_setup_teardown to 2026-05-27T23:57:51.550780+00:00, run_after=2026-05-28T23:57:51.550780+00:00
[2026-05-29T01:57:51.579+0200] {processor.py:179} INFO - Processing /home/frederic/airflow_venv/lib/python3.10/site-packages/airflow/example_dags/example_setup_teardown.py took 0.079 seconds
[2026-05-29T01:58:07.650+0200] {processor.py:157} INFO - Started process (PID=629611) to work on /home/frederic/airflow_venv/lib/python3.10/site-packages/airflow/example_dags/example_setup_teardown.py
[2026-05-29T01:58:07.651+0200] {processor.py:829} INFO - Processing file /home/frederic/airflow_venv/lib/python3.10/site-packages/airflow/example_dags/example_setup_teardown.py for tasks to queue
[2026-05-29T01:58:07.651+0200] {logging_mixin.py:151} INFO - [2026-05-29T01:58:07.651+0200] {dagbag.py:539} INFO - Filling up the DagBag from /home/frederic/airflow_venv/lib/python3.10/site-packages/airflow/example_dags/example_setup_teardown.py
[2026-05-29T01:58:07.658+0200] {processor.py:839} INFO - DAG(s) dict_keys(['example_setup_teardown']) retrieved from /home/frederic/airflow_venv/lib/python3.10/site-packages/airflow/example_dags/example_setup_teardown.py
[2026-05-29T01:58:07.671+0200] {logging_mixin.py:151} INFO - [2026-05-29T01:58:07.670+0200] {dag.py:2915} INFO - Sync 1 DAGs
[2026-05-29T01:58:07.688+0200] {logging_mixin.py:151} INFO - [2026-05-29T01:58:07.688+0200] {dag.py:3696} INFO - Setting next_dagrun for example_setup_teardown to 2026-05-27T23:58:07.687903+00:00, run_after=2026-05-28T23:58:07.687903+00:00
[2026-05-29T01:58:07.712+0200] {processor.py:179} INFO - Processing /home/frederic/airflow_venv/lib/python3.10/site-packages/airflow/example_dags/example_setup_teardown.py took 0.064 seconds
[2026-05-29T01:58:41.157+0200] {processor.py:157} INFO - Started process (PID=630960) to work on /home/frederic/airflow_venv/lib/python3.10/site-packages/airflow/example_dags/example_setup_teardown.py
[2026-05-29T01:58:41.158+0200] {processor.py:829} INFO - Processing file /home/frederic/airflow_venv/lib/python3.10/site-packages/airflow/example_dags/example_setup_teardown.py for tasks to queue
[2026-05-29T01:58:41.159+0200] {logging_mixin.py:151} INFO - [2026-05-29T01:58:41.159+0200] {dagbag.py:539} INFO - Filling up the DagBag from /home/frederic/airflow_venv/lib/python3.10/site-packages/airflow/example_dags/example_setup_teardown.py
[2026-05-29T01:58:41.167+0200] {processor.py:839} INFO - DAG(s) dict_keys(['example_setup_teardown']) retrieved from /home/frederic/airflow_venv/lib/python3.10/site-packages/airflow/example_dags/example_setup_teardown.py
[2026-05-29T01:58:41.181+0200] {logging_mixin.py:151} INFO - [2026-05-29T01:58:41.180+0200] {dag.py:2915} INFO - Sync 1 DAGs
[2026-05-29T01:58:41.202+0200] {logging_mixin.py:151} INFO - [2026-05-29T01:58:41.202+0200] {dag.py:3696} INFO - Setting next_dagrun for example_setup_teardown to 2026-05-27T23:58:41.201848+00:00, run_after=2026-05-28T23:58:41.201848+00:00
[2026-05-29T01:58:41.217+0200] {processor.py:179} INFO - Processing /home/frederic/airflow_venv/lib/python3.10/site-packages/airflow/example_dags/example_setup_teardown.py took 0.063 seconds
[2026-05-29T01:59:04.293+0200] {processor.py:157} INFO - Started process (PID=631559) to work on /home/frederic/airflow_venv/lib/python3.10/site-packages/airflow/example_dags/example_setup_teardown.py
[2026-05-29T01:59:04.295+0200] {processor.py:829} INFO - Processing file /home/frederic/airflow_venv/lib/python3.10/site-packages/airflow/example_dags/example_setup_teardown.py for tasks to queue
[2026-05-29T01:59:04.296+0200] {logging_mixin.py:151} INFO - [2026-05-29T01:59:04.295+0200] {dagbag.py:539} INFO - Filling up the DagBag from /home/frederic/airflow_venv/lib/python3.10/site-packages/airflow/example_dags/example_setup_teardown.py
[2026-05-29T01:59:04.302+0200] {processor.py:839} INFO - DAG(s) dict_keys(['example_setup_teardown']) retrieved from /home/frederic/airflow_venv/lib/python3.10/site-packages/airflow/example_dags/example_setup_teardown.py
[2026-05-29T01:59:04.315+0200] {logging_mixin.py:151} INFO - [2026-05-29T01:59:04.315+0200] {dag.py:2915} INFO - Sync 1 DAGs
[2026-05-29T01:59:04.333+0200] {logging_mixin.py:151} INFO - [2026-05-29T01:59:04.333+0200] {dag.py:3696} INFO - Setting next_dagrun for example_setup_teardown to 2026-05-27T23:59:04.333064+00:00, run_after=2026-05-28T23:59:04.333064+00:00
[2026-05-29T01:59:04.351+0200] {processor.py:179} INFO - Processing /home/frederic/airflow_venv/lib/python3.10/site-packages/airflow/example_dags/example_setup_teardown.py took 0.060 seconds
[2026-05-29T01:59:32.892+0200] {processor.py:157} INFO - Started process (PID=632401) to work on /home/frederic/airflow_venv/lib/python3.10/site-packages/airflow/example_dags/example_setup_teardown.py
[2026-05-29T01:59:32.893+0200] {processor.py:829} INFO - Processing file /home/frederic/airflow_venv/lib/python3.10/site-packages/airflow/example_dags/example_setup_teardown.py for tasks to queue
[2026-05-29T01:59:32.894+0200] {logging_mixin.py:151} INFO - [2026-05-29T01:59:32.894+0200] {dagbag.py:539} INFO - Filling up the DagBag from /home/frederic/airflow_venv/lib/python3.10/site-packages/airflow/example_dags/example_setup_teardown.py
[2026-05-29T01:59:32.901+0200] {processor.py:839} INFO - DAG(s) dict_keys(['example_setup_teardown']) retrieved from /home/frederic/airflow_venv/lib/python3.10/site-packages/airflow/example_dags/example_setup_teardown.py
[2026-05-29T01:59:32.913+0200] {logging_mixin.py:151} INFO - [2026-05-29T01:59:32.913+0200] {dag.py:2915} INFO - Sync 1 DAGs
[2026-05-29T01:59:32.928+0200] {logging_mixin.py:151} INFO - [2026-05-29T01:59:32.928+0200] {dag.py:3696} INFO - Setting next_dagrun for example_setup_teardown to 2026-05-27T23:59:32.928593+00:00, run_after=2026-05-28T23:59:32.928593+00:00
[2026-05-29T01:59:32.942+0200] {processor.py:179} INFO - Processing /home/frederic/airflow_venv/lib/python3.10/site-packages/airflow/example_dags/example_setup_teardown.py took 0.053 seconds
[2026-05-29T01:59:49.536+0200] {processor.py:157} INFO - Started process (PID=632855) to work on /home/frederic/airflow_venv/lib/python3.10/site-packages/airflow/example_dags/example_setup_teardown.py
[2026-05-29T01:59:49.537+0200] {processor.py:829} INFO - Processing file /home/frederic/airflow_venv/lib/python3.10/site-packages/airflow/example_dags/example_setup_teardown.py for tasks to queue
[2026-05-29T01:59:49.538+0200] {logging_mixin.py:151} INFO - [2026-05-29T01:59:49.538+0200] {dagbag.py:539} INFO - Filling up the DagBag from /home/frederic/airflow_venv/lib/python3.10/site-packages/airflow/example_dags/example_setup_teardown.py
[2026-05-29T01:59:49.546+0200] {processor.py:839} INFO - DAG(s) dict_keys(['example_setup_teardown']) retrieved from /home/frederic/airflow_venv/lib/python3.10/site-packages/airflow/example_dags/example_setup_teardown.py
[2026-05-29T01:59:49.560+0200] {logging_mixin.py:151} INFO - [2026-05-29T01:59:49.560+0200] {dag.py:2915} INFO - Sync 1 DAGs
[2026-05-29T01:59:49.580+0200] {logging_mixin.py:151} INFO - [2026-05-29T01:59:49.580+0200] {dag.py:3696} INFO - Setting next_dagrun for example_setup_teardown to 2026-05-27T23:59:49.580250+00:00, run_after=2026-05-28T23:59:49.580250+00:00
[2026-05-29T01:59:49.599+0200] {processor.py:179} INFO - Processing /home/frederic/airflow_venv/lib/python3.10/site-packages/airflow/example_dags/example_setup_teardown.py took 0.065 seconds
