[2026-05-29T01:36:55.120+0200] {processor.py:157} INFO - Started process (PID=594178) to work on /home/frederic/airflow_venv/lib/python3.10/site-packages/airflow/example_dags/example_setup_teardown_taskflow.py
[2026-05-29T01:36:55.121+0200] {processor.py:829} INFO - Processing file /home/frederic/airflow_venv/lib/python3.10/site-packages/airflow/example_dags/example_setup_teardown_taskflow.py for tasks to queue
[2026-05-29T01:36:55.122+0200] {logging_mixin.py:151} INFO - [2026-05-29T01:36:55.122+0200] {dagbag.py:539} INFO - Filling up the DagBag from /home/frederic/airflow_venv/lib/python3.10/site-packages/airflow/example_dags/example_setup_teardown_taskflow.py
[2026-05-29T01:36:55.131+0200] {processor.py:839} INFO - DAG(s) dict_keys(['example_setup_teardown_taskflow']) retrieved from /home/frederic/airflow_venv/lib/python3.10/site-packages/airflow/example_dags/example_setup_teardown_taskflow.py
[2026-05-29T01:36:55.211+0200] {logging_mixin.py:151} INFO - [2026-05-29T01:36:55.211+0200] {manager.py:499} INFO - Created Permission View: %s
[2026-05-29T01:36:55.219+0200] {logging_mixin.py:151} INFO - [2026-05-29T01:36:55.219+0200] {manager.py:499} INFO - Created Permission View: %s
[2026-05-29T01:36:55.224+0200] {logging_mixin.py:151} INFO - [2026-05-29T01:36:55.224+0200] {manager.py:499} INFO - Created Permission View: %s
[2026-05-29T01:36:55.224+0200] {logging_mixin.py:151} INFO - [2026-05-29T01:36:55.224+0200] {security.py:708} INFO - Not syncing DAG-level permissions for DAG 'DAG:example_setup_teardown_taskflow' as access control is unset.
[2026-05-29T01:36:55.224+0200] {logging_mixin.py:151} INFO - [2026-05-29T01:36:55.224+0200] {dag.py:2915} INFO - Sync 1 DAGs
[2026-05-29T01:36:55.233+0200] {logging_mixin.py:151} INFO - [2026-05-29T01:36:55.233+0200] {dag.py:2937} INFO - Creating ORM DAG for example_setup_teardown_taskflow
[2026-05-29T01:36:55.240+0200] {logging_mixin.py:151} INFO - [2026-05-29T01:36:55.240+0200] {dag.py:3696} INFO - Setting next_dagrun for example_setup_teardown_taskflow to 2026-05-27T23:36:55.239941+00:00, run_after=2026-05-28T23:36:55.239941+00:00
[2026-05-29T01:36:55.255+0200] {processor.py:179} INFO - Processing /home/frederic/airflow_venv/lib/python3.10/site-packages/airflow/example_dags/example_setup_teardown_taskflow.py took 0.137 seconds
[2026-05-29T01:37:40.263+0200] {processor.py:157} INFO - Started process (PID=595085) to work on /home/frederic/airflow_venv/lib/python3.10/site-packages/airflow/example_dags/example_setup_teardown_taskflow.py
[2026-05-29T01:37:40.263+0200] {processor.py:829} INFO - Processing file /home/frederic/airflow_venv/lib/python3.10/site-packages/airflow/example_dags/example_setup_teardown_taskflow.py for tasks to queue
[2026-05-29T01:37:40.264+0200] {logging_mixin.py:151} INFO - [2026-05-29T01:37:40.264+0200] {dagbag.py:539} INFO - Filling up the DagBag from /home/frederic/airflow_venv/lib/python3.10/site-packages/airflow/example_dags/example_setup_teardown_taskflow.py
[2026-05-29T01:37:40.272+0200] {processor.py:839} INFO - DAG(s) dict_keys(['example_setup_teardown_taskflow']) retrieved from /home/frederic/airflow_venv/lib/python3.10/site-packages/airflow/example_dags/example_setup_teardown_taskflow.py
[2026-05-29T01:37:40.285+0200] {logging_mixin.py:151} INFO - [2026-05-29T01:37:40.285+0200] {dag.py:2915} INFO - Sync 1 DAGs
[2026-05-29T01:37:40.301+0200] {logging_mixin.py:151} INFO - [2026-05-29T01:37:40.301+0200] {dag.py:3696} INFO - Setting next_dagrun for example_setup_teardown_taskflow to 2026-05-27T23:37:40.301230+00:00, run_after=2026-05-28T23:37:40.301230+00:00
[2026-05-29T01:37:40.315+0200] {processor.py:179} INFO - Processing /home/frederic/airflow_venv/lib/python3.10/site-packages/airflow/example_dags/example_setup_teardown_taskflow.py took 0.055 seconds
[2026-05-29T01:38:26.015+0200] {processor.py:157} INFO - Started process (PID=595954) to work on /home/frederic/airflow_venv/lib/python3.10/site-packages/airflow/example_dags/example_setup_teardown_taskflow.py
[2026-05-29T01:38:26.018+0200] {processor.py:829} INFO - Processing file /home/frederic/airflow_venv/lib/python3.10/site-packages/airflow/example_dags/example_setup_teardown_taskflow.py for tasks to queue
[2026-05-29T01:38:26.019+0200] {logging_mixin.py:151} INFO - [2026-05-29T01:38:26.019+0200] {dagbag.py:539} INFO - Filling up the DagBag from /home/frederic/airflow_venv/lib/python3.10/site-packages/airflow/example_dags/example_setup_teardown_taskflow.py
[2026-05-29T01:38:26.031+0200] {processor.py:839} INFO - DAG(s) dict_keys(['example_setup_teardown_taskflow']) retrieved from /home/frederic/airflow_venv/lib/python3.10/site-packages/airflow/example_dags/example_setup_teardown_taskflow.py
[2026-05-29T01:38:26.047+0200] {logging_mixin.py:151} INFO - [2026-05-29T01:38:26.046+0200] {dag.py:2915} INFO - Sync 1 DAGs
[2026-05-29T01:38:26.066+0200] {logging_mixin.py:151} INFO - [2026-05-29T01:38:26.066+0200] {dag.py:3696} INFO - Setting next_dagrun for example_setup_teardown_taskflow to 2026-05-27T23:38:26.066365+00:00, run_after=2026-05-28T23:38:26.066365+00:00
[2026-05-29T01:38:26.087+0200] {processor.py:179} INFO - Processing /home/frederic/airflow_venv/lib/python3.10/site-packages/airflow/example_dags/example_setup_teardown_taskflow.py took 0.074 seconds
[2026-05-29T01:39:09.737+0200] {processor.py:157} INFO - Started process (PID=597010) to work on /home/frederic/airflow_venv/lib/python3.10/site-packages/airflow/example_dags/example_setup_teardown_taskflow.py
[2026-05-29T01:39:09.738+0200] {processor.py:829} INFO - Processing file /home/frederic/airflow_venv/lib/python3.10/site-packages/airflow/example_dags/example_setup_teardown_taskflow.py for tasks to queue
[2026-05-29T01:39:09.739+0200] {logging_mixin.py:151} INFO - [2026-05-29T01:39:09.739+0200] {dagbag.py:539} INFO - Filling up the DagBag from /home/frederic/airflow_venv/lib/python3.10/site-packages/airflow/example_dags/example_setup_teardown_taskflow.py
[2026-05-29T01:39:09.748+0200] {processor.py:839} INFO - DAG(s) dict_keys(['example_setup_teardown_taskflow']) retrieved from /home/frederic/airflow_venv/lib/python3.10/site-packages/airflow/example_dags/example_setup_teardown_taskflow.py
[2026-05-29T01:39:09.761+0200] {logging_mixin.py:151} INFO - [2026-05-29T01:39:09.761+0200] {dag.py:2915} INFO - Sync 1 DAGs
[2026-05-29T01:39:09.778+0200] {logging_mixin.py:151} INFO - [2026-05-29T01:39:09.778+0200] {dag.py:3696} INFO - Setting next_dagrun for example_setup_teardown_taskflow to 2026-05-27T23:39:09.778054+00:00, run_after=2026-05-28T23:39:09.778054+00:00
[2026-05-29T01:39:09.796+0200] {processor.py:179} INFO - Processing /home/frederic/airflow_venv/lib/python3.10/site-packages/airflow/example_dags/example_setup_teardown_taskflow.py took 0.061 seconds
[2026-05-29T01:39:58.517+0200] {processor.py:157} INFO - Started process (PID=598132) to work on /home/frederic/airflow_venv/lib/python3.10/site-packages/airflow/example_dags/example_setup_teardown_taskflow.py
[2026-05-29T01:39:58.519+0200] {processor.py:829} INFO - Processing file /home/frederic/airflow_venv/lib/python3.10/site-packages/airflow/example_dags/example_setup_teardown_taskflow.py for tasks to queue
[2026-05-29T01:39:58.519+0200] {logging_mixin.py:151} INFO - [2026-05-29T01:39:58.519+0200] {dagbag.py:539} INFO - Filling up the DagBag from /home/frederic/airflow_venv/lib/python3.10/site-packages/airflow/example_dags/example_setup_teardown_taskflow.py
[2026-05-29T01:39:58.528+0200] {processor.py:839} INFO - DAG(s) dict_keys(['example_setup_teardown_taskflow']) retrieved from /home/frederic/airflow_venv/lib/python3.10/site-packages/airflow/example_dags/example_setup_teardown_taskflow.py
[2026-05-29T01:39:58.543+0200] {logging_mixin.py:151} INFO - [2026-05-29T01:39:58.543+0200] {dag.py:2915} INFO - Sync 1 DAGs
[2026-05-29T01:39:58.565+0200] {logging_mixin.py:151} INFO - [2026-05-29T01:39:58.565+0200] {dag.py:3696} INFO - Setting next_dagrun for example_setup_teardown_taskflow to 2026-05-27T23:39:58.565268+00:00, run_after=2026-05-28T23:39:58.565268+00:00
[2026-05-29T01:39:58.582+0200] {processor.py:179} INFO - Processing /home/frederic/airflow_venv/lib/python3.10/site-packages/airflow/example_dags/example_setup_teardown_taskflow.py took 0.067 seconds
[2026-05-29T01:40:47.705+0200] {processor.py:157} INFO - Started process (PID=599349) to work on /home/frederic/airflow_venv/lib/python3.10/site-packages/airflow/example_dags/example_setup_teardown_taskflow.py
[2026-05-29T01:40:47.709+0200] {processor.py:829} INFO - Processing file /home/frederic/airflow_venv/lib/python3.10/site-packages/airflow/example_dags/example_setup_teardown_taskflow.py for tasks to queue
[2026-05-29T01:40:47.709+0200] {logging_mixin.py:151} INFO - [2026-05-29T01:40:47.709+0200] {dagbag.py:539} INFO - Filling up the DagBag from /home/frederic/airflow_venv/lib/python3.10/site-packages/airflow/example_dags/example_setup_teardown_taskflow.py
[2026-05-29T01:40:47.722+0200] {processor.py:839} INFO - DAG(s) dict_keys(['example_setup_teardown_taskflow']) retrieved from /home/frederic/airflow_venv/lib/python3.10/site-packages/airflow/example_dags/example_setup_teardown_taskflow.py
[2026-05-29T01:40:47.740+0200] {logging_mixin.py:151} INFO - [2026-05-29T01:40:47.740+0200] {dag.py:2915} INFO - Sync 1 DAGs
[2026-05-29T01:40:47.757+0200] {logging_mixin.py:151} INFO - [2026-05-29T01:40:47.757+0200] {dag.py:3696} INFO - Setting next_dagrun for example_setup_teardown_taskflow to 2026-05-27T23:40:47.756845+00:00, run_after=2026-05-28T23:40:47.756845+00:00
[2026-05-29T01:40:47.773+0200] {processor.py:179} INFO - Processing /home/frederic/airflow_venv/lib/python3.10/site-packages/airflow/example_dags/example_setup_teardown_taskflow.py took 0.070 seconds
[2026-05-29T01:41:32.031+0200] {processor.py:157} INFO - Started process (PID=600631) to work on /home/frederic/airflow_venv/lib/python3.10/site-packages/airflow/example_dags/example_setup_teardown_taskflow.py
[2026-05-29T01:41:32.032+0200] {processor.py:829} INFO - Processing file /home/frederic/airflow_venv/lib/python3.10/site-packages/airflow/example_dags/example_setup_teardown_taskflow.py for tasks to queue
[2026-05-29T01:41:32.033+0200] {logging_mixin.py:151} INFO - [2026-05-29T01:41:32.033+0200] {dagbag.py:539} INFO - Filling up the DagBag from /home/frederic/airflow_venv/lib/python3.10/site-packages/airflow/example_dags/example_setup_teardown_taskflow.py
[2026-05-29T01:41:32.043+0200] {processor.py:839} INFO - DAG(s) dict_keys(['example_setup_teardown_taskflow']) retrieved from /home/frederic/airflow_venv/lib/python3.10/site-packages/airflow/example_dags/example_setup_teardown_taskflow.py
[2026-05-29T01:41:32.057+0200] {logging_mixin.py:151} INFO - [2026-05-29T01:41:32.056+0200] {dag.py:2915} INFO - Sync 1 DAGs
[2026-05-29T01:41:32.075+0200] {logging_mixin.py:151} INFO - [2026-05-29T01:41:32.075+0200] {dag.py:3696} INFO - Setting next_dagrun for example_setup_teardown_taskflow to 2026-05-27T23:41:32.074709+00:00, run_after=2026-05-28T23:41:32.074709+00:00
[2026-05-29T01:41:32.092+0200] {processor.py:179} INFO - Processing /home/frederic/airflow_venv/lib/python3.10/site-packages/airflow/example_dags/example_setup_teardown_taskflow.py took 0.064 seconds
[2026-05-29T01:42:14.438+0200] {processor.py:157} INFO - Started process (PID=601387) to work on /home/frederic/airflow_venv/lib/python3.10/site-packages/airflow/example_dags/example_setup_teardown_taskflow.py
[2026-05-29T01:42:14.439+0200] {processor.py:829} INFO - Processing file /home/frederic/airflow_venv/lib/python3.10/site-packages/airflow/example_dags/example_setup_teardown_taskflow.py for tasks to queue
[2026-05-29T01:42:14.439+0200] {logging_mixin.py:151} INFO - [2026-05-29T01:42:14.439+0200] {dagbag.py:539} INFO - Filling up the DagBag from /home/frederic/airflow_venv/lib/python3.10/site-packages/airflow/example_dags/example_setup_teardown_taskflow.py
[2026-05-29T01:42:14.447+0200] {processor.py:839} INFO - DAG(s) dict_keys(['example_setup_teardown_taskflow']) retrieved from /home/frederic/airflow_venv/lib/python3.10/site-packages/airflow/example_dags/example_setup_teardown_taskflow.py
[2026-05-29T01:42:14.461+0200] {logging_mixin.py:151} INFO - [2026-05-29T01:42:14.461+0200] {dag.py:2915} INFO - Sync 1 DAGs
[2026-05-29T01:42:14.476+0200] {logging_mixin.py:151} INFO - [2026-05-29T01:42:14.476+0200] {dag.py:3696} INFO - Setting next_dagrun for example_setup_teardown_taskflow to 2026-05-27T23:42:14.476174+00:00, run_after=2026-05-28T23:42:14.476174+00:00
[2026-05-29T01:42:14.493+0200] {processor.py:179} INFO - Processing /home/frederic/airflow_venv/lib/python3.10/site-packages/airflow/example_dags/example_setup_teardown_taskflow.py took 0.057 seconds
[2026-05-29T01:43:03.603+0200] {processor.py:157} INFO - Started process (PID=602237) to work on /home/frederic/airflow_venv/lib/python3.10/site-packages/airflow/example_dags/example_setup_teardown_taskflow.py
[2026-05-29T01:43:03.607+0200] {processor.py:829} INFO - Processing file /home/frederic/airflow_venv/lib/python3.10/site-packages/airflow/example_dags/example_setup_teardown_taskflow.py for tasks to queue
[2026-05-29T01:43:03.608+0200] {logging_mixin.py:151} INFO - [2026-05-29T01:43:03.607+0200] {dagbag.py:539} INFO - Filling up the DagBag from /home/frederic/airflow_venv/lib/python3.10/site-packages/airflow/example_dags/example_setup_teardown_taskflow.py
[2026-05-29T01:43:03.617+0200] {processor.py:839} INFO - DAG(s) dict_keys(['example_setup_teardown_taskflow']) retrieved from /home/frederic/airflow_venv/lib/python3.10/site-packages/airflow/example_dags/example_setup_teardown_taskflow.py
[2026-05-29T01:43:03.631+0200] {logging_mixin.py:151} INFO - [2026-05-29T01:43:03.631+0200] {dag.py:2915} INFO - Sync 1 DAGs
[2026-05-29T01:43:03.654+0200] {logging_mixin.py:151} INFO - [2026-05-29T01:43:03.654+0200] {dag.py:3696} INFO - Setting next_dagrun for example_setup_teardown_taskflow to 2026-05-27T23:43:03.653792+00:00, run_after=2026-05-28T23:43:03.653792+00:00
[2026-05-29T01:43:03.681+0200] {processor.py:179} INFO - Processing /home/frederic/airflow_venv/lib/python3.10/site-packages/airflow/example_dags/example_setup_teardown_taskflow.py took 0.080 seconds
[2026-05-29T01:43:50.574+0200] {processor.py:157} INFO - Started process (PID=603145) to work on /home/frederic/airflow_venv/lib/python3.10/site-packages/airflow/example_dags/example_setup_teardown_taskflow.py
[2026-05-29T01:43:50.575+0200] {processor.py:829} INFO - Processing file /home/frederic/airflow_venv/lib/python3.10/site-packages/airflow/example_dags/example_setup_teardown_taskflow.py for tasks to queue
[2026-05-29T01:43:50.576+0200] {logging_mixin.py:151} INFO - [2026-05-29T01:43:50.576+0200] {dagbag.py:539} INFO - Filling up the DagBag from /home/frederic/airflow_venv/lib/python3.10/site-packages/airflow/example_dags/example_setup_teardown_taskflow.py
[2026-05-29T01:43:50.585+0200] {processor.py:839} INFO - DAG(s) dict_keys(['example_setup_teardown_taskflow']) retrieved from /home/frederic/airflow_venv/lib/python3.10/site-packages/airflow/example_dags/example_setup_teardown_taskflow.py
[2026-05-29T01:43:50.598+0200] {logging_mixin.py:151} INFO - [2026-05-29T01:43:50.598+0200] {dag.py:2915} INFO - Sync 1 DAGs
[2026-05-29T01:43:50.614+0200] {logging_mixin.py:151} INFO - [2026-05-29T01:43:50.614+0200] {dag.py:3696} INFO - Setting next_dagrun for example_setup_teardown_taskflow to 2026-05-27T23:43:50.614225+00:00, run_after=2026-05-28T23:43:50.614225+00:00
[2026-05-29T01:43:50.631+0200] {processor.py:179} INFO - Processing /home/frederic/airflow_venv/lib/python3.10/site-packages/airflow/example_dags/example_setup_teardown_taskflow.py took 0.059 seconds
[2026-05-29T01:44:40.198+0200] {processor.py:157} INFO - Started process (PID=604038) to work on /home/frederic/airflow_venv/lib/python3.10/site-packages/airflow/example_dags/example_setup_teardown_taskflow.py
[2026-05-29T01:44:40.202+0200] {processor.py:829} INFO - Processing file /home/frederic/airflow_venv/lib/python3.10/site-packages/airflow/example_dags/example_setup_teardown_taskflow.py for tasks to queue
[2026-05-29T01:44:40.203+0200] {logging_mixin.py:151} INFO - [2026-05-29T01:44:40.202+0200] {dagbag.py:539} INFO - Filling up the DagBag from /home/frederic/airflow_venv/lib/python3.10/site-packages/airflow/example_dags/example_setup_teardown_taskflow.py
[2026-05-29T01:44:40.212+0200] {processor.py:839} INFO - DAG(s) dict_keys(['example_setup_teardown_taskflow']) retrieved from /home/frederic/airflow_venv/lib/python3.10/site-packages/airflow/example_dags/example_setup_teardown_taskflow.py
[2026-05-29T01:44:40.226+0200] {logging_mixin.py:151} INFO - [2026-05-29T01:44:40.225+0200] {dag.py:2915} INFO - Sync 1 DAGs
[2026-05-29T01:44:40.242+0200] {logging_mixin.py:151} INFO - [2026-05-29T01:44:40.242+0200] {dag.py:3696} INFO - Setting next_dagrun for example_setup_teardown_taskflow to 2026-05-27T23:44:40.242194+00:00, run_after=2026-05-28T23:44:40.242194+00:00
[2026-05-29T01:44:40.258+0200] {processor.py:179} INFO - Processing /home/frederic/airflow_venv/lib/python3.10/site-packages/airflow/example_dags/example_setup_teardown_taskflow.py took 0.062 seconds
[2026-05-29T01:45:28.056+0200] {processor.py:157} INFO - Started process (PID=606130) to work on /home/frederic/airflow_venv/lib/python3.10/site-packages/airflow/example_dags/example_setup_teardown_taskflow.py
[2026-05-29T01:45:28.058+0200] {processor.py:829} INFO - Processing file /home/frederic/airflow_venv/lib/python3.10/site-packages/airflow/example_dags/example_setup_teardown_taskflow.py for tasks to queue
[2026-05-29T01:45:28.058+0200] {logging_mixin.py:151} INFO - [2026-05-29T01:45:28.058+0200] {dagbag.py:539} INFO - Filling up the DagBag from /home/frederic/airflow_venv/lib/python3.10/site-packages/airflow/example_dags/example_setup_teardown_taskflow.py
[2026-05-29T01:45:28.074+0200] {processor.py:839} INFO - DAG(s) dict_keys(['example_setup_teardown_taskflow']) retrieved from /home/frederic/airflow_venv/lib/python3.10/site-packages/airflow/example_dags/example_setup_teardown_taskflow.py
[2026-05-29T01:45:28.094+0200] {logging_mixin.py:151} INFO - [2026-05-29T01:45:28.094+0200] {dag.py:2915} INFO - Sync 1 DAGs
[2026-05-29T01:45:28.120+0200] {logging_mixin.py:151} INFO - [2026-05-29T01:45:28.119+0200] {dag.py:3696} INFO - Setting next_dagrun for example_setup_teardown_taskflow to 2026-05-27T23:45:28.119692+00:00, run_after=2026-05-28T23:45:28.119692+00:00
[2026-05-29T01:45:28.142+0200] {processor.py:179} INFO - Processing /home/frederic/airflow_venv/lib/python3.10/site-packages/airflow/example_dags/example_setup_teardown_taskflow.py took 0.091 seconds
[2026-05-29T01:46:22.217+0200] {processor.py:157} INFO - Started process (PID=608549) to work on /home/frederic/airflow_venv/lib/python3.10/site-packages/airflow/example_dags/example_setup_teardown_taskflow.py
[2026-05-29T01:46:22.218+0200] {processor.py:829} INFO - Processing file /home/frederic/airflow_venv/lib/python3.10/site-packages/airflow/example_dags/example_setup_teardown_taskflow.py for tasks to queue
[2026-05-29T01:46:22.219+0200] {logging_mixin.py:151} INFO - [2026-05-29T01:46:22.218+0200] {dagbag.py:539} INFO - Filling up the DagBag from /home/frederic/airflow_venv/lib/python3.10/site-packages/airflow/example_dags/example_setup_teardown_taskflow.py
[2026-05-29T01:46:22.228+0200] {processor.py:839} INFO - DAG(s) dict_keys(['example_setup_teardown_taskflow']) retrieved from /home/frederic/airflow_venv/lib/python3.10/site-packages/airflow/example_dags/example_setup_teardown_taskflow.py
[2026-05-29T01:46:22.243+0200] {logging_mixin.py:151} INFO - [2026-05-29T01:46:22.243+0200] {dag.py:2915} INFO - Sync 1 DAGs
[2026-05-29T01:46:22.262+0200] {logging_mixin.py:151} INFO - [2026-05-29T01:46:22.262+0200] {dag.py:3696} INFO - Setting next_dagrun for example_setup_teardown_taskflow to 2026-05-27T23:46:22.261814+00:00, run_after=2026-05-28T23:46:22.261814+00:00
[2026-05-29T01:46:22.279+0200] {processor.py:179} INFO - Processing /home/frederic/airflow_venv/lib/python3.10/site-packages/airflow/example_dags/example_setup_teardown_taskflow.py took 0.064 seconds
[2026-05-29T01:47:05.637+0200] {processor.py:157} INFO - Started process (PID=609702) to work on /home/frederic/airflow_venv/lib/python3.10/site-packages/airflow/example_dags/example_setup_teardown_taskflow.py
[2026-05-29T01:47:05.638+0200] {processor.py:829} INFO - Processing file /home/frederic/airflow_venv/lib/python3.10/site-packages/airflow/example_dags/example_setup_teardown_taskflow.py for tasks to queue
[2026-05-29T01:47:05.639+0200] {logging_mixin.py:151} INFO - [2026-05-29T01:47:05.639+0200] {dagbag.py:539} INFO - Filling up the DagBag from /home/frederic/airflow_venv/lib/python3.10/site-packages/airflow/example_dags/example_setup_teardown_taskflow.py
[2026-05-29T01:47:05.647+0200] {processor.py:839} INFO - DAG(s) dict_keys(['example_setup_teardown_taskflow']) retrieved from /home/frederic/airflow_venv/lib/python3.10/site-packages/airflow/example_dags/example_setup_teardown_taskflow.py
[2026-05-29T01:47:05.660+0200] {logging_mixin.py:151} INFO - [2026-05-29T01:47:05.660+0200] {dag.py:2915} INFO - Sync 1 DAGs
[2026-05-29T01:47:05.680+0200] {logging_mixin.py:151} INFO - [2026-05-29T01:47:05.680+0200] {dag.py:3696} INFO - Setting next_dagrun for example_setup_teardown_taskflow to 2026-05-27T23:47:05.680243+00:00, run_after=2026-05-28T23:47:05.680243+00:00
[2026-05-29T01:47:05.697+0200] {processor.py:179} INFO - Processing /home/frederic/airflow_venv/lib/python3.10/site-packages/airflow/example_dags/example_setup_teardown_taskflow.py took 0.062 seconds
[2026-05-29T01:47:48.854+0200] {processor.py:157} INFO - Started process (PID=610978) to work on /home/frederic/airflow_venv/lib/python3.10/site-packages/airflow/example_dags/example_setup_teardown_taskflow.py
[2026-05-29T01:47:48.857+0200] {processor.py:829} INFO - Processing file /home/frederic/airflow_venv/lib/python3.10/site-packages/airflow/example_dags/example_setup_teardown_taskflow.py for tasks to queue
[2026-05-29T01:47:48.857+0200] {logging_mixin.py:151} INFO - [2026-05-29T01:47:48.857+0200] {dagbag.py:539} INFO - Filling up the DagBag from /home/frederic/airflow_venv/lib/python3.10/site-packages/airflow/example_dags/example_setup_teardown_taskflow.py
[2026-05-29T01:47:48.866+0200] {processor.py:839} INFO - DAG(s) dict_keys(['example_setup_teardown_taskflow']) retrieved from /home/frederic/airflow_venv/lib/python3.10/site-packages/airflow/example_dags/example_setup_teardown_taskflow.py
[2026-05-29T01:47:48.879+0200] {logging_mixin.py:151} INFO - [2026-05-29T01:47:48.879+0200] {dag.py:2915} INFO - Sync 1 DAGs
[2026-05-29T01:47:48.894+0200] {logging_mixin.py:151} INFO - [2026-05-29T01:47:48.894+0200] {dag.py:3696} INFO - Setting next_dagrun for example_setup_teardown_taskflow to 2026-05-27T23:47:48.894573+00:00, run_after=2026-05-28T23:47:48.894573+00:00
[2026-05-29T01:47:48.910+0200] {processor.py:179} INFO - Processing /home/frederic/airflow_venv/lib/python3.10/site-packages/airflow/example_dags/example_setup_teardown_taskflow.py took 0.058 seconds
[2026-05-29T01:48:35.824+0200] {processor.py:157} INFO - Started process (PID=612328) to work on /home/frederic/airflow_venv/lib/python3.10/site-packages/airflow/example_dags/example_setup_teardown_taskflow.py
[2026-05-29T01:48:35.825+0200] {processor.py:829} INFO - Processing file /home/frederic/airflow_venv/lib/python3.10/site-packages/airflow/example_dags/example_setup_teardown_taskflow.py for tasks to queue
[2026-05-29T01:48:35.826+0200] {logging_mixin.py:151} INFO - [2026-05-29T01:48:35.826+0200] {dagbag.py:539} INFO - Filling up the DagBag from /home/frederic/airflow_venv/lib/python3.10/site-packages/airflow/example_dags/example_setup_teardown_taskflow.py
[2026-05-29T01:48:35.836+0200] {processor.py:839} INFO - DAG(s) dict_keys(['example_setup_teardown_taskflow']) retrieved from /home/frederic/airflow_venv/lib/python3.10/site-packages/airflow/example_dags/example_setup_teardown_taskflow.py
[2026-05-29T01:48:35.860+0200] {logging_mixin.py:151} INFO - [2026-05-29T01:48:35.860+0200] {dag.py:2915} INFO - Sync 1 DAGs
[2026-05-29T01:48:35.881+0200] {logging_mixin.py:151} INFO - [2026-05-29T01:48:35.880+0200] {dag.py:3696} INFO - Setting next_dagrun for example_setup_teardown_taskflow to 2026-05-27T23:48:35.880815+00:00, run_after=2026-05-28T23:48:35.880815+00:00
[2026-05-29T01:48:35.900+0200] {processor.py:179} INFO - Processing /home/frederic/airflow_venv/lib/python3.10/site-packages/airflow/example_dags/example_setup_teardown_taskflow.py took 0.080 seconds
[2026-05-29T01:49:21.616+0200] {processor.py:157} INFO - Started process (PID=613543) to work on /home/frederic/airflow_venv/lib/python3.10/site-packages/airflow/example_dags/example_setup_teardown_taskflow.py
[2026-05-29T01:49:21.620+0200] {processor.py:829} INFO - Processing file /home/frederic/airflow_venv/lib/python3.10/site-packages/airflow/example_dags/example_setup_teardown_taskflow.py for tasks to queue
[2026-05-29T01:49:21.620+0200] {logging_mixin.py:151} INFO - [2026-05-29T01:49:21.620+0200] {dagbag.py:539} INFO - Filling up the DagBag from /home/frederic/airflow_venv/lib/python3.10/site-packages/airflow/example_dags/example_setup_teardown_taskflow.py
[2026-05-29T01:49:21.629+0200] {processor.py:839} INFO - DAG(s) dict_keys(['example_setup_teardown_taskflow']) retrieved from /home/frederic/airflow_venv/lib/python3.10/site-packages/airflow/example_dags/example_setup_teardown_taskflow.py
[2026-05-29T01:49:21.643+0200] {logging_mixin.py:151} INFO - [2026-05-29T01:49:21.642+0200] {dag.py:2915} INFO - Sync 1 DAGs
[2026-05-29T01:49:21.659+0200] {logging_mixin.py:151} INFO - [2026-05-29T01:49:21.659+0200] {dag.py:3696} INFO - Setting next_dagrun for example_setup_teardown_taskflow to 2026-05-27T23:49:21.659092+00:00, run_after=2026-05-28T23:49:21.659092+00:00
[2026-05-29T01:49:21.674+0200] {processor.py:179} INFO - Processing /home/frederic/airflow_venv/lib/python3.10/site-packages/airflow/example_dags/example_setup_teardown_taskflow.py took 0.060 seconds
[2026-05-29T01:50:04.480+0200] {processor.py:157} INFO - Started process (PID=614650) to work on /home/frederic/airflow_venv/lib/python3.10/site-packages/airflow/example_dags/example_setup_teardown_taskflow.py
[2026-05-29T01:50:04.481+0200] {processor.py:829} INFO - Processing file /home/frederic/airflow_venv/lib/python3.10/site-packages/airflow/example_dags/example_setup_teardown_taskflow.py for tasks to queue
[2026-05-29T01:50:04.482+0200] {logging_mixin.py:151} INFO - [2026-05-29T01:50:04.482+0200] {dagbag.py:539} INFO - Filling up the DagBag from /home/frederic/airflow_venv/lib/python3.10/site-packages/airflow/example_dags/example_setup_teardown_taskflow.py
[2026-05-29T01:50:04.491+0200] {processor.py:839} INFO - DAG(s) dict_keys(['example_setup_teardown_taskflow']) retrieved from /home/frederic/airflow_venv/lib/python3.10/site-packages/airflow/example_dags/example_setup_teardown_taskflow.py
[2026-05-29T01:50:04.505+0200] {logging_mixin.py:151} INFO - [2026-05-29T01:50:04.505+0200] {dag.py:2915} INFO - Sync 1 DAGs
[2026-05-29T01:50:04.528+0200] {logging_mixin.py:151} INFO - [2026-05-29T01:50:04.528+0200] {dag.py:3696} INFO - Setting next_dagrun for example_setup_teardown_taskflow to 2026-05-27T23:50:04.528246+00:00, run_after=2026-05-28T23:50:04.528246+00:00
[2026-05-29T01:50:04.553+0200] {processor.py:179} INFO - Processing /home/frederic/airflow_venv/lib/python3.10/site-packages/airflow/example_dags/example_setup_teardown_taskflow.py took 0.076 seconds
[2026-05-29T01:50:43.629+0200] {processor.py:157} INFO - Started process (PID=615944) to work on /home/frederic/airflow_venv/lib/python3.10/site-packages/airflow/example_dags/example_setup_teardown_taskflow.py
[2026-05-29T01:50:43.630+0200] {processor.py:829} INFO - Processing file /home/frederic/airflow_venv/lib/python3.10/site-packages/airflow/example_dags/example_setup_teardown_taskflow.py for tasks to queue
[2026-05-29T01:50:43.631+0200] {logging_mixin.py:151} INFO - [2026-05-29T01:50:43.630+0200] {dagbag.py:539} INFO - Filling up the DagBag from /home/frederic/airflow_venv/lib/python3.10/site-packages/airflow/example_dags/example_setup_teardown_taskflow.py
[2026-05-29T01:50:43.638+0200] {processor.py:839} INFO - DAG(s) dict_keys(['example_setup_teardown_taskflow']) retrieved from /home/frederic/airflow_venv/lib/python3.10/site-packages/airflow/example_dags/example_setup_teardown_taskflow.py
[2026-05-29T01:50:43.651+0200] {logging_mixin.py:151} INFO - [2026-05-29T01:50:43.651+0200] {dag.py:2915} INFO - Sync 1 DAGs
[2026-05-29T01:50:43.665+0200] {logging_mixin.py:151} INFO - [2026-05-29T01:50:43.665+0200] {dag.py:3696} INFO - Setting next_dagrun for example_setup_teardown_taskflow to 2026-05-27T23:50:43.665260+00:00, run_after=2026-05-28T23:50:43.665260+00:00
[2026-05-29T01:50:43.681+0200] {processor.py:179} INFO - Processing /home/frederic/airflow_venv/lib/python3.10/site-packages/airflow/example_dags/example_setup_teardown_taskflow.py took 0.055 seconds
[2026-05-29T01:51:25.884+0200] {processor.py:157} INFO - Started process (PID=616937) to work on /home/frederic/airflow_venv/lib/python3.10/site-packages/airflow/example_dags/example_setup_teardown_taskflow.py
[2026-05-29T01:51:25.887+0200] {processor.py:829} INFO - Processing file /home/frederic/airflow_venv/lib/python3.10/site-packages/airflow/example_dags/example_setup_teardown_taskflow.py for tasks to queue
[2026-05-29T01:51:25.888+0200] {logging_mixin.py:151} INFO - [2026-05-29T01:51:25.888+0200] {dagbag.py:539} INFO - Filling up the DagBag from /home/frederic/airflow_venv/lib/python3.10/site-packages/airflow/example_dags/example_setup_teardown_taskflow.py
[2026-05-29T01:51:25.906+0200] {processor.py:839} INFO - DAG(s) dict_keys(['example_setup_teardown_taskflow']) retrieved from /home/frederic/airflow_venv/lib/python3.10/site-packages/airflow/example_dags/example_setup_teardown_taskflow.py
[2026-05-29T01:51:25.933+0200] {logging_mixin.py:151} INFO - [2026-05-29T01:51:25.933+0200] {dag.py:2915} INFO - Sync 1 DAGs
[2026-05-29T01:51:25.949+0200] {logging_mixin.py:151} INFO - [2026-05-29T01:51:25.949+0200] {dag.py:3696} INFO - Setting next_dagrun for example_setup_teardown_taskflow to 2026-05-27T23:51:25.949325+00:00, run_after=2026-05-28T23:51:25.949325+00:00
[2026-05-29T01:51:25.964+0200] {processor.py:179} INFO - Processing /home/frederic/airflow_venv/lib/python3.10/site-packages/airflow/example_dags/example_setup_teardown_taskflow.py took 0.083 seconds
[2026-05-29T01:52:17.355+0200] {processor.py:157} INFO - Started process (PID=618297) to work on /home/frederic/airflow_venv/lib/python3.10/site-packages/airflow/example_dags/example_setup_teardown_taskflow.py
[2026-05-29T01:52:17.357+0200] {processor.py:829} INFO - Processing file /home/frederic/airflow_venv/lib/python3.10/site-packages/airflow/example_dags/example_setup_teardown_taskflow.py for tasks to queue
[2026-05-29T01:52:17.358+0200] {logging_mixin.py:151} INFO - [2026-05-29T01:52:17.357+0200] {dagbag.py:539} INFO - Filling up the DagBag from /home/frederic/airflow_venv/lib/python3.10/site-packages/airflow/example_dags/example_setup_teardown_taskflow.py
[2026-05-29T01:52:17.372+0200] {processor.py:839} INFO - DAG(s) dict_keys(['example_setup_teardown_taskflow']) retrieved from /home/frederic/airflow_venv/lib/python3.10/site-packages/airflow/example_dags/example_setup_teardown_taskflow.py
[2026-05-29T01:52:17.390+0200] {logging_mixin.py:151} INFO - [2026-05-29T01:52:17.390+0200] {dag.py:2915} INFO - Sync 1 DAGs
[2026-05-29T01:52:17.413+0200] {logging_mixin.py:151} INFO - [2026-05-29T01:52:17.413+0200] {dag.py:3696} INFO - Setting next_dagrun for example_setup_teardown_taskflow to 2026-05-27T23:52:17.413236+00:00, run_after=2026-05-28T23:52:17.413236+00:00
[2026-05-29T01:52:17.432+0200] {processor.py:179} INFO - Processing /home/frederic/airflow_venv/lib/python3.10/site-packages/airflow/example_dags/example_setup_teardown_taskflow.py took 0.079 seconds
[2026-05-29T01:53:03.616+0200] {processor.py:157} INFO - Started process (PID=619825) to work on /home/frederic/airflow_venv/lib/python3.10/site-packages/airflow/example_dags/example_setup_teardown_taskflow.py
[2026-05-29T01:53:03.619+0200] {processor.py:829} INFO - Processing file /home/frederic/airflow_venv/lib/python3.10/site-packages/airflow/example_dags/example_setup_teardown_taskflow.py for tasks to queue
[2026-05-29T01:53:03.620+0200] {logging_mixin.py:151} INFO - [2026-05-29T01:53:03.620+0200] {dagbag.py:539} INFO - Filling up the DagBag from /home/frederic/airflow_venv/lib/python3.10/site-packages/airflow/example_dags/example_setup_teardown_taskflow.py
[2026-05-29T01:53:03.629+0200] {processor.py:839} INFO - DAG(s) dict_keys(['example_setup_teardown_taskflow']) retrieved from /home/frederic/airflow_venv/lib/python3.10/site-packages/airflow/example_dags/example_setup_teardown_taskflow.py
[2026-05-29T01:53:03.645+0200] {logging_mixin.py:151} INFO - [2026-05-29T01:53:03.645+0200] {dag.py:2915} INFO - Sync 1 DAGs
[2026-05-29T01:53:03.667+0200] {logging_mixin.py:151} INFO - [2026-05-29T01:53:03.667+0200] {dag.py:3696} INFO - Setting next_dagrun for example_setup_teardown_taskflow to 2026-05-27T23:53:03.667311+00:00, run_after=2026-05-28T23:53:03.667311+00:00
[2026-05-29T01:53:03.686+0200] {processor.py:179} INFO - Processing /home/frederic/airflow_venv/lib/python3.10/site-packages/airflow/example_dags/example_setup_teardown_taskflow.py took 0.072 seconds
[2026-05-29T01:53:48.984+0200] {processor.py:157} INFO - Started process (PID=621092) to work on /home/frederic/airflow_venv/lib/python3.10/site-packages/airflow/example_dags/example_setup_teardown_taskflow.py
[2026-05-29T01:53:48.988+0200] {processor.py:829} INFO - Processing file /home/frederic/airflow_venv/lib/python3.10/site-packages/airflow/example_dags/example_setup_teardown_taskflow.py for tasks to queue
[2026-05-29T01:53:48.989+0200] {logging_mixin.py:151} INFO - [2026-05-29T01:53:48.988+0200] {dagbag.py:539} INFO - Filling up the DagBag from /home/frederic/airflow_venv/lib/python3.10/site-packages/airflow/example_dags/example_setup_teardown_taskflow.py
[2026-05-29T01:53:48.997+0200] {processor.py:839} INFO - DAG(s) dict_keys(['example_setup_teardown_taskflow']) retrieved from /home/frederic/airflow_venv/lib/python3.10/site-packages/airflow/example_dags/example_setup_teardown_taskflow.py
[2026-05-29T01:53:49.013+0200] {logging_mixin.py:151} INFO - [2026-05-29T01:53:49.013+0200] {dag.py:2915} INFO - Sync 1 DAGs
[2026-05-29T01:53:49.034+0200] {logging_mixin.py:151} INFO - [2026-05-29T01:53:49.034+0200] {dag.py:3696} INFO - Setting next_dagrun for example_setup_teardown_taskflow to 2026-05-27T23:53:49.034065+00:00, run_after=2026-05-28T23:53:49.034065+00:00
[2026-05-29T01:53:49.058+0200] {processor.py:179} INFO - Processing /home/frederic/airflow_venv/lib/python3.10/site-packages/airflow/example_dags/example_setup_teardown_taskflow.py took 0.076 seconds
[2026-05-29T01:54:36.428+0200] {processor.py:157} INFO - Started process (PID=622596) to work on /home/frederic/airflow_venv/lib/python3.10/site-packages/airflow/example_dags/example_setup_teardown_taskflow.py
[2026-05-29T01:54:36.431+0200] {processor.py:829} INFO - Processing file /home/frederic/airflow_venv/lib/python3.10/site-packages/airflow/example_dags/example_setup_teardown_taskflow.py for tasks to queue
[2026-05-29T01:54:36.432+0200] {logging_mixin.py:151} INFO - [2026-05-29T01:54:36.432+0200] {dagbag.py:539} INFO - Filling up the DagBag from /home/frederic/airflow_venv/lib/python3.10/site-packages/airflow/example_dags/example_setup_teardown_taskflow.py
[2026-05-29T01:54:36.444+0200] {processor.py:839} INFO - DAG(s) dict_keys(['example_setup_teardown_taskflow']) retrieved from /home/frederic/airflow_venv/lib/python3.10/site-packages/airflow/example_dags/example_setup_teardown_taskflow.py
[2026-05-29T01:54:36.459+0200] {logging_mixin.py:151} INFO - [2026-05-29T01:54:36.459+0200] {dag.py:2915} INFO - Sync 1 DAGs
[2026-05-29T01:54:36.475+0200] {logging_mixin.py:151} INFO - [2026-05-29T01:54:36.475+0200] {dag.py:3696} INFO - Setting next_dagrun for example_setup_teardown_taskflow to 2026-05-27T23:54:36.475415+00:00, run_after=2026-05-28T23:54:36.475415+00:00
[2026-05-29T01:54:36.489+0200] {processor.py:179} INFO - Processing /home/frederic/airflow_venv/lib/python3.10/site-packages/airflow/example_dags/example_setup_teardown_taskflow.py took 0.064 seconds
[2026-05-29T01:55:21.417+0200] {processor.py:157} INFO - Started process (PID=624196) to work on /home/frederic/airflow_venv/lib/python3.10/site-packages/airflow/example_dags/example_setup_teardown_taskflow.py
[2026-05-29T01:55:21.418+0200] {processor.py:829} INFO - Processing file /home/frederic/airflow_venv/lib/python3.10/site-packages/airflow/example_dags/example_setup_teardown_taskflow.py for tasks to queue
[2026-05-29T01:55:21.420+0200] {logging_mixin.py:151} INFO - [2026-05-29T01:55:21.419+0200] {dagbag.py:539} INFO - Filling up the DagBag from /home/frederic/airflow_venv/lib/python3.10/site-packages/airflow/example_dags/example_setup_teardown_taskflow.py
[2026-05-29T01:55:21.435+0200] {processor.py:839} INFO - DAG(s) dict_keys(['example_setup_teardown_taskflow']) retrieved from /home/frederic/airflow_venv/lib/python3.10/site-packages/airflow/example_dags/example_setup_teardown_taskflow.py
[2026-05-29T01:55:21.443+0200] {logging_mixin.py:151} INFO - [2026-05-29T01:55:21.443+0200] {dag.py:2915} INFO - Sync 1 DAGs
[2026-05-29T01:55:21.466+0200] {logging_mixin.py:151} INFO - [2026-05-29T01:55:21.466+0200] {dag.py:3696} INFO - Setting next_dagrun for example_setup_teardown_taskflow to 2026-05-27T23:55:21.465927+00:00, run_after=2026-05-28T23:55:21.465927+00:00
[2026-05-29T01:55:21.481+0200] {processor.py:179} INFO - Processing /home/frederic/airflow_venv/lib/python3.10/site-packages/airflow/example_dags/example_setup_teardown_taskflow.py took 0.069 seconds
[2026-05-29T01:55:39.815+0200] {processor.py:157} INFO - Started process (PID=624699) to work on /home/frederic/airflow_venv/lib/python3.10/site-packages/airflow/example_dags/example_setup_teardown_taskflow.py
[2026-05-29T01:55:39.816+0200] {processor.py:829} INFO - Processing file /home/frederic/airflow_venv/lib/python3.10/site-packages/airflow/example_dags/example_setup_teardown_taskflow.py for tasks to queue
[2026-05-29T01:55:39.816+0200] {logging_mixin.py:151} INFO - [2026-05-29T01:55:39.816+0200] {dagbag.py:539} INFO - Filling up the DagBag from /home/frederic/airflow_venv/lib/python3.10/site-packages/airflow/example_dags/example_setup_teardown_taskflow.py
[2026-05-29T01:55:39.825+0200] {processor.py:839} INFO - DAG(s) dict_keys(['example_setup_teardown_taskflow']) retrieved from /home/frederic/airflow_venv/lib/python3.10/site-packages/airflow/example_dags/example_setup_teardown_taskflow.py
[2026-05-29T01:55:39.832+0200] {logging_mixin.py:151} INFO - [2026-05-29T01:55:39.832+0200] {dag.py:2915} INFO - Sync 1 DAGs
[2026-05-29T01:55:39.852+0200] {logging_mixin.py:151} INFO - [2026-05-29T01:55:39.852+0200] {dag.py:3696} INFO - Setting next_dagrun for example_setup_teardown_taskflow to 2026-05-27T23:55:39.851856+00:00, run_after=2026-05-28T23:55:39.851856+00:00
[2026-05-29T01:55:39.867+0200] {processor.py:179} INFO - Processing /home/frederic/airflow_venv/lib/python3.10/site-packages/airflow/example_dags/example_setup_teardown_taskflow.py took 0.054 seconds
[2026-05-29T01:56:19.544+0200] {processor.py:157} INFO - Started process (PID=626008) to work on /home/frederic/airflow_venv/lib/python3.10/site-packages/airflow/example_dags/example_setup_teardown_taskflow.py
[2026-05-29T01:56:19.545+0200] {processor.py:829} INFO - Processing file /home/frederic/airflow_venv/lib/python3.10/site-packages/airflow/example_dags/example_setup_teardown_taskflow.py for tasks to queue
[2026-05-29T01:56:19.545+0200] {logging_mixin.py:151} INFO - [2026-05-29T01:56:19.545+0200] {dagbag.py:539} INFO - Filling up the DagBag from /home/frederic/airflow_venv/lib/python3.10/site-packages/airflow/example_dags/example_setup_teardown_taskflow.py
[2026-05-29T01:56:19.558+0200] {processor.py:839} INFO - DAG(s) dict_keys(['example_setup_teardown_taskflow']) retrieved from /home/frederic/airflow_venv/lib/python3.10/site-packages/airflow/example_dags/example_setup_teardown_taskflow.py
[2026-05-29T01:56:19.576+0200] {logging_mixin.py:151} INFO - [2026-05-29T01:56:19.576+0200] {dag.py:2915} INFO - Sync 1 DAGs
[2026-05-29T01:56:19.596+0200] {logging_mixin.py:151} INFO - [2026-05-29T01:56:19.596+0200] {dag.py:3696} INFO - Setting next_dagrun for example_setup_teardown_taskflow to 2026-05-27T23:56:19.596242+00:00, run_after=2026-05-28T23:56:19.596242+00:00
[2026-05-29T01:56:19.612+0200] {processor.py:179} INFO - Processing /home/frederic/airflow_venv/lib/python3.10/site-packages/airflow/example_dags/example_setup_teardown_taskflow.py took 0.072 seconds
[2026-05-29T01:56:31.356+0200] {processor.py:157} INFO - Started process (PID=626377) to work on /home/frederic/airflow_venv/lib/python3.10/site-packages/airflow/example_dags/example_setup_teardown_taskflow.py
[2026-05-29T01:56:31.356+0200] {processor.py:829} INFO - Processing file /home/frederic/airflow_venv/lib/python3.10/site-packages/airflow/example_dags/example_setup_teardown_taskflow.py for tasks to queue
[2026-05-29T01:56:31.357+0200] {logging_mixin.py:151} INFO - [2026-05-29T01:56:31.357+0200] {dagbag.py:539} INFO - Filling up the DagBag from /home/frederic/airflow_venv/lib/python3.10/site-packages/airflow/example_dags/example_setup_teardown_taskflow.py
[2026-05-29T01:56:31.365+0200] {processor.py:839} INFO - DAG(s) dict_keys(['example_setup_teardown_taskflow']) retrieved from /home/frederic/airflow_venv/lib/python3.10/site-packages/airflow/example_dags/example_setup_teardown_taskflow.py
[2026-05-29T01:56:31.379+0200] {logging_mixin.py:151} INFO - [2026-05-29T01:56:31.379+0200] {dag.py:2915} INFO - Sync 1 DAGs
[2026-05-29T01:56:31.395+0200] {logging_mixin.py:151} INFO - [2026-05-29T01:56:31.395+0200] {dag.py:3696} INFO - Setting next_dagrun for example_setup_teardown_taskflow to 2026-05-27T23:56:31.395614+00:00, run_after=2026-05-28T23:56:31.395614+00:00
[2026-05-29T01:56:31.412+0200] {processor.py:179} INFO - Processing /home/frederic/airflow_venv/lib/python3.10/site-packages/airflow/example_dags/example_setup_teardown_taskflow.py took 0.059 seconds
[2026-05-29T01:57:03.059+0200] {processor.py:157} INFO - Started process (PID=627355) to work on /home/frederic/airflow_venv/lib/python3.10/site-packages/airflow/example_dags/example_setup_teardown_taskflow.py
[2026-05-29T01:57:03.060+0200] {processor.py:829} INFO - Processing file /home/frederic/airflow_venv/lib/python3.10/site-packages/airflow/example_dags/example_setup_teardown_taskflow.py for tasks to queue
[2026-05-29T01:57:03.060+0200] {logging_mixin.py:151} INFO - [2026-05-29T01:57:03.060+0200] {dagbag.py:539} INFO - Filling up the DagBag from /home/frederic/airflow_venv/lib/python3.10/site-packages/airflow/example_dags/example_setup_teardown_taskflow.py
[2026-05-29T01:57:03.070+0200] {processor.py:839} INFO - DAG(s) dict_keys(['example_setup_teardown_taskflow']) retrieved from /home/frederic/airflow_venv/lib/python3.10/site-packages/airflow/example_dags/example_setup_teardown_taskflow.py
[2026-05-29T01:57:03.083+0200] {logging_mixin.py:151} INFO - [2026-05-29T01:57:03.083+0200] {dag.py:2915} INFO - Sync 1 DAGs
[2026-05-29T01:57:03.104+0200] {logging_mixin.py:151} INFO - [2026-05-29T01:57:03.104+0200] {dag.py:3696} INFO - Setting next_dagrun for example_setup_teardown_taskflow to 2026-05-27T23:57:03.104400+00:00, run_after=2026-05-28T23:57:03.104400+00:00
[2026-05-29T01:57:03.119+0200] {processor.py:179} INFO - Processing /home/frederic/airflow_venv/lib/python3.10/site-packages/airflow/example_dags/example_setup_teardown_taskflow.py took 0.063 seconds
[2026-05-29T01:57:17.775+0200] {processor.py:157} INFO - Started process (PID=627739) to work on /home/frederic/airflow_venv/lib/python3.10/site-packages/airflow/example_dags/example_setup_teardown_taskflow.py
[2026-05-29T01:57:17.776+0200] {processor.py:829} INFO - Processing file /home/frederic/airflow_venv/lib/python3.10/site-packages/airflow/example_dags/example_setup_teardown_taskflow.py for tasks to queue
[2026-05-29T01:57:17.777+0200] {logging_mixin.py:151} INFO - [2026-05-29T01:57:17.776+0200] {dagbag.py:539} INFO - Filling up the DagBag from /home/frederic/airflow_venv/lib/python3.10/site-packages/airflow/example_dags/example_setup_teardown_taskflow.py
[2026-05-29T01:57:17.785+0200] {processor.py:839} INFO - DAG(s) dict_keys(['example_setup_teardown_taskflow']) retrieved from /home/frederic/airflow_venv/lib/python3.10/site-packages/airflow/example_dags/example_setup_teardown_taskflow.py
[2026-05-29T01:57:17.800+0200] {logging_mixin.py:151} INFO - [2026-05-29T01:57:17.800+0200] {dag.py:2915} INFO - Sync 1 DAGs
[2026-05-29T01:57:17.821+0200] {logging_mixin.py:151} INFO - [2026-05-29T01:57:17.821+0200] {dag.py:3696} INFO - Setting next_dagrun for example_setup_teardown_taskflow to 2026-05-27T23:57:17.821062+00:00, run_after=2026-05-28T23:57:17.821062+00:00
[2026-05-29T01:57:17.837+0200] {processor.py:179} INFO - Processing /home/frederic/airflow_venv/lib/python3.10/site-packages/airflow/example_dags/example_setup_teardown_taskflow.py took 0.064 seconds
[2026-05-29T01:57:50.361+0200] {processor.py:157} INFO - Started process (PID=629132) to work on /home/frederic/airflow_venv/lib/python3.10/site-packages/airflow/example_dags/example_setup_teardown_taskflow.py
[2026-05-29T01:57:50.362+0200] {processor.py:829} INFO - Processing file /home/frederic/airflow_venv/lib/python3.10/site-packages/airflow/example_dags/example_setup_teardown_taskflow.py for tasks to queue
[2026-05-29T01:57:50.362+0200] {logging_mixin.py:151} INFO - [2026-05-29T01:57:50.362+0200] {dagbag.py:539} INFO - Filling up the DagBag from /home/frederic/airflow_venv/lib/python3.10/site-packages/airflow/example_dags/example_setup_teardown_taskflow.py
[2026-05-29T01:57:50.376+0200] {processor.py:839} INFO - DAG(s) dict_keys(['example_setup_teardown_taskflow']) retrieved from /home/frederic/airflow_venv/lib/python3.10/site-packages/airflow/example_dags/example_setup_teardown_taskflow.py
[2026-05-29T01:57:50.399+0200] {logging_mixin.py:151} INFO - [2026-05-29T01:57:50.398+0200] {dag.py:2915} INFO - Sync 1 DAGs
[2026-05-29T01:57:50.424+0200] {logging_mixin.py:151} INFO - [2026-05-29T01:57:50.424+0200] {dag.py:3696} INFO - Setting next_dagrun for example_setup_teardown_taskflow to 2026-05-27T23:57:50.423618+00:00, run_after=2026-05-28T23:57:50.423618+00:00
[2026-05-29T01:57:50.444+0200] {processor.py:179} INFO - Processing /home/frederic/airflow_venv/lib/python3.10/site-packages/airflow/example_dags/example_setup_teardown_taskflow.py took 0.086 seconds
[2026-05-29T01:58:07.066+0200] {processor.py:157} INFO - Started process (PID=629582) to work on /home/frederic/airflow_venv/lib/python3.10/site-packages/airflow/example_dags/example_setup_teardown_taskflow.py
[2026-05-29T01:58:07.068+0200] {processor.py:829} INFO - Processing file /home/frederic/airflow_venv/lib/python3.10/site-packages/airflow/example_dags/example_setup_teardown_taskflow.py for tasks to queue
[2026-05-29T01:58:07.068+0200] {logging_mixin.py:151} INFO - [2026-05-29T01:58:07.068+0200] {dagbag.py:539} INFO - Filling up the DagBag from /home/frederic/airflow_venv/lib/python3.10/site-packages/airflow/example_dags/example_setup_teardown_taskflow.py
[2026-05-29T01:58:07.078+0200] {processor.py:839} INFO - DAG(s) dict_keys(['example_setup_teardown_taskflow']) retrieved from /home/frederic/airflow_venv/lib/python3.10/site-packages/airflow/example_dags/example_setup_teardown_taskflow.py
[2026-05-29T01:58:07.094+0200] {logging_mixin.py:151} INFO - [2026-05-29T01:58:07.094+0200] {dag.py:2915} INFO - Sync 1 DAGs
[2026-05-29T01:58:07.110+0200] {logging_mixin.py:151} INFO - [2026-05-29T01:58:07.110+0200] {dag.py:3696} INFO - Setting next_dagrun for example_setup_teardown_taskflow to 2026-05-27T23:58:07.110465+00:00, run_after=2026-05-28T23:58:07.110465+00:00
[2026-05-29T01:58:07.126+0200] {processor.py:179} INFO - Processing /home/frederic/airflow_venv/lib/python3.10/site-packages/airflow/example_dags/example_setup_teardown_taskflow.py took 0.063 seconds
[2026-05-29T01:58:40.013+0200] {processor.py:157} INFO - Started process (PID=630911) to work on /home/frederic/airflow_venv/lib/python3.10/site-packages/airflow/example_dags/example_setup_teardown_taskflow.py
[2026-05-29T01:58:40.015+0200] {processor.py:829} INFO - Processing file /home/frederic/airflow_venv/lib/python3.10/site-packages/airflow/example_dags/example_setup_teardown_taskflow.py for tasks to queue
[2026-05-29T01:58:40.016+0200] {logging_mixin.py:151} INFO - [2026-05-29T01:58:40.015+0200] {dagbag.py:539} INFO - Filling up the DagBag from /home/frederic/airflow_venv/lib/python3.10/site-packages/airflow/example_dags/example_setup_teardown_taskflow.py
[2026-05-29T01:58:40.026+0200] {processor.py:839} INFO - DAG(s) dict_keys(['example_setup_teardown_taskflow']) retrieved from /home/frederic/airflow_venv/lib/python3.10/site-packages/airflow/example_dags/example_setup_teardown_taskflow.py
[2026-05-29T01:58:40.042+0200] {logging_mixin.py:151} INFO - [2026-05-29T01:58:40.042+0200] {dag.py:2915} INFO - Sync 1 DAGs
[2026-05-29T01:58:40.062+0200] {logging_mixin.py:151} INFO - [2026-05-29T01:58:40.062+0200] {dag.py:3696} INFO - Setting next_dagrun for example_setup_teardown_taskflow to 2026-05-27T23:58:40.061270+00:00, run_after=2026-05-28T23:58:40.061270+00:00
[2026-05-29T01:58:40.084+0200] {processor.py:179} INFO - Processing /home/frederic/airflow_venv/lib/python3.10/site-packages/airflow/example_dags/example_setup_teardown_taskflow.py took 0.074 seconds
[2026-05-29T01:58:53.911+0200] {processor.py:157} INFO - Started process (PID=631351) to work on /home/frederic/airflow_venv/lib/python3.10/site-packages/airflow/example_dags/example_setup_teardown_taskflow.py
[2026-05-29T01:58:53.912+0200] {processor.py:829} INFO - Processing file /home/frederic/airflow_venv/lib/python3.10/site-packages/airflow/example_dags/example_setup_teardown_taskflow.py for tasks to queue
[2026-05-29T01:58:53.913+0200] {logging_mixin.py:151} INFO - [2026-05-29T01:58:53.913+0200] {dagbag.py:539} INFO - Filling up the DagBag from /home/frederic/airflow_venv/lib/python3.10/site-packages/airflow/example_dags/example_setup_teardown_taskflow.py
[2026-05-29T01:58:53.926+0200] {processor.py:839} INFO - DAG(s) dict_keys(['example_setup_teardown_taskflow']) retrieved from /home/frederic/airflow_venv/lib/python3.10/site-packages/airflow/example_dags/example_setup_teardown_taskflow.py
[2026-05-29T01:58:53.947+0200] {logging_mixin.py:151} INFO - [2026-05-29T01:58:53.946+0200] {dag.py:2915} INFO - Sync 1 DAGs
[2026-05-29T01:58:53.974+0200] {logging_mixin.py:151} INFO - [2026-05-29T01:58:53.974+0200] {dag.py:3696} INFO - Setting next_dagrun for example_setup_teardown_taskflow to 2026-05-27T23:58:53.973883+00:00, run_after=2026-05-28T23:58:53.973883+00:00
[2026-05-29T01:58:53.995+0200] {processor.py:179} INFO - Processing /home/frederic/airflow_venv/lib/python3.10/site-packages/airflow/example_dags/example_setup_teardown_taskflow.py took 0.088 seconds
[2026-05-29T01:59:31.750+0200] {processor.py:157} INFO - Started process (PID=632370) to work on /home/frederic/airflow_venv/lib/python3.10/site-packages/airflow/example_dags/example_setup_teardown_taskflow.py
[2026-05-29T01:59:31.751+0200] {processor.py:829} INFO - Processing file /home/frederic/airflow_venv/lib/python3.10/site-packages/airflow/example_dags/example_setup_teardown_taskflow.py for tasks to queue
[2026-05-29T01:59:31.752+0200] {logging_mixin.py:151} INFO - [2026-05-29T01:59:31.752+0200] {dagbag.py:539} INFO - Filling up the DagBag from /home/frederic/airflow_venv/lib/python3.10/site-packages/airflow/example_dags/example_setup_teardown_taskflow.py
[2026-05-29T01:59:31.760+0200] {processor.py:839} INFO - DAG(s) dict_keys(['example_setup_teardown_taskflow']) retrieved from /home/frederic/airflow_venv/lib/python3.10/site-packages/airflow/example_dags/example_setup_teardown_taskflow.py
[2026-05-29T01:59:31.773+0200] {logging_mixin.py:151} INFO - [2026-05-29T01:59:31.773+0200] {dag.py:2915} INFO - Sync 1 DAGs
[2026-05-29T01:59:31.790+0200] {logging_mixin.py:151} INFO - [2026-05-29T01:59:31.790+0200] {dag.py:3696} INFO - Setting next_dagrun for example_setup_teardown_taskflow to 2026-05-27T23:59:31.790531+00:00, run_after=2026-05-28T23:59:31.790531+00:00
[2026-05-29T01:59:31.805+0200] {processor.py:179} INFO - Processing /home/frederic/airflow_venv/lib/python3.10/site-packages/airflow/example_dags/example_setup_teardown_taskflow.py took 0.057 seconds
[2026-05-29T01:59:42.482+0200] {processor.py:157} INFO - Started process (PID=632699) to work on /home/frederic/airflow_venv/lib/python3.10/site-packages/airflow/example_dags/example_setup_teardown_taskflow.py
[2026-05-29T01:59:42.482+0200] {processor.py:829} INFO - Processing file /home/frederic/airflow_venv/lib/python3.10/site-packages/airflow/example_dags/example_setup_teardown_taskflow.py for tasks to queue
[2026-05-29T01:59:42.483+0200] {logging_mixin.py:151} INFO - [2026-05-29T01:59:42.483+0200] {dagbag.py:539} INFO - Filling up the DagBag from /home/frederic/airflow_venv/lib/python3.10/site-packages/airflow/example_dags/example_setup_teardown_taskflow.py
[2026-05-29T01:59:42.492+0200] {processor.py:839} INFO - DAG(s) dict_keys(['example_setup_teardown_taskflow']) retrieved from /home/frederic/airflow_venv/lib/python3.10/site-packages/airflow/example_dags/example_setup_teardown_taskflow.py
[2026-05-29T01:59:42.507+0200] {logging_mixin.py:151} INFO - [2026-05-29T01:59:42.506+0200] {dag.py:2915} INFO - Sync 1 DAGs
[2026-05-29T01:59:42.523+0200] {logging_mixin.py:151} INFO - [2026-05-29T01:59:42.522+0200] {dag.py:3696} INFO - Setting next_dagrun for example_setup_teardown_taskflow to 2026-05-27T23:59:42.522695+00:00, run_after=2026-05-28T23:59:42.522695+00:00
[2026-05-29T01:59:42.540+0200] {processor.py:179} INFO - Processing /home/frederic/airflow_venv/lib/python3.10/site-packages/airflow/example_dags/example_setup_teardown_taskflow.py took 0.061 seconds
