[2026-05-29T01:37:04.639+0200] {processor.py:157} INFO - Started process (PID=594319) to work on /home/frederic/airflow_venv/lib/python3.10/site-packages/airflow/example_dags/example_local_kubernetes_executor.py
[2026-05-29T01:37:04.640+0200] {processor.py:829} INFO - Processing file /home/frederic/airflow_venv/lib/python3.10/site-packages/airflow/example_dags/example_local_kubernetes_executor.py for tasks to queue
[2026-05-29T01:37:04.641+0200] {logging_mixin.py:151} INFO - [2026-05-29T01:37:04.641+0200] {dagbag.py:539} INFO - Filling up the DagBag from /home/frederic/airflow_venv/lib/python3.10/site-packages/airflow/example_dags/example_local_kubernetes_executor.py
[2026-05-29T01:37:04.645+0200] {logging_mixin.py:151} INFO - [2026-05-29T01:37:04.644+0200] {example_local_kubernetes_executor.py:39} WARNING - Could not import DAGs in example_local_kubernetes_executor.py
Traceback (most recent call last):
  File "/home/frederic/airflow_venv/lib/python3.10/site-packages/airflow/example_dags/example_local_kubernetes_executor.py", line 37, in <module>
    from kubernetes.client import models as k8s
ModuleNotFoundError: No module named 'kubernetes'
[2026-05-29T01:37:04.645+0200] {logging_mixin.py:151} INFO - [2026-05-29T01:37:04.645+0200] {example_local_kubernetes_executor.py:40} WARNING - Install Kubernetes dependencies with: pip install apache-airflow[cncf.kubernetes]
[2026-05-29T01:37:04.645+0200] {processor.py:841} WARNING - No viable dags retrieved from /home/frederic/airflow_venv/lib/python3.10/site-packages/airflow/example_dags/example_local_kubernetes_executor.py
[2026-05-29T01:37:04.654+0200] {processor.py:179} INFO - Processing /home/frederic/airflow_venv/lib/python3.10/site-packages/airflow/example_dags/example_local_kubernetes_executor.py took 0.019 seconds
[2026-05-29T01:37:49.413+0200] {processor.py:157} INFO - Started process (PID=595237) to work on /home/frederic/airflow_venv/lib/python3.10/site-packages/airflow/example_dags/example_local_kubernetes_executor.py
[2026-05-29T01:37:49.416+0200] {processor.py:829} INFO - Processing file /home/frederic/airflow_venv/lib/python3.10/site-packages/airflow/example_dags/example_local_kubernetes_executor.py for tasks to queue
[2026-05-29T01:37:49.417+0200] {logging_mixin.py:151} INFO - [2026-05-29T01:37:49.417+0200] {dagbag.py:539} INFO - Filling up the DagBag from /home/frederic/airflow_venv/lib/python3.10/site-packages/airflow/example_dags/example_local_kubernetes_executor.py
[2026-05-29T01:37:49.420+0200] {logging_mixin.py:151} INFO - [2026-05-29T01:37:49.419+0200] {example_local_kubernetes_executor.py:39} WARNING - Could not import DAGs in example_local_kubernetes_executor.py
Traceback (most recent call last):
  File "/home/frederic/airflow_venv/lib/python3.10/site-packages/airflow/example_dags/example_local_kubernetes_executor.py", line 37, in <module>
    from kubernetes.client import models as k8s
ModuleNotFoundError: No module named 'kubernetes'
[2026-05-29T01:37:49.420+0200] {logging_mixin.py:151} INFO - [2026-05-29T01:37:49.420+0200] {example_local_kubernetes_executor.py:40} WARNING - Install Kubernetes dependencies with: pip install apache-airflow[cncf.kubernetes]
[2026-05-29T01:37:49.420+0200] {processor.py:841} WARNING - No viable dags retrieved from /home/frederic/airflow_venv/lib/python3.10/site-packages/airflow/example_dags/example_local_kubernetes_executor.py
[2026-05-29T01:37:49.429+0200] {processor.py:179} INFO - Processing /home/frederic/airflow_venv/lib/python3.10/site-packages/airflow/example_dags/example_local_kubernetes_executor.py took 0.020 seconds
[2026-05-29T01:38:34.402+0200] {processor.py:157} INFO - Started process (PID=596087) to work on /home/frederic/airflow_venv/lib/python3.10/site-packages/airflow/example_dags/example_local_kubernetes_executor.py
[2026-05-29T01:38:34.406+0200] {processor.py:829} INFO - Processing file /home/frederic/airflow_venv/lib/python3.10/site-packages/airflow/example_dags/example_local_kubernetes_executor.py for tasks to queue
[2026-05-29T01:38:34.406+0200] {logging_mixin.py:151} INFO - [2026-05-29T01:38:34.406+0200] {dagbag.py:539} INFO - Filling up the DagBag from /home/frederic/airflow_venv/lib/python3.10/site-packages/airflow/example_dags/example_local_kubernetes_executor.py
[2026-05-29T01:38:34.409+0200] {logging_mixin.py:151} INFO - [2026-05-29T01:38:34.409+0200] {example_local_kubernetes_executor.py:39} WARNING - Could not import DAGs in example_local_kubernetes_executor.py
Traceback (most recent call last):
  File "/home/frederic/airflow_venv/lib/python3.10/site-packages/airflow/example_dags/example_local_kubernetes_executor.py", line 37, in <module>
    from kubernetes.client import models as k8s
ModuleNotFoundError: No module named 'kubernetes'
[2026-05-29T01:38:34.409+0200] {logging_mixin.py:151} INFO - [2026-05-29T01:38:34.409+0200] {example_local_kubernetes_executor.py:40} WARNING - Install Kubernetes dependencies with: pip install apache-airflow[cncf.kubernetes]
[2026-05-29T01:38:34.410+0200] {processor.py:841} WARNING - No viable dags retrieved from /home/frederic/airflow_venv/lib/python3.10/site-packages/airflow/example_dags/example_local_kubernetes_executor.py
[2026-05-29T01:38:34.417+0200] {processor.py:179} INFO - Processing /home/frederic/airflow_venv/lib/python3.10/site-packages/airflow/example_dags/example_local_kubernetes_executor.py took 0.017 seconds
[2026-05-29T01:39:18.974+0200] {processor.py:157} INFO - Started process (PID=597251) to work on /home/frederic/airflow_venv/lib/python3.10/site-packages/airflow/example_dags/example_local_kubernetes_executor.py
[2026-05-29T01:39:18.975+0200] {processor.py:829} INFO - Processing file /home/frederic/airflow_venv/lib/python3.10/site-packages/airflow/example_dags/example_local_kubernetes_executor.py for tasks to queue
[2026-05-29T01:39:18.975+0200] {logging_mixin.py:151} INFO - [2026-05-29T01:39:18.975+0200] {dagbag.py:539} INFO - Filling up the DagBag from /home/frederic/airflow_venv/lib/python3.10/site-packages/airflow/example_dags/example_local_kubernetes_executor.py
[2026-05-29T01:39:18.978+0200] {logging_mixin.py:151} INFO - [2026-05-29T01:39:18.978+0200] {example_local_kubernetes_executor.py:39} WARNING - Could not import DAGs in example_local_kubernetes_executor.py
Traceback (most recent call last):
  File "/home/frederic/airflow_venv/lib/python3.10/site-packages/airflow/example_dags/example_local_kubernetes_executor.py", line 37, in <module>
    from kubernetes.client import models as k8s
ModuleNotFoundError: No module named 'kubernetes'
[2026-05-29T01:39:18.978+0200] {logging_mixin.py:151} INFO - [2026-05-29T01:39:18.978+0200] {example_local_kubernetes_executor.py:40} WARNING - Install Kubernetes dependencies with: pip install apache-airflow[cncf.kubernetes]
[2026-05-29T01:39:18.979+0200] {processor.py:841} WARNING - No viable dags retrieved from /home/frederic/airflow_venv/lib/python3.10/site-packages/airflow/example_dags/example_local_kubernetes_executor.py
[2026-05-29T01:39:18.988+0200] {processor.py:179} INFO - Processing /home/frederic/airflow_venv/lib/python3.10/site-packages/airflow/example_dags/example_local_kubernetes_executor.py took 0.016 seconds
[2026-05-29T01:40:07.517+0200] {processor.py:157} INFO - Started process (PID=598350) to work on /home/frederic/airflow_venv/lib/python3.10/site-packages/airflow/example_dags/example_local_kubernetes_executor.py
[2026-05-29T01:40:07.518+0200] {processor.py:829} INFO - Processing file /home/frederic/airflow_venv/lib/python3.10/site-packages/airflow/example_dags/example_local_kubernetes_executor.py for tasks to queue
[2026-05-29T01:40:07.518+0200] {logging_mixin.py:151} INFO - [2026-05-29T01:40:07.518+0200] {dagbag.py:539} INFO - Filling up the DagBag from /home/frederic/airflow_venv/lib/python3.10/site-packages/airflow/example_dags/example_local_kubernetes_executor.py
[2026-05-29T01:40:07.522+0200] {logging_mixin.py:151} INFO - [2026-05-29T01:40:07.521+0200] {example_local_kubernetes_executor.py:39} WARNING - Could not import DAGs in example_local_kubernetes_executor.py
Traceback (most recent call last):
  File "/home/frederic/airflow_venv/lib/python3.10/site-packages/airflow/example_dags/example_local_kubernetes_executor.py", line 37, in <module>
    from kubernetes.client import models as k8s
ModuleNotFoundError: No module named 'kubernetes'
[2026-05-29T01:40:07.522+0200] {logging_mixin.py:151} INFO - [2026-05-29T01:40:07.522+0200] {example_local_kubernetes_executor.py:40} WARNING - Install Kubernetes dependencies with: pip install apache-airflow[cncf.kubernetes]
[2026-05-29T01:40:07.523+0200] {processor.py:841} WARNING - No viable dags retrieved from /home/frederic/airflow_venv/lib/python3.10/site-packages/airflow/example_dags/example_local_kubernetes_executor.py
[2026-05-29T01:40:07.531+0200] {processor.py:179} INFO - Processing /home/frederic/airflow_venv/lib/python3.10/site-packages/airflow/example_dags/example_local_kubernetes_executor.py took 0.017 seconds
[2026-05-29T01:40:57.320+0200] {processor.py:157} INFO - Started process (PID=599588) to work on /home/frederic/airflow_venv/lib/python3.10/site-packages/airflow/example_dags/example_local_kubernetes_executor.py
[2026-05-29T01:40:57.321+0200] {processor.py:829} INFO - Processing file /home/frederic/airflow_venv/lib/python3.10/site-packages/airflow/example_dags/example_local_kubernetes_executor.py for tasks to queue
[2026-05-29T01:40:57.322+0200] {logging_mixin.py:151} INFO - [2026-05-29T01:40:57.321+0200] {dagbag.py:539} INFO - Filling up the DagBag from /home/frederic/airflow_venv/lib/python3.10/site-packages/airflow/example_dags/example_local_kubernetes_executor.py
[2026-05-29T01:40:57.324+0200] {logging_mixin.py:151} INFO - [2026-05-29T01:40:57.324+0200] {example_local_kubernetes_executor.py:39} WARNING - Could not import DAGs in example_local_kubernetes_executor.py
Traceback (most recent call last):
  File "/home/frederic/airflow_venv/lib/python3.10/site-packages/airflow/example_dags/example_local_kubernetes_executor.py", line 37, in <module>
    from kubernetes.client import models as k8s
ModuleNotFoundError: No module named 'kubernetes'
[2026-05-29T01:40:57.324+0200] {logging_mixin.py:151} INFO - [2026-05-29T01:40:57.324+0200] {example_local_kubernetes_executor.py:40} WARNING - Install Kubernetes dependencies with: pip install apache-airflow[cncf.kubernetes]
[2026-05-29T01:40:57.325+0200] {processor.py:841} WARNING - No viable dags retrieved from /home/frederic/airflow_venv/lib/python3.10/site-packages/airflow/example_dags/example_local_kubernetes_executor.py
[2026-05-29T01:40:57.332+0200] {processor.py:179} INFO - Processing /home/frederic/airflow_venv/lib/python3.10/site-packages/airflow/example_dags/example_local_kubernetes_executor.py took 0.015 seconds
[2026-05-29T01:41:38.896+0200] {processor.py:157} INFO - Started process (PID=600792) to work on /home/frederic/airflow_venv/lib/python3.10/site-packages/airflow/example_dags/example_local_kubernetes_executor.py
[2026-05-29T01:41:38.897+0200] {processor.py:829} INFO - Processing file /home/frederic/airflow_venv/lib/python3.10/site-packages/airflow/example_dags/example_local_kubernetes_executor.py for tasks to queue
[2026-05-29T01:41:38.897+0200] {logging_mixin.py:151} INFO - [2026-05-29T01:41:38.897+0200] {dagbag.py:539} INFO - Filling up the DagBag from /home/frederic/airflow_venv/lib/python3.10/site-packages/airflow/example_dags/example_local_kubernetes_executor.py
[2026-05-29T01:41:38.900+0200] {logging_mixin.py:151} INFO - [2026-05-29T01:41:38.899+0200] {example_local_kubernetes_executor.py:39} WARNING - Could not import DAGs in example_local_kubernetes_executor.py
Traceback (most recent call last):
  File "/home/frederic/airflow_venv/lib/python3.10/site-packages/airflow/example_dags/example_local_kubernetes_executor.py", line 37, in <module>
    from kubernetes.client import models as k8s
ModuleNotFoundError: No module named 'kubernetes'
[2026-05-29T01:41:38.900+0200] {logging_mixin.py:151} INFO - [2026-05-29T01:41:38.900+0200] {example_local_kubernetes_executor.py:40} WARNING - Install Kubernetes dependencies with: pip install apache-airflow[cncf.kubernetes]
[2026-05-29T01:41:38.900+0200] {processor.py:841} WARNING - No viable dags retrieved from /home/frederic/airflow_venv/lib/python3.10/site-packages/airflow/example_dags/example_local_kubernetes_executor.py
[2026-05-29T01:41:38.909+0200] {processor.py:179} INFO - Processing /home/frederic/airflow_venv/lib/python3.10/site-packages/airflow/example_dags/example_local_kubernetes_executor.py took 0.016 seconds
[2026-05-29T01:42:23.588+0200] {processor.py:157} INFO - Started process (PID=601586) to work on /home/frederic/airflow_venv/lib/python3.10/site-packages/airflow/example_dags/example_local_kubernetes_executor.py
[2026-05-29T01:42:23.589+0200] {processor.py:829} INFO - Processing file /home/frederic/airflow_venv/lib/python3.10/site-packages/airflow/example_dags/example_local_kubernetes_executor.py for tasks to queue
[2026-05-29T01:42:23.590+0200] {logging_mixin.py:151} INFO - [2026-05-29T01:42:23.590+0200] {dagbag.py:539} INFO - Filling up the DagBag from /home/frederic/airflow_venv/lib/python3.10/site-packages/airflow/example_dags/example_local_kubernetes_executor.py
[2026-05-29T01:42:23.592+0200] {logging_mixin.py:151} INFO - [2026-05-29T01:42:23.592+0200] {example_local_kubernetes_executor.py:39} WARNING - Could not import DAGs in example_local_kubernetes_executor.py
Traceback (most recent call last):
  File "/home/frederic/airflow_venv/lib/python3.10/site-packages/airflow/example_dags/example_local_kubernetes_executor.py", line 37, in <module>
    from kubernetes.client import models as k8s
ModuleNotFoundError: No module named 'kubernetes'
[2026-05-29T01:42:23.593+0200] {logging_mixin.py:151} INFO - [2026-05-29T01:42:23.592+0200] {example_local_kubernetes_executor.py:40} WARNING - Install Kubernetes dependencies with: pip install apache-airflow[cncf.kubernetes]
[2026-05-29T01:42:23.593+0200] {processor.py:841} WARNING - No viable dags retrieved from /home/frederic/airflow_venv/lib/python3.10/site-packages/airflow/example_dags/example_local_kubernetes_executor.py
[2026-05-29T01:42:23.600+0200] {processor.py:179} INFO - Processing /home/frederic/airflow_venv/lib/python3.10/site-packages/airflow/example_dags/example_local_kubernetes_executor.py took 0.014 seconds
[2026-05-29T01:43:11.613+0200] {processor.py:157} INFO - Started process (PID=602359) to work on /home/frederic/airflow_venv/lib/python3.10/site-packages/airflow/example_dags/example_local_kubernetes_executor.py
[2026-05-29T01:43:11.616+0200] {processor.py:829} INFO - Processing file /home/frederic/airflow_venv/lib/python3.10/site-packages/airflow/example_dags/example_local_kubernetes_executor.py for tasks to queue
[2026-05-29T01:43:11.617+0200] {logging_mixin.py:151} INFO - [2026-05-29T01:43:11.617+0200] {dagbag.py:539} INFO - Filling up the DagBag from /home/frederic/airflow_venv/lib/python3.10/site-packages/airflow/example_dags/example_local_kubernetes_executor.py
[2026-05-29T01:43:11.620+0200] {logging_mixin.py:151} INFO - [2026-05-29T01:43:11.620+0200] {example_local_kubernetes_executor.py:39} WARNING - Could not import DAGs in example_local_kubernetes_executor.py
Traceback (most recent call last):
  File "/home/frederic/airflow_venv/lib/python3.10/site-packages/airflow/example_dags/example_local_kubernetes_executor.py", line 37, in <module>
    from kubernetes.client import models as k8s
ModuleNotFoundError: No module named 'kubernetes'
[2026-05-29T01:43:11.621+0200] {logging_mixin.py:151} INFO - [2026-05-29T01:43:11.621+0200] {example_local_kubernetes_executor.py:40} WARNING - Install Kubernetes dependencies with: pip install apache-airflow[cncf.kubernetes]
[2026-05-29T01:43:11.621+0200] {processor.py:841} WARNING - No viable dags retrieved from /home/frederic/airflow_venv/lib/python3.10/site-packages/airflow/example_dags/example_local_kubernetes_executor.py
[2026-05-29T01:43:11.630+0200] {processor.py:179} INFO - Processing /home/frederic/airflow_venv/lib/python3.10/site-packages/airflow/example_dags/example_local_kubernetes_executor.py took 0.020 seconds
[2026-05-29T01:44:00.160+0200] {processor.py:157} INFO - Started process (PID=603281) to work on /home/frederic/airflow_venv/lib/python3.10/site-packages/airflow/example_dags/example_local_kubernetes_executor.py
[2026-05-29T01:44:00.162+0200] {processor.py:829} INFO - Processing file /home/frederic/airflow_venv/lib/python3.10/site-packages/airflow/example_dags/example_local_kubernetes_executor.py for tasks to queue
[2026-05-29T01:44:00.162+0200] {logging_mixin.py:151} INFO - [2026-05-29T01:44:00.162+0200] {dagbag.py:539} INFO - Filling up the DagBag from /home/frederic/airflow_venv/lib/python3.10/site-packages/airflow/example_dags/example_local_kubernetes_executor.py
[2026-05-29T01:44:00.166+0200] {logging_mixin.py:151} INFO - [2026-05-29T01:44:00.165+0200] {example_local_kubernetes_executor.py:39} WARNING - Could not import DAGs in example_local_kubernetes_executor.py
Traceback (most recent call last):
  File "/home/frederic/airflow_venv/lib/python3.10/site-packages/airflow/example_dags/example_local_kubernetes_executor.py", line 37, in <module>
    from kubernetes.client import models as k8s
ModuleNotFoundError: No module named 'kubernetes'
[2026-05-29T01:44:00.166+0200] {logging_mixin.py:151} INFO - [2026-05-29T01:44:00.166+0200] {example_local_kubernetes_executor.py:40} WARNING - Install Kubernetes dependencies with: pip install apache-airflow[cncf.kubernetes]
[2026-05-29T01:44:00.167+0200] {processor.py:841} WARNING - No viable dags retrieved from /home/frederic/airflow_venv/lib/python3.10/site-packages/airflow/example_dags/example_local_kubernetes_executor.py
[2026-05-29T01:44:00.175+0200] {processor.py:179} INFO - Processing /home/frederic/airflow_venv/lib/python3.10/site-packages/airflow/example_dags/example_local_kubernetes_executor.py took 0.017 seconds
[2026-05-29T01:44:49.349+0200] {processor.py:157} INFO - Started process (PID=604801) to work on /home/frederic/airflow_venv/lib/python3.10/site-packages/airflow/example_dags/example_local_kubernetes_executor.py
[2026-05-29T01:44:49.350+0200] {processor.py:829} INFO - Processing file /home/frederic/airflow_venv/lib/python3.10/site-packages/airflow/example_dags/example_local_kubernetes_executor.py for tasks to queue
[2026-05-29T01:44:49.351+0200] {logging_mixin.py:151} INFO - [2026-05-29T01:44:49.351+0200] {dagbag.py:539} INFO - Filling up the DagBag from /home/frederic/airflow_venv/lib/python3.10/site-packages/airflow/example_dags/example_local_kubernetes_executor.py
[2026-05-29T01:44:49.354+0200] {logging_mixin.py:151} INFO - [2026-05-29T01:44:49.354+0200] {example_local_kubernetes_executor.py:39} WARNING - Could not import DAGs in example_local_kubernetes_executor.py
Traceback (most recent call last):
  File "/home/frederic/airflow_venv/lib/python3.10/site-packages/airflow/example_dags/example_local_kubernetes_executor.py", line 37, in <module>
    from kubernetes.client import models as k8s
ModuleNotFoundError: No module named 'kubernetes'
[2026-05-29T01:44:49.354+0200] {logging_mixin.py:151} INFO - [2026-05-29T01:44:49.354+0200] {example_local_kubernetes_executor.py:40} WARNING - Install Kubernetes dependencies with: pip install apache-airflow[cncf.kubernetes]
[2026-05-29T01:44:49.355+0200] {processor.py:841} WARNING - No viable dags retrieved from /home/frederic/airflow_venv/lib/python3.10/site-packages/airflow/example_dags/example_local_kubernetes_executor.py
[2026-05-29T01:44:49.362+0200] {processor.py:179} INFO - Processing /home/frederic/airflow_venv/lib/python3.10/site-packages/airflow/example_dags/example_local_kubernetes_executor.py took 0.016 seconds
[2026-05-29T01:45:37.038+0200] {processor.py:157} INFO - Started process (PID=606470) to work on /home/frederic/airflow_venv/lib/python3.10/site-packages/airflow/example_dags/example_local_kubernetes_executor.py
[2026-05-29T01:45:37.040+0200] {processor.py:829} INFO - Processing file /home/frederic/airflow_venv/lib/python3.10/site-packages/airflow/example_dags/example_local_kubernetes_executor.py for tasks to queue
[2026-05-29T01:45:37.041+0200] {logging_mixin.py:151} INFO - [2026-05-29T01:45:37.041+0200] {dagbag.py:539} INFO - Filling up the DagBag from /home/frederic/airflow_venv/lib/python3.10/site-packages/airflow/example_dags/example_local_kubernetes_executor.py
[2026-05-29T01:45:37.044+0200] {logging_mixin.py:151} INFO - [2026-05-29T01:45:37.044+0200] {example_local_kubernetes_executor.py:39} WARNING - Could not import DAGs in example_local_kubernetes_executor.py
Traceback (most recent call last):
  File "/home/frederic/airflow_venv/lib/python3.10/site-packages/airflow/example_dags/example_local_kubernetes_executor.py", line 37, in <module>
    from kubernetes.client import models as k8s
ModuleNotFoundError: No module named 'kubernetes'
[2026-05-29T01:45:37.045+0200] {logging_mixin.py:151} INFO - [2026-05-29T01:45:37.045+0200] {example_local_kubernetes_executor.py:40} WARNING - Install Kubernetes dependencies with: pip install apache-airflow[cncf.kubernetes]
[2026-05-29T01:45:37.045+0200] {processor.py:841} WARNING - No viable dags retrieved from /home/frederic/airflow_venv/lib/python3.10/site-packages/airflow/example_dags/example_local_kubernetes_executor.py
[2026-05-29T01:45:37.053+0200] {processor.py:179} INFO - Processing /home/frederic/airflow_venv/lib/python3.10/site-packages/airflow/example_dags/example_local_kubernetes_executor.py took 0.017 seconds
[2026-05-29T01:46:30.790+0200] {processor.py:157} INFO - Started process (PID=608756) to work on /home/frederic/airflow_venv/lib/python3.10/site-packages/airflow/example_dags/example_local_kubernetes_executor.py
[2026-05-29T01:46:30.794+0200] {processor.py:829} INFO - Processing file /home/frederic/airflow_venv/lib/python3.10/site-packages/airflow/example_dags/example_local_kubernetes_executor.py for tasks to queue
[2026-05-29T01:46:30.794+0200] {logging_mixin.py:151} INFO - [2026-05-29T01:46:30.794+0200] {dagbag.py:539} INFO - Filling up the DagBag from /home/frederic/airflow_venv/lib/python3.10/site-packages/airflow/example_dags/example_local_kubernetes_executor.py
[2026-05-29T01:46:30.798+0200] {logging_mixin.py:151} INFO - [2026-05-29T01:46:30.797+0200] {example_local_kubernetes_executor.py:39} WARNING - Could not import DAGs in example_local_kubernetes_executor.py
Traceback (most recent call last):
  File "/home/frederic/airflow_venv/lib/python3.10/site-packages/airflow/example_dags/example_local_kubernetes_executor.py", line 37, in <module>
    from kubernetes.client import models as k8s
ModuleNotFoundError: No module named 'kubernetes'
[2026-05-29T01:46:30.798+0200] {logging_mixin.py:151} INFO - [2026-05-29T01:46:30.798+0200] {example_local_kubernetes_executor.py:40} WARNING - Install Kubernetes dependencies with: pip install apache-airflow[cncf.kubernetes]
[2026-05-29T01:46:30.798+0200] {processor.py:841} WARNING - No viable dags retrieved from /home/frederic/airflow_venv/lib/python3.10/site-packages/airflow/example_dags/example_local_kubernetes_executor.py
[2026-05-29T01:46:30.807+0200] {processor.py:179} INFO - Processing /home/frederic/airflow_venv/lib/python3.10/site-packages/airflow/example_dags/example_local_kubernetes_executor.py took 0.019 seconds
[2026-05-29T01:47:14.641+0200] {processor.py:157} INFO - Started process (PID=609937) to work on /home/frederic/airflow_venv/lib/python3.10/site-packages/airflow/example_dags/example_local_kubernetes_executor.py
[2026-05-29T01:47:14.644+0200] {processor.py:829} INFO - Processing file /home/frederic/airflow_venv/lib/python3.10/site-packages/airflow/example_dags/example_local_kubernetes_executor.py for tasks to queue
[2026-05-29T01:47:14.645+0200] {logging_mixin.py:151} INFO - [2026-05-29T01:47:14.645+0200] {dagbag.py:539} INFO - Filling up the DagBag from /home/frederic/airflow_venv/lib/python3.10/site-packages/airflow/example_dags/example_local_kubernetes_executor.py
[2026-05-29T01:47:14.648+0200] {logging_mixin.py:151} INFO - [2026-05-29T01:47:14.647+0200] {example_local_kubernetes_executor.py:39} WARNING - Could not import DAGs in example_local_kubernetes_executor.py
Traceback (most recent call last):
  File "/home/frederic/airflow_venv/lib/python3.10/site-packages/airflow/example_dags/example_local_kubernetes_executor.py", line 37, in <module>
    from kubernetes.client import models as k8s
ModuleNotFoundError: No module named 'kubernetes'
[2026-05-29T01:47:14.648+0200] {logging_mixin.py:151} INFO - [2026-05-29T01:47:14.648+0200] {example_local_kubernetes_executor.py:40} WARNING - Install Kubernetes dependencies with: pip install apache-airflow[cncf.kubernetes]
[2026-05-29T01:47:14.648+0200] {processor.py:841} WARNING - No viable dags retrieved from /home/frederic/airflow_venv/lib/python3.10/site-packages/airflow/example_dags/example_local_kubernetes_executor.py
[2026-05-29T01:47:14.656+0200] {processor.py:179} INFO - Processing /home/frederic/airflow_venv/lib/python3.10/site-packages/airflow/example_dags/example_local_kubernetes_executor.py took 0.017 seconds
[2026-05-29T01:47:57.925+0200] {processor.py:157} INFO - Started process (PID=611260) to work on /home/frederic/airflow_venv/lib/python3.10/site-packages/airflow/example_dags/example_local_kubernetes_executor.py
[2026-05-29T01:47:57.926+0200] {processor.py:829} INFO - Processing file /home/frederic/airflow_venv/lib/python3.10/site-packages/airflow/example_dags/example_local_kubernetes_executor.py for tasks to queue
[2026-05-29T01:47:57.927+0200] {logging_mixin.py:151} INFO - [2026-05-29T01:47:57.927+0200] {dagbag.py:539} INFO - Filling up the DagBag from /home/frederic/airflow_venv/lib/python3.10/site-packages/airflow/example_dags/example_local_kubernetes_executor.py
[2026-05-29T01:47:57.930+0200] {logging_mixin.py:151} INFO - [2026-05-29T01:47:57.929+0200] {example_local_kubernetes_executor.py:39} WARNING - Could not import DAGs in example_local_kubernetes_executor.py
Traceback (most recent call last):
  File "/home/frederic/airflow_venv/lib/python3.10/site-packages/airflow/example_dags/example_local_kubernetes_executor.py", line 37, in <module>
    from kubernetes.client import models as k8s
ModuleNotFoundError: No module named 'kubernetes'
[2026-05-29T01:47:57.930+0200] {logging_mixin.py:151} INFO - [2026-05-29T01:47:57.930+0200] {example_local_kubernetes_executor.py:40} WARNING - Install Kubernetes dependencies with: pip install apache-airflow[cncf.kubernetes]
[2026-05-29T01:47:57.930+0200] {processor.py:841} WARNING - No viable dags retrieved from /home/frederic/airflow_venv/lib/python3.10/site-packages/airflow/example_dags/example_local_kubernetes_executor.py
[2026-05-29T01:47:57.938+0200] {processor.py:179} INFO - Processing /home/frederic/airflow_venv/lib/python3.10/site-packages/airflow/example_dags/example_local_kubernetes_executor.py took 0.015 seconds
[2026-05-29T01:48:44.727+0200] {processor.py:157} INFO - Started process (PID=612613) to work on /home/frederic/airflow_venv/lib/python3.10/site-packages/airflow/example_dags/example_local_kubernetes_executor.py
[2026-05-29T01:48:44.729+0200] {processor.py:829} INFO - Processing file /home/frederic/airflow_venv/lib/python3.10/site-packages/airflow/example_dags/example_local_kubernetes_executor.py for tasks to queue
[2026-05-29T01:48:44.730+0200] {logging_mixin.py:151} INFO - [2026-05-29T01:48:44.730+0200] {dagbag.py:539} INFO - Filling up the DagBag from /home/frederic/airflow_venv/lib/python3.10/site-packages/airflow/example_dags/example_local_kubernetes_executor.py
[2026-05-29T01:48:44.733+0200] {logging_mixin.py:151} INFO - [2026-05-29T01:48:44.733+0200] {example_local_kubernetes_executor.py:39} WARNING - Could not import DAGs in example_local_kubernetes_executor.py
Traceback (most recent call last):
  File "/home/frederic/airflow_venv/lib/python3.10/site-packages/airflow/example_dags/example_local_kubernetes_executor.py", line 37, in <module>
    from kubernetes.client import models as k8s
ModuleNotFoundError: No module named 'kubernetes'
[2026-05-29T01:48:44.733+0200] {logging_mixin.py:151} INFO - [2026-05-29T01:48:44.733+0200] {example_local_kubernetes_executor.py:40} WARNING - Install Kubernetes dependencies with: pip install apache-airflow[cncf.kubernetes]
[2026-05-29T01:48:44.734+0200] {processor.py:841} WARNING - No viable dags retrieved from /home/frederic/airflow_venv/lib/python3.10/site-packages/airflow/example_dags/example_local_kubernetes_executor.py
[2026-05-29T01:48:44.742+0200] {processor.py:179} INFO - Processing /home/frederic/airflow_venv/lib/python3.10/site-packages/airflow/example_dags/example_local_kubernetes_executor.py took 0.018 seconds
[2026-05-29T01:49:29.630+0200] {processor.py:157} INFO - Started process (PID=613709) to work on /home/frederic/airflow_venv/lib/python3.10/site-packages/airflow/example_dags/example_local_kubernetes_executor.py
[2026-05-29T01:49:29.633+0200] {processor.py:829} INFO - Processing file /home/frederic/airflow_venv/lib/python3.10/site-packages/airflow/example_dags/example_local_kubernetes_executor.py for tasks to queue
[2026-05-29T01:49:29.634+0200] {logging_mixin.py:151} INFO - [2026-05-29T01:49:29.634+0200] {dagbag.py:539} INFO - Filling up the DagBag from /home/frederic/airflow_venv/lib/python3.10/site-packages/airflow/example_dags/example_local_kubernetes_executor.py
[2026-05-29T01:49:29.636+0200] {logging_mixin.py:151} INFO - [2026-05-29T01:49:29.636+0200] {example_local_kubernetes_executor.py:39} WARNING - Could not import DAGs in example_local_kubernetes_executor.py
Traceback (most recent call last):
  File "/home/frederic/airflow_venv/lib/python3.10/site-packages/airflow/example_dags/example_local_kubernetes_executor.py", line 37, in <module>
    from kubernetes.client import models as k8s
ModuleNotFoundError: No module named 'kubernetes'
[2026-05-29T01:49:29.637+0200] {logging_mixin.py:151} INFO - [2026-05-29T01:49:29.636+0200] {example_local_kubernetes_executor.py:40} WARNING - Install Kubernetes dependencies with: pip install apache-airflow[cncf.kubernetes]
[2026-05-29T01:49:29.637+0200] {processor.py:841} WARNING - No viable dags retrieved from /home/frederic/airflow_venv/lib/python3.10/site-packages/airflow/example_dags/example_local_kubernetes_executor.py
[2026-05-29T01:49:29.644+0200] {processor.py:179} INFO - Processing /home/frederic/airflow_venv/lib/python3.10/site-packages/airflow/example_dags/example_local_kubernetes_executor.py took 0.016 seconds
[2026-05-29T01:50:15.908+0200] {processor.py:157} INFO - Started process (PID=614973) to work on /home/frederic/airflow_venv/lib/python3.10/site-packages/airflow/example_dags/example_local_kubernetes_executor.py
[2026-05-29T01:50:15.912+0200] {processor.py:829} INFO - Processing file /home/frederic/airflow_venv/lib/python3.10/site-packages/airflow/example_dags/example_local_kubernetes_executor.py for tasks to queue
[2026-05-29T01:50:15.912+0200] {logging_mixin.py:151} INFO - [2026-05-29T01:50:15.912+0200] {dagbag.py:539} INFO - Filling up the DagBag from /home/frederic/airflow_venv/lib/python3.10/site-packages/airflow/example_dags/example_local_kubernetes_executor.py
[2026-05-29T01:50:15.916+0200] {logging_mixin.py:151} INFO - [2026-05-29T01:50:15.915+0200] {example_local_kubernetes_executor.py:39} WARNING - Could not import DAGs in example_local_kubernetes_executor.py
Traceback (most recent call last):
  File "/home/frederic/airflow_venv/lib/python3.10/site-packages/airflow/example_dags/example_local_kubernetes_executor.py", line 37, in <module>
    from kubernetes.client import models as k8s
ModuleNotFoundError: No module named 'kubernetes'
[2026-05-29T01:50:15.916+0200] {logging_mixin.py:151} INFO - [2026-05-29T01:50:15.916+0200] {example_local_kubernetes_executor.py:40} WARNING - Install Kubernetes dependencies with: pip install apache-airflow[cncf.kubernetes]
[2026-05-29T01:50:15.916+0200] {processor.py:841} WARNING - No viable dags retrieved from /home/frederic/airflow_venv/lib/python3.10/site-packages/airflow/example_dags/example_local_kubernetes_executor.py
[2026-05-29T01:50:15.927+0200] {processor.py:179} INFO - Processing /home/frederic/airflow_venv/lib/python3.10/site-packages/airflow/example_dags/example_local_kubernetes_executor.py took 0.023 seconds
[2026-05-29T01:50:59.957+0200] {processor.py:157} INFO - Started process (PID=616315) to work on /home/frederic/airflow_venv/lib/python3.10/site-packages/airflow/example_dags/example_local_kubernetes_executor.py
[2026-05-29T01:50:59.958+0200] {processor.py:829} INFO - Processing file /home/frederic/airflow_venv/lib/python3.10/site-packages/airflow/example_dags/example_local_kubernetes_executor.py for tasks to queue
[2026-05-29T01:50:59.959+0200] {logging_mixin.py:151} INFO - [2026-05-29T01:50:59.959+0200] {dagbag.py:539} INFO - Filling up the DagBag from /home/frederic/airflow_venv/lib/python3.10/site-packages/airflow/example_dags/example_local_kubernetes_executor.py
[2026-05-29T01:50:59.962+0200] {logging_mixin.py:151} INFO - [2026-05-29T01:50:59.962+0200] {example_local_kubernetes_executor.py:39} WARNING - Could not import DAGs in example_local_kubernetes_executor.py
Traceback (most recent call last):
  File "/home/frederic/airflow_venv/lib/python3.10/site-packages/airflow/example_dags/example_local_kubernetes_executor.py", line 37, in <module>
    from kubernetes.client import models as k8s
ModuleNotFoundError: No module named 'kubernetes'
[2026-05-29T01:50:59.962+0200] {logging_mixin.py:151} INFO - [2026-05-29T01:50:59.962+0200] {example_local_kubernetes_executor.py:40} WARNING - Install Kubernetes dependencies with: pip install apache-airflow[cncf.kubernetes]
[2026-05-29T01:50:59.963+0200] {processor.py:841} WARNING - No viable dags retrieved from /home/frederic/airflow_venv/lib/python3.10/site-packages/airflow/example_dags/example_local_kubernetes_executor.py
[2026-05-29T01:50:59.970+0200] {processor.py:179} INFO - Processing /home/frederic/airflow_venv/lib/python3.10/site-packages/airflow/example_dags/example_local_kubernetes_executor.py took 0.016 seconds
[2026-05-29T01:51:49.371+0200] {processor.py:157} INFO - Started process (PID=617553) to work on /home/frederic/airflow_venv/lib/python3.10/site-packages/airflow/example_dags/example_local_kubernetes_executor.py
[2026-05-29T01:51:49.374+0200] {processor.py:829} INFO - Processing file /home/frederic/airflow_venv/lib/python3.10/site-packages/airflow/example_dags/example_local_kubernetes_executor.py for tasks to queue
[2026-05-29T01:51:49.375+0200] {logging_mixin.py:151} INFO - [2026-05-29T01:51:49.375+0200] {dagbag.py:539} INFO - Filling up the DagBag from /home/frederic/airflow_venv/lib/python3.10/site-packages/airflow/example_dags/example_local_kubernetes_executor.py
[2026-05-29T01:51:49.378+0200] {logging_mixin.py:151} INFO - [2026-05-29T01:51:49.377+0200] {example_local_kubernetes_executor.py:39} WARNING - Could not import DAGs in example_local_kubernetes_executor.py
Traceback (most recent call last):
  File "/home/frederic/airflow_venv/lib/python3.10/site-packages/airflow/example_dags/example_local_kubernetes_executor.py", line 37, in <module>
    from kubernetes.client import models as k8s
ModuleNotFoundError: No module named 'kubernetes'
[2026-05-29T01:51:49.378+0200] {logging_mixin.py:151} INFO - [2026-05-29T01:51:49.378+0200] {example_local_kubernetes_executor.py:40} WARNING - Install Kubernetes dependencies with: pip install apache-airflow[cncf.kubernetes]
[2026-05-29T01:51:49.378+0200] {processor.py:841} WARNING - No viable dags retrieved from /home/frederic/airflow_venv/lib/python3.10/site-packages/airflow/example_dags/example_local_kubernetes_executor.py
[2026-05-29T01:51:49.386+0200] {processor.py:179} INFO - Processing /home/frederic/airflow_venv/lib/python3.10/site-packages/airflow/example_dags/example_local_kubernetes_executor.py took 0.018 seconds
[2026-05-29T01:52:39.047+0200] {processor.py:157} INFO - Started process (PID=619157) to work on /home/frederic/airflow_venv/lib/python3.10/site-packages/airflow/example_dags/example_local_kubernetes_executor.py
[2026-05-29T01:52:39.048+0200] {processor.py:829} INFO - Processing file /home/frederic/airflow_venv/lib/python3.10/site-packages/airflow/example_dags/example_local_kubernetes_executor.py for tasks to queue
[2026-05-29T01:52:39.049+0200] {logging_mixin.py:151} INFO - [2026-05-29T01:52:39.049+0200] {dagbag.py:539} INFO - Filling up the DagBag from /home/frederic/airflow_venv/lib/python3.10/site-packages/airflow/example_dags/example_local_kubernetes_executor.py
[2026-05-29T01:52:39.053+0200] {logging_mixin.py:151} INFO - [2026-05-29T01:52:39.052+0200] {example_local_kubernetes_executor.py:39} WARNING - Could not import DAGs in example_local_kubernetes_executor.py
Traceback (most recent call last):
  File "/home/frederic/airflow_venv/lib/python3.10/site-packages/airflow/example_dags/example_local_kubernetes_executor.py", line 37, in <module>
    from kubernetes.client import models as k8s
ModuleNotFoundError: No module named 'kubernetes'
[2026-05-29T01:52:39.054+0200] {logging_mixin.py:151} INFO - [2026-05-29T01:52:39.053+0200] {example_local_kubernetes_executor.py:40} WARNING - Install Kubernetes dependencies with: pip install apache-airflow[cncf.kubernetes]
[2026-05-29T01:52:39.054+0200] {processor.py:841} WARNING - No viable dags retrieved from /home/frederic/airflow_venv/lib/python3.10/site-packages/airflow/example_dags/example_local_kubernetes_executor.py
[2026-05-29T01:52:39.064+0200] {processor.py:179} INFO - Processing /home/frederic/airflow_venv/lib/python3.10/site-packages/airflow/example_dags/example_local_kubernetes_executor.py took 0.021 seconds
[2026-05-29T01:53:24.153+0200] {processor.py:157} INFO - Started process (PID=620447) to work on /home/frederic/airflow_venv/lib/python3.10/site-packages/airflow/example_dags/example_local_kubernetes_executor.py
[2026-05-29T01:53:24.156+0200] {processor.py:829} INFO - Processing file /home/frederic/airflow_venv/lib/python3.10/site-packages/airflow/example_dags/example_local_kubernetes_executor.py for tasks to queue
[2026-05-29T01:53:24.156+0200] {logging_mixin.py:151} INFO - [2026-05-29T01:53:24.156+0200] {dagbag.py:539} INFO - Filling up the DagBag from /home/frederic/airflow_venv/lib/python3.10/site-packages/airflow/example_dags/example_local_kubernetes_executor.py
[2026-05-29T01:53:24.159+0200] {logging_mixin.py:151} INFO - [2026-05-29T01:53:24.159+0200] {example_local_kubernetes_executor.py:39} WARNING - Could not import DAGs in example_local_kubernetes_executor.py
Traceback (most recent call last):
  File "/home/frederic/airflow_venv/lib/python3.10/site-packages/airflow/example_dags/example_local_kubernetes_executor.py", line 37, in <module>
    from kubernetes.client import models as k8s
ModuleNotFoundError: No module named 'kubernetes'
[2026-05-29T01:53:24.160+0200] {logging_mixin.py:151} INFO - [2026-05-29T01:53:24.159+0200] {example_local_kubernetes_executor.py:40} WARNING - Install Kubernetes dependencies with: pip install apache-airflow[cncf.kubernetes]
[2026-05-29T01:53:24.160+0200] {processor.py:841} WARNING - No viable dags retrieved from /home/frederic/airflow_venv/lib/python3.10/site-packages/airflow/example_dags/example_local_kubernetes_executor.py
[2026-05-29T01:53:24.167+0200] {processor.py:179} INFO - Processing /home/frederic/airflow_venv/lib/python3.10/site-packages/airflow/example_dags/example_local_kubernetes_executor.py took 0.017 seconds
[2026-05-29T01:54:10.391+0200] {processor.py:157} INFO - Started process (PID=621524) to work on /home/frederic/airflow_venv/lib/python3.10/site-packages/airflow/example_dags/example_local_kubernetes_executor.py
[2026-05-29T01:54:10.395+0200] {processor.py:829} INFO - Processing file /home/frederic/airflow_venv/lib/python3.10/site-packages/airflow/example_dags/example_local_kubernetes_executor.py for tasks to queue
[2026-05-29T01:54:10.396+0200] {logging_mixin.py:151} INFO - [2026-05-29T01:54:10.396+0200] {dagbag.py:539} INFO - Filling up the DagBag from /home/frederic/airflow_venv/lib/python3.10/site-packages/airflow/example_dags/example_local_kubernetes_executor.py
[2026-05-29T01:54:10.400+0200] {logging_mixin.py:151} INFO - [2026-05-29T01:54:10.399+0200] {example_local_kubernetes_executor.py:39} WARNING - Could not import DAGs in example_local_kubernetes_executor.py
Traceback (most recent call last):
  File "/home/frederic/airflow_venv/lib/python3.10/site-packages/airflow/example_dags/example_local_kubernetes_executor.py", line 37, in <module>
    from kubernetes.client import models as k8s
ModuleNotFoundError: No module named 'kubernetes'
[2026-05-29T01:54:10.400+0200] {logging_mixin.py:151} INFO - [2026-05-29T01:54:10.400+0200] {example_local_kubernetes_executor.py:40} WARNING - Install Kubernetes dependencies with: pip install apache-airflow[cncf.kubernetes]
[2026-05-29T01:54:10.400+0200] {processor.py:841} WARNING - No viable dags retrieved from /home/frederic/airflow_venv/lib/python3.10/site-packages/airflow/example_dags/example_local_kubernetes_executor.py
[2026-05-29T01:54:10.410+0200] {processor.py:179} INFO - Processing /home/frederic/airflow_venv/lib/python3.10/site-packages/airflow/example_dags/example_local_kubernetes_executor.py took 0.021 seconds
[2026-05-29T01:54:55.170+0200] {processor.py:157} INFO - Started process (PID=623396) to work on /home/frederic/airflow_venv/lib/python3.10/site-packages/airflow/example_dags/example_local_kubernetes_executor.py
[2026-05-29T01:54:55.171+0200] {processor.py:829} INFO - Processing file /home/frederic/airflow_venv/lib/python3.10/site-packages/airflow/example_dags/example_local_kubernetes_executor.py for tasks to queue
[2026-05-29T01:54:55.171+0200] {logging_mixin.py:151} INFO - [2026-05-29T01:54:55.171+0200] {dagbag.py:539} INFO - Filling up the DagBag from /home/frederic/airflow_venv/lib/python3.10/site-packages/airflow/example_dags/example_local_kubernetes_executor.py
[2026-05-29T01:54:55.174+0200] {logging_mixin.py:151} INFO - [2026-05-29T01:54:55.174+0200] {example_local_kubernetes_executor.py:39} WARNING - Could not import DAGs in example_local_kubernetes_executor.py
Traceback (most recent call last):
  File "/home/frederic/airflow_venv/lib/python3.10/site-packages/airflow/example_dags/example_local_kubernetes_executor.py", line 37, in <module>
    from kubernetes.client import models as k8s
ModuleNotFoundError: No module named 'kubernetes'
[2026-05-29T01:54:55.174+0200] {logging_mixin.py:151} INFO - [2026-05-29T01:54:55.174+0200] {example_local_kubernetes_executor.py:40} WARNING - Install Kubernetes dependencies with: pip install apache-airflow[cncf.kubernetes]
[2026-05-29T01:54:55.174+0200] {processor.py:841} WARNING - No viable dags retrieved from /home/frederic/airflow_venv/lib/python3.10/site-packages/airflow/example_dags/example_local_kubernetes_executor.py
[2026-05-29T01:54:55.182+0200] {processor.py:179} INFO - Processing /home/frederic/airflow_venv/lib/python3.10/site-packages/airflow/example_dags/example_local_kubernetes_executor.py took 0.014 seconds
[2026-05-29T01:55:42.696+0200] {processor.py:157} INFO - Started process (PID=624800) to work on /home/frederic/airflow_venv/lib/python3.10/site-packages/airflow/example_dags/example_local_kubernetes_executor.py
[2026-05-29T01:55:42.697+0200] {processor.py:829} INFO - Processing file /home/frederic/airflow_venv/lib/python3.10/site-packages/airflow/example_dags/example_local_kubernetes_executor.py for tasks to queue
[2026-05-29T01:55:42.698+0200] {logging_mixin.py:151} INFO - [2026-05-29T01:55:42.698+0200] {dagbag.py:539} INFO - Filling up the DagBag from /home/frederic/airflow_venv/lib/python3.10/site-packages/airflow/example_dags/example_local_kubernetes_executor.py
[2026-05-29T01:55:42.702+0200] {logging_mixin.py:151} INFO - [2026-05-29T01:55:42.701+0200] {example_local_kubernetes_executor.py:39} WARNING - Could not import DAGs in example_local_kubernetes_executor.py
Traceback (most recent call last):
  File "/home/frederic/airflow_venv/lib/python3.10/site-packages/airflow/example_dags/example_local_kubernetes_executor.py", line 37, in <module>
    from kubernetes.client import models as k8s
ModuleNotFoundError: No module named 'kubernetes'
[2026-05-29T01:55:42.702+0200] {logging_mixin.py:151} INFO - [2026-05-29T01:55:42.702+0200] {example_local_kubernetes_executor.py:40} WARNING - Install Kubernetes dependencies with: pip install apache-airflow[cncf.kubernetes]
[2026-05-29T01:55:42.703+0200] {processor.py:841} WARNING - No viable dags retrieved from /home/frederic/airflow_venv/lib/python3.10/site-packages/airflow/example_dags/example_local_kubernetes_executor.py
[2026-05-29T01:55:42.716+0200] {processor.py:179} INFO - Processing /home/frederic/airflow_venv/lib/python3.10/site-packages/airflow/example_dags/example_local_kubernetes_executor.py took 0.025 seconds
[2026-05-29T01:55:47.819+0200] {processor.py:157} INFO - Started process (PID=624942) to work on /home/frederic/airflow_venv/lib/python3.10/site-packages/airflow/example_dags/example_local_kubernetes_executor.py
[2026-05-29T01:55:47.821+0200] {processor.py:829} INFO - Processing file /home/frederic/airflow_venv/lib/python3.10/site-packages/airflow/example_dags/example_local_kubernetes_executor.py for tasks to queue
[2026-05-29T01:55:47.821+0200] {logging_mixin.py:151} INFO - [2026-05-29T01:55:47.821+0200] {dagbag.py:539} INFO - Filling up the DagBag from /home/frederic/airflow_venv/lib/python3.10/site-packages/airflow/example_dags/example_local_kubernetes_executor.py
[2026-05-29T01:55:47.827+0200] {logging_mixin.py:151} INFO - [2026-05-29T01:55:47.826+0200] {example_local_kubernetes_executor.py:39} WARNING - Could not import DAGs in example_local_kubernetes_executor.py
Traceback (most recent call last):
  File "/home/frederic/airflow_venv/lib/python3.10/site-packages/airflow/example_dags/example_local_kubernetes_executor.py", line 37, in <module>
    from kubernetes.client import models as k8s
ModuleNotFoundError: No module named 'kubernetes'
[2026-05-29T01:55:47.827+0200] {logging_mixin.py:151} INFO - [2026-05-29T01:55:47.827+0200] {example_local_kubernetes_executor.py:40} WARNING - Install Kubernetes dependencies with: pip install apache-airflow[cncf.kubernetes]
[2026-05-29T01:55:47.828+0200] {processor.py:841} WARNING - No viable dags retrieved from /home/frederic/airflow_venv/lib/python3.10/site-packages/airflow/example_dags/example_local_kubernetes_executor.py
[2026-05-29T01:55:47.840+0200] {processor.py:179} INFO - Processing /home/frederic/airflow_venv/lib/python3.10/site-packages/airflow/example_dags/example_local_kubernetes_executor.py took 0.024 seconds
[2026-05-29T01:56:40.508+0200] {processor.py:157} INFO - Started process (PID=626626) to work on /home/frederic/airflow_venv/lib/python3.10/site-packages/airflow/example_dags/example_local_kubernetes_executor.py
[2026-05-29T01:56:40.509+0200] {processor.py:829} INFO - Processing file /home/frederic/airflow_venv/lib/python3.10/site-packages/airflow/example_dags/example_local_kubernetes_executor.py for tasks to queue
[2026-05-29T01:56:40.510+0200] {logging_mixin.py:151} INFO - [2026-05-29T01:56:40.510+0200] {dagbag.py:539} INFO - Filling up the DagBag from /home/frederic/airflow_venv/lib/python3.10/site-packages/airflow/example_dags/example_local_kubernetes_executor.py
[2026-05-29T01:56:40.513+0200] {logging_mixin.py:151} INFO - [2026-05-29T01:56:40.512+0200] {example_local_kubernetes_executor.py:39} WARNING - Could not import DAGs in example_local_kubernetes_executor.py
Traceback (most recent call last):
  File "/home/frederic/airflow_venv/lib/python3.10/site-packages/airflow/example_dags/example_local_kubernetes_executor.py", line 37, in <module>
    from kubernetes.client import models as k8s
ModuleNotFoundError: No module named 'kubernetes'
[2026-05-29T01:56:40.514+0200] {logging_mixin.py:151} INFO - [2026-05-29T01:56:40.513+0200] {example_local_kubernetes_executor.py:40} WARNING - Install Kubernetes dependencies with: pip install apache-airflow[cncf.kubernetes]
[2026-05-29T01:56:40.514+0200] {processor.py:841} WARNING - No viable dags retrieved from /home/frederic/airflow_venv/lib/python3.10/site-packages/airflow/example_dags/example_local_kubernetes_executor.py
[2026-05-29T01:56:40.524+0200] {processor.py:179} INFO - Processing /home/frederic/airflow_venv/lib/python3.10/site-packages/airflow/example_dags/example_local_kubernetes_executor.py took 0.018 seconds
[2026-05-29T01:56:46.094+0200] {processor.py:157} INFO - Started process (PID=626808) to work on /home/frederic/airflow_venv/lib/python3.10/site-packages/airflow/example_dags/example_local_kubernetes_executor.py
[2026-05-29T01:56:46.095+0200] {processor.py:829} INFO - Processing file /home/frederic/airflow_venv/lib/python3.10/site-packages/airflow/example_dags/example_local_kubernetes_executor.py for tasks to queue
[2026-05-29T01:56:46.095+0200] {logging_mixin.py:151} INFO - [2026-05-29T01:56:46.095+0200] {dagbag.py:539} INFO - Filling up the DagBag from /home/frederic/airflow_venv/lib/python3.10/site-packages/airflow/example_dags/example_local_kubernetes_executor.py
[2026-05-29T01:56:46.098+0200] {logging_mixin.py:151} INFO - [2026-05-29T01:56:46.098+0200] {example_local_kubernetes_executor.py:39} WARNING - Could not import DAGs in example_local_kubernetes_executor.py
Traceback (most recent call last):
  File "/home/frederic/airflow_venv/lib/python3.10/site-packages/airflow/example_dags/example_local_kubernetes_executor.py", line 37, in <module>
    from kubernetes.client import models as k8s
ModuleNotFoundError: No module named 'kubernetes'
[2026-05-29T01:56:46.099+0200] {logging_mixin.py:151} INFO - [2026-05-29T01:56:46.099+0200] {example_local_kubernetes_executor.py:40} WARNING - Install Kubernetes dependencies with: pip install apache-airflow[cncf.kubernetes]
[2026-05-29T01:56:46.099+0200] {processor.py:841} WARNING - No viable dags retrieved from /home/frederic/airflow_venv/lib/python3.10/site-packages/airflow/example_dags/example_local_kubernetes_executor.py
[2026-05-29T01:56:46.108+0200] {processor.py:179} INFO - Processing /home/frederic/airflow_venv/lib/python3.10/site-packages/airflow/example_dags/example_local_kubernetes_executor.py took 0.017 seconds
[2026-05-29T01:57:25.800+0200] {processor.py:157} INFO - Started process (PID=627996) to work on /home/frederic/airflow_venv/lib/python3.10/site-packages/airflow/example_dags/example_local_kubernetes_executor.py
[2026-05-29T01:57:25.802+0200] {processor.py:829} INFO - Processing file /home/frederic/airflow_venv/lib/python3.10/site-packages/airflow/example_dags/example_local_kubernetes_executor.py for tasks to queue
[2026-05-29T01:57:25.802+0200] {logging_mixin.py:151} INFO - [2026-05-29T01:57:25.802+0200] {dagbag.py:539} INFO - Filling up the DagBag from /home/frederic/airflow_venv/lib/python3.10/site-packages/airflow/example_dags/example_local_kubernetes_executor.py
[2026-05-29T01:57:25.805+0200] {logging_mixin.py:151} INFO - [2026-05-29T01:57:25.804+0200] {example_local_kubernetes_executor.py:39} WARNING - Could not import DAGs in example_local_kubernetes_executor.py
Traceback (most recent call last):
  File "/home/frederic/airflow_venv/lib/python3.10/site-packages/airflow/example_dags/example_local_kubernetes_executor.py", line 37, in <module>
    from kubernetes.client import models as k8s
ModuleNotFoundError: No module named 'kubernetes'
[2026-05-29T01:57:25.805+0200] {logging_mixin.py:151} INFO - [2026-05-29T01:57:25.805+0200] {example_local_kubernetes_executor.py:40} WARNING - Install Kubernetes dependencies with: pip install apache-airflow[cncf.kubernetes]
[2026-05-29T01:57:25.805+0200] {processor.py:841} WARNING - No viable dags retrieved from /home/frederic/airflow_venv/lib/python3.10/site-packages/airflow/example_dags/example_local_kubernetes_executor.py
[2026-05-29T01:57:25.815+0200] {processor.py:179} INFO - Processing /home/frederic/airflow_venv/lib/python3.10/site-packages/airflow/example_dags/example_local_kubernetes_executor.py took 0.018 seconds
[2026-05-29T01:57:32.929+0200] {processor.py:157} INFO - Started process (PID=628191) to work on /home/frederic/airflow_venv/lib/python3.10/site-packages/airflow/example_dags/example_local_kubernetes_executor.py
[2026-05-29T01:57:32.930+0200] {processor.py:829} INFO - Processing file /home/frederic/airflow_venv/lib/python3.10/site-packages/airflow/example_dags/example_local_kubernetes_executor.py for tasks to queue
[2026-05-29T01:57:32.931+0200] {logging_mixin.py:151} INFO - [2026-05-29T01:57:32.930+0200] {dagbag.py:539} INFO - Filling up the DagBag from /home/frederic/airflow_venv/lib/python3.10/site-packages/airflow/example_dags/example_local_kubernetes_executor.py
[2026-05-29T01:57:32.933+0200] {logging_mixin.py:151} INFO - [2026-05-29T01:57:32.933+0200] {example_local_kubernetes_executor.py:39} WARNING - Could not import DAGs in example_local_kubernetes_executor.py
Traceback (most recent call last):
  File "/home/frederic/airflow_venv/lib/python3.10/site-packages/airflow/example_dags/example_local_kubernetes_executor.py", line 37, in <module>
    from kubernetes.client import models as k8s
ModuleNotFoundError: No module named 'kubernetes'
[2026-05-29T01:57:32.934+0200] {logging_mixin.py:151} INFO - [2026-05-29T01:57:32.934+0200] {example_local_kubernetes_executor.py:40} WARNING - Install Kubernetes dependencies with: pip install apache-airflow[cncf.kubernetes]
[2026-05-29T01:57:32.934+0200] {processor.py:841} WARNING - No viable dags retrieved from /home/frederic/airflow_venv/lib/python3.10/site-packages/airflow/example_dags/example_local_kubernetes_executor.py
[2026-05-29T01:57:32.943+0200] {processor.py:179} INFO - Processing /home/frederic/airflow_venv/lib/python3.10/site-packages/airflow/example_dags/example_local_kubernetes_executor.py took 0.019 seconds
[2026-05-29T01:58:16.145+0200] {processor.py:157} INFO - Started process (PID=629897) to work on /home/frederic/airflow_venv/lib/python3.10/site-packages/airflow/example_dags/example_local_kubernetes_executor.py
[2026-05-29T01:58:16.146+0200] {processor.py:829} INFO - Processing file /home/frederic/airflow_venv/lib/python3.10/site-packages/airflow/example_dags/example_local_kubernetes_executor.py for tasks to queue
[2026-05-29T01:58:16.147+0200] {logging_mixin.py:151} INFO - [2026-05-29T01:58:16.147+0200] {dagbag.py:539} INFO - Filling up the DagBag from /home/frederic/airflow_venv/lib/python3.10/site-packages/airflow/example_dags/example_local_kubernetes_executor.py
[2026-05-29T01:58:16.150+0200] {logging_mixin.py:151} INFO - [2026-05-29T01:58:16.149+0200] {example_local_kubernetes_executor.py:39} WARNING - Could not import DAGs in example_local_kubernetes_executor.py
Traceback (most recent call last):
  File "/home/frederic/airflow_venv/lib/python3.10/site-packages/airflow/example_dags/example_local_kubernetes_executor.py", line 37, in <module>
    from kubernetes.client import models as k8s
ModuleNotFoundError: No module named 'kubernetes'
[2026-05-29T01:58:16.150+0200] {logging_mixin.py:151} INFO - [2026-05-29T01:58:16.150+0200] {example_local_kubernetes_executor.py:40} WARNING - Install Kubernetes dependencies with: pip install apache-airflow[cncf.kubernetes]
[2026-05-29T01:58:16.150+0200] {processor.py:841} WARNING - No viable dags retrieved from /home/frederic/airflow_venv/lib/python3.10/site-packages/airflow/example_dags/example_local_kubernetes_executor.py
[2026-05-29T01:58:16.158+0200] {processor.py:179} INFO - Processing /home/frederic/airflow_venv/lib/python3.10/site-packages/airflow/example_dags/example_local_kubernetes_executor.py took 0.015 seconds
[2026-05-29T01:58:18.979+0200] {processor.py:157} INFO - Started process (PID=629973) to work on /home/frederic/airflow_venv/lib/python3.10/site-packages/airflow/example_dags/example_local_kubernetes_executor.py
[2026-05-29T01:58:18.979+0200] {processor.py:829} INFO - Processing file /home/frederic/airflow_venv/lib/python3.10/site-packages/airflow/example_dags/example_local_kubernetes_executor.py for tasks to queue
[2026-05-29T01:58:18.980+0200] {logging_mixin.py:151} INFO - [2026-05-29T01:58:18.980+0200] {dagbag.py:539} INFO - Filling up the DagBag from /home/frederic/airflow_venv/lib/python3.10/site-packages/airflow/example_dags/example_local_kubernetes_executor.py
[2026-05-29T01:58:18.983+0200] {logging_mixin.py:151} INFO - [2026-05-29T01:58:18.983+0200] {example_local_kubernetes_executor.py:39} WARNING - Could not import DAGs in example_local_kubernetes_executor.py
Traceback (most recent call last):
  File "/home/frederic/airflow_venv/lib/python3.10/site-packages/airflow/example_dags/example_local_kubernetes_executor.py", line 37, in <module>
    from kubernetes.client import models as k8s
ModuleNotFoundError: No module named 'kubernetes'
[2026-05-29T01:58:18.983+0200] {logging_mixin.py:151} INFO - [2026-05-29T01:58:18.983+0200] {example_local_kubernetes_executor.py:40} WARNING - Install Kubernetes dependencies with: pip install apache-airflow[cncf.kubernetes]
[2026-05-29T01:58:18.984+0200] {processor.py:841} WARNING - No viable dags retrieved from /home/frederic/airflow_venv/lib/python3.10/site-packages/airflow/example_dags/example_local_kubernetes_executor.py
[2026-05-29T01:58:18.992+0200] {processor.py:179} INFO - Processing /home/frederic/airflow_venv/lib/python3.10/site-packages/airflow/example_dags/example_local_kubernetes_executor.py took 0.015 seconds
[2026-05-29T01:59:12.183+0200] {processor.py:157} INFO - Started process (PID=631783) to work on /home/frederic/airflow_venv/lib/python3.10/site-packages/airflow/example_dags/example_local_kubernetes_executor.py
[2026-05-29T01:59:12.184+0200] {processor.py:829} INFO - Processing file /home/frederic/airflow_venv/lib/python3.10/site-packages/airflow/example_dags/example_local_kubernetes_executor.py for tasks to queue
[2026-05-29T01:59:12.185+0200] {logging_mixin.py:151} INFO - [2026-05-29T01:59:12.184+0200] {dagbag.py:539} INFO - Filling up the DagBag from /home/frederic/airflow_venv/lib/python3.10/site-packages/airflow/example_dags/example_local_kubernetes_executor.py
[2026-05-29T01:59:12.188+0200] {logging_mixin.py:151} INFO - [2026-05-29T01:59:12.187+0200] {example_local_kubernetes_executor.py:39} WARNING - Could not import DAGs in example_local_kubernetes_executor.py
Traceback (most recent call last):
  File "/home/frederic/airflow_venv/lib/python3.10/site-packages/airflow/example_dags/example_local_kubernetes_executor.py", line 37, in <module>
    from kubernetes.client import models as k8s
ModuleNotFoundError: No module named 'kubernetes'
[2026-05-29T01:59:12.188+0200] {logging_mixin.py:151} INFO - [2026-05-29T01:59:12.188+0200] {example_local_kubernetes_executor.py:40} WARNING - Install Kubernetes dependencies with: pip install apache-airflow[cncf.kubernetes]
[2026-05-29T01:59:12.188+0200] {processor.py:841} WARNING - No viable dags retrieved from /home/frederic/airflow_venv/lib/python3.10/site-packages/airflow/example_dags/example_local_kubernetes_executor.py
[2026-05-29T01:59:12.196+0200] {processor.py:179} INFO - Processing /home/frederic/airflow_venv/lib/python3.10/site-packages/airflow/example_dags/example_local_kubernetes_executor.py took 0.015 seconds
[2026-05-29T01:59:14.589+0200] {processor.py:157} INFO - Started process (PID=631849) to work on /home/frederic/airflow_venv/lib/python3.10/site-packages/airflow/example_dags/example_local_kubernetes_executor.py
[2026-05-29T01:59:14.590+0200] {processor.py:829} INFO - Processing file /home/frederic/airflow_venv/lib/python3.10/site-packages/airflow/example_dags/example_local_kubernetes_executor.py for tasks to queue
[2026-05-29T01:59:14.591+0200] {logging_mixin.py:151} INFO - [2026-05-29T01:59:14.591+0200] {dagbag.py:539} INFO - Filling up the DagBag from /home/frederic/airflow_venv/lib/python3.10/site-packages/airflow/example_dags/example_local_kubernetes_executor.py
[2026-05-29T01:59:14.594+0200] {logging_mixin.py:151} INFO - [2026-05-29T01:59:14.593+0200] {example_local_kubernetes_executor.py:39} WARNING - Could not import DAGs in example_local_kubernetes_executor.py
Traceback (most recent call last):
  File "/home/frederic/airflow_venv/lib/python3.10/site-packages/airflow/example_dags/example_local_kubernetes_executor.py", line 37, in <module>
    from kubernetes.client import models as k8s
ModuleNotFoundError: No module named 'kubernetes'
[2026-05-29T01:59:14.594+0200] {logging_mixin.py:151} INFO - [2026-05-29T01:59:14.594+0200] {example_local_kubernetes_executor.py:40} WARNING - Install Kubernetes dependencies with: pip install apache-airflow[cncf.kubernetes]
[2026-05-29T01:59:14.594+0200] {processor.py:841} WARNING - No viable dags retrieved from /home/frederic/airflow_venv/lib/python3.10/site-packages/airflow/example_dags/example_local_kubernetes_executor.py
[2026-05-29T01:59:14.601+0200] {processor.py:179} INFO - Processing /home/frederic/airflow_venv/lib/python3.10/site-packages/airflow/example_dags/example_local_kubernetes_executor.py took 0.015 seconds
[2026-05-29T01:59:56.626+0200] {processor.py:157} INFO - Started process (PID=633028) to work on /home/frederic/airflow_venv/lib/python3.10/site-packages/airflow/example_dags/example_local_kubernetes_executor.py
[2026-05-29T01:59:56.627+0200] {processor.py:829} INFO - Processing file /home/frederic/airflow_venv/lib/python3.10/site-packages/airflow/example_dags/example_local_kubernetes_executor.py for tasks to queue
[2026-05-29T01:59:56.628+0200] {logging_mixin.py:151} INFO - [2026-05-29T01:59:56.627+0200] {dagbag.py:539} INFO - Filling up the DagBag from /home/frederic/airflow_venv/lib/python3.10/site-packages/airflow/example_dags/example_local_kubernetes_executor.py
[2026-05-29T01:59:56.631+0200] {logging_mixin.py:151} INFO - [2026-05-29T01:59:56.631+0200] {example_local_kubernetes_executor.py:39} WARNING - Could not import DAGs in example_local_kubernetes_executor.py
Traceback (most recent call last):
  File "/home/frederic/airflow_venv/lib/python3.10/site-packages/airflow/example_dags/example_local_kubernetes_executor.py", line 37, in <module>
    from kubernetes.client import models as k8s
ModuleNotFoundError: No module named 'kubernetes'
[2026-05-29T01:59:56.632+0200] {logging_mixin.py:151} INFO - [2026-05-29T01:59:56.632+0200] {example_local_kubernetes_executor.py:40} WARNING - Install Kubernetes dependencies with: pip install apache-airflow[cncf.kubernetes]
[2026-05-29T01:59:56.632+0200] {processor.py:841} WARNING - No viable dags retrieved from /home/frederic/airflow_venv/lib/python3.10/site-packages/airflow/example_dags/example_local_kubernetes_executor.py
[2026-05-29T01:59:56.642+0200] {processor.py:179} INFO - Processing /home/frederic/airflow_venv/lib/python3.10/site-packages/airflow/example_dags/example_local_kubernetes_executor.py took 0.019 seconds
[2026-05-29T01:59:59.931+0200] {processor.py:157} INFO - Started process (PID=633070) to work on /home/frederic/airflow_venv/lib/python3.10/site-packages/airflow/example_dags/example_local_kubernetes_executor.py
[2026-05-29T01:59:59.932+0200] {processor.py:829} INFO - Processing file /home/frederic/airflow_venv/lib/python3.10/site-packages/airflow/example_dags/example_local_kubernetes_executor.py for tasks to queue
[2026-05-29T01:59:59.932+0200] {logging_mixin.py:151} INFO - [2026-05-29T01:59:59.932+0200] {dagbag.py:539} INFO - Filling up the DagBag from /home/frederic/airflow_venv/lib/python3.10/site-packages/airflow/example_dags/example_local_kubernetes_executor.py
[2026-05-29T01:59:59.936+0200] {logging_mixin.py:151} INFO - [2026-05-29T01:59:59.935+0200] {example_local_kubernetes_executor.py:39} WARNING - Could not import DAGs in example_local_kubernetes_executor.py
Traceback (most recent call last):
  File "/home/frederic/airflow_venv/lib/python3.10/site-packages/airflow/example_dags/example_local_kubernetes_executor.py", line 37, in <module>
    from kubernetes.client import models as k8s
ModuleNotFoundError: No module named 'kubernetes'
[2026-05-29T01:59:59.936+0200] {logging_mixin.py:151} INFO - [2026-05-29T01:59:59.936+0200] {example_local_kubernetes_executor.py:40} WARNING - Install Kubernetes dependencies with: pip install apache-airflow[cncf.kubernetes]
[2026-05-29T01:59:59.936+0200] {processor.py:841} WARNING - No viable dags retrieved from /home/frederic/airflow_venv/lib/python3.10/site-packages/airflow/example_dags/example_local_kubernetes_executor.py
[2026-05-29T01:59:59.944+0200] {processor.py:179} INFO - Processing /home/frederic/airflow_venv/lib/python3.10/site-packages/airflow/example_dags/example_local_kubernetes_executor.py took 0.016 seconds
