[2026-05-29T01:37:01.600+0200] {processor.py:157} INFO - Started process (PID=594270) to work on /home/frederic/airflow_venv/lib/python3.10/site-packages/airflow/example_dags/example_params_ui_tutorial.py
[2026-05-29T01:37:01.601+0200] {processor.py:829} INFO - Processing file /home/frederic/airflow_venv/lib/python3.10/site-packages/airflow/example_dags/example_params_ui_tutorial.py for tasks to queue
[2026-05-29T01:37:01.601+0200] {logging_mixin.py:151} INFO - [2026-05-29T01:37:01.601+0200] {dagbag.py:539} INFO - Filling up the DagBag from /home/frederic/airflow_venv/lib/python3.10/site-packages/airflow/example_dags/example_params_ui_tutorial.py
[2026-05-29T01:37:01.635+0200] {processor.py:839} INFO - DAG(s) dict_keys(['example_params_ui_tutorial']) retrieved from /home/frederic/airflow_venv/lib/python3.10/site-packages/airflow/example_dags/example_params_ui_tutorial.py
[2026-05-29T01:37:01.772+0200] {logging_mixin.py:151} INFO - [2026-05-29T01:37:01.771+0200] {manager.py:499} INFO - Created Permission View: %s
[2026-05-29T01:37:01.780+0200] {logging_mixin.py:151} INFO - [2026-05-29T01:37:01.780+0200] {manager.py:499} INFO - Created Permission View: %s
[2026-05-29T01:37:01.786+0200] {logging_mixin.py:151} INFO - [2026-05-29T01:37:01.786+0200] {manager.py:499} INFO - Created Permission View: %s
[2026-05-29T01:37:01.786+0200] {logging_mixin.py:151} INFO - [2026-05-29T01:37:01.786+0200] {security.py:708} INFO - Not syncing DAG-level permissions for DAG 'DAG:example_params_ui_tutorial' as access control is unset.
[2026-05-29T01:37:01.786+0200] {logging_mixin.py:151} INFO - [2026-05-29T01:37:01.786+0200] {dag.py:2915} INFO - Sync 1 DAGs
[2026-05-29T01:37:01.796+0200] {logging_mixin.py:151} INFO - [2026-05-29T01:37:01.796+0200] {dag.py:2937} INFO - Creating ORM DAG for example_params_ui_tutorial
[2026-05-29T01:37:01.797+0200] {logging_mixin.py:151} INFO - [2026-05-29T01:37:01.797+0200] {dag.py:3696} INFO - Setting next_dagrun for example_params_ui_tutorial to None, run_after=None
[2026-05-29T01:37:01.812+0200] {processor.py:179} INFO - Processing /home/frederic/airflow_venv/lib/python3.10/site-packages/airflow/example_dags/example_params_ui_tutorial.py took 0.215 seconds
[2026-05-29T01:37:46.609+0200] {processor.py:157} INFO - Started process (PID=595196) to work on /home/frederic/airflow_venv/lib/python3.10/site-packages/airflow/example_dags/example_params_ui_tutorial.py
[2026-05-29T01:37:46.610+0200] {processor.py:829} INFO - Processing file /home/frederic/airflow_venv/lib/python3.10/site-packages/airflow/example_dags/example_params_ui_tutorial.py for tasks to queue
[2026-05-29T01:37:46.611+0200] {logging_mixin.py:151} INFO - [2026-05-29T01:37:46.611+0200] {dagbag.py:539} INFO - Filling up the DagBag from /home/frederic/airflow_venv/lib/python3.10/site-packages/airflow/example_dags/example_params_ui_tutorial.py
[2026-05-29T01:37:46.638+0200] {processor.py:839} INFO - DAG(s) dict_keys(['example_params_ui_tutorial']) retrieved from /home/frederic/airflow_venv/lib/python3.10/site-packages/airflow/example_dags/example_params_ui_tutorial.py
[2026-05-29T01:37:46.679+0200] {logging_mixin.py:151} INFO - [2026-05-29T01:37:46.679+0200] {dag.py:2915} INFO - Sync 1 DAGs
[2026-05-29T01:37:46.689+0200] {logging_mixin.py:151} INFO - [2026-05-29T01:37:46.689+0200] {dag.py:3696} INFO - Setting next_dagrun for example_params_ui_tutorial to None, run_after=None
[2026-05-29T01:37:46.706+0200] {processor.py:179} INFO - Processing /home/frederic/airflow_venv/lib/python3.10/site-packages/airflow/example_dags/example_params_ui_tutorial.py took 0.100 seconds
[2026-05-29T01:38:31.891+0200] {processor.py:157} INFO - Started process (PID=596050) to work on /home/frederic/airflow_venv/lib/python3.10/site-packages/airflow/example_dags/example_params_ui_tutorial.py
[2026-05-29T01:38:31.892+0200] {processor.py:829} INFO - Processing file /home/frederic/airflow_venv/lib/python3.10/site-packages/airflow/example_dags/example_params_ui_tutorial.py for tasks to queue
[2026-05-29T01:38:31.893+0200] {logging_mixin.py:151} INFO - [2026-05-29T01:38:31.893+0200] {dagbag.py:539} INFO - Filling up the DagBag from /home/frederic/airflow_venv/lib/python3.10/site-packages/airflow/example_dags/example_params_ui_tutorial.py
[2026-05-29T01:38:31.920+0200] {processor.py:839} INFO - DAG(s) dict_keys(['example_params_ui_tutorial']) retrieved from /home/frederic/airflow_venv/lib/python3.10/site-packages/airflow/example_dags/example_params_ui_tutorial.py
[2026-05-29T01:38:31.964+0200] {logging_mixin.py:151} INFO - [2026-05-29T01:38:31.964+0200] {dag.py:2915} INFO - Sync 1 DAGs
[2026-05-29T01:38:31.974+0200] {logging_mixin.py:151} INFO - [2026-05-29T01:38:31.973+0200] {dag.py:3696} INFO - Setting next_dagrun for example_params_ui_tutorial to None, run_after=None
[2026-05-29T01:38:31.991+0200] {processor.py:179} INFO - Processing /home/frederic/airflow_venv/lib/python3.10/site-packages/airflow/example_dags/example_params_ui_tutorial.py took 0.102 seconds
[2026-05-29T01:39:16.035+0200] {processor.py:157} INFO - Started process (PID=597186) to work on /home/frederic/airflow_venv/lib/python3.10/site-packages/airflow/example_dags/example_params_ui_tutorial.py
[2026-05-29T01:39:16.036+0200] {processor.py:829} INFO - Processing file /home/frederic/airflow_venv/lib/python3.10/site-packages/airflow/example_dags/example_params_ui_tutorial.py for tasks to queue
[2026-05-29T01:39:16.036+0200] {logging_mixin.py:151} INFO - [2026-05-29T01:39:16.036+0200] {dagbag.py:539} INFO - Filling up the DagBag from /home/frederic/airflow_venv/lib/python3.10/site-packages/airflow/example_dags/example_params_ui_tutorial.py
[2026-05-29T01:39:16.067+0200] {processor.py:839} INFO - DAG(s) dict_keys(['example_params_ui_tutorial']) retrieved from /home/frederic/airflow_venv/lib/python3.10/site-packages/airflow/example_dags/example_params_ui_tutorial.py
[2026-05-29T01:39:16.122+0200] {logging_mixin.py:151} INFO - [2026-05-29T01:39:16.122+0200] {dag.py:2915} INFO - Sync 1 DAGs
[2026-05-29T01:39:16.136+0200] {logging_mixin.py:151} INFO - [2026-05-29T01:39:16.136+0200] {dag.py:3696} INFO - Setting next_dagrun for example_params_ui_tutorial to None, run_after=None
[2026-05-29T01:39:16.157+0200] {processor.py:179} INFO - Processing /home/frederic/airflow_venv/lib/python3.10/site-packages/airflow/example_dags/example_params_ui_tutorial.py took 0.126 seconds
[2026-05-29T01:40:04.755+0200] {processor.py:157} INFO - Started process (PID=598308) to work on /home/frederic/airflow_venv/lib/python3.10/site-packages/airflow/example_dags/example_params_ui_tutorial.py
[2026-05-29T01:40:04.756+0200] {processor.py:829} INFO - Processing file /home/frederic/airflow_venv/lib/python3.10/site-packages/airflow/example_dags/example_params_ui_tutorial.py for tasks to queue
[2026-05-29T01:40:04.757+0200] {logging_mixin.py:151} INFO - [2026-05-29T01:40:04.756+0200] {dagbag.py:539} INFO - Filling up the DagBag from /home/frederic/airflow_venv/lib/python3.10/site-packages/airflow/example_dags/example_params_ui_tutorial.py
[2026-05-29T01:40:04.785+0200] {processor.py:839} INFO - DAG(s) dict_keys(['example_params_ui_tutorial']) retrieved from /home/frederic/airflow_venv/lib/python3.10/site-packages/airflow/example_dags/example_params_ui_tutorial.py
[2026-05-29T01:40:04.827+0200] {logging_mixin.py:151} INFO - [2026-05-29T01:40:04.827+0200] {dag.py:2915} INFO - Sync 1 DAGs
[2026-05-29T01:40:04.839+0200] {logging_mixin.py:151} INFO - [2026-05-29T01:40:04.839+0200] {dag.py:3696} INFO - Setting next_dagrun for example_params_ui_tutorial to None, run_after=None
[2026-05-29T01:40:04.858+0200] {processor.py:179} INFO - Processing /home/frederic/airflow_venv/lib/python3.10/site-packages/airflow/example_dags/example_params_ui_tutorial.py took 0.106 seconds
[2026-05-29T01:40:53.918+0200] {processor.py:157} INFO - Started process (PID=599488) to work on /home/frederic/airflow_venv/lib/python3.10/site-packages/airflow/example_dags/example_params_ui_tutorial.py
[2026-05-29T01:40:53.920+0200] {processor.py:829} INFO - Processing file /home/frederic/airflow_venv/lib/python3.10/site-packages/airflow/example_dags/example_params_ui_tutorial.py for tasks to queue
[2026-05-29T01:40:53.921+0200] {logging_mixin.py:151} INFO - [2026-05-29T01:40:53.921+0200] {dagbag.py:539} INFO - Filling up the DagBag from /home/frederic/airflow_venv/lib/python3.10/site-packages/airflow/example_dags/example_params_ui_tutorial.py
[2026-05-29T01:40:53.946+0200] {processor.py:839} INFO - DAG(s) dict_keys(['example_params_ui_tutorial']) retrieved from /home/frederic/airflow_venv/lib/python3.10/site-packages/airflow/example_dags/example_params_ui_tutorial.py
[2026-05-29T01:40:53.987+0200] {logging_mixin.py:151} INFO - [2026-05-29T01:40:53.987+0200] {dag.py:2915} INFO - Sync 1 DAGs
[2026-05-29T01:40:53.996+0200] {logging_mixin.py:151} INFO - [2026-05-29T01:40:53.996+0200] {dag.py:3696} INFO - Setting next_dagrun for example_params_ui_tutorial to None, run_after=None
[2026-05-29T01:40:54.011+0200] {processor.py:179} INFO - Processing /home/frederic/airflow_venv/lib/python3.10/site-packages/airflow/example_dags/example_params_ui_tutorial.py took 0.095 seconds
[2026-05-29T01:41:37.036+0200] {processor.py:157} INFO - Started process (PID=600761) to work on /home/frederic/airflow_venv/lib/python3.10/site-packages/airflow/example_dags/example_params_ui_tutorial.py
[2026-05-29T01:41:37.037+0200] {processor.py:829} INFO - Processing file /home/frederic/airflow_venv/lib/python3.10/site-packages/airflow/example_dags/example_params_ui_tutorial.py for tasks to queue
[2026-05-29T01:41:37.037+0200] {logging_mixin.py:151} INFO - [2026-05-29T01:41:37.037+0200] {dagbag.py:539} INFO - Filling up the DagBag from /home/frederic/airflow_venv/lib/python3.10/site-packages/airflow/example_dags/example_params_ui_tutorial.py
[2026-05-29T01:41:37.063+0200] {processor.py:839} INFO - DAG(s) dict_keys(['example_params_ui_tutorial']) retrieved from /home/frederic/airflow_venv/lib/python3.10/site-packages/airflow/example_dags/example_params_ui_tutorial.py
[2026-05-29T01:41:37.102+0200] {logging_mixin.py:151} INFO - [2026-05-29T01:41:37.102+0200] {dag.py:2915} INFO - Sync 1 DAGs
[2026-05-29T01:41:37.110+0200] {logging_mixin.py:151} INFO - [2026-05-29T01:41:37.110+0200] {dag.py:3696} INFO - Setting next_dagrun for example_params_ui_tutorial to None, run_after=None
[2026-05-29T01:41:37.125+0200] {processor.py:179} INFO - Processing /home/frederic/airflow_venv/lib/python3.10/site-packages/airflow/example_dags/example_params_ui_tutorial.py took 0.091 seconds
[2026-05-29T01:42:20.175+0200] {processor.py:157} INFO - Started process (PID=601541) to work on /home/frederic/airflow_venv/lib/python3.10/site-packages/airflow/example_dags/example_params_ui_tutorial.py
[2026-05-29T01:42:20.176+0200] {processor.py:829} INFO - Processing file /home/frederic/airflow_venv/lib/python3.10/site-packages/airflow/example_dags/example_params_ui_tutorial.py for tasks to queue
[2026-05-29T01:42:20.177+0200] {logging_mixin.py:151} INFO - [2026-05-29T01:42:20.177+0200] {dagbag.py:539} INFO - Filling up the DagBag from /home/frederic/airflow_venv/lib/python3.10/site-packages/airflow/example_dags/example_params_ui_tutorial.py
[2026-05-29T01:42:20.203+0200] {processor.py:839} INFO - DAG(s) dict_keys(['example_params_ui_tutorial']) retrieved from /home/frederic/airflow_venv/lib/python3.10/site-packages/airflow/example_dags/example_params_ui_tutorial.py
[2026-05-29T01:42:20.246+0200] {logging_mixin.py:151} INFO - [2026-05-29T01:42:20.245+0200] {dag.py:2915} INFO - Sync 1 DAGs
[2026-05-29T01:42:20.256+0200] {logging_mixin.py:151} INFO - [2026-05-29T01:42:20.256+0200] {dag.py:3696} INFO - Setting next_dagrun for example_params_ui_tutorial to None, run_after=None
[2026-05-29T01:42:20.271+0200] {processor.py:179} INFO - Processing /home/frederic/airflow_venv/lib/python3.10/site-packages/airflow/example_dags/example_params_ui_tutorial.py took 0.098 seconds
[2026-05-29T01:43:09.003+0200] {processor.py:157} INFO - Started process (PID=602327) to work on /home/frederic/airflow_venv/lib/python3.10/site-packages/airflow/example_dags/example_params_ui_tutorial.py
[2026-05-29T01:43:09.007+0200] {processor.py:829} INFO - Processing file /home/frederic/airflow_venv/lib/python3.10/site-packages/airflow/example_dags/example_params_ui_tutorial.py for tasks to queue
[2026-05-29T01:43:09.007+0200] {logging_mixin.py:151} INFO - [2026-05-29T01:43:09.007+0200] {dagbag.py:539} INFO - Filling up the DagBag from /home/frederic/airflow_venv/lib/python3.10/site-packages/airflow/example_dags/example_params_ui_tutorial.py
[2026-05-29T01:43:09.035+0200] {processor.py:839} INFO - DAG(s) dict_keys(['example_params_ui_tutorial']) retrieved from /home/frederic/airflow_venv/lib/python3.10/site-packages/airflow/example_dags/example_params_ui_tutorial.py
[2026-05-29T01:43:09.081+0200] {logging_mixin.py:151} INFO - [2026-05-29T01:43:09.080+0200] {dag.py:2915} INFO - Sync 1 DAGs
[2026-05-29T01:43:09.090+0200] {logging_mixin.py:151} INFO - [2026-05-29T01:43:09.090+0200] {dag.py:3696} INFO - Setting next_dagrun for example_params_ui_tutorial to None, run_after=None
[2026-05-29T01:43:09.106+0200] {processor.py:179} INFO - Processing /home/frederic/airflow_venv/lib/python3.10/site-packages/airflow/example_dags/example_params_ui_tutorial.py took 0.105 seconds
[2026-05-29T01:43:56.776+0200] {processor.py:157} INFO - Started process (PID=603230) to work on /home/frederic/airflow_venv/lib/python3.10/site-packages/airflow/example_dags/example_params_ui_tutorial.py
[2026-05-29T01:43:56.777+0200] {processor.py:829} INFO - Processing file /home/frederic/airflow_venv/lib/python3.10/site-packages/airflow/example_dags/example_params_ui_tutorial.py for tasks to queue
[2026-05-29T01:43:56.778+0200] {logging_mixin.py:151} INFO - [2026-05-29T01:43:56.777+0200] {dagbag.py:539} INFO - Filling up the DagBag from /home/frederic/airflow_venv/lib/python3.10/site-packages/airflow/example_dags/example_params_ui_tutorial.py
[2026-05-29T01:43:56.806+0200] {processor.py:839} INFO - DAG(s) dict_keys(['example_params_ui_tutorial']) retrieved from /home/frederic/airflow_venv/lib/python3.10/site-packages/airflow/example_dags/example_params_ui_tutorial.py
[2026-05-29T01:43:56.847+0200] {logging_mixin.py:151} INFO - [2026-05-29T01:43:56.847+0200] {dag.py:2915} INFO - Sync 1 DAGs
[2026-05-29T01:43:56.857+0200] {logging_mixin.py:151} INFO - [2026-05-29T01:43:56.857+0200] {dag.py:3696} INFO - Setting next_dagrun for example_params_ui_tutorial to None, run_after=None
[2026-05-29T01:43:56.872+0200] {processor.py:179} INFO - Processing /home/frederic/airflow_venv/lib/python3.10/site-packages/airflow/example_dags/example_params_ui_tutorial.py took 0.098 seconds
[2026-05-29T01:44:46.502+0200] {processor.py:157} INFO - Started process (PID=604699) to work on /home/frederic/airflow_venv/lib/python3.10/site-packages/airflow/example_dags/example_params_ui_tutorial.py
[2026-05-29T01:44:46.503+0200] {processor.py:829} INFO - Processing file /home/frederic/airflow_venv/lib/python3.10/site-packages/airflow/example_dags/example_params_ui_tutorial.py for tasks to queue
[2026-05-29T01:44:46.504+0200] {logging_mixin.py:151} INFO - [2026-05-29T01:44:46.504+0200] {dagbag.py:539} INFO - Filling up the DagBag from /home/frederic/airflow_venv/lib/python3.10/site-packages/airflow/example_dags/example_params_ui_tutorial.py
[2026-05-29T01:44:46.531+0200] {processor.py:839} INFO - DAG(s) dict_keys(['example_params_ui_tutorial']) retrieved from /home/frederic/airflow_venv/lib/python3.10/site-packages/airflow/example_dags/example_params_ui_tutorial.py
[2026-05-29T01:44:46.571+0200] {logging_mixin.py:151} INFO - [2026-05-29T01:44:46.571+0200] {dag.py:2915} INFO - Sync 1 DAGs
[2026-05-29T01:44:46.581+0200] {logging_mixin.py:151} INFO - [2026-05-29T01:44:46.580+0200] {dag.py:3696} INFO - Setting next_dagrun for example_params_ui_tutorial to None, run_after=None
[2026-05-29T01:44:46.597+0200] {processor.py:179} INFO - Processing /home/frederic/airflow_venv/lib/python3.10/site-packages/airflow/example_dags/example_params_ui_tutorial.py took 0.097 seconds
[2026-05-29T01:45:34.201+0200] {processor.py:157} INFO - Started process (PID=606346) to work on /home/frederic/airflow_venv/lib/python3.10/site-packages/airflow/example_dags/example_params_ui_tutorial.py
[2026-05-29T01:45:34.202+0200] {processor.py:829} INFO - Processing file /home/frederic/airflow_venv/lib/python3.10/site-packages/airflow/example_dags/example_params_ui_tutorial.py for tasks to queue
[2026-05-29T01:45:34.203+0200] {logging_mixin.py:151} INFO - [2026-05-29T01:45:34.203+0200] {dagbag.py:539} INFO - Filling up the DagBag from /home/frederic/airflow_venv/lib/python3.10/site-packages/airflow/example_dags/example_params_ui_tutorial.py
[2026-05-29T01:45:34.243+0200] {processor.py:839} INFO - DAG(s) dict_keys(['example_params_ui_tutorial']) retrieved from /home/frederic/airflow_venv/lib/python3.10/site-packages/airflow/example_dags/example_params_ui_tutorial.py
[2026-05-29T01:45:34.304+0200] {logging_mixin.py:151} INFO - [2026-05-29T01:45:34.303+0200] {dag.py:2915} INFO - Sync 1 DAGs
[2026-05-29T01:45:34.314+0200] {logging_mixin.py:151} INFO - [2026-05-29T01:45:34.314+0200] {dag.py:3696} INFO - Setting next_dagrun for example_params_ui_tutorial to None, run_after=None
[2026-05-29T01:45:34.334+0200] {processor.py:179} INFO - Processing /home/frederic/airflow_venv/lib/python3.10/site-packages/airflow/example_dags/example_params_ui_tutorial.py took 0.135 seconds
[2026-05-29T01:46:27.366+0200] {processor.py:157} INFO - Started process (PID=608690) to work on /home/frederic/airflow_venv/lib/python3.10/site-packages/airflow/example_dags/example_params_ui_tutorial.py
[2026-05-29T01:46:27.369+0200] {processor.py:829} INFO - Processing file /home/frederic/airflow_venv/lib/python3.10/site-packages/airflow/example_dags/example_params_ui_tutorial.py for tasks to queue
[2026-05-29T01:46:27.370+0200] {logging_mixin.py:151} INFO - [2026-05-29T01:46:27.370+0200] {dagbag.py:539} INFO - Filling up the DagBag from /home/frederic/airflow_venv/lib/python3.10/site-packages/airflow/example_dags/example_params_ui_tutorial.py
[2026-05-29T01:46:27.395+0200] {processor.py:839} INFO - DAG(s) dict_keys(['example_params_ui_tutorial']) retrieved from /home/frederic/airflow_venv/lib/python3.10/site-packages/airflow/example_dags/example_params_ui_tutorial.py
[2026-05-29T01:46:27.436+0200] {logging_mixin.py:151} INFO - [2026-05-29T01:46:27.436+0200] {dag.py:2915} INFO - Sync 1 DAGs
[2026-05-29T01:46:27.445+0200] {logging_mixin.py:151} INFO - [2026-05-29T01:46:27.445+0200] {dag.py:3696} INFO - Setting next_dagrun for example_params_ui_tutorial to None, run_after=None
[2026-05-29T01:46:27.459+0200] {processor.py:179} INFO - Processing /home/frederic/airflow_venv/lib/python3.10/site-packages/airflow/example_dags/example_params_ui_tutorial.py took 0.095 seconds
[2026-05-29T01:47:11.282+0200] {processor.py:157} INFO - Started process (PID=609805) to work on /home/frederic/airflow_venv/lib/python3.10/site-packages/airflow/example_dags/example_params_ui_tutorial.py
[2026-05-29T01:47:11.286+0200] {processor.py:829} INFO - Processing file /home/frederic/airflow_venv/lib/python3.10/site-packages/airflow/example_dags/example_params_ui_tutorial.py for tasks to queue
[2026-05-29T01:47:11.287+0200] {logging_mixin.py:151} INFO - [2026-05-29T01:47:11.287+0200] {dagbag.py:539} INFO - Filling up the DagBag from /home/frederic/airflow_venv/lib/python3.10/site-packages/airflow/example_dags/example_params_ui_tutorial.py
[2026-05-29T01:47:11.318+0200] {processor.py:839} INFO - DAG(s) dict_keys(['example_params_ui_tutorial']) retrieved from /home/frederic/airflow_venv/lib/python3.10/site-packages/airflow/example_dags/example_params_ui_tutorial.py
[2026-05-29T01:47:11.363+0200] {logging_mixin.py:151} INFO - [2026-05-29T01:47:11.362+0200] {dag.py:2915} INFO - Sync 1 DAGs
[2026-05-29T01:47:11.372+0200] {logging_mixin.py:151} INFO - [2026-05-29T01:47:11.371+0200] {dag.py:3696} INFO - Setting next_dagrun for example_params_ui_tutorial to None, run_after=None
[2026-05-29T01:47:11.387+0200] {processor.py:179} INFO - Processing /home/frederic/airflow_venv/lib/python3.10/site-packages/airflow/example_dags/example_params_ui_tutorial.py took 0.107 seconds
[2026-05-29T01:47:54.603+0200] {processor.py:157} INFO - Started process (PID=611120) to work on /home/frederic/airflow_venv/lib/python3.10/site-packages/airflow/example_dags/example_params_ui_tutorial.py
[2026-05-29T01:47:54.606+0200] {processor.py:829} INFO - Processing file /home/frederic/airflow_venv/lib/python3.10/site-packages/airflow/example_dags/example_params_ui_tutorial.py for tasks to queue
[2026-05-29T01:47:54.607+0200] {logging_mixin.py:151} INFO - [2026-05-29T01:47:54.607+0200] {dagbag.py:539} INFO - Filling up the DagBag from /home/frederic/airflow_venv/lib/python3.10/site-packages/airflow/example_dags/example_params_ui_tutorial.py
[2026-05-29T01:47:54.632+0200] {processor.py:839} INFO - DAG(s) dict_keys(['example_params_ui_tutorial']) retrieved from /home/frederic/airflow_venv/lib/python3.10/site-packages/airflow/example_dags/example_params_ui_tutorial.py
[2026-05-29T01:47:54.671+0200] {logging_mixin.py:151} INFO - [2026-05-29T01:47:54.671+0200] {dag.py:2915} INFO - Sync 1 DAGs
[2026-05-29T01:47:54.679+0200] {logging_mixin.py:151} INFO - [2026-05-29T01:47:54.679+0200] {dag.py:3696} INFO - Setting next_dagrun for example_params_ui_tutorial to None, run_after=None
[2026-05-29T01:47:54.694+0200] {processor.py:179} INFO - Processing /home/frederic/airflow_venv/lib/python3.10/site-packages/airflow/example_dags/example_params_ui_tutorial.py took 0.094 seconds
[2026-05-29T01:48:41.275+0200] {processor.py:157} INFO - Started process (PID=612537) to work on /home/frederic/airflow_venv/lib/python3.10/site-packages/airflow/example_dags/example_params_ui_tutorial.py
[2026-05-29T01:48:41.276+0200] {processor.py:829} INFO - Processing file /home/frederic/airflow_venv/lib/python3.10/site-packages/airflow/example_dags/example_params_ui_tutorial.py for tasks to queue
[2026-05-29T01:48:41.277+0200] {logging_mixin.py:151} INFO - [2026-05-29T01:48:41.277+0200] {dagbag.py:539} INFO - Filling up the DagBag from /home/frederic/airflow_venv/lib/python3.10/site-packages/airflow/example_dags/example_params_ui_tutorial.py
[2026-05-29T01:48:41.320+0200] {processor.py:839} INFO - DAG(s) dict_keys(['example_params_ui_tutorial']) retrieved from /home/frederic/airflow_venv/lib/python3.10/site-packages/airflow/example_dags/example_params_ui_tutorial.py
[2026-05-29T01:48:41.375+0200] {logging_mixin.py:151} INFO - [2026-05-29T01:48:41.375+0200] {dag.py:2915} INFO - Sync 1 DAGs
[2026-05-29T01:48:41.388+0200] {logging_mixin.py:151} INFO - [2026-05-29T01:48:41.388+0200] {dag.py:3696} INFO - Setting next_dagrun for example_params_ui_tutorial to None, run_after=None
[2026-05-29T01:48:41.411+0200] {processor.py:179} INFO - Processing /home/frederic/airflow_venv/lib/python3.10/site-packages/airflow/example_dags/example_params_ui_tutorial.py took 0.141 seconds
[2026-05-29T01:49:26.793+0200] {processor.py:157} INFO - Started process (PID=613636) to work on /home/frederic/airflow_venv/lib/python3.10/site-packages/airflow/example_dags/example_params_ui_tutorial.py
[2026-05-29T01:49:26.797+0200] {processor.py:829} INFO - Processing file /home/frederic/airflow_venv/lib/python3.10/site-packages/airflow/example_dags/example_params_ui_tutorial.py for tasks to queue
[2026-05-29T01:49:26.797+0200] {logging_mixin.py:151} INFO - [2026-05-29T01:49:26.797+0200] {dagbag.py:539} INFO - Filling up the DagBag from /home/frederic/airflow_venv/lib/python3.10/site-packages/airflow/example_dags/example_params_ui_tutorial.py
[2026-05-29T01:49:26.822+0200] {processor.py:839} INFO - DAG(s) dict_keys(['example_params_ui_tutorial']) retrieved from /home/frederic/airflow_venv/lib/python3.10/site-packages/airflow/example_dags/example_params_ui_tutorial.py
[2026-05-29T01:49:26.864+0200] {logging_mixin.py:151} INFO - [2026-05-29T01:49:26.864+0200] {dag.py:2915} INFO - Sync 1 DAGs
[2026-05-29T01:49:26.873+0200] {logging_mixin.py:151} INFO - [2026-05-29T01:49:26.873+0200] {dag.py:3696} INFO - Setting next_dagrun for example_params_ui_tutorial to None, run_after=None
[2026-05-29T01:49:26.888+0200] {processor.py:179} INFO - Processing /home/frederic/airflow_venv/lib/python3.10/site-packages/airflow/example_dags/example_params_ui_tutorial.py took 0.097 seconds
[2026-05-29T01:50:09.638+0200] {processor.py:157} INFO - Started process (PID=614774) to work on /home/frederic/airflow_venv/lib/python3.10/site-packages/airflow/example_dags/example_params_ui_tutorial.py
[2026-05-29T01:50:09.643+0200] {processor.py:829} INFO - Processing file /home/frederic/airflow_venv/lib/python3.10/site-packages/airflow/example_dags/example_params_ui_tutorial.py for tasks to queue
[2026-05-29T01:50:09.645+0200] {logging_mixin.py:151} INFO - [2026-05-29T01:50:09.644+0200] {dagbag.py:539} INFO - Filling up the DagBag from /home/frederic/airflow_venv/lib/python3.10/site-packages/airflow/example_dags/example_params_ui_tutorial.py
[2026-05-29T01:50:09.681+0200] {processor.py:839} INFO - DAG(s) dict_keys(['example_params_ui_tutorial']) retrieved from /home/frederic/airflow_venv/lib/python3.10/site-packages/airflow/example_dags/example_params_ui_tutorial.py
[2026-05-29T01:50:09.740+0200] {logging_mixin.py:151} INFO - [2026-05-29T01:50:09.740+0200] {dag.py:2915} INFO - Sync 1 DAGs
[2026-05-29T01:50:09.752+0200] {logging_mixin.py:151} INFO - [2026-05-29T01:50:09.752+0200] {dag.py:3696} INFO - Setting next_dagrun for example_params_ui_tutorial to None, run_after=None
[2026-05-29T01:50:09.769+0200] {processor.py:179} INFO - Processing /home/frederic/airflow_venv/lib/python3.10/site-packages/airflow/example_dags/example_params_ui_tutorial.py took 0.136 seconds
[2026-05-29T01:50:56.452+0200] {processor.py:157} INFO - Started process (PID=616240) to work on /home/frederic/airflow_venv/lib/python3.10/site-packages/airflow/example_dags/example_params_ui_tutorial.py
[2026-05-29T01:50:56.453+0200] {processor.py:829} INFO - Processing file /home/frederic/airflow_venv/lib/python3.10/site-packages/airflow/example_dags/example_params_ui_tutorial.py for tasks to queue
[2026-05-29T01:50:56.454+0200] {logging_mixin.py:151} INFO - [2026-05-29T01:50:56.454+0200] {dagbag.py:539} INFO - Filling up the DagBag from /home/frederic/airflow_venv/lib/python3.10/site-packages/airflow/example_dags/example_params_ui_tutorial.py
[2026-05-29T01:50:56.479+0200] {processor.py:839} INFO - DAG(s) dict_keys(['example_params_ui_tutorial']) retrieved from /home/frederic/airflow_venv/lib/python3.10/site-packages/airflow/example_dags/example_params_ui_tutorial.py
[2026-05-29T01:50:56.518+0200] {logging_mixin.py:151} INFO - [2026-05-29T01:50:56.518+0200] {dag.py:2915} INFO - Sync 1 DAGs
[2026-05-29T01:50:56.527+0200] {logging_mixin.py:151} INFO - [2026-05-29T01:50:56.527+0200] {dag.py:3696} INFO - Setting next_dagrun for example_params_ui_tutorial to None, run_after=None
[2026-05-29T01:50:56.542+0200] {processor.py:179} INFO - Processing /home/frederic/airflow_venv/lib/python3.10/site-packages/airflow/example_dags/example_params_ui_tutorial.py took 0.092 seconds
[2026-05-29T01:51:46.433+0200] {processor.py:157} INFO - Started process (PID=617493) to work on /home/frederic/airflow_venv/lib/python3.10/site-packages/airflow/example_dags/example_params_ui_tutorial.py
[2026-05-29T01:51:46.434+0200] {processor.py:829} INFO - Processing file /home/frederic/airflow_venv/lib/python3.10/site-packages/airflow/example_dags/example_params_ui_tutorial.py for tasks to queue
[2026-05-29T01:51:46.434+0200] {logging_mixin.py:151} INFO - [2026-05-29T01:51:46.434+0200] {dagbag.py:539} INFO - Filling up the DagBag from /home/frederic/airflow_venv/lib/python3.10/site-packages/airflow/example_dags/example_params_ui_tutorial.py
[2026-05-29T01:51:46.474+0200] {processor.py:839} INFO - DAG(s) dict_keys(['example_params_ui_tutorial']) retrieved from /home/frederic/airflow_venv/lib/python3.10/site-packages/airflow/example_dags/example_params_ui_tutorial.py
[2026-05-29T01:51:46.530+0200] {logging_mixin.py:151} INFO - [2026-05-29T01:51:46.530+0200] {dag.py:2915} INFO - Sync 1 DAGs
[2026-05-29T01:51:46.543+0200] {logging_mixin.py:151} INFO - [2026-05-29T01:51:46.543+0200] {dag.py:3696} INFO - Setting next_dagrun for example_params_ui_tutorial to None, run_after=None
[2026-05-29T01:51:46.562+0200] {processor.py:179} INFO - Processing /home/frederic/airflow_venv/lib/python3.10/site-packages/airflow/example_dags/example_params_ui_tutorial.py took 0.133 seconds
[2026-05-29T01:52:36.048+0200] {processor.py:157} INFO - Started process (PID=618988) to work on /home/frederic/airflow_venv/lib/python3.10/site-packages/airflow/example_dags/example_params_ui_tutorial.py
[2026-05-29T01:52:36.049+0200] {processor.py:829} INFO - Processing file /home/frederic/airflow_venv/lib/python3.10/site-packages/airflow/example_dags/example_params_ui_tutorial.py for tasks to queue
[2026-05-29T01:52:36.050+0200] {logging_mixin.py:151} INFO - [2026-05-29T01:52:36.050+0200] {dagbag.py:539} INFO - Filling up the DagBag from /home/frederic/airflow_venv/lib/python3.10/site-packages/airflow/example_dags/example_params_ui_tutorial.py
[2026-05-29T01:52:36.084+0200] {processor.py:839} INFO - DAG(s) dict_keys(['example_params_ui_tutorial']) retrieved from /home/frederic/airflow_venv/lib/python3.10/site-packages/airflow/example_dags/example_params_ui_tutorial.py
[2026-05-29T01:52:36.127+0200] {logging_mixin.py:151} INFO - [2026-05-29T01:52:36.127+0200] {dag.py:2915} INFO - Sync 1 DAGs
[2026-05-29T01:52:36.138+0200] {logging_mixin.py:151} INFO - [2026-05-29T01:52:36.138+0200] {dag.py:3696} INFO - Setting next_dagrun for example_params_ui_tutorial to None, run_after=None
[2026-05-29T01:52:36.156+0200] {processor.py:179} INFO - Processing /home/frederic/airflow_venv/lib/python3.10/site-packages/airflow/example_dags/example_params_ui_tutorial.py took 0.110 seconds
[2026-05-29T01:53:21.292+0200] {processor.py:157} INFO - Started process (PID=620384) to work on /home/frederic/airflow_venv/lib/python3.10/site-packages/airflow/example_dags/example_params_ui_tutorial.py
[2026-05-29T01:53:21.296+0200] {processor.py:829} INFO - Processing file /home/frederic/airflow_venv/lib/python3.10/site-packages/airflow/example_dags/example_params_ui_tutorial.py for tasks to queue
[2026-05-29T01:53:21.297+0200] {logging_mixin.py:151} INFO - [2026-05-29T01:53:21.297+0200] {dagbag.py:539} INFO - Filling up the DagBag from /home/frederic/airflow_venv/lib/python3.10/site-packages/airflow/example_dags/example_params_ui_tutorial.py
[2026-05-29T01:53:21.329+0200] {processor.py:839} INFO - DAG(s) dict_keys(['example_params_ui_tutorial']) retrieved from /home/frederic/airflow_venv/lib/python3.10/site-packages/airflow/example_dags/example_params_ui_tutorial.py
[2026-05-29T01:53:21.378+0200] {logging_mixin.py:151} INFO - [2026-05-29T01:53:21.377+0200] {dag.py:2915} INFO - Sync 1 DAGs
[2026-05-29T01:53:21.389+0200] {logging_mixin.py:151} INFO - [2026-05-29T01:53:21.389+0200] {dag.py:3696} INFO - Setting next_dagrun for example_params_ui_tutorial to None, run_after=None
[2026-05-29T01:53:21.408+0200] {processor.py:179} INFO - Processing /home/frederic/airflow_venv/lib/python3.10/site-packages/airflow/example_dags/example_params_ui_tutorial.py took 0.120 seconds
[2026-05-29T01:54:07.556+0200] {processor.py:157} INFO - Started process (PID=621452) to work on /home/frederic/airflow_venv/lib/python3.10/site-packages/airflow/example_dags/example_params_ui_tutorial.py
[2026-05-29T01:54:07.557+0200] {processor.py:829} INFO - Processing file /home/frederic/airflow_venv/lib/python3.10/site-packages/airflow/example_dags/example_params_ui_tutorial.py for tasks to queue
[2026-05-29T01:54:07.558+0200] {logging_mixin.py:151} INFO - [2026-05-29T01:54:07.558+0200] {dagbag.py:539} INFO - Filling up the DagBag from /home/frederic/airflow_venv/lib/python3.10/site-packages/airflow/example_dags/example_params_ui_tutorial.py
[2026-05-29T01:54:07.585+0200] {processor.py:839} INFO - DAG(s) dict_keys(['example_params_ui_tutorial']) retrieved from /home/frederic/airflow_venv/lib/python3.10/site-packages/airflow/example_dags/example_params_ui_tutorial.py
[2026-05-29T01:54:07.625+0200] {logging_mixin.py:151} INFO - [2026-05-29T01:54:07.625+0200] {dag.py:2915} INFO - Sync 1 DAGs
[2026-05-29T01:54:07.637+0200] {logging_mixin.py:151} INFO - [2026-05-29T01:54:07.637+0200] {dag.py:3696} INFO - Setting next_dagrun for example_params_ui_tutorial to None, run_after=None
[2026-05-29T01:54:07.653+0200] {processor.py:179} INFO - Processing /home/frederic/airflow_venv/lib/python3.10/site-packages/airflow/example_dags/example_params_ui_tutorial.py took 0.099 seconds
[2026-05-29T01:54:51.540+0200] {processor.py:157} INFO - Started process (PID=623235) to work on /home/frederic/airflow_venv/lib/python3.10/site-packages/airflow/example_dags/example_params_ui_tutorial.py
[2026-05-29T01:54:51.544+0200] {processor.py:829} INFO - Processing file /home/frederic/airflow_venv/lib/python3.10/site-packages/airflow/example_dags/example_params_ui_tutorial.py for tasks to queue
[2026-05-29T01:54:51.544+0200] {logging_mixin.py:151} INFO - [2026-05-29T01:54:51.544+0200] {dagbag.py:539} INFO - Filling up the DagBag from /home/frederic/airflow_venv/lib/python3.10/site-packages/airflow/example_dags/example_params_ui_tutorial.py
[2026-05-29T01:54:51.570+0200] {processor.py:839} INFO - DAG(s) dict_keys(['example_params_ui_tutorial']) retrieved from /home/frederic/airflow_venv/lib/python3.10/site-packages/airflow/example_dags/example_params_ui_tutorial.py
[2026-05-29T01:54:51.613+0200] {logging_mixin.py:151} INFO - [2026-05-29T01:54:51.613+0200] {dag.py:2915} INFO - Sync 1 DAGs
[2026-05-29T01:54:51.622+0200] {logging_mixin.py:151} INFO - [2026-05-29T01:54:51.622+0200] {dag.py:3696} INFO - Setting next_dagrun for example_params_ui_tutorial to None, run_after=None
[2026-05-29T01:54:51.637+0200] {processor.py:179} INFO - Processing /home/frederic/airflow_venv/lib/python3.10/site-packages/airflow/example_dags/example_params_ui_tutorial.py took 0.099 seconds
[2026-05-29T01:55:40.213+0200] {processor.py:157} INFO - Started process (PID=624701) to work on /home/frederic/airflow_venv/lib/python3.10/site-packages/airflow/example_dags/example_params_ui_tutorial.py
[2026-05-29T01:55:40.214+0200] {processor.py:829} INFO - Processing file /home/frederic/airflow_venv/lib/python3.10/site-packages/airflow/example_dags/example_params_ui_tutorial.py for tasks to queue
[2026-05-29T01:55:40.214+0200] {logging_mixin.py:151} INFO - [2026-05-29T01:55:40.214+0200] {dagbag.py:539} INFO - Filling up the DagBag from /home/frederic/airflow_venv/lib/python3.10/site-packages/airflow/example_dags/example_params_ui_tutorial.py
[2026-05-29T01:55:40.246+0200] {processor.py:839} INFO - DAG(s) dict_keys(['example_params_ui_tutorial']) retrieved from /home/frederic/airflow_venv/lib/python3.10/site-packages/airflow/example_dags/example_params_ui_tutorial.py
[2026-05-29T01:55:40.252+0200] {logging_mixin.py:151} INFO - [2026-05-29T01:55:40.252+0200] {dag.py:2915} INFO - Sync 1 DAGs
[2026-05-29T01:55:40.263+0200] {logging_mixin.py:151} INFO - [2026-05-29T01:55:40.263+0200] {dag.py:3696} INFO - Setting next_dagrun for example_params_ui_tutorial to None, run_after=None
[2026-05-29T01:55:40.278+0200] {processor.py:179} INFO - Processing /home/frederic/airflow_venv/lib/python3.10/site-packages/airflow/example_dags/example_params_ui_tutorial.py took 0.068 seconds
[2026-05-29T01:55:44.954+0200] {processor.py:157} INFO - Started process (PID=624851) to work on /home/frederic/airflow_venv/lib/python3.10/site-packages/airflow/example_dags/example_params_ui_tutorial.py
[2026-05-29T01:55:44.954+0200] {processor.py:829} INFO - Processing file /home/frederic/airflow_venv/lib/python3.10/site-packages/airflow/example_dags/example_params_ui_tutorial.py for tasks to queue
[2026-05-29T01:55:44.955+0200] {logging_mixin.py:151} INFO - [2026-05-29T01:55:44.955+0200] {dagbag.py:539} INFO - Filling up the DagBag from /home/frederic/airflow_venv/lib/python3.10/site-packages/airflow/example_dags/example_params_ui_tutorial.py
[2026-05-29T01:55:44.988+0200] {processor.py:839} INFO - DAG(s) dict_keys(['example_params_ui_tutorial']) retrieved from /home/frederic/airflow_venv/lib/python3.10/site-packages/airflow/example_dags/example_params_ui_tutorial.py
[2026-05-29T01:55:44.996+0200] {logging_mixin.py:151} INFO - [2026-05-29T01:55:44.996+0200] {dag.py:2915} INFO - Sync 1 DAGs
[2026-05-29T01:55:45.011+0200] {logging_mixin.py:151} INFO - [2026-05-29T01:55:45.011+0200] {dag.py:3696} INFO - Setting next_dagrun for example_params_ui_tutorial to None, run_after=None
[2026-05-29T01:55:45.033+0200] {processor.py:179} INFO - Processing /home/frederic/airflow_venv/lib/python3.10/site-packages/airflow/example_dags/example_params_ui_tutorial.py took 0.081 seconds
[2026-05-29T01:56:37.089+0200] {processor.py:157} INFO - Started process (PID=626545) to work on /home/frederic/airflow_venv/lib/python3.10/site-packages/airflow/example_dags/example_params_ui_tutorial.py
[2026-05-29T01:56:37.090+0200] {processor.py:829} INFO - Processing file /home/frederic/airflow_venv/lib/python3.10/site-packages/airflow/example_dags/example_params_ui_tutorial.py for tasks to queue
[2026-05-29T01:56:37.091+0200] {logging_mixin.py:151} INFO - [2026-05-29T01:56:37.090+0200] {dagbag.py:539} INFO - Filling up the DagBag from /home/frederic/airflow_venv/lib/python3.10/site-packages/airflow/example_dags/example_params_ui_tutorial.py
[2026-05-29T01:56:37.117+0200] {processor.py:839} INFO - DAG(s) dict_keys(['example_params_ui_tutorial']) retrieved from /home/frederic/airflow_venv/lib/python3.10/site-packages/airflow/example_dags/example_params_ui_tutorial.py
[2026-05-29T01:56:37.159+0200] {logging_mixin.py:151} INFO - [2026-05-29T01:56:37.159+0200] {dag.py:2915} INFO - Sync 1 DAGs
[2026-05-29T01:56:37.168+0200] {logging_mixin.py:151} INFO - [2026-05-29T01:56:37.168+0200] {dag.py:3696} INFO - Setting next_dagrun for example_params_ui_tutorial to None, run_after=None
[2026-05-29T01:56:37.183+0200] {processor.py:179} INFO - Processing /home/frederic/airflow_venv/lib/python3.10/site-packages/airflow/example_dags/example_params_ui_tutorial.py took 0.096 seconds
[2026-05-29T01:56:42.685+0200] {processor.py:157} INFO - Started process (PID=626732) to work on /home/frederic/airflow_venv/lib/python3.10/site-packages/airflow/example_dags/example_params_ui_tutorial.py
[2026-05-29T01:56:42.686+0200] {processor.py:829} INFO - Processing file /home/frederic/airflow_venv/lib/python3.10/site-packages/airflow/example_dags/example_params_ui_tutorial.py for tasks to queue
[2026-05-29T01:56:42.687+0200] {logging_mixin.py:151} INFO - [2026-05-29T01:56:42.686+0200] {dagbag.py:539} INFO - Filling up the DagBag from /home/frederic/airflow_venv/lib/python3.10/site-packages/airflow/example_dags/example_params_ui_tutorial.py
[2026-05-29T01:56:42.719+0200] {processor.py:839} INFO - DAG(s) dict_keys(['example_params_ui_tutorial']) retrieved from /home/frederic/airflow_venv/lib/python3.10/site-packages/airflow/example_dags/example_params_ui_tutorial.py
[2026-05-29T01:56:42.768+0200] {logging_mixin.py:151} INFO - [2026-05-29T01:56:42.767+0200] {dag.py:2915} INFO - Sync 1 DAGs
[2026-05-29T01:56:42.780+0200] {logging_mixin.py:151} INFO - [2026-05-29T01:56:42.780+0200] {dag.py:3696} INFO - Setting next_dagrun for example_params_ui_tutorial to None, run_after=None
[2026-05-29T01:56:42.799+0200] {processor.py:179} INFO - Processing /home/frederic/airflow_venv/lib/python3.10/site-packages/airflow/example_dags/example_params_ui_tutorial.py took 0.118 seconds
[2026-05-29T01:57:23.048+0200] {processor.py:157} INFO - Started process (PID=627956) to work on /home/frederic/airflow_venv/lib/python3.10/site-packages/airflow/example_dags/example_params_ui_tutorial.py
[2026-05-29T01:57:23.049+0200] {processor.py:829} INFO - Processing file /home/frederic/airflow_venv/lib/python3.10/site-packages/airflow/example_dags/example_params_ui_tutorial.py for tasks to queue
[2026-05-29T01:57:23.050+0200] {logging_mixin.py:151} INFO - [2026-05-29T01:57:23.049+0200] {dagbag.py:539} INFO - Filling up the DagBag from /home/frederic/airflow_venv/lib/python3.10/site-packages/airflow/example_dags/example_params_ui_tutorial.py
[2026-05-29T01:57:23.077+0200] {processor.py:839} INFO - DAG(s) dict_keys(['example_params_ui_tutorial']) retrieved from /home/frederic/airflow_venv/lib/python3.10/site-packages/airflow/example_dags/example_params_ui_tutorial.py
[2026-05-29T01:57:23.120+0200] {logging_mixin.py:151} INFO - [2026-05-29T01:57:23.120+0200] {dag.py:2915} INFO - Sync 1 DAGs
[2026-05-29T01:57:23.129+0200] {logging_mixin.py:151} INFO - [2026-05-29T01:57:23.129+0200] {dag.py:3696} INFO - Setting next_dagrun for example_params_ui_tutorial to None, run_after=None
[2026-05-29T01:57:23.146+0200] {processor.py:179} INFO - Processing /home/frederic/airflow_venv/lib/python3.10/site-packages/airflow/example_dags/example_params_ui_tutorial.py took 0.100 seconds
[2026-05-29T01:57:30.625+0200] {processor.py:157} INFO - Started process (PID=628127) to work on /home/frederic/airflow_venv/lib/python3.10/site-packages/airflow/example_dags/example_params_ui_tutorial.py
[2026-05-29T01:57:30.626+0200] {processor.py:829} INFO - Processing file /home/frederic/airflow_venv/lib/python3.10/site-packages/airflow/example_dags/example_params_ui_tutorial.py for tasks to queue
[2026-05-29T01:57:30.626+0200] {logging_mixin.py:151} INFO - [2026-05-29T01:57:30.626+0200] {dagbag.py:539} INFO - Filling up the DagBag from /home/frederic/airflow_venv/lib/python3.10/site-packages/airflow/example_dags/example_params_ui_tutorial.py
[2026-05-29T01:57:30.657+0200] {processor.py:839} INFO - DAG(s) dict_keys(['example_params_ui_tutorial']) retrieved from /home/frederic/airflow_venv/lib/python3.10/site-packages/airflow/example_dags/example_params_ui_tutorial.py
[2026-05-29T01:57:30.706+0200] {logging_mixin.py:151} INFO - [2026-05-29T01:57:30.706+0200] {dag.py:2915} INFO - Sync 1 DAGs
[2026-05-29T01:57:30.717+0200] {logging_mixin.py:151} INFO - [2026-05-29T01:57:30.717+0200] {dag.py:3696} INFO - Setting next_dagrun for example_params_ui_tutorial to None, run_after=None
[2026-05-29T01:57:30.735+0200] {processor.py:179} INFO - Processing /home/frederic/airflow_venv/lib/python3.10/site-packages/airflow/example_dags/example_params_ui_tutorial.py took 0.113 seconds
[2026-05-29T01:58:12.626+0200] {processor.py:157} INFO - Started process (PID=629730) to work on /home/frederic/airflow_venv/lib/python3.10/site-packages/airflow/example_dags/example_params_ui_tutorial.py
[2026-05-29T01:58:12.627+0200] {processor.py:829} INFO - Processing file /home/frederic/airflow_venv/lib/python3.10/site-packages/airflow/example_dags/example_params_ui_tutorial.py for tasks to queue
[2026-05-29T01:58:12.628+0200] {logging_mixin.py:151} INFO - [2026-05-29T01:58:12.628+0200] {dagbag.py:539} INFO - Filling up the DagBag from /home/frederic/airflow_venv/lib/python3.10/site-packages/airflow/example_dags/example_params_ui_tutorial.py
[2026-05-29T01:58:12.664+0200] {processor.py:839} INFO - DAG(s) dict_keys(['example_params_ui_tutorial']) retrieved from /home/frederic/airflow_venv/lib/python3.10/site-packages/airflow/example_dags/example_params_ui_tutorial.py
[2026-05-29T01:58:12.713+0200] {logging_mixin.py:151} INFO - [2026-05-29T01:58:12.713+0200] {dag.py:2915} INFO - Sync 1 DAGs
[2026-05-29T01:58:12.722+0200] {logging_mixin.py:151} INFO - [2026-05-29T01:58:12.722+0200] {dag.py:3696} INFO - Setting next_dagrun for example_params_ui_tutorial to None, run_after=None
[2026-05-29T01:58:12.739+0200] {processor.py:179} INFO - Processing /home/frederic/airflow_venv/lib/python3.10/site-packages/airflow/example_dags/example_params_ui_tutorial.py took 0.116 seconds
[2026-05-29T01:58:16.292+0200] {processor.py:157} INFO - Started process (PID=629898) to work on /home/frederic/airflow_venv/lib/python3.10/site-packages/airflow/example_dags/example_params_ui_tutorial.py
[2026-05-29T01:58:16.293+0200] {processor.py:829} INFO - Processing file /home/frederic/airflow_venv/lib/python3.10/site-packages/airflow/example_dags/example_params_ui_tutorial.py for tasks to queue
[2026-05-29T01:58:16.294+0200] {logging_mixin.py:151} INFO - [2026-05-29T01:58:16.294+0200] {dagbag.py:539} INFO - Filling up the DagBag from /home/frederic/airflow_venv/lib/python3.10/site-packages/airflow/example_dags/example_params_ui_tutorial.py
[2026-05-29T01:58:16.332+0200] {processor.py:839} INFO - DAG(s) dict_keys(['example_params_ui_tutorial']) retrieved from /home/frederic/airflow_venv/lib/python3.10/site-packages/airflow/example_dags/example_params_ui_tutorial.py
[2026-05-29T01:58:16.374+0200] {logging_mixin.py:151} INFO - [2026-05-29T01:58:16.374+0200] {dag.py:2915} INFO - Sync 1 DAGs
[2026-05-29T01:58:16.386+0200] {logging_mixin.py:151} INFO - [2026-05-29T01:58:16.386+0200] {dag.py:3696} INFO - Setting next_dagrun for example_params_ui_tutorial to None, run_after=None
[2026-05-29T01:58:16.404+0200] {processor.py:179} INFO - Processing /home/frederic/airflow_venv/lib/python3.10/site-packages/airflow/example_dags/example_params_ui_tutorial.py took 0.114 seconds
[2026-05-29T01:59:09.551+0200] {processor.py:157} INFO - Started process (PID=631707) to work on /home/frederic/airflow_venv/lib/python3.10/site-packages/airflow/example_dags/example_params_ui_tutorial.py
[2026-05-29T01:59:09.552+0200] {processor.py:829} INFO - Processing file /home/frederic/airflow_venv/lib/python3.10/site-packages/airflow/example_dags/example_params_ui_tutorial.py for tasks to queue
[2026-05-29T01:59:09.553+0200] {logging_mixin.py:151} INFO - [2026-05-29T01:59:09.552+0200] {dagbag.py:539} INFO - Filling up the DagBag from /home/frederic/airflow_venv/lib/python3.10/site-packages/airflow/example_dags/example_params_ui_tutorial.py
[2026-05-29T01:59:09.584+0200] {processor.py:839} INFO - DAG(s) dict_keys(['example_params_ui_tutorial']) retrieved from /home/frederic/airflow_venv/lib/python3.10/site-packages/airflow/example_dags/example_params_ui_tutorial.py
[2026-05-29T01:59:09.627+0200] {logging_mixin.py:151} INFO - [2026-05-29T01:59:09.627+0200] {dag.py:2915} INFO - Sync 1 DAGs
[2026-05-29T01:59:09.636+0200] {logging_mixin.py:151} INFO - [2026-05-29T01:59:09.636+0200] {dag.py:3696} INFO - Setting next_dagrun for example_params_ui_tutorial to None, run_after=None
[2026-05-29T01:59:09.653+0200] {processor.py:179} INFO - Processing /home/frederic/airflow_venv/lib/python3.10/site-packages/airflow/example_dags/example_params_ui_tutorial.py took 0.105 seconds
[2026-05-29T01:59:11.079+0200] {processor.py:157} INFO - Started process (PID=631739) to work on /home/frederic/airflow_venv/lib/python3.10/site-packages/airflow/example_dags/example_params_ui_tutorial.py
[2026-05-29T01:59:11.080+0200] {processor.py:829} INFO - Processing file /home/frederic/airflow_venv/lib/python3.10/site-packages/airflow/example_dags/example_params_ui_tutorial.py for tasks to queue
[2026-05-29T01:59:11.081+0200] {logging_mixin.py:151} INFO - [2026-05-29T01:59:11.081+0200] {dagbag.py:539} INFO - Filling up the DagBag from /home/frederic/airflow_venv/lib/python3.10/site-packages/airflow/example_dags/example_params_ui_tutorial.py
[2026-05-29T01:59:11.110+0200] {processor.py:839} INFO - DAG(s) dict_keys(['example_params_ui_tutorial']) retrieved from /home/frederic/airflow_venv/lib/python3.10/site-packages/airflow/example_dags/example_params_ui_tutorial.py
[2026-05-29T01:59:11.158+0200] {logging_mixin.py:151} INFO - [2026-05-29T01:59:11.158+0200] {dag.py:2915} INFO - Sync 1 DAGs
[2026-05-29T01:59:11.169+0200] {logging_mixin.py:151} INFO - [2026-05-29T01:59:11.169+0200] {dag.py:3696} INFO - Setting next_dagrun for example_params_ui_tutorial to None, run_after=None
[2026-05-29T01:59:11.185+0200] {processor.py:179} INFO - Processing /home/frederic/airflow_venv/lib/python3.10/site-packages/airflow/example_dags/example_params_ui_tutorial.py took 0.109 seconds
[2026-05-29T01:59:54.678+0200] {processor.py:157} INFO - Started process (PID=632982) to work on /home/frederic/airflow_venv/lib/python3.10/site-packages/airflow/example_dags/example_params_ui_tutorial.py
[2026-05-29T01:59:54.682+0200] {processor.py:829} INFO - Processing file /home/frederic/airflow_venv/lib/python3.10/site-packages/airflow/example_dags/example_params_ui_tutorial.py for tasks to queue
[2026-05-29T01:59:54.683+0200] {logging_mixin.py:151} INFO - [2026-05-29T01:59:54.683+0200] {dagbag.py:539} INFO - Filling up the DagBag from /home/frederic/airflow_venv/lib/python3.10/site-packages/airflow/example_dags/example_params_ui_tutorial.py
[2026-05-29T01:59:54.712+0200] {processor.py:839} INFO - DAG(s) dict_keys(['example_params_ui_tutorial']) retrieved from /home/frederic/airflow_venv/lib/python3.10/site-packages/airflow/example_dags/example_params_ui_tutorial.py
[2026-05-29T01:59:54.754+0200] {logging_mixin.py:151} INFO - [2026-05-29T01:59:54.753+0200] {dag.py:2915} INFO - Sync 1 DAGs
[2026-05-29T01:59:54.764+0200] {logging_mixin.py:151} INFO - [2026-05-29T01:59:54.764+0200] {dag.py:3696} INFO - Setting next_dagrun for example_params_ui_tutorial to None, run_after=None
[2026-05-29T01:59:54.780+0200] {processor.py:179} INFO - Processing /home/frederic/airflow_venv/lib/python3.10/site-packages/airflow/example_dags/example_params_ui_tutorial.py took 0.105 seconds
[2026-05-29T01:59:56.607+0200] {processor.py:157} INFO - Started process (PID=633027) to work on /home/frederic/airflow_venv/lib/python3.10/site-packages/airflow/example_dags/example_params_ui_tutorial.py
[2026-05-29T01:59:56.608+0200] {processor.py:829} INFO - Processing file /home/frederic/airflow_venv/lib/python3.10/site-packages/airflow/example_dags/example_params_ui_tutorial.py for tasks to queue
[2026-05-29T01:59:56.609+0200] {logging_mixin.py:151} INFO - [2026-05-29T01:59:56.609+0200] {dagbag.py:539} INFO - Filling up the DagBag from /home/frederic/airflow_venv/lib/python3.10/site-packages/airflow/example_dags/example_params_ui_tutorial.py
[2026-05-29T01:59:56.643+0200] {processor.py:839} INFO - DAG(s) dict_keys(['example_params_ui_tutorial']) retrieved from /home/frederic/airflow_venv/lib/python3.10/site-packages/airflow/example_dags/example_params_ui_tutorial.py
[2026-05-29T01:59:56.690+0200] {logging_mixin.py:151} INFO - [2026-05-29T01:59:56.690+0200] {dag.py:2915} INFO - Sync 1 DAGs
[2026-05-29T01:59:56.701+0200] {logging_mixin.py:151} INFO - [2026-05-29T01:59:56.700+0200] {dag.py:3696} INFO - Setting next_dagrun for example_params_ui_tutorial to None, run_after=None
[2026-05-29T01:59:56.715+0200] {processor.py:179} INFO - Processing /home/frederic/airflow_venv/lib/python3.10/site-packages/airflow/example_dags/example_params_ui_tutorial.py took 0.111 seconds
