[2026-05-29T01:36:44.643+0200] {processor.py:157} INFO - Started process (PID=593957) to work on /home/frederic/airflow_venv/lib/python3.10/site-packages/airflow/example_dags/example_trigger_target_dag.py
[2026-05-29T01:36:44.644+0200] {processor.py:829} INFO - Processing file /home/frederic/airflow_venv/lib/python3.10/site-packages/airflow/example_dags/example_trigger_target_dag.py for tasks to queue
[2026-05-29T01:36:44.645+0200] {logging_mixin.py:151} INFO - [2026-05-29T01:36:44.645+0200] {dagbag.py:539} INFO - Filling up the DagBag from /home/frederic/airflow_venv/lib/python3.10/site-packages/airflow/example_dags/example_trigger_target_dag.py
[2026-05-29T01:36:44.652+0200] {processor.py:839} INFO - DAG(s) dict_keys(['example_trigger_target_dag']) retrieved from /home/frederic/airflow_venv/lib/python3.10/site-packages/airflow/example_dags/example_trigger_target_dag.py
[2026-05-29T01:36:44.739+0200] {logging_mixin.py:151} INFO - [2026-05-29T01:36:44.738+0200] {manager.py:499} INFO - Created Permission View: %s
[2026-05-29T01:36:44.747+0200] {logging_mixin.py:151} INFO - [2026-05-29T01:36:44.747+0200] {manager.py:499} INFO - Created Permission View: %s
[2026-05-29T01:36:44.754+0200] {logging_mixin.py:151} INFO - [2026-05-29T01:36:44.753+0200] {manager.py:499} INFO - Created Permission View: %s
[2026-05-29T01:36:44.754+0200] {logging_mixin.py:151} INFO - [2026-05-29T01:36:44.754+0200] {security.py:708} INFO - Not syncing DAG-level permissions for DAG 'DAG:example_trigger_target_dag' as access control is unset.
[2026-05-29T01:36:44.754+0200] {logging_mixin.py:151} INFO - [2026-05-29T01:36:44.754+0200] {dag.py:2915} INFO - Sync 1 DAGs
[2026-05-29T01:36:44.764+0200] {logging_mixin.py:151} INFO - [2026-05-29T01:36:44.763+0200] {dag.py:2937} INFO - Creating ORM DAG for example_trigger_target_dag
[2026-05-29T01:36:44.764+0200] {logging_mixin.py:151} INFO - [2026-05-29T01:36:44.764+0200] {dag.py:3696} INFO - Setting next_dagrun for example_trigger_target_dag to None, run_after=None
[2026-05-29T01:36:44.779+0200] {processor.py:179} INFO - Processing /home/frederic/airflow_venv/lib/python3.10/site-packages/airflow/example_dags/example_trigger_target_dag.py took 0.138 seconds
[2026-05-29T01:37:31.711+0200] {processor.py:157} INFO - Started process (PID=594912) to work on /home/frederic/airflow_venv/lib/python3.10/site-packages/airflow/example_dags/example_trigger_target_dag.py
[2026-05-29T01:37:31.712+0200] {processor.py:829} INFO - Processing file /home/frederic/airflow_venv/lib/python3.10/site-packages/airflow/example_dags/example_trigger_target_dag.py for tasks to queue
[2026-05-29T01:37:31.713+0200] {logging_mixin.py:151} INFO - [2026-05-29T01:37:31.712+0200] {dagbag.py:539} INFO - Filling up the DagBag from /home/frederic/airflow_venv/lib/python3.10/site-packages/airflow/example_dags/example_trigger_target_dag.py
[2026-05-29T01:37:31.717+0200] {processor.py:839} INFO - DAG(s) dict_keys(['example_trigger_target_dag']) retrieved from /home/frederic/airflow_venv/lib/python3.10/site-packages/airflow/example_dags/example_trigger_target_dag.py
[2026-05-29T01:37:31.729+0200] {logging_mixin.py:151} INFO - [2026-05-29T01:37:31.729+0200] {dag.py:2915} INFO - Sync 1 DAGs
[2026-05-29T01:37:31.739+0200] {logging_mixin.py:151} INFO - [2026-05-29T01:37:31.739+0200] {dag.py:3696} INFO - Setting next_dagrun for example_trigger_target_dag to None, run_after=None
[2026-05-29T01:37:31.754+0200] {processor.py:179} INFO - Processing /home/frederic/airflow_venv/lib/python3.10/site-packages/airflow/example_dags/example_trigger_target_dag.py took 0.046 seconds
[2026-05-29T01:38:15.880+0200] {processor.py:157} INFO - Started process (PID=595749) to work on /home/frederic/airflow_venv/lib/python3.10/site-packages/airflow/example_dags/example_trigger_target_dag.py
[2026-05-29T01:38:15.881+0200] {processor.py:829} INFO - Processing file /home/frederic/airflow_venv/lib/python3.10/site-packages/airflow/example_dags/example_trigger_target_dag.py for tasks to queue
[2026-05-29T01:38:15.881+0200] {logging_mixin.py:151} INFO - [2026-05-29T01:38:15.881+0200] {dagbag.py:539} INFO - Filling up the DagBag from /home/frederic/airflow_venv/lib/python3.10/site-packages/airflow/example_dags/example_trigger_target_dag.py
[2026-05-29T01:38:15.886+0200] {processor.py:839} INFO - DAG(s) dict_keys(['example_trigger_target_dag']) retrieved from /home/frederic/airflow_venv/lib/python3.10/site-packages/airflow/example_dags/example_trigger_target_dag.py
[2026-05-29T01:38:15.898+0200] {logging_mixin.py:151} INFO - [2026-05-29T01:38:15.898+0200] {dag.py:2915} INFO - Sync 1 DAGs
[2026-05-29T01:38:15.907+0200] {logging_mixin.py:151} INFO - [2026-05-29T01:38:15.907+0200] {dag.py:3696} INFO - Setting next_dagrun for example_trigger_target_dag to None, run_after=None
[2026-05-29T01:38:15.921+0200] {processor.py:179} INFO - Processing /home/frederic/airflow_venv/lib/python3.10/site-packages/airflow/example_dags/example_trigger_target_dag.py took 0.044 seconds
[2026-05-29T01:38:59.350+0200] {processor.py:157} INFO - Started process (PID=596746) to work on /home/frederic/airflow_venv/lib/python3.10/site-packages/airflow/example_dags/example_trigger_target_dag.py
[2026-05-29T01:38:59.351+0200] {processor.py:829} INFO - Processing file /home/frederic/airflow_venv/lib/python3.10/site-packages/airflow/example_dags/example_trigger_target_dag.py for tasks to queue
[2026-05-29T01:38:59.351+0200] {logging_mixin.py:151} INFO - [2026-05-29T01:38:59.351+0200] {dagbag.py:539} INFO - Filling up the DagBag from /home/frederic/airflow_venv/lib/python3.10/site-packages/airflow/example_dags/example_trigger_target_dag.py
[2026-05-29T01:38:59.356+0200] {processor.py:839} INFO - DAG(s) dict_keys(['example_trigger_target_dag']) retrieved from /home/frederic/airflow_venv/lib/python3.10/site-packages/airflow/example_dags/example_trigger_target_dag.py
[2026-05-29T01:38:59.368+0200] {logging_mixin.py:151} INFO - [2026-05-29T01:38:59.368+0200] {dag.py:2915} INFO - Sync 1 DAGs
[2026-05-29T01:38:59.378+0200] {logging_mixin.py:151} INFO - [2026-05-29T01:38:59.378+0200] {dag.py:3696} INFO - Setting next_dagrun for example_trigger_target_dag to None, run_after=None
[2026-05-29T01:38:59.394+0200] {processor.py:179} INFO - Processing /home/frederic/airflow_venv/lib/python3.10/site-packages/airflow/example_dags/example_trigger_target_dag.py took 0.047 seconds
[2026-05-29T01:39:45.925+0200] {processor.py:157} INFO - Started process (PID=597808) to work on /home/frederic/airflow_venv/lib/python3.10/site-packages/airflow/example_dags/example_trigger_target_dag.py
[2026-05-29T01:39:45.926+0200] {processor.py:829} INFO - Processing file /home/frederic/airflow_venv/lib/python3.10/site-packages/airflow/example_dags/example_trigger_target_dag.py for tasks to queue
[2026-05-29T01:39:45.927+0200] {logging_mixin.py:151} INFO - [2026-05-29T01:39:45.927+0200] {dagbag.py:539} INFO - Filling up the DagBag from /home/frederic/airflow_venv/lib/python3.10/site-packages/airflow/example_dags/example_trigger_target_dag.py
[2026-05-29T01:39:45.932+0200] {processor.py:839} INFO - DAG(s) dict_keys(['example_trigger_target_dag']) retrieved from /home/frederic/airflow_venv/lib/python3.10/site-packages/airflow/example_dags/example_trigger_target_dag.py
[2026-05-29T01:39:45.945+0200] {logging_mixin.py:151} INFO - [2026-05-29T01:39:45.944+0200] {dag.py:2915} INFO - Sync 1 DAGs
[2026-05-29T01:39:45.954+0200] {logging_mixin.py:151} INFO - [2026-05-29T01:39:45.954+0200] {dag.py:3696} INFO - Setting next_dagrun for example_trigger_target_dag to None, run_after=None
[2026-05-29T01:39:45.969+0200] {processor.py:179} INFO - Processing /home/frederic/airflow_venv/lib/python3.10/site-packages/airflow/example_dags/example_trigger_target_dag.py took 0.046 seconds
[2026-05-29T01:40:34.680+0200] {processor.py:157} INFO - Started process (PID=599069) to work on /home/frederic/airflow_venv/lib/python3.10/site-packages/airflow/example_dags/example_trigger_target_dag.py
[2026-05-29T01:40:34.681+0200] {processor.py:829} INFO - Processing file /home/frederic/airflow_venv/lib/python3.10/site-packages/airflow/example_dags/example_trigger_target_dag.py for tasks to queue
[2026-05-29T01:40:34.682+0200] {logging_mixin.py:151} INFO - [2026-05-29T01:40:34.681+0200] {dagbag.py:539} INFO - Filling up the DagBag from /home/frederic/airflow_venv/lib/python3.10/site-packages/airflow/example_dags/example_trigger_target_dag.py
[2026-05-29T01:40:34.686+0200] {processor.py:839} INFO - DAG(s) dict_keys(['example_trigger_target_dag']) retrieved from /home/frederic/airflow_venv/lib/python3.10/site-packages/airflow/example_dags/example_trigger_target_dag.py
[2026-05-29T01:40:34.699+0200] {logging_mixin.py:151} INFO - [2026-05-29T01:40:34.699+0200] {dag.py:2915} INFO - Sync 1 DAGs
[2026-05-29T01:40:34.709+0200] {logging_mixin.py:151} INFO - [2026-05-29T01:40:34.709+0200] {dag.py:3696} INFO - Setting next_dagrun for example_trigger_target_dag to None, run_after=None
[2026-05-29T01:40:34.730+0200] {processor.py:179} INFO - Processing /home/frederic/airflow_venv/lib/python3.10/site-packages/airflow/example_dags/example_trigger_target_dag.py took 0.052 seconds
[2026-05-29T01:41:18.470+0200] {processor.py:157} INFO - Started process (PID=600021) to work on /home/frederic/airflow_venv/lib/python3.10/site-packages/airflow/example_dags/example_trigger_target_dag.py
[2026-05-29T01:41:18.473+0200] {processor.py:829} INFO - Processing file /home/frederic/airflow_venv/lib/python3.10/site-packages/airflow/example_dags/example_trigger_target_dag.py for tasks to queue
[2026-05-29T01:41:18.474+0200] {logging_mixin.py:151} INFO - [2026-05-29T01:41:18.473+0200] {dagbag.py:539} INFO - Filling up the DagBag from /home/frederic/airflow_venv/lib/python3.10/site-packages/airflow/example_dags/example_trigger_target_dag.py
[2026-05-29T01:41:18.478+0200] {processor.py:839} INFO - DAG(s) dict_keys(['example_trigger_target_dag']) retrieved from /home/frederic/airflow_venv/lib/python3.10/site-packages/airflow/example_dags/example_trigger_target_dag.py
[2026-05-29T01:41:18.490+0200] {logging_mixin.py:151} INFO - [2026-05-29T01:41:18.489+0200] {dag.py:2915} INFO - Sync 1 DAGs
[2026-05-29T01:41:18.499+0200] {logging_mixin.py:151} INFO - [2026-05-29T01:41:18.499+0200] {dag.py:3696} INFO - Setting next_dagrun for example_trigger_target_dag to None, run_after=None
[2026-05-29T01:41:18.515+0200] {processor.py:179} INFO - Processing /home/frederic/airflow_venv/lib/python3.10/site-packages/airflow/example_dags/example_trigger_target_dag.py took 0.047 seconds
[2026-05-29T01:41:59.591+0200] {processor.py:157} INFO - Started process (PID=601102) to work on /home/frederic/airflow_venv/lib/python3.10/site-packages/airflow/example_dags/example_trigger_target_dag.py
[2026-05-29T01:41:59.592+0200] {processor.py:829} INFO - Processing file /home/frederic/airflow_venv/lib/python3.10/site-packages/airflow/example_dags/example_trigger_target_dag.py for tasks to queue
[2026-05-29T01:41:59.593+0200] {logging_mixin.py:151} INFO - [2026-05-29T01:41:59.592+0200] {dagbag.py:539} INFO - Filling up the DagBag from /home/frederic/airflow_venv/lib/python3.10/site-packages/airflow/example_dags/example_trigger_target_dag.py
[2026-05-29T01:41:59.598+0200] {processor.py:839} INFO - DAG(s) dict_keys(['example_trigger_target_dag']) retrieved from /home/frederic/airflow_venv/lib/python3.10/site-packages/airflow/example_dags/example_trigger_target_dag.py
[2026-05-29T01:41:59.613+0200] {logging_mixin.py:151} INFO - [2026-05-29T01:41:59.613+0200] {dag.py:2915} INFO - Sync 1 DAGs
[2026-05-29T01:41:59.623+0200] {logging_mixin.py:151} INFO - [2026-05-29T01:41:59.623+0200] {dag.py:3696} INFO - Setting next_dagrun for example_trigger_target_dag to None, run_after=None
[2026-05-29T01:41:59.640+0200] {processor.py:179} INFO - Processing /home/frederic/airflow_venv/lib/python3.10/site-packages/airflow/example_dags/example_trigger_target_dag.py took 0.052 seconds
[2026-05-29T01:42:47.020+0200] {processor.py:157} INFO - Started process (PID=601995) to work on /home/frederic/airflow_venv/lib/python3.10/site-packages/airflow/example_dags/example_trigger_target_dag.py
[2026-05-29T01:42:47.021+0200] {processor.py:829} INFO - Processing file /home/frederic/airflow_venv/lib/python3.10/site-packages/airflow/example_dags/example_trigger_target_dag.py for tasks to queue
[2026-05-29T01:42:47.022+0200] {logging_mixin.py:151} INFO - [2026-05-29T01:42:47.021+0200] {dagbag.py:539} INFO - Filling up the DagBag from /home/frederic/airflow_venv/lib/python3.10/site-packages/airflow/example_dags/example_trigger_target_dag.py
[2026-05-29T01:42:47.027+0200] {processor.py:839} INFO - DAG(s) dict_keys(['example_trigger_target_dag']) retrieved from /home/frederic/airflow_venv/lib/python3.10/site-packages/airflow/example_dags/example_trigger_target_dag.py
[2026-05-29T01:42:47.041+0200] {logging_mixin.py:151} INFO - [2026-05-29T01:42:47.041+0200] {dag.py:2915} INFO - Sync 1 DAGs
[2026-05-29T01:42:47.052+0200] {logging_mixin.py:151} INFO - [2026-05-29T01:42:47.052+0200] {dag.py:3696} INFO - Setting next_dagrun for example_trigger_target_dag to None, run_after=None
[2026-05-29T01:42:47.069+0200] {processor.py:179} INFO - Processing /home/frederic/airflow_venv/lib/python3.10/site-packages/airflow/example_dags/example_trigger_target_dag.py took 0.052 seconds
[2026-05-29T01:43:33.324+0200] {processor.py:157} INFO - Started process (PID=602817) to work on /home/frederic/airflow_venv/lib/python3.10/site-packages/airflow/example_dags/example_trigger_target_dag.py
[2026-05-29T01:43:33.326+0200] {processor.py:829} INFO - Processing file /home/frederic/airflow_venv/lib/python3.10/site-packages/airflow/example_dags/example_trigger_target_dag.py for tasks to queue
[2026-05-29T01:43:33.326+0200] {logging_mixin.py:151} INFO - [2026-05-29T01:43:33.326+0200] {dagbag.py:539} INFO - Filling up the DagBag from /home/frederic/airflow_venv/lib/python3.10/site-packages/airflow/example_dags/example_trigger_target_dag.py
[2026-05-29T01:43:33.331+0200] {processor.py:839} INFO - DAG(s) dict_keys(['example_trigger_target_dag']) retrieved from /home/frederic/airflow_venv/lib/python3.10/site-packages/airflow/example_dags/example_trigger_target_dag.py
[2026-05-29T01:43:33.343+0200] {logging_mixin.py:151} INFO - [2026-05-29T01:43:33.343+0200] {dag.py:2915} INFO - Sync 1 DAGs
[2026-05-29T01:43:33.352+0200] {logging_mixin.py:151} INFO - [2026-05-29T01:43:33.352+0200] {dag.py:3696} INFO - Setting next_dagrun for example_trigger_target_dag to None, run_after=None
[2026-05-29T01:43:33.371+0200] {processor.py:179} INFO - Processing /home/frederic/airflow_venv/lib/python3.10/site-packages/airflow/example_dags/example_trigger_target_dag.py took 0.049 seconds
[2026-05-29T01:44:23.647+0200] {processor.py:157} INFO - Started process (PID=603755) to work on /home/frederic/airflow_venv/lib/python3.10/site-packages/airflow/example_dags/example_trigger_target_dag.py
[2026-05-29T01:44:23.651+0200] {processor.py:829} INFO - Processing file /home/frederic/airflow_venv/lib/python3.10/site-packages/airflow/example_dags/example_trigger_target_dag.py for tasks to queue
[2026-05-29T01:44:23.651+0200] {logging_mixin.py:151} INFO - [2026-05-29T01:44:23.651+0200] {dagbag.py:539} INFO - Filling up the DagBag from /home/frederic/airflow_venv/lib/python3.10/site-packages/airflow/example_dags/example_trigger_target_dag.py
[2026-05-29T01:44:23.656+0200] {processor.py:839} INFO - DAG(s) dict_keys(['example_trigger_target_dag']) retrieved from /home/frederic/airflow_venv/lib/python3.10/site-packages/airflow/example_dags/example_trigger_target_dag.py
[2026-05-29T01:44:23.668+0200] {logging_mixin.py:151} INFO - [2026-05-29T01:44:23.668+0200] {dag.py:2915} INFO - Sync 1 DAGs
[2026-05-29T01:44:23.677+0200] {logging_mixin.py:151} INFO - [2026-05-29T01:44:23.677+0200] {dag.py:3696} INFO - Setting next_dagrun for example_trigger_target_dag to None, run_after=None
[2026-05-29T01:44:23.691+0200] {processor.py:179} INFO - Processing /home/frederic/airflow_venv/lib/python3.10/site-packages/airflow/example_dags/example_trigger_target_dag.py took 0.046 seconds
[2026-05-29T01:45:09.917+0200] {processor.py:157} INFO - Started process (PID=605172) to work on /home/frederic/airflow_venv/lib/python3.10/site-packages/airflow/example_dags/example_trigger_target_dag.py
[2026-05-29T01:45:09.920+0200] {processor.py:829} INFO - Processing file /home/frederic/airflow_venv/lib/python3.10/site-packages/airflow/example_dags/example_trigger_target_dag.py for tasks to queue
[2026-05-29T01:45:09.921+0200] {logging_mixin.py:151} INFO - [2026-05-29T01:45:09.921+0200] {dagbag.py:539} INFO - Filling up the DagBag from /home/frederic/airflow_venv/lib/python3.10/site-packages/airflow/example_dags/example_trigger_target_dag.py
[2026-05-29T01:45:09.927+0200] {processor.py:839} INFO - DAG(s) dict_keys(['example_trigger_target_dag']) retrieved from /home/frederic/airflow_venv/lib/python3.10/site-packages/airflow/example_dags/example_trigger_target_dag.py
[2026-05-29T01:45:09.941+0200] {logging_mixin.py:151} INFO - [2026-05-29T01:45:09.941+0200] {dag.py:2915} INFO - Sync 1 DAGs
[2026-05-29T01:45:09.951+0200] {logging_mixin.py:151} INFO - [2026-05-29T01:45:09.951+0200] {dag.py:3696} INFO - Setting next_dagrun for example_trigger_target_dag to None, run_after=None
[2026-05-29T01:45:09.967+0200] {processor.py:179} INFO - Processing /home/frederic/airflow_venv/lib/python3.10/site-packages/airflow/example_dags/example_trigger_target_dag.py took 0.053 seconds
[2026-05-29T01:46:02.250+0200] {processor.py:157} INFO - Started process (PID=607605) to work on /home/frederic/airflow_venv/lib/python3.10/site-packages/airflow/example_dags/example_trigger_target_dag.py
[2026-05-29T01:46:02.251+0200] {processor.py:829} INFO - Processing file /home/frederic/airflow_venv/lib/python3.10/site-packages/airflow/example_dags/example_trigger_target_dag.py for tasks to queue
[2026-05-29T01:46:02.253+0200] {logging_mixin.py:151} INFO - [2026-05-29T01:46:02.252+0200] {dagbag.py:539} INFO - Filling up the DagBag from /home/frederic/airflow_venv/lib/python3.10/site-packages/airflow/example_dags/example_trigger_target_dag.py
[2026-05-29T01:46:02.262+0200] {processor.py:839} INFO - DAG(s) dict_keys(['example_trigger_target_dag']) retrieved from /home/frederic/airflow_venv/lib/python3.10/site-packages/airflow/example_dags/example_trigger_target_dag.py
[2026-05-29T01:46:02.286+0200] {logging_mixin.py:151} INFO - [2026-05-29T01:46:02.286+0200] {dag.py:2915} INFO - Sync 1 DAGs
[2026-05-29T01:46:02.308+0200] {logging_mixin.py:151} INFO - [2026-05-29T01:46:02.308+0200] {dag.py:3696} INFO - Setting next_dagrun for example_trigger_target_dag to None, run_after=None
[2026-05-29T01:46:02.344+0200] {processor.py:179} INFO - Processing /home/frederic/airflow_venv/lib/python3.10/site-packages/airflow/example_dags/example_trigger_target_dag.py took 0.098 seconds
[2026-05-29T01:46:35.324+0200] {processor.py:157} INFO - Started process (PID=608863) to work on /home/frederic/airflow_venv/lib/python3.10/site-packages/airflow/example_dags/example_trigger_target_dag.py
[2026-05-29T01:46:35.325+0200] {processor.py:829} INFO - Processing file /home/frederic/airflow_venv/lib/python3.10/site-packages/airflow/example_dags/example_trigger_target_dag.py for tasks to queue
[2026-05-29T01:46:35.326+0200] {logging_mixin.py:151} INFO - [2026-05-29T01:46:35.325+0200] {dagbag.py:539} INFO - Filling up the DagBag from /home/frederic/airflow_venv/lib/python3.10/site-packages/airflow/example_dags/example_trigger_target_dag.py
[2026-05-29T01:46:35.330+0200] {processor.py:839} INFO - DAG(s) dict_keys(['example_trigger_target_dag']) retrieved from /home/frederic/airflow_venv/lib/python3.10/site-packages/airflow/example_dags/example_trigger_target_dag.py
[2026-05-29T01:46:35.342+0200] {logging_mixin.py:151} INFO - [2026-05-29T01:46:35.341+0200] {dag.py:2915} INFO - Sync 1 DAGs
[2026-05-29T01:46:35.351+0200] {logging_mixin.py:151} INFO - [2026-05-29T01:46:35.351+0200] {dag.py:3696} INFO - Setting next_dagrun for example_trigger_target_dag to None, run_after=None
[2026-05-29T01:46:35.366+0200] {processor.py:179} INFO - Processing /home/frederic/airflow_venv/lib/python3.10/site-packages/airflow/example_dags/example_trigger_target_dag.py took 0.044 seconds
[2026-05-29T01:47:19.778+0200] {processor.py:157} INFO - Started process (PID=610133) to work on /home/frederic/airflow_venv/lib/python3.10/site-packages/airflow/example_dags/example_trigger_target_dag.py
[2026-05-29T01:47:19.782+0200] {processor.py:829} INFO - Processing file /home/frederic/airflow_venv/lib/python3.10/site-packages/airflow/example_dags/example_trigger_target_dag.py for tasks to queue
[2026-05-29T01:47:19.782+0200] {logging_mixin.py:151} INFO - [2026-05-29T01:47:19.782+0200] {dagbag.py:539} INFO - Filling up the DagBag from /home/frederic/airflow_venv/lib/python3.10/site-packages/airflow/example_dags/example_trigger_target_dag.py
[2026-05-29T01:47:19.788+0200] {processor.py:839} INFO - DAG(s) dict_keys(['example_trigger_target_dag']) retrieved from /home/frederic/airflow_venv/lib/python3.10/site-packages/airflow/example_dags/example_trigger_target_dag.py
[2026-05-29T01:47:19.802+0200] {logging_mixin.py:151} INFO - [2026-05-29T01:47:19.802+0200] {dag.py:2915} INFO - Sync 1 DAGs
[2026-05-29T01:47:19.812+0200] {logging_mixin.py:151} INFO - [2026-05-29T01:47:19.811+0200] {dag.py:3696} INFO - Setting next_dagrun for example_trigger_target_dag to None, run_after=None
[2026-05-29T01:47:19.826+0200] {processor.py:179} INFO - Processing /home/frederic/airflow_venv/lib/python3.10/site-packages/airflow/example_dags/example_trigger_target_dag.py took 0.050 seconds
[2026-05-29T01:48:03.168+0200] {processor.py:157} INFO - Started process (PID=611456) to work on /home/frederic/airflow_venv/lib/python3.10/site-packages/airflow/example_dags/example_trigger_target_dag.py
[2026-05-29T01:48:03.169+0200] {processor.py:829} INFO - Processing file /home/frederic/airflow_venv/lib/python3.10/site-packages/airflow/example_dags/example_trigger_target_dag.py for tasks to queue
[2026-05-29T01:48:03.170+0200] {logging_mixin.py:151} INFO - [2026-05-29T01:48:03.170+0200] {dagbag.py:539} INFO - Filling up the DagBag from /home/frederic/airflow_venv/lib/python3.10/site-packages/airflow/example_dags/example_trigger_target_dag.py
[2026-05-29T01:48:03.175+0200] {processor.py:839} INFO - DAG(s) dict_keys(['example_trigger_target_dag']) retrieved from /home/frederic/airflow_venv/lib/python3.10/site-packages/airflow/example_dags/example_trigger_target_dag.py
[2026-05-29T01:48:03.188+0200] {logging_mixin.py:151} INFO - [2026-05-29T01:48:03.188+0200] {dag.py:2915} INFO - Sync 1 DAGs
[2026-05-29T01:48:03.199+0200] {logging_mixin.py:151} INFO - [2026-05-29T01:48:03.198+0200] {dag.py:3696} INFO - Setting next_dagrun for example_trigger_target_dag to None, run_after=None
[2026-05-29T01:48:03.214+0200] {processor.py:179} INFO - Processing /home/frederic/airflow_venv/lib/python3.10/site-packages/airflow/example_dags/example_trigger_target_dag.py took 0.048 seconds
[2026-05-29T01:48:49.656+0200] {processor.py:157} INFO - Started process (PID=612773) to work on /home/frederic/airflow_venv/lib/python3.10/site-packages/airflow/example_dags/example_trigger_target_dag.py
[2026-05-29T01:48:49.660+0200] {processor.py:829} INFO - Processing file /home/frederic/airflow_venv/lib/python3.10/site-packages/airflow/example_dags/example_trigger_target_dag.py for tasks to queue
[2026-05-29T01:48:49.661+0200] {logging_mixin.py:151} INFO - [2026-05-29T01:48:49.661+0200] {dagbag.py:539} INFO - Filling up the DagBag from /home/frederic/airflow_venv/lib/python3.10/site-packages/airflow/example_dags/example_trigger_target_dag.py
[2026-05-29T01:48:49.667+0200] {processor.py:839} INFO - DAG(s) dict_keys(['example_trigger_target_dag']) retrieved from /home/frederic/airflow_venv/lib/python3.10/site-packages/airflow/example_dags/example_trigger_target_dag.py
[2026-05-29T01:48:49.684+0200] {logging_mixin.py:151} INFO - [2026-05-29T01:48:49.684+0200] {dag.py:2915} INFO - Sync 1 DAGs
[2026-05-29T01:48:49.695+0200] {logging_mixin.py:151} INFO - [2026-05-29T01:48:49.694+0200] {dag.py:3696} INFO - Setting next_dagrun for example_trigger_target_dag to None, run_after=None
[2026-05-29T01:48:49.713+0200] {processor.py:179} INFO - Processing /home/frederic/airflow_venv/lib/python3.10/site-packages/airflow/example_dags/example_trigger_target_dag.py took 0.059 seconds
[2026-05-29T01:49:33.655+0200] {processor.py:157} INFO - Started process (PID=613785) to work on /home/frederic/airflow_venv/lib/python3.10/site-packages/airflow/example_dags/example_trigger_target_dag.py
[2026-05-29T01:49:33.656+0200] {processor.py:829} INFO - Processing file /home/frederic/airflow_venv/lib/python3.10/site-packages/airflow/example_dags/example_trigger_target_dag.py for tasks to queue
[2026-05-29T01:49:33.657+0200] {logging_mixin.py:151} INFO - [2026-05-29T01:49:33.656+0200] {dagbag.py:539} INFO - Filling up the DagBag from /home/frederic/airflow_venv/lib/python3.10/site-packages/airflow/example_dags/example_trigger_target_dag.py
[2026-05-29T01:49:33.665+0200] {processor.py:839} INFO - DAG(s) dict_keys(['example_trigger_target_dag']) retrieved from /home/frederic/airflow_venv/lib/python3.10/site-packages/airflow/example_dags/example_trigger_target_dag.py
[2026-05-29T01:49:33.685+0200] {logging_mixin.py:151} INFO - [2026-05-29T01:49:33.685+0200] {dag.py:2915} INFO - Sync 1 DAGs
[2026-05-29T01:49:33.700+0200] {logging_mixin.py:151} INFO - [2026-05-29T01:49:33.700+0200] {dag.py:3696} INFO - Setting next_dagrun for example_trigger_target_dag to None, run_after=None
[2026-05-29T01:49:33.725+0200] {processor.py:179} INFO - Processing /home/frederic/airflow_venv/lib/python3.10/site-packages/airflow/example_dags/example_trigger_target_dag.py took 0.075 seconds
[2026-05-29T01:50:13.628+0200] {processor.py:157} INFO - Started process (PID=614877) to work on /home/frederic/airflow_venv/lib/python3.10/site-packages/airflow/example_dags/example_trigger_target_dag.py
[2026-05-29T01:50:13.632+0200] {processor.py:829} INFO - Processing file /home/frederic/airflow_venv/lib/python3.10/site-packages/airflow/example_dags/example_trigger_target_dag.py for tasks to queue
[2026-05-29T01:50:13.632+0200] {logging_mixin.py:151} INFO - [2026-05-29T01:50:13.632+0200] {dagbag.py:539} INFO - Filling up the DagBag from /home/frederic/airflow_venv/lib/python3.10/site-packages/airflow/example_dags/example_trigger_target_dag.py
[2026-05-29T01:50:13.637+0200] {processor.py:839} INFO - DAG(s) dict_keys(['example_trigger_target_dag']) retrieved from /home/frederic/airflow_venv/lib/python3.10/site-packages/airflow/example_dags/example_trigger_target_dag.py
[2026-05-29T01:50:13.648+0200] {logging_mixin.py:151} INFO - [2026-05-29T01:50:13.648+0200] {dag.py:2915} INFO - Sync 1 DAGs
[2026-05-29T01:50:13.660+0200] {logging_mixin.py:151} INFO - [2026-05-29T01:50:13.660+0200] {dag.py:3696} INFO - Setting next_dagrun for example_trigger_target_dag to None, run_after=None
[2026-05-29T01:50:13.674+0200] {processor.py:179} INFO - Processing /home/frederic/airflow_venv/lib/python3.10/site-packages/airflow/example_dags/example_trigger_target_dag.py took 0.049 seconds
[2026-05-29T01:50:54.437+0200] {processor.py:157} INFO - Started process (PID=616198) to work on /home/frederic/airflow_venv/lib/python3.10/site-packages/airflow/example_dags/example_trigger_target_dag.py
[2026-05-29T01:50:54.440+0200] {processor.py:829} INFO - Processing file /home/frederic/airflow_venv/lib/python3.10/site-packages/airflow/example_dags/example_trigger_target_dag.py for tasks to queue
[2026-05-29T01:50:54.441+0200] {logging_mixin.py:151} INFO - [2026-05-29T01:50:54.441+0200] {dagbag.py:539} INFO - Filling up the DagBag from /home/frederic/airflow_venv/lib/python3.10/site-packages/airflow/example_dags/example_trigger_target_dag.py
[2026-05-29T01:50:54.446+0200] {processor.py:839} INFO - DAG(s) dict_keys(['example_trigger_target_dag']) retrieved from /home/frederic/airflow_venv/lib/python3.10/site-packages/airflow/example_dags/example_trigger_target_dag.py
[2026-05-29T01:50:54.457+0200] {logging_mixin.py:151} INFO - [2026-05-29T01:50:54.457+0200] {dag.py:2915} INFO - Sync 1 DAGs
[2026-05-29T01:50:54.466+0200] {logging_mixin.py:151} INFO - [2026-05-29T01:50:54.466+0200] {dag.py:3696} INFO - Setting next_dagrun for example_trigger_target_dag to None, run_after=None
[2026-05-29T01:50:54.483+0200] {processor.py:179} INFO - Processing /home/frederic/airflow_venv/lib/python3.10/site-packages/airflow/example_dags/example_trigger_target_dag.py took 0.049 seconds
[2026-05-29T01:51:41.293+0200] {processor.py:157} INFO - Started process (PID=617335) to work on /home/frederic/airflow_venv/lib/python3.10/site-packages/airflow/example_dags/example_trigger_target_dag.py
[2026-05-29T01:51:41.294+0200] {processor.py:829} INFO - Processing file /home/frederic/airflow_venv/lib/python3.10/site-packages/airflow/example_dags/example_trigger_target_dag.py for tasks to queue
[2026-05-29T01:51:41.294+0200] {logging_mixin.py:151} INFO - [2026-05-29T01:51:41.294+0200] {dagbag.py:539} INFO - Filling up the DagBag from /home/frederic/airflow_venv/lib/python3.10/site-packages/airflow/example_dags/example_trigger_target_dag.py
[2026-05-29T01:51:41.299+0200] {processor.py:839} INFO - DAG(s) dict_keys(['example_trigger_target_dag']) retrieved from /home/frederic/airflow_venv/lib/python3.10/site-packages/airflow/example_dags/example_trigger_target_dag.py
[2026-05-29T01:51:41.312+0200] {logging_mixin.py:151} INFO - [2026-05-29T01:51:41.312+0200] {dag.py:2915} INFO - Sync 1 DAGs
[2026-05-29T01:51:41.322+0200] {logging_mixin.py:151} INFO - [2026-05-29T01:51:41.322+0200] {dag.py:3696} INFO - Setting next_dagrun for example_trigger_target_dag to None, run_after=None
[2026-05-29T01:51:41.337+0200] {processor.py:179} INFO - Processing /home/frederic/airflow_venv/lib/python3.10/site-packages/airflow/example_dags/example_trigger_target_dag.py took 0.047 seconds
[2026-05-29T01:52:31.851+0200] {processor.py:157} INFO - Started process (PID=618629) to work on /home/frederic/airflow_venv/lib/python3.10/site-packages/airflow/example_dags/example_trigger_target_dag.py
[2026-05-29T01:52:31.855+0200] {processor.py:829} INFO - Processing file /home/frederic/airflow_venv/lib/python3.10/site-packages/airflow/example_dags/example_trigger_target_dag.py for tasks to queue
[2026-05-29T01:52:31.856+0200] {logging_mixin.py:151} INFO - [2026-05-29T01:52:31.856+0200] {dagbag.py:539} INFO - Filling up the DagBag from /home/frederic/airflow_venv/lib/python3.10/site-packages/airflow/example_dags/example_trigger_target_dag.py
[2026-05-29T01:52:31.862+0200] {processor.py:839} INFO - DAG(s) dict_keys(['example_trigger_target_dag']) retrieved from /home/frederic/airflow_venv/lib/python3.10/site-packages/airflow/example_dags/example_trigger_target_dag.py
[2026-05-29T01:52:31.880+0200] {logging_mixin.py:151} INFO - [2026-05-29T01:52:31.879+0200] {dag.py:2915} INFO - Sync 1 DAGs
[2026-05-29T01:52:31.893+0200] {logging_mixin.py:151} INFO - [2026-05-29T01:52:31.893+0200] {dag.py:3696} INFO - Setting next_dagrun for example_trigger_target_dag to None, run_after=None
[2026-05-29T01:52:31.918+0200] {processor.py:179} INFO - Processing /home/frederic/airflow_venv/lib/python3.10/site-packages/airflow/example_dags/example_trigger_target_dag.py took 0.069 seconds
[2026-05-29T01:53:17.280+0200] {processor.py:157} INFO - Started process (PID=620238) to work on /home/frederic/airflow_venv/lib/python3.10/site-packages/airflow/example_dags/example_trigger_target_dag.py
[2026-05-29T01:53:17.284+0200] {processor.py:829} INFO - Processing file /home/frederic/airflow_venv/lib/python3.10/site-packages/airflow/example_dags/example_trigger_target_dag.py for tasks to queue
[2026-05-29T01:53:17.284+0200] {logging_mixin.py:151} INFO - [2026-05-29T01:53:17.284+0200] {dagbag.py:539} INFO - Filling up the DagBag from /home/frederic/airflow_venv/lib/python3.10/site-packages/airflow/example_dags/example_trigger_target_dag.py
[2026-05-29T01:53:17.290+0200] {processor.py:839} INFO - DAG(s) dict_keys(['example_trigger_target_dag']) retrieved from /home/frederic/airflow_venv/lib/python3.10/site-packages/airflow/example_dags/example_trigger_target_dag.py
[2026-05-29T01:53:17.305+0200] {logging_mixin.py:151} INFO - [2026-05-29T01:53:17.305+0200] {dag.py:2915} INFO - Sync 1 DAGs
[2026-05-29T01:53:17.317+0200] {logging_mixin.py:151} INFO - [2026-05-29T01:53:17.317+0200] {dag.py:3696} INFO - Setting next_dagrun for example_trigger_target_dag to None, run_after=None
[2026-05-29T01:53:17.335+0200] {processor.py:179} INFO - Processing /home/frederic/airflow_venv/lib/python3.10/site-packages/airflow/example_dags/example_trigger_target_dag.py took 0.057 seconds
[2026-05-29T01:54:02.407+0200] {processor.py:157} INFO - Started process (PID=621367) to work on /home/frederic/airflow_venv/lib/python3.10/site-packages/airflow/example_dags/example_trigger_target_dag.py
[2026-05-29T01:54:02.410+0200] {processor.py:829} INFO - Processing file /home/frederic/airflow_venv/lib/python3.10/site-packages/airflow/example_dags/example_trigger_target_dag.py for tasks to queue
[2026-05-29T01:54:02.411+0200] {logging_mixin.py:151} INFO - [2026-05-29T01:54:02.411+0200] {dagbag.py:539} INFO - Filling up the DagBag from /home/frederic/airflow_venv/lib/python3.10/site-packages/airflow/example_dags/example_trigger_target_dag.py
[2026-05-29T01:54:02.415+0200] {processor.py:839} INFO - DAG(s) dict_keys(['example_trigger_target_dag']) retrieved from /home/frederic/airflow_venv/lib/python3.10/site-packages/airflow/example_dags/example_trigger_target_dag.py
[2026-05-29T01:54:02.426+0200] {logging_mixin.py:151} INFO - [2026-05-29T01:54:02.426+0200] {dag.py:2915} INFO - Sync 1 DAGs
[2026-05-29T01:54:02.435+0200] {logging_mixin.py:151} INFO - [2026-05-29T01:54:02.435+0200] {dag.py:3696} INFO - Setting next_dagrun for example_trigger_target_dag to None, run_after=None
[2026-05-29T01:54:02.449+0200] {processor.py:179} INFO - Processing /home/frederic/airflow_venv/lib/python3.10/site-packages/airflow/example_dags/example_trigger_target_dag.py took 0.045 seconds
[2026-05-29T01:54:47.542+0200] {processor.py:157} INFO - Started process (PID=622858) to work on /home/frederic/airflow_venv/lib/python3.10/site-packages/airflow/example_dags/example_trigger_target_dag.py
[2026-05-29T01:54:47.544+0200] {processor.py:829} INFO - Processing file /home/frederic/airflow_venv/lib/python3.10/site-packages/airflow/example_dags/example_trigger_target_dag.py for tasks to queue
[2026-05-29T01:54:47.545+0200] {logging_mixin.py:151} INFO - [2026-05-29T01:54:47.545+0200] {dagbag.py:539} INFO - Filling up the DagBag from /home/frederic/airflow_venv/lib/python3.10/site-packages/airflow/example_dags/example_trigger_target_dag.py
[2026-05-29T01:54:47.554+0200] {processor.py:839} INFO - DAG(s) dict_keys(['example_trigger_target_dag']) retrieved from /home/frederic/airflow_venv/lib/python3.10/site-packages/airflow/example_dags/example_trigger_target_dag.py
[2026-05-29T01:54:47.576+0200] {logging_mixin.py:151} INFO - [2026-05-29T01:54:47.576+0200] {dag.py:2915} INFO - Sync 1 DAGs
[2026-05-29T01:54:47.596+0200] {logging_mixin.py:151} INFO - [2026-05-29T01:54:47.596+0200] {dag.py:3696} INFO - Setting next_dagrun for example_trigger_target_dag to None, run_after=None
[2026-05-29T01:54:47.624+0200] {processor.py:179} INFO - Processing /home/frederic/airflow_venv/lib/python3.10/site-packages/airflow/example_dags/example_trigger_target_dag.py took 0.084 seconds
[2026-05-29T01:55:30.096+0200] {processor.py:157} INFO - Started process (PID=624412) to work on /home/frederic/airflow_venv/lib/python3.10/site-packages/airflow/example_dags/example_trigger_target_dag.py
[2026-05-29T01:55:30.097+0200] {processor.py:829} INFO - Processing file /home/frederic/airflow_venv/lib/python3.10/site-packages/airflow/example_dags/example_trigger_target_dag.py for tasks to queue
[2026-05-29T01:55:30.098+0200] {logging_mixin.py:151} INFO - [2026-05-29T01:55:30.098+0200] {dagbag.py:539} INFO - Filling up the DagBag from /home/frederic/airflow_venv/lib/python3.10/site-packages/airflow/example_dags/example_trigger_target_dag.py
[2026-05-29T01:55:30.106+0200] {processor.py:839} INFO - DAG(s) dict_keys(['example_trigger_target_dag']) retrieved from /home/frederic/airflow_venv/lib/python3.10/site-packages/airflow/example_dags/example_trigger_target_dag.py
[2026-05-29T01:55:30.114+0200] {logging_mixin.py:151} INFO - [2026-05-29T01:55:30.114+0200] {dag.py:2915} INFO - Sync 1 DAGs
[2026-05-29T01:55:30.128+0200] {logging_mixin.py:151} INFO - [2026-05-29T01:55:30.128+0200] {dag.py:3696} INFO - Setting next_dagrun for example_trigger_target_dag to None, run_after=None
[2026-05-29T01:55:30.148+0200] {processor.py:179} INFO - Processing /home/frederic/airflow_venv/lib/python3.10/site-packages/airflow/example_dags/example_trigger_target_dag.py took 0.056 seconds
[2026-05-29T01:55:36.240+0200] {processor.py:157} INFO - Started process (PID=624576) to work on /home/frederic/airflow_venv/lib/python3.10/site-packages/airflow/example_dags/example_trigger_target_dag.py
[2026-05-29T01:55:36.241+0200] {processor.py:829} INFO - Processing file /home/frederic/airflow_venv/lib/python3.10/site-packages/airflow/example_dags/example_trigger_target_dag.py for tasks to queue
[2026-05-29T01:55:36.241+0200] {logging_mixin.py:151} INFO - [2026-05-29T01:55:36.241+0200] {dagbag.py:539} INFO - Filling up the DagBag from /home/frederic/airflow_venv/lib/python3.10/site-packages/airflow/example_dags/example_trigger_target_dag.py
[2026-05-29T01:55:36.248+0200] {processor.py:839} INFO - DAG(s) dict_keys(['example_trigger_target_dag']) retrieved from /home/frederic/airflow_venv/lib/python3.10/site-packages/airflow/example_dags/example_trigger_target_dag.py
[2026-05-29T01:55:36.257+0200] {logging_mixin.py:151} INFO - [2026-05-29T01:55:36.257+0200] {dag.py:2915} INFO - Sync 1 DAGs
[2026-05-29T01:55:36.273+0200] {logging_mixin.py:151} INFO - [2026-05-29T01:55:36.273+0200] {dag.py:3696} INFO - Setting next_dagrun for example_trigger_target_dag to None, run_after=None
[2026-05-29T01:55:36.297+0200] {processor.py:179} INFO - Processing /home/frederic/airflow_venv/lib/python3.10/site-packages/airflow/example_dags/example_trigger_target_dag.py took 0.060 seconds
[2026-05-29T01:56:16.391+0200] {processor.py:157} INFO - Started process (PID=625893) to work on /home/frederic/airflow_venv/lib/python3.10/site-packages/airflow/example_dags/example_trigger_target_dag.py
[2026-05-29T01:56:16.392+0200] {processor.py:829} INFO - Processing file /home/frederic/airflow_venv/lib/python3.10/site-packages/airflow/example_dags/example_trigger_target_dag.py for tasks to queue
[2026-05-29T01:56:16.393+0200] {logging_mixin.py:151} INFO - [2026-05-29T01:56:16.392+0200] {dagbag.py:539} INFO - Filling up the DagBag from /home/frederic/airflow_venv/lib/python3.10/site-packages/airflow/example_dags/example_trigger_target_dag.py
[2026-05-29T01:56:16.398+0200] {processor.py:839} INFO - DAG(s) dict_keys(['example_trigger_target_dag']) retrieved from /home/frederic/airflow_venv/lib/python3.10/site-packages/airflow/example_dags/example_trigger_target_dag.py
[2026-05-29T01:56:16.414+0200] {logging_mixin.py:151} INFO - [2026-05-29T01:56:16.414+0200] {dag.py:2915} INFO - Sync 1 DAGs
[2026-05-29T01:56:16.427+0200] {logging_mixin.py:151} INFO - [2026-05-29T01:56:16.427+0200] {dag.py:3696} INFO - Setting next_dagrun for example_trigger_target_dag to None, run_after=None
[2026-05-29T01:56:16.442+0200] {processor.py:179} INFO - Processing /home/frederic/airflow_venv/lib/python3.10/site-packages/airflow/example_dags/example_trigger_target_dag.py took 0.054 seconds
[2026-05-29T01:56:21.360+0200] {processor.py:157} INFO - Started process (PID=626087) to work on /home/frederic/airflow_venv/lib/python3.10/site-packages/airflow/example_dags/example_trigger_target_dag.py
[2026-05-29T01:56:21.361+0200] {processor.py:829} INFO - Processing file /home/frederic/airflow_venv/lib/python3.10/site-packages/airflow/example_dags/example_trigger_target_dag.py for tasks to queue
[2026-05-29T01:56:21.362+0200] {logging_mixin.py:151} INFO - [2026-05-29T01:56:21.361+0200] {dagbag.py:539} INFO - Filling up the DagBag from /home/frederic/airflow_venv/lib/python3.10/site-packages/airflow/example_dags/example_trigger_target_dag.py
[2026-05-29T01:56:21.367+0200] {processor.py:839} INFO - DAG(s) dict_keys(['example_trigger_target_dag']) retrieved from /home/frederic/airflow_venv/lib/python3.10/site-packages/airflow/example_dags/example_trigger_target_dag.py
[2026-05-29T01:56:21.380+0200] {logging_mixin.py:151} INFO - [2026-05-29T01:56:21.379+0200] {dag.py:2915} INFO - Sync 1 DAGs
[2026-05-29T01:56:21.389+0200] {logging_mixin.py:151} INFO - [2026-05-29T01:56:21.389+0200] {dag.py:3696} INFO - Setting next_dagrun for example_trigger_target_dag to None, run_after=None
[2026-05-29T01:56:21.405+0200] {processor.py:179} INFO - Processing /home/frederic/airflow_venv/lib/python3.10/site-packages/airflow/example_dags/example_trigger_target_dag.py took 0.047 seconds
[2026-05-29T01:57:00.949+0200] {processor.py:157} INFO - Started process (PID=627272) to work on /home/frederic/airflow_venv/lib/python3.10/site-packages/airflow/example_dags/example_trigger_target_dag.py
[2026-05-29T01:57:00.950+0200] {processor.py:829} INFO - Processing file /home/frederic/airflow_venv/lib/python3.10/site-packages/airflow/example_dags/example_trigger_target_dag.py for tasks to queue
[2026-05-29T01:57:00.950+0200] {logging_mixin.py:151} INFO - [2026-05-29T01:57:00.950+0200] {dagbag.py:539} INFO - Filling up the DagBag from /home/frederic/airflow_venv/lib/python3.10/site-packages/airflow/example_dags/example_trigger_target_dag.py
[2026-05-29T01:57:00.957+0200] {processor.py:839} INFO - DAG(s) dict_keys(['example_trigger_target_dag']) retrieved from /home/frederic/airflow_venv/lib/python3.10/site-packages/airflow/example_dags/example_trigger_target_dag.py
[2026-05-29T01:57:00.973+0200] {logging_mixin.py:151} INFO - [2026-05-29T01:57:00.973+0200] {dag.py:2915} INFO - Sync 1 DAGs
[2026-05-29T01:57:00.989+0200] {logging_mixin.py:151} INFO - [2026-05-29T01:57:00.988+0200] {dag.py:3696} INFO - Setting next_dagrun for example_trigger_target_dag to None, run_after=None
[2026-05-29T01:57:01.016+0200] {processor.py:179} INFO - Processing /home/frederic/airflow_venv/lib/python3.10/site-packages/airflow/example_dags/example_trigger_target_dag.py took 0.070 seconds
[2026-05-29T01:57:05.187+0200] {processor.py:157} INFO - Started process (PID=627400) to work on /home/frederic/airflow_venv/lib/python3.10/site-packages/airflow/example_dags/example_trigger_target_dag.py
[2026-05-29T01:57:05.187+0200] {processor.py:829} INFO - Processing file /home/frederic/airflow_venv/lib/python3.10/site-packages/airflow/example_dags/example_trigger_target_dag.py for tasks to queue
[2026-05-29T01:57:05.188+0200] {logging_mixin.py:151} INFO - [2026-05-29T01:57:05.188+0200] {dagbag.py:539} INFO - Filling up the DagBag from /home/frederic/airflow_venv/lib/python3.10/site-packages/airflow/example_dags/example_trigger_target_dag.py
[2026-05-29T01:57:05.193+0200] {processor.py:839} INFO - DAG(s) dict_keys(['example_trigger_target_dag']) retrieved from /home/frederic/airflow_venv/lib/python3.10/site-packages/airflow/example_dags/example_trigger_target_dag.py
[2026-05-29T01:57:05.207+0200] {logging_mixin.py:151} INFO - [2026-05-29T01:57:05.207+0200] {dag.py:2915} INFO - Sync 1 DAGs
[2026-05-29T01:57:05.220+0200] {logging_mixin.py:151} INFO - [2026-05-29T01:57:05.220+0200] {dag.py:3696} INFO - Setting next_dagrun for example_trigger_target_dag to None, run_after=None
[2026-05-29T01:57:05.236+0200] {processor.py:179} INFO - Processing /home/frederic/airflow_venv/lib/python3.10/site-packages/airflow/example_dags/example_trigger_target_dag.py took 0.052 seconds
[2026-05-29T01:57:47.818+0200] {processor.py:157} INFO - Started process (PID=629077) to work on /home/frederic/airflow_venv/lib/python3.10/site-packages/airflow/example_dags/example_trigger_target_dag.py
[2026-05-29T01:57:47.820+0200] {processor.py:829} INFO - Processing file /home/frederic/airflow_venv/lib/python3.10/site-packages/airflow/example_dags/example_trigger_target_dag.py for tasks to queue
[2026-05-29T01:57:47.821+0200] {logging_mixin.py:151} INFO - [2026-05-29T01:57:47.820+0200] {dagbag.py:539} INFO - Filling up the DagBag from /home/frederic/airflow_venv/lib/python3.10/site-packages/airflow/example_dags/example_trigger_target_dag.py
[2026-05-29T01:57:47.829+0200] {processor.py:839} INFO - DAG(s) dict_keys(['example_trigger_target_dag']) retrieved from /home/frederic/airflow_venv/lib/python3.10/site-packages/airflow/example_dags/example_trigger_target_dag.py
[2026-05-29T01:57:47.844+0200] {logging_mixin.py:151} INFO - [2026-05-29T01:57:47.843+0200] {dag.py:2915} INFO - Sync 1 DAGs
[2026-05-29T01:57:47.856+0200] {logging_mixin.py:151} INFO - [2026-05-29T01:57:47.856+0200] {dag.py:3696} INFO - Setting next_dagrun for example_trigger_target_dag to None, run_after=None
[2026-05-29T01:57:47.876+0200] {processor.py:179} INFO - Processing /home/frederic/airflow_venv/lib/python3.10/site-packages/airflow/example_dags/example_trigger_target_dag.py took 0.062 seconds
[2026-05-29T01:57:50.483+0200] {processor.py:157} INFO - Started process (PID=629133) to work on /home/frederic/airflow_venv/lib/python3.10/site-packages/airflow/example_dags/example_trigger_target_dag.py
[2026-05-29T01:57:50.484+0200] {processor.py:829} INFO - Processing file /home/frederic/airflow_venv/lib/python3.10/site-packages/airflow/example_dags/example_trigger_target_dag.py for tasks to queue
[2026-05-29T01:57:50.485+0200] {logging_mixin.py:151} INFO - [2026-05-29T01:57:50.485+0200] {dagbag.py:539} INFO - Filling up the DagBag from /home/frederic/airflow_venv/lib/python3.10/site-packages/airflow/example_dags/example_trigger_target_dag.py
[2026-05-29T01:57:50.491+0200] {processor.py:839} INFO - DAG(s) dict_keys(['example_trigger_target_dag']) retrieved from /home/frederic/airflow_venv/lib/python3.10/site-packages/airflow/example_dags/example_trigger_target_dag.py
[2026-05-29T01:57:50.506+0200] {logging_mixin.py:151} INFO - [2026-05-29T01:57:50.506+0200] {dag.py:2915} INFO - Sync 1 DAGs
[2026-05-29T01:57:50.519+0200] {logging_mixin.py:151} INFO - [2026-05-29T01:57:50.519+0200] {dag.py:3696} INFO - Setting next_dagrun for example_trigger_target_dag to None, run_after=None
[2026-05-29T01:57:50.539+0200] {processor.py:179} INFO - Processing /home/frederic/airflow_venv/lib/python3.10/site-packages/airflow/example_dags/example_trigger_target_dag.py took 0.059 seconds
[2026-05-29T01:58:36.916+0200] {processor.py:157} INFO - Started process (PID=630820) to work on /home/frederic/airflow_venv/lib/python3.10/site-packages/airflow/example_dags/example_trigger_target_dag.py
[2026-05-29T01:58:36.917+0200] {processor.py:829} INFO - Processing file /home/frederic/airflow_venv/lib/python3.10/site-packages/airflow/example_dags/example_trigger_target_dag.py for tasks to queue
[2026-05-29T01:58:36.919+0200] {logging_mixin.py:151} INFO - [2026-05-29T01:58:36.918+0200] {dagbag.py:539} INFO - Filling up the DagBag from /home/frederic/airflow_venv/lib/python3.10/site-packages/airflow/example_dags/example_trigger_target_dag.py
[2026-05-29T01:58:36.924+0200] {processor.py:839} INFO - DAG(s) dict_keys(['example_trigger_target_dag']) retrieved from /home/frederic/airflow_venv/lib/python3.10/site-packages/airflow/example_dags/example_trigger_target_dag.py
[2026-05-29T01:58:36.941+0200] {logging_mixin.py:151} INFO - [2026-05-29T01:58:36.940+0200] {dag.py:2915} INFO - Sync 1 DAGs
[2026-05-29T01:58:36.954+0200] {logging_mixin.py:151} INFO - [2026-05-29T01:58:36.953+0200] {dag.py:3696} INFO - Setting next_dagrun for example_trigger_target_dag to None, run_after=None
[2026-05-29T01:58:36.972+0200] {processor.py:179} INFO - Processing /home/frederic/airflow_venv/lib/python3.10/site-packages/airflow/example_dags/example_trigger_target_dag.py took 0.059 seconds
[2026-05-29T01:58:43.627+0200] {processor.py:157} INFO - Started process (PID=631001) to work on /home/frederic/airflow_venv/lib/python3.10/site-packages/airflow/example_dags/example_trigger_target_dag.py
[2026-05-29T01:58:43.628+0200] {processor.py:829} INFO - Processing file /home/frederic/airflow_venv/lib/python3.10/site-packages/airflow/example_dags/example_trigger_target_dag.py for tasks to queue
[2026-05-29T01:58:43.628+0200] {logging_mixin.py:151} INFO - [2026-05-29T01:58:43.628+0200] {dagbag.py:539} INFO - Filling up the DagBag from /home/frederic/airflow_venv/lib/python3.10/site-packages/airflow/example_dags/example_trigger_target_dag.py
[2026-05-29T01:58:43.634+0200] {processor.py:839} INFO - DAG(s) dict_keys(['example_trigger_target_dag']) retrieved from /home/frederic/airflow_venv/lib/python3.10/site-packages/airflow/example_dags/example_trigger_target_dag.py
[2026-05-29T01:58:43.648+0200] {logging_mixin.py:151} INFO - [2026-05-29T01:58:43.647+0200] {dag.py:2915} INFO - Sync 1 DAGs
[2026-05-29T01:58:43.661+0200] {logging_mixin.py:151} INFO - [2026-05-29T01:58:43.661+0200] {dag.py:3696} INFO - Setting next_dagrun for example_trigger_target_dag to None, run_after=None
[2026-05-29T01:58:43.681+0200] {processor.py:179} INFO - Processing /home/frederic/airflow_venv/lib/python3.10/site-packages/airflow/example_dags/example_trigger_target_dag.py took 0.057 seconds
[2026-05-29T01:59:21.368+0200] {processor.py:157} INFO - Started process (PID=632108) to work on /home/frederic/airflow_venv/lib/python3.10/site-packages/airflow/example_dags/example_trigger_target_dag.py
[2026-05-29T01:59:21.369+0200] {processor.py:829} INFO - Processing file /home/frederic/airflow_venv/lib/python3.10/site-packages/airflow/example_dags/example_trigger_target_dag.py for tasks to queue
[2026-05-29T01:59:21.369+0200] {logging_mixin.py:151} INFO - [2026-05-29T01:59:21.369+0200] {dagbag.py:539} INFO - Filling up the DagBag from /home/frederic/airflow_venv/lib/python3.10/site-packages/airflow/example_dags/example_trigger_target_dag.py
[2026-05-29T01:59:21.374+0200] {processor.py:839} INFO - DAG(s) dict_keys(['example_trigger_target_dag']) retrieved from /home/frederic/airflow_venv/lib/python3.10/site-packages/airflow/example_dags/example_trigger_target_dag.py
[2026-05-29T01:59:21.387+0200] {logging_mixin.py:151} INFO - [2026-05-29T01:59:21.387+0200] {dag.py:2915} INFO - Sync 1 DAGs
[2026-05-29T01:59:21.398+0200] {logging_mixin.py:151} INFO - [2026-05-29T01:59:21.398+0200] {dag.py:3696} INFO - Setting next_dagrun for example_trigger_target_dag to None, run_after=None
[2026-05-29T01:59:21.417+0200] {processor.py:179} INFO - Processing /home/frederic/airflow_venv/lib/python3.10/site-packages/airflow/example_dags/example_trigger_target_dag.py took 0.051 seconds
[2026-05-29T01:59:26.214+0200] {processor.py:157} INFO - Started process (PID=632240) to work on /home/frederic/airflow_venv/lib/python3.10/site-packages/airflow/example_dags/example_trigger_target_dag.py
[2026-05-29T01:59:26.214+0200] {processor.py:829} INFO - Processing file /home/frederic/airflow_venv/lib/python3.10/site-packages/airflow/example_dags/example_trigger_target_dag.py for tasks to queue
[2026-05-29T01:59:26.215+0200] {logging_mixin.py:151} INFO - [2026-05-29T01:59:26.215+0200] {dagbag.py:539} INFO - Filling up the DagBag from /home/frederic/airflow_venv/lib/python3.10/site-packages/airflow/example_dags/example_trigger_target_dag.py
[2026-05-29T01:59:26.221+0200] {processor.py:839} INFO - DAG(s) dict_keys(['example_trigger_target_dag']) retrieved from /home/frederic/airflow_venv/lib/python3.10/site-packages/airflow/example_dags/example_trigger_target_dag.py
[2026-05-29T01:59:26.234+0200] {logging_mixin.py:151} INFO - [2026-05-29T01:59:26.234+0200] {dag.py:2915} INFO - Sync 1 DAGs
[2026-05-29T01:59:26.245+0200] {logging_mixin.py:151} INFO - [2026-05-29T01:59:26.245+0200] {dag.py:3696} INFO - Setting next_dagrun for example_trigger_target_dag to None, run_after=None
[2026-05-29T01:59:26.260+0200] {processor.py:179} INFO - Processing /home/frederic/airflow_venv/lib/python3.10/site-packages/airflow/example_dags/example_trigger_target_dag.py took 0.048 seconds
