[2026-05-29T01:37:16.085+0200] {processor.py:157} INFO - Started process (PID=594617) to work on /home/frederic/airflow_venv/lib/python3.10/site-packages/airflow/example_dags/example_branch_operator_decorator.py
[2026-05-29T01:37:16.085+0200] {processor.py:829} INFO - Processing file /home/frederic/airflow_venv/lib/python3.10/site-packages/airflow/example_dags/example_branch_operator_decorator.py for tasks to queue
[2026-05-29T01:37:16.086+0200] {logging_mixin.py:151} INFO - [2026-05-29T01:37:16.086+0200] {dagbag.py:539} INFO - Filling up the DagBag from /home/frederic/airflow_venv/lib/python3.10/site-packages/airflow/example_dags/example_branch_operator_decorator.py
[2026-05-29T01:37:16.094+0200] {processor.py:839} INFO - DAG(s) dict_keys(['example_branch_python_operator_decorator']) retrieved from /home/frederic/airflow_venv/lib/python3.10/site-packages/airflow/example_dags/example_branch_operator_decorator.py
[2026-05-29T01:37:16.181+0200] {logging_mixin.py:151} INFO - [2026-05-29T01:37:16.180+0200] {manager.py:499} INFO - Created Permission View: %s
[2026-05-29T01:37:16.188+0200] {logging_mixin.py:151} INFO - [2026-05-29T01:37:16.188+0200] {manager.py:499} INFO - Created Permission View: %s
[2026-05-29T01:37:16.194+0200] {logging_mixin.py:151} INFO - [2026-05-29T01:37:16.194+0200] {manager.py:499} INFO - Created Permission View: %s
[2026-05-29T01:37:16.194+0200] {logging_mixin.py:151} INFO - [2026-05-29T01:37:16.194+0200] {security.py:708} INFO - Not syncing DAG-level permissions for DAG 'DAG:example_branch_python_operator_decorator' as access control is unset.
[2026-05-29T01:37:16.194+0200] {logging_mixin.py:151} INFO - [2026-05-29T01:37:16.194+0200] {dag.py:2915} INFO - Sync 1 DAGs
[2026-05-29T01:37:16.203+0200] {logging_mixin.py:151} INFO - [2026-05-29T01:37:16.203+0200] {dag.py:2937} INFO - Creating ORM DAG for example_branch_python_operator_decorator
[2026-05-29T01:37:16.212+0200] {logging_mixin.py:151} INFO - [2026-05-29T01:37:16.212+0200] {dag.py:3696} INFO - Setting next_dagrun for example_branch_python_operator_decorator to 2026-05-27T00:00:00+00:00, run_after=2026-05-28T00:00:00+00:00
[2026-05-29T01:37:16.225+0200] {processor.py:179} INFO - Processing /home/frederic/airflow_venv/lib/python3.10/site-packages/airflow/example_dags/example_branch_operator_decorator.py took 0.143 seconds
[2026-05-29T01:38:00.938+0200] {processor.py:157} INFO - Started process (PID=595390) to work on /home/frederic/airflow_venv/lib/python3.10/site-packages/airflow/example_dags/example_branch_operator_decorator.py
[2026-05-29T01:38:00.940+0200] {processor.py:829} INFO - Processing file /home/frederic/airflow_venv/lib/python3.10/site-packages/airflow/example_dags/example_branch_operator_decorator.py for tasks to queue
[2026-05-29T01:38:00.941+0200] {logging_mixin.py:151} INFO - [2026-05-29T01:38:00.941+0200] {dagbag.py:539} INFO - Filling up the DagBag from /home/frederic/airflow_venv/lib/python3.10/site-packages/airflow/example_dags/example_branch_operator_decorator.py
[2026-05-29T01:38:00.950+0200] {processor.py:839} INFO - DAG(s) dict_keys(['example_branch_python_operator_decorator']) retrieved from /home/frederic/airflow_venv/lib/python3.10/site-packages/airflow/example_dags/example_branch_operator_decorator.py
[2026-05-29T01:38:00.965+0200] {logging_mixin.py:151} INFO - [2026-05-29T01:38:00.964+0200] {dag.py:2915} INFO - Sync 1 DAGs
[2026-05-29T01:38:00.982+0200] {logging_mixin.py:151} INFO - [2026-05-29T01:38:00.982+0200] {dag.py:3696} INFO - Setting next_dagrun for example_branch_python_operator_decorator to 2026-05-27T00:00:00+00:00, run_after=2026-05-28T00:00:00+00:00
[2026-05-29T01:38:01.002+0200] {processor.py:179} INFO - Processing /home/frederic/airflow_venv/lib/python3.10/site-packages/airflow/example_dags/example_branch_operator_decorator.py took 0.067 seconds
[2026-05-29T01:38:46.179+0200] {processor.py:157} INFO - Started process (PID=596461) to work on /home/frederic/airflow_venv/lib/python3.10/site-packages/airflow/example_dags/example_branch_operator_decorator.py
[2026-05-29T01:38:46.182+0200] {processor.py:829} INFO - Processing file /home/frederic/airflow_venv/lib/python3.10/site-packages/airflow/example_dags/example_branch_operator_decorator.py for tasks to queue
[2026-05-29T01:38:46.183+0200] {logging_mixin.py:151} INFO - [2026-05-29T01:38:46.182+0200] {dagbag.py:539} INFO - Filling up the DagBag from /home/frederic/airflow_venv/lib/python3.10/site-packages/airflow/example_dags/example_branch_operator_decorator.py
[2026-05-29T01:38:46.191+0200] {processor.py:839} INFO - DAG(s) dict_keys(['example_branch_python_operator_decorator']) retrieved from /home/frederic/airflow_venv/lib/python3.10/site-packages/airflow/example_dags/example_branch_operator_decorator.py
[2026-05-29T01:38:46.206+0200] {logging_mixin.py:151} INFO - [2026-05-29T01:38:46.205+0200] {dag.py:2915} INFO - Sync 1 DAGs
[2026-05-29T01:38:46.223+0200] {logging_mixin.py:151} INFO - [2026-05-29T01:38:46.223+0200] {dag.py:3696} INFO - Setting next_dagrun for example_branch_python_operator_decorator to 2026-05-27T00:00:00+00:00, run_after=2026-05-28T00:00:00+00:00
[2026-05-29T01:38:46.238+0200] {processor.py:179} INFO - Processing /home/frederic/airflow_venv/lib/python3.10/site-packages/airflow/example_dags/example_branch_operator_decorator.py took 0.062 seconds
[2026-05-29T01:39:33.755+0200] {processor.py:157} INFO - Started process (PID=597523) to work on /home/frederic/airflow_venv/lib/python3.10/site-packages/airflow/example_dags/example_branch_operator_decorator.py
[2026-05-29T01:39:33.758+0200] {processor.py:829} INFO - Processing file /home/frederic/airflow_venv/lib/python3.10/site-packages/airflow/example_dags/example_branch_operator_decorator.py for tasks to queue
[2026-05-29T01:39:33.759+0200] {logging_mixin.py:151} INFO - [2026-05-29T01:39:33.758+0200] {dagbag.py:539} INFO - Filling up the DagBag from /home/frederic/airflow_venv/lib/python3.10/site-packages/airflow/example_dags/example_branch_operator_decorator.py
[2026-05-29T01:39:33.767+0200] {processor.py:839} INFO - DAG(s) dict_keys(['example_branch_python_operator_decorator']) retrieved from /home/frederic/airflow_venv/lib/python3.10/site-packages/airflow/example_dags/example_branch_operator_decorator.py
[2026-05-29T01:39:33.781+0200] {logging_mixin.py:151} INFO - [2026-05-29T01:39:33.781+0200] {dag.py:2915} INFO - Sync 1 DAGs
[2026-05-29T01:39:33.798+0200] {logging_mixin.py:151} INFO - [2026-05-29T01:39:33.797+0200] {dag.py:3696} INFO - Setting next_dagrun for example_branch_python_operator_decorator to 2026-05-27T00:00:00+00:00, run_after=2026-05-28T00:00:00+00:00
[2026-05-29T01:39:33.813+0200] {processor.py:179} INFO - Processing /home/frederic/airflow_venv/lib/python3.10/site-packages/airflow/example_dags/example_branch_operator_decorator.py took 0.060 seconds
[2026-05-29T01:40:21.922+0200] {processor.py:157} INFO - Started process (PID=598758) to work on /home/frederic/airflow_venv/lib/python3.10/site-packages/airflow/example_dags/example_branch_operator_decorator.py
[2026-05-29T01:40:21.924+0200] {processor.py:829} INFO - Processing file /home/frederic/airflow_venv/lib/python3.10/site-packages/airflow/example_dags/example_branch_operator_decorator.py for tasks to queue
[2026-05-29T01:40:21.926+0200] {logging_mixin.py:151} INFO - [2026-05-29T01:40:21.925+0200] {dagbag.py:539} INFO - Filling up the DagBag from /home/frederic/airflow_venv/lib/python3.10/site-packages/airflow/example_dags/example_branch_operator_decorator.py
[2026-05-29T01:40:21.945+0200] {processor.py:839} INFO - DAG(s) dict_keys(['example_branch_python_operator_decorator']) retrieved from /home/frederic/airflow_venv/lib/python3.10/site-packages/airflow/example_dags/example_branch_operator_decorator.py
[2026-05-29T01:40:21.972+0200] {logging_mixin.py:151} INFO - [2026-05-29T01:40:21.972+0200] {dag.py:2915} INFO - Sync 1 DAGs
[2026-05-29T01:40:22.016+0200] {logging_mixin.py:151} INFO - [2026-05-29T01:40:22.015+0200] {dag.py:3696} INFO - Setting next_dagrun for example_branch_python_operator_decorator to 2026-05-27T00:00:00+00:00, run_after=2026-05-28T00:00:00+00:00
[2026-05-29T01:40:22.049+0200] {processor.py:179} INFO - Processing /home/frederic/airflow_venv/lib/python3.10/site-packages/airflow/example_dags/example_branch_operator_decorator.py took 0.130 seconds
[2026-05-29T01:41:08.448+0200] {processor.py:157} INFO - Started process (PID=599737) to work on /home/frederic/airflow_venv/lib/python3.10/site-packages/airflow/example_dags/example_branch_operator_decorator.py
[2026-05-29T01:41:08.449+0200] {processor.py:829} INFO - Processing file /home/frederic/airflow_venv/lib/python3.10/site-packages/airflow/example_dags/example_branch_operator_decorator.py for tasks to queue
[2026-05-29T01:41:08.450+0200] {logging_mixin.py:151} INFO - [2026-05-29T01:41:08.450+0200] {dagbag.py:539} INFO - Filling up the DagBag from /home/frederic/airflow_venv/lib/python3.10/site-packages/airflow/example_dags/example_branch_operator_decorator.py
[2026-05-29T01:41:08.459+0200] {processor.py:839} INFO - DAG(s) dict_keys(['example_branch_python_operator_decorator']) retrieved from /home/frederic/airflow_venv/lib/python3.10/site-packages/airflow/example_dags/example_branch_operator_decorator.py
[2026-05-29T01:41:08.475+0200] {logging_mixin.py:151} INFO - [2026-05-29T01:41:08.474+0200] {dag.py:2915} INFO - Sync 1 DAGs
[2026-05-29T01:41:08.492+0200] {logging_mixin.py:151} INFO - [2026-05-29T01:41:08.492+0200] {dag.py:3696} INFO - Setting next_dagrun for example_branch_python_operator_decorator to 2026-05-27T00:00:00+00:00, run_after=2026-05-28T00:00:00+00:00
[2026-05-29T01:41:08.508+0200] {processor.py:179} INFO - Processing /home/frederic/airflow_venv/lib/python3.10/site-packages/airflow/example_dags/example_branch_operator_decorator.py took 0.061 seconds
[2026-05-29T01:41:52.174+0200] {processor.py:157} INFO - Started process (PID=601009) to work on /home/frederic/airflow_venv/lib/python3.10/site-packages/airflow/example_dags/example_branch_operator_decorator.py
[2026-05-29T01:41:52.175+0200] {processor.py:829} INFO - Processing file /home/frederic/airflow_venv/lib/python3.10/site-packages/airflow/example_dags/example_branch_operator_decorator.py for tasks to queue
[2026-05-29T01:41:52.175+0200] {logging_mixin.py:151} INFO - [2026-05-29T01:41:52.175+0200] {dagbag.py:539} INFO - Filling up the DagBag from /home/frederic/airflow_venv/lib/python3.10/site-packages/airflow/example_dags/example_branch_operator_decorator.py
[2026-05-29T01:41:52.184+0200] {processor.py:839} INFO - DAG(s) dict_keys(['example_branch_python_operator_decorator']) retrieved from /home/frederic/airflow_venv/lib/python3.10/site-packages/airflow/example_dags/example_branch_operator_decorator.py
[2026-05-29T01:41:52.199+0200] {logging_mixin.py:151} INFO - [2026-05-29T01:41:52.199+0200] {dag.py:2915} INFO - Sync 1 DAGs
[2026-05-29T01:41:52.217+0200] {logging_mixin.py:151} INFO - [2026-05-29T01:41:52.217+0200] {dag.py:3696} INFO - Setting next_dagrun for example_branch_python_operator_decorator to 2026-05-27T00:00:00+00:00, run_after=2026-05-28T00:00:00+00:00
[2026-05-29T01:41:52.232+0200] {processor.py:179} INFO - Processing /home/frederic/airflow_venv/lib/python3.10/site-packages/airflow/example_dags/example_branch_operator_decorator.py took 0.060 seconds
[2026-05-29T01:42:37.596+0200] {processor.py:157} INFO - Started process (PID=601842) to work on /home/frederic/airflow_venv/lib/python3.10/site-packages/airflow/example_dags/example_branch_operator_decorator.py
[2026-05-29T01:42:37.599+0200] {processor.py:829} INFO - Processing file /home/frederic/airflow_venv/lib/python3.10/site-packages/airflow/example_dags/example_branch_operator_decorator.py for tasks to queue
[2026-05-29T01:42:37.600+0200] {logging_mixin.py:151} INFO - [2026-05-29T01:42:37.600+0200] {dagbag.py:539} INFO - Filling up the DagBag from /home/frederic/airflow_venv/lib/python3.10/site-packages/airflow/example_dags/example_branch_operator_decorator.py
[2026-05-29T01:42:37.610+0200] {processor.py:839} INFO - DAG(s) dict_keys(['example_branch_python_operator_decorator']) retrieved from /home/frederic/airflow_venv/lib/python3.10/site-packages/airflow/example_dags/example_branch_operator_decorator.py
[2026-05-29T01:42:37.627+0200] {logging_mixin.py:151} INFO - [2026-05-29T01:42:37.627+0200] {dag.py:2915} INFO - Sync 1 DAGs
[2026-05-29T01:42:37.645+0200] {logging_mixin.py:151} INFO - [2026-05-29T01:42:37.645+0200] {dag.py:3696} INFO - Setting next_dagrun for example_branch_python_operator_decorator to 2026-05-27T00:00:00+00:00, run_after=2026-05-28T00:00:00+00:00
[2026-05-29T01:42:37.662+0200] {processor.py:179} INFO - Processing /home/frederic/airflow_venv/lib/python3.10/site-packages/airflow/example_dags/example_branch_operator_decorator.py took 0.070 seconds
[2026-05-29T01:43:26.508+0200] {processor.py:157} INFO - Started process (PID=602707) to work on /home/frederic/airflow_venv/lib/python3.10/site-packages/airflow/example_dags/example_branch_operator_decorator.py
[2026-05-29T01:43:26.509+0200] {processor.py:829} INFO - Processing file /home/frederic/airflow_venv/lib/python3.10/site-packages/airflow/example_dags/example_branch_operator_decorator.py for tasks to queue
[2026-05-29T01:43:26.509+0200] {logging_mixin.py:151} INFO - [2026-05-29T01:43:26.509+0200] {dagbag.py:539} INFO - Filling up the DagBag from /home/frederic/airflow_venv/lib/python3.10/site-packages/airflow/example_dags/example_branch_operator_decorator.py
[2026-05-29T01:43:26.518+0200] {processor.py:839} INFO - DAG(s) dict_keys(['example_branch_python_operator_decorator']) retrieved from /home/frederic/airflow_venv/lib/python3.10/site-packages/airflow/example_dags/example_branch_operator_decorator.py
[2026-05-29T01:43:26.533+0200] {logging_mixin.py:151} INFO - [2026-05-29T01:43:26.532+0200] {dag.py:2915} INFO - Sync 1 DAGs
[2026-05-29T01:43:26.549+0200] {logging_mixin.py:151} INFO - [2026-05-29T01:43:26.549+0200] {dag.py:3696} INFO - Setting next_dagrun for example_branch_python_operator_decorator to 2026-05-27T00:00:00+00:00, run_after=2026-05-28T00:00:00+00:00
[2026-05-29T01:43:26.567+0200] {processor.py:179} INFO - Processing /home/frederic/airflow_venv/lib/python3.10/site-packages/airflow/example_dags/example_branch_operator_decorator.py took 0.062 seconds
[2026-05-29T01:44:16.771+0200] {processor.py:157} INFO - Started process (PID=603586) to work on /home/frederic/airflow_venv/lib/python3.10/site-packages/airflow/example_dags/example_branch_operator_decorator.py
[2026-05-29T01:44:16.775+0200] {processor.py:829} INFO - Processing file /home/frederic/airflow_venv/lib/python3.10/site-packages/airflow/example_dags/example_branch_operator_decorator.py for tasks to queue
[2026-05-29T01:44:16.775+0200] {logging_mixin.py:151} INFO - [2026-05-29T01:44:16.775+0200] {dagbag.py:539} INFO - Filling up the DagBag from /home/frederic/airflow_venv/lib/python3.10/site-packages/airflow/example_dags/example_branch_operator_decorator.py
[2026-05-29T01:44:16.783+0200] {processor.py:839} INFO - DAG(s) dict_keys(['example_branch_python_operator_decorator']) retrieved from /home/frederic/airflow_venv/lib/python3.10/site-packages/airflow/example_dags/example_branch_operator_decorator.py
[2026-05-29T01:44:16.797+0200] {logging_mixin.py:151} INFO - [2026-05-29T01:44:16.797+0200] {dag.py:2915} INFO - Sync 1 DAGs
[2026-05-29T01:44:16.815+0200] {logging_mixin.py:151} INFO - [2026-05-29T01:44:16.814+0200] {dag.py:3696} INFO - Setting next_dagrun for example_branch_python_operator_decorator to 2026-05-27T00:00:00+00:00, run_after=2026-05-28T00:00:00+00:00
[2026-05-29T01:44:16.832+0200] {processor.py:179} INFO - Processing /home/frederic/airflow_venv/lib/python3.10/site-packages/airflow/example_dags/example_branch_operator_decorator.py took 0.063 seconds
[2026-05-29T01:45:03.743+0200] {processor.py:157} INFO - Started process (PID=605069) to work on /home/frederic/airflow_venv/lib/python3.10/site-packages/airflow/example_dags/example_branch_operator_decorator.py
[2026-05-29T01:45:03.744+0200] {processor.py:829} INFO - Processing file /home/frederic/airflow_venv/lib/python3.10/site-packages/airflow/example_dags/example_branch_operator_decorator.py for tasks to queue
[2026-05-29T01:45:03.745+0200] {logging_mixin.py:151} INFO - [2026-05-29T01:45:03.745+0200] {dagbag.py:539} INFO - Filling up the DagBag from /home/frederic/airflow_venv/lib/python3.10/site-packages/airflow/example_dags/example_branch_operator_decorator.py
[2026-05-29T01:45:03.755+0200] {processor.py:839} INFO - DAG(s) dict_keys(['example_branch_python_operator_decorator']) retrieved from /home/frederic/airflow_venv/lib/python3.10/site-packages/airflow/example_dags/example_branch_operator_decorator.py
[2026-05-29T01:45:03.772+0200] {logging_mixin.py:151} INFO - [2026-05-29T01:45:03.772+0200] {dag.py:2915} INFO - Sync 1 DAGs
[2026-05-29T01:45:03.792+0200] {logging_mixin.py:151} INFO - [2026-05-29T01:45:03.791+0200] {dag.py:3696} INFO - Setting next_dagrun for example_branch_python_operator_decorator to 2026-05-27T00:00:00+00:00, run_after=2026-05-28T00:00:00+00:00
[2026-05-29T01:45:03.811+0200] {processor.py:179} INFO - Processing /home/frederic/airflow_venv/lib/python3.10/site-packages/airflow/example_dags/example_branch_operator_decorator.py took 0.071 seconds
[2026-05-29T01:45:54.399+0200] {processor.py:157} INFO - Started process (PID=606902) to work on /home/frederic/airflow_venv/lib/python3.10/site-packages/airflow/example_dags/example_branch_operator_decorator.py
[2026-05-29T01:45:54.400+0200] {processor.py:829} INFO - Processing file /home/frederic/airflow_venv/lib/python3.10/site-packages/airflow/example_dags/example_branch_operator_decorator.py for tasks to queue
[2026-05-29T01:45:54.401+0200] {logging_mixin.py:151} INFO - [2026-05-29T01:45:54.401+0200] {dagbag.py:539} INFO - Filling up the DagBag from /home/frederic/airflow_venv/lib/python3.10/site-packages/airflow/example_dags/example_branch_operator_decorator.py
[2026-05-29T01:45:54.416+0200] {processor.py:839} INFO - DAG(s) dict_keys(['example_branch_python_operator_decorator']) retrieved from /home/frederic/airflow_venv/lib/python3.10/site-packages/airflow/example_dags/example_branch_operator_decorator.py
[2026-05-29T01:45:54.445+0200] {logging_mixin.py:151} INFO - [2026-05-29T01:45:54.444+0200] {dag.py:2915} INFO - Sync 1 DAGs
[2026-05-29T01:45:54.495+0200] {logging_mixin.py:151} INFO - [2026-05-29T01:45:54.495+0200] {dag.py:3696} INFO - Setting next_dagrun for example_branch_python_operator_decorator to 2026-05-27T00:00:00+00:00, run_after=2026-05-28T00:00:00+00:00
[2026-05-29T01:45:54.536+0200] {processor.py:179} INFO - Processing /home/frederic/airflow_venv/lib/python3.10/site-packages/airflow/example_dags/example_branch_operator_decorator.py took 0.142 seconds
[2026-05-29T01:46:44.047+0200] {processor.py:157} INFO - Started process (PID=609151) to work on /home/frederic/airflow_venv/lib/python3.10/site-packages/airflow/example_dags/example_branch_operator_decorator.py
[2026-05-29T01:46:44.048+0200] {processor.py:829} INFO - Processing file /home/frederic/airflow_venv/lib/python3.10/site-packages/airflow/example_dags/example_branch_operator_decorator.py for tasks to queue
[2026-05-29T01:46:44.049+0200] {logging_mixin.py:151} INFO - [2026-05-29T01:46:44.049+0200] {dagbag.py:539} INFO - Filling up the DagBag from /home/frederic/airflow_venv/lib/python3.10/site-packages/airflow/example_dags/example_branch_operator_decorator.py
[2026-05-29T01:46:44.058+0200] {processor.py:839} INFO - DAG(s) dict_keys(['example_branch_python_operator_decorator']) retrieved from /home/frederic/airflow_venv/lib/python3.10/site-packages/airflow/example_dags/example_branch_operator_decorator.py
[2026-05-29T01:46:44.073+0200] {logging_mixin.py:151} INFO - [2026-05-29T01:46:44.072+0200] {dag.py:2915} INFO - Sync 1 DAGs
[2026-05-29T01:46:44.091+0200] {logging_mixin.py:151} INFO - [2026-05-29T01:46:44.091+0200] {dag.py:3696} INFO - Setting next_dagrun for example_branch_python_operator_decorator to 2026-05-27T00:00:00+00:00, run_after=2026-05-28T00:00:00+00:00
[2026-05-29T01:46:44.106+0200] {processor.py:179} INFO - Processing /home/frederic/airflow_venv/lib/python3.10/site-packages/airflow/example_dags/example_branch_operator_decorator.py took 0.061 seconds
[2026-05-29T01:47:30.033+0200] {processor.py:157} INFO - Started process (PID=610443) to work on /home/frederic/airflow_venv/lib/python3.10/site-packages/airflow/example_dags/example_branch_operator_decorator.py
[2026-05-29T01:47:30.037+0200] {processor.py:829} INFO - Processing file /home/frederic/airflow_venv/lib/python3.10/site-packages/airflow/example_dags/example_branch_operator_decorator.py for tasks to queue
[2026-05-29T01:47:30.037+0200] {logging_mixin.py:151} INFO - [2026-05-29T01:47:30.037+0200] {dagbag.py:539} INFO - Filling up the DagBag from /home/frederic/airflow_venv/lib/python3.10/site-packages/airflow/example_dags/example_branch_operator_decorator.py
[2026-05-29T01:47:30.046+0200] {processor.py:839} INFO - DAG(s) dict_keys(['example_branch_python_operator_decorator']) retrieved from /home/frederic/airflow_venv/lib/python3.10/site-packages/airflow/example_dags/example_branch_operator_decorator.py
[2026-05-29T01:47:30.062+0200] {logging_mixin.py:151} INFO - [2026-05-29T01:47:30.062+0200] {dag.py:2915} INFO - Sync 1 DAGs
[2026-05-29T01:47:30.079+0200] {logging_mixin.py:151} INFO - [2026-05-29T01:47:30.078+0200] {dag.py:3696} INFO - Setting next_dagrun for example_branch_python_operator_decorator to 2026-05-27T00:00:00+00:00, run_after=2026-05-28T00:00:00+00:00
[2026-05-29T01:47:30.093+0200] {processor.py:179} INFO - Processing /home/frederic/airflow_venv/lib/python3.10/site-packages/airflow/example_dags/example_branch_operator_decorator.py took 0.062 seconds
[2026-05-29T01:48:26.129+0200] {processor.py:157} INFO - Started process (PID=612117) to work on /home/frederic/airflow_venv/lib/python3.10/site-packages/airflow/example_dags/example_branch_operator_decorator.py
[2026-05-29T01:48:26.130+0200] {processor.py:829} INFO - Processing file /home/frederic/airflow_venv/lib/python3.10/site-packages/airflow/example_dags/example_branch_operator_decorator.py for tasks to queue
[2026-05-29T01:48:26.131+0200] {logging_mixin.py:151} INFO - [2026-05-29T01:48:26.130+0200] {dagbag.py:539} INFO - Filling up the DagBag from /home/frederic/airflow_venv/lib/python3.10/site-packages/airflow/example_dags/example_branch_operator_decorator.py
[2026-05-29T01:48:26.143+0200] {processor.py:839} INFO - DAG(s) dict_keys(['example_branch_python_operator_decorator']) retrieved from /home/frederic/airflow_venv/lib/python3.10/site-packages/airflow/example_dags/example_branch_operator_decorator.py
[2026-05-29T01:48:26.160+0200] {logging_mixin.py:151} INFO - [2026-05-29T01:48:26.160+0200] {dag.py:2915} INFO - Sync 1 DAGs
[2026-05-29T01:48:26.178+0200] {logging_mixin.py:151} INFO - [2026-05-29T01:48:26.178+0200] {dag.py:3696} INFO - Setting next_dagrun for example_branch_python_operator_decorator to 2026-05-27T00:00:00+00:00, run_after=2026-05-28T00:00:00+00:00
[2026-05-29T01:48:26.194+0200] {processor.py:179} INFO - Processing /home/frederic/airflow_venv/lib/python3.10/site-packages/airflow/example_dags/example_branch_operator_decorator.py took 0.068 seconds
[2026-05-29T01:49:11.343+0200] {processor.py:157} INFO - Started process (PID=613198) to work on /home/frederic/airflow_venv/lib/python3.10/site-packages/airflow/example_dags/example_branch_operator_decorator.py
[2026-05-29T01:49:11.347+0200] {processor.py:829} INFO - Processing file /home/frederic/airflow_venv/lib/python3.10/site-packages/airflow/example_dags/example_branch_operator_decorator.py for tasks to queue
[2026-05-29T01:49:11.347+0200] {logging_mixin.py:151} INFO - [2026-05-29T01:49:11.347+0200] {dagbag.py:539} INFO - Filling up the DagBag from /home/frederic/airflow_venv/lib/python3.10/site-packages/airflow/example_dags/example_branch_operator_decorator.py
[2026-05-29T01:49:11.356+0200] {processor.py:839} INFO - DAG(s) dict_keys(['example_branch_python_operator_decorator']) retrieved from /home/frederic/airflow_venv/lib/python3.10/site-packages/airflow/example_dags/example_branch_operator_decorator.py
[2026-05-29T01:49:11.371+0200] {logging_mixin.py:151} INFO - [2026-05-29T01:49:11.370+0200] {dag.py:2915} INFO - Sync 1 DAGs
[2026-05-29T01:49:11.387+0200] {logging_mixin.py:151} INFO - [2026-05-29T01:49:11.387+0200] {dag.py:3696} INFO - Setting next_dagrun for example_branch_python_operator_decorator to 2026-05-27T00:00:00+00:00, run_after=2026-05-28T00:00:00+00:00
[2026-05-29T01:49:11.402+0200] {processor.py:179} INFO - Processing /home/frederic/airflow_venv/lib/python3.10/site-packages/airflow/example_dags/example_branch_operator_decorator.py took 0.061 seconds
[2026-05-29T01:49:54.198+0200] {processor.py:157} INFO - Started process (PID=614439) to work on /home/frederic/airflow_venv/lib/python3.10/site-packages/airflow/example_dags/example_branch_operator_decorator.py
[2026-05-29T01:49:54.199+0200] {processor.py:829} INFO - Processing file /home/frederic/airflow_venv/lib/python3.10/site-packages/airflow/example_dags/example_branch_operator_decorator.py for tasks to queue
[2026-05-29T01:49:54.199+0200] {logging_mixin.py:151} INFO - [2026-05-29T01:49:54.199+0200] {dagbag.py:539} INFO - Filling up the DagBag from /home/frederic/airflow_venv/lib/python3.10/site-packages/airflow/example_dags/example_branch_operator_decorator.py
[2026-05-29T01:49:54.209+0200] {processor.py:839} INFO - DAG(s) dict_keys(['example_branch_python_operator_decorator']) retrieved from /home/frederic/airflow_venv/lib/python3.10/site-packages/airflow/example_dags/example_branch_operator_decorator.py
[2026-05-29T01:49:54.224+0200] {logging_mixin.py:151} INFO - [2026-05-29T01:49:54.224+0200] {dag.py:2915} INFO - Sync 1 DAGs
[2026-05-29T01:49:54.243+0200] {logging_mixin.py:151} INFO - [2026-05-29T01:49:54.242+0200] {dag.py:3696} INFO - Setting next_dagrun for example_branch_python_operator_decorator to 2026-05-27T00:00:00+00:00, run_after=2026-05-28T00:00:00+00:00
[2026-05-29T01:49:54.258+0200] {processor.py:179} INFO - Processing /home/frederic/airflow_venv/lib/python3.10/site-packages/airflow/example_dags/example_branch_operator_decorator.py took 0.062 seconds
[2026-05-29T01:50:35.888+0200] {processor.py:157} INFO - Started process (PID=615747) to work on /home/frederic/airflow_venv/lib/python3.10/site-packages/airflow/example_dags/example_branch_operator_decorator.py
[2026-05-29T01:50:35.891+0200] {processor.py:829} INFO - Processing file /home/frederic/airflow_venv/lib/python3.10/site-packages/airflow/example_dags/example_branch_operator_decorator.py for tasks to queue
[2026-05-29T01:50:35.892+0200] {logging_mixin.py:151} INFO - [2026-05-29T01:50:35.892+0200] {dagbag.py:539} INFO - Filling up the DagBag from /home/frederic/airflow_venv/lib/python3.10/site-packages/airflow/example_dags/example_branch_operator_decorator.py
[2026-05-29T01:50:35.900+0200] {processor.py:839} INFO - DAG(s) dict_keys(['example_branch_python_operator_decorator']) retrieved from /home/frederic/airflow_venv/lib/python3.10/site-packages/airflow/example_dags/example_branch_operator_decorator.py
[2026-05-29T01:50:35.916+0200] {logging_mixin.py:151} INFO - [2026-05-29T01:50:35.916+0200] {dag.py:2915} INFO - Sync 1 DAGs
[2026-05-29T01:50:35.933+0200] {logging_mixin.py:151} INFO - [2026-05-29T01:50:35.933+0200] {dag.py:3696} INFO - Setting next_dagrun for example_branch_python_operator_decorator to 2026-05-27T00:00:00+00:00, run_after=2026-05-28T00:00:00+00:00
[2026-05-29T01:50:35.947+0200] {processor.py:179} INFO - Processing /home/frederic/airflow_venv/lib/python3.10/site-packages/airflow/example_dags/example_branch_operator_decorator.py took 0.062 seconds
[2026-05-29T01:51:31.021+0200] {processor.py:157} INFO - Started process (PID=617057) to work on /home/frederic/airflow_venv/lib/python3.10/site-packages/airflow/example_dags/example_branch_operator_decorator.py
[2026-05-29T01:51:31.022+0200] {processor.py:829} INFO - Processing file /home/frederic/airflow_venv/lib/python3.10/site-packages/airflow/example_dags/example_branch_operator_decorator.py for tasks to queue
[2026-05-29T01:51:31.023+0200] {logging_mixin.py:151} INFO - [2026-05-29T01:51:31.023+0200] {dagbag.py:539} INFO - Filling up the DagBag from /home/frederic/airflow_venv/lib/python3.10/site-packages/airflow/example_dags/example_branch_operator_decorator.py
[2026-05-29T01:51:31.040+0200] {processor.py:839} INFO - DAG(s) dict_keys(['example_branch_python_operator_decorator']) retrieved from /home/frederic/airflow_venv/lib/python3.10/site-packages/airflow/example_dags/example_branch_operator_decorator.py
[2026-05-29T01:51:31.062+0200] {logging_mixin.py:151} INFO - [2026-05-29T01:51:31.062+0200] {dag.py:2915} INFO - Sync 1 DAGs
[2026-05-29T01:51:31.079+0200] {logging_mixin.py:151} INFO - [2026-05-29T01:51:31.079+0200] {dag.py:3696} INFO - Setting next_dagrun for example_branch_python_operator_decorator to 2026-05-27T00:00:00+00:00, run_after=2026-05-28T00:00:00+00:00
[2026-05-29T01:51:31.094+0200] {processor.py:179} INFO - Processing /home/frederic/airflow_venv/lib/python3.10/site-packages/airflow/example_dags/example_branch_operator_decorator.py took 0.076 seconds
[2026-05-29T01:52:22.155+0200] {processor.py:157} INFO - Started process (PID=618423) to work on /home/frederic/airflow_venv/lib/python3.10/site-packages/airflow/example_dags/example_branch_operator_decorator.py
[2026-05-29T01:52:22.156+0200] {processor.py:829} INFO - Processing file /home/frederic/airflow_venv/lib/python3.10/site-packages/airflow/example_dags/example_branch_operator_decorator.py for tasks to queue
[2026-05-29T01:52:22.156+0200] {logging_mixin.py:151} INFO - [2026-05-29T01:52:22.156+0200] {dagbag.py:539} INFO - Filling up the DagBag from /home/frederic/airflow_venv/lib/python3.10/site-packages/airflow/example_dags/example_branch_operator_decorator.py
[2026-05-29T01:52:22.166+0200] {processor.py:839} INFO - DAG(s) dict_keys(['example_branch_python_operator_decorator']) retrieved from /home/frederic/airflow_venv/lib/python3.10/site-packages/airflow/example_dags/example_branch_operator_decorator.py
[2026-05-29T01:52:22.179+0200] {logging_mixin.py:151} INFO - [2026-05-29T01:52:22.179+0200] {dag.py:2915} INFO - Sync 1 DAGs
[2026-05-29T01:52:22.197+0200] {logging_mixin.py:151} INFO - [2026-05-29T01:52:22.197+0200] {dag.py:3696} INFO - Setting next_dagrun for example_branch_python_operator_decorator to 2026-05-27T00:00:00+00:00, run_after=2026-05-28T00:00:00+00:00
[2026-05-29T01:52:22.213+0200] {processor.py:179} INFO - Processing /home/frederic/airflow_venv/lib/python3.10/site-packages/airflow/example_dags/example_branch_operator_decorator.py took 0.060 seconds
[2026-05-29T01:53:08.320+0200] {processor.py:157} INFO - Started process (PID=619928) to work on /home/frederic/airflow_venv/lib/python3.10/site-packages/airflow/example_dags/example_branch_operator_decorator.py
[2026-05-29T01:53:08.321+0200] {processor.py:829} INFO - Processing file /home/frederic/airflow_venv/lib/python3.10/site-packages/airflow/example_dags/example_branch_operator_decorator.py for tasks to queue
[2026-05-29T01:53:08.322+0200] {logging_mixin.py:151} INFO - [2026-05-29T01:53:08.321+0200] {dagbag.py:539} INFO - Filling up the DagBag from /home/frederic/airflow_venv/lib/python3.10/site-packages/airflow/example_dags/example_branch_operator_decorator.py
[2026-05-29T01:53:08.332+0200] {processor.py:839} INFO - DAG(s) dict_keys(['example_branch_python_operator_decorator']) retrieved from /home/frederic/airflow_venv/lib/python3.10/site-packages/airflow/example_dags/example_branch_operator_decorator.py
[2026-05-29T01:53:08.357+0200] {logging_mixin.py:151} INFO - [2026-05-29T01:53:08.357+0200] {dag.py:2915} INFO - Sync 1 DAGs
[2026-05-29T01:53:08.400+0200] {logging_mixin.py:151} INFO - [2026-05-29T01:53:08.400+0200] {dag.py:3696} INFO - Setting next_dagrun for example_branch_python_operator_decorator to 2026-05-27T00:00:00+00:00, run_after=2026-05-28T00:00:00+00:00
[2026-05-29T01:53:08.432+0200] {processor.py:179} INFO - Processing /home/frederic/airflow_venv/lib/python3.10/site-packages/airflow/example_dags/example_branch_operator_decorator.py took 0.116 seconds
[2026-05-29T01:53:54.400+0200] {processor.py:157} INFO - Started process (PID=621209) to work on /home/frederic/airflow_venv/lib/python3.10/site-packages/airflow/example_dags/example_branch_operator_decorator.py
[2026-05-29T01:53:54.401+0200] {processor.py:829} INFO - Processing file /home/frederic/airflow_venv/lib/python3.10/site-packages/airflow/example_dags/example_branch_operator_decorator.py for tasks to queue
[2026-05-29T01:53:54.402+0200] {logging_mixin.py:151} INFO - [2026-05-29T01:53:54.402+0200] {dagbag.py:539} INFO - Filling up the DagBag from /home/frederic/airflow_venv/lib/python3.10/site-packages/airflow/example_dags/example_branch_operator_decorator.py
[2026-05-29T01:53:54.411+0200] {processor.py:839} INFO - DAG(s) dict_keys(['example_branch_python_operator_decorator']) retrieved from /home/frederic/airflow_venv/lib/python3.10/site-packages/airflow/example_dags/example_branch_operator_decorator.py
[2026-05-29T01:53:54.425+0200] {logging_mixin.py:151} INFO - [2026-05-29T01:53:54.425+0200] {dag.py:2915} INFO - Sync 1 DAGs
[2026-05-29T01:53:54.442+0200] {logging_mixin.py:151} INFO - [2026-05-29T01:53:54.442+0200] {dag.py:3696} INFO - Setting next_dagrun for example_branch_python_operator_decorator to 2026-05-27T00:00:00+00:00, run_after=2026-05-28T00:00:00+00:00
[2026-05-29T01:53:54.456+0200] {processor.py:179} INFO - Processing /home/frederic/airflow_venv/lib/python3.10/site-packages/airflow/example_dags/example_branch_operator_decorator.py took 0.058 seconds
[2026-05-29T01:54:41.150+0200] {processor.py:157} INFO - Started process (PID=622720) to work on /home/frederic/airflow_venv/lib/python3.10/site-packages/airflow/example_dags/example_branch_operator_decorator.py
[2026-05-29T01:54:41.151+0200] {processor.py:829} INFO - Processing file /home/frederic/airflow_venv/lib/python3.10/site-packages/airflow/example_dags/example_branch_operator_decorator.py for tasks to queue
[2026-05-29T01:54:41.153+0200] {logging_mixin.py:151} INFO - [2026-05-29T01:54:41.152+0200] {dagbag.py:539} INFO - Filling up the DagBag from /home/frederic/airflow_venv/lib/python3.10/site-packages/airflow/example_dags/example_branch_operator_decorator.py
[2026-05-29T01:54:41.163+0200] {processor.py:839} INFO - DAG(s) dict_keys(['example_branch_python_operator_decorator']) retrieved from /home/frederic/airflow_venv/lib/python3.10/site-packages/airflow/example_dags/example_branch_operator_decorator.py
[2026-05-29T01:54:41.183+0200] {logging_mixin.py:151} INFO - [2026-05-29T01:54:41.183+0200] {dag.py:2915} INFO - Sync 1 DAGs
[2026-05-29T01:54:41.203+0200] {logging_mixin.py:151} INFO - [2026-05-29T01:54:41.203+0200] {dag.py:3696} INFO - Setting next_dagrun for example_branch_python_operator_decorator to 2026-05-27T00:00:00+00:00, run_after=2026-05-28T00:00:00+00:00
[2026-05-29T01:54:41.219+0200] {processor.py:179} INFO - Processing /home/frederic/airflow_venv/lib/python3.10/site-packages/airflow/example_dags/example_branch_operator_decorator.py took 0.073 seconds
[2026-05-29T01:55:27.661+0200] {processor.py:157} INFO - Started process (PID=624348) to work on /home/frederic/airflow_venv/lib/python3.10/site-packages/airflow/example_dags/example_branch_operator_decorator.py
[2026-05-29T01:55:27.665+0200] {processor.py:829} INFO - Processing file /home/frederic/airflow_venv/lib/python3.10/site-packages/airflow/example_dags/example_branch_operator_decorator.py for tasks to queue
[2026-05-29T01:55:27.666+0200] {logging_mixin.py:151} INFO - [2026-05-29T01:55:27.665+0200] {dagbag.py:539} INFO - Filling up the DagBag from /home/frederic/airflow_venv/lib/python3.10/site-packages/airflow/example_dags/example_branch_operator_decorator.py
[2026-05-29T01:55:27.676+0200] {processor.py:839} INFO - DAG(s) dict_keys(['example_branch_python_operator_decorator']) retrieved from /home/frederic/airflow_venv/lib/python3.10/site-packages/airflow/example_dags/example_branch_operator_decorator.py
[2026-05-29T01:55:27.684+0200] {logging_mixin.py:151} INFO - [2026-05-29T01:55:27.684+0200] {dag.py:2915} INFO - Sync 1 DAGs
[2026-05-29T01:55:27.708+0200] {logging_mixin.py:151} INFO - [2026-05-29T01:55:27.708+0200] {dag.py:3696} INFO - Setting next_dagrun for example_branch_python_operator_decorator to 2026-05-27T00:00:00+00:00, run_after=2026-05-28T00:00:00+00:00
[2026-05-29T01:55:27.724+0200] {processor.py:179} INFO - Processing /home/frederic/airflow_venv/lib/python3.10/site-packages/airflow/example_dags/example_branch_operator_decorator.py took 0.066 seconds
[2026-05-29T01:56:01.225+0200] {processor.py:157} INFO - Started process (PID=625297) to work on /home/frederic/airflow_venv/lib/python3.10/site-packages/airflow/example_dags/example_branch_operator_decorator.py
[2026-05-29T01:56:01.226+0200] {processor.py:829} INFO - Processing file /home/frederic/airflow_venv/lib/python3.10/site-packages/airflow/example_dags/example_branch_operator_decorator.py for tasks to queue
[2026-05-29T01:56:01.227+0200] {logging_mixin.py:151} INFO - [2026-05-29T01:56:01.227+0200] {dagbag.py:539} INFO - Filling up the DagBag from /home/frederic/airflow_venv/lib/python3.10/site-packages/airflow/example_dags/example_branch_operator_decorator.py
[2026-05-29T01:56:01.238+0200] {processor.py:839} INFO - DAG(s) dict_keys(['example_branch_python_operator_decorator']) retrieved from /home/frederic/airflow_venv/lib/python3.10/site-packages/airflow/example_dags/example_branch_operator_decorator.py
[2026-05-29T01:56:01.258+0200] {logging_mixin.py:151} INFO - [2026-05-29T01:56:01.258+0200] {dag.py:2915} INFO - Sync 1 DAGs
[2026-05-29T01:56:01.278+0200] {logging_mixin.py:151} INFO - [2026-05-29T01:56:01.278+0200] {dag.py:3696} INFO - Setting next_dagrun for example_branch_python_operator_decorator to 2026-05-27T00:00:00+00:00, run_after=2026-05-28T00:00:00+00:00
[2026-05-29T01:56:01.295+0200] {processor.py:179} INFO - Processing /home/frederic/airflow_venv/lib/python3.10/site-packages/airflow/example_dags/example_branch_operator_decorator.py took 0.074 seconds
[2026-05-29T01:56:27.809+0200] {processor.py:157} INFO - Started process (PID=626255) to work on /home/frederic/airflow_venv/lib/python3.10/site-packages/airflow/example_dags/example_branch_operator_decorator.py
[2026-05-29T01:56:27.810+0200] {processor.py:829} INFO - Processing file /home/frederic/airflow_venv/lib/python3.10/site-packages/airflow/example_dags/example_branch_operator_decorator.py for tasks to queue
[2026-05-29T01:56:27.811+0200] {logging_mixin.py:151} INFO - [2026-05-29T01:56:27.811+0200] {dagbag.py:539} INFO - Filling up the DagBag from /home/frederic/airflow_venv/lib/python3.10/site-packages/airflow/example_dags/example_branch_operator_decorator.py
[2026-05-29T01:56:27.822+0200] {processor.py:839} INFO - DAG(s) dict_keys(['example_branch_python_operator_decorator']) retrieved from /home/frederic/airflow_venv/lib/python3.10/site-packages/airflow/example_dags/example_branch_operator_decorator.py
[2026-05-29T01:56:27.838+0200] {logging_mixin.py:151} INFO - [2026-05-29T01:56:27.838+0200] {dag.py:2915} INFO - Sync 1 DAGs
[2026-05-29T01:56:27.860+0200] {logging_mixin.py:151} INFO - [2026-05-29T01:56:27.860+0200] {dag.py:3696} INFO - Setting next_dagrun for example_branch_python_operator_decorator to 2026-05-27T00:00:00+00:00, run_after=2026-05-28T00:00:00+00:00
[2026-05-29T01:56:27.883+0200] {processor.py:179} INFO - Processing /home/frederic/airflow_venv/lib/python3.10/site-packages/airflow/example_dags/example_branch_operator_decorator.py took 0.076 seconds
[2026-05-29T01:56:51.625+0200] {processor.py:157} INFO - Started process (PID=626986) to work on /home/frederic/airflow_venv/lib/python3.10/site-packages/airflow/example_dags/example_branch_operator_decorator.py
[2026-05-29T01:56:51.626+0200] {processor.py:829} INFO - Processing file /home/frederic/airflow_venv/lib/python3.10/site-packages/airflow/example_dags/example_branch_operator_decorator.py for tasks to queue
[2026-05-29T01:56:51.627+0200] {logging_mixin.py:151} INFO - [2026-05-29T01:56:51.627+0200] {dagbag.py:539} INFO - Filling up the DagBag from /home/frederic/airflow_venv/lib/python3.10/site-packages/airflow/example_dags/example_branch_operator_decorator.py
[2026-05-29T01:56:51.637+0200] {processor.py:839} INFO - DAG(s) dict_keys(['example_branch_python_operator_decorator']) retrieved from /home/frederic/airflow_venv/lib/python3.10/site-packages/airflow/example_dags/example_branch_operator_decorator.py
[2026-05-29T01:56:51.656+0200] {logging_mixin.py:151} INFO - [2026-05-29T01:56:51.656+0200] {dag.py:2915} INFO - Sync 1 DAGs
[2026-05-29T01:56:51.677+0200] {logging_mixin.py:151} INFO - [2026-05-29T01:56:51.677+0200] {dag.py:3696} INFO - Setting next_dagrun for example_branch_python_operator_decorator to 2026-05-27T00:00:00+00:00, run_after=2026-05-28T00:00:00+00:00
[2026-05-29T01:56:51.699+0200] {processor.py:179} INFO - Processing /home/frederic/airflow_venv/lib/python3.10/site-packages/airflow/example_dags/example_branch_operator_decorator.py took 0.078 seconds
[2026-05-29T01:57:18.927+0200] {processor.py:157} INFO - Started process (PID=627780) to work on /home/frederic/airflow_venv/lib/python3.10/site-packages/airflow/example_dags/example_branch_operator_decorator.py
[2026-05-29T01:57:18.928+0200] {processor.py:829} INFO - Processing file /home/frederic/airflow_venv/lib/python3.10/site-packages/airflow/example_dags/example_branch_operator_decorator.py for tasks to queue
[2026-05-29T01:57:18.929+0200] {logging_mixin.py:151} INFO - [2026-05-29T01:57:18.929+0200] {dagbag.py:539} INFO - Filling up the DagBag from /home/frederic/airflow_venv/lib/python3.10/site-packages/airflow/example_dags/example_branch_operator_decorator.py
[2026-05-29T01:57:18.941+0200] {processor.py:839} INFO - DAG(s) dict_keys(['example_branch_python_operator_decorator']) retrieved from /home/frederic/airflow_venv/lib/python3.10/site-packages/airflow/example_dags/example_branch_operator_decorator.py
[2026-05-29T01:57:18.958+0200] {logging_mixin.py:151} INFO - [2026-05-29T01:57:18.958+0200] {dag.py:2915} INFO - Sync 1 DAGs
[2026-05-29T01:57:18.975+0200] {logging_mixin.py:151} INFO - [2026-05-29T01:57:18.975+0200] {dag.py:3696} INFO - Setting next_dagrun for example_branch_python_operator_decorator to 2026-05-27T00:00:00+00:00, run_after=2026-05-28T00:00:00+00:00
[2026-05-29T01:57:18.991+0200] {processor.py:179} INFO - Processing /home/frederic/airflow_venv/lib/python3.10/site-packages/airflow/example_dags/example_branch_operator_decorator.py took 0.066 seconds
[2026-05-29T01:57:40.204+0200] {processor.py:157} INFO - Started process (PID=628589) to work on /home/frederic/airflow_venv/lib/python3.10/site-packages/airflow/example_dags/example_branch_operator_decorator.py
[2026-05-29T01:57:40.207+0200] {processor.py:829} INFO - Processing file /home/frederic/airflow_venv/lib/python3.10/site-packages/airflow/example_dags/example_branch_operator_decorator.py for tasks to queue
[2026-05-29T01:57:40.210+0200] {logging_mixin.py:151} INFO - [2026-05-29T01:57:40.209+0200] {dagbag.py:539} INFO - Filling up the DagBag from /home/frederic/airflow_venv/lib/python3.10/site-packages/airflow/example_dags/example_branch_operator_decorator.py
[2026-05-29T01:57:40.234+0200] {processor.py:839} INFO - DAG(s) dict_keys(['example_branch_python_operator_decorator']) retrieved from /home/frederic/airflow_venv/lib/python3.10/site-packages/airflow/example_dags/example_branch_operator_decorator.py
[2026-05-29T01:57:40.283+0200] {logging_mixin.py:151} INFO - [2026-05-29T01:57:40.283+0200] {dag.py:2915} INFO - Sync 1 DAGs
[2026-05-29T01:57:40.352+0200] {logging_mixin.py:151} INFO - [2026-05-29T01:57:40.351+0200] {dag.py:3696} INFO - Setting next_dagrun for example_branch_python_operator_decorator to 2026-05-27T00:00:00+00:00, run_after=2026-05-28T00:00:00+00:00
[2026-05-29T01:57:40.390+0200] {processor.py:179} INFO - Processing /home/frederic/airflow_venv/lib/python3.10/site-packages/airflow/example_dags/example_branch_operator_decorator.py took 0.192 seconds
[2026-05-29T01:58:07.309+0200] {processor.py:157} INFO - Started process (PID=629606) to work on /home/frederic/airflow_venv/lib/python3.10/site-packages/airflow/example_dags/example_branch_operator_decorator.py
[2026-05-29T01:58:07.310+0200] {processor.py:829} INFO - Processing file /home/frederic/airflow_venv/lib/python3.10/site-packages/airflow/example_dags/example_branch_operator_decorator.py for tasks to queue
[2026-05-29T01:58:07.310+0200] {logging_mixin.py:151} INFO - [2026-05-29T01:58:07.310+0200] {dagbag.py:539} INFO - Filling up the DagBag from /home/frederic/airflow_venv/lib/python3.10/site-packages/airflow/example_dags/example_branch_operator_decorator.py
[2026-05-29T01:58:07.320+0200] {processor.py:839} INFO - DAG(s) dict_keys(['example_branch_python_operator_decorator']) retrieved from /home/frederic/airflow_venv/lib/python3.10/site-packages/airflow/example_dags/example_branch_operator_decorator.py
[2026-05-29T01:58:07.337+0200] {logging_mixin.py:151} INFO - [2026-05-29T01:58:07.337+0200] {dag.py:2915} INFO - Sync 1 DAGs
[2026-05-29T01:58:07.355+0200] {logging_mixin.py:151} INFO - [2026-05-29T01:58:07.355+0200] {dag.py:3696} INFO - Setting next_dagrun for example_branch_python_operator_decorator to 2026-05-27T00:00:00+00:00, run_after=2026-05-28T00:00:00+00:00
[2026-05-29T01:58:07.369+0200] {processor.py:179} INFO - Processing /home/frederic/airflow_venv/lib/python3.10/site-packages/airflow/example_dags/example_branch_operator_decorator.py took 0.064 seconds
[2026-05-29T01:58:35.744+0200] {processor.py:157} INFO - Started process (PID=630783) to work on /home/frederic/airflow_venv/lib/python3.10/site-packages/airflow/example_dags/example_branch_operator_decorator.py
[2026-05-29T01:58:35.745+0200] {processor.py:829} INFO - Processing file /home/frederic/airflow_venv/lib/python3.10/site-packages/airflow/example_dags/example_branch_operator_decorator.py for tasks to queue
[2026-05-29T01:58:35.746+0200] {logging_mixin.py:151} INFO - [2026-05-29T01:58:35.746+0200] {dagbag.py:539} INFO - Filling up the DagBag from /home/frederic/airflow_venv/lib/python3.10/site-packages/airflow/example_dags/example_branch_operator_decorator.py
[2026-05-29T01:58:35.757+0200] {processor.py:839} INFO - DAG(s) dict_keys(['example_branch_python_operator_decorator']) retrieved from /home/frederic/airflow_venv/lib/python3.10/site-packages/airflow/example_dags/example_branch_operator_decorator.py
[2026-05-29T01:58:35.789+0200] {logging_mixin.py:151} INFO - [2026-05-29T01:58:35.789+0200] {dag.py:2915} INFO - Sync 1 DAGs
[2026-05-29T01:58:35.836+0200] {logging_mixin.py:151} INFO - [2026-05-29T01:58:35.835+0200] {dag.py:3696} INFO - Setting next_dagrun for example_branch_python_operator_decorator to 2026-05-27T00:00:00+00:00, run_after=2026-05-28T00:00:00+00:00
[2026-05-29T01:58:35.878+0200] {processor.py:179} INFO - Processing /home/frederic/airflow_venv/lib/python3.10/site-packages/airflow/example_dags/example_branch_operator_decorator.py took 0.136 seconds
[2026-05-29T01:59:00.198+0200] {processor.py:157} INFO - Started process (PID=631475) to work on /home/frederic/airflow_venv/lib/python3.10/site-packages/airflow/example_dags/example_branch_operator_decorator.py
[2026-05-29T01:59:00.199+0200] {processor.py:829} INFO - Processing file /home/frederic/airflow_venv/lib/python3.10/site-packages/airflow/example_dags/example_branch_operator_decorator.py for tasks to queue
[2026-05-29T01:59:00.199+0200] {logging_mixin.py:151} INFO - [2026-05-29T01:59:00.199+0200] {dagbag.py:539} INFO - Filling up the DagBag from /home/frederic/airflow_venv/lib/python3.10/site-packages/airflow/example_dags/example_branch_operator_decorator.py
[2026-05-29T01:59:00.212+0200] {processor.py:839} INFO - DAG(s) dict_keys(['example_branch_python_operator_decorator']) retrieved from /home/frederic/airflow_venv/lib/python3.10/site-packages/airflow/example_dags/example_branch_operator_decorator.py
[2026-05-29T01:59:00.230+0200] {logging_mixin.py:151} INFO - [2026-05-29T01:59:00.230+0200] {dag.py:2915} INFO - Sync 1 DAGs
[2026-05-29T01:59:00.248+0200] {logging_mixin.py:151} INFO - [2026-05-29T01:59:00.248+0200] {dag.py:3696} INFO - Setting next_dagrun for example_branch_python_operator_decorator to 2026-05-27T00:00:00+00:00, run_after=2026-05-28T00:00:00+00:00
[2026-05-29T01:59:00.263+0200] {processor.py:179} INFO - Processing /home/frederic/airflow_venv/lib/python3.10/site-packages/airflow/example_dags/example_branch_operator_decorator.py took 0.068 seconds
[2026-05-29T01:59:30.108+0200] {processor.py:157} INFO - Started process (PID=632306) to work on /home/frederic/airflow_venv/lib/python3.10/site-packages/airflow/example_dags/example_branch_operator_decorator.py
[2026-05-29T01:59:30.109+0200] {processor.py:829} INFO - Processing file /home/frederic/airflow_venv/lib/python3.10/site-packages/airflow/example_dags/example_branch_operator_decorator.py for tasks to queue
[2026-05-29T01:59:30.109+0200] {logging_mixin.py:151} INFO - [2026-05-29T01:59:30.109+0200] {dagbag.py:539} INFO - Filling up the DagBag from /home/frederic/airflow_venv/lib/python3.10/site-packages/airflow/example_dags/example_branch_operator_decorator.py
[2026-05-29T01:59:30.118+0200] {processor.py:839} INFO - DAG(s) dict_keys(['example_branch_python_operator_decorator']) retrieved from /home/frederic/airflow_venv/lib/python3.10/site-packages/airflow/example_dags/example_branch_operator_decorator.py
[2026-05-29T01:59:30.138+0200] {logging_mixin.py:151} INFO - [2026-05-29T01:59:30.137+0200] {dag.py:2915} INFO - Sync 1 DAGs
[2026-05-29T01:59:30.159+0200] {logging_mixin.py:151} INFO - [2026-05-29T01:59:30.159+0200] {dag.py:3696} INFO - Setting next_dagrun for example_branch_python_operator_decorator to 2026-05-27T00:00:00+00:00, run_after=2026-05-28T00:00:00+00:00
[2026-05-29T01:59:30.178+0200] {processor.py:179} INFO - Processing /home/frederic/airflow_venv/lib/python3.10/site-packages/airflow/example_dags/example_branch_operator_decorator.py took 0.073 seconds
[2026-05-29T01:59:46.475+0200] {processor.py:157} INFO - Started process (PID=632789) to work on /home/frederic/airflow_venv/lib/python3.10/site-packages/airflow/example_dags/example_branch_operator_decorator.py
[2026-05-29T01:59:46.476+0200] {processor.py:829} INFO - Processing file /home/frederic/airflow_venv/lib/python3.10/site-packages/airflow/example_dags/example_branch_operator_decorator.py for tasks to queue
[2026-05-29T01:59:46.477+0200] {logging_mixin.py:151} INFO - [2026-05-29T01:59:46.477+0200] {dagbag.py:539} INFO - Filling up the DagBag from /home/frederic/airflow_venv/lib/python3.10/site-packages/airflow/example_dags/example_branch_operator_decorator.py
[2026-05-29T01:59:46.489+0200] {processor.py:839} INFO - DAG(s) dict_keys(['example_branch_python_operator_decorator']) retrieved from /home/frederic/airflow_venv/lib/python3.10/site-packages/airflow/example_dags/example_branch_operator_decorator.py
[2026-05-29T01:59:46.511+0200] {logging_mixin.py:151} INFO - [2026-05-29T01:59:46.510+0200] {dag.py:2915} INFO - Sync 1 DAGs
[2026-05-29T01:59:46.536+0200] {logging_mixin.py:151} INFO - [2026-05-29T01:59:46.536+0200] {dag.py:3696} INFO - Setting next_dagrun for example_branch_python_operator_decorator to 2026-05-27T00:00:00+00:00, run_after=2026-05-28T00:00:00+00:00
[2026-05-29T01:59:46.552+0200] {processor.py:179} INFO - Processing /home/frederic/airflow_venv/lib/python3.10/site-packages/airflow/example_dags/example_branch_operator_decorator.py took 0.079 seconds
