[2026-05-29T01:36:58.832+0200] {processor.py:157} INFO - Started process (PID=594227) to work on /home/frederic/airflow_venv/lib/python3.10/site-packages/airflow/example_dags/example_sensor_decorator.py
[2026-05-29T01:36:58.833+0200] {processor.py:829} INFO - Processing file /home/frederic/airflow_venv/lib/python3.10/site-packages/airflow/example_dags/example_sensor_decorator.py for tasks to queue
[2026-05-29T01:36:58.833+0200] {logging_mixin.py:151} INFO - [2026-05-29T01:36:58.833+0200] {dagbag.py:539} INFO - Filling up the DagBag from /home/frederic/airflow_venv/lib/python3.10/site-packages/airflow/example_dags/example_sensor_decorator.py
[2026-05-29T01:36:58.838+0200] {processor.py:839} INFO - DAG(s) dict_keys(['example_sensor_decorator']) retrieved from /home/frederic/airflow_venv/lib/python3.10/site-packages/airflow/example_dags/example_sensor_decorator.py
[2026-05-29T01:36:58.927+0200] {logging_mixin.py:151} INFO - [2026-05-29T01:36:58.926+0200] {manager.py:499} INFO - Created Permission View: %s
[2026-05-29T01:36:58.935+0200] {logging_mixin.py:151} INFO - [2026-05-29T01:36:58.934+0200] {manager.py:499} INFO - Created Permission View: %s
[2026-05-29T01:36:58.940+0200] {logging_mixin.py:151} INFO - [2026-05-29T01:36:58.940+0200] {manager.py:499} INFO - Created Permission View: %s
[2026-05-29T01:36:58.940+0200] {logging_mixin.py:151} INFO - [2026-05-29T01:36:58.940+0200] {security.py:708} INFO - Not syncing DAG-level permissions for DAG 'DAG:example_sensor_decorator' as access control is unset.
[2026-05-29T01:36:58.940+0200] {logging_mixin.py:151} INFO - [2026-05-29T01:36:58.940+0200] {dag.py:2915} INFO - Sync 1 DAGs
[2026-05-29T01:36:58.949+0200] {logging_mixin.py:151} INFO - [2026-05-29T01:36:58.949+0200] {dag.py:2937} INFO - Creating ORM DAG for example_sensor_decorator
[2026-05-29T01:36:58.950+0200] {logging_mixin.py:151} INFO - [2026-05-29T01:36:58.950+0200] {dag.py:3696} INFO - Setting next_dagrun for example_sensor_decorator to None, run_after=None
[2026-05-29T01:36:58.965+0200] {processor.py:179} INFO - Processing /home/frederic/airflow_venv/lib/python3.10/site-packages/airflow/example_dags/example_sensor_decorator.py took 0.136 seconds
[2026-05-29T01:37:43.129+0200] {processor.py:157} INFO - Started process (PID=595129) to work on /home/frederic/airflow_venv/lib/python3.10/site-packages/airflow/example_dags/example_sensor_decorator.py
[2026-05-29T01:37:43.130+0200] {processor.py:829} INFO - Processing file /home/frederic/airflow_venv/lib/python3.10/site-packages/airflow/example_dags/example_sensor_decorator.py for tasks to queue
[2026-05-29T01:37:43.131+0200] {logging_mixin.py:151} INFO - [2026-05-29T01:37:43.131+0200] {dagbag.py:539} INFO - Filling up the DagBag from /home/frederic/airflow_venv/lib/python3.10/site-packages/airflow/example_dags/example_sensor_decorator.py
[2026-05-29T01:37:43.136+0200] {processor.py:839} INFO - DAG(s) dict_keys(['example_sensor_decorator']) retrieved from /home/frederic/airflow_venv/lib/python3.10/site-packages/airflow/example_dags/example_sensor_decorator.py
[2026-05-29T01:37:43.148+0200] {logging_mixin.py:151} INFO - [2026-05-29T01:37:43.148+0200] {dag.py:2915} INFO - Sync 1 DAGs
[2026-05-29T01:37:43.157+0200] {logging_mixin.py:151} INFO - [2026-05-29T01:37:43.157+0200] {dag.py:3696} INFO - Setting next_dagrun for example_sensor_decorator to None, run_after=None
[2026-05-29T01:37:43.173+0200] {processor.py:179} INFO - Processing /home/frederic/airflow_venv/lib/python3.10/site-packages/airflow/example_dags/example_sensor_decorator.py took 0.045 seconds
[2026-05-29T01:38:28.470+0200] {processor.py:157} INFO - Started process (PID=595999) to work on /home/frederic/airflow_venv/lib/python3.10/site-packages/airflow/example_dags/example_sensor_decorator.py
[2026-05-29T01:38:28.471+0200] {processor.py:829} INFO - Processing file /home/frederic/airflow_venv/lib/python3.10/site-packages/airflow/example_dags/example_sensor_decorator.py for tasks to queue
[2026-05-29T01:38:28.472+0200] {logging_mixin.py:151} INFO - [2026-05-29T01:38:28.472+0200] {dagbag.py:539} INFO - Filling up the DagBag from /home/frederic/airflow_venv/lib/python3.10/site-packages/airflow/example_dags/example_sensor_decorator.py
[2026-05-29T01:38:28.481+0200] {processor.py:839} INFO - DAG(s) dict_keys(['example_sensor_decorator']) retrieved from /home/frederic/airflow_venv/lib/python3.10/site-packages/airflow/example_dags/example_sensor_decorator.py
[2026-05-29T01:38:28.494+0200] {logging_mixin.py:151} INFO - [2026-05-29T01:38:28.494+0200] {dag.py:2915} INFO - Sync 1 DAGs
[2026-05-29T01:38:28.504+0200] {logging_mixin.py:151} INFO - [2026-05-29T01:38:28.504+0200] {dag.py:3696} INFO - Setting next_dagrun for example_sensor_decorator to None, run_after=None
[2026-05-29T01:38:28.519+0200] {processor.py:179} INFO - Processing /home/frederic/airflow_venv/lib/python3.10/site-packages/airflow/example_dags/example_sensor_decorator.py took 0.051 seconds
[2026-05-29T01:39:13.150+0200] {processor.py:157} INFO - Started process (PID=597064) to work on /home/frederic/airflow_venv/lib/python3.10/site-packages/airflow/example_dags/example_sensor_decorator.py
[2026-05-29T01:39:13.151+0200] {processor.py:829} INFO - Processing file /home/frederic/airflow_venv/lib/python3.10/site-packages/airflow/example_dags/example_sensor_decorator.py for tasks to queue
[2026-05-29T01:39:13.152+0200] {logging_mixin.py:151} INFO - [2026-05-29T01:39:13.152+0200] {dagbag.py:539} INFO - Filling up the DagBag from /home/frederic/airflow_venv/lib/python3.10/site-packages/airflow/example_dags/example_sensor_decorator.py
[2026-05-29T01:39:13.157+0200] {processor.py:839} INFO - DAG(s) dict_keys(['example_sensor_decorator']) retrieved from /home/frederic/airflow_venv/lib/python3.10/site-packages/airflow/example_dags/example_sensor_decorator.py
[2026-05-29T01:39:13.174+0200] {logging_mixin.py:151} INFO - [2026-05-29T01:39:13.174+0200] {dag.py:2915} INFO - Sync 1 DAGs
[2026-05-29T01:39:13.188+0200] {logging_mixin.py:151} INFO - [2026-05-29T01:39:13.188+0200] {dag.py:3696} INFO - Setting next_dagrun for example_sensor_decorator to None, run_after=None
[2026-05-29T01:39:13.212+0200] {processor.py:179} INFO - Processing /home/frederic/airflow_venv/lib/python3.10/site-packages/airflow/example_dags/example_sensor_decorator.py took 0.066 seconds
[2026-05-29T01:40:01.342+0200] {processor.py:157} INFO - Started process (PID=598208) to work on /home/frederic/airflow_venv/lib/python3.10/site-packages/airflow/example_dags/example_sensor_decorator.py
[2026-05-29T01:40:01.343+0200] {processor.py:829} INFO - Processing file /home/frederic/airflow_venv/lib/python3.10/site-packages/airflow/example_dags/example_sensor_decorator.py for tasks to queue
[2026-05-29T01:40:01.343+0200] {logging_mixin.py:151} INFO - [2026-05-29T01:40:01.343+0200] {dagbag.py:539} INFO - Filling up the DagBag from /home/frederic/airflow_venv/lib/python3.10/site-packages/airflow/example_dags/example_sensor_decorator.py
[2026-05-29T01:40:01.350+0200] {processor.py:839} INFO - DAG(s) dict_keys(['example_sensor_decorator']) retrieved from /home/frederic/airflow_venv/lib/python3.10/site-packages/airflow/example_dags/example_sensor_decorator.py
[2026-05-29T01:40:01.368+0200] {logging_mixin.py:151} INFO - [2026-05-29T01:40:01.367+0200] {dag.py:2915} INFO - Sync 1 DAGs
[2026-05-29T01:40:01.381+0200] {logging_mixin.py:151} INFO - [2026-05-29T01:40:01.380+0200] {dag.py:3696} INFO - Setting next_dagrun for example_sensor_decorator to None, run_after=None
[2026-05-29T01:40:01.400+0200] {processor.py:179} INFO - Processing /home/frederic/airflow_venv/lib/python3.10/site-packages/airflow/example_dags/example_sensor_decorator.py took 0.061 seconds
[2026-05-29T01:40:50.585+0200] {processor.py:157} INFO - Started process (PID=599381) to work on /home/frederic/airflow_venv/lib/python3.10/site-packages/airflow/example_dags/example_sensor_decorator.py
[2026-05-29T01:40:50.587+0200] {processor.py:829} INFO - Processing file /home/frederic/airflow_venv/lib/python3.10/site-packages/airflow/example_dags/example_sensor_decorator.py for tasks to queue
[2026-05-29T01:40:50.588+0200] {logging_mixin.py:151} INFO - [2026-05-29T01:40:50.587+0200] {dagbag.py:539} INFO - Filling up the DagBag from /home/frederic/airflow_venv/lib/python3.10/site-packages/airflow/example_dags/example_sensor_decorator.py
[2026-05-29T01:40:50.596+0200] {processor.py:839} INFO - DAG(s) dict_keys(['example_sensor_decorator']) retrieved from /home/frederic/airflow_venv/lib/python3.10/site-packages/airflow/example_dags/example_sensor_decorator.py
[2026-05-29T01:40:50.617+0200] {logging_mixin.py:151} INFO - [2026-05-29T01:40:50.617+0200] {dag.py:2915} INFO - Sync 1 DAGs
[2026-05-29T01:40:50.634+0200] {logging_mixin.py:151} INFO - [2026-05-29T01:40:50.633+0200] {dag.py:3696} INFO - Setting next_dagrun for example_sensor_decorator to None, run_after=None
[2026-05-29T01:40:50.654+0200] {processor.py:179} INFO - Processing /home/frederic/airflow_venv/lib/python3.10/site-packages/airflow/example_dags/example_sensor_decorator.py took 0.073 seconds
[2026-05-29T01:41:34.434+0200] {processor.py:157} INFO - Started process (PID=600667) to work on /home/frederic/airflow_venv/lib/python3.10/site-packages/airflow/example_dags/example_sensor_decorator.py
[2026-05-29T01:41:34.437+0200] {processor.py:829} INFO - Processing file /home/frederic/airflow_venv/lib/python3.10/site-packages/airflow/example_dags/example_sensor_decorator.py for tasks to queue
[2026-05-29T01:41:34.438+0200] {logging_mixin.py:151} INFO - [2026-05-29T01:41:34.438+0200] {dagbag.py:539} INFO - Filling up the DagBag from /home/frederic/airflow_venv/lib/python3.10/site-packages/airflow/example_dags/example_sensor_decorator.py
[2026-05-29T01:41:34.442+0200] {processor.py:839} INFO - DAG(s) dict_keys(['example_sensor_decorator']) retrieved from /home/frederic/airflow_venv/lib/python3.10/site-packages/airflow/example_dags/example_sensor_decorator.py
[2026-05-29T01:41:34.454+0200] {logging_mixin.py:151} INFO - [2026-05-29T01:41:34.454+0200] {dag.py:2915} INFO - Sync 1 DAGs
[2026-05-29T01:41:34.464+0200] {logging_mixin.py:151} INFO - [2026-05-29T01:41:34.464+0200] {dag.py:3696} INFO - Setting next_dagrun for example_sensor_decorator to None, run_after=None
[2026-05-29T01:41:34.480+0200] {processor.py:179} INFO - Processing /home/frederic/airflow_venv/lib/python3.10/site-packages/airflow/example_dags/example_sensor_decorator.py took 0.048 seconds
[2026-05-29T01:42:17.317+0200] {processor.py:157} INFO - Started process (PID=601436) to work on /home/frederic/airflow_venv/lib/python3.10/site-packages/airflow/example_dags/example_sensor_decorator.py
[2026-05-29T01:42:17.320+0200] {processor.py:829} INFO - Processing file /home/frederic/airflow_venv/lib/python3.10/site-packages/airflow/example_dags/example_sensor_decorator.py for tasks to queue
[2026-05-29T01:42:17.321+0200] {logging_mixin.py:151} INFO - [2026-05-29T01:42:17.321+0200] {dagbag.py:539} INFO - Filling up the DagBag from /home/frederic/airflow_venv/lib/python3.10/site-packages/airflow/example_dags/example_sensor_decorator.py
[2026-05-29T01:42:17.326+0200] {processor.py:839} INFO - DAG(s) dict_keys(['example_sensor_decorator']) retrieved from /home/frederic/airflow_venv/lib/python3.10/site-packages/airflow/example_dags/example_sensor_decorator.py
[2026-05-29T01:42:17.343+0200] {logging_mixin.py:151} INFO - [2026-05-29T01:42:17.343+0200] {dag.py:2915} INFO - Sync 1 DAGs
[2026-05-29T01:42:17.355+0200] {logging_mixin.py:151} INFO - [2026-05-29T01:42:17.354+0200] {dag.py:3696} INFO - Setting next_dagrun for example_sensor_decorator to None, run_after=None
[2026-05-29T01:42:17.371+0200] {processor.py:179} INFO - Processing /home/frederic/airflow_venv/lib/python3.10/site-packages/airflow/example_dags/example_sensor_decorator.py took 0.057 seconds
[2026-05-29T01:43:06.471+0200] {processor.py:157} INFO - Started process (PID=602273) to work on /home/frederic/airflow_venv/lib/python3.10/site-packages/airflow/example_dags/example_sensor_decorator.py
[2026-05-29T01:43:06.475+0200] {processor.py:829} INFO - Processing file /home/frederic/airflow_venv/lib/python3.10/site-packages/airflow/example_dags/example_sensor_decorator.py for tasks to queue
[2026-05-29T01:43:06.475+0200] {logging_mixin.py:151} INFO - [2026-05-29T01:43:06.475+0200] {dagbag.py:539} INFO - Filling up the DagBag from /home/frederic/airflow_venv/lib/python3.10/site-packages/airflow/example_dags/example_sensor_decorator.py
[2026-05-29T01:43:06.481+0200] {processor.py:839} INFO - DAG(s) dict_keys(['example_sensor_decorator']) retrieved from /home/frederic/airflow_venv/lib/python3.10/site-packages/airflow/example_dags/example_sensor_decorator.py
[2026-05-29T01:43:06.496+0200] {logging_mixin.py:151} INFO - [2026-05-29T01:43:06.496+0200] {dag.py:2915} INFO - Sync 1 DAGs
[2026-05-29T01:43:06.507+0200] {logging_mixin.py:151} INFO - [2026-05-29T01:43:06.507+0200] {dag.py:3696} INFO - Setting next_dagrun for example_sensor_decorator to None, run_after=None
[2026-05-29T01:43:06.523+0200] {processor.py:179} INFO - Processing /home/frederic/airflow_venv/lib/python3.10/site-packages/airflow/example_dags/example_sensor_decorator.py took 0.055 seconds
[2026-05-29T01:43:53.374+0200] {processor.py:157} INFO - Started process (PID=603198) to work on /home/frederic/airflow_venv/lib/python3.10/site-packages/airflow/example_dags/example_sensor_decorator.py
[2026-05-29T01:43:53.375+0200] {processor.py:829} INFO - Processing file /home/frederic/airflow_venv/lib/python3.10/site-packages/airflow/example_dags/example_sensor_decorator.py for tasks to queue
[2026-05-29T01:43:53.376+0200] {logging_mixin.py:151} INFO - [2026-05-29T01:43:53.376+0200] {dagbag.py:539} INFO - Filling up the DagBag from /home/frederic/airflow_venv/lib/python3.10/site-packages/airflow/example_dags/example_sensor_decorator.py
[2026-05-29T01:43:53.381+0200] {processor.py:839} INFO - DAG(s) dict_keys(['example_sensor_decorator']) retrieved from /home/frederic/airflow_venv/lib/python3.10/site-packages/airflow/example_dags/example_sensor_decorator.py
[2026-05-29T01:43:53.395+0200] {logging_mixin.py:151} INFO - [2026-05-29T01:43:53.395+0200] {dag.py:2915} INFO - Sync 1 DAGs
[2026-05-29T01:43:53.411+0200] {logging_mixin.py:151} INFO - [2026-05-29T01:43:53.410+0200] {dag.py:3696} INFO - Setting next_dagrun for example_sensor_decorator to None, run_after=None
[2026-05-29T01:43:53.432+0200] {processor.py:179} INFO - Processing /home/frederic/airflow_venv/lib/python3.10/site-packages/airflow/example_dags/example_sensor_decorator.py took 0.060 seconds
[2026-05-29T01:44:43.497+0200] {processor.py:157} INFO - Started process (PID=604075) to work on /home/frederic/airflow_venv/lib/python3.10/site-packages/airflow/example_dags/example_sensor_decorator.py
[2026-05-29T01:44:43.504+0200] {processor.py:829} INFO - Processing file /home/frederic/airflow_venv/lib/python3.10/site-packages/airflow/example_dags/example_sensor_decorator.py for tasks to queue
[2026-05-29T01:44:43.509+0200] {logging_mixin.py:151} INFO - [2026-05-29T01:44:43.505+0200] {dagbag.py:539} INFO - Filling up the DagBag from /home/frederic/airflow_venv/lib/python3.10/site-packages/airflow/example_dags/example_sensor_decorator.py
[2026-05-29T01:44:43.534+0200] {processor.py:839} INFO - DAG(s) dict_keys(['example_sensor_decorator']) retrieved from /home/frederic/airflow_venv/lib/python3.10/site-packages/airflow/example_dags/example_sensor_decorator.py
[2026-05-29T01:44:43.586+0200] {logging_mixin.py:151} INFO - [2026-05-29T01:44:43.585+0200] {dag.py:2915} INFO - Sync 1 DAGs
[2026-05-29T01:44:43.635+0200] {logging_mixin.py:151} INFO - [2026-05-29T01:44:43.634+0200] {dag.py:3696} INFO - Setting next_dagrun for example_sensor_decorator to None, run_after=None
[2026-05-29T01:44:43.741+0200] {processor.py:179} INFO - Processing /home/frederic/airflow_venv/lib/python3.10/site-packages/airflow/example_dags/example_sensor_decorator.py took 0.259 seconds
[2026-05-29T01:45:30.653+0200] {processor.py:157} INFO - Started process (PID=606248) to work on /home/frederic/airflow_venv/lib/python3.10/site-packages/airflow/example_dags/example_sensor_decorator.py
[2026-05-29T01:45:30.655+0200] {processor.py:829} INFO - Processing file /home/frederic/airflow_venv/lib/python3.10/site-packages/airflow/example_dags/example_sensor_decorator.py for tasks to queue
[2026-05-29T01:45:30.655+0200] {logging_mixin.py:151} INFO - [2026-05-29T01:45:30.655+0200] {dagbag.py:539} INFO - Filling up the DagBag from /home/frederic/airflow_venv/lib/python3.10/site-packages/airflow/example_dags/example_sensor_decorator.py
[2026-05-29T01:45:30.663+0200] {processor.py:839} INFO - DAG(s) dict_keys(['example_sensor_decorator']) retrieved from /home/frederic/airflow_venv/lib/python3.10/site-packages/airflow/example_dags/example_sensor_decorator.py
[2026-05-29T01:45:30.678+0200] {logging_mixin.py:151} INFO - [2026-05-29T01:45:30.678+0200] {dag.py:2915} INFO - Sync 1 DAGs
[2026-05-29T01:45:30.690+0200] {logging_mixin.py:151} INFO - [2026-05-29T01:45:30.690+0200] {dag.py:3696} INFO - Setting next_dagrun for example_sensor_decorator to None, run_after=None
[2026-05-29T01:45:30.714+0200] {processor.py:179} INFO - Processing /home/frederic/airflow_venv/lib/python3.10/site-packages/airflow/example_dags/example_sensor_decorator.py took 0.063 seconds
[2026-05-29T01:46:24.791+0200] {processor.py:157} INFO - Started process (PID=608609) to work on /home/frederic/airflow_venv/lib/python3.10/site-packages/airflow/example_dags/example_sensor_decorator.py
[2026-05-29T01:46:24.794+0200] {processor.py:829} INFO - Processing file /home/frederic/airflow_venv/lib/python3.10/site-packages/airflow/example_dags/example_sensor_decorator.py for tasks to queue
[2026-05-29T01:46:24.795+0200] {logging_mixin.py:151} INFO - [2026-05-29T01:46:24.795+0200] {dagbag.py:539} INFO - Filling up the DagBag from /home/frederic/airflow_venv/lib/python3.10/site-packages/airflow/example_dags/example_sensor_decorator.py
[2026-05-29T01:46:24.800+0200] {processor.py:839} INFO - DAG(s) dict_keys(['example_sensor_decorator']) retrieved from /home/frederic/airflow_venv/lib/python3.10/site-packages/airflow/example_dags/example_sensor_decorator.py
[2026-05-29T01:46:24.812+0200] {logging_mixin.py:151} INFO - [2026-05-29T01:46:24.812+0200] {dag.py:2915} INFO - Sync 1 DAGs
[2026-05-29T01:46:24.820+0200] {logging_mixin.py:151} INFO - [2026-05-29T01:46:24.820+0200] {dag.py:3696} INFO - Setting next_dagrun for example_sensor_decorator to None, run_after=None
[2026-05-29T01:46:24.835+0200] {processor.py:179} INFO - Processing /home/frederic/airflow_venv/lib/python3.10/site-packages/airflow/example_dags/example_sensor_decorator.py took 0.047 seconds
[2026-05-29T01:47:08.497+0200] {processor.py:157} INFO - Started process (PID=609748) to work on /home/frederic/airflow_venv/lib/python3.10/site-packages/airflow/example_dags/example_sensor_decorator.py
[2026-05-29T01:47:08.500+0200] {processor.py:829} INFO - Processing file /home/frederic/airflow_venv/lib/python3.10/site-packages/airflow/example_dags/example_sensor_decorator.py for tasks to queue
[2026-05-29T01:47:08.501+0200] {logging_mixin.py:151} INFO - [2026-05-29T01:47:08.500+0200] {dagbag.py:539} INFO - Filling up the DagBag from /home/frederic/airflow_venv/lib/python3.10/site-packages/airflow/example_dags/example_sensor_decorator.py
[2026-05-29T01:47:08.505+0200] {processor.py:839} INFO - DAG(s) dict_keys(['example_sensor_decorator']) retrieved from /home/frederic/airflow_venv/lib/python3.10/site-packages/airflow/example_dags/example_sensor_decorator.py
[2026-05-29T01:47:08.517+0200] {logging_mixin.py:151} INFO - [2026-05-29T01:47:08.517+0200] {dag.py:2915} INFO - Sync 1 DAGs
[2026-05-29T01:47:08.526+0200] {logging_mixin.py:151} INFO - [2026-05-29T01:47:08.526+0200] {dag.py:3696} INFO - Setting next_dagrun for example_sensor_decorator to None, run_after=None
[2026-05-29T01:47:08.540+0200] {processor.py:179} INFO - Processing /home/frederic/airflow_venv/lib/python3.10/site-packages/airflow/example_dags/example_sensor_decorator.py took 0.046 seconds
[2026-05-29T01:47:51.741+0200] {processor.py:157} INFO - Started process (PID=611042) to work on /home/frederic/airflow_venv/lib/python3.10/site-packages/airflow/example_dags/example_sensor_decorator.py
[2026-05-29T01:47:51.742+0200] {processor.py:829} INFO - Processing file /home/frederic/airflow_venv/lib/python3.10/site-packages/airflow/example_dags/example_sensor_decorator.py for tasks to queue
[2026-05-29T01:47:51.743+0200] {logging_mixin.py:151} INFO - [2026-05-29T01:47:51.742+0200] {dagbag.py:539} INFO - Filling up the DagBag from /home/frederic/airflow_venv/lib/python3.10/site-packages/airflow/example_dags/example_sensor_decorator.py
[2026-05-29T01:47:51.749+0200] {processor.py:839} INFO - DAG(s) dict_keys(['example_sensor_decorator']) retrieved from /home/frederic/airflow_venv/lib/python3.10/site-packages/airflow/example_dags/example_sensor_decorator.py
[2026-05-29T01:47:51.760+0200] {logging_mixin.py:151} INFO - [2026-05-29T01:47:51.760+0200] {dag.py:2915} INFO - Sync 1 DAGs
[2026-05-29T01:47:51.769+0200] {logging_mixin.py:151} INFO - [2026-05-29T01:47:51.769+0200] {dag.py:3696} INFO - Setting next_dagrun for example_sensor_decorator to None, run_after=None
[2026-05-29T01:47:51.787+0200] {processor.py:179} INFO - Processing /home/frederic/airflow_venv/lib/python3.10/site-packages/airflow/example_dags/example_sensor_decorator.py took 0.049 seconds
[2026-05-29T01:48:39.247+0200] {processor.py:157} INFO - Started process (PID=612440) to work on /home/frederic/airflow_venv/lib/python3.10/site-packages/airflow/example_dags/example_sensor_decorator.py
[2026-05-29T01:48:39.251+0200] {processor.py:829} INFO - Processing file /home/frederic/airflow_venv/lib/python3.10/site-packages/airflow/example_dags/example_sensor_decorator.py for tasks to queue
[2026-05-29T01:48:39.252+0200] {logging_mixin.py:151} INFO - [2026-05-29T01:48:39.251+0200] {dagbag.py:539} INFO - Filling up the DagBag from /home/frederic/airflow_venv/lib/python3.10/site-packages/airflow/example_dags/example_sensor_decorator.py
[2026-05-29T01:48:39.257+0200] {processor.py:839} INFO - DAG(s) dict_keys(['example_sensor_decorator']) retrieved from /home/frederic/airflow_venv/lib/python3.10/site-packages/airflow/example_dags/example_sensor_decorator.py
[2026-05-29T01:48:39.273+0200] {logging_mixin.py:151} INFO - [2026-05-29T01:48:39.273+0200] {dag.py:2915} INFO - Sync 1 DAGs
[2026-05-29T01:48:39.287+0200] {logging_mixin.py:151} INFO - [2026-05-29T01:48:39.287+0200] {dag.py:3696} INFO - Setting next_dagrun for example_sensor_decorator to None, run_after=None
[2026-05-29T01:48:39.308+0200] {processor.py:179} INFO - Processing /home/frederic/airflow_venv/lib/python3.10/site-packages/airflow/example_dags/example_sensor_decorator.py took 0.064 seconds
[2026-05-29T01:49:24.490+0200] {processor.py:157} INFO - Started process (PID=613582) to work on /home/frederic/airflow_venv/lib/python3.10/site-packages/airflow/example_dags/example_sensor_decorator.py
[2026-05-29T01:49:24.493+0200] {processor.py:829} INFO - Processing file /home/frederic/airflow_venv/lib/python3.10/site-packages/airflow/example_dags/example_sensor_decorator.py for tasks to queue
[2026-05-29T01:49:24.494+0200] {logging_mixin.py:151} INFO - [2026-05-29T01:49:24.494+0200] {dagbag.py:539} INFO - Filling up the DagBag from /home/frederic/airflow_venv/lib/python3.10/site-packages/airflow/example_dags/example_sensor_decorator.py
[2026-05-29T01:49:24.498+0200] {processor.py:839} INFO - DAG(s) dict_keys(['example_sensor_decorator']) retrieved from /home/frederic/airflow_venv/lib/python3.10/site-packages/airflow/example_dags/example_sensor_decorator.py
[2026-05-29T01:49:24.510+0200] {logging_mixin.py:151} INFO - [2026-05-29T01:49:24.510+0200] {dag.py:2915} INFO - Sync 1 DAGs
[2026-05-29T01:49:24.519+0200] {logging_mixin.py:151} INFO - [2026-05-29T01:49:24.519+0200] {dag.py:3696} INFO - Setting next_dagrun for example_sensor_decorator to None, run_after=None
[2026-05-29T01:49:24.534+0200] {processor.py:179} INFO - Processing /home/frederic/airflow_venv/lib/python3.10/site-packages/airflow/example_dags/example_sensor_decorator.py took 0.047 seconds
[2026-05-29T01:50:06.903+0200] {processor.py:157} INFO - Started process (PID=614691) to work on /home/frederic/airflow_venv/lib/python3.10/site-packages/airflow/example_dags/example_sensor_decorator.py
[2026-05-29T01:50:06.905+0200] {processor.py:829} INFO - Processing file /home/frederic/airflow_venv/lib/python3.10/site-packages/airflow/example_dags/example_sensor_decorator.py for tasks to queue
[2026-05-29T01:50:06.906+0200] {logging_mixin.py:151} INFO - [2026-05-29T01:50:06.905+0200] {dagbag.py:539} INFO - Filling up the DagBag from /home/frederic/airflow_venv/lib/python3.10/site-packages/airflow/example_dags/example_sensor_decorator.py
[2026-05-29T01:50:06.911+0200] {processor.py:839} INFO - DAG(s) dict_keys(['example_sensor_decorator']) retrieved from /home/frederic/airflow_venv/lib/python3.10/site-packages/airflow/example_dags/example_sensor_decorator.py
[2026-05-29T01:50:06.925+0200] {logging_mixin.py:151} INFO - [2026-05-29T01:50:06.925+0200] {dag.py:2915} INFO - Sync 1 DAGs
[2026-05-29T01:50:06.939+0200] {logging_mixin.py:151} INFO - [2026-05-29T01:50:06.939+0200] {dag.py:3696} INFO - Setting next_dagrun for example_sensor_decorator to None, run_after=None
[2026-05-29T01:50:06.958+0200] {processor.py:179} INFO - Processing /home/frederic/airflow_venv/lib/python3.10/site-packages/airflow/example_dags/example_sensor_decorator.py took 0.057 seconds
[2026-05-29T01:50:46.315+0200] {processor.py:157} INFO - Started process (PID=616031) to work on /home/frederic/airflow_venv/lib/python3.10/site-packages/airflow/example_dags/example_sensor_decorator.py
[2026-05-29T01:50:46.318+0200] {processor.py:829} INFO - Processing file /home/frederic/airflow_venv/lib/python3.10/site-packages/airflow/example_dags/example_sensor_decorator.py for tasks to queue
[2026-05-29T01:50:46.319+0200] {logging_mixin.py:151} INFO - [2026-05-29T01:50:46.318+0200] {dagbag.py:539} INFO - Filling up the DagBag from /home/frederic/airflow_venv/lib/python3.10/site-packages/airflow/example_dags/example_sensor_decorator.py
[2026-05-29T01:50:46.324+0200] {processor.py:839} INFO - DAG(s) dict_keys(['example_sensor_decorator']) retrieved from /home/frederic/airflow_venv/lib/python3.10/site-packages/airflow/example_dags/example_sensor_decorator.py
[2026-05-29T01:50:46.336+0200] {logging_mixin.py:151} INFO - [2026-05-29T01:50:46.336+0200] {dag.py:2915} INFO - Sync 1 DAGs
[2026-05-29T01:50:46.345+0200] {logging_mixin.py:151} INFO - [2026-05-29T01:50:46.345+0200] {dag.py:3696} INFO - Setting next_dagrun for example_sensor_decorator to None, run_after=None
[2026-05-29T01:50:46.359+0200] {processor.py:179} INFO - Processing /home/frederic/airflow_venv/lib/python3.10/site-packages/airflow/example_dags/example_sensor_decorator.py took 0.047 seconds
[2026-05-29T01:51:29.019+0200] {processor.py:157} INFO - Started process (PID=617020) to work on /home/frederic/airflow_venv/lib/python3.10/site-packages/airflow/example_dags/example_sensor_decorator.py
[2026-05-29T01:51:29.023+0200] {processor.py:829} INFO - Processing file /home/frederic/airflow_venv/lib/python3.10/site-packages/airflow/example_dags/example_sensor_decorator.py for tasks to queue
[2026-05-29T01:51:29.024+0200] {logging_mixin.py:151} INFO - [2026-05-29T01:51:29.023+0200] {dagbag.py:539} INFO - Filling up the DagBag from /home/frederic/airflow_venv/lib/python3.10/site-packages/airflow/example_dags/example_sensor_decorator.py
[2026-05-29T01:51:29.029+0200] {processor.py:839} INFO - DAG(s) dict_keys(['example_sensor_decorator']) retrieved from /home/frederic/airflow_venv/lib/python3.10/site-packages/airflow/example_dags/example_sensor_decorator.py
[2026-05-29T01:51:29.042+0200] {logging_mixin.py:151} INFO - [2026-05-29T01:51:29.042+0200] {dag.py:2915} INFO - Sync 1 DAGs
[2026-05-29T01:51:29.052+0200] {logging_mixin.py:151} INFO - [2026-05-29T01:51:29.052+0200] {dag.py:3696} INFO - Setting next_dagrun for example_sensor_decorator to None, run_after=None
[2026-05-29T01:51:29.067+0200] {processor.py:179} INFO - Processing /home/frederic/airflow_venv/lib/python3.10/site-packages/airflow/example_dags/example_sensor_decorator.py took 0.050 seconds
[2026-05-29T01:52:19.881+0200] {processor.py:157} INFO - Started process (PID=618376) to work on /home/frederic/airflow_venv/lib/python3.10/site-packages/airflow/example_dags/example_sensor_decorator.py
[2026-05-29T01:52:19.885+0200] {processor.py:829} INFO - Processing file /home/frederic/airflow_venv/lib/python3.10/site-packages/airflow/example_dags/example_sensor_decorator.py for tasks to queue
[2026-05-29T01:52:19.886+0200] {logging_mixin.py:151} INFO - [2026-05-29T01:52:19.885+0200] {dagbag.py:539} INFO - Filling up the DagBag from /home/frederic/airflow_venv/lib/python3.10/site-packages/airflow/example_dags/example_sensor_decorator.py
[2026-05-29T01:52:19.891+0200] {processor.py:839} INFO - DAG(s) dict_keys(['example_sensor_decorator']) retrieved from /home/frederic/airflow_venv/lib/python3.10/site-packages/airflow/example_dags/example_sensor_decorator.py
[2026-05-29T01:52:19.904+0200] {logging_mixin.py:151} INFO - [2026-05-29T01:52:19.904+0200] {dag.py:2915} INFO - Sync 1 DAGs
[2026-05-29T01:52:19.913+0200] {logging_mixin.py:151} INFO - [2026-05-29T01:52:19.913+0200] {dag.py:3696} INFO - Setting next_dagrun for example_sensor_decorator to None, run_after=None
[2026-05-29T01:52:19.928+0200] {processor.py:179} INFO - Processing /home/frederic/airflow_venv/lib/python3.10/site-packages/airflow/example_dags/example_sensor_decorator.py took 0.049 seconds
[2026-05-29T01:53:07.032+0200] {processor.py:157} INFO - Started process (PID=619894) to work on /home/frederic/airflow_venv/lib/python3.10/site-packages/airflow/example_dags/example_sensor_decorator.py
[2026-05-29T01:53:07.036+0200] {processor.py:829} INFO - Processing file /home/frederic/airflow_venv/lib/python3.10/site-packages/airflow/example_dags/example_sensor_decorator.py for tasks to queue
[2026-05-29T01:53:07.036+0200] {logging_mixin.py:151} INFO - [2026-05-29T01:53:07.036+0200] {dagbag.py:539} INFO - Filling up the DagBag from /home/frederic/airflow_venv/lib/python3.10/site-packages/airflow/example_dags/example_sensor_decorator.py
[2026-05-29T01:53:07.041+0200] {processor.py:839} INFO - DAG(s) dict_keys(['example_sensor_decorator']) retrieved from /home/frederic/airflow_venv/lib/python3.10/site-packages/airflow/example_dags/example_sensor_decorator.py
[2026-05-29T01:53:07.054+0200] {logging_mixin.py:151} INFO - [2026-05-29T01:53:07.054+0200] {dag.py:2915} INFO - Sync 1 DAGs
[2026-05-29T01:53:07.064+0200] {logging_mixin.py:151} INFO - [2026-05-29T01:53:07.064+0200] {dag.py:3696} INFO - Setting next_dagrun for example_sensor_decorator to None, run_after=None
[2026-05-29T01:53:07.081+0200] {processor.py:179} INFO - Processing /home/frederic/airflow_venv/lib/python3.10/site-packages/airflow/example_dags/example_sensor_decorator.py took 0.052 seconds
[2026-05-29T01:53:52.136+0200] {processor.py:157} INFO - Started process (PID=621168) to work on /home/frederic/airflow_venv/lib/python3.10/site-packages/airflow/example_dags/example_sensor_decorator.py
[2026-05-29T01:53:52.137+0200] {processor.py:829} INFO - Processing file /home/frederic/airflow_venv/lib/python3.10/site-packages/airflow/example_dags/example_sensor_decorator.py for tasks to queue
[2026-05-29T01:53:52.137+0200] {logging_mixin.py:151} INFO - [2026-05-29T01:53:52.137+0200] {dagbag.py:539} INFO - Filling up the DagBag from /home/frederic/airflow_venv/lib/python3.10/site-packages/airflow/example_dags/example_sensor_decorator.py
[2026-05-29T01:53:52.143+0200] {processor.py:839} INFO - DAG(s) dict_keys(['example_sensor_decorator']) retrieved from /home/frederic/airflow_venv/lib/python3.10/site-packages/airflow/example_dags/example_sensor_decorator.py
[2026-05-29T01:53:52.160+0200] {logging_mixin.py:151} INFO - [2026-05-29T01:53:52.159+0200] {dag.py:2915} INFO - Sync 1 DAGs
[2026-05-29T01:53:52.170+0200] {logging_mixin.py:151} INFO - [2026-05-29T01:53:52.170+0200] {dag.py:3696} INFO - Setting next_dagrun for example_sensor_decorator to None, run_after=None
[2026-05-29T01:53:52.189+0200] {processor.py:179} INFO - Processing /home/frederic/airflow_venv/lib/python3.10/site-packages/airflow/example_dags/example_sensor_decorator.py took 0.057 seconds
[2026-05-29T01:54:39.837+0200] {processor.py:157} INFO - Started process (PID=622683) to work on /home/frederic/airflow_venv/lib/python3.10/site-packages/airflow/example_dags/example_sensor_decorator.py
[2026-05-29T01:54:39.840+0200] {processor.py:829} INFO - Processing file /home/frederic/airflow_venv/lib/python3.10/site-packages/airflow/example_dags/example_sensor_decorator.py for tasks to queue
[2026-05-29T01:54:39.841+0200] {logging_mixin.py:151} INFO - [2026-05-29T01:54:39.841+0200] {dagbag.py:539} INFO - Filling up the DagBag from /home/frederic/airflow_venv/lib/python3.10/site-packages/airflow/example_dags/example_sensor_decorator.py
[2026-05-29T01:54:39.852+0200] {processor.py:839} INFO - DAG(s) dict_keys(['example_sensor_decorator']) retrieved from /home/frederic/airflow_venv/lib/python3.10/site-packages/airflow/example_dags/example_sensor_decorator.py
[2026-05-29T01:54:39.870+0200] {logging_mixin.py:151} INFO - [2026-05-29T01:54:39.870+0200] {dag.py:2915} INFO - Sync 1 DAGs
[2026-05-29T01:54:39.883+0200] {logging_mixin.py:151} INFO - [2026-05-29T01:54:39.883+0200] {dag.py:3696} INFO - Setting next_dagrun for example_sensor_decorator to None, run_after=None
[2026-05-29T01:54:39.904+0200] {processor.py:179} INFO - Processing /home/frederic/airflow_venv/lib/python3.10/site-packages/airflow/example_dags/example_sensor_decorator.py took 0.071 seconds
[2026-05-29T01:55:24.801+0200] {processor.py:157} INFO - Started process (PID=624263) to work on /home/frederic/airflow_venv/lib/python3.10/site-packages/airflow/example_dags/example_sensor_decorator.py
[2026-05-29T01:55:24.802+0200] {processor.py:829} INFO - Processing file /home/frederic/airflow_venv/lib/python3.10/site-packages/airflow/example_dags/example_sensor_decorator.py for tasks to queue
[2026-05-29T01:55:24.802+0200] {logging_mixin.py:151} INFO - [2026-05-29T01:55:24.802+0200] {dagbag.py:539} INFO - Filling up the DagBag from /home/frederic/airflow_venv/lib/python3.10/site-packages/airflow/example_dags/example_sensor_decorator.py
[2026-05-29T01:55:24.810+0200] {processor.py:839} INFO - DAG(s) dict_keys(['example_sensor_decorator']) retrieved from /home/frederic/airflow_venv/lib/python3.10/site-packages/airflow/example_dags/example_sensor_decorator.py
[2026-05-29T01:55:24.817+0200] {logging_mixin.py:151} INFO - [2026-05-29T01:55:24.817+0200] {dag.py:2915} INFO - Sync 1 DAGs
[2026-05-29T01:55:24.830+0200] {logging_mixin.py:151} INFO - [2026-05-29T01:55:24.830+0200] {dag.py:3696} INFO - Setting next_dagrun for example_sensor_decorator to None, run_after=None
[2026-05-29T01:55:24.852+0200] {processor.py:179} INFO - Processing /home/frederic/airflow_venv/lib/python3.10/site-packages/airflow/example_dags/example_sensor_decorator.py took 0.054 seconds
[2026-05-29T01:55:41.543+0200] {processor.py:157} INFO - Started process (PID=624796) to work on /home/frederic/airflow_venv/lib/python3.10/site-packages/airflow/example_dags/example_sensor_decorator.py
[2026-05-29T01:55:41.544+0200] {processor.py:829} INFO - Processing file /home/frederic/airflow_venv/lib/python3.10/site-packages/airflow/example_dags/example_sensor_decorator.py for tasks to queue
[2026-05-29T01:55:41.545+0200] {logging_mixin.py:151} INFO - [2026-05-29T01:55:41.544+0200] {dagbag.py:539} INFO - Filling up the DagBag from /home/frederic/airflow_venv/lib/python3.10/site-packages/airflow/example_dags/example_sensor_decorator.py
[2026-05-29T01:55:41.550+0200] {processor.py:839} INFO - DAG(s) dict_keys(['example_sensor_decorator']) retrieved from /home/frederic/airflow_venv/lib/python3.10/site-packages/airflow/example_dags/example_sensor_decorator.py
[2026-05-29T01:55:41.562+0200] {logging_mixin.py:151} INFO - [2026-05-29T01:55:41.561+0200] {dag.py:2915} INFO - Sync 1 DAGs
[2026-05-29T01:55:41.581+0200] {logging_mixin.py:151} INFO - [2026-05-29T01:55:41.580+0200] {dag.py:3696} INFO - Setting next_dagrun for example_sensor_decorator to None, run_after=None
[2026-05-29T01:55:41.607+0200] {processor.py:179} INFO - Processing /home/frederic/airflow_venv/lib/python3.10/site-packages/airflow/example_dags/example_sensor_decorator.py took 0.068 seconds
[2026-05-29T01:56:22.414+0200] {processor.py:157} INFO - Started process (PID=626132) to work on /home/frederic/airflow_venv/lib/python3.10/site-packages/airflow/example_dags/example_sensor_decorator.py
[2026-05-29T01:56:22.415+0200] {processor.py:829} INFO - Processing file /home/frederic/airflow_venv/lib/python3.10/site-packages/airflow/example_dags/example_sensor_decorator.py for tasks to queue
[2026-05-29T01:56:22.416+0200] {logging_mixin.py:151} INFO - [2026-05-29T01:56:22.415+0200] {dagbag.py:539} INFO - Filling up the DagBag from /home/frederic/airflow_venv/lib/python3.10/site-packages/airflow/example_dags/example_sensor_decorator.py
[2026-05-29T01:56:22.421+0200] {processor.py:839} INFO - DAG(s) dict_keys(['example_sensor_decorator']) retrieved from /home/frederic/airflow_venv/lib/python3.10/site-packages/airflow/example_dags/example_sensor_decorator.py
[2026-05-29T01:56:22.434+0200] {logging_mixin.py:151} INFO - [2026-05-29T01:56:22.434+0200] {dag.py:2915} INFO - Sync 1 DAGs
[2026-05-29T01:56:22.444+0200] {logging_mixin.py:151} INFO - [2026-05-29T01:56:22.444+0200] {dag.py:3696} INFO - Setting next_dagrun for example_sensor_decorator to None, run_after=None
[2026-05-29T01:56:22.459+0200] {processor.py:179} INFO - Processing /home/frederic/airflow_venv/lib/python3.10/site-packages/airflow/example_dags/example_sensor_decorator.py took 0.048 seconds
[2026-05-29T01:56:34.221+0200] {processor.py:157} INFO - Started process (PID=626444) to work on /home/frederic/airflow_venv/lib/python3.10/site-packages/airflow/example_dags/example_sensor_decorator.py
[2026-05-29T01:56:34.222+0200] {processor.py:829} INFO - Processing file /home/frederic/airflow_venv/lib/python3.10/site-packages/airflow/example_dags/example_sensor_decorator.py for tasks to queue
[2026-05-29T01:56:34.223+0200] {logging_mixin.py:151} INFO - [2026-05-29T01:56:34.222+0200] {dagbag.py:539} INFO - Filling up the DagBag from /home/frederic/airflow_venv/lib/python3.10/site-packages/airflow/example_dags/example_sensor_decorator.py
[2026-05-29T01:56:34.227+0200] {processor.py:839} INFO - DAG(s) dict_keys(['example_sensor_decorator']) retrieved from /home/frederic/airflow_venv/lib/python3.10/site-packages/airflow/example_dags/example_sensor_decorator.py
[2026-05-29T01:56:34.239+0200] {logging_mixin.py:151} INFO - [2026-05-29T01:56:34.239+0200] {dag.py:2915} INFO - Sync 1 DAGs
[2026-05-29T01:56:34.248+0200] {logging_mixin.py:151} INFO - [2026-05-29T01:56:34.248+0200] {dag.py:3696} INFO - Setting next_dagrun for example_sensor_decorator to None, run_after=None
[2026-05-29T01:56:34.264+0200] {processor.py:179} INFO - Processing /home/frederic/airflow_venv/lib/python3.10/site-packages/airflow/example_dags/example_sensor_decorator.py took 0.044 seconds
[2026-05-29T01:57:06.466+0200] {processor.py:157} INFO - Started process (PID=627442) to work on /home/frederic/airflow_venv/lib/python3.10/site-packages/airflow/example_dags/example_sensor_decorator.py
[2026-05-29T01:57:06.467+0200] {processor.py:829} INFO - Processing file /home/frederic/airflow_venv/lib/python3.10/site-packages/airflow/example_dags/example_sensor_decorator.py for tasks to queue
[2026-05-29T01:57:06.467+0200] {logging_mixin.py:151} INFO - [2026-05-29T01:57:06.467+0200] {dagbag.py:539} INFO - Filling up the DagBag from /home/frederic/airflow_venv/lib/python3.10/site-packages/airflow/example_dags/example_sensor_decorator.py
[2026-05-29T01:57:06.473+0200] {processor.py:839} INFO - DAG(s) dict_keys(['example_sensor_decorator']) retrieved from /home/frederic/airflow_venv/lib/python3.10/site-packages/airflow/example_dags/example_sensor_decorator.py
[2026-05-29T01:57:06.486+0200] {logging_mixin.py:151} INFO - [2026-05-29T01:57:06.486+0200] {dag.py:2915} INFO - Sync 1 DAGs
[2026-05-29T01:57:06.496+0200] {logging_mixin.py:151} INFO - [2026-05-29T01:57:06.496+0200] {dag.py:3696} INFO - Setting next_dagrun for example_sensor_decorator to None, run_after=None
[2026-05-29T01:57:06.512+0200] {processor.py:179} INFO - Processing /home/frederic/airflow_venv/lib/python3.10/site-packages/airflow/example_dags/example_sensor_decorator.py took 0.049 seconds
[2026-05-29T01:57:19.925+0200] {processor.py:157} INFO - Started process (PID=627815) to work on /home/frederic/airflow_venv/lib/python3.10/site-packages/airflow/example_dags/example_sensor_decorator.py
[2026-05-29T01:57:19.926+0200] {processor.py:829} INFO - Processing file /home/frederic/airflow_venv/lib/python3.10/site-packages/airflow/example_dags/example_sensor_decorator.py for tasks to queue
[2026-05-29T01:57:19.927+0200] {logging_mixin.py:151} INFO - [2026-05-29T01:57:19.927+0200] {dagbag.py:539} INFO - Filling up the DagBag from /home/frederic/airflow_venv/lib/python3.10/site-packages/airflow/example_dags/example_sensor_decorator.py
[2026-05-29T01:57:19.933+0200] {processor.py:839} INFO - DAG(s) dict_keys(['example_sensor_decorator']) retrieved from /home/frederic/airflow_venv/lib/python3.10/site-packages/airflow/example_dags/example_sensor_decorator.py
[2026-05-29T01:57:19.948+0200] {logging_mixin.py:151} INFO - [2026-05-29T01:57:19.948+0200] {dag.py:2915} INFO - Sync 1 DAGs
[2026-05-29T01:57:19.961+0200] {logging_mixin.py:151} INFO - [2026-05-29T01:57:19.961+0200] {dag.py:3696} INFO - Setting next_dagrun for example_sensor_decorator to None, run_after=None
[2026-05-29T01:57:19.979+0200] {processor.py:179} INFO - Processing /home/frederic/airflow_venv/lib/python3.10/site-packages/airflow/example_dags/example_sensor_decorator.py took 0.057 seconds
[2026-05-29T01:57:52.965+0200] {processor.py:157} INFO - Started process (PID=629215) to work on /home/frederic/airflow_venv/lib/python3.10/site-packages/airflow/example_dags/example_sensor_decorator.py
[2026-05-29T01:57:52.966+0200] {processor.py:829} INFO - Processing file /home/frederic/airflow_venv/lib/python3.10/site-packages/airflow/example_dags/example_sensor_decorator.py for tasks to queue
[2026-05-29T01:57:52.967+0200] {logging_mixin.py:151} INFO - [2026-05-29T01:57:52.966+0200] {dagbag.py:539} INFO - Filling up the DagBag from /home/frederic/airflow_venv/lib/python3.10/site-packages/airflow/example_dags/example_sensor_decorator.py
[2026-05-29T01:57:52.977+0200] {processor.py:839} INFO - DAG(s) dict_keys(['example_sensor_decorator']) retrieved from /home/frederic/airflow_venv/lib/python3.10/site-packages/airflow/example_dags/example_sensor_decorator.py
[2026-05-29T01:57:53.000+0200] {logging_mixin.py:151} INFO - [2026-05-29T01:57:52.999+0200] {dag.py:2915} INFO - Sync 1 DAGs
[2026-05-29T01:57:53.018+0200] {logging_mixin.py:151} INFO - [2026-05-29T01:57:53.018+0200] {dag.py:3696} INFO - Setting next_dagrun for example_sensor_decorator to None, run_after=None
[2026-05-29T01:57:53.045+0200] {processor.py:179} INFO - Processing /home/frederic/airflow_venv/lib/python3.10/site-packages/airflow/example_dags/example_sensor_decorator.py took 0.083 seconds
[2026-05-29T01:58:09.925+0200] {processor.py:157} INFO - Started process (PID=629658) to work on /home/frederic/airflow_venv/lib/python3.10/site-packages/airflow/example_dags/example_sensor_decorator.py
[2026-05-29T01:58:09.926+0200] {processor.py:829} INFO - Processing file /home/frederic/airflow_venv/lib/python3.10/site-packages/airflow/example_dags/example_sensor_decorator.py for tasks to queue
[2026-05-29T01:58:09.927+0200] {logging_mixin.py:151} INFO - [2026-05-29T01:58:09.927+0200] {dagbag.py:539} INFO - Filling up the DagBag from /home/frederic/airflow_venv/lib/python3.10/site-packages/airflow/example_dags/example_sensor_decorator.py
[2026-05-29T01:58:09.933+0200] {processor.py:839} INFO - DAG(s) dict_keys(['example_sensor_decorator']) retrieved from /home/frederic/airflow_venv/lib/python3.10/site-packages/airflow/example_dags/example_sensor_decorator.py
[2026-05-29T01:58:09.947+0200] {logging_mixin.py:151} INFO - [2026-05-29T01:58:09.947+0200] {dag.py:2915} INFO - Sync 1 DAGs
[2026-05-29T01:58:09.959+0200] {logging_mixin.py:151} INFO - [2026-05-29T01:58:09.959+0200] {dag.py:3696} INFO - Setting next_dagrun for example_sensor_decorator to None, run_after=None
[2026-05-29T01:58:09.973+0200] {processor.py:179} INFO - Processing /home/frederic/airflow_venv/lib/python3.10/site-packages/airflow/example_dags/example_sensor_decorator.py took 0.051 seconds
[2026-05-29T01:58:43.427+0200] {processor.py:157} INFO - Started process (PID=631000) to work on /home/frederic/airflow_venv/lib/python3.10/site-packages/airflow/example_dags/example_sensor_decorator.py
[2026-05-29T01:58:43.428+0200] {processor.py:829} INFO - Processing file /home/frederic/airflow_venv/lib/python3.10/site-packages/airflow/example_dags/example_sensor_decorator.py for tasks to queue
[2026-05-29T01:58:43.429+0200] {logging_mixin.py:151} INFO - [2026-05-29T01:58:43.429+0200] {dagbag.py:539} INFO - Filling up the DagBag from /home/frederic/airflow_venv/lib/python3.10/site-packages/airflow/example_dags/example_sensor_decorator.py
[2026-05-29T01:58:43.435+0200] {processor.py:839} INFO - DAG(s) dict_keys(['example_sensor_decorator']) retrieved from /home/frederic/airflow_venv/lib/python3.10/site-packages/airflow/example_dags/example_sensor_decorator.py
[2026-05-29T01:58:43.450+0200] {logging_mixin.py:151} INFO - [2026-05-29T01:58:43.450+0200] {dag.py:2915} INFO - Sync 1 DAGs
[2026-05-29T01:58:43.461+0200] {logging_mixin.py:151} INFO - [2026-05-29T01:58:43.461+0200] {dag.py:3696} INFO - Setting next_dagrun for example_sensor_decorator to None, run_after=None
[2026-05-29T01:58:43.477+0200] {processor.py:179} INFO - Processing /home/frederic/airflow_venv/lib/python3.10/site-packages/airflow/example_dags/example_sensor_decorator.py took 0.053 seconds
[2026-05-29T01:59:06.053+0200] {processor.py:157} INFO - Started process (PID=631645) to work on /home/frederic/airflow_venv/lib/python3.10/site-packages/airflow/example_dags/example_sensor_decorator.py
[2026-05-29T01:59:06.054+0200] {processor.py:829} INFO - Processing file /home/frederic/airflow_venv/lib/python3.10/site-packages/airflow/example_dags/example_sensor_decorator.py for tasks to queue
[2026-05-29T01:59:06.055+0200] {logging_mixin.py:151} INFO - [2026-05-29T01:59:06.055+0200] {dagbag.py:539} INFO - Filling up the DagBag from /home/frederic/airflow_venv/lib/python3.10/site-packages/airflow/example_dags/example_sensor_decorator.py
[2026-05-29T01:59:06.063+0200] {processor.py:839} INFO - DAG(s) dict_keys(['example_sensor_decorator']) retrieved from /home/frederic/airflow_venv/lib/python3.10/site-packages/airflow/example_dags/example_sensor_decorator.py
[2026-05-29T01:59:06.080+0200] {logging_mixin.py:151} INFO - [2026-05-29T01:59:06.079+0200] {dag.py:2915} INFO - Sync 1 DAGs
[2026-05-29T01:59:06.092+0200] {logging_mixin.py:151} INFO - [2026-05-29T01:59:06.092+0200] {dag.py:3696} INFO - Setting next_dagrun for example_sensor_decorator to None, run_after=None
[2026-05-29T01:59:06.120+0200] {processor.py:179} INFO - Processing /home/frederic/airflow_venv/lib/python3.10/site-packages/airflow/example_dags/example_sensor_decorator.py took 0.070 seconds
[2026-05-29T01:59:34.352+0200] {processor.py:157} INFO - Started process (PID=632438) to work on /home/frederic/airflow_venv/lib/python3.10/site-packages/airflow/example_dags/example_sensor_decorator.py
[2026-05-29T01:59:34.353+0200] {processor.py:829} INFO - Processing file /home/frederic/airflow_venv/lib/python3.10/site-packages/airflow/example_dags/example_sensor_decorator.py for tasks to queue
[2026-05-29T01:59:34.354+0200] {logging_mixin.py:151} INFO - [2026-05-29T01:59:34.353+0200] {dagbag.py:539} INFO - Filling up the DagBag from /home/frederic/airflow_venv/lib/python3.10/site-packages/airflow/example_dags/example_sensor_decorator.py
[2026-05-29T01:59:34.362+0200] {processor.py:839} INFO - DAG(s) dict_keys(['example_sensor_decorator']) retrieved from /home/frederic/airflow_venv/lib/python3.10/site-packages/airflow/example_dags/example_sensor_decorator.py
[2026-05-29T01:59:34.376+0200] {logging_mixin.py:151} INFO - [2026-05-29T01:59:34.376+0200] {dag.py:2915} INFO - Sync 1 DAGs
[2026-05-29T01:59:34.387+0200] {logging_mixin.py:151} INFO - [2026-05-29T01:59:34.387+0200] {dag.py:3696} INFO - Setting next_dagrun for example_sensor_decorator to None, run_after=None
[2026-05-29T01:59:34.405+0200] {processor.py:179} INFO - Processing /home/frederic/airflow_venv/lib/python3.10/site-packages/airflow/example_dags/example_sensor_decorator.py took 0.055 seconds
[2026-05-29T01:59:51.807+0200] {processor.py:157} INFO - Started process (PID=632898) to work on /home/frederic/airflow_venv/lib/python3.10/site-packages/airflow/example_dags/example_sensor_decorator.py
[2026-05-29T01:59:51.808+0200] {processor.py:829} INFO - Processing file /home/frederic/airflow_venv/lib/python3.10/site-packages/airflow/example_dags/example_sensor_decorator.py for tasks to queue
[2026-05-29T01:59:51.809+0200] {logging_mixin.py:151} INFO - [2026-05-29T01:59:51.808+0200] {dagbag.py:539} INFO - Filling up the DagBag from /home/frederic/airflow_venv/lib/python3.10/site-packages/airflow/example_dags/example_sensor_decorator.py
[2026-05-29T01:59:51.815+0200] {processor.py:839} INFO - DAG(s) dict_keys(['example_sensor_decorator']) retrieved from /home/frederic/airflow_venv/lib/python3.10/site-packages/airflow/example_dags/example_sensor_decorator.py
[2026-05-29T01:59:51.829+0200] {logging_mixin.py:151} INFO - [2026-05-29T01:59:51.828+0200] {dag.py:2915} INFO - Sync 1 DAGs
[2026-05-29T01:59:51.839+0200] {logging_mixin.py:151} INFO - [2026-05-29T01:59:51.839+0200] {dag.py:3696} INFO - Setting next_dagrun for example_sensor_decorator to None, run_after=None
[2026-05-29T01:59:51.856+0200] {processor.py:179} INFO - Processing /home/frederic/airflow_venv/lib/python3.10/site-packages/airflow/example_dags/example_sensor_decorator.py took 0.052 seconds
