[2026-05-29T01:37:04.829+0200] {processor.py:157} INFO - Started process (PID=594320) to work on /home/frederic/airflow_venv/lib/python3.10/site-packages/airflow/example_dags/example_latest_only_with_trigger.py
[2026-05-29T01:37:04.830+0200] {processor.py:829} INFO - Processing file /home/frederic/airflow_venv/lib/python3.10/site-packages/airflow/example_dags/example_latest_only_with_trigger.py for tasks to queue
[2026-05-29T01:37:04.831+0200] {logging_mixin.py:151} INFO - [2026-05-29T01:37:04.830+0200] {dagbag.py:539} INFO - Filling up the DagBag from /home/frederic/airflow_venv/lib/python3.10/site-packages/airflow/example_dags/example_latest_only_with_trigger.py
[2026-05-29T01:37:04.837+0200] {processor.py:839} INFO - DAG(s) dict_keys(['latest_only_with_trigger']) retrieved from /home/frederic/airflow_venv/lib/python3.10/site-packages/airflow/example_dags/example_latest_only_with_trigger.py
[2026-05-29T01:37:04.922+0200] {logging_mixin.py:151} INFO - [2026-05-29T01:37:04.922+0200] {manager.py:499} INFO - Created Permission View: %s
[2026-05-29T01:37:04.933+0200] {logging_mixin.py:151} INFO - [2026-05-29T01:37:04.933+0200] {manager.py:499} INFO - Created Permission View: %s
[2026-05-29T01:37:04.940+0200] {logging_mixin.py:151} INFO - [2026-05-29T01:37:04.939+0200] {manager.py:499} INFO - Created Permission View: %s
[2026-05-29T01:37:04.940+0200] {logging_mixin.py:151} INFO - [2026-05-29T01:37:04.940+0200] {security.py:708} INFO - Not syncing DAG-level permissions for DAG 'DAG:latest_only_with_trigger' as access control is unset.
[2026-05-29T01:37:04.940+0200] {logging_mixin.py:151} INFO - [2026-05-29T01:37:04.940+0200] {dag.py:2915} INFO - Sync 1 DAGs
[2026-05-29T01:37:04.951+0200] {logging_mixin.py:151} INFO - [2026-05-29T01:37:04.951+0200] {dag.py:2937} INFO - Creating ORM DAG for latest_only_with_trigger
[2026-05-29T01:37:04.959+0200] {logging_mixin.py:151} INFO - [2026-05-29T01:37:04.959+0200] {dag.py:3696} INFO - Setting next_dagrun for latest_only_with_trigger to 2026-05-28T19:37:04.959283+00:00, run_after=2026-05-28T23:37:04.959283+00:00
[2026-05-29T01:37:04.975+0200] {processor.py:179} INFO - Processing /home/frederic/airflow_venv/lib/python3.10/site-packages/airflow/example_dags/example_latest_only_with_trigger.py took 0.149 seconds
[2026-05-29T01:37:50.168+0200] {processor.py:157} INFO - Started process (PID=595249) to work on /home/frederic/airflow_venv/lib/python3.10/site-packages/airflow/example_dags/example_latest_only_with_trigger.py
[2026-05-29T01:37:50.171+0200] {processor.py:829} INFO - Processing file /home/frederic/airflow_venv/lib/python3.10/site-packages/airflow/example_dags/example_latest_only_with_trigger.py for tasks to queue
[2026-05-29T01:37:50.171+0200] {logging_mixin.py:151} INFO - [2026-05-29T01:37:50.171+0200] {dagbag.py:539} INFO - Filling up the DagBag from /home/frederic/airflow_venv/lib/python3.10/site-packages/airflow/example_dags/example_latest_only_with_trigger.py
[2026-05-29T01:37:50.177+0200] {processor.py:839} INFO - DAG(s) dict_keys(['latest_only_with_trigger']) retrieved from /home/frederic/airflow_venv/lib/python3.10/site-packages/airflow/example_dags/example_latest_only_with_trigger.py
[2026-05-29T01:37:50.189+0200] {logging_mixin.py:151} INFO - [2026-05-29T01:37:50.189+0200] {dag.py:2915} INFO - Sync 1 DAGs
[2026-05-29T01:37:50.204+0200] {logging_mixin.py:151} INFO - [2026-05-29T01:37:50.204+0200] {dag.py:3696} INFO - Setting next_dagrun for latest_only_with_trigger to 2026-05-28T19:37:50.204417+00:00, run_after=2026-05-28T23:37:50.204417+00:00
[2026-05-29T01:37:50.220+0200] {processor.py:179} INFO - Processing /home/frederic/airflow_venv/lib/python3.10/site-packages/airflow/example_dags/example_latest_only_with_trigger.py took 0.054 seconds
[2026-05-29T01:38:34.540+0200] {processor.py:157} INFO - Started process (PID=596088) to work on /home/frederic/airflow_venv/lib/python3.10/site-packages/airflow/example_dags/example_latest_only_with_trigger.py
[2026-05-29T01:38:34.542+0200] {processor.py:829} INFO - Processing file /home/frederic/airflow_venv/lib/python3.10/site-packages/airflow/example_dags/example_latest_only_with_trigger.py for tasks to queue
[2026-05-29T01:38:34.543+0200] {logging_mixin.py:151} INFO - [2026-05-29T01:38:34.542+0200] {dagbag.py:539} INFO - Filling up the DagBag from /home/frederic/airflow_venv/lib/python3.10/site-packages/airflow/example_dags/example_latest_only_with_trigger.py
[2026-05-29T01:38:34.550+0200] {processor.py:839} INFO - DAG(s) dict_keys(['latest_only_with_trigger']) retrieved from /home/frederic/airflow_venv/lib/python3.10/site-packages/airflow/example_dags/example_latest_only_with_trigger.py
[2026-05-29T01:38:34.566+0200] {logging_mixin.py:151} INFO - [2026-05-29T01:38:34.565+0200] {dag.py:2915} INFO - Sync 1 DAGs
[2026-05-29T01:38:34.585+0200] {logging_mixin.py:151} INFO - [2026-05-29T01:38:34.584+0200] {dag.py:3696} INFO - Setting next_dagrun for latest_only_with_trigger to 2026-05-28T19:38:34.584836+00:00, run_after=2026-05-28T23:38:34.584836+00:00
[2026-05-29T01:38:34.600+0200] {processor.py:179} INFO - Processing /home/frederic/airflow_venv/lib/python3.10/site-packages/airflow/example_dags/example_latest_only_with_trigger.py took 0.063 seconds
[2026-05-29T01:39:20.025+0200] {processor.py:157} INFO - Started process (PID=597300) to work on /home/frederic/airflow_venv/lib/python3.10/site-packages/airflow/example_dags/example_latest_only_with_trigger.py
[2026-05-29T01:39:20.026+0200] {processor.py:829} INFO - Processing file /home/frederic/airflow_venv/lib/python3.10/site-packages/airflow/example_dags/example_latest_only_with_trigger.py for tasks to queue
[2026-05-29T01:39:20.026+0200] {logging_mixin.py:151} INFO - [2026-05-29T01:39:20.026+0200] {dagbag.py:539} INFO - Filling up the DagBag from /home/frederic/airflow_venv/lib/python3.10/site-packages/airflow/example_dags/example_latest_only_with_trigger.py
[2026-05-29T01:39:20.033+0200] {processor.py:839} INFO - DAG(s) dict_keys(['latest_only_with_trigger']) retrieved from /home/frederic/airflow_venv/lib/python3.10/site-packages/airflow/example_dags/example_latest_only_with_trigger.py
[2026-05-29T01:39:20.047+0200] {logging_mixin.py:151} INFO - [2026-05-29T01:39:20.046+0200] {dag.py:2915} INFO - Sync 1 DAGs
[2026-05-29T01:39:20.065+0200] {logging_mixin.py:151} INFO - [2026-05-29T01:39:20.065+0200] {dag.py:3696} INFO - Setting next_dagrun for latest_only_with_trigger to 2026-05-28T19:39:20.065013+00:00, run_after=2026-05-28T23:39:20.065013+00:00
[2026-05-29T01:39:20.081+0200] {processor.py:179} INFO - Processing /home/frederic/airflow_venv/lib/python3.10/site-packages/airflow/example_dags/example_latest_only_with_trigger.py took 0.058 seconds
[2026-05-29T01:40:08.650+0200] {processor.py:157} INFO - Started process (PID=598385) to work on /home/frederic/airflow_venv/lib/python3.10/site-packages/airflow/example_dags/example_latest_only_with_trigger.py
[2026-05-29T01:40:08.651+0200] {processor.py:829} INFO - Processing file /home/frederic/airflow_venv/lib/python3.10/site-packages/airflow/example_dags/example_latest_only_with_trigger.py for tasks to queue
[2026-05-29T01:40:08.652+0200] {logging_mixin.py:151} INFO - [2026-05-29T01:40:08.651+0200] {dagbag.py:539} INFO - Filling up the DagBag from /home/frederic/airflow_venv/lib/python3.10/site-packages/airflow/example_dags/example_latest_only_with_trigger.py
[2026-05-29T01:40:08.659+0200] {processor.py:839} INFO - DAG(s) dict_keys(['latest_only_with_trigger']) retrieved from /home/frederic/airflow_venv/lib/python3.10/site-packages/airflow/example_dags/example_latest_only_with_trigger.py
[2026-05-29T01:40:08.679+0200] {logging_mixin.py:151} INFO - [2026-05-29T01:40:08.679+0200] {dag.py:2915} INFO - Sync 1 DAGs
[2026-05-29T01:40:08.697+0200] {logging_mixin.py:151} INFO - [2026-05-29T01:40:08.697+0200] {dag.py:3696} INFO - Setting next_dagrun for latest_only_with_trigger to 2026-05-28T19:40:08.697222+00:00, run_after=2026-05-28T23:40:08.697222+00:00
[2026-05-29T01:40:08.712+0200] {processor.py:179} INFO - Processing /home/frederic/airflow_venv/lib/python3.10/site-packages/airflow/example_dags/example_latest_only_with_trigger.py took 0.064 seconds
[2026-05-29T01:40:57.916+0200] {processor.py:157} INFO - Started process (PID=599602) to work on /home/frederic/airflow_venv/lib/python3.10/site-packages/airflow/example_dags/example_latest_only_with_trigger.py
[2026-05-29T01:40:57.917+0200] {processor.py:829} INFO - Processing file /home/frederic/airflow_venv/lib/python3.10/site-packages/airflow/example_dags/example_latest_only_with_trigger.py for tasks to queue
[2026-05-29T01:40:57.918+0200] {logging_mixin.py:151} INFO - [2026-05-29T01:40:57.917+0200] {dagbag.py:539} INFO - Filling up the DagBag from /home/frederic/airflow_venv/lib/python3.10/site-packages/airflow/example_dags/example_latest_only_with_trigger.py
[2026-05-29T01:40:57.923+0200] {processor.py:839} INFO - DAG(s) dict_keys(['latest_only_with_trigger']) retrieved from /home/frederic/airflow_venv/lib/python3.10/site-packages/airflow/example_dags/example_latest_only_with_trigger.py
[2026-05-29T01:40:57.935+0200] {logging_mixin.py:151} INFO - [2026-05-29T01:40:57.935+0200] {dag.py:2915} INFO - Sync 1 DAGs
[2026-05-29T01:40:57.951+0200] {logging_mixin.py:151} INFO - [2026-05-29T01:40:57.951+0200] {dag.py:3696} INFO - Setting next_dagrun for latest_only_with_trigger to 2026-05-28T19:40:57.950777+00:00, run_after=2026-05-28T23:40:57.950777+00:00
[2026-05-29T01:40:57.968+0200] {processor.py:179} INFO - Processing /home/frederic/airflow_venv/lib/python3.10/site-packages/airflow/example_dags/example_latest_only_with_trigger.py took 0.054 seconds
[2026-05-29T01:41:40.034+0200] {processor.py:157} INFO - Started process (PID=600817) to work on /home/frederic/airflow_venv/lib/python3.10/site-packages/airflow/example_dags/example_latest_only_with_trigger.py
[2026-05-29T01:41:40.037+0200] {processor.py:829} INFO - Processing file /home/frederic/airflow_venv/lib/python3.10/site-packages/airflow/example_dags/example_latest_only_with_trigger.py for tasks to queue
[2026-05-29T01:41:40.038+0200] {logging_mixin.py:151} INFO - [2026-05-29T01:41:40.038+0200] {dagbag.py:539} INFO - Filling up the DagBag from /home/frederic/airflow_venv/lib/python3.10/site-packages/airflow/example_dags/example_latest_only_with_trigger.py
[2026-05-29T01:41:40.044+0200] {processor.py:839} INFO - DAG(s) dict_keys(['latest_only_with_trigger']) retrieved from /home/frederic/airflow_venv/lib/python3.10/site-packages/airflow/example_dags/example_latest_only_with_trigger.py
[2026-05-29T01:41:40.057+0200] {logging_mixin.py:151} INFO - [2026-05-29T01:41:40.057+0200] {dag.py:2915} INFO - Sync 1 DAGs
[2026-05-29T01:41:40.079+0200] {logging_mixin.py:151} INFO - [2026-05-29T01:41:40.079+0200] {dag.py:3696} INFO - Setting next_dagrun for latest_only_with_trigger to 2026-05-28T19:41:40.079576+00:00, run_after=2026-05-28T23:41:40.079576+00:00
[2026-05-29T01:41:40.094+0200] {processor.py:179} INFO - Processing /home/frederic/airflow_venv/lib/python3.10/site-packages/airflow/example_dags/example_latest_only_with_trigger.py took 0.063 seconds
[2026-05-29T01:42:27.593+0200] {processor.py:157} INFO - Started process (PID=601639) to work on /home/frederic/airflow_venv/lib/python3.10/site-packages/airflow/example_dags/example_latest_only_with_trigger.py
[2026-05-29T01:42:27.597+0200] {processor.py:829} INFO - Processing file /home/frederic/airflow_venv/lib/python3.10/site-packages/airflow/example_dags/example_latest_only_with_trigger.py for tasks to queue
[2026-05-29T01:42:27.597+0200] {logging_mixin.py:151} INFO - [2026-05-29T01:42:27.597+0200] {dagbag.py:539} INFO - Filling up the DagBag from /home/frederic/airflow_venv/lib/python3.10/site-packages/airflow/example_dags/example_latest_only_with_trigger.py
[2026-05-29T01:42:27.602+0200] {processor.py:839} INFO - DAG(s) dict_keys(['latest_only_with_trigger']) retrieved from /home/frederic/airflow_venv/lib/python3.10/site-packages/airflow/example_dags/example_latest_only_with_trigger.py
[2026-05-29T01:42:27.613+0200] {logging_mixin.py:151} INFO - [2026-05-29T01:42:27.613+0200] {dag.py:2915} INFO - Sync 1 DAGs
[2026-05-29T01:42:27.628+0200] {logging_mixin.py:151} INFO - [2026-05-29T01:42:27.628+0200] {dag.py:3696} INFO - Setting next_dagrun for latest_only_with_trigger to 2026-05-28T19:42:27.628370+00:00, run_after=2026-05-28T23:42:27.628370+00:00
[2026-05-29T01:42:27.645+0200] {processor.py:179} INFO - Processing /home/frederic/airflow_venv/lib/python3.10/site-packages/airflow/example_dags/example_latest_only_with_trigger.py took 0.054 seconds
[2026-05-29T01:43:12.758+0200] {processor.py:157} INFO - Started process (PID=602395) to work on /home/frederic/airflow_venv/lib/python3.10/site-packages/airflow/example_dags/example_latest_only_with_trigger.py
[2026-05-29T01:43:12.762+0200] {processor.py:829} INFO - Processing file /home/frederic/airflow_venv/lib/python3.10/site-packages/airflow/example_dags/example_latest_only_with_trigger.py for tasks to queue
[2026-05-29T01:43:12.763+0200] {logging_mixin.py:151} INFO - [2026-05-29T01:43:12.762+0200] {dagbag.py:539} INFO - Filling up the DagBag from /home/frederic/airflow_venv/lib/python3.10/site-packages/airflow/example_dags/example_latest_only_with_trigger.py
[2026-05-29T01:43:12.768+0200] {processor.py:839} INFO - DAG(s) dict_keys(['latest_only_with_trigger']) retrieved from /home/frederic/airflow_venv/lib/python3.10/site-packages/airflow/example_dags/example_latest_only_with_trigger.py
[2026-05-29T01:43:12.788+0200] {logging_mixin.py:151} INFO - [2026-05-29T01:43:12.788+0200] {dag.py:2915} INFO - Sync 1 DAGs
[2026-05-29T01:43:12.818+0200] {logging_mixin.py:151} INFO - [2026-05-29T01:43:12.818+0200] {dag.py:3696} INFO - Setting next_dagrun for latest_only_with_trigger to 2026-05-28T19:43:12.818198+00:00, run_after=2026-05-28T23:43:12.818198+00:00
[2026-05-29T01:43:12.836+0200] {processor.py:179} INFO - Processing /home/frederic/airflow_venv/lib/python3.10/site-packages/airflow/example_dags/example_latest_only_with_trigger.py took 0.081 seconds
[2026-05-29T01:44:00.708+0200] {processor.py:157} INFO - Started process (PID=603287) to work on /home/frederic/airflow_venv/lib/python3.10/site-packages/airflow/example_dags/example_latest_only_with_trigger.py
[2026-05-29T01:44:00.709+0200] {processor.py:829} INFO - Processing file /home/frederic/airflow_venv/lib/python3.10/site-packages/airflow/example_dags/example_latest_only_with_trigger.py for tasks to queue
[2026-05-29T01:44:00.711+0200] {logging_mixin.py:151} INFO - [2026-05-29T01:44:00.710+0200] {dagbag.py:539} INFO - Filling up the DagBag from /home/frederic/airflow_venv/lib/python3.10/site-packages/airflow/example_dags/example_latest_only_with_trigger.py
[2026-05-29T01:44:00.716+0200] {processor.py:839} INFO - DAG(s) dict_keys(['latest_only_with_trigger']) retrieved from /home/frederic/airflow_venv/lib/python3.10/site-packages/airflow/example_dags/example_latest_only_with_trigger.py
[2026-05-29T01:44:00.729+0200] {logging_mixin.py:151} INFO - [2026-05-29T01:44:00.729+0200] {dag.py:2915} INFO - Sync 1 DAGs
[2026-05-29T01:44:00.745+0200] {logging_mixin.py:151} INFO - [2026-05-29T01:44:00.745+0200] {dag.py:3696} INFO - Setting next_dagrun for latest_only_with_trigger to 2026-05-28T19:44:00.745536+00:00, run_after=2026-05-28T23:44:00.745536+00:00
[2026-05-29T01:44:00.767+0200] {processor.py:179} INFO - Processing /home/frederic/airflow_venv/lib/python3.10/site-packages/airflow/example_dags/example_latest_only_with_trigger.py took 0.062 seconds
[2026-05-29T01:44:50.497+0200] {processor.py:157} INFO - Started process (PID=604827) to work on /home/frederic/airflow_venv/lib/python3.10/site-packages/airflow/example_dags/example_latest_only_with_trigger.py
[2026-05-29T01:44:50.499+0200] {processor.py:829} INFO - Processing file /home/frederic/airflow_venv/lib/python3.10/site-packages/airflow/example_dags/example_latest_only_with_trigger.py for tasks to queue
[2026-05-29T01:44:50.499+0200] {logging_mixin.py:151} INFO - [2026-05-29T01:44:50.499+0200] {dagbag.py:539} INFO - Filling up the DagBag from /home/frederic/airflow_venv/lib/python3.10/site-packages/airflow/example_dags/example_latest_only_with_trigger.py
[2026-05-29T01:44:50.504+0200] {processor.py:839} INFO - DAG(s) dict_keys(['latest_only_with_trigger']) retrieved from /home/frederic/airflow_venv/lib/python3.10/site-packages/airflow/example_dags/example_latest_only_with_trigger.py
[2026-05-29T01:44:50.517+0200] {logging_mixin.py:151} INFO - [2026-05-29T01:44:50.517+0200] {dag.py:2915} INFO - Sync 1 DAGs
[2026-05-29T01:44:50.533+0200] {logging_mixin.py:151} INFO - [2026-05-29T01:44:50.533+0200] {dag.py:3696} INFO - Setting next_dagrun for latest_only_with_trigger to 2026-05-28T19:44:50.533260+00:00, run_after=2026-05-28T23:44:50.533260+00:00
[2026-05-29T01:44:50.549+0200] {processor.py:179} INFO - Processing /home/frederic/airflow_venv/lib/python3.10/site-packages/airflow/example_dags/example_latest_only_with_trigger.py took 0.054 seconds
[2026-05-29T01:45:38.170+0200] {processor.py:157} INFO - Started process (PID=606494) to work on /home/frederic/airflow_venv/lib/python3.10/site-packages/airflow/example_dags/example_latest_only_with_trigger.py
[2026-05-29T01:45:38.174+0200] {processor.py:829} INFO - Processing file /home/frederic/airflow_venv/lib/python3.10/site-packages/airflow/example_dags/example_latest_only_with_trigger.py for tasks to queue
[2026-05-29T01:45:38.174+0200] {logging_mixin.py:151} INFO - [2026-05-29T01:45:38.174+0200] {dagbag.py:539} INFO - Filling up the DagBag from /home/frederic/airflow_venv/lib/python3.10/site-packages/airflow/example_dags/example_latest_only_with_trigger.py
[2026-05-29T01:45:38.183+0200] {processor.py:839} INFO - DAG(s) dict_keys(['latest_only_with_trigger']) retrieved from /home/frederic/airflow_venv/lib/python3.10/site-packages/airflow/example_dags/example_latest_only_with_trigger.py
[2026-05-29T01:45:38.195+0200] {logging_mixin.py:151} INFO - [2026-05-29T01:45:38.195+0200] {dag.py:2915} INFO - Sync 1 DAGs
[2026-05-29T01:45:38.210+0200] {logging_mixin.py:151} INFO - [2026-05-29T01:45:38.210+0200] {dag.py:3696} INFO - Setting next_dagrun for latest_only_with_trigger to 2026-05-28T19:45:38.210145+00:00, run_after=2026-05-28T23:45:38.210145+00:00
[2026-05-29T01:45:38.224+0200] {processor.py:179} INFO - Processing /home/frederic/airflow_venv/lib/python3.10/site-packages/airflow/example_dags/example_latest_only_with_trigger.py took 0.057 seconds
[2026-05-29T01:46:31.922+0200] {processor.py:157} INFO - Started process (PID=608780) to work on /home/frederic/airflow_venv/lib/python3.10/site-packages/airflow/example_dags/example_latest_only_with_trigger.py
[2026-05-29T01:46:31.925+0200] {processor.py:829} INFO - Processing file /home/frederic/airflow_venv/lib/python3.10/site-packages/airflow/example_dags/example_latest_only_with_trigger.py for tasks to queue
[2026-05-29T01:46:31.926+0200] {logging_mixin.py:151} INFO - [2026-05-29T01:46:31.926+0200] {dagbag.py:539} INFO - Filling up the DagBag from /home/frederic/airflow_venv/lib/python3.10/site-packages/airflow/example_dags/example_latest_only_with_trigger.py
[2026-05-29T01:46:31.932+0200] {processor.py:839} INFO - DAG(s) dict_keys(['latest_only_with_trigger']) retrieved from /home/frederic/airflow_venv/lib/python3.10/site-packages/airflow/example_dags/example_latest_only_with_trigger.py
[2026-05-29T01:46:31.945+0200] {logging_mixin.py:151} INFO - [2026-05-29T01:46:31.945+0200] {dag.py:2915} INFO - Sync 1 DAGs
[2026-05-29T01:46:31.970+0200] {logging_mixin.py:151} INFO - [2026-05-29T01:46:31.969+0200] {dag.py:3696} INFO - Setting next_dagrun for latest_only_with_trigger to 2026-05-28T19:46:31.969631+00:00, run_after=2026-05-28T23:46:31.969631+00:00
[2026-05-29T01:46:32.004+0200] {processor.py:179} INFO - Processing /home/frederic/airflow_venv/lib/python3.10/site-packages/airflow/example_dags/example_latest_only_with_trigger.py took 0.084 seconds
[2026-05-29T01:47:20.917+0200] {processor.py:157} INFO - Started process (PID=610144) to work on /home/frederic/airflow_venv/lib/python3.10/site-packages/airflow/example_dags/example_latest_only_with_trigger.py
[2026-05-29T01:47:20.921+0200] {processor.py:829} INFO - Processing file /home/frederic/airflow_venv/lib/python3.10/site-packages/airflow/example_dags/example_latest_only_with_trigger.py for tasks to queue
[2026-05-29T01:47:20.922+0200] {logging_mixin.py:151} INFO - [2026-05-29T01:47:20.922+0200] {dagbag.py:539} INFO - Filling up the DagBag from /home/frederic/airflow_venv/lib/python3.10/site-packages/airflow/example_dags/example_latest_only_with_trigger.py
[2026-05-29T01:47:20.931+0200] {processor.py:839} INFO - DAG(s) dict_keys(['latest_only_with_trigger']) retrieved from /home/frederic/airflow_venv/lib/python3.10/site-packages/airflow/example_dags/example_latest_only_with_trigger.py
[2026-05-29T01:47:20.946+0200] {logging_mixin.py:151} INFO - [2026-05-29T01:47:20.946+0200] {dag.py:2915} INFO - Sync 1 DAGs
[2026-05-29T01:47:20.963+0200] {logging_mixin.py:151} INFO - [2026-05-29T01:47:20.963+0200] {dag.py:3696} INFO - Setting next_dagrun for latest_only_with_trigger to 2026-05-28T19:47:20.962905+00:00, run_after=2026-05-28T23:47:20.962905+00:00
[2026-05-29T01:47:20.979+0200] {processor.py:179} INFO - Processing /home/frederic/airflow_venv/lib/python3.10/site-packages/airflow/example_dags/example_latest_only_with_trigger.py took 0.066 seconds
[2026-05-29T01:48:04.165+0200] {processor.py:157} INFO - Started process (PID=611496) to work on /home/frederic/airflow_venv/lib/python3.10/site-packages/airflow/example_dags/example_latest_only_with_trigger.py
[2026-05-29T01:48:04.166+0200] {processor.py:829} INFO - Processing file /home/frederic/airflow_venv/lib/python3.10/site-packages/airflow/example_dags/example_latest_only_with_trigger.py for tasks to queue
[2026-05-29T01:48:04.167+0200] {logging_mixin.py:151} INFO - [2026-05-29T01:48:04.167+0200] {dagbag.py:539} INFO - Filling up the DagBag from /home/frederic/airflow_venv/lib/python3.10/site-packages/airflow/example_dags/example_latest_only_with_trigger.py
[2026-05-29T01:48:04.172+0200] {processor.py:839} INFO - DAG(s) dict_keys(['latest_only_with_trigger']) retrieved from /home/frederic/airflow_venv/lib/python3.10/site-packages/airflow/example_dags/example_latest_only_with_trigger.py
[2026-05-29T01:48:04.185+0200] {logging_mixin.py:151} INFO - [2026-05-29T01:48:04.185+0200] {dag.py:2915} INFO - Sync 1 DAGs
[2026-05-29T01:48:04.200+0200] {logging_mixin.py:151} INFO - [2026-05-29T01:48:04.200+0200] {dag.py:3696} INFO - Setting next_dagrun for latest_only_with_trigger to 2026-05-28T19:48:04.200485+00:00, run_after=2026-05-28T23:48:04.200485+00:00
[2026-05-29T01:48:04.215+0200] {processor.py:179} INFO - Processing /home/frederic/airflow_venv/lib/python3.10/site-packages/airflow/example_dags/example_latest_only_with_trigger.py took 0.052 seconds
[2026-05-29T01:48:50.792+0200] {processor.py:157} INFO - Started process (PID=612806) to work on /home/frederic/airflow_venv/lib/python3.10/site-packages/airflow/example_dags/example_latest_only_with_trigger.py
[2026-05-29T01:48:50.793+0200] {processor.py:829} INFO - Processing file /home/frederic/airflow_venv/lib/python3.10/site-packages/airflow/example_dags/example_latest_only_with_trigger.py for tasks to queue
[2026-05-29T01:48:50.794+0200] {logging_mixin.py:151} INFO - [2026-05-29T01:48:50.794+0200] {dagbag.py:539} INFO - Filling up the DagBag from /home/frederic/airflow_venv/lib/python3.10/site-packages/airflow/example_dags/example_latest_only_with_trigger.py
[2026-05-29T01:48:50.800+0200] {processor.py:839} INFO - DAG(s) dict_keys(['latest_only_with_trigger']) retrieved from /home/frederic/airflow_venv/lib/python3.10/site-packages/airflow/example_dags/example_latest_only_with_trigger.py
[2026-05-29T01:48:50.813+0200] {logging_mixin.py:151} INFO - [2026-05-29T01:48:50.813+0200] {dag.py:2915} INFO - Sync 1 DAGs
[2026-05-29T01:48:50.830+0200] {logging_mixin.py:151} INFO - [2026-05-29T01:48:50.829+0200] {dag.py:3696} INFO - Setting next_dagrun for latest_only_with_trigger to 2026-05-28T19:48:50.829744+00:00, run_after=2026-05-28T23:48:50.829744+00:00
[2026-05-29T01:48:50.845+0200] {processor.py:179} INFO - Processing /home/frederic/airflow_venv/lib/python3.10/site-packages/airflow/example_dags/example_latest_only_with_trigger.py took 0.056 seconds
[2026-05-29T01:49:34.794+0200] {processor.py:157} INFO - Started process (PID=613820) to work on /home/frederic/airflow_venv/lib/python3.10/site-packages/airflow/example_dags/example_latest_only_with_trigger.py
[2026-05-29T01:49:34.798+0200] {processor.py:829} INFO - Processing file /home/frederic/airflow_venv/lib/python3.10/site-packages/airflow/example_dags/example_latest_only_with_trigger.py for tasks to queue
[2026-05-29T01:49:34.799+0200] {logging_mixin.py:151} INFO - [2026-05-29T01:49:34.798+0200] {dagbag.py:539} INFO - Filling up the DagBag from /home/frederic/airflow_venv/lib/python3.10/site-packages/airflow/example_dags/example_latest_only_with_trigger.py
[2026-05-29T01:49:34.805+0200] {processor.py:839} INFO - DAG(s) dict_keys(['latest_only_with_trigger']) retrieved from /home/frederic/airflow_venv/lib/python3.10/site-packages/airflow/example_dags/example_latest_only_with_trigger.py
[2026-05-29T01:49:34.820+0200] {logging_mixin.py:151} INFO - [2026-05-29T01:49:34.820+0200] {dag.py:2915} INFO - Sync 1 DAGs
[2026-05-29T01:49:34.849+0200] {logging_mixin.py:151} INFO - [2026-05-29T01:49:34.849+0200] {dag.py:3696} INFO - Setting next_dagrun for latest_only_with_trigger to 2026-05-28T19:49:34.848980+00:00, run_after=2026-05-28T23:49:34.848980+00:00
[2026-05-29T01:49:34.870+0200] {processor.py:179} INFO - Processing /home/frederic/airflow_venv/lib/python3.10/site-packages/airflow/example_dags/example_latest_only_with_trigger.py took 0.080 seconds
[2026-05-29T01:50:17.050+0200] {processor.py:157} INFO - Started process (PID=614974) to work on /home/frederic/airflow_venv/lib/python3.10/site-packages/airflow/example_dags/example_latest_only_with_trigger.py
[2026-05-29T01:50:17.053+0200] {processor.py:829} INFO - Processing file /home/frederic/airflow_venv/lib/python3.10/site-packages/airflow/example_dags/example_latest_only_with_trigger.py for tasks to queue
[2026-05-29T01:50:17.054+0200] {logging_mixin.py:151} INFO - [2026-05-29T01:50:17.054+0200] {dagbag.py:539} INFO - Filling up the DagBag from /home/frederic/airflow_venv/lib/python3.10/site-packages/airflow/example_dags/example_latest_only_with_trigger.py
[2026-05-29T01:50:17.061+0200] {processor.py:839} INFO - DAG(s) dict_keys(['latest_only_with_trigger']) retrieved from /home/frederic/airflow_venv/lib/python3.10/site-packages/airflow/example_dags/example_latest_only_with_trigger.py
[2026-05-29T01:50:17.078+0200] {logging_mixin.py:151} INFO - [2026-05-29T01:50:17.078+0200] {dag.py:2915} INFO - Sync 1 DAGs
[2026-05-29T01:50:17.105+0200] {logging_mixin.py:151} INFO - [2026-05-29T01:50:17.104+0200] {dag.py:3696} INFO - Setting next_dagrun for latest_only_with_trigger to 2026-05-28T19:50:17.104615+00:00, run_after=2026-05-28T23:50:17.104615+00:00
[2026-05-29T01:50:17.134+0200] {processor.py:179} INFO - Processing /home/frederic/airflow_venv/lib/python3.10/site-packages/airflow/example_dags/example_latest_only_with_trigger.py took 0.087 seconds
[2026-05-29T01:51:00.182+0200] {processor.py:157} INFO - Started process (PID=616321) to work on /home/frederic/airflow_venv/lib/python3.10/site-packages/airflow/example_dags/example_latest_only_with_trigger.py
[2026-05-29T01:51:00.183+0200] {processor.py:829} INFO - Processing file /home/frederic/airflow_venv/lib/python3.10/site-packages/airflow/example_dags/example_latest_only_with_trigger.py for tasks to queue
[2026-05-29T01:51:00.184+0200] {logging_mixin.py:151} INFO - [2026-05-29T01:51:00.184+0200] {dagbag.py:539} INFO - Filling up the DagBag from /home/frederic/airflow_venv/lib/python3.10/site-packages/airflow/example_dags/example_latest_only_with_trigger.py
[2026-05-29T01:51:00.189+0200] {processor.py:839} INFO - DAG(s) dict_keys(['latest_only_with_trigger']) retrieved from /home/frederic/airflow_venv/lib/python3.10/site-packages/airflow/example_dags/example_latest_only_with_trigger.py
[2026-05-29T01:51:00.203+0200] {logging_mixin.py:151} INFO - [2026-05-29T01:51:00.203+0200] {dag.py:2915} INFO - Sync 1 DAGs
[2026-05-29T01:51:00.218+0200] {logging_mixin.py:151} INFO - [2026-05-29T01:51:00.218+0200] {dag.py:3696} INFO - Setting next_dagrun for latest_only_with_trigger to 2026-05-28T19:51:00.218603+00:00, run_after=2026-05-28T23:51:00.218603+00:00
[2026-05-29T01:51:00.242+0200] {processor.py:179} INFO - Processing /home/frederic/airflow_venv/lib/python3.10/site-packages/airflow/example_dags/example_latest_only_with_trigger.py took 0.062 seconds
[2026-05-29T01:51:50.505+0200] {processor.py:157} INFO - Started process (PID=617583) to work on /home/frederic/airflow_venv/lib/python3.10/site-packages/airflow/example_dags/example_latest_only_with_trigger.py
[2026-05-29T01:51:50.506+0200] {processor.py:829} INFO - Processing file /home/frederic/airflow_venv/lib/python3.10/site-packages/airflow/example_dags/example_latest_only_with_trigger.py for tasks to queue
[2026-05-29T01:51:50.507+0200] {logging_mixin.py:151} INFO - [2026-05-29T01:51:50.507+0200] {dagbag.py:539} INFO - Filling up the DagBag from /home/frederic/airflow_venv/lib/python3.10/site-packages/airflow/example_dags/example_latest_only_with_trigger.py
[2026-05-29T01:51:50.512+0200] {processor.py:839} INFO - DAG(s) dict_keys(['latest_only_with_trigger']) retrieved from /home/frederic/airflow_venv/lib/python3.10/site-packages/airflow/example_dags/example_latest_only_with_trigger.py
[2026-05-29T01:51:50.528+0200] {logging_mixin.py:151} INFO - [2026-05-29T01:51:50.528+0200] {dag.py:2915} INFO - Sync 1 DAGs
[2026-05-29T01:51:50.547+0200] {logging_mixin.py:151} INFO - [2026-05-29T01:51:50.547+0200] {dag.py:3696} INFO - Setting next_dagrun for latest_only_with_trigger to 2026-05-28T19:51:50.546798+00:00, run_after=2026-05-28T23:51:50.546798+00:00
[2026-05-29T01:51:50.569+0200] {processor.py:179} INFO - Processing /home/frederic/airflow_venv/lib/python3.10/site-packages/airflow/example_dags/example_latest_only_with_trigger.py took 0.067 seconds
[2026-05-29T01:52:40.185+0200] {processor.py:157} INFO - Started process (PID=619167) to work on /home/frederic/airflow_venv/lib/python3.10/site-packages/airflow/example_dags/example_latest_only_with_trigger.py
[2026-05-29T01:52:40.186+0200] {processor.py:829} INFO - Processing file /home/frederic/airflow_venv/lib/python3.10/site-packages/airflow/example_dags/example_latest_only_with_trigger.py for tasks to queue
[2026-05-29T01:52:40.187+0200] {logging_mixin.py:151} INFO - [2026-05-29T01:52:40.187+0200] {dagbag.py:539} INFO - Filling up the DagBag from /home/frederic/airflow_venv/lib/python3.10/site-packages/airflow/example_dags/example_latest_only_with_trigger.py
[2026-05-29T01:52:40.192+0200] {processor.py:839} INFO - DAG(s) dict_keys(['latest_only_with_trigger']) retrieved from /home/frederic/airflow_venv/lib/python3.10/site-packages/airflow/example_dags/example_latest_only_with_trigger.py
[2026-05-29T01:52:40.208+0200] {logging_mixin.py:151} INFO - [2026-05-29T01:52:40.208+0200] {dag.py:2915} INFO - Sync 1 DAGs
[2026-05-29T01:52:40.226+0200] {logging_mixin.py:151} INFO - [2026-05-29T01:52:40.226+0200] {dag.py:3696} INFO - Setting next_dagrun for latest_only_with_trigger to 2026-05-28T19:52:40.226368+00:00, run_after=2026-05-28T23:52:40.226368+00:00
[2026-05-29T01:52:40.244+0200] {processor.py:179} INFO - Processing /home/frederic/airflow_venv/lib/python3.10/site-packages/airflow/example_dags/example_latest_only_with_trigger.py took 0.062 seconds
[2026-05-29T01:53:25.289+0200] {processor.py:157} INFO - Started process (PID=620460) to work on /home/frederic/airflow_venv/lib/python3.10/site-packages/airflow/example_dags/example_latest_only_with_trigger.py
[2026-05-29T01:53:25.293+0200] {processor.py:829} INFO - Processing file /home/frederic/airflow_venv/lib/python3.10/site-packages/airflow/example_dags/example_latest_only_with_trigger.py for tasks to queue
[2026-05-29T01:53:25.293+0200] {logging_mixin.py:151} INFO - [2026-05-29T01:53:25.293+0200] {dagbag.py:539} INFO - Filling up the DagBag from /home/frederic/airflow_venv/lib/python3.10/site-packages/airflow/example_dags/example_latest_only_with_trigger.py
[2026-05-29T01:53:25.298+0200] {processor.py:839} INFO - DAG(s) dict_keys(['latest_only_with_trigger']) retrieved from /home/frederic/airflow_venv/lib/python3.10/site-packages/airflow/example_dags/example_latest_only_with_trigger.py
[2026-05-29T01:53:25.311+0200] {logging_mixin.py:151} INFO - [2026-05-29T01:53:25.311+0200] {dag.py:2915} INFO - Sync 1 DAGs
[2026-05-29T01:53:25.326+0200] {logging_mixin.py:151} INFO - [2026-05-29T01:53:25.326+0200] {dag.py:3696} INFO - Setting next_dagrun for latest_only_with_trigger to 2026-05-28T19:53:25.325845+00:00, run_after=2026-05-28T23:53:25.325845+00:00
[2026-05-29T01:53:25.341+0200] {processor.py:179} INFO - Processing /home/frederic/airflow_venv/lib/python3.10/site-packages/airflow/example_dags/example_latest_only_with_trigger.py took 0.054 seconds
[2026-05-29T01:54:11.531+0200] {processor.py:157} INFO - Started process (PID=621529) to work on /home/frederic/airflow_venv/lib/python3.10/site-packages/airflow/example_dags/example_latest_only_with_trigger.py
[2026-05-29T01:54:11.534+0200] {processor.py:829} INFO - Processing file /home/frederic/airflow_venv/lib/python3.10/site-packages/airflow/example_dags/example_latest_only_with_trigger.py for tasks to queue
[2026-05-29T01:54:11.535+0200] {logging_mixin.py:151} INFO - [2026-05-29T01:54:11.535+0200] {dagbag.py:539} INFO - Filling up the DagBag from /home/frederic/airflow_venv/lib/python3.10/site-packages/airflow/example_dags/example_latest_only_with_trigger.py
[2026-05-29T01:54:11.541+0200] {processor.py:839} INFO - DAG(s) dict_keys(['latest_only_with_trigger']) retrieved from /home/frederic/airflow_venv/lib/python3.10/site-packages/airflow/example_dags/example_latest_only_with_trigger.py
[2026-05-29T01:54:11.553+0200] {logging_mixin.py:151} INFO - [2026-05-29T01:54:11.553+0200] {dag.py:2915} INFO - Sync 1 DAGs
[2026-05-29T01:54:11.569+0200] {logging_mixin.py:151} INFO - [2026-05-29T01:54:11.569+0200] {dag.py:3696} INFO - Setting next_dagrun for latest_only_with_trigger to 2026-05-28T19:54:11.569149+00:00, run_after=2026-05-28T23:54:11.569149+00:00
[2026-05-29T01:54:11.584+0200] {processor.py:179} INFO - Processing /home/frederic/airflow_venv/lib/python3.10/site-packages/airflow/example_dags/example_latest_only_with_trigger.py took 0.055 seconds
[2026-05-29T01:54:56.306+0200] {processor.py:157} INFO - Started process (PID=623421) to work on /home/frederic/airflow_venv/lib/python3.10/site-packages/airflow/example_dags/example_latest_only_with_trigger.py
[2026-05-29T01:54:56.307+0200] {processor.py:829} INFO - Processing file /home/frederic/airflow_venv/lib/python3.10/site-packages/airflow/example_dags/example_latest_only_with_trigger.py for tasks to queue
[2026-05-29T01:54:56.309+0200] {logging_mixin.py:151} INFO - [2026-05-29T01:54:56.308+0200] {dagbag.py:539} INFO - Filling up the DagBag from /home/frederic/airflow_venv/lib/python3.10/site-packages/airflow/example_dags/example_latest_only_with_trigger.py
[2026-05-29T01:54:56.315+0200] {processor.py:839} INFO - DAG(s) dict_keys(['latest_only_with_trigger']) retrieved from /home/frederic/airflow_venv/lib/python3.10/site-packages/airflow/example_dags/example_latest_only_with_trigger.py
[2026-05-29T01:54:56.334+0200] {logging_mixin.py:151} INFO - [2026-05-29T01:54:56.334+0200] {dag.py:2915} INFO - Sync 1 DAGs
[2026-05-29T01:54:56.354+0200] {logging_mixin.py:151} INFO - [2026-05-29T01:54:56.354+0200] {dag.py:3696} INFO - Setting next_dagrun for latest_only_with_trigger to 2026-05-28T19:54:56.354420+00:00, run_after=2026-05-28T23:54:56.354420+00:00
[2026-05-29T01:54:56.373+0200] {processor.py:179} INFO - Processing /home/frederic/airflow_venv/lib/python3.10/site-packages/airflow/example_dags/example_latest_only_with_trigger.py took 0.070 seconds
[2026-05-29T01:55:43.078+0200] {processor.py:157} INFO - Started process (PID=624813) to work on /home/frederic/airflow_venv/lib/python3.10/site-packages/airflow/example_dags/example_latest_only_with_trigger.py
[2026-05-29T01:55:43.079+0200] {processor.py:829} INFO - Processing file /home/frederic/airflow_venv/lib/python3.10/site-packages/airflow/example_dags/example_latest_only_with_trigger.py for tasks to queue
[2026-05-29T01:55:43.080+0200] {logging_mixin.py:151} INFO - [2026-05-29T01:55:43.080+0200] {dagbag.py:539} INFO - Filling up the DagBag from /home/frederic/airflow_venv/lib/python3.10/site-packages/airflow/example_dags/example_latest_only_with_trigger.py
[2026-05-29T01:55:43.086+0200] {processor.py:839} INFO - DAG(s) dict_keys(['latest_only_with_trigger']) retrieved from /home/frederic/airflow_venv/lib/python3.10/site-packages/airflow/example_dags/example_latest_only_with_trigger.py
[2026-05-29T01:55:43.092+0200] {logging_mixin.py:151} INFO - [2026-05-29T01:55:43.092+0200] {dag.py:2915} INFO - Sync 1 DAGs
[2026-05-29T01:55:43.111+0200] {logging_mixin.py:151} INFO - [2026-05-29T01:55:43.110+0200] {dag.py:3696} INFO - Setting next_dagrun for latest_only_with_trigger to 2026-05-28T19:55:43.110519+00:00, run_after=2026-05-28T23:55:43.110519+00:00
[2026-05-29T01:55:43.131+0200] {processor.py:179} INFO - Processing /home/frederic/airflow_venv/lib/python3.10/site-packages/airflow/example_dags/example_latest_only_with_trigger.py took 0.055 seconds
[2026-05-29T01:55:48.964+0200] {processor.py:157} INFO - Started process (PID=624957) to work on /home/frederic/airflow_venv/lib/python3.10/site-packages/airflow/example_dags/example_latest_only_with_trigger.py
[2026-05-29T01:55:48.965+0200] {processor.py:829} INFO - Processing file /home/frederic/airflow_venv/lib/python3.10/site-packages/airflow/example_dags/example_latest_only_with_trigger.py for tasks to queue
[2026-05-29T01:55:48.967+0200] {logging_mixin.py:151} INFO - [2026-05-29T01:55:48.966+0200] {dagbag.py:539} INFO - Filling up the DagBag from /home/frederic/airflow_venv/lib/python3.10/site-packages/airflow/example_dags/example_latest_only_with_trigger.py
[2026-05-29T01:55:48.975+0200] {processor.py:839} INFO - DAG(s) dict_keys(['latest_only_with_trigger']) retrieved from /home/frederic/airflow_venv/lib/python3.10/site-packages/airflow/example_dags/example_latest_only_with_trigger.py
[2026-05-29T01:55:48.998+0200] {logging_mixin.py:151} INFO - [2026-05-29T01:55:48.998+0200] {dag.py:2915} INFO - Sync 1 DAGs
[2026-05-29T01:55:49.022+0200] {logging_mixin.py:151} INFO - [2026-05-29T01:55:49.022+0200] {dag.py:3696} INFO - Setting next_dagrun for latest_only_with_trigger to 2026-05-28T19:55:49.022256+00:00, run_after=2026-05-28T23:55:49.022256+00:00
[2026-05-29T01:55:49.045+0200] {processor.py:179} INFO - Processing /home/frederic/airflow_venv/lib/python3.10/site-packages/airflow/example_dags/example_latest_only_with_trigger.py took 0.084 seconds
[2026-05-29T01:56:41.502+0200] {processor.py:157} INFO - Started process (PID=626665) to work on /home/frederic/airflow_venv/lib/python3.10/site-packages/airflow/example_dags/example_latest_only_with_trigger.py
[2026-05-29T01:56:41.503+0200] {processor.py:829} INFO - Processing file /home/frederic/airflow_venv/lib/python3.10/site-packages/airflow/example_dags/example_latest_only_with_trigger.py for tasks to queue
[2026-05-29T01:56:41.504+0200] {logging_mixin.py:151} INFO - [2026-05-29T01:56:41.503+0200] {dagbag.py:539} INFO - Filling up the DagBag from /home/frederic/airflow_venv/lib/python3.10/site-packages/airflow/example_dags/example_latest_only_with_trigger.py
[2026-05-29T01:56:41.509+0200] {processor.py:839} INFO - DAG(s) dict_keys(['latest_only_with_trigger']) retrieved from /home/frederic/airflow_venv/lib/python3.10/site-packages/airflow/example_dags/example_latest_only_with_trigger.py
[2026-05-29T01:56:41.524+0200] {logging_mixin.py:151} INFO - [2026-05-29T01:56:41.524+0200] {dag.py:2915} INFO - Sync 1 DAGs
[2026-05-29T01:56:41.543+0200] {logging_mixin.py:151} INFO - [2026-05-29T01:56:41.543+0200] {dag.py:3696} INFO - Setting next_dagrun for latest_only_with_trigger to 2026-05-28T19:56:41.542759+00:00, run_after=2026-05-28T23:56:41.542759+00:00
[2026-05-29T01:56:41.564+0200] {processor.py:179} INFO - Processing /home/frederic/airflow_venv/lib/python3.10/site-packages/airflow/example_dags/example_latest_only_with_trigger.py took 0.066 seconds
[2026-05-29T01:56:47.239+0200] {processor.py:157} INFO - Started process (PID=626835) to work on /home/frederic/airflow_venv/lib/python3.10/site-packages/airflow/example_dags/example_latest_only_with_trigger.py
[2026-05-29T01:56:47.240+0200] {processor.py:829} INFO - Processing file /home/frederic/airflow_venv/lib/python3.10/site-packages/airflow/example_dags/example_latest_only_with_trigger.py for tasks to queue
[2026-05-29T01:56:47.241+0200] {logging_mixin.py:151} INFO - [2026-05-29T01:56:47.240+0200] {dagbag.py:539} INFO - Filling up the DagBag from /home/frederic/airflow_venv/lib/python3.10/site-packages/airflow/example_dags/example_latest_only_with_trigger.py
[2026-05-29T01:56:47.248+0200] {processor.py:839} INFO - DAG(s) dict_keys(['latest_only_with_trigger']) retrieved from /home/frederic/airflow_venv/lib/python3.10/site-packages/airflow/example_dags/example_latest_only_with_trigger.py
[2026-05-29T01:56:47.266+0200] {logging_mixin.py:151} INFO - [2026-05-29T01:56:47.266+0200] {dag.py:2915} INFO - Sync 1 DAGs
[2026-05-29T01:56:47.287+0200] {logging_mixin.py:151} INFO - [2026-05-29T01:56:47.287+0200] {dag.py:3696} INFO - Setting next_dagrun for latest_only_with_trigger to 2026-05-28T19:56:47.287242+00:00, run_after=2026-05-28T23:56:47.287242+00:00
[2026-05-29T01:56:47.306+0200] {processor.py:179} INFO - Processing /home/frederic/airflow_venv/lib/python3.10/site-packages/airflow/example_dags/example_latest_only_with_trigger.py took 0.070 seconds
[2026-05-29T01:57:29.801+0200] {processor.py:157} INFO - Started process (PID=628090) to work on /home/frederic/airflow_venv/lib/python3.10/site-packages/airflow/example_dags/example_latest_only_with_trigger.py
[2026-05-29T01:57:29.802+0200] {processor.py:829} INFO - Processing file /home/frederic/airflow_venv/lib/python3.10/site-packages/airflow/example_dags/example_latest_only_with_trigger.py for tasks to queue
[2026-05-29T01:57:29.803+0200] {logging_mixin.py:151} INFO - [2026-05-29T01:57:29.802+0200] {dagbag.py:539} INFO - Filling up the DagBag from /home/frederic/airflow_venv/lib/python3.10/site-packages/airflow/example_dags/example_latest_only_with_trigger.py
[2026-05-29T01:57:29.808+0200] {processor.py:839} INFO - DAG(s) dict_keys(['latest_only_with_trigger']) retrieved from /home/frederic/airflow_venv/lib/python3.10/site-packages/airflow/example_dags/example_latest_only_with_trigger.py
[2026-05-29T01:57:29.823+0200] {logging_mixin.py:151} INFO - [2026-05-29T01:57:29.823+0200] {dag.py:2915} INFO - Sync 1 DAGs
[2026-05-29T01:57:29.842+0200] {logging_mixin.py:151} INFO - [2026-05-29T01:57:29.842+0200] {dag.py:3696} INFO - Setting next_dagrun for latest_only_with_trigger to 2026-05-28T19:57:29.842417+00:00, run_after=2026-05-28T23:57:29.842417+00:00
[2026-05-29T01:57:29.861+0200] {processor.py:179} INFO - Processing /home/frederic/airflow_venv/lib/python3.10/site-packages/airflow/example_dags/example_latest_only_with_trigger.py took 0.064 seconds
[2026-05-29T01:57:33.358+0200] {processor.py:157} INFO - Started process (PID=628193) to work on /home/frederic/airflow_venv/lib/python3.10/site-packages/airflow/example_dags/example_latest_only_with_trigger.py
[2026-05-29T01:57:33.359+0200] {processor.py:829} INFO - Processing file /home/frederic/airflow_venv/lib/python3.10/site-packages/airflow/example_dags/example_latest_only_with_trigger.py for tasks to queue
[2026-05-29T01:57:33.360+0200] {logging_mixin.py:151} INFO - [2026-05-29T01:57:33.360+0200] {dagbag.py:539} INFO - Filling up the DagBag from /home/frederic/airflow_venv/lib/python3.10/site-packages/airflow/example_dags/example_latest_only_with_trigger.py
[2026-05-29T01:57:33.366+0200] {processor.py:839} INFO - DAG(s) dict_keys(['latest_only_with_trigger']) retrieved from /home/frederic/airflow_venv/lib/python3.10/site-packages/airflow/example_dags/example_latest_only_with_trigger.py
[2026-05-29T01:57:33.382+0200] {logging_mixin.py:151} INFO - [2026-05-29T01:57:33.382+0200] {dag.py:2915} INFO - Sync 1 DAGs
[2026-05-29T01:57:33.403+0200] {logging_mixin.py:151} INFO - [2026-05-29T01:57:33.403+0200] {dag.py:3696} INFO - Setting next_dagrun for latest_only_with_trigger to 2026-05-28T19:57:33.403341+00:00, run_after=2026-05-28T23:57:33.403341+00:00
[2026-05-29T01:57:33.420+0200] {processor.py:179} INFO - Processing /home/frederic/airflow_venv/lib/python3.10/site-packages/airflow/example_dags/example_latest_only_with_trigger.py took 0.066 seconds
[2026-05-29T01:58:20.131+0200] {processor.py:157} INFO - Started process (PID=630055) to work on /home/frederic/airflow_venv/lib/python3.10/site-packages/airflow/example_dags/example_latest_only_with_trigger.py
[2026-05-29T01:58:20.133+0200] {processor.py:829} INFO - Processing file /home/frederic/airflow_venv/lib/python3.10/site-packages/airflow/example_dags/example_latest_only_with_trigger.py for tasks to queue
[2026-05-29T01:58:20.134+0200] {logging_mixin.py:151} INFO - [2026-05-29T01:58:20.133+0200] {dagbag.py:539} INFO - Filling up the DagBag from /home/frederic/airflow_venv/lib/python3.10/site-packages/airflow/example_dags/example_latest_only_with_trigger.py
[2026-05-29T01:58:20.144+0200] {processor.py:839} INFO - DAG(s) dict_keys(['latest_only_with_trigger']) retrieved from /home/frederic/airflow_venv/lib/python3.10/site-packages/airflow/example_dags/example_latest_only_with_trigger.py
[2026-05-29T01:58:20.164+0200] {logging_mixin.py:151} INFO - [2026-05-29T01:58:20.164+0200] {dag.py:2915} INFO - Sync 1 DAGs
[2026-05-29T01:58:20.188+0200] {logging_mixin.py:151} INFO - [2026-05-29T01:58:20.188+0200] {dag.py:3696} INFO - Setting next_dagrun for latest_only_with_trigger to 2026-05-28T19:58:20.188311+00:00, run_after=2026-05-28T23:58:20.188311+00:00
[2026-05-29T01:58:20.216+0200] {processor.py:179} INFO - Processing /home/frederic/airflow_venv/lib/python3.10/site-packages/airflow/example_dags/example_latest_only_with_trigger.py took 0.089 seconds
[2026-05-29T01:58:22.371+0200] {processor.py:157} INFO - Started process (PID=630135) to work on /home/frederic/airflow_venv/lib/python3.10/site-packages/airflow/example_dags/example_latest_only_with_trigger.py
[2026-05-29T01:58:22.372+0200] {processor.py:829} INFO - Processing file /home/frederic/airflow_venv/lib/python3.10/site-packages/airflow/example_dags/example_latest_only_with_trigger.py for tasks to queue
[2026-05-29T01:58:22.372+0200] {logging_mixin.py:151} INFO - [2026-05-29T01:58:22.372+0200] {dagbag.py:539} INFO - Filling up the DagBag from /home/frederic/airflow_venv/lib/python3.10/site-packages/airflow/example_dags/example_latest_only_with_trigger.py
[2026-05-29T01:58:22.377+0200] {processor.py:839} INFO - DAG(s) dict_keys(['latest_only_with_trigger']) retrieved from /home/frederic/airflow_venv/lib/python3.10/site-packages/airflow/example_dags/example_latest_only_with_trigger.py
[2026-05-29T01:58:22.390+0200] {logging_mixin.py:151} INFO - [2026-05-29T01:58:22.390+0200] {dag.py:2915} INFO - Sync 1 DAGs
[2026-05-29T01:58:22.408+0200] {logging_mixin.py:151} INFO - [2026-05-29T01:58:22.407+0200] {dag.py:3696} INFO - Setting next_dagrun for latest_only_with_trigger to 2026-05-28T19:58:22.407735+00:00, run_after=2026-05-28T23:58:22.407735+00:00
[2026-05-29T01:58:22.424+0200] {processor.py:179} INFO - Processing /home/frederic/airflow_venv/lib/python3.10/site-packages/airflow/example_dags/example_latest_only_with_trigger.py took 0.056 seconds
[2026-05-29T01:59:12.407+0200] {processor.py:157} INFO - Started process (PID=631785) to work on /home/frederic/airflow_venv/lib/python3.10/site-packages/airflow/example_dags/example_latest_only_with_trigger.py
[2026-05-29T01:59:12.408+0200] {processor.py:829} INFO - Processing file /home/frederic/airflow_venv/lib/python3.10/site-packages/airflow/example_dags/example_latest_only_with_trigger.py for tasks to queue
[2026-05-29T01:59:12.409+0200] {logging_mixin.py:151} INFO - [2026-05-29T01:59:12.409+0200] {dagbag.py:539} INFO - Filling up the DagBag from /home/frederic/airflow_venv/lib/python3.10/site-packages/airflow/example_dags/example_latest_only_with_trigger.py
[2026-05-29T01:59:12.415+0200] {processor.py:839} INFO - DAG(s) dict_keys(['latest_only_with_trigger']) retrieved from /home/frederic/airflow_venv/lib/python3.10/site-packages/airflow/example_dags/example_latest_only_with_trigger.py
[2026-05-29T01:59:12.430+0200] {logging_mixin.py:151} INFO - [2026-05-29T01:59:12.429+0200] {dag.py:2915} INFO - Sync 1 DAGs
[2026-05-29T01:59:12.446+0200] {logging_mixin.py:151} INFO - [2026-05-29T01:59:12.446+0200] {dag.py:3696} INFO - Setting next_dagrun for latest_only_with_trigger to 2026-05-28T19:59:12.445870+00:00, run_after=2026-05-28T23:59:12.445870+00:00
[2026-05-29T01:59:12.461+0200] {processor.py:179} INFO - Processing /home/frederic/airflow_venv/lib/python3.10/site-packages/airflow/example_dags/example_latest_only_with_trigger.py took 0.056 seconds
[2026-05-29T01:59:14.925+0200] {processor.py:157} INFO - Started process (PID=631851) to work on /home/frederic/airflow_venv/lib/python3.10/site-packages/airflow/example_dags/example_latest_only_with_trigger.py
[2026-05-29T01:59:14.926+0200] {processor.py:829} INFO - Processing file /home/frederic/airflow_venv/lib/python3.10/site-packages/airflow/example_dags/example_latest_only_with_trigger.py for tasks to queue
[2026-05-29T01:59:14.927+0200] {logging_mixin.py:151} INFO - [2026-05-29T01:59:14.926+0200] {dagbag.py:539} INFO - Filling up the DagBag from /home/frederic/airflow_venv/lib/python3.10/site-packages/airflow/example_dags/example_latest_only_with_trigger.py
[2026-05-29T01:59:14.932+0200] {processor.py:839} INFO - DAG(s) dict_keys(['latest_only_with_trigger']) retrieved from /home/frederic/airflow_venv/lib/python3.10/site-packages/airflow/example_dags/example_latest_only_with_trigger.py
[2026-05-29T01:59:14.945+0200] {logging_mixin.py:151} INFO - [2026-05-29T01:59:14.945+0200] {dag.py:2915} INFO - Sync 1 DAGs
[2026-05-29T01:59:14.961+0200] {logging_mixin.py:151} INFO - [2026-05-29T01:59:14.961+0200] {dag.py:3696} INFO - Setting next_dagrun for latest_only_with_trigger to 2026-05-28T19:59:14.961520+00:00, run_after=2026-05-28T23:59:14.961520+00:00
[2026-05-29T01:59:14.981+0200] {processor.py:179} INFO - Processing /home/frederic/airflow_venv/lib/python3.10/site-packages/airflow/example_dags/example_latest_only_with_trigger.py took 0.058 seconds
[2026-05-29T01:59:57.759+0200] {processor.py:157} INFO - Started process (PID=633032) to work on /home/frederic/airflow_venv/lib/python3.10/site-packages/airflow/example_dags/example_latest_only_with_trigger.py
[2026-05-29T01:59:57.760+0200] {processor.py:829} INFO - Processing file /home/frederic/airflow_venv/lib/python3.10/site-packages/airflow/example_dags/example_latest_only_with_trigger.py for tasks to queue
[2026-05-29T01:59:57.761+0200] {logging_mixin.py:151} INFO - [2026-05-29T01:59:57.761+0200] {dagbag.py:539} INFO - Filling up the DagBag from /home/frederic/airflow_venv/lib/python3.10/site-packages/airflow/example_dags/example_latest_only_with_trigger.py
[2026-05-29T01:59:57.767+0200] {processor.py:839} INFO - DAG(s) dict_keys(['latest_only_with_trigger']) retrieved from /home/frederic/airflow_venv/lib/python3.10/site-packages/airflow/example_dags/example_latest_only_with_trigger.py
[2026-05-29T01:59:57.783+0200] {logging_mixin.py:151} INFO - [2026-05-29T01:59:57.783+0200] {dag.py:2915} INFO - Sync 1 DAGs
[2026-05-29T01:59:57.800+0200] {logging_mixin.py:151} INFO - [2026-05-29T01:59:57.800+0200] {dag.py:3696} INFO - Setting next_dagrun for latest_only_with_trigger to 2026-05-28T19:59:57.800158+00:00, run_after=2026-05-28T23:59:57.800158+00:00
[2026-05-29T01:59:57.814+0200] {processor.py:179} INFO - Processing /home/frederic/airflow_venv/lib/python3.10/site-packages/airflow/example_dags/example_latest_only_with_trigger.py took 0.057 seconds
