[2026-05-29T01:37:13.614+0200] {processor.py:157} INFO - Started process (PID=594569) to work on /home/frederic/airflow_venv/lib/python3.10/site-packages/airflow/example_dags/example_complex.py
[2026-05-29T01:37:13.614+0200] {processor.py:829} INFO - Processing file /home/frederic/airflow_venv/lib/python3.10/site-packages/airflow/example_dags/example_complex.py for tasks to queue
[2026-05-29T01:37:13.615+0200] {logging_mixin.py:151} INFO - [2026-05-29T01:37:13.615+0200] {dagbag.py:539} INFO - Filling up the DagBag from /home/frederic/airflow_venv/lib/python3.10/site-packages/airflow/example_dags/example_complex.py
[2026-05-29T01:37:13.625+0200] {processor.py:839} INFO - DAG(s) dict_keys(['example_complex']) retrieved from /home/frederic/airflow_venv/lib/python3.10/site-packages/airflow/example_dags/example_complex.py
[2026-05-29T01:37:13.722+0200] {logging_mixin.py:151} INFO - [2026-05-29T01:37:13.721+0200] {manager.py:499} INFO - Created Permission View: %s
[2026-05-29T01:37:13.734+0200] {logging_mixin.py:151} INFO - [2026-05-29T01:37:13.734+0200] {manager.py:499} INFO - Created Permission View: %s
[2026-05-29T01:37:13.741+0200] {logging_mixin.py:151} INFO - [2026-05-29T01:37:13.741+0200] {manager.py:499} INFO - Created Permission View: %s
[2026-05-29T01:37:13.741+0200] {logging_mixin.py:151} INFO - [2026-05-29T01:37:13.741+0200] {security.py:708} INFO - Not syncing DAG-level permissions for DAG 'DAG:example_complex' as access control is unset.
[2026-05-29T01:37:13.741+0200] {logging_mixin.py:151} INFO - [2026-05-29T01:37:13.741+0200] {dag.py:2915} INFO - Sync 1 DAGs
[2026-05-29T01:37:13.750+0200] {logging_mixin.py:151} INFO - [2026-05-29T01:37:13.750+0200] {dag.py:2937} INFO - Creating ORM DAG for example_complex
[2026-05-29T01:37:13.751+0200] {logging_mixin.py:151} INFO - [2026-05-29T01:37:13.751+0200] {dag.py:3696} INFO - Setting next_dagrun for example_complex to None, run_after=None
[2026-05-29T01:37:13.766+0200] {processor.py:179} INFO - Processing /home/frederic/airflow_venv/lib/python3.10/site-packages/airflow/example_dags/example_complex.py took 0.155 seconds
[2026-05-29T01:37:58.661+0200] {processor.py:157} INFO - Started process (PID=595365) to work on /home/frederic/airflow_venv/lib/python3.10/site-packages/airflow/example_dags/example_complex.py
[2026-05-29T01:37:58.662+0200] {processor.py:829} INFO - Processing file /home/frederic/airflow_venv/lib/python3.10/site-packages/airflow/example_dags/example_complex.py for tasks to queue
[2026-05-29T01:37:58.662+0200] {logging_mixin.py:151} INFO - [2026-05-29T01:37:58.662+0200] {dagbag.py:539} INFO - Filling up the DagBag from /home/frederic/airflow_venv/lib/python3.10/site-packages/airflow/example_dags/example_complex.py
[2026-05-29T01:37:58.674+0200] {processor.py:839} INFO - DAG(s) dict_keys(['example_complex']) retrieved from /home/frederic/airflow_venv/lib/python3.10/site-packages/airflow/example_dags/example_complex.py
[2026-05-29T01:37:58.703+0200] {logging_mixin.py:151} INFO - [2026-05-29T01:37:58.703+0200] {dag.py:2915} INFO - Sync 1 DAGs
[2026-05-29T01:37:58.716+0200] {logging_mixin.py:151} INFO - [2026-05-29T01:37:58.715+0200] {dag.py:3696} INFO - Setting next_dagrun for example_complex to None, run_after=None
[2026-05-29T01:37:58.733+0200] {processor.py:179} INFO - Processing /home/frederic/airflow_venv/lib/python3.10/site-packages/airflow/example_dags/example_complex.py took 0.075 seconds
[2026-05-29T01:38:43.907+0200] {processor.py:157} INFO - Started process (PID=596382) to work on /home/frederic/airflow_venv/lib/python3.10/site-packages/airflow/example_dags/example_complex.py
[2026-05-29T01:38:43.908+0200] {processor.py:829} INFO - Processing file /home/frederic/airflow_venv/lib/python3.10/site-packages/airflow/example_dags/example_complex.py for tasks to queue
[2026-05-29T01:38:43.909+0200] {logging_mixin.py:151} INFO - [2026-05-29T01:38:43.909+0200] {dagbag.py:539} INFO - Filling up the DagBag from /home/frederic/airflow_venv/lib/python3.10/site-packages/airflow/example_dags/example_complex.py
[2026-05-29T01:38:43.923+0200] {processor.py:839} INFO - DAG(s) dict_keys(['example_complex']) retrieved from /home/frederic/airflow_venv/lib/python3.10/site-packages/airflow/example_dags/example_complex.py
[2026-05-29T01:38:43.951+0200] {logging_mixin.py:151} INFO - [2026-05-29T01:38:43.951+0200] {dag.py:2915} INFO - Sync 1 DAGs
[2026-05-29T01:38:43.961+0200] {logging_mixin.py:151} INFO - [2026-05-29T01:38:43.961+0200] {dag.py:3696} INFO - Setting next_dagrun for example_complex to None, run_after=None
[2026-05-29T01:38:43.977+0200] {processor.py:179} INFO - Processing /home/frederic/airflow_venv/lib/python3.10/site-packages/airflow/example_dags/example_complex.py took 0.072 seconds
[2026-05-29T01:39:31.488+0200] {processor.py:157} INFO - Started process (PID=597475) to work on /home/frederic/airflow_venv/lib/python3.10/site-packages/airflow/example_dags/example_complex.py
[2026-05-29T01:39:31.489+0200] {processor.py:829} INFO - Processing file /home/frederic/airflow_venv/lib/python3.10/site-packages/airflow/example_dags/example_complex.py for tasks to queue
[2026-05-29T01:39:31.490+0200] {logging_mixin.py:151} INFO - [2026-05-29T01:39:31.490+0200] {dagbag.py:539} INFO - Filling up the DagBag from /home/frederic/airflow_venv/lib/python3.10/site-packages/airflow/example_dags/example_complex.py
[2026-05-29T01:39:31.501+0200] {processor.py:839} INFO - DAG(s) dict_keys(['example_complex']) retrieved from /home/frederic/airflow_venv/lib/python3.10/site-packages/airflow/example_dags/example_complex.py
[2026-05-29T01:39:31.528+0200] {logging_mixin.py:151} INFO - [2026-05-29T01:39:31.527+0200] {dag.py:2915} INFO - Sync 1 DAGs
[2026-05-29T01:39:31.538+0200] {logging_mixin.py:151} INFO - [2026-05-29T01:39:31.538+0200] {dag.py:3696} INFO - Setting next_dagrun for example_complex to None, run_after=None
[2026-05-29T01:39:31.558+0200] {processor.py:179} INFO - Processing /home/frederic/airflow_venv/lib/python3.10/site-packages/airflow/example_dags/example_complex.py took 0.072 seconds
[2026-05-29T01:40:20.220+0200] {processor.py:157} INFO - Started process (PID=598720) to work on /home/frederic/airflow_venv/lib/python3.10/site-packages/airflow/example_dags/example_complex.py
[2026-05-29T01:40:20.220+0200] {processor.py:829} INFO - Processing file /home/frederic/airflow_venv/lib/python3.10/site-packages/airflow/example_dags/example_complex.py for tasks to queue
[2026-05-29T01:40:20.221+0200] {logging_mixin.py:151} INFO - [2026-05-29T01:40:20.221+0200] {dagbag.py:539} INFO - Filling up the DagBag from /home/frederic/airflow_venv/lib/python3.10/site-packages/airflow/example_dags/example_complex.py
[2026-05-29T01:40:20.231+0200] {processor.py:839} INFO - DAG(s) dict_keys(['example_complex']) retrieved from /home/frederic/airflow_venv/lib/python3.10/site-packages/airflow/example_dags/example_complex.py
[2026-05-29T01:40:20.255+0200] {logging_mixin.py:151} INFO - [2026-05-29T01:40:20.255+0200] {dag.py:2915} INFO - Sync 1 DAGs
[2026-05-29T01:40:20.264+0200] {logging_mixin.py:151} INFO - [2026-05-29T01:40:20.263+0200] {dag.py:3696} INFO - Setting next_dagrun for example_complex to None, run_after=None
[2026-05-29T01:40:20.278+0200] {processor.py:179} INFO - Processing /home/frederic/airflow_venv/lib/python3.10/site-packages/airflow/example_dags/example_complex.py took 0.061 seconds
[2026-05-29T01:41:08.016+0200] {processor.py:157} INFO - Started process (PID=599735) to work on /home/frederic/airflow_venv/lib/python3.10/site-packages/airflow/example_dags/example_complex.py
[2026-05-29T01:41:08.018+0200] {processor.py:829} INFO - Processing file /home/frederic/airflow_venv/lib/python3.10/site-packages/airflow/example_dags/example_complex.py for tasks to queue
[2026-05-29T01:41:08.018+0200] {logging_mixin.py:151} INFO - [2026-05-29T01:41:08.018+0200] {dagbag.py:539} INFO - Filling up the DagBag from /home/frederic/airflow_venv/lib/python3.10/site-packages/airflow/example_dags/example_complex.py
[2026-05-29T01:41:08.029+0200] {processor.py:839} INFO - DAG(s) dict_keys(['example_complex']) retrieved from /home/frederic/airflow_venv/lib/python3.10/site-packages/airflow/example_dags/example_complex.py
[2026-05-29T01:41:08.055+0200] {logging_mixin.py:151} INFO - [2026-05-29T01:41:08.055+0200] {dag.py:2915} INFO - Sync 1 DAGs
[2026-05-29T01:41:08.066+0200] {logging_mixin.py:151} INFO - [2026-05-29T01:41:08.066+0200] {dag.py:3696} INFO - Setting next_dagrun for example_complex to None, run_after=None
[2026-05-29T01:41:08.083+0200] {processor.py:179} INFO - Processing /home/frederic/airflow_venv/lib/python3.10/site-packages/airflow/example_dags/example_complex.py took 0.069 seconds
[2026-05-29T01:41:50.520+0200] {processor.py:157} INFO - Started process (PID=600980) to work on /home/frederic/airflow_venv/lib/python3.10/site-packages/airflow/example_dags/example_complex.py
[2026-05-29T01:41:50.524+0200] {processor.py:829} INFO - Processing file /home/frederic/airflow_venv/lib/python3.10/site-packages/airflow/example_dags/example_complex.py for tasks to queue
[2026-05-29T01:41:50.524+0200] {logging_mixin.py:151} INFO - [2026-05-29T01:41:50.524+0200] {dagbag.py:539} INFO - Filling up the DagBag from /home/frederic/airflow_venv/lib/python3.10/site-packages/airflow/example_dags/example_complex.py
[2026-05-29T01:41:50.535+0200] {processor.py:839} INFO - DAG(s) dict_keys(['example_complex']) retrieved from /home/frederic/airflow_venv/lib/python3.10/site-packages/airflow/example_dags/example_complex.py
[2026-05-29T01:41:50.560+0200] {logging_mixin.py:151} INFO - [2026-05-29T01:41:50.560+0200] {dag.py:2915} INFO - Sync 1 DAGs
[2026-05-29T01:41:50.570+0200] {logging_mixin.py:151} INFO - [2026-05-29T01:41:50.570+0200] {dag.py:3696} INFO - Setting next_dagrun for example_complex to None, run_after=None
[2026-05-29T01:41:50.590+0200] {processor.py:179} INFO - Processing /home/frederic/airflow_venv/lib/python3.10/site-packages/airflow/example_dags/example_complex.py took 0.072 seconds
[2026-05-29T01:42:35.601+0200] {processor.py:157} INFO - Started process (PID=601755) to work on /home/frederic/airflow_venv/lib/python3.10/site-packages/airflow/example_dags/example_complex.py
[2026-05-29T01:42:35.604+0200] {processor.py:829} INFO - Processing file /home/frederic/airflow_venv/lib/python3.10/site-packages/airflow/example_dags/example_complex.py for tasks to queue
[2026-05-29T01:42:35.604+0200] {logging_mixin.py:151} INFO - [2026-05-29T01:42:35.604+0200] {dagbag.py:539} INFO - Filling up the DagBag from /home/frederic/airflow_venv/lib/python3.10/site-packages/airflow/example_dags/example_complex.py
[2026-05-29T01:42:35.614+0200] {processor.py:839} INFO - DAG(s) dict_keys(['example_complex']) retrieved from /home/frederic/airflow_venv/lib/python3.10/site-packages/airflow/example_dags/example_complex.py
[2026-05-29T01:42:35.635+0200] {logging_mixin.py:151} INFO - [2026-05-29T01:42:35.635+0200] {dag.py:2915} INFO - Sync 1 DAGs
[2026-05-29T01:42:35.645+0200] {logging_mixin.py:151} INFO - [2026-05-29T01:42:35.645+0200] {dag.py:3696} INFO - Setting next_dagrun for example_complex to None, run_after=None
[2026-05-29T01:42:35.660+0200] {processor.py:179} INFO - Processing /home/frederic/airflow_venv/lib/python3.10/site-packages/airflow/example_dags/example_complex.py took 0.062 seconds
[2026-05-29T01:43:24.236+0200] {processor.py:157} INFO - Started process (PID=602673) to work on /home/frederic/airflow_venv/lib/python3.10/site-packages/airflow/example_dags/example_complex.py
[2026-05-29T01:43:24.239+0200] {processor.py:829} INFO - Processing file /home/frederic/airflow_venv/lib/python3.10/site-packages/airflow/example_dags/example_complex.py for tasks to queue
[2026-05-29T01:43:24.240+0200] {logging_mixin.py:151} INFO - [2026-05-29T01:43:24.240+0200] {dagbag.py:539} INFO - Filling up the DagBag from /home/frederic/airflow_venv/lib/python3.10/site-packages/airflow/example_dags/example_complex.py
[2026-05-29T01:43:24.249+0200] {processor.py:839} INFO - DAG(s) dict_keys(['example_complex']) retrieved from /home/frederic/airflow_venv/lib/python3.10/site-packages/airflow/example_dags/example_complex.py
[2026-05-29T01:43:24.272+0200] {logging_mixin.py:151} INFO - [2026-05-29T01:43:24.272+0200] {dag.py:2915} INFO - Sync 1 DAGs
[2026-05-29T01:43:24.281+0200] {logging_mixin.py:151} INFO - [2026-05-29T01:43:24.281+0200] {dag.py:3696} INFO - Setting next_dagrun for example_complex to None, run_after=None
[2026-05-29T01:43:24.298+0200] {processor.py:179} INFO - Processing /home/frederic/airflow_venv/lib/python3.10/site-packages/airflow/example_dags/example_complex.py took 0.064 seconds
[2026-05-29T01:44:14.501+0200] {processor.py:157} INFO - Started process (PID=603537) to work on /home/frederic/airflow_venv/lib/python3.10/site-packages/airflow/example_dags/example_complex.py
[2026-05-29T01:44:14.502+0200] {processor.py:829} INFO - Processing file /home/frederic/airflow_venv/lib/python3.10/site-packages/airflow/example_dags/example_complex.py for tasks to queue
[2026-05-29T01:44:14.503+0200] {logging_mixin.py:151} INFO - [2026-05-29T01:44:14.503+0200] {dagbag.py:539} INFO - Filling up the DagBag from /home/frederic/airflow_venv/lib/python3.10/site-packages/airflow/example_dags/example_complex.py
[2026-05-29T01:44:14.513+0200] {processor.py:839} INFO - DAG(s) dict_keys(['example_complex']) retrieved from /home/frederic/airflow_venv/lib/python3.10/site-packages/airflow/example_dags/example_complex.py
[2026-05-29T01:44:14.541+0200] {logging_mixin.py:151} INFO - [2026-05-29T01:44:14.540+0200] {dag.py:2915} INFO - Sync 1 DAGs
[2026-05-29T01:44:14.554+0200] {logging_mixin.py:151} INFO - [2026-05-29T01:44:14.554+0200] {dag.py:3696} INFO - Setting next_dagrun for example_complex to None, run_after=None
[2026-05-29T01:44:14.572+0200] {processor.py:179} INFO - Processing /home/frederic/airflow_venv/lib/python3.10/site-packages/airflow/example_dags/example_complex.py took 0.073 seconds
[2026-05-29T01:45:01.477+0200] {processor.py:157} INFO - Started process (PID=605042) to work on /home/frederic/airflow_venv/lib/python3.10/site-packages/airflow/example_dags/example_complex.py
[2026-05-29T01:45:01.478+0200] {processor.py:829} INFO - Processing file /home/frederic/airflow_venv/lib/python3.10/site-packages/airflow/example_dags/example_complex.py for tasks to queue
[2026-05-29T01:45:01.479+0200] {logging_mixin.py:151} INFO - [2026-05-29T01:45:01.478+0200] {dagbag.py:539} INFO - Filling up the DagBag from /home/frederic/airflow_venv/lib/python3.10/site-packages/airflow/example_dags/example_complex.py
[2026-05-29T01:45:01.488+0200] {processor.py:839} INFO - DAG(s) dict_keys(['example_complex']) retrieved from /home/frederic/airflow_venv/lib/python3.10/site-packages/airflow/example_dags/example_complex.py
[2026-05-29T01:45:01.509+0200] {logging_mixin.py:151} INFO - [2026-05-29T01:45:01.509+0200] {dag.py:2915} INFO - Sync 1 DAGs
[2026-05-29T01:45:01.519+0200] {logging_mixin.py:151} INFO - [2026-05-29T01:45:01.519+0200] {dag.py:3696} INFO - Setting next_dagrun for example_complex to None, run_after=None
[2026-05-29T01:45:01.534+0200] {processor.py:179} INFO - Processing /home/frederic/airflow_venv/lib/python3.10/site-packages/airflow/example_dags/example_complex.py took 0.059 seconds
[2026-05-29T01:45:52.097+0200] {processor.py:157} INFO - Started process (PID=606783) to work on /home/frederic/airflow_venv/lib/python3.10/site-packages/airflow/example_dags/example_complex.py
[2026-05-29T01:45:52.097+0200] {processor.py:829} INFO - Processing file /home/frederic/airflow_venv/lib/python3.10/site-packages/airflow/example_dags/example_complex.py for tasks to queue
[2026-05-29T01:45:52.098+0200] {logging_mixin.py:151} INFO - [2026-05-29T01:45:52.098+0200] {dagbag.py:539} INFO - Filling up the DagBag from /home/frederic/airflow_venv/lib/python3.10/site-packages/airflow/example_dags/example_complex.py
[2026-05-29T01:45:52.109+0200] {processor.py:839} INFO - DAG(s) dict_keys(['example_complex']) retrieved from /home/frederic/airflow_venv/lib/python3.10/site-packages/airflow/example_dags/example_complex.py
[2026-05-29T01:45:52.130+0200] {logging_mixin.py:151} INFO - [2026-05-29T01:45:52.130+0200] {dag.py:2915} INFO - Sync 1 DAGs
[2026-05-29T01:45:52.142+0200] {logging_mixin.py:151} INFO - [2026-05-29T01:45:52.142+0200] {dag.py:3696} INFO - Setting next_dagrun for example_complex to None, run_after=None
[2026-05-29T01:45:52.163+0200] {processor.py:179} INFO - Processing /home/frederic/airflow_venv/lib/python3.10/site-packages/airflow/example_dags/example_complex.py took 0.069 seconds
[2026-05-29T01:46:42.733+0200] {processor.py:157} INFO - Started process (PID=609114) to work on /home/frederic/airflow_venv/lib/python3.10/site-packages/airflow/example_dags/example_complex.py
[2026-05-29T01:46:42.734+0200] {processor.py:829} INFO - Processing file /home/frederic/airflow_venv/lib/python3.10/site-packages/airflow/example_dags/example_complex.py for tasks to queue
[2026-05-29T01:46:42.735+0200] {logging_mixin.py:151} INFO - [2026-05-29T01:46:42.735+0200] {dagbag.py:539} INFO - Filling up the DagBag from /home/frederic/airflow_venv/lib/python3.10/site-packages/airflow/example_dags/example_complex.py
[2026-05-29T01:46:42.748+0200] {processor.py:839} INFO - DAG(s) dict_keys(['example_complex']) retrieved from /home/frederic/airflow_venv/lib/python3.10/site-packages/airflow/example_dags/example_complex.py
[2026-05-29T01:46:42.774+0200] {logging_mixin.py:151} INFO - [2026-05-29T01:46:42.773+0200] {dag.py:2915} INFO - Sync 1 DAGs
[2026-05-29T01:46:42.785+0200] {logging_mixin.py:151} INFO - [2026-05-29T01:46:42.785+0200] {dag.py:3696} INFO - Setting next_dagrun for example_complex to None, run_after=None
[2026-05-29T01:46:42.800+0200] {processor.py:179} INFO - Processing /home/frederic/airflow_venv/lib/python3.10/site-packages/airflow/example_dags/example_complex.py took 0.070 seconds
[2026-05-29T01:47:27.760+0200] {processor.py:157} INFO - Started process (PID=610394) to work on /home/frederic/airflow_venv/lib/python3.10/site-packages/airflow/example_dags/example_complex.py
[2026-05-29T01:47:27.761+0200] {processor.py:829} INFO - Processing file /home/frederic/airflow_venv/lib/python3.10/site-packages/airflow/example_dags/example_complex.py for tasks to queue
[2026-05-29T01:47:27.762+0200] {logging_mixin.py:151} INFO - [2026-05-29T01:47:27.762+0200] {dagbag.py:539} INFO - Filling up the DagBag from /home/frederic/airflow_venv/lib/python3.10/site-packages/airflow/example_dags/example_complex.py
[2026-05-29T01:47:27.771+0200] {processor.py:839} INFO - DAG(s) dict_keys(['example_complex']) retrieved from /home/frederic/airflow_venv/lib/python3.10/site-packages/airflow/example_dags/example_complex.py
[2026-05-29T01:47:27.794+0200] {logging_mixin.py:151} INFO - [2026-05-29T01:47:27.794+0200] {dag.py:2915} INFO - Sync 1 DAGs
[2026-05-29T01:47:27.804+0200] {logging_mixin.py:151} INFO - [2026-05-29T01:47:27.804+0200] {dag.py:3696} INFO - Setting next_dagrun for example_complex to None, run_after=None
[2026-05-29T01:47:27.819+0200] {processor.py:179} INFO - Processing /home/frederic/airflow_venv/lib/python3.10/site-packages/airflow/example_dags/example_complex.py took 0.061 seconds
[2026-05-29T01:48:12.128+0200] {processor.py:157} INFO - Started process (PID=611654) to work on /home/frederic/airflow_venv/lib/python3.10/site-packages/airflow/example_dags/example_complex.py
[2026-05-29T01:48:12.129+0200] {processor.py:829} INFO - Processing file /home/frederic/airflow_venv/lib/python3.10/site-packages/airflow/example_dags/example_complex.py for tasks to queue
[2026-05-29T01:48:12.129+0200] {logging_mixin.py:151} INFO - [2026-05-29T01:48:12.129+0200] {dagbag.py:539} INFO - Filling up the DagBag from /home/frederic/airflow_venv/lib/python3.10/site-packages/airflow/example_dags/example_complex.py
[2026-05-29T01:48:12.140+0200] {processor.py:839} INFO - DAG(s) dict_keys(['example_complex']) retrieved from /home/frederic/airflow_venv/lib/python3.10/site-packages/airflow/example_dags/example_complex.py
[2026-05-29T01:48:12.169+0200] {logging_mixin.py:151} INFO - [2026-05-29T01:48:12.169+0200] {dag.py:2915} INFO - Sync 1 DAGs
[2026-05-29T01:48:12.185+0200] {logging_mixin.py:151} INFO - [2026-05-29T01:48:12.184+0200] {dag.py:3696} INFO - Setting next_dagrun for example_complex to None, run_after=None
[2026-05-29T01:48:12.205+0200] {processor.py:179} INFO - Processing /home/frederic/airflow_venv/lib/python3.10/site-packages/airflow/example_dags/example_complex.py took 0.080 seconds
[2026-05-29T01:48:58.995+0200] {processor.py:157} INFO - Started process (PID=612962) to work on /home/frederic/airflow_venv/lib/python3.10/site-packages/airflow/example_dags/example_complex.py
[2026-05-29T01:48:58.998+0200] {processor.py:829} INFO - Processing file /home/frederic/airflow_venv/lib/python3.10/site-packages/airflow/example_dags/example_complex.py for tasks to queue
[2026-05-29T01:48:58.999+0200] {logging_mixin.py:151} INFO - [2026-05-29T01:48:58.999+0200] {dagbag.py:539} INFO - Filling up the DagBag from /home/frederic/airflow_venv/lib/python3.10/site-packages/airflow/example_dags/example_complex.py
[2026-05-29T01:48:59.008+0200] {processor.py:839} INFO - DAG(s) dict_keys(['example_complex']) retrieved from /home/frederic/airflow_venv/lib/python3.10/site-packages/airflow/example_dags/example_complex.py
[2026-05-29T01:48:59.031+0200] {logging_mixin.py:151} INFO - [2026-05-29T01:48:59.031+0200] {dag.py:2915} INFO - Sync 1 DAGs
[2026-05-29T01:48:59.040+0200] {logging_mixin.py:151} INFO - [2026-05-29T01:48:59.040+0200] {dag.py:3696} INFO - Setting next_dagrun for example_complex to None, run_after=None
[2026-05-29T01:48:59.057+0200] {processor.py:179} INFO - Processing /home/frederic/airflow_venv/lib/python3.10/site-packages/airflow/example_dags/example_complex.py took 0.064 seconds
[2026-05-29T01:49:41.938+0200] {processor.py:157} INFO - Started process (PID=614064) to work on /home/frederic/airflow_venv/lib/python3.10/site-packages/airflow/example_dags/example_complex.py
[2026-05-29T01:49:41.939+0200] {processor.py:829} INFO - Processing file /home/frederic/airflow_venv/lib/python3.10/site-packages/airflow/example_dags/example_complex.py for tasks to queue
[2026-05-29T01:49:41.940+0200] {logging_mixin.py:151} INFO - [2026-05-29T01:49:41.940+0200] {dagbag.py:539} INFO - Filling up the DagBag from /home/frederic/airflow_venv/lib/python3.10/site-packages/airflow/example_dags/example_complex.py
[2026-05-29T01:49:41.950+0200] {processor.py:839} INFO - DAG(s) dict_keys(['example_complex']) retrieved from /home/frederic/airflow_venv/lib/python3.10/site-packages/airflow/example_dags/example_complex.py
[2026-05-29T01:49:41.973+0200] {logging_mixin.py:151} INFO - [2026-05-29T01:49:41.973+0200] {dag.py:2915} INFO - Sync 1 DAGs
[2026-05-29T01:49:41.982+0200] {logging_mixin.py:151} INFO - [2026-05-29T01:49:41.982+0200] {dag.py:3696} INFO - Setting next_dagrun for example_complex to None, run_after=None
[2026-05-29T01:49:41.999+0200] {processor.py:179} INFO - Processing /home/frederic/airflow_venv/lib/python3.10/site-packages/airflow/example_dags/example_complex.py took 0.063 seconds
[2026-05-29T01:50:34.500+0200] {processor.py:157} INFO - Started process (PID=615694) to work on /home/frederic/airflow_venv/lib/python3.10/site-packages/airflow/example_dags/example_complex.py
[2026-05-29T01:50:34.503+0200] {processor.py:829} INFO - Processing file /home/frederic/airflow_venv/lib/python3.10/site-packages/airflow/example_dags/example_complex.py for tasks to queue
[2026-05-29T01:50:34.504+0200] {logging_mixin.py:151} INFO - [2026-05-29T01:50:34.503+0200] {dagbag.py:539} INFO - Filling up the DagBag from /home/frederic/airflow_venv/lib/python3.10/site-packages/airflow/example_dags/example_complex.py
[2026-05-29T01:50:34.513+0200] {processor.py:839} INFO - DAG(s) dict_keys(['example_complex']) retrieved from /home/frederic/airflow_venv/lib/python3.10/site-packages/airflow/example_dags/example_complex.py
[2026-05-29T01:50:34.538+0200] {logging_mixin.py:151} INFO - [2026-05-29T01:50:34.538+0200] {dag.py:2915} INFO - Sync 1 DAGs
[2026-05-29T01:50:34.548+0200] {logging_mixin.py:151} INFO - [2026-05-29T01:50:34.548+0200] {dag.py:3696} INFO - Setting next_dagrun for example_complex to None, run_after=None
[2026-05-29T01:50:34.566+0200] {processor.py:179} INFO - Processing /home/frederic/airflow_venv/lib/python3.10/site-packages/airflow/example_dags/example_complex.py took 0.069 seconds
[2026-05-29T01:51:19.183+0200] {processor.py:157} INFO - Started process (PID=616778) to work on /home/frederic/airflow_venv/lib/python3.10/site-packages/airflow/example_dags/example_complex.py
[2026-05-29T01:51:19.184+0200] {processor.py:829} INFO - Processing file /home/frederic/airflow_venv/lib/python3.10/site-packages/airflow/example_dags/example_complex.py for tasks to queue
[2026-05-29T01:51:19.185+0200] {logging_mixin.py:151} INFO - [2026-05-29T01:51:19.184+0200] {dagbag.py:539} INFO - Filling up the DagBag from /home/frederic/airflow_venv/lib/python3.10/site-packages/airflow/example_dags/example_complex.py
[2026-05-29T01:51:19.198+0200] {processor.py:839} INFO - DAG(s) dict_keys(['example_complex']) retrieved from /home/frederic/airflow_venv/lib/python3.10/site-packages/airflow/example_dags/example_complex.py
[2026-05-29T01:51:19.223+0200] {logging_mixin.py:151} INFO - [2026-05-29T01:51:19.222+0200] {dag.py:2915} INFO - Sync 1 DAGs
[2026-05-29T01:51:19.233+0200] {logging_mixin.py:151} INFO - [2026-05-29T01:51:19.233+0200] {dag.py:3696} INFO - Setting next_dagrun for example_complex to None, run_after=None
[2026-05-29T01:51:19.250+0200] {processor.py:179} INFO - Processing /home/frederic/airflow_venv/lib/python3.10/site-packages/airflow/example_dags/example_complex.py took 0.069 seconds
[2026-05-29T01:52:09.943+0200] {processor.py:157} INFO - Started process (PID=618045) to work on /home/frederic/airflow_venv/lib/python3.10/site-packages/airflow/example_dags/example_complex.py
[2026-05-29T01:52:09.944+0200] {processor.py:829} INFO - Processing file /home/frederic/airflow_venv/lib/python3.10/site-packages/airflow/example_dags/example_complex.py for tasks to queue
[2026-05-29T01:52:09.945+0200] {logging_mixin.py:151} INFO - [2026-05-29T01:52:09.945+0200] {dagbag.py:539} INFO - Filling up the DagBag from /home/frederic/airflow_venv/lib/python3.10/site-packages/airflow/example_dags/example_complex.py
[2026-05-29T01:52:09.957+0200] {processor.py:839} INFO - DAG(s) dict_keys(['example_complex']) retrieved from /home/frederic/airflow_venv/lib/python3.10/site-packages/airflow/example_dags/example_complex.py
[2026-05-29T01:52:09.981+0200] {logging_mixin.py:151} INFO - [2026-05-29T01:52:09.981+0200] {dag.py:2915} INFO - Sync 1 DAGs
[2026-05-29T01:52:09.992+0200] {logging_mixin.py:151} INFO - [2026-05-29T01:52:09.992+0200] {dag.py:3696} INFO - Setting next_dagrun for example_complex to None, run_after=None
[2026-05-29T01:52:10.012+0200] {processor.py:179} INFO - Processing /home/frederic/airflow_venv/lib/python3.10/site-packages/airflow/example_dags/example_complex.py took 0.072 seconds
[2026-05-29T01:52:58.470+0200] {processor.py:157} INFO - Started process (PID=619678) to work on /home/frederic/airflow_venv/lib/python3.10/site-packages/airflow/example_dags/example_complex.py
[2026-05-29T01:52:58.471+0200] {processor.py:829} INFO - Processing file /home/frederic/airflow_venv/lib/python3.10/site-packages/airflow/example_dags/example_complex.py for tasks to queue
[2026-05-29T01:52:58.471+0200] {logging_mixin.py:151} INFO - [2026-05-29T01:52:58.471+0200] {dagbag.py:539} INFO - Filling up the DagBag from /home/frederic/airflow_venv/lib/python3.10/site-packages/airflow/example_dags/example_complex.py
[2026-05-29T01:52:58.481+0200] {processor.py:839} INFO - DAG(s) dict_keys(['example_complex']) retrieved from /home/frederic/airflow_venv/lib/python3.10/site-packages/airflow/example_dags/example_complex.py
[2026-05-29T01:52:58.503+0200] {logging_mixin.py:151} INFO - [2026-05-29T01:52:58.503+0200] {dag.py:2915} INFO - Sync 1 DAGs
[2026-05-29T01:52:58.513+0200] {logging_mixin.py:151} INFO - [2026-05-29T01:52:58.513+0200] {dag.py:3696} INFO - Setting next_dagrun for example_complex to None, run_after=None
[2026-05-29T01:52:58.529+0200] {processor.py:179} INFO - Processing /home/frederic/airflow_venv/lib/python3.10/site-packages/airflow/example_dags/example_complex.py took 0.062 seconds
[2026-05-29T01:53:43.186+0200] {processor.py:157} INFO - Started process (PID=620896) to work on /home/frederic/airflow_venv/lib/python3.10/site-packages/airflow/example_dags/example_complex.py
[2026-05-29T01:53:43.187+0200] {processor.py:829} INFO - Processing file /home/frederic/airflow_venv/lib/python3.10/site-packages/airflow/example_dags/example_complex.py for tasks to queue
[2026-05-29T01:53:43.188+0200] {logging_mixin.py:151} INFO - [2026-05-29T01:53:43.188+0200] {dagbag.py:539} INFO - Filling up the DagBag from /home/frederic/airflow_venv/lib/python3.10/site-packages/airflow/example_dags/example_complex.py
[2026-05-29T01:53:43.198+0200] {processor.py:839} INFO - DAG(s) dict_keys(['example_complex']) retrieved from /home/frederic/airflow_venv/lib/python3.10/site-packages/airflow/example_dags/example_complex.py
[2026-05-29T01:53:43.223+0200] {logging_mixin.py:151} INFO - [2026-05-29T01:53:43.223+0200] {dag.py:2915} INFO - Sync 1 DAGs
[2026-05-29T01:53:43.235+0200] {logging_mixin.py:151} INFO - [2026-05-29T01:53:43.234+0200] {dag.py:3696} INFO - Setting next_dagrun for example_complex to None, run_after=None
[2026-05-29T01:53:43.251+0200] {processor.py:179} INFO - Processing /home/frederic/airflow_venv/lib/python3.10/site-packages/airflow/example_dags/example_complex.py took 0.068 seconds
[2026-05-29T01:54:30.868+0200] {processor.py:157} INFO - Started process (PID=622092) to work on /home/frederic/airflow_venv/lib/python3.10/site-packages/airflow/example_dags/example_complex.py
[2026-05-29T01:54:30.868+0200] {processor.py:829} INFO - Processing file /home/frederic/airflow_venv/lib/python3.10/site-packages/airflow/example_dags/example_complex.py for tasks to queue
[2026-05-29T01:54:30.869+0200] {logging_mixin.py:151} INFO - [2026-05-29T01:54:30.869+0200] {dagbag.py:539} INFO - Filling up the DagBag from /home/frederic/airflow_venv/lib/python3.10/site-packages/airflow/example_dags/example_complex.py
[2026-05-29T01:54:30.879+0200] {processor.py:839} INFO - DAG(s) dict_keys(['example_complex']) retrieved from /home/frederic/airflow_venv/lib/python3.10/site-packages/airflow/example_dags/example_complex.py
[2026-05-29T01:54:30.900+0200] {logging_mixin.py:151} INFO - [2026-05-29T01:54:30.900+0200] {dag.py:2915} INFO - Sync 1 DAGs
[2026-05-29T01:54:30.910+0200] {logging_mixin.py:151} INFO - [2026-05-29T01:54:30.910+0200] {dag.py:3696} INFO - Setting next_dagrun for example_complex to None, run_after=None
[2026-05-29T01:54:30.927+0200] {processor.py:179} INFO - Processing /home/frederic/airflow_venv/lib/python3.10/site-packages/airflow/example_dags/example_complex.py took 0.061 seconds
[2026-05-29T01:55:25.942+0200] {processor.py:157} INFO - Started process (PID=624304) to work on /home/frederic/airflow_venv/lib/python3.10/site-packages/airflow/example_dags/example_complex.py
[2026-05-29T01:55:25.946+0200] {processor.py:829} INFO - Processing file /home/frederic/airflow_venv/lib/python3.10/site-packages/airflow/example_dags/example_complex.py for tasks to queue
[2026-05-29T01:55:25.946+0200] {logging_mixin.py:151} INFO - [2026-05-29T01:55:25.946+0200] {dagbag.py:539} INFO - Filling up the DagBag from /home/frederic/airflow_venv/lib/python3.10/site-packages/airflow/example_dags/example_complex.py
[2026-05-29T01:55:25.956+0200] {processor.py:839} INFO - DAG(s) dict_keys(['example_complex']) retrieved from /home/frederic/airflow_venv/lib/python3.10/site-packages/airflow/example_dags/example_complex.py
[2026-05-29T01:55:25.963+0200] {logging_mixin.py:151} INFO - [2026-05-29T01:55:25.962+0200] {dag.py:2915} INFO - Sync 1 DAGs
[2026-05-29T01:55:25.975+0200] {logging_mixin.py:151} INFO - [2026-05-29T01:55:25.975+0200] {dag.py:3696} INFO - Setting next_dagrun for example_complex to None, run_after=None
[2026-05-29T01:55:25.996+0200] {processor.py:179} INFO - Processing /home/frederic/airflow_venv/lib/python3.10/site-packages/airflow/example_dags/example_complex.py took 0.056 seconds
[2026-05-29T01:55:57.183+0200] {processor.py:157} INFO - Started process (PID=625124) to work on /home/frederic/airflow_venv/lib/python3.10/site-packages/airflow/example_dags/example_complex.py
[2026-05-29T01:55:57.184+0200] {processor.py:829} INFO - Processing file /home/frederic/airflow_venv/lib/python3.10/site-packages/airflow/example_dags/example_complex.py for tasks to queue
[2026-05-29T01:55:57.184+0200] {logging_mixin.py:151} INFO - [2026-05-29T01:55:57.184+0200] {dagbag.py:539} INFO - Filling up the DagBag from /home/frederic/airflow_venv/lib/python3.10/site-packages/airflow/example_dags/example_complex.py
[2026-05-29T01:55:57.197+0200] {processor.py:839} INFO - DAG(s) dict_keys(['example_complex']) retrieved from /home/frederic/airflow_venv/lib/python3.10/site-packages/airflow/example_dags/example_complex.py
[2026-05-29T01:55:57.226+0200] {logging_mixin.py:151} INFO - [2026-05-29T01:55:57.226+0200] {dag.py:2915} INFO - Sync 1 DAGs
[2026-05-29T01:55:57.236+0200] {logging_mixin.py:151} INFO - [2026-05-29T01:55:57.236+0200] {dag.py:3696} INFO - Setting next_dagrun for example_complex to None, run_after=None
[2026-05-29T01:55:57.255+0200] {processor.py:179} INFO - Processing /home/frederic/airflow_venv/lib/python3.10/site-packages/airflow/example_dags/example_complex.py took 0.074 seconds
[2026-05-29T01:56:25.527+0200] {processor.py:157} INFO - Started process (PID=626186) to work on /home/frederic/airflow_venv/lib/python3.10/site-packages/airflow/example_dags/example_complex.py
[2026-05-29T01:56:25.528+0200] {processor.py:829} INFO - Processing file /home/frederic/airflow_venv/lib/python3.10/site-packages/airflow/example_dags/example_complex.py for tasks to queue
[2026-05-29T01:56:25.529+0200] {logging_mixin.py:151} INFO - [2026-05-29T01:56:25.529+0200] {dagbag.py:539} INFO - Filling up the DagBag from /home/frederic/airflow_venv/lib/python3.10/site-packages/airflow/example_dags/example_complex.py
[2026-05-29T01:56:25.540+0200] {processor.py:839} INFO - DAG(s) dict_keys(['example_complex']) retrieved from /home/frederic/airflow_venv/lib/python3.10/site-packages/airflow/example_dags/example_complex.py
[2026-05-29T01:56:25.567+0200] {logging_mixin.py:151} INFO - [2026-05-29T01:56:25.567+0200] {dag.py:2915} INFO - Sync 1 DAGs
[2026-05-29T01:56:25.577+0200] {logging_mixin.py:151} INFO - [2026-05-29T01:56:25.577+0200] {dag.py:3696} INFO - Setting next_dagrun for example_complex to None, run_after=None
[2026-05-29T01:56:25.599+0200] {processor.py:179} INFO - Processing /home/frederic/airflow_venv/lib/python3.10/site-packages/airflow/example_dags/example_complex.py took 0.074 seconds
[2026-05-29T01:56:49.967+0200] {processor.py:157} INFO - Started process (PID=626967) to work on /home/frederic/airflow_venv/lib/python3.10/site-packages/airflow/example_dags/example_complex.py
[2026-05-29T01:56:49.968+0200] {processor.py:829} INFO - Processing file /home/frederic/airflow_venv/lib/python3.10/site-packages/airflow/example_dags/example_complex.py for tasks to queue
[2026-05-29T01:56:49.969+0200] {logging_mixin.py:151} INFO - [2026-05-29T01:56:49.968+0200] {dagbag.py:539} INFO - Filling up the DagBag from /home/frederic/airflow_venv/lib/python3.10/site-packages/airflow/example_dags/example_complex.py
[2026-05-29T01:56:49.981+0200] {processor.py:839} INFO - DAG(s) dict_keys(['example_complex']) retrieved from /home/frederic/airflow_venv/lib/python3.10/site-packages/airflow/example_dags/example_complex.py
[2026-05-29T01:56:50.009+0200] {logging_mixin.py:151} INFO - [2026-05-29T01:56:50.009+0200] {dag.py:2915} INFO - Sync 1 DAGs
[2026-05-29T01:56:50.020+0200] {logging_mixin.py:151} INFO - [2026-05-29T01:56:50.020+0200] {dag.py:3696} INFO - Setting next_dagrun for example_complex to None, run_after=None
[2026-05-29T01:56:50.042+0200] {processor.py:179} INFO - Processing /home/frederic/airflow_venv/lib/python3.10/site-packages/airflow/example_dags/example_complex.py took 0.078 seconds
[2026-05-29T01:57:16.937+0200] {processor.py:157} INFO - Started process (PID=627738) to work on /home/frederic/airflow_venv/lib/python3.10/site-packages/airflow/example_dags/example_complex.py
[2026-05-29T01:57:16.939+0200] {processor.py:829} INFO - Processing file /home/frederic/airflow_venv/lib/python3.10/site-packages/airflow/example_dags/example_complex.py for tasks to queue
[2026-05-29T01:57:16.939+0200] {logging_mixin.py:151} INFO - [2026-05-29T01:57:16.939+0200] {dagbag.py:539} INFO - Filling up the DagBag from /home/frederic/airflow_venv/lib/python3.10/site-packages/airflow/example_dags/example_complex.py
[2026-05-29T01:57:16.951+0200] {processor.py:839} INFO - DAG(s) dict_keys(['example_complex']) retrieved from /home/frederic/airflow_venv/lib/python3.10/site-packages/airflow/example_dags/example_complex.py
[2026-05-29T01:57:16.975+0200] {logging_mixin.py:151} INFO - [2026-05-29T01:57:16.975+0200] {dag.py:2915} INFO - Sync 1 DAGs
[2026-05-29T01:57:16.985+0200] {logging_mixin.py:151} INFO - [2026-05-29T01:57:16.985+0200] {dag.py:3696} INFO - Setting next_dagrun for example_complex to None, run_after=None
[2026-05-29T01:57:17.002+0200] {processor.py:179} INFO - Processing /home/frederic/airflow_venv/lib/python3.10/site-packages/airflow/example_dags/example_complex.py took 0.070 seconds
[2026-05-29T01:57:38.504+0200] {processor.py:157} INFO - Started process (PID=628523) to work on /home/frederic/airflow_venv/lib/python3.10/site-packages/airflow/example_dags/example_complex.py
[2026-05-29T01:57:38.505+0200] {processor.py:829} INFO - Processing file /home/frederic/airflow_venv/lib/python3.10/site-packages/airflow/example_dags/example_complex.py for tasks to queue
[2026-05-29T01:57:38.506+0200] {logging_mixin.py:151} INFO - [2026-05-29T01:57:38.506+0200] {dagbag.py:539} INFO - Filling up the DagBag from /home/frederic/airflow_venv/lib/python3.10/site-packages/airflow/example_dags/example_complex.py
[2026-05-29T01:57:38.520+0200] {processor.py:839} INFO - DAG(s) dict_keys(['example_complex']) retrieved from /home/frederic/airflow_venv/lib/python3.10/site-packages/airflow/example_dags/example_complex.py
[2026-05-29T01:57:38.547+0200] {logging_mixin.py:151} INFO - [2026-05-29T01:57:38.546+0200] {dag.py:2915} INFO - Sync 1 DAGs
[2026-05-29T01:57:38.559+0200] {logging_mixin.py:151} INFO - [2026-05-29T01:57:38.559+0200] {dag.py:3696} INFO - Setting next_dagrun for example_complex to None, run_after=None
[2026-05-29T01:57:38.577+0200] {processor.py:179} INFO - Processing /home/frederic/airflow_venv/lib/python3.10/site-packages/airflow/example_dags/example_complex.py took 0.077 seconds
[2026-05-29T01:58:05.032+0200] {processor.py:157} INFO - Started process (PID=629540) to work on /home/frederic/airflow_venv/lib/python3.10/site-packages/airflow/example_dags/example_complex.py
[2026-05-29T01:58:05.033+0200] {processor.py:829} INFO - Processing file /home/frederic/airflow_venv/lib/python3.10/site-packages/airflow/example_dags/example_complex.py for tasks to queue
[2026-05-29T01:58:05.034+0200] {logging_mixin.py:151} INFO - [2026-05-29T01:58:05.034+0200] {dagbag.py:539} INFO - Filling up the DagBag from /home/frederic/airflow_venv/lib/python3.10/site-packages/airflow/example_dags/example_complex.py
[2026-05-29T01:58:05.047+0200] {processor.py:839} INFO - DAG(s) dict_keys(['example_complex']) retrieved from /home/frederic/airflow_venv/lib/python3.10/site-packages/airflow/example_dags/example_complex.py
[2026-05-29T01:58:05.075+0200] {logging_mixin.py:151} INFO - [2026-05-29T01:58:05.075+0200] {dag.py:2915} INFO - Sync 1 DAGs
[2026-05-29T01:58:05.087+0200] {logging_mixin.py:151} INFO - [2026-05-29T01:58:05.087+0200] {dag.py:3696} INFO - Setting next_dagrun for example_complex to None, run_after=None
[2026-05-29T01:58:05.107+0200] {processor.py:179} INFO - Processing /home/frederic/airflow_venv/lib/python3.10/site-packages/airflow/example_dags/example_complex.py took 0.079 seconds
[2026-05-29T01:58:33.328+0200] {processor.py:157} INFO - Started process (PID=630543) to work on /home/frederic/airflow_venv/lib/python3.10/site-packages/airflow/example_dags/example_complex.py
[2026-05-29T01:58:33.329+0200] {processor.py:829} INFO - Processing file /home/frederic/airflow_venv/lib/python3.10/site-packages/airflow/example_dags/example_complex.py for tasks to queue
[2026-05-29T01:58:33.329+0200] {logging_mixin.py:151} INFO - [2026-05-29T01:58:33.329+0200] {dagbag.py:539} INFO - Filling up the DagBag from /home/frederic/airflow_venv/lib/python3.10/site-packages/airflow/example_dags/example_complex.py
[2026-05-29T01:58:33.341+0200] {processor.py:839} INFO - DAG(s) dict_keys(['example_complex']) retrieved from /home/frederic/airflow_venv/lib/python3.10/site-packages/airflow/example_dags/example_complex.py
[2026-05-29T01:58:33.369+0200] {logging_mixin.py:151} INFO - [2026-05-29T01:58:33.368+0200] {dag.py:2915} INFO - Sync 1 DAGs
[2026-05-29T01:58:33.388+0200] {logging_mixin.py:151} INFO - [2026-05-29T01:58:33.388+0200] {dag.py:3696} INFO - Setting next_dagrun for example_complex to None, run_after=None
[2026-05-29T01:58:33.419+0200] {processor.py:179} INFO - Processing /home/frederic/airflow_venv/lib/python3.10/site-packages/airflow/example_dags/example_complex.py took 0.094 seconds
[2026-05-29T01:58:57.920+0200] {processor.py:157} INFO - Started process (PID=631435) to work on /home/frederic/airflow_venv/lib/python3.10/site-packages/airflow/example_dags/example_complex.py
[2026-05-29T01:58:57.921+0200] {processor.py:829} INFO - Processing file /home/frederic/airflow_venv/lib/python3.10/site-packages/airflow/example_dags/example_complex.py for tasks to queue
[2026-05-29T01:58:57.922+0200] {logging_mixin.py:151} INFO - [2026-05-29T01:58:57.922+0200] {dagbag.py:539} INFO - Filling up the DagBag from /home/frederic/airflow_venv/lib/python3.10/site-packages/airflow/example_dags/example_complex.py
[2026-05-29T01:58:57.933+0200] {processor.py:839} INFO - DAG(s) dict_keys(['example_complex']) retrieved from /home/frederic/airflow_venv/lib/python3.10/site-packages/airflow/example_dags/example_complex.py
[2026-05-29T01:58:57.961+0200] {logging_mixin.py:151} INFO - [2026-05-29T01:58:57.961+0200] {dag.py:2915} INFO - Sync 1 DAGs
[2026-05-29T01:58:57.972+0200] {logging_mixin.py:151} INFO - [2026-05-29T01:58:57.972+0200] {dag.py:3696} INFO - Setting next_dagrun for example_complex to None, run_after=None
[2026-05-29T01:58:57.992+0200] {processor.py:179} INFO - Processing /home/frederic/airflow_venv/lib/python3.10/site-packages/airflow/example_dags/example_complex.py took 0.074 seconds
[2026-05-29T01:59:27.822+0200] {processor.py:157} INFO - Started process (PID=632261) to work on /home/frederic/airflow_venv/lib/python3.10/site-packages/airflow/example_dags/example_complex.py
[2026-05-29T01:59:27.823+0200] {processor.py:829} INFO - Processing file /home/frederic/airflow_venv/lib/python3.10/site-packages/airflow/example_dags/example_complex.py for tasks to queue
[2026-05-29T01:59:27.823+0200] {logging_mixin.py:151} INFO - [2026-05-29T01:59:27.823+0200] {dagbag.py:539} INFO - Filling up the DagBag from /home/frederic/airflow_venv/lib/python3.10/site-packages/airflow/example_dags/example_complex.py
[2026-05-29T01:59:27.833+0200] {processor.py:839} INFO - DAG(s) dict_keys(['example_complex']) retrieved from /home/frederic/airflow_venv/lib/python3.10/site-packages/airflow/example_dags/example_complex.py
[2026-05-29T01:59:27.871+0200] {logging_mixin.py:151} INFO - [2026-05-29T01:59:27.870+0200] {dag.py:2915} INFO - Sync 1 DAGs
[2026-05-29T01:59:27.884+0200] {logging_mixin.py:151} INFO - [2026-05-29T01:59:27.884+0200] {dag.py:3696} INFO - Setting next_dagrun for example_complex to None, run_after=None
[2026-05-29T01:59:27.900+0200] {processor.py:179} INFO - Processing /home/frederic/airflow_venv/lib/python3.10/site-packages/airflow/example_dags/example_complex.py took 0.081 seconds
[2026-05-29T01:59:44.519+0200] {processor.py:157} INFO - Started process (PID=632745) to work on /home/frederic/airflow_venv/lib/python3.10/site-packages/airflow/example_dags/example_complex.py
[2026-05-29T01:59:44.519+0200] {processor.py:829} INFO - Processing file /home/frederic/airflow_venv/lib/python3.10/site-packages/airflow/example_dags/example_complex.py for tasks to queue
[2026-05-29T01:59:44.520+0200] {logging_mixin.py:151} INFO - [2026-05-29T01:59:44.520+0200] {dagbag.py:539} INFO - Filling up the DagBag from /home/frederic/airflow_venv/lib/python3.10/site-packages/airflow/example_dags/example_complex.py
[2026-05-29T01:59:44.534+0200] {processor.py:839} INFO - DAG(s) dict_keys(['example_complex']) retrieved from /home/frederic/airflow_venv/lib/python3.10/site-packages/airflow/example_dags/example_complex.py
[2026-05-29T01:59:44.560+0200] {logging_mixin.py:151} INFO - [2026-05-29T01:59:44.560+0200] {dag.py:2915} INFO - Sync 1 DAGs
[2026-05-29T01:59:44.571+0200] {logging_mixin.py:151} INFO - [2026-05-29T01:59:44.571+0200] {dag.py:3696} INFO - Setting next_dagrun for example_complex to None, run_after=None
[2026-05-29T01:59:44.588+0200] {processor.py:179} INFO - Processing /home/frederic/airflow_venv/lib/python3.10/site-packages/airflow/example_dags/example_complex.py took 0.072 seconds
