[2026-05-29T01:36:45.885+0200] {processor.py:157} INFO - Started process (PID=593993) to work on /home/frederic/airflow_venv/lib/python3.10/site-packages/airflow/example_dags/example_trigger_controller_dag.py
[2026-05-29T01:36:45.886+0200] {processor.py:829} INFO - Processing file /home/frederic/airflow_venv/lib/python3.10/site-packages/airflow/example_dags/example_trigger_controller_dag.py for tasks to queue
[2026-05-29T01:36:45.886+0200] {logging_mixin.py:151} INFO - [2026-05-29T01:36:45.886+0200] {dagbag.py:539} INFO - Filling up the DagBag from /home/frederic/airflow_venv/lib/python3.10/site-packages/airflow/example_dags/example_trigger_controller_dag.py
[2026-05-29T01:36:45.891+0200] {processor.py:839} INFO - DAG(s) dict_keys(['example_trigger_controller_dag']) retrieved from /home/frederic/airflow_venv/lib/python3.10/site-packages/airflow/example_dags/example_trigger_controller_dag.py
[2026-05-29T01:36:45.976+0200] {logging_mixin.py:151} INFO - [2026-05-29T01:36:45.976+0200] {manager.py:499} INFO - Created Permission View: %s
[2026-05-29T01:36:45.986+0200] {logging_mixin.py:151} INFO - [2026-05-29T01:36:45.986+0200] {manager.py:499} INFO - Created Permission View: %s
[2026-05-29T01:36:45.993+0200] {logging_mixin.py:151} INFO - [2026-05-29T01:36:45.993+0200] {manager.py:499} INFO - Created Permission View: %s
[2026-05-29T01:36:45.993+0200] {logging_mixin.py:151} INFO - [2026-05-29T01:36:45.993+0200] {security.py:708} INFO - Not syncing DAG-level permissions for DAG 'DAG:example_trigger_controller_dag' as access control is unset.
[2026-05-29T01:36:45.994+0200] {logging_mixin.py:151} INFO - [2026-05-29T01:36:45.994+0200] {dag.py:2915} INFO - Sync 1 DAGs
[2026-05-29T01:36:46.006+0200] {logging_mixin.py:151} INFO - [2026-05-29T01:36:46.005+0200] {dag.py:2937} INFO - Creating ORM DAG for example_trigger_controller_dag
[2026-05-29T01:36:46.014+0200] {logging_mixin.py:151} INFO - [2026-05-29T01:36:46.014+0200] {dag.py:3696} INFO - Setting next_dagrun for example_trigger_controller_dag to 2021-01-01T00:00:00+00:00, run_after=2021-01-01T00:00:00+00:00
[2026-05-29T01:36:46.031+0200] {processor.py:179} INFO - Processing /home/frederic/airflow_venv/lib/python3.10/site-packages/airflow/example_dags/example_trigger_controller_dag.py took 0.148 seconds
[2026-05-29T01:37:32.850+0200] {processor.py:157} INFO - Started process (PID=594926) to work on /home/frederic/airflow_venv/lib/python3.10/site-packages/airflow/example_dags/example_trigger_controller_dag.py
[2026-05-29T01:37:32.851+0200] {processor.py:829} INFO - Processing file /home/frederic/airflow_venv/lib/python3.10/site-packages/airflow/example_dags/example_trigger_controller_dag.py for tasks to queue
[2026-05-29T01:37:32.851+0200] {logging_mixin.py:151} INFO - [2026-05-29T01:37:32.851+0200] {dagbag.py:539} INFO - Filling up the DagBag from /home/frederic/airflow_venv/lib/python3.10/site-packages/airflow/example_dags/example_trigger_controller_dag.py
[2026-05-29T01:37:32.855+0200] {processor.py:839} INFO - DAG(s) dict_keys(['example_trigger_controller_dag']) retrieved from /home/frederic/airflow_venv/lib/python3.10/site-packages/airflow/example_dags/example_trigger_controller_dag.py
[2026-05-29T01:37:32.871+0200] {logging_mixin.py:151} INFO - [2026-05-29T01:37:32.871+0200] {dag.py:2915} INFO - Sync 1 DAGs
[2026-05-29T01:37:32.889+0200] {logging_mixin.py:151} INFO - [2026-05-29T01:37:32.889+0200] {dag.py:3696} INFO - Setting next_dagrun for example_trigger_controller_dag to 2021-01-01T00:00:00+00:00, run_after=2021-01-01T00:00:00+00:00
[2026-05-29T01:37:32.908+0200] {processor.py:179} INFO - Processing /home/frederic/airflow_venv/lib/python3.10/site-packages/airflow/example_dags/example_trigger_controller_dag.py took 0.061 seconds
[2026-05-29T01:38:17.016+0200] {processor.py:157} INFO - Started process (PID=595779) to work on /home/frederic/airflow_venv/lib/python3.10/site-packages/airflow/example_dags/example_trigger_controller_dag.py
[2026-05-29T01:38:17.017+0200] {processor.py:829} INFO - Processing file /home/frederic/airflow_venv/lib/python3.10/site-packages/airflow/example_dags/example_trigger_controller_dag.py for tasks to queue
[2026-05-29T01:38:17.018+0200] {logging_mixin.py:151} INFO - [2026-05-29T01:38:17.017+0200] {dagbag.py:539} INFO - Filling up the DagBag from /home/frederic/airflow_venv/lib/python3.10/site-packages/airflow/example_dags/example_trigger_controller_dag.py
[2026-05-29T01:38:17.023+0200] {processor.py:839} INFO - DAG(s) dict_keys(['example_trigger_controller_dag']) retrieved from /home/frederic/airflow_venv/lib/python3.10/site-packages/airflow/example_dags/example_trigger_controller_dag.py
[2026-05-29T01:38:17.040+0200] {logging_mixin.py:151} INFO - [2026-05-29T01:38:17.040+0200] {dag.py:2915} INFO - Sync 1 DAGs
[2026-05-29T01:38:17.059+0200] {logging_mixin.py:151} INFO - [2026-05-29T01:38:17.059+0200] {dag.py:3696} INFO - Setting next_dagrun for example_trigger_controller_dag to 2021-01-01T00:00:00+00:00, run_after=2021-01-01T00:00:00+00:00
[2026-05-29T01:38:17.074+0200] {processor.py:179} INFO - Processing /home/frederic/airflow_venv/lib/python3.10/site-packages/airflow/example_dags/example_trigger_controller_dag.py took 0.061 seconds
[2026-05-29T01:39:00.491+0200] {processor.py:157} INFO - Started process (PID=596771) to work on /home/frederic/airflow_venv/lib/python3.10/site-packages/airflow/example_dags/example_trigger_controller_dag.py
[2026-05-29T01:39:00.492+0200] {processor.py:829} INFO - Processing file /home/frederic/airflow_venv/lib/python3.10/site-packages/airflow/example_dags/example_trigger_controller_dag.py for tasks to queue
[2026-05-29T01:39:00.493+0200] {logging_mixin.py:151} INFO - [2026-05-29T01:39:00.492+0200] {dagbag.py:539} INFO - Filling up the DagBag from /home/frederic/airflow_venv/lib/python3.10/site-packages/airflow/example_dags/example_trigger_controller_dag.py
[2026-05-29T01:39:00.497+0200] {processor.py:839} INFO - DAG(s) dict_keys(['example_trigger_controller_dag']) retrieved from /home/frederic/airflow_venv/lib/python3.10/site-packages/airflow/example_dags/example_trigger_controller_dag.py
[2026-05-29T01:39:00.513+0200] {logging_mixin.py:151} INFO - [2026-05-29T01:39:00.513+0200] {dag.py:2915} INFO - Sync 1 DAGs
[2026-05-29T01:39:00.535+0200] {logging_mixin.py:151} INFO - [2026-05-29T01:39:00.534+0200] {dag.py:3696} INFO - Setting next_dagrun for example_trigger_controller_dag to 2021-01-01T00:00:00+00:00, run_after=2021-01-01T00:00:00+00:00
[2026-05-29T01:39:00.553+0200] {processor.py:179} INFO - Processing /home/frederic/airflow_venv/lib/python3.10/site-packages/airflow/example_dags/example_trigger_controller_dag.py took 0.065 seconds
[2026-05-29T01:39:47.068+0200] {processor.py:157} INFO - Started process (PID=597835) to work on /home/frederic/airflow_venv/lib/python3.10/site-packages/airflow/example_dags/example_trigger_controller_dag.py
[2026-05-29T01:39:47.071+0200] {processor.py:829} INFO - Processing file /home/frederic/airflow_venv/lib/python3.10/site-packages/airflow/example_dags/example_trigger_controller_dag.py for tasks to queue
[2026-05-29T01:39:47.072+0200] {logging_mixin.py:151} INFO - [2026-05-29T01:39:47.072+0200] {dagbag.py:539} INFO - Filling up the DagBag from /home/frederic/airflow_venv/lib/python3.10/site-packages/airflow/example_dags/example_trigger_controller_dag.py
[2026-05-29T01:39:47.078+0200] {processor.py:839} INFO - DAG(s) dict_keys(['example_trigger_controller_dag']) retrieved from /home/frederic/airflow_venv/lib/python3.10/site-packages/airflow/example_dags/example_trigger_controller_dag.py
[2026-05-29T01:39:47.097+0200] {logging_mixin.py:151} INFO - [2026-05-29T01:39:47.096+0200] {dag.py:2915} INFO - Sync 1 DAGs
[2026-05-29T01:39:47.117+0200] {logging_mixin.py:151} INFO - [2026-05-29T01:39:47.117+0200] {dag.py:3696} INFO - Setting next_dagrun for example_trigger_controller_dag to 2021-01-01T00:00:00+00:00, run_after=2021-01-01T00:00:00+00:00
[2026-05-29T01:39:47.138+0200] {processor.py:179} INFO - Processing /home/frederic/airflow_venv/lib/python3.10/site-packages/airflow/example_dags/example_trigger_controller_dag.py took 0.073 seconds
[2026-05-29T01:40:35.817+0200] {processor.py:157} INFO - Started process (PID=599118) to work on /home/frederic/airflow_venv/lib/python3.10/site-packages/airflow/example_dags/example_trigger_controller_dag.py
[2026-05-29T01:40:35.818+0200] {processor.py:829} INFO - Processing file /home/frederic/airflow_venv/lib/python3.10/site-packages/airflow/example_dags/example_trigger_controller_dag.py for tasks to queue
[2026-05-29T01:40:35.819+0200] {logging_mixin.py:151} INFO - [2026-05-29T01:40:35.819+0200] {dagbag.py:539} INFO - Filling up the DagBag from /home/frederic/airflow_venv/lib/python3.10/site-packages/airflow/example_dags/example_trigger_controller_dag.py
[2026-05-29T01:40:35.822+0200] {processor.py:839} INFO - DAG(s) dict_keys(['example_trigger_controller_dag']) retrieved from /home/frederic/airflow_venv/lib/python3.10/site-packages/airflow/example_dags/example_trigger_controller_dag.py
[2026-05-29T01:40:35.834+0200] {logging_mixin.py:151} INFO - [2026-05-29T01:40:35.834+0200] {dag.py:2915} INFO - Sync 1 DAGs
[2026-05-29T01:40:35.850+0200] {logging_mixin.py:151} INFO - [2026-05-29T01:40:35.850+0200] {dag.py:3696} INFO - Setting next_dagrun for example_trigger_controller_dag to 2021-01-01T00:00:00+00:00, run_after=2021-01-01T00:00:00+00:00
[2026-05-29T01:40:35.866+0200] {processor.py:179} INFO - Processing /home/frederic/airflow_venv/lib/python3.10/site-packages/airflow/example_dags/example_trigger_controller_dag.py took 0.051 seconds
[2026-05-29T01:41:19.615+0200] {processor.py:157} INFO - Started process (PID=600034) to work on /home/frederic/airflow_venv/lib/python3.10/site-packages/airflow/example_dags/example_trigger_controller_dag.py
[2026-05-29T01:41:19.619+0200] {processor.py:829} INFO - Processing file /home/frederic/airflow_venv/lib/python3.10/site-packages/airflow/example_dags/example_trigger_controller_dag.py for tasks to queue
[2026-05-29T01:41:19.620+0200] {logging_mixin.py:151} INFO - [2026-05-29T01:41:19.619+0200] {dagbag.py:539} INFO - Filling up the DagBag from /home/frederic/airflow_venv/lib/python3.10/site-packages/airflow/example_dags/example_trigger_controller_dag.py
[2026-05-29T01:41:19.623+0200] {processor.py:839} INFO - DAG(s) dict_keys(['example_trigger_controller_dag']) retrieved from /home/frederic/airflow_venv/lib/python3.10/site-packages/airflow/example_dags/example_trigger_controller_dag.py
[2026-05-29T01:41:19.639+0200] {logging_mixin.py:151} INFO - [2026-05-29T01:41:19.639+0200] {dag.py:2915} INFO - Sync 1 DAGs
[2026-05-29T01:41:19.658+0200] {logging_mixin.py:151} INFO - [2026-05-29T01:41:19.658+0200] {dag.py:3696} INFO - Setting next_dagrun for example_trigger_controller_dag to 2021-01-01T00:00:00+00:00, run_after=2021-01-01T00:00:00+00:00
[2026-05-29T01:41:19.677+0200] {processor.py:179} INFO - Processing /home/frederic/airflow_venv/lib/python3.10/site-packages/airflow/example_dags/example_trigger_controller_dag.py took 0.064 seconds
[2026-05-29T01:42:00.732+0200] {processor.py:157} INFO - Started process (PID=601125) to work on /home/frederic/airflow_venv/lib/python3.10/site-packages/airflow/example_dags/example_trigger_controller_dag.py
[2026-05-29T01:42:00.733+0200] {processor.py:829} INFO - Processing file /home/frederic/airflow_venv/lib/python3.10/site-packages/airflow/example_dags/example_trigger_controller_dag.py for tasks to queue
[2026-05-29T01:42:00.733+0200] {logging_mixin.py:151} INFO - [2026-05-29T01:42:00.733+0200] {dagbag.py:539} INFO - Filling up the DagBag from /home/frederic/airflow_venv/lib/python3.10/site-packages/airflow/example_dags/example_trigger_controller_dag.py
[2026-05-29T01:42:00.738+0200] {processor.py:839} INFO - DAG(s) dict_keys(['example_trigger_controller_dag']) retrieved from /home/frederic/airflow_venv/lib/python3.10/site-packages/airflow/example_dags/example_trigger_controller_dag.py
[2026-05-29T01:42:00.750+0200] {logging_mixin.py:151} INFO - [2026-05-29T01:42:00.750+0200] {dag.py:2915} INFO - Sync 1 DAGs
[2026-05-29T01:42:00.766+0200] {logging_mixin.py:151} INFO - [2026-05-29T01:42:00.766+0200] {dag.py:3696} INFO - Setting next_dagrun for example_trigger_controller_dag to 2021-01-01T00:00:00+00:00, run_after=2021-01-01T00:00:00+00:00
[2026-05-29T01:42:00.784+0200] {processor.py:179} INFO - Processing /home/frederic/airflow_venv/lib/python3.10/site-packages/airflow/example_dags/example_trigger_controller_dag.py took 0.055 seconds
[2026-05-29T01:42:48.151+0200] {processor.py:157} INFO - Started process (PID=601996) to work on /home/frederic/airflow_venv/lib/python3.10/site-packages/airflow/example_dags/example_trigger_controller_dag.py
[2026-05-29T01:42:48.151+0200] {processor.py:829} INFO - Processing file /home/frederic/airflow_venv/lib/python3.10/site-packages/airflow/example_dags/example_trigger_controller_dag.py for tasks to queue
[2026-05-29T01:42:48.152+0200] {logging_mixin.py:151} INFO - [2026-05-29T01:42:48.152+0200] {dagbag.py:539} INFO - Filling up the DagBag from /home/frederic/airflow_venv/lib/python3.10/site-packages/airflow/example_dags/example_trigger_controller_dag.py
[2026-05-29T01:42:48.156+0200] {processor.py:839} INFO - DAG(s) dict_keys(['example_trigger_controller_dag']) retrieved from /home/frederic/airflow_venv/lib/python3.10/site-packages/airflow/example_dags/example_trigger_controller_dag.py
[2026-05-29T01:42:48.172+0200] {logging_mixin.py:151} INFO - [2026-05-29T01:42:48.171+0200] {dag.py:2915} INFO - Sync 1 DAGs
[2026-05-29T01:42:48.187+0200] {logging_mixin.py:151} INFO - [2026-05-29T01:42:48.187+0200] {dag.py:3696} INFO - Setting next_dagrun for example_trigger_controller_dag to 2021-01-01T00:00:00+00:00, run_after=2021-01-01T00:00:00+00:00
[2026-05-29T01:42:48.204+0200] {processor.py:179} INFO - Processing /home/frederic/airflow_venv/lib/python3.10/site-packages/airflow/example_dags/example_trigger_controller_dag.py took 0.056 seconds
[2026-05-29T01:43:34.455+0200] {processor.py:157} INFO - Started process (PID=602819) to work on /home/frederic/airflow_venv/lib/python3.10/site-packages/airflow/example_dags/example_trigger_controller_dag.py
[2026-05-29T01:43:34.457+0200] {processor.py:829} INFO - Processing file /home/frederic/airflow_venv/lib/python3.10/site-packages/airflow/example_dags/example_trigger_controller_dag.py for tasks to queue
[2026-05-29T01:43:34.457+0200] {logging_mixin.py:151} INFO - [2026-05-29T01:43:34.457+0200] {dagbag.py:539} INFO - Filling up the DagBag from /home/frederic/airflow_venv/lib/python3.10/site-packages/airflow/example_dags/example_trigger_controller_dag.py
[2026-05-29T01:43:34.461+0200] {processor.py:839} INFO - DAG(s) dict_keys(['example_trigger_controller_dag']) retrieved from /home/frederic/airflow_venv/lib/python3.10/site-packages/airflow/example_dags/example_trigger_controller_dag.py
[2026-05-29T01:43:34.476+0200] {logging_mixin.py:151} INFO - [2026-05-29T01:43:34.476+0200] {dag.py:2915} INFO - Sync 1 DAGs
[2026-05-29T01:43:34.501+0200] {logging_mixin.py:151} INFO - [2026-05-29T01:43:34.501+0200] {dag.py:3696} INFO - Setting next_dagrun for example_trigger_controller_dag to 2021-01-01T00:00:00+00:00, run_after=2021-01-01T00:00:00+00:00
[2026-05-29T01:43:34.524+0200] {processor.py:179} INFO - Processing /home/frederic/airflow_venv/lib/python3.10/site-packages/airflow/example_dags/example_trigger_controller_dag.py took 0.071 seconds
[2026-05-29T01:44:24.785+0200] {processor.py:157} INFO - Started process (PID=603757) to work on /home/frederic/airflow_venv/lib/python3.10/site-packages/airflow/example_dags/example_trigger_controller_dag.py
[2026-05-29T01:44:24.789+0200] {processor.py:829} INFO - Processing file /home/frederic/airflow_venv/lib/python3.10/site-packages/airflow/example_dags/example_trigger_controller_dag.py for tasks to queue
[2026-05-29T01:44:24.789+0200] {logging_mixin.py:151} INFO - [2026-05-29T01:44:24.789+0200] {dagbag.py:539} INFO - Filling up the DagBag from /home/frederic/airflow_venv/lib/python3.10/site-packages/airflow/example_dags/example_trigger_controller_dag.py
[2026-05-29T01:44:24.793+0200] {processor.py:839} INFO - DAG(s) dict_keys(['example_trigger_controller_dag']) retrieved from /home/frederic/airflow_venv/lib/python3.10/site-packages/airflow/example_dags/example_trigger_controller_dag.py
[2026-05-29T01:44:24.805+0200] {logging_mixin.py:151} INFO - [2026-05-29T01:44:24.805+0200] {dag.py:2915} INFO - Sync 1 DAGs
[2026-05-29T01:44:24.822+0200] {logging_mixin.py:151} INFO - [2026-05-29T01:44:24.821+0200] {dag.py:3696} INFO - Setting next_dagrun for example_trigger_controller_dag to 2021-01-01T00:00:00+00:00, run_after=2021-01-01T00:00:00+00:00
[2026-05-29T01:44:24.836+0200] {processor.py:179} INFO - Processing /home/frederic/airflow_venv/lib/python3.10/site-packages/airflow/example_dags/example_trigger_controller_dag.py took 0.053 seconds
[2026-05-29T01:45:11.060+0200] {processor.py:157} INFO - Started process (PID=605255) to work on /home/frederic/airflow_venv/lib/python3.10/site-packages/airflow/example_dags/example_trigger_controller_dag.py
[2026-05-29T01:45:11.063+0200] {processor.py:829} INFO - Processing file /home/frederic/airflow_venv/lib/python3.10/site-packages/airflow/example_dags/example_trigger_controller_dag.py for tasks to queue
[2026-05-29T01:45:11.064+0200] {logging_mixin.py:151} INFO - [2026-05-29T01:45:11.064+0200] {dagbag.py:539} INFO - Filling up the DagBag from /home/frederic/airflow_venv/lib/python3.10/site-packages/airflow/example_dags/example_trigger_controller_dag.py
[2026-05-29T01:45:11.068+0200] {processor.py:839} INFO - DAG(s) dict_keys(['example_trigger_controller_dag']) retrieved from /home/frederic/airflow_venv/lib/python3.10/site-packages/airflow/example_dags/example_trigger_controller_dag.py
[2026-05-29T01:45:11.082+0200] {logging_mixin.py:151} INFO - [2026-05-29T01:45:11.082+0200] {dag.py:2915} INFO - Sync 1 DAGs
[2026-05-29T01:45:11.100+0200] {logging_mixin.py:151} INFO - [2026-05-29T01:45:11.100+0200] {dag.py:3696} INFO - Setting next_dagrun for example_trigger_controller_dag to 2021-01-01T00:00:00+00:00, run_after=2021-01-01T00:00:00+00:00
[2026-05-29T01:45:11.115+0200] {processor.py:179} INFO - Processing /home/frederic/airflow_venv/lib/python3.10/site-packages/airflow/example_dags/example_trigger_controller_dag.py took 0.057 seconds
[2026-05-29T01:46:03.507+0200] {processor.py:157} INFO - Started process (PID=607640) to work on /home/frederic/airflow_venv/lib/python3.10/site-packages/airflow/example_dags/example_trigger_controller_dag.py
[2026-05-29T01:46:03.508+0200] {processor.py:829} INFO - Processing file /home/frederic/airflow_venv/lib/python3.10/site-packages/airflow/example_dags/example_trigger_controller_dag.py for tasks to queue
[2026-05-29T01:46:03.509+0200] {logging_mixin.py:151} INFO - [2026-05-29T01:46:03.509+0200] {dagbag.py:539} INFO - Filling up the DagBag from /home/frederic/airflow_venv/lib/python3.10/site-packages/airflow/example_dags/example_trigger_controller_dag.py
[2026-05-29T01:46:03.516+0200] {processor.py:839} INFO - DAG(s) dict_keys(['example_trigger_controller_dag']) retrieved from /home/frederic/airflow_venv/lib/python3.10/site-packages/airflow/example_dags/example_trigger_controller_dag.py
[2026-05-29T01:46:03.537+0200] {logging_mixin.py:151} INFO - [2026-05-29T01:46:03.537+0200] {dag.py:2915} INFO - Sync 1 DAGs
[2026-05-29T01:46:03.566+0200] {logging_mixin.py:151} INFO - [2026-05-29T01:46:03.566+0200] {dag.py:3696} INFO - Setting next_dagrun for example_trigger_controller_dag to 2021-01-01T00:00:00+00:00, run_after=2021-01-01T00:00:00+00:00
[2026-05-29T01:46:03.584+0200] {processor.py:179} INFO - Processing /home/frederic/airflow_venv/lib/python3.10/site-packages/airflow/example_dags/example_trigger_controller_dag.py took 0.081 seconds
[2026-05-29T01:46:49.004+0200] {processor.py:157} INFO - Started process (PID=609353) to work on /home/frederic/airflow_venv/lib/python3.10/site-packages/airflow/example_dags/example_trigger_controller_dag.py
[2026-05-29T01:46:49.007+0200] {processor.py:829} INFO - Processing file /home/frederic/airflow_venv/lib/python3.10/site-packages/airflow/example_dags/example_trigger_controller_dag.py for tasks to queue
[2026-05-29T01:46:49.008+0200] {logging_mixin.py:151} INFO - [2026-05-29T01:46:49.008+0200] {dagbag.py:539} INFO - Filling up the DagBag from /home/frederic/airflow_venv/lib/python3.10/site-packages/airflow/example_dags/example_trigger_controller_dag.py
[2026-05-29T01:46:49.012+0200] {processor.py:839} INFO - DAG(s) dict_keys(['example_trigger_controller_dag']) retrieved from /home/frederic/airflow_venv/lib/python3.10/site-packages/airflow/example_dags/example_trigger_controller_dag.py
[2026-05-29T01:46:49.025+0200] {logging_mixin.py:151} INFO - [2026-05-29T01:46:49.024+0200] {dag.py:2915} INFO - Sync 1 DAGs
[2026-05-29T01:46:49.041+0200] {logging_mixin.py:151} INFO - [2026-05-29T01:46:49.041+0200] {dag.py:3696} INFO - Setting next_dagrun for example_trigger_controller_dag to 2021-01-01T00:00:00+00:00, run_after=2021-01-01T00:00:00+00:00
[2026-05-29T01:46:49.057+0200] {processor.py:179} INFO - Processing /home/frederic/airflow_venv/lib/python3.10/site-packages/airflow/example_dags/example_trigger_controller_dag.py took 0.055 seconds
[2026-05-29T01:47:34.034+0200] {processor.py:157} INFO - Started process (PID=610525) to work on /home/frederic/airflow_venv/lib/python3.10/site-packages/airflow/example_dags/example_trigger_controller_dag.py
[2026-05-29T01:47:34.037+0200] {processor.py:829} INFO - Processing file /home/frederic/airflow_venv/lib/python3.10/site-packages/airflow/example_dags/example_trigger_controller_dag.py for tasks to queue
[2026-05-29T01:47:34.038+0200] {logging_mixin.py:151} INFO - [2026-05-29T01:47:34.038+0200] {dagbag.py:539} INFO - Filling up the DagBag from /home/frederic/airflow_venv/lib/python3.10/site-packages/airflow/example_dags/example_trigger_controller_dag.py
[2026-05-29T01:47:34.042+0200] {processor.py:839} INFO - DAG(s) dict_keys(['example_trigger_controller_dag']) retrieved from /home/frederic/airflow_venv/lib/python3.10/site-packages/airflow/example_dags/example_trigger_controller_dag.py
[2026-05-29T01:47:34.055+0200] {logging_mixin.py:151} INFO - [2026-05-29T01:47:34.055+0200] {dag.py:2915} INFO - Sync 1 DAGs
[2026-05-29T01:47:34.073+0200] {logging_mixin.py:151} INFO - [2026-05-29T01:47:34.073+0200] {dag.py:3696} INFO - Setting next_dagrun for example_trigger_controller_dag to 2021-01-01T00:00:00+00:00, run_after=2021-01-01T00:00:00+00:00
[2026-05-29T01:47:34.089+0200] {processor.py:179} INFO - Processing /home/frederic/airflow_venv/lib/python3.10/site-packages/airflow/example_dags/example_trigger_controller_dag.py took 0.058 seconds
[2026-05-29T01:48:17.452+0200] {processor.py:157} INFO - Started process (PID=611831) to work on /home/frederic/airflow_venv/lib/python3.10/site-packages/airflow/example_dags/example_trigger_controller_dag.py
[2026-05-29T01:48:17.454+0200] {processor.py:829} INFO - Processing file /home/frederic/airflow_venv/lib/python3.10/site-packages/airflow/example_dags/example_trigger_controller_dag.py for tasks to queue
[2026-05-29T01:48:17.455+0200] {logging_mixin.py:151} INFO - [2026-05-29T01:48:17.454+0200] {dagbag.py:539} INFO - Filling up the DagBag from /home/frederic/airflow_venv/lib/python3.10/site-packages/airflow/example_dags/example_trigger_controller_dag.py
[2026-05-29T01:48:17.463+0200] {processor.py:839} INFO - DAG(s) dict_keys(['example_trigger_controller_dag']) retrieved from /home/frederic/airflow_venv/lib/python3.10/site-packages/airflow/example_dags/example_trigger_controller_dag.py
[2026-05-29T01:48:17.486+0200] {logging_mixin.py:151} INFO - [2026-05-29T01:48:17.485+0200] {dag.py:2915} INFO - Sync 1 DAGs
[2026-05-29T01:48:17.513+0200] {logging_mixin.py:151} INFO - [2026-05-29T01:48:17.513+0200] {dag.py:3696} INFO - Setting next_dagrun for example_trigger_controller_dag to 2021-01-01T00:00:00+00:00, run_after=2021-01-01T00:00:00+00:00
[2026-05-29T01:48:17.542+0200] {processor.py:179} INFO - Processing /home/frederic/airflow_venv/lib/python3.10/site-packages/airflow/example_dags/example_trigger_controller_dag.py took 0.094 seconds
[2026-05-29T01:49:01.663+0200] {processor.py:157} INFO - Started process (PID=613004) to work on /home/frederic/airflow_venv/lib/python3.10/site-packages/airflow/example_dags/example_trigger_controller_dag.py
[2026-05-29T01:49:01.666+0200] {processor.py:829} INFO - Processing file /home/frederic/airflow_venv/lib/python3.10/site-packages/airflow/example_dags/example_trigger_controller_dag.py for tasks to queue
[2026-05-29T01:49:01.667+0200] {logging_mixin.py:151} INFO - [2026-05-29T01:49:01.666+0200] {dagbag.py:539} INFO - Filling up the DagBag from /home/frederic/airflow_venv/lib/python3.10/site-packages/airflow/example_dags/example_trigger_controller_dag.py
[2026-05-29T01:49:01.670+0200] {processor.py:839} INFO - DAG(s) dict_keys(['example_trigger_controller_dag']) retrieved from /home/frederic/airflow_venv/lib/python3.10/site-packages/airflow/example_dags/example_trigger_controller_dag.py
[2026-05-29T01:49:01.683+0200] {logging_mixin.py:151} INFO - [2026-05-29T01:49:01.683+0200] {dag.py:2915} INFO - Sync 1 DAGs
[2026-05-29T01:49:01.699+0200] {logging_mixin.py:151} INFO - [2026-05-29T01:49:01.699+0200] {dag.py:3696} INFO - Setting next_dagrun for example_trigger_controller_dag to 2021-01-01T00:00:00+00:00, run_after=2021-01-01T00:00:00+00:00
[2026-05-29T01:49:01.713+0200] {processor.py:179} INFO - Processing /home/frederic/airflow_venv/lib/python3.10/site-packages/airflow/example_dags/example_trigger_controller_dag.py took 0.053 seconds
[2026-05-29T01:49:45.473+0200] {processor.py:157} INFO - Started process (PID=614198) to work on /home/frederic/airflow_venv/lib/python3.10/site-packages/airflow/example_dags/example_trigger_controller_dag.py
[2026-05-29T01:49:45.477+0200] {processor.py:829} INFO - Processing file /home/frederic/airflow_venv/lib/python3.10/site-packages/airflow/example_dags/example_trigger_controller_dag.py for tasks to queue
[2026-05-29T01:49:45.478+0200] {logging_mixin.py:151} INFO - [2026-05-29T01:49:45.477+0200] {dagbag.py:539} INFO - Filling up the DagBag from /home/frederic/airflow_venv/lib/python3.10/site-packages/airflow/example_dags/example_trigger_controller_dag.py
[2026-05-29T01:49:45.481+0200] {processor.py:839} INFO - DAG(s) dict_keys(['example_trigger_controller_dag']) retrieved from /home/frederic/airflow_venv/lib/python3.10/site-packages/airflow/example_dags/example_trigger_controller_dag.py
[2026-05-29T01:49:45.493+0200] {logging_mixin.py:151} INFO - [2026-05-29T01:49:45.493+0200] {dag.py:2915} INFO - Sync 1 DAGs
[2026-05-29T01:49:45.513+0200] {logging_mixin.py:151} INFO - [2026-05-29T01:49:45.513+0200] {dag.py:3696} INFO - Setting next_dagrun for example_trigger_controller_dag to 2021-01-01T00:00:00+00:00, run_after=2021-01-01T00:00:00+00:00
[2026-05-29T01:49:45.540+0200] {processor.py:179} INFO - Processing /home/frederic/airflow_venv/lib/python3.10/site-packages/airflow/example_dags/example_trigger_controller_dag.py took 0.069 seconds
[2026-05-29T01:50:26.049+0200] {processor.py:157} INFO - Started process (PID=615228) to work on /home/frederic/airflow_venv/lib/python3.10/site-packages/airflow/example_dags/example_trigger_controller_dag.py
[2026-05-29T01:50:26.050+0200] {processor.py:829} INFO - Processing file /home/frederic/airflow_venv/lib/python3.10/site-packages/airflow/example_dags/example_trigger_controller_dag.py for tasks to queue
[2026-05-29T01:50:26.051+0200] {logging_mixin.py:151} INFO - [2026-05-29T01:50:26.051+0200] {dagbag.py:539} INFO - Filling up the DagBag from /home/frederic/airflow_venv/lib/python3.10/site-packages/airflow/example_dags/example_trigger_controller_dag.py
[2026-05-29T01:50:26.055+0200] {processor.py:839} INFO - DAG(s) dict_keys(['example_trigger_controller_dag']) retrieved from /home/frederic/airflow_venv/lib/python3.10/site-packages/airflow/example_dags/example_trigger_controller_dag.py
[2026-05-29T01:50:26.070+0200] {logging_mixin.py:151} INFO - [2026-05-29T01:50:26.069+0200] {dag.py:2915} INFO - Sync 1 DAGs
[2026-05-29T01:50:26.087+0200] {logging_mixin.py:151} INFO - [2026-05-29T01:50:26.087+0200] {dag.py:3696} INFO - Setting next_dagrun for example_trigger_controller_dag to 2021-01-01T00:00:00+00:00, run_after=2021-01-01T00:00:00+00:00
[2026-05-29T01:50:26.104+0200] {processor.py:179} INFO - Processing /home/frederic/airflow_venv/lib/python3.10/site-packages/airflow/example_dags/example_trigger_controller_dag.py took 0.058 seconds
[2026-05-29T01:51:05.323+0200] {processor.py:157} INFO - Started process (PID=616400) to work on /home/frederic/airflow_venv/lib/python3.10/site-packages/airflow/example_dags/example_trigger_controller_dag.py
[2026-05-29T01:51:05.324+0200] {processor.py:829} INFO - Processing file /home/frederic/airflow_venv/lib/python3.10/site-packages/airflow/example_dags/example_trigger_controller_dag.py for tasks to queue
[2026-05-29T01:51:05.325+0200] {logging_mixin.py:151} INFO - [2026-05-29T01:51:05.325+0200] {dagbag.py:539} INFO - Filling up the DagBag from /home/frederic/airflow_venv/lib/python3.10/site-packages/airflow/example_dags/example_trigger_controller_dag.py
[2026-05-29T01:51:05.329+0200] {processor.py:839} INFO - DAG(s) dict_keys(['example_trigger_controller_dag']) retrieved from /home/frederic/airflow_venv/lib/python3.10/site-packages/airflow/example_dags/example_trigger_controller_dag.py
[2026-05-29T01:51:05.340+0200] {logging_mixin.py:151} INFO - [2026-05-29T01:51:05.340+0200] {dag.py:2915} INFO - Sync 1 DAGs
[2026-05-29T01:51:05.355+0200] {logging_mixin.py:151} INFO - [2026-05-29T01:51:05.355+0200] {dag.py:3696} INFO - Setting next_dagrun for example_trigger_controller_dag to 2021-01-01T00:00:00+00:00, run_after=2021-01-01T00:00:00+00:00
[2026-05-29T01:51:05.371+0200] {processor.py:179} INFO - Processing /home/frederic/airflow_venv/lib/python3.10/site-packages/airflow/example_dags/example_trigger_controller_dag.py took 0.050 seconds
[2026-05-29T01:51:42.447+0200] {processor.py:157} INFO - Started process (PID=617411) to work on /home/frederic/airflow_venv/lib/python3.10/site-packages/airflow/example_dags/example_trigger_controller_dag.py
[2026-05-29T01:51:42.450+0200] {processor.py:829} INFO - Processing file /home/frederic/airflow_venv/lib/python3.10/site-packages/airflow/example_dags/example_trigger_controller_dag.py for tasks to queue
[2026-05-29T01:51:42.451+0200] {logging_mixin.py:151} INFO - [2026-05-29T01:51:42.451+0200] {dagbag.py:539} INFO - Filling up the DagBag from /home/frederic/airflow_venv/lib/python3.10/site-packages/airflow/example_dags/example_trigger_controller_dag.py
[2026-05-29T01:51:42.455+0200] {processor.py:839} INFO - DAG(s) dict_keys(['example_trigger_controller_dag']) retrieved from /home/frederic/airflow_venv/lib/python3.10/site-packages/airflow/example_dags/example_trigger_controller_dag.py
[2026-05-29T01:51:42.470+0200] {logging_mixin.py:151} INFO - [2026-05-29T01:51:42.470+0200] {dag.py:2915} INFO - Sync 1 DAGs
[2026-05-29T01:51:42.488+0200] {logging_mixin.py:151} INFO - [2026-05-29T01:51:42.488+0200] {dag.py:3696} INFO - Setting next_dagrun for example_trigger_controller_dag to 2021-01-01T00:00:00+00:00, run_after=2021-01-01T00:00:00+00:00
[2026-05-29T01:51:42.506+0200] {processor.py:179} INFO - Processing /home/frederic/airflow_venv/lib/python3.10/site-packages/airflow/example_dags/example_trigger_controller_dag.py took 0.062 seconds
[2026-05-29T01:52:32.777+0200] {processor.py:157} INFO - Started process (PID=618643) to work on /home/frederic/airflow_venv/lib/python3.10/site-packages/airflow/example_dags/example_trigger_controller_dag.py
[2026-05-29T01:52:32.778+0200] {processor.py:829} INFO - Processing file /home/frederic/airflow_venv/lib/python3.10/site-packages/airflow/example_dags/example_trigger_controller_dag.py for tasks to queue
[2026-05-29T01:52:32.778+0200] {logging_mixin.py:151} INFO - [2026-05-29T01:52:32.778+0200] {dagbag.py:539} INFO - Filling up the DagBag from /home/frederic/airflow_venv/lib/python3.10/site-packages/airflow/example_dags/example_trigger_controller_dag.py
[2026-05-29T01:52:32.783+0200] {processor.py:839} INFO - DAG(s) dict_keys(['example_trigger_controller_dag']) retrieved from /home/frederic/airflow_venv/lib/python3.10/site-packages/airflow/example_dags/example_trigger_controller_dag.py
[2026-05-29T01:52:32.807+0200] {logging_mixin.py:151} INFO - [2026-05-29T01:52:32.807+0200] {dag.py:2915} INFO - Sync 1 DAGs
[2026-05-29T01:52:32.834+0200] {logging_mixin.py:151} INFO - [2026-05-29T01:52:32.833+0200] {dag.py:3696} INFO - Setting next_dagrun for example_trigger_controller_dag to 2021-01-01T00:00:00+00:00, run_after=2021-01-01T00:00:00+00:00
[2026-05-29T01:52:32.849+0200] {processor.py:179} INFO - Processing /home/frederic/airflow_venv/lib/python3.10/site-packages/airflow/example_dags/example_trigger_controller_dag.py took 0.075 seconds
[2026-05-29T01:53:18.415+0200] {processor.py:157} INFO - Started process (PID=620269) to work on /home/frederic/airflow_venv/lib/python3.10/site-packages/airflow/example_dags/example_trigger_controller_dag.py
[2026-05-29T01:53:18.419+0200] {processor.py:829} INFO - Processing file /home/frederic/airflow_venv/lib/python3.10/site-packages/airflow/example_dags/example_trigger_controller_dag.py for tasks to queue
[2026-05-29T01:53:18.420+0200] {logging_mixin.py:151} INFO - [2026-05-29T01:53:18.419+0200] {dagbag.py:539} INFO - Filling up the DagBag from /home/frederic/airflow_venv/lib/python3.10/site-packages/airflow/example_dags/example_trigger_controller_dag.py
[2026-05-29T01:53:18.424+0200] {processor.py:839} INFO - DAG(s) dict_keys(['example_trigger_controller_dag']) retrieved from /home/frederic/airflow_venv/lib/python3.10/site-packages/airflow/example_dags/example_trigger_controller_dag.py
[2026-05-29T01:53:18.439+0200] {logging_mixin.py:151} INFO - [2026-05-29T01:53:18.439+0200] {dag.py:2915} INFO - Sync 1 DAGs
[2026-05-29T01:53:18.454+0200] {logging_mixin.py:151} INFO - [2026-05-29T01:53:18.454+0200] {dag.py:3696} INFO - Setting next_dagrun for example_trigger_controller_dag to 2021-01-01T00:00:00+00:00, run_after=2021-01-01T00:00:00+00:00
[2026-05-29T01:53:18.470+0200] {processor.py:179} INFO - Processing /home/frederic/airflow_venv/lib/python3.10/site-packages/airflow/example_dags/example_trigger_controller_dag.py took 0.057 seconds
[2026-05-29T01:54:03.538+0200] {processor.py:157} INFO - Started process (PID=621368) to work on /home/frederic/airflow_venv/lib/python3.10/site-packages/airflow/example_dags/example_trigger_controller_dag.py
[2026-05-29T01:54:03.539+0200] {processor.py:829} INFO - Processing file /home/frederic/airflow_venv/lib/python3.10/site-packages/airflow/example_dags/example_trigger_controller_dag.py for tasks to queue
[2026-05-29T01:54:03.540+0200] {logging_mixin.py:151} INFO - [2026-05-29T01:54:03.539+0200] {dagbag.py:539} INFO - Filling up the DagBag from /home/frederic/airflow_venv/lib/python3.10/site-packages/airflow/example_dags/example_trigger_controller_dag.py
[2026-05-29T01:54:03.544+0200] {processor.py:839} INFO - DAG(s) dict_keys(['example_trigger_controller_dag']) retrieved from /home/frederic/airflow_venv/lib/python3.10/site-packages/airflow/example_dags/example_trigger_controller_dag.py
[2026-05-29T01:54:03.556+0200] {logging_mixin.py:151} INFO - [2026-05-29T01:54:03.556+0200] {dag.py:2915} INFO - Sync 1 DAGs
[2026-05-29T01:54:03.572+0200] {logging_mixin.py:151} INFO - [2026-05-29T01:54:03.572+0200] {dag.py:3696} INFO - Setting next_dagrun for example_trigger_controller_dag to 2021-01-01T00:00:00+00:00, run_after=2021-01-01T00:00:00+00:00
[2026-05-29T01:54:03.587+0200] {processor.py:179} INFO - Processing /home/frederic/airflow_venv/lib/python3.10/site-packages/airflow/example_dags/example_trigger_controller_dag.py took 0.052 seconds
[2026-05-29T01:54:48.679+0200] {processor.py:157} INFO - Started process (PID=622896) to work on /home/frederic/airflow_venv/lib/python3.10/site-packages/airflow/example_dags/example_trigger_controller_dag.py
[2026-05-29T01:54:48.680+0200] {processor.py:829} INFO - Processing file /home/frederic/airflow_venv/lib/python3.10/site-packages/airflow/example_dags/example_trigger_controller_dag.py for tasks to queue
[2026-05-29T01:54:48.680+0200] {logging_mixin.py:151} INFO - [2026-05-29T01:54:48.680+0200] {dagbag.py:539} INFO - Filling up the DagBag from /home/frederic/airflow_venv/lib/python3.10/site-packages/airflow/example_dags/example_trigger_controller_dag.py
[2026-05-29T01:54:48.684+0200] {processor.py:839} INFO - DAG(s) dict_keys(['example_trigger_controller_dag']) retrieved from /home/frederic/airflow_venv/lib/python3.10/site-packages/airflow/example_dags/example_trigger_controller_dag.py
[2026-05-29T01:54:48.698+0200] {logging_mixin.py:151} INFO - [2026-05-29T01:54:48.698+0200] {dag.py:2915} INFO - Sync 1 DAGs
[2026-05-29T01:54:48.714+0200] {logging_mixin.py:151} INFO - [2026-05-29T01:54:48.714+0200] {dag.py:3696} INFO - Setting next_dagrun for example_trigger_controller_dag to 2021-01-01T00:00:00+00:00, run_after=2021-01-01T00:00:00+00:00
[2026-05-29T01:54:48.729+0200] {processor.py:179} INFO - Processing /home/frederic/airflow_venv/lib/python3.10/site-packages/airflow/example_dags/example_trigger_controller_dag.py took 0.052 seconds
[2026-05-29T01:55:31.243+0200] {processor.py:157} INFO - Started process (PID=624464) to work on /home/frederic/airflow_venv/lib/python3.10/site-packages/airflow/example_dags/example_trigger_controller_dag.py
[2026-05-29T01:55:31.246+0200] {processor.py:829} INFO - Processing file /home/frederic/airflow_venv/lib/python3.10/site-packages/airflow/example_dags/example_trigger_controller_dag.py for tasks to queue
[2026-05-29T01:55:31.248+0200] {logging_mixin.py:151} INFO - [2026-05-29T01:55:31.247+0200] {dagbag.py:539} INFO - Filling up the DagBag from /home/frederic/airflow_venv/lib/python3.10/site-packages/airflow/example_dags/example_trigger_controller_dag.py
[2026-05-29T01:55:31.255+0200] {processor.py:839} INFO - DAG(s) dict_keys(['example_trigger_controller_dag']) retrieved from /home/frederic/airflow_venv/lib/python3.10/site-packages/airflow/example_dags/example_trigger_controller_dag.py
[2026-05-29T01:55:31.263+0200] {logging_mixin.py:151} INFO - [2026-05-29T01:55:31.263+0200] {dag.py:2915} INFO - Sync 1 DAGs
[2026-05-29T01:55:31.285+0200] {logging_mixin.py:151} INFO - [2026-05-29T01:55:31.285+0200] {dag.py:3696} INFO - Setting next_dagrun for example_trigger_controller_dag to 2021-01-01T00:00:00+00:00, run_after=2021-01-01T00:00:00+00:00
[2026-05-29T01:55:31.304+0200] {processor.py:179} INFO - Processing /home/frederic/airflow_venv/lib/python3.10/site-packages/airflow/example_dags/example_trigger_controller_dag.py took 0.064 seconds
[2026-05-29T01:55:36.565+0200] {processor.py:157} INFO - Started process (PID=624615) to work on /home/frederic/airflow_venv/lib/python3.10/site-packages/airflow/example_dags/example_trigger_controller_dag.py
[2026-05-29T01:55:36.566+0200] {processor.py:829} INFO - Processing file /home/frederic/airflow_venv/lib/python3.10/site-packages/airflow/example_dags/example_trigger_controller_dag.py for tasks to queue
[2026-05-29T01:55:36.567+0200] {logging_mixin.py:151} INFO - [2026-05-29T01:55:36.567+0200] {dagbag.py:539} INFO - Filling up the DagBag from /home/frederic/airflow_venv/lib/python3.10/site-packages/airflow/example_dags/example_trigger_controller_dag.py
[2026-05-29T01:55:36.572+0200] {processor.py:839} INFO - DAG(s) dict_keys(['example_trigger_controller_dag']) retrieved from /home/frederic/airflow_venv/lib/python3.10/site-packages/airflow/example_dags/example_trigger_controller_dag.py
[2026-05-29T01:55:36.579+0200] {logging_mixin.py:151} INFO - [2026-05-29T01:55:36.579+0200] {dag.py:2915} INFO - Sync 1 DAGs
[2026-05-29T01:55:36.600+0200] {logging_mixin.py:151} INFO - [2026-05-29T01:55:36.600+0200] {dag.py:3696} INFO - Setting next_dagrun for example_trigger_controller_dag to 2021-01-01T00:00:00+00:00, run_after=2021-01-01T00:00:00+00:00
[2026-05-29T01:55:36.619+0200] {processor.py:179} INFO - Processing /home/frederic/airflow_venv/lib/python3.10/site-packages/airflow/example_dags/example_trigger_controller_dag.py took 0.058 seconds
[2026-05-29T01:56:17.274+0200] {processor.py:157} INFO - Started process (PID=625933) to work on /home/frederic/airflow_venv/lib/python3.10/site-packages/airflow/example_dags/example_trigger_controller_dag.py
[2026-05-29T01:56:17.275+0200] {processor.py:829} INFO - Processing file /home/frederic/airflow_venv/lib/python3.10/site-packages/airflow/example_dags/example_trigger_controller_dag.py for tasks to queue
[2026-05-29T01:56:17.276+0200] {logging_mixin.py:151} INFO - [2026-05-29T01:56:17.275+0200] {dagbag.py:539} INFO - Filling up the DagBag from /home/frederic/airflow_venv/lib/python3.10/site-packages/airflow/example_dags/example_trigger_controller_dag.py
[2026-05-29T01:56:17.280+0200] {processor.py:839} INFO - DAG(s) dict_keys(['example_trigger_controller_dag']) retrieved from /home/frederic/airflow_venv/lib/python3.10/site-packages/airflow/example_dags/example_trigger_controller_dag.py
[2026-05-29T01:56:17.293+0200] {logging_mixin.py:151} INFO - [2026-05-29T01:56:17.293+0200] {dag.py:2915} INFO - Sync 1 DAGs
[2026-05-29T01:56:17.310+0200] {logging_mixin.py:151} INFO - [2026-05-29T01:56:17.310+0200] {dag.py:3696} INFO - Setting next_dagrun for example_trigger_controller_dag to 2021-01-01T00:00:00+00:00, run_after=2021-01-01T00:00:00+00:00
[2026-05-29T01:56:17.324+0200] {processor.py:179} INFO - Processing /home/frederic/airflow_venv/lib/python3.10/site-packages/airflow/example_dags/example_trigger_controller_dag.py took 0.054 seconds
[2026-05-29T01:56:21.673+0200] {processor.py:157} INFO - Started process (PID=626114) to work on /home/frederic/airflow_venv/lib/python3.10/site-packages/airflow/example_dags/example_trigger_controller_dag.py
[2026-05-29T01:56:21.673+0200] {processor.py:829} INFO - Processing file /home/frederic/airflow_venv/lib/python3.10/site-packages/airflow/example_dags/example_trigger_controller_dag.py for tasks to queue
[2026-05-29T01:56:21.674+0200] {logging_mixin.py:151} INFO - [2026-05-29T01:56:21.674+0200] {dagbag.py:539} INFO - Filling up the DagBag from /home/frederic/airflow_venv/lib/python3.10/site-packages/airflow/example_dags/example_trigger_controller_dag.py
[2026-05-29T01:56:21.677+0200] {processor.py:839} INFO - DAG(s) dict_keys(['example_trigger_controller_dag']) retrieved from /home/frederic/airflow_venv/lib/python3.10/site-packages/airflow/example_dags/example_trigger_controller_dag.py
[2026-05-29T01:56:21.690+0200] {logging_mixin.py:151} INFO - [2026-05-29T01:56:21.690+0200] {dag.py:2915} INFO - Sync 1 DAGs
[2026-05-29T01:56:21.706+0200] {logging_mixin.py:151} INFO - [2026-05-29T01:56:21.706+0200] {dag.py:3696} INFO - Setting next_dagrun for example_trigger_controller_dag to 2021-01-01T00:00:00+00:00, run_after=2021-01-01T00:00:00+00:00
[2026-05-29T01:56:21.722+0200] {processor.py:179} INFO - Processing /home/frederic/airflow_venv/lib/python3.10/site-packages/airflow/example_dags/example_trigger_controller_dag.py took 0.052 seconds
[2026-05-29T01:57:01.513+0200] {processor.py:157} INFO - Started process (PID=627312) to work on /home/frederic/airflow_venv/lib/python3.10/site-packages/airflow/example_dags/example_trigger_controller_dag.py
[2026-05-29T01:57:01.514+0200] {processor.py:829} INFO - Processing file /home/frederic/airflow_venv/lib/python3.10/site-packages/airflow/example_dags/example_trigger_controller_dag.py for tasks to queue
[2026-05-29T01:57:01.514+0200] {logging_mixin.py:151} INFO - [2026-05-29T01:57:01.514+0200] {dagbag.py:539} INFO - Filling up the DagBag from /home/frederic/airflow_venv/lib/python3.10/site-packages/airflow/example_dags/example_trigger_controller_dag.py
[2026-05-29T01:57:01.520+0200] {processor.py:839} INFO - DAG(s) dict_keys(['example_trigger_controller_dag']) retrieved from /home/frederic/airflow_venv/lib/python3.10/site-packages/airflow/example_dags/example_trigger_controller_dag.py
[2026-05-29T01:57:01.536+0200] {logging_mixin.py:151} INFO - [2026-05-29T01:57:01.536+0200] {dag.py:2915} INFO - Sync 1 DAGs
[2026-05-29T01:57:01.555+0200] {logging_mixin.py:151} INFO - [2026-05-29T01:57:01.554+0200] {dag.py:3696} INFO - Setting next_dagrun for example_trigger_controller_dag to 2021-01-01T00:00:00+00:00, run_after=2021-01-01T00:00:00+00:00
[2026-05-29T01:57:01.573+0200] {processor.py:179} INFO - Processing /home/frederic/airflow_venv/lib/python3.10/site-packages/airflow/example_dags/example_trigger_controller_dag.py took 0.063 seconds
[2026-05-29T01:57:06.318+0200] {processor.py:157} INFO - Started process (PID=627438) to work on /home/frederic/airflow_venv/lib/python3.10/site-packages/airflow/example_dags/example_trigger_controller_dag.py
[2026-05-29T01:57:06.318+0200] {processor.py:829} INFO - Processing file /home/frederic/airflow_venv/lib/python3.10/site-packages/airflow/example_dags/example_trigger_controller_dag.py for tasks to queue
[2026-05-29T01:57:06.319+0200] {logging_mixin.py:151} INFO - [2026-05-29T01:57:06.319+0200] {dagbag.py:539} INFO - Filling up the DagBag from /home/frederic/airflow_venv/lib/python3.10/site-packages/airflow/example_dags/example_trigger_controller_dag.py
[2026-05-29T01:57:06.323+0200] {processor.py:839} INFO - DAG(s) dict_keys(['example_trigger_controller_dag']) retrieved from /home/frederic/airflow_venv/lib/python3.10/site-packages/airflow/example_dags/example_trigger_controller_dag.py
[2026-05-29T01:57:06.339+0200] {logging_mixin.py:151} INFO - [2026-05-29T01:57:06.338+0200] {dag.py:2915} INFO - Sync 1 DAGs
[2026-05-29T01:57:06.356+0200] {logging_mixin.py:151} INFO - [2026-05-29T01:57:06.356+0200] {dag.py:3696} INFO - Setting next_dagrun for example_trigger_controller_dag to 2021-01-01T00:00:00+00:00, run_after=2021-01-01T00:00:00+00:00
[2026-05-29T01:57:06.372+0200] {processor.py:179} INFO - Processing /home/frederic/airflow_venv/lib/python3.10/site-packages/airflow/example_dags/example_trigger_controller_dag.py took 0.056 seconds
[2026-05-29T01:57:48.076+0200] {processor.py:157} INFO - Started process (PID=629078) to work on /home/frederic/airflow_venv/lib/python3.10/site-packages/airflow/example_dags/example_trigger_controller_dag.py
[2026-05-29T01:57:48.077+0200] {processor.py:829} INFO - Processing file /home/frederic/airflow_venv/lib/python3.10/site-packages/airflow/example_dags/example_trigger_controller_dag.py for tasks to queue
[2026-05-29T01:57:48.078+0200] {logging_mixin.py:151} INFO - [2026-05-29T01:57:48.078+0200] {dagbag.py:539} INFO - Filling up the DagBag from /home/frederic/airflow_venv/lib/python3.10/site-packages/airflow/example_dags/example_trigger_controller_dag.py
[2026-05-29T01:57:48.084+0200] {processor.py:839} INFO - DAG(s) dict_keys(['example_trigger_controller_dag']) retrieved from /home/frederic/airflow_venv/lib/python3.10/site-packages/airflow/example_dags/example_trigger_controller_dag.py
[2026-05-29T01:57:48.101+0200] {logging_mixin.py:151} INFO - [2026-05-29T01:57:48.100+0200] {dag.py:2915} INFO - Sync 1 DAGs
[2026-05-29T01:57:48.125+0200] {logging_mixin.py:151} INFO - [2026-05-29T01:57:48.125+0200] {dag.py:3696} INFO - Setting next_dagrun for example_trigger_controller_dag to 2021-01-01T00:00:00+00:00, run_after=2021-01-01T00:00:00+00:00
[2026-05-29T01:57:48.147+0200] {processor.py:179} INFO - Processing /home/frederic/airflow_venv/lib/python3.10/site-packages/airflow/example_dags/example_trigger_controller_dag.py took 0.074 seconds
[2026-05-29T01:57:51.621+0200] {processor.py:157} INFO - Started process (PID=629162) to work on /home/frederic/airflow_venv/lib/python3.10/site-packages/airflow/example_dags/example_trigger_controller_dag.py
[2026-05-29T01:57:51.623+0200] {processor.py:829} INFO - Processing file /home/frederic/airflow_venv/lib/python3.10/site-packages/airflow/example_dags/example_trigger_controller_dag.py for tasks to queue
[2026-05-29T01:57:51.623+0200] {logging_mixin.py:151} INFO - [2026-05-29T01:57:51.623+0200] {dagbag.py:539} INFO - Filling up the DagBag from /home/frederic/airflow_venv/lib/python3.10/site-packages/airflow/example_dags/example_trigger_controller_dag.py
[2026-05-29T01:57:51.627+0200] {processor.py:839} INFO - DAG(s) dict_keys(['example_trigger_controller_dag']) retrieved from /home/frederic/airflow_venv/lib/python3.10/site-packages/airflow/example_dags/example_trigger_controller_dag.py
[2026-05-29T01:57:51.644+0200] {logging_mixin.py:151} INFO - [2026-05-29T01:57:51.644+0200] {dag.py:2915} INFO - Sync 1 DAGs
[2026-05-29T01:57:51.665+0200] {logging_mixin.py:151} INFO - [2026-05-29T01:57:51.665+0200] {dag.py:3696} INFO - Setting next_dagrun for example_trigger_controller_dag to 2021-01-01T00:00:00+00:00, run_after=2021-01-01T00:00:00+00:00
[2026-05-29T01:57:51.691+0200] {processor.py:179} INFO - Processing /home/frederic/airflow_venv/lib/python3.10/site-packages/airflow/example_dags/example_trigger_controller_dag.py took 0.072 seconds
[2026-05-29T01:58:38.081+0200] {processor.py:157} INFO - Started process (PID=630848) to work on /home/frederic/airflow_venv/lib/python3.10/site-packages/airflow/example_dags/example_trigger_controller_dag.py
[2026-05-29T01:58:38.082+0200] {processor.py:829} INFO - Processing file /home/frederic/airflow_venv/lib/python3.10/site-packages/airflow/example_dags/example_trigger_controller_dag.py for tasks to queue
[2026-05-29T01:58:38.083+0200] {logging_mixin.py:151} INFO - [2026-05-29T01:58:38.083+0200] {dagbag.py:539} INFO - Filling up the DagBag from /home/frederic/airflow_venv/lib/python3.10/site-packages/airflow/example_dags/example_trigger_controller_dag.py
[2026-05-29T01:58:38.088+0200] {processor.py:839} INFO - DAG(s) dict_keys(['example_trigger_controller_dag']) retrieved from /home/frederic/airflow_venv/lib/python3.10/site-packages/airflow/example_dags/example_trigger_controller_dag.py
[2026-05-29T01:58:38.110+0200] {logging_mixin.py:151} INFO - [2026-05-29T01:58:38.110+0200] {dag.py:2915} INFO - Sync 1 DAGs
[2026-05-29T01:58:38.389+0200] {logging_mixin.py:151} INFO - [2026-05-29T01:58:38.389+0200] {dag.py:3696} INFO - Setting next_dagrun for example_trigger_controller_dag to 2021-01-01T00:00:00+00:00, run_after=2021-01-01T00:00:00+00:00
[2026-05-29T01:58:38.414+0200] {processor.py:179} INFO - Processing /home/frederic/airflow_venv/lib/python3.10/site-packages/airflow/example_dags/example_trigger_controller_dag.py took 0.337 seconds
[2026-05-29T01:58:44.760+0200] {processor.py:157} INFO - Started process (PID=631025) to work on /home/frederic/airflow_venv/lib/python3.10/site-packages/airflow/example_dags/example_trigger_controller_dag.py
[2026-05-29T01:58:44.761+0200] {processor.py:829} INFO - Processing file /home/frederic/airflow_venv/lib/python3.10/site-packages/airflow/example_dags/example_trigger_controller_dag.py for tasks to queue
[2026-05-29T01:58:44.761+0200] {logging_mixin.py:151} INFO - [2026-05-29T01:58:44.761+0200] {dagbag.py:539} INFO - Filling up the DagBag from /home/frederic/airflow_venv/lib/python3.10/site-packages/airflow/example_dags/example_trigger_controller_dag.py
[2026-05-29T01:58:44.765+0200] {processor.py:839} INFO - DAG(s) dict_keys(['example_trigger_controller_dag']) retrieved from /home/frederic/airflow_venv/lib/python3.10/site-packages/airflow/example_dags/example_trigger_controller_dag.py
[2026-05-29T01:58:44.778+0200] {logging_mixin.py:151} INFO - [2026-05-29T01:58:44.778+0200] {dag.py:2915} INFO - Sync 1 DAGs
[2026-05-29T01:58:44.796+0200] {logging_mixin.py:151} INFO - [2026-05-29T01:58:44.796+0200] {dag.py:3696} INFO - Setting next_dagrun for example_trigger_controller_dag to 2021-01-01T00:00:00+00:00, run_after=2021-01-01T00:00:00+00:00
[2026-05-29T01:58:44.814+0200] {processor.py:179} INFO - Processing /home/frederic/airflow_venv/lib/python3.10/site-packages/airflow/example_dags/example_trigger_controller_dag.py took 0.056 seconds
[2026-05-29T01:59:22.506+0200] {processor.py:157} INFO - Started process (PID=632164) to work on /home/frederic/airflow_venv/lib/python3.10/site-packages/airflow/example_dags/example_trigger_controller_dag.py
[2026-05-29T01:59:22.507+0200] {processor.py:829} INFO - Processing file /home/frederic/airflow_venv/lib/python3.10/site-packages/airflow/example_dags/example_trigger_controller_dag.py for tasks to queue
[2026-05-29T01:59:22.508+0200] {logging_mixin.py:151} INFO - [2026-05-29T01:59:22.508+0200] {dagbag.py:539} INFO - Filling up the DagBag from /home/frederic/airflow_venv/lib/python3.10/site-packages/airflow/example_dags/example_trigger_controller_dag.py
[2026-05-29T01:59:22.513+0200] {processor.py:839} INFO - DAG(s) dict_keys(['example_trigger_controller_dag']) retrieved from /home/frederic/airflow_venv/lib/python3.10/site-packages/airflow/example_dags/example_trigger_controller_dag.py
[2026-05-29T01:59:22.528+0200] {logging_mixin.py:151} INFO - [2026-05-29T01:59:22.527+0200] {dag.py:2915} INFO - Sync 1 DAGs
[2026-05-29T01:59:22.546+0200] {logging_mixin.py:151} INFO - [2026-05-29T01:59:22.546+0200] {dag.py:3696} INFO - Setting next_dagrun for example_trigger_controller_dag to 2021-01-01T00:00:00+00:00, run_after=2021-01-01T00:00:00+00:00
[2026-05-29T01:59:22.563+0200] {processor.py:179} INFO - Processing /home/frederic/airflow_venv/lib/python3.10/site-packages/airflow/example_dags/example_trigger_controller_dag.py took 0.059 seconds
[2026-05-29T01:59:26.611+0200] {processor.py:157} INFO - Started process (PID=632245) to work on /home/frederic/airflow_venv/lib/python3.10/site-packages/airflow/example_dags/example_trigger_controller_dag.py
[2026-05-29T01:59:26.612+0200] {processor.py:829} INFO - Processing file /home/frederic/airflow_venv/lib/python3.10/site-packages/airflow/example_dags/example_trigger_controller_dag.py for tasks to queue
[2026-05-29T01:59:26.613+0200] {logging_mixin.py:151} INFO - [2026-05-29T01:59:26.613+0200] {dagbag.py:539} INFO - Filling up the DagBag from /home/frederic/airflow_venv/lib/python3.10/site-packages/airflow/example_dags/example_trigger_controller_dag.py
[2026-05-29T01:59:26.619+0200] {processor.py:839} INFO - DAG(s) dict_keys(['example_trigger_controller_dag']) retrieved from /home/frederic/airflow_venv/lib/python3.10/site-packages/airflow/example_dags/example_trigger_controller_dag.py
[2026-05-29T01:59:26.634+0200] {logging_mixin.py:151} INFO - [2026-05-29T01:59:26.634+0200] {dag.py:2915} INFO - Sync 1 DAGs
[2026-05-29T01:59:26.654+0200] {logging_mixin.py:151} INFO - [2026-05-29T01:59:26.654+0200] {dag.py:3696} INFO - Setting next_dagrun for example_trigger_controller_dag to 2021-01-01T00:00:00+00:00, run_after=2021-01-01T00:00:00+00:00
[2026-05-29T01:59:26.671+0200] {processor.py:179} INFO - Processing /home/frederic/airflow_venv/lib/python3.10/site-packages/airflow/example_dags/example_trigger_controller_dag.py took 0.062 seconds
