[2026-05-29T01:37:10.835+0200] {processor.py:157} INFO - Started process (PID=594466) to work on /home/frederic/airflow_venv/lib/python3.10/site-packages/airflow/example_dags/example_datasets.py
[2026-05-29T01:37:10.836+0200] {processor.py:829} INFO - Processing file /home/frederic/airflow_venv/lib/python3.10/site-packages/airflow/example_dags/example_datasets.py for tasks to queue
[2026-05-29T01:37:10.837+0200] {logging_mixin.py:151} INFO - [2026-05-29T01:37:10.837+0200] {dagbag.py:539} INFO - Filling up the DagBag from /home/frederic/airflow_venv/lib/python3.10/site-packages/airflow/example_dags/example_datasets.py
[2026-05-29T01:37:10.846+0200] {processor.py:839} INFO - DAG(s) dict_keys(['dataset_consumes_1_and_2', 'dataset_consumes_1', 'dataset_produces_1', 'dataset_consumes_1_never_scheduled', 'dataset_consumes_unknown_never_scheduled', 'dataset_produces_2']) retrieved from /home/frederic/airflow_venv/lib/python3.10/site-packages/airflow/example_dags/example_datasets.py
[2026-05-29T01:37:10.931+0200] {logging_mixin.py:151} INFO - [2026-05-29T01:37:10.931+0200] {manager.py:499} INFO - Created Permission View: %s
[2026-05-29T01:37:10.940+0200] {logging_mixin.py:151} INFO - [2026-05-29T01:37:10.940+0200] {manager.py:499} INFO - Created Permission View: %s
[2026-05-29T01:37:10.947+0200] {logging_mixin.py:151} INFO - [2026-05-29T01:37:10.947+0200] {manager.py:499} INFO - Created Permission View: %s
[2026-05-29T01:37:10.948+0200] {logging_mixin.py:151} INFO - [2026-05-29T01:37:10.947+0200] {security.py:708} INFO - Not syncing DAG-level permissions for DAG 'DAG:dataset_consumes_1_and_2' as access control is unset.
[2026-05-29T01:37:10.969+0200] {logging_mixin.py:151} INFO - [2026-05-29T01:37:10.969+0200] {manager.py:499} INFO - Created Permission View: %s
[2026-05-29T01:37:10.976+0200] {logging_mixin.py:151} INFO - [2026-05-29T01:37:10.976+0200] {manager.py:499} INFO - Created Permission View: %s
[2026-05-29T01:37:10.983+0200] {logging_mixin.py:151} INFO - [2026-05-29T01:37:10.982+0200] {manager.py:499} INFO - Created Permission View: %s
[2026-05-29T01:37:10.983+0200] {logging_mixin.py:151} INFO - [2026-05-29T01:37:10.983+0200] {security.py:708} INFO - Not syncing DAG-level permissions for DAG 'DAG:dataset_consumes_1' as access control is unset.
[2026-05-29T01:37:11.002+0200] {logging_mixin.py:151} INFO - [2026-05-29T01:37:11.002+0200] {manager.py:499} INFO - Created Permission View: %s
[2026-05-29T01:37:11.011+0200] {logging_mixin.py:151} INFO - [2026-05-29T01:37:11.011+0200] {manager.py:499} INFO - Created Permission View: %s
[2026-05-29T01:37:11.020+0200] {logging_mixin.py:151} INFO - [2026-05-29T01:37:11.020+0200] {manager.py:499} INFO - Created Permission View: %s
[2026-05-29T01:37:11.020+0200] {logging_mixin.py:151} INFO - [2026-05-29T01:37:11.020+0200] {security.py:708} INFO - Not syncing DAG-level permissions for DAG 'DAG:dataset_produces_1' as access control is unset.
[2026-05-29T01:37:11.033+0200] {logging_mixin.py:151} INFO - [2026-05-29T01:37:11.032+0200] {manager.py:499} INFO - Created Permission View: %s
[2026-05-29T01:37:11.038+0200] {logging_mixin.py:151} INFO - [2026-05-29T01:37:11.038+0200] {manager.py:499} INFO - Created Permission View: %s
[2026-05-29T01:37:11.044+0200] {logging_mixin.py:151} INFO - [2026-05-29T01:37:11.044+0200] {manager.py:499} INFO - Created Permission View: %s
[2026-05-29T01:37:11.044+0200] {logging_mixin.py:151} INFO - [2026-05-29T01:37:11.044+0200] {security.py:708} INFO - Not syncing DAG-level permissions for DAG 'DAG:dataset_consumes_1_never_scheduled' as access control is unset.
[2026-05-29T01:37:11.059+0200] {logging_mixin.py:151} INFO - [2026-05-29T01:37:11.059+0200] {manager.py:499} INFO - Created Permission View: %s
[2026-05-29T01:37:11.065+0200] {logging_mixin.py:151} INFO - [2026-05-29T01:37:11.065+0200] {manager.py:499} INFO - Created Permission View: %s
[2026-05-29T01:37:11.070+0200] {logging_mixin.py:151} INFO - [2026-05-29T01:37:11.070+0200] {manager.py:499} INFO - Created Permission View: %s
[2026-05-29T01:37:11.070+0200] {logging_mixin.py:151} INFO - [2026-05-29T01:37:11.070+0200] {security.py:708} INFO - Not syncing DAG-level permissions for DAG 'DAG:dataset_consumes_unknown_never_scheduled' as access control is unset.
[2026-05-29T01:37:11.081+0200] {logging_mixin.py:151} INFO - [2026-05-29T01:37:11.080+0200] {manager.py:499} INFO - Created Permission View: %s
[2026-05-29T01:37:11.086+0200] {logging_mixin.py:151} INFO - [2026-05-29T01:37:11.086+0200] {manager.py:499} INFO - Created Permission View: %s
[2026-05-29T01:37:11.091+0200] {logging_mixin.py:151} INFO - [2026-05-29T01:37:11.091+0200] {manager.py:499} INFO - Created Permission View: %s
[2026-05-29T01:37:11.092+0200] {logging_mixin.py:151} INFO - [2026-05-29T01:37:11.092+0200] {security.py:708} INFO - Not syncing DAG-level permissions for DAG 'DAG:dataset_produces_2' as access control is unset.
[2026-05-29T01:37:11.092+0200] {logging_mixin.py:151} INFO - [2026-05-29T01:37:11.092+0200] {dag.py:2915} INFO - Sync 6 DAGs
[2026-05-29T01:37:11.108+0200] {logging_mixin.py:151} INFO - [2026-05-29T01:37:11.108+0200] {dag.py:2937} INFO - Creating ORM DAG for dataset_consumes_1
[2026-05-29T01:37:11.109+0200] {logging_mixin.py:151} INFO - [2026-05-29T01:37:11.109+0200] {dag.py:2937} INFO - Creating ORM DAG for dataset_consumes_1_and_2
[2026-05-29T01:37:11.110+0200] {logging_mixin.py:151} INFO - [2026-05-29T01:37:11.110+0200] {dag.py:2937} INFO - Creating ORM DAG for dataset_produces_1
[2026-05-29T01:37:11.111+0200] {logging_mixin.py:151} INFO - [2026-05-29T01:37:11.110+0200] {dag.py:2937} INFO - Creating ORM DAG for dataset_consumes_unknown_never_scheduled
[2026-05-29T01:37:11.111+0200] {logging_mixin.py:151} INFO - [2026-05-29T01:37:11.111+0200] {dag.py:2937} INFO - Creating ORM DAG for dataset_produces_2
[2026-05-29T01:37:11.111+0200] {logging_mixin.py:151} INFO - [2026-05-29T01:37:11.111+0200] {dag.py:2937} INFO - Creating ORM DAG for dataset_consumes_1_never_scheduled
[2026-05-29T01:37:11.127+0200] {logging_mixin.py:151} INFO - [2026-05-29T01:37:11.127+0200] {dag.py:3696} INFO - Setting next_dagrun for dataset_consumes_1 to None, run_after=None
[2026-05-29T01:37:11.127+0200] {logging_mixin.py:151} INFO - [2026-05-29T01:37:11.127+0200] {dag.py:3696} INFO - Setting next_dagrun for dataset_consumes_1_and_2 to None, run_after=None
[2026-05-29T01:37:11.128+0200] {logging_mixin.py:151} INFO - [2026-05-29T01:37:11.128+0200] {dag.py:3696} INFO - Setting next_dagrun for dataset_consumes_1_never_scheduled to None, run_after=None
[2026-05-29T01:37:11.128+0200] {logging_mixin.py:151} INFO - [2026-05-29T01:37:11.128+0200] {dag.py:3696} INFO - Setting next_dagrun for dataset_consumes_unknown_never_scheduled to None, run_after=None
[2026-05-29T01:37:11.131+0200] {logging_mixin.py:151} INFO - [2026-05-29T01:37:11.131+0200] {dag.py:3696} INFO - Setting next_dagrun for dataset_produces_1 to 2026-05-27T00:00:00+00:00, run_after=2026-05-28T00:00:00+00:00
[2026-05-29T01:37:11.132+0200] {logging_mixin.py:151} INFO - [2026-05-29T01:37:11.131+0200] {dag.py:3696} INFO - Setting next_dagrun for dataset_produces_2 to None, run_after=None
[2026-05-29T01:37:11.163+0200] {processor.py:179} INFO - Processing /home/frederic/airflow_venv/lib/python3.10/site-packages/airflow/example_dags/example_datasets.py took 0.331 seconds
[2026-05-29T01:37:56.743+0200] {processor.py:157} INFO - Started process (PID=595339) to work on /home/frederic/airflow_venv/lib/python3.10/site-packages/airflow/example_dags/example_datasets.py
[2026-05-29T01:37:56.744+0200] {processor.py:829} INFO - Processing file /home/frederic/airflow_venv/lib/python3.10/site-packages/airflow/example_dags/example_datasets.py for tasks to queue
[2026-05-29T01:37:56.745+0200] {logging_mixin.py:151} INFO - [2026-05-29T01:37:56.745+0200] {dagbag.py:539} INFO - Filling up the DagBag from /home/frederic/airflow_venv/lib/python3.10/site-packages/airflow/example_dags/example_datasets.py
[2026-05-29T01:37:56.753+0200] {processor.py:839} INFO - DAG(s) dict_keys(['dataset_consumes_1_never_scheduled', 'dataset_consumes_unknown_never_scheduled', 'dataset_produces_2', 'dataset_consumes_1', 'dataset_produces_1', 'dataset_consumes_1_and_2']) retrieved from /home/frederic/airflow_venv/lib/python3.10/site-packages/airflow/example_dags/example_datasets.py
[2026-05-29T01:37:56.782+0200] {logging_mixin.py:151} INFO - [2026-05-29T01:37:56.782+0200] {dag.py:2915} INFO - Sync 6 DAGs
[2026-05-29T01:37:56.800+0200] {logging_mixin.py:151} INFO - [2026-05-29T01:37:56.800+0200] {dag.py:3696} INFO - Setting next_dagrun for dataset_consumes_1 to None, run_after=None
[2026-05-29T01:37:56.803+0200] {logging_mixin.py:151} INFO - [2026-05-29T01:37:56.803+0200] {dag.py:3696} INFO - Setting next_dagrun for dataset_consumes_1_and_2 to None, run_after=None
[2026-05-29T01:37:56.804+0200] {logging_mixin.py:151} INFO - [2026-05-29T01:37:56.804+0200] {dag.py:3696} INFO - Setting next_dagrun for dataset_consumes_1_never_scheduled to None, run_after=None
[2026-05-29T01:37:56.804+0200] {logging_mixin.py:151} INFO - [2026-05-29T01:37:56.804+0200] {dag.py:3696} INFO - Setting next_dagrun for dataset_consumes_unknown_never_scheduled to None, run_after=None
[2026-05-29T01:37:56.807+0200] {logging_mixin.py:151} INFO - [2026-05-29T01:37:56.807+0200] {dag.py:3696} INFO - Setting next_dagrun for dataset_produces_1 to 2026-05-27T00:00:00+00:00, run_after=2026-05-28T00:00:00+00:00
[2026-05-29T01:37:56.808+0200] {logging_mixin.py:151} INFO - [2026-05-29T01:37:56.808+0200] {dag.py:3696} INFO - Setting next_dagrun for dataset_produces_2 to None, run_after=None
[2026-05-29T01:37:56.829+0200] {processor.py:179} INFO - Processing /home/frederic/airflow_venv/lib/python3.10/site-packages/airflow/example_dags/example_datasets.py took 0.088 seconds
[2026-05-29T01:38:42.190+0200] {processor.py:157} INFO - Started process (PID=596366) to work on /home/frederic/airflow_venv/lib/python3.10/site-packages/airflow/example_dags/example_datasets.py
[2026-05-29T01:38:42.191+0200] {processor.py:829} INFO - Processing file /home/frederic/airflow_venv/lib/python3.10/site-packages/airflow/example_dags/example_datasets.py for tasks to queue
[2026-05-29T01:38:42.192+0200] {logging_mixin.py:151} INFO - [2026-05-29T01:38:42.192+0200] {dagbag.py:539} INFO - Filling up the DagBag from /home/frederic/airflow_venv/lib/python3.10/site-packages/airflow/example_dags/example_datasets.py
[2026-05-29T01:38:42.202+0200] {processor.py:839} INFO - DAG(s) dict_keys(['dataset_consumes_unknown_never_scheduled', 'dataset_produces_1', 'dataset_consumes_1_and_2', 'dataset_produces_2', 'dataset_consumes_1', 'dataset_consumes_1_never_scheduled']) retrieved from /home/frederic/airflow_venv/lib/python3.10/site-packages/airflow/example_dags/example_datasets.py
[2026-05-29T01:38:42.235+0200] {logging_mixin.py:151} INFO - [2026-05-29T01:38:42.235+0200] {dag.py:2915} INFO - Sync 6 DAGs
[2026-05-29T01:38:42.256+0200] {logging_mixin.py:151} INFO - [2026-05-29T01:38:42.255+0200] {dag.py:3696} INFO - Setting next_dagrun for dataset_consumes_1 to None, run_after=None
[2026-05-29T01:38:42.259+0200] {logging_mixin.py:151} INFO - [2026-05-29T01:38:42.259+0200] {dag.py:3696} INFO - Setting next_dagrun for dataset_consumes_1_and_2 to None, run_after=None
[2026-05-29T01:38:42.261+0200] {logging_mixin.py:151} INFO - [2026-05-29T01:38:42.261+0200] {dag.py:3696} INFO - Setting next_dagrun for dataset_consumes_1_never_scheduled to None, run_after=None
[2026-05-29T01:38:42.262+0200] {logging_mixin.py:151} INFO - [2026-05-29T01:38:42.261+0200] {dag.py:3696} INFO - Setting next_dagrun for dataset_consumes_unknown_never_scheduled to None, run_after=None
[2026-05-29T01:38:42.264+0200] {logging_mixin.py:151} INFO - [2026-05-29T01:38:42.264+0200] {dag.py:3696} INFO - Setting next_dagrun for dataset_produces_1 to 2026-05-27T00:00:00+00:00, run_after=2026-05-28T00:00:00+00:00
[2026-05-29T01:38:42.265+0200] {logging_mixin.py:151} INFO - [2026-05-29T01:38:42.265+0200] {dag.py:3696} INFO - Setting next_dagrun for dataset_produces_2 to None, run_after=None
[2026-05-29T01:38:42.304+0200] {processor.py:179} INFO - Processing /home/frederic/airflow_venv/lib/python3.10/site-packages/airflow/example_dags/example_datasets.py took 0.118 seconds
[2026-05-29T01:39:29.117+0200] {processor.py:157} INFO - Started process (PID=597448) to work on /home/frederic/airflow_venv/lib/python3.10/site-packages/airflow/example_dags/example_datasets.py
[2026-05-29T01:39:29.118+0200] {processor.py:829} INFO - Processing file /home/frederic/airflow_venv/lib/python3.10/site-packages/airflow/example_dags/example_datasets.py for tasks to queue
[2026-05-29T01:39:29.119+0200] {logging_mixin.py:151} INFO - [2026-05-29T01:39:29.118+0200] {dagbag.py:539} INFO - Filling up the DagBag from /home/frederic/airflow_venv/lib/python3.10/site-packages/airflow/example_dags/example_datasets.py
[2026-05-29T01:39:29.127+0200] {processor.py:839} INFO - DAG(s) dict_keys(['dataset_consumes_unknown_never_scheduled', 'dataset_consumes_1_and_2', 'dataset_produces_2', 'dataset_consumes_1', 'dataset_consumes_1_never_scheduled', 'dataset_produces_1']) retrieved from /home/frederic/airflow_venv/lib/python3.10/site-packages/airflow/example_dags/example_datasets.py
[2026-05-29T01:39:29.152+0200] {logging_mixin.py:151} INFO - [2026-05-29T01:39:29.152+0200] {dag.py:2915} INFO - Sync 6 DAGs
[2026-05-29T01:39:29.169+0200] {logging_mixin.py:151} INFO - [2026-05-29T01:39:29.169+0200] {dag.py:3696} INFO - Setting next_dagrun for dataset_consumes_1 to None, run_after=None
[2026-05-29T01:39:29.172+0200] {logging_mixin.py:151} INFO - [2026-05-29T01:39:29.172+0200] {dag.py:3696} INFO - Setting next_dagrun for dataset_consumes_1_and_2 to None, run_after=None
[2026-05-29T01:39:29.173+0200] {logging_mixin.py:151} INFO - [2026-05-29T01:39:29.173+0200] {dag.py:3696} INFO - Setting next_dagrun for dataset_consumes_1_never_scheduled to None, run_after=None
[2026-05-29T01:39:29.174+0200] {logging_mixin.py:151} INFO - [2026-05-29T01:39:29.174+0200] {dag.py:3696} INFO - Setting next_dagrun for dataset_consumes_unknown_never_scheduled to None, run_after=None
[2026-05-29T01:39:29.176+0200] {logging_mixin.py:151} INFO - [2026-05-29T01:39:29.176+0200] {dag.py:3696} INFO - Setting next_dagrun for dataset_produces_1 to 2026-05-27T00:00:00+00:00, run_after=2026-05-28T00:00:00+00:00
[2026-05-29T01:39:29.177+0200] {logging_mixin.py:151} INFO - [2026-05-29T01:39:29.177+0200] {dag.py:3696} INFO - Setting next_dagrun for dataset_produces_2 to None, run_after=None
[2026-05-29T01:39:29.199+0200] {processor.py:179} INFO - Processing /home/frederic/airflow_venv/lib/python3.10/site-packages/airflow/example_dags/example_datasets.py took 0.085 seconds
[2026-05-29T01:40:17.651+0200] {processor.py:157} INFO - Started process (PID=598628) to work on /home/frederic/airflow_venv/lib/python3.10/site-packages/airflow/example_dags/example_datasets.py
[2026-05-29T01:40:17.655+0200] {processor.py:829} INFO - Processing file /home/frederic/airflow_venv/lib/python3.10/site-packages/airflow/example_dags/example_datasets.py for tasks to queue
[2026-05-29T01:40:17.655+0200] {logging_mixin.py:151} INFO - [2026-05-29T01:40:17.655+0200] {dagbag.py:539} INFO - Filling up the DagBag from /home/frederic/airflow_venv/lib/python3.10/site-packages/airflow/example_dags/example_datasets.py
[2026-05-29T01:40:17.663+0200] {processor.py:839} INFO - DAG(s) dict_keys(['dataset_consumes_unknown_never_scheduled', 'dataset_consumes_1_never_scheduled', 'dataset_produces_2', 'dataset_consumes_1_and_2', 'dataset_produces_1', 'dataset_consumes_1']) retrieved from /home/frederic/airflow_venv/lib/python3.10/site-packages/airflow/example_dags/example_datasets.py
[2026-05-29T01:40:17.722+0200] {logging_mixin.py:151} INFO - [2026-05-29T01:40:17.721+0200] {dag.py:2915} INFO - Sync 6 DAGs
[2026-05-29T01:40:17.752+0200] {logging_mixin.py:151} INFO - [2026-05-29T01:40:17.752+0200] {dag.py:3696} INFO - Setting next_dagrun for dataset_consumes_1 to None, run_after=None
[2026-05-29T01:40:17.757+0200] {logging_mixin.py:151} INFO - [2026-05-29T01:40:17.757+0200] {dag.py:3696} INFO - Setting next_dagrun for dataset_consumes_1_and_2 to None, run_after=None
[2026-05-29T01:40:17.759+0200] {logging_mixin.py:151} INFO - [2026-05-29T01:40:17.759+0200] {dag.py:3696} INFO - Setting next_dagrun for dataset_consumes_1_never_scheduled to None, run_after=None
[2026-05-29T01:40:17.761+0200] {logging_mixin.py:151} INFO - [2026-05-29T01:40:17.760+0200] {dag.py:3696} INFO - Setting next_dagrun for dataset_consumes_unknown_never_scheduled to None, run_after=None
[2026-05-29T01:40:17.766+0200] {logging_mixin.py:151} INFO - [2026-05-29T01:40:17.766+0200] {dag.py:3696} INFO - Setting next_dagrun for dataset_produces_1 to 2026-05-27T00:00:00+00:00, run_after=2026-05-28T00:00:00+00:00
[2026-05-29T01:40:17.768+0200] {logging_mixin.py:151} INFO - [2026-05-29T01:40:17.768+0200] {dag.py:3696} INFO - Setting next_dagrun for dataset_produces_2 to None, run_after=None
[2026-05-29T01:40:17.814+0200] {processor.py:179} INFO - Processing /home/frederic/airflow_venv/lib/python3.10/site-packages/airflow/example_dags/example_datasets.py took 0.165 seconds
[2026-05-29T01:41:06.469+0200] {processor.py:157} INFO - Started process (PID=599714) to work on /home/frederic/airflow_venv/lib/python3.10/site-packages/airflow/example_dags/example_datasets.py
[2026-05-29T01:41:06.471+0200] {processor.py:829} INFO - Processing file /home/frederic/airflow_venv/lib/python3.10/site-packages/airflow/example_dags/example_datasets.py for tasks to queue
[2026-05-29T01:41:06.471+0200] {logging_mixin.py:151} INFO - [2026-05-29T01:41:06.471+0200] {dagbag.py:539} INFO - Filling up the DagBag from /home/frederic/airflow_venv/lib/python3.10/site-packages/airflow/example_dags/example_datasets.py
[2026-05-29T01:41:06.479+0200] {processor.py:839} INFO - DAG(s) dict_keys(['dataset_produces_2', 'dataset_consumes_unknown_never_scheduled', 'dataset_consumes_1_and_2', 'dataset_consumes_1_never_scheduled', 'dataset_produces_1', 'dataset_consumes_1']) retrieved from /home/frederic/airflow_venv/lib/python3.10/site-packages/airflow/example_dags/example_datasets.py
[2026-05-29T01:41:06.500+0200] {logging_mixin.py:151} INFO - [2026-05-29T01:41:06.500+0200] {dag.py:2915} INFO - Sync 6 DAGs
[2026-05-29T01:41:06.516+0200] {logging_mixin.py:151} INFO - [2026-05-29T01:41:06.516+0200] {dag.py:3696} INFO - Setting next_dagrun for dataset_consumes_1 to None, run_after=None
[2026-05-29T01:41:06.518+0200] {logging_mixin.py:151} INFO - [2026-05-29T01:41:06.518+0200] {dag.py:3696} INFO - Setting next_dagrun for dataset_consumes_1_and_2 to None, run_after=None
[2026-05-29T01:41:06.519+0200] {logging_mixin.py:151} INFO - [2026-05-29T01:41:06.519+0200] {dag.py:3696} INFO - Setting next_dagrun for dataset_consumes_1_never_scheduled to None, run_after=None
[2026-05-29T01:41:06.520+0200] {logging_mixin.py:151} INFO - [2026-05-29T01:41:06.520+0200] {dag.py:3696} INFO - Setting next_dagrun for dataset_consumes_unknown_never_scheduled to None, run_after=None
[2026-05-29T01:41:06.522+0200] {logging_mixin.py:151} INFO - [2026-05-29T01:41:06.522+0200] {dag.py:3696} INFO - Setting next_dagrun for dataset_produces_1 to 2026-05-27T00:00:00+00:00, run_after=2026-05-28T00:00:00+00:00
[2026-05-29T01:41:06.523+0200] {logging_mixin.py:151} INFO - [2026-05-29T01:41:06.523+0200] {dag.py:3696} INFO - Setting next_dagrun for dataset_produces_2 to None, run_after=None
[2026-05-29T01:41:06.544+0200] {processor.py:179} INFO - Processing /home/frederic/airflow_venv/lib/python3.10/site-packages/airflow/example_dags/example_datasets.py took 0.077 seconds
[2026-05-29T01:41:48.893+0200] {processor.py:157} INFO - Started process (PID=600955) to work on /home/frederic/airflow_venv/lib/python3.10/site-packages/airflow/example_dags/example_datasets.py
[2026-05-29T01:41:48.894+0200] {processor.py:829} INFO - Processing file /home/frederic/airflow_venv/lib/python3.10/site-packages/airflow/example_dags/example_datasets.py for tasks to queue
[2026-05-29T01:41:48.895+0200] {logging_mixin.py:151} INFO - [2026-05-29T01:41:48.895+0200] {dagbag.py:539} INFO - Filling up the DagBag from /home/frederic/airflow_venv/lib/python3.10/site-packages/airflow/example_dags/example_datasets.py
[2026-05-29T01:41:48.904+0200] {processor.py:839} INFO - DAG(s) dict_keys(['dataset_consumes_unknown_never_scheduled', 'dataset_consumes_1_and_2', 'dataset_produces_1', 'dataset_produces_2', 'dataset_consumes_1', 'dataset_consumes_1_never_scheduled']) retrieved from /home/frederic/airflow_venv/lib/python3.10/site-packages/airflow/example_dags/example_datasets.py
[2026-05-29T01:41:48.932+0200] {logging_mixin.py:151} INFO - [2026-05-29T01:41:48.931+0200] {dag.py:2915} INFO - Sync 6 DAGs
[2026-05-29T01:41:48.954+0200] {logging_mixin.py:151} INFO - [2026-05-29T01:41:48.954+0200] {dag.py:3696} INFO - Setting next_dagrun for dataset_consumes_1 to None, run_after=None
[2026-05-29T01:41:48.957+0200] {logging_mixin.py:151} INFO - [2026-05-29T01:41:48.957+0200] {dag.py:3696} INFO - Setting next_dagrun for dataset_consumes_1_and_2 to None, run_after=None
[2026-05-29T01:41:48.959+0200] {logging_mixin.py:151} INFO - [2026-05-29T01:41:48.959+0200] {dag.py:3696} INFO - Setting next_dagrun for dataset_consumes_1_never_scheduled to None, run_after=None
[2026-05-29T01:41:48.960+0200] {logging_mixin.py:151} INFO - [2026-05-29T01:41:48.960+0200] {dag.py:3696} INFO - Setting next_dagrun for dataset_consumes_unknown_never_scheduled to None, run_after=None
[2026-05-29T01:41:48.963+0200] {logging_mixin.py:151} INFO - [2026-05-29T01:41:48.963+0200] {dag.py:3696} INFO - Setting next_dagrun for dataset_produces_1 to 2026-05-27T00:00:00+00:00, run_after=2026-05-28T00:00:00+00:00
[2026-05-29T01:41:48.964+0200] {logging_mixin.py:151} INFO - [2026-05-29T01:41:48.964+0200] {dag.py:3696} INFO - Setting next_dagrun for dataset_produces_2 to None, run_after=None
[2026-05-29T01:41:48.995+0200] {processor.py:179} INFO - Processing /home/frederic/airflow_venv/lib/python3.10/site-packages/airflow/example_dags/example_datasets.py took 0.106 seconds
[2026-05-29T01:42:33.869+0200] {processor.py:157} INFO - Started process (PID=601729) to work on /home/frederic/airflow_venv/lib/python3.10/site-packages/airflow/example_dags/example_datasets.py
[2026-05-29T01:42:33.873+0200] {processor.py:829} INFO - Processing file /home/frederic/airflow_venv/lib/python3.10/site-packages/airflow/example_dags/example_datasets.py for tasks to queue
[2026-05-29T01:42:33.874+0200] {logging_mixin.py:151} INFO - [2026-05-29T01:42:33.874+0200] {dagbag.py:539} INFO - Filling up the DagBag from /home/frederic/airflow_venv/lib/python3.10/site-packages/airflow/example_dags/example_datasets.py
[2026-05-29T01:42:33.887+0200] {processor.py:839} INFO - DAG(s) dict_keys(['dataset_consumes_unknown_never_scheduled', 'dataset_produces_1', 'dataset_consumes_1', 'dataset_consumes_1_and_2', 'dataset_produces_2', 'dataset_consumes_1_never_scheduled']) retrieved from /home/frederic/airflow_venv/lib/python3.10/site-packages/airflow/example_dags/example_datasets.py
[2026-05-29T01:42:33.930+0200] {logging_mixin.py:151} INFO - [2026-05-29T01:42:33.930+0200] {dag.py:2915} INFO - Sync 6 DAGs
[2026-05-29T01:42:33.960+0200] {logging_mixin.py:151} INFO - [2026-05-29T01:42:33.960+0200] {dag.py:3696} INFO - Setting next_dagrun for dataset_consumes_1 to None, run_after=None
[2026-05-29T01:42:33.963+0200] {logging_mixin.py:151} INFO - [2026-05-29T01:42:33.963+0200] {dag.py:3696} INFO - Setting next_dagrun for dataset_consumes_1_and_2 to None, run_after=None
[2026-05-29T01:42:33.965+0200] {logging_mixin.py:151} INFO - [2026-05-29T01:42:33.965+0200] {dag.py:3696} INFO - Setting next_dagrun for dataset_consumes_1_never_scheduled to None, run_after=None
[2026-05-29T01:42:33.966+0200] {logging_mixin.py:151} INFO - [2026-05-29T01:42:33.966+0200] {dag.py:3696} INFO - Setting next_dagrun for dataset_consumes_unknown_never_scheduled to None, run_after=None
[2026-05-29T01:42:33.971+0200] {logging_mixin.py:151} INFO - [2026-05-29T01:42:33.970+0200] {dag.py:3696} INFO - Setting next_dagrun for dataset_produces_1 to 2026-05-27T00:00:00+00:00, run_after=2026-05-28T00:00:00+00:00
[2026-05-29T01:42:33.972+0200] {logging_mixin.py:151} INFO - [2026-05-29T01:42:33.972+0200] {dag.py:3696} INFO - Setting next_dagrun for dataset_produces_2 to None, run_after=None
[2026-05-29T01:42:34.009+0200] {processor.py:179} INFO - Processing /home/frederic/airflow_venv/lib/python3.10/site-packages/airflow/example_dags/example_datasets.py took 0.142 seconds
[2026-05-29T01:43:21.893+0200] {processor.py:157} INFO - Started process (PID=602647) to work on /home/frederic/airflow_venv/lib/python3.10/site-packages/airflow/example_dags/example_datasets.py
[2026-05-29T01:43:21.896+0200] {processor.py:829} INFO - Processing file /home/frederic/airflow_venv/lib/python3.10/site-packages/airflow/example_dags/example_datasets.py for tasks to queue
[2026-05-29T01:43:21.897+0200] {logging_mixin.py:151} INFO - [2026-05-29T01:43:21.897+0200] {dagbag.py:539} INFO - Filling up the DagBag from /home/frederic/airflow_venv/lib/python3.10/site-packages/airflow/example_dags/example_datasets.py
[2026-05-29T01:43:21.904+0200] {processor.py:839} INFO - DAG(s) dict_keys(['dataset_consumes_1_and_2', 'dataset_produces_1', 'dataset_consumes_1_never_scheduled', 'dataset_produces_2', 'dataset_consumes_1', 'dataset_consumes_unknown_never_scheduled']) retrieved from /home/frederic/airflow_venv/lib/python3.10/site-packages/airflow/example_dags/example_datasets.py
[2026-05-29T01:43:21.927+0200] {logging_mixin.py:151} INFO - [2026-05-29T01:43:21.927+0200] {dag.py:2915} INFO - Sync 6 DAGs
[2026-05-29T01:43:21.946+0200] {logging_mixin.py:151} INFO - [2026-05-29T01:43:21.946+0200] {dag.py:3696} INFO - Setting next_dagrun for dataset_consumes_1 to None, run_after=None
[2026-05-29T01:43:21.949+0200] {logging_mixin.py:151} INFO - [2026-05-29T01:43:21.949+0200] {dag.py:3696} INFO - Setting next_dagrun for dataset_consumes_1_and_2 to None, run_after=None
[2026-05-29T01:43:21.950+0200] {logging_mixin.py:151} INFO - [2026-05-29T01:43:21.950+0200] {dag.py:3696} INFO - Setting next_dagrun for dataset_consumes_1_never_scheduled to None, run_after=None
[2026-05-29T01:43:21.951+0200] {logging_mixin.py:151} INFO - [2026-05-29T01:43:21.951+0200] {dag.py:3696} INFO - Setting next_dagrun for dataset_consumes_unknown_never_scheduled to None, run_after=None
[2026-05-29T01:43:21.954+0200] {logging_mixin.py:151} INFO - [2026-05-29T01:43:21.954+0200] {dag.py:3696} INFO - Setting next_dagrun for dataset_produces_1 to 2026-05-27T00:00:00+00:00, run_after=2026-05-28T00:00:00+00:00
[2026-05-29T01:43:21.955+0200] {logging_mixin.py:151} INFO - [2026-05-29T01:43:21.955+0200] {dag.py:3696} INFO - Setting next_dagrun for dataset_produces_2 to None, run_after=None
[2026-05-29T01:43:21.982+0200] {processor.py:179} INFO - Processing /home/frederic/airflow_venv/lib/python3.10/site-packages/airflow/example_dags/example_datasets.py took 0.091 seconds
[2026-05-29T01:44:11.918+0200] {processor.py:157} INFO - Started process (PID=603452) to work on /home/frederic/airflow_venv/lib/python3.10/site-packages/airflow/example_dags/example_datasets.py
[2026-05-29T01:44:11.921+0200] {processor.py:829} INFO - Processing file /home/frederic/airflow_venv/lib/python3.10/site-packages/airflow/example_dags/example_datasets.py for tasks to queue
[2026-05-29T01:44:11.922+0200] {logging_mixin.py:151} INFO - [2026-05-29T01:44:11.922+0200] {dagbag.py:539} INFO - Filling up the DagBag from /home/frederic/airflow_venv/lib/python3.10/site-packages/airflow/example_dags/example_datasets.py
[2026-05-29T01:44:11.930+0200] {processor.py:839} INFO - DAG(s) dict_keys(['dataset_consumes_1_never_scheduled', 'dataset_produces_1', 'dataset_consumes_unknown_never_scheduled', 'dataset_consumes_1_and_2', 'dataset_produces_2', 'dataset_consumes_1']) retrieved from /home/frederic/airflow_venv/lib/python3.10/site-packages/airflow/example_dags/example_datasets.py
[2026-05-29T01:44:11.961+0200] {logging_mixin.py:151} INFO - [2026-05-29T01:44:11.961+0200] {dag.py:2915} INFO - Sync 6 DAGs
[2026-05-29T01:44:11.993+0200] {logging_mixin.py:151} INFO - [2026-05-29T01:44:11.993+0200] {dag.py:3696} INFO - Setting next_dagrun for dataset_consumes_1 to None, run_after=None
[2026-05-29T01:44:11.996+0200] {logging_mixin.py:151} INFO - [2026-05-29T01:44:11.995+0200] {dag.py:3696} INFO - Setting next_dagrun for dataset_consumes_1_and_2 to None, run_after=None
[2026-05-29T01:44:11.996+0200] {logging_mixin.py:151} INFO - [2026-05-29T01:44:11.996+0200] {dag.py:3696} INFO - Setting next_dagrun for dataset_consumes_1_never_scheduled to None, run_after=None
[2026-05-29T01:44:11.997+0200] {logging_mixin.py:151} INFO - [2026-05-29T01:44:11.997+0200] {dag.py:3696} INFO - Setting next_dagrun for dataset_consumes_unknown_never_scheduled to None, run_after=None
[2026-05-29T01:44:12.000+0200] {logging_mixin.py:151} INFO - [2026-05-29T01:44:12.000+0200] {dag.py:3696} INFO - Setting next_dagrun for dataset_produces_1 to 2026-05-27T00:00:00+00:00, run_after=2026-05-28T00:00:00+00:00
[2026-05-29T01:44:12.001+0200] {logging_mixin.py:151} INFO - [2026-05-29T01:44:12.001+0200] {dag.py:3696} INFO - Setting next_dagrun for dataset_produces_2 to None, run_after=None
[2026-05-29T01:44:12.025+0200] {processor.py:179} INFO - Processing /home/frederic/airflow_venv/lib/python3.10/site-packages/airflow/example_dags/example_datasets.py took 0.109 seconds
[2026-05-29T01:44:59.641+0200] {processor.py:157} INFO - Started process (PID=605009) to work on /home/frederic/airflow_venv/lib/python3.10/site-packages/airflow/example_dags/example_datasets.py
[2026-05-29T01:44:59.644+0200] {processor.py:829} INFO - Processing file /home/frederic/airflow_venv/lib/python3.10/site-packages/airflow/example_dags/example_datasets.py for tasks to queue
[2026-05-29T01:44:59.645+0200] {logging_mixin.py:151} INFO - [2026-05-29T01:44:59.645+0200] {dagbag.py:539} INFO - Filling up the DagBag from /home/frederic/airflow_venv/lib/python3.10/site-packages/airflow/example_dags/example_datasets.py
[2026-05-29T01:44:59.654+0200] {processor.py:839} INFO - DAG(s) dict_keys(['dataset_consumes_1', 'dataset_consumes_1_never_scheduled', 'dataset_consumes_unknown_never_scheduled', 'dataset_produces_1', 'dataset_consumes_1_and_2', 'dataset_produces_2']) retrieved from /home/frederic/airflow_venv/lib/python3.10/site-packages/airflow/example_dags/example_datasets.py
[2026-05-29T01:44:59.680+0200] {logging_mixin.py:151} INFO - [2026-05-29T01:44:59.680+0200] {dag.py:2915} INFO - Sync 6 DAGs
[2026-05-29T01:44:59.698+0200] {logging_mixin.py:151} INFO - [2026-05-29T01:44:59.698+0200] {dag.py:3696} INFO - Setting next_dagrun for dataset_consumes_1 to None, run_after=None
[2026-05-29T01:44:59.701+0200] {logging_mixin.py:151} INFO - [2026-05-29T01:44:59.701+0200] {dag.py:3696} INFO - Setting next_dagrun for dataset_consumes_1_and_2 to None, run_after=None
[2026-05-29T01:44:59.702+0200] {logging_mixin.py:151} INFO - [2026-05-29T01:44:59.702+0200] {dag.py:3696} INFO - Setting next_dagrun for dataset_consumes_1_never_scheduled to None, run_after=None
[2026-05-29T01:44:59.702+0200] {logging_mixin.py:151} INFO - [2026-05-29T01:44:59.702+0200] {dag.py:3696} INFO - Setting next_dagrun for dataset_consumes_unknown_never_scheduled to None, run_after=None
[2026-05-29T01:44:59.706+0200] {logging_mixin.py:151} INFO - [2026-05-29T01:44:59.705+0200] {dag.py:3696} INFO - Setting next_dagrun for dataset_produces_1 to 2026-05-27T00:00:00+00:00, run_after=2026-05-28T00:00:00+00:00
[2026-05-29T01:44:59.707+0200] {logging_mixin.py:151} INFO - [2026-05-29T01:44:59.706+0200] {dag.py:3696} INFO - Setting next_dagrun for dataset_produces_2 to None, run_after=None
[2026-05-29T01:44:59.728+0200] {processor.py:179} INFO - Processing /home/frederic/airflow_venv/lib/python3.10/site-packages/airflow/example_dags/example_datasets.py took 0.091 seconds
[2026-05-29T01:45:50.742+0200] {processor.py:157} INFO - Started process (PID=606769) to work on /home/frederic/airflow_venv/lib/python3.10/site-packages/airflow/example_dags/example_datasets.py
[2026-05-29T01:45:50.743+0200] {processor.py:829} INFO - Processing file /home/frederic/airflow_venv/lib/python3.10/site-packages/airflow/example_dags/example_datasets.py for tasks to queue
[2026-05-29T01:45:50.743+0200] {logging_mixin.py:151} INFO - [2026-05-29T01:45:50.743+0200] {dagbag.py:539} INFO - Filling up the DagBag from /home/frederic/airflow_venv/lib/python3.10/site-packages/airflow/example_dags/example_datasets.py
[2026-05-29T01:45:50.752+0200] {processor.py:839} INFO - DAG(s) dict_keys(['dataset_produces_1', 'dataset_consumes_unknown_never_scheduled', 'dataset_consumes_1', 'dataset_produces_2', 'dataset_consumes_1_and_2', 'dataset_consumes_1_never_scheduled']) retrieved from /home/frederic/airflow_venv/lib/python3.10/site-packages/airflow/example_dags/example_datasets.py
[2026-05-29T01:45:50.775+0200] {logging_mixin.py:151} INFO - [2026-05-29T01:45:50.775+0200] {dag.py:2915} INFO - Sync 6 DAGs
[2026-05-29T01:45:50.792+0200] {logging_mixin.py:151} INFO - [2026-05-29T01:45:50.792+0200] {dag.py:3696} INFO - Setting next_dagrun for dataset_consumes_1 to None, run_after=None
[2026-05-29T01:45:50.794+0200] {logging_mixin.py:151} INFO - [2026-05-29T01:45:50.794+0200] {dag.py:3696} INFO - Setting next_dagrun for dataset_consumes_1_and_2 to None, run_after=None
[2026-05-29T01:45:50.795+0200] {logging_mixin.py:151} INFO - [2026-05-29T01:45:50.795+0200] {dag.py:3696} INFO - Setting next_dagrun for dataset_consumes_1_never_scheduled to None, run_after=None
[2026-05-29T01:45:50.796+0200] {logging_mixin.py:151} INFO - [2026-05-29T01:45:50.796+0200] {dag.py:3696} INFO - Setting next_dagrun for dataset_consumes_unknown_never_scheduled to None, run_after=None
[2026-05-29T01:45:50.798+0200] {logging_mixin.py:151} INFO - [2026-05-29T01:45:50.798+0200] {dag.py:3696} INFO - Setting next_dagrun for dataset_produces_1 to 2026-05-27T00:00:00+00:00, run_after=2026-05-28T00:00:00+00:00
[2026-05-29T01:45:50.799+0200] {logging_mixin.py:151} INFO - [2026-05-29T01:45:50.799+0200] {dag.py:3696} INFO - Setting next_dagrun for dataset_produces_2 to None, run_after=None
[2026-05-29T01:45:50.820+0200] {processor.py:179} INFO - Processing /home/frederic/airflow_venv/lib/python3.10/site-packages/airflow/example_dags/example_datasets.py took 0.081 seconds
[2026-05-29T01:46:41.006+0200] {processor.py:157} INFO - Started process (PID=609048) to work on /home/frederic/airflow_venv/lib/python3.10/site-packages/airflow/example_dags/example_datasets.py
[2026-05-29T01:46:41.007+0200] {processor.py:829} INFO - Processing file /home/frederic/airflow_venv/lib/python3.10/site-packages/airflow/example_dags/example_datasets.py for tasks to queue
[2026-05-29T01:46:41.008+0200] {logging_mixin.py:151} INFO - [2026-05-29T01:46:41.008+0200] {dagbag.py:539} INFO - Filling up the DagBag from /home/frederic/airflow_venv/lib/python3.10/site-packages/airflow/example_dags/example_datasets.py
[2026-05-29T01:46:41.017+0200] {processor.py:839} INFO - DAG(s) dict_keys(['dataset_consumes_1_and_2', 'dataset_consumes_1_never_scheduled', 'dataset_consumes_1', 'dataset_produces_1', 'dataset_produces_2', 'dataset_consumes_unknown_never_scheduled']) retrieved from /home/frederic/airflow_venv/lib/python3.10/site-packages/airflow/example_dags/example_datasets.py
[2026-05-29T01:46:41.046+0200] {logging_mixin.py:151} INFO - [2026-05-29T01:46:41.045+0200] {dag.py:2915} INFO - Sync 6 DAGs
[2026-05-29T01:46:41.070+0200] {logging_mixin.py:151} INFO - [2026-05-29T01:46:41.070+0200] {dag.py:3696} INFO - Setting next_dagrun for dataset_consumes_1 to None, run_after=None
[2026-05-29T01:46:41.074+0200] {logging_mixin.py:151} INFO - [2026-05-29T01:46:41.074+0200] {dag.py:3696} INFO - Setting next_dagrun for dataset_consumes_1_and_2 to None, run_after=None
[2026-05-29T01:46:41.075+0200] {logging_mixin.py:151} INFO - [2026-05-29T01:46:41.075+0200] {dag.py:3696} INFO - Setting next_dagrun for dataset_consumes_1_never_scheduled to None, run_after=None
[2026-05-29T01:46:41.076+0200] {logging_mixin.py:151} INFO - [2026-05-29T01:46:41.076+0200] {dag.py:3696} INFO - Setting next_dagrun for dataset_consumes_unknown_never_scheduled to None, run_after=None
[2026-05-29T01:46:41.080+0200] {logging_mixin.py:151} INFO - [2026-05-29T01:46:41.080+0200] {dag.py:3696} INFO - Setting next_dagrun for dataset_produces_1 to 2026-05-27T00:00:00+00:00, run_after=2026-05-28T00:00:00+00:00
[2026-05-29T01:46:41.082+0200] {logging_mixin.py:151} INFO - [2026-05-29T01:46:41.082+0200] {dag.py:3696} INFO - Setting next_dagrun for dataset_produces_2 to None, run_after=None
[2026-05-29T01:46:41.115+0200] {processor.py:179} INFO - Processing /home/frederic/airflow_venv/lib/python3.10/site-packages/airflow/example_dags/example_datasets.py took 0.111 seconds
[2026-05-29T01:47:25.284+0200] {processor.py:157} INFO - Started process (PID=610313) to work on /home/frederic/airflow_venv/lib/python3.10/site-packages/airflow/example_dags/example_datasets.py
[2026-05-29T01:47:25.285+0200] {processor.py:829} INFO - Processing file /home/frederic/airflow_venv/lib/python3.10/site-packages/airflow/example_dags/example_datasets.py for tasks to queue
[2026-05-29T01:47:25.286+0200] {logging_mixin.py:151} INFO - [2026-05-29T01:47:25.286+0200] {dagbag.py:539} INFO - Filling up the DagBag from /home/frederic/airflow_venv/lib/python3.10/site-packages/airflow/example_dags/example_datasets.py
[2026-05-29T01:47:25.296+0200] {processor.py:839} INFO - DAG(s) dict_keys(['dataset_consumes_1_never_scheduled', 'dataset_consumes_unknown_never_scheduled', 'dataset_consumes_1_and_2', 'dataset_consumes_1', 'dataset_produces_1', 'dataset_produces_2']) retrieved from /home/frederic/airflow_venv/lib/python3.10/site-packages/airflow/example_dags/example_datasets.py
[2026-05-29T01:47:25.327+0200] {logging_mixin.py:151} INFO - [2026-05-29T01:47:25.327+0200] {dag.py:2915} INFO - Sync 6 DAGs
[2026-05-29T01:47:25.353+0200] {logging_mixin.py:151} INFO - [2026-05-29T01:47:25.353+0200] {dag.py:3696} INFO - Setting next_dagrun for dataset_consumes_1 to None, run_after=None
[2026-05-29T01:47:25.357+0200] {logging_mixin.py:151} INFO - [2026-05-29T01:47:25.357+0200] {dag.py:3696} INFO - Setting next_dagrun for dataset_consumes_1_and_2 to None, run_after=None
[2026-05-29T01:47:25.358+0200] {logging_mixin.py:151} INFO - [2026-05-29T01:47:25.358+0200] {dag.py:3696} INFO - Setting next_dagrun for dataset_consumes_1_never_scheduled to None, run_after=None
[2026-05-29T01:47:25.359+0200] {logging_mixin.py:151} INFO - [2026-05-29T01:47:25.359+0200] {dag.py:3696} INFO - Setting next_dagrun for dataset_consumes_unknown_never_scheduled to None, run_after=None
[2026-05-29T01:47:25.362+0200] {logging_mixin.py:151} INFO - [2026-05-29T01:47:25.362+0200] {dag.py:3696} INFO - Setting next_dagrun for dataset_produces_1 to 2026-05-27T00:00:00+00:00, run_after=2026-05-28T00:00:00+00:00
[2026-05-29T01:47:25.363+0200] {logging_mixin.py:151} INFO - [2026-05-29T01:47:25.363+0200] {dag.py:3696} INFO - Setting next_dagrun for dataset_produces_2 to None, run_after=None
[2026-05-29T01:47:25.389+0200] {processor.py:179} INFO - Processing /home/frederic/airflow_venv/lib/python3.10/site-packages/airflow/example_dags/example_datasets.py took 0.108 seconds
[2026-05-29T01:48:10.025+0200] {processor.py:157} INFO - Started process (PID=611599) to work on /home/frederic/airflow_venv/lib/python3.10/site-packages/airflow/example_dags/example_datasets.py
[2026-05-29T01:48:10.028+0200] {processor.py:829} INFO - Processing file /home/frederic/airflow_venv/lib/python3.10/site-packages/airflow/example_dags/example_datasets.py for tasks to queue
[2026-05-29T01:48:10.030+0200] {logging_mixin.py:151} INFO - [2026-05-29T01:48:10.029+0200] {dagbag.py:539} INFO - Filling up the DagBag from /home/frederic/airflow_venv/lib/python3.10/site-packages/airflow/example_dags/example_datasets.py
[2026-05-29T01:48:10.040+0200] {processor.py:839} INFO - DAG(s) dict_keys(['dataset_produces_2', 'dataset_consumes_1', 'dataset_consumes_1_never_scheduled', 'dataset_produces_1', 'dataset_consumes_1_and_2', 'dataset_consumes_unknown_never_scheduled']) retrieved from /home/frederic/airflow_venv/lib/python3.10/site-packages/airflow/example_dags/example_datasets.py
[2026-05-29T01:48:10.068+0200] {logging_mixin.py:151} INFO - [2026-05-29T01:48:10.068+0200] {dag.py:2915} INFO - Sync 6 DAGs
[2026-05-29T01:48:10.087+0200] {logging_mixin.py:151} INFO - [2026-05-29T01:48:10.087+0200] {dag.py:3696} INFO - Setting next_dagrun for dataset_consumes_1 to None, run_after=None
[2026-05-29T01:48:10.089+0200] {logging_mixin.py:151} INFO - [2026-05-29T01:48:10.089+0200] {dag.py:3696} INFO - Setting next_dagrun for dataset_consumes_1_and_2 to None, run_after=None
[2026-05-29T01:48:10.090+0200] {logging_mixin.py:151} INFO - [2026-05-29T01:48:10.090+0200] {dag.py:3696} INFO - Setting next_dagrun for dataset_consumes_1_never_scheduled to None, run_after=None
[2026-05-29T01:48:10.091+0200] {logging_mixin.py:151} INFO - [2026-05-29T01:48:10.091+0200] {dag.py:3696} INFO - Setting next_dagrun for dataset_consumes_unknown_never_scheduled to None, run_after=None
[2026-05-29T01:48:10.093+0200] {logging_mixin.py:151} INFO - [2026-05-29T01:48:10.093+0200] {dag.py:3696} INFO - Setting next_dagrun for dataset_produces_1 to 2026-05-27T00:00:00+00:00, run_after=2026-05-28T00:00:00+00:00
[2026-05-29T01:48:10.094+0200] {logging_mixin.py:151} INFO - [2026-05-29T01:48:10.094+0200] {dag.py:3696} INFO - Setting next_dagrun for dataset_produces_2 to None, run_after=None
[2026-05-29T01:48:10.117+0200] {processor.py:179} INFO - Processing /home/frederic/airflow_venv/lib/python3.10/site-packages/airflow/example_dags/example_datasets.py took 0.095 seconds
[2026-05-29T01:48:56.517+0200] {processor.py:157} INFO - Started process (PID=612902) to work on /home/frederic/airflow_venv/lib/python3.10/site-packages/airflow/example_dags/example_datasets.py
[2026-05-29T01:48:56.520+0200] {processor.py:829} INFO - Processing file /home/frederic/airflow_venv/lib/python3.10/site-packages/airflow/example_dags/example_datasets.py for tasks to queue
[2026-05-29T01:48:56.520+0200] {logging_mixin.py:151} INFO - [2026-05-29T01:48:56.520+0200] {dagbag.py:539} INFO - Filling up the DagBag from /home/frederic/airflow_venv/lib/python3.10/site-packages/airflow/example_dags/example_datasets.py
[2026-05-29T01:48:56.529+0200] {processor.py:839} INFO - DAG(s) dict_keys(['dataset_produces_1', 'dataset_consumes_1_never_scheduled', 'dataset_consumes_1_and_2', 'dataset_consumes_unknown_never_scheduled', 'dataset_consumes_1', 'dataset_produces_2']) retrieved from /home/frederic/airflow_venv/lib/python3.10/site-packages/airflow/example_dags/example_datasets.py
[2026-05-29T01:48:56.552+0200] {logging_mixin.py:151} INFO - [2026-05-29T01:48:56.552+0200] {dag.py:2915} INFO - Sync 6 DAGs
[2026-05-29T01:48:56.571+0200] {logging_mixin.py:151} INFO - [2026-05-29T01:48:56.571+0200] {dag.py:3696} INFO - Setting next_dagrun for dataset_consumes_1 to None, run_after=None
[2026-05-29T01:48:56.574+0200] {logging_mixin.py:151} INFO - [2026-05-29T01:48:56.574+0200] {dag.py:3696} INFO - Setting next_dagrun for dataset_consumes_1_and_2 to None, run_after=None
[2026-05-29T01:48:56.574+0200] {logging_mixin.py:151} INFO - [2026-05-29T01:48:56.574+0200] {dag.py:3696} INFO - Setting next_dagrun for dataset_consumes_1_never_scheduled to None, run_after=None
[2026-05-29T01:48:56.575+0200] {logging_mixin.py:151} INFO - [2026-05-29T01:48:56.575+0200] {dag.py:3696} INFO - Setting next_dagrun for dataset_consumes_unknown_never_scheduled to None, run_after=None
[2026-05-29T01:48:56.578+0200] {logging_mixin.py:151} INFO - [2026-05-29T01:48:56.578+0200] {dag.py:3696} INFO - Setting next_dagrun for dataset_produces_1 to 2026-05-27T00:00:00+00:00, run_after=2026-05-28T00:00:00+00:00
[2026-05-29T01:48:56.579+0200] {logging_mixin.py:151} INFO - [2026-05-29T01:48:56.579+0200] {dag.py:3696} INFO - Setting next_dagrun for dataset_produces_2 to None, run_after=None
[2026-05-29T01:48:56.601+0200] {processor.py:179} INFO - Processing /home/frederic/airflow_venv/lib/python3.10/site-packages/airflow/example_dags/example_datasets.py took 0.087 seconds
[2026-05-29T01:49:39.920+0200] {processor.py:157} INFO - Started process (PID=613989) to work on /home/frederic/airflow_venv/lib/python3.10/site-packages/airflow/example_dags/example_datasets.py
[2026-05-29T01:49:39.924+0200] {processor.py:829} INFO - Processing file /home/frederic/airflow_venv/lib/python3.10/site-packages/airflow/example_dags/example_datasets.py for tasks to queue
[2026-05-29T01:49:39.924+0200] {logging_mixin.py:151} INFO - [2026-05-29T01:49:39.924+0200] {dagbag.py:539} INFO - Filling up the DagBag from /home/frederic/airflow_venv/lib/python3.10/site-packages/airflow/example_dags/example_datasets.py
[2026-05-29T01:49:39.934+0200] {processor.py:839} INFO - DAG(s) dict_keys(['dataset_consumes_1_and_2', 'dataset_consumes_1', 'dataset_consumes_1_never_scheduled', 'dataset_consumes_unknown_never_scheduled', 'dataset_produces_2', 'dataset_produces_1']) retrieved from /home/frederic/airflow_venv/lib/python3.10/site-packages/airflow/example_dags/example_datasets.py
[2026-05-29T01:49:39.963+0200] {logging_mixin.py:151} INFO - [2026-05-29T01:49:39.963+0200] {dag.py:2915} INFO - Sync 6 DAGs
[2026-05-29T01:49:39.983+0200] {logging_mixin.py:151} INFO - [2026-05-29T01:49:39.983+0200] {dag.py:3696} INFO - Setting next_dagrun for dataset_consumes_1 to None, run_after=None
[2026-05-29T01:49:39.986+0200] {logging_mixin.py:151} INFO - [2026-05-29T01:49:39.986+0200] {dag.py:3696} INFO - Setting next_dagrun for dataset_consumes_1_and_2 to None, run_after=None
[2026-05-29T01:49:39.986+0200] {logging_mixin.py:151} INFO - [2026-05-29T01:49:39.986+0200] {dag.py:3696} INFO - Setting next_dagrun for dataset_consumes_1_never_scheduled to None, run_after=None
[2026-05-29T01:49:39.988+0200] {logging_mixin.py:151} INFO - [2026-05-29T01:49:39.987+0200] {dag.py:3696} INFO - Setting next_dagrun for dataset_consumes_unknown_never_scheduled to None, run_after=None
[2026-05-29T01:49:39.992+0200] {logging_mixin.py:151} INFO - [2026-05-29T01:49:39.992+0200] {dag.py:3696} INFO - Setting next_dagrun for dataset_produces_1 to 2026-05-27T00:00:00+00:00, run_after=2026-05-28T00:00:00+00:00
[2026-05-29T01:49:39.993+0200] {logging_mixin.py:151} INFO - [2026-05-29T01:49:39.993+0200] {dag.py:3696} INFO - Setting next_dagrun for dataset_produces_2 to None, run_after=None
[2026-05-29T01:49:40.023+0200] {processor.py:179} INFO - Processing /home/frederic/airflow_venv/lib/python3.10/site-packages/airflow/example_dags/example_datasets.py took 0.106 seconds
[2026-05-29T01:50:23.334+0200] {processor.py:157} INFO - Started process (PID=615163) to work on /home/frederic/airflow_venv/lib/python3.10/site-packages/airflow/example_dags/example_datasets.py
[2026-05-29T01:50:23.337+0200] {processor.py:829} INFO - Processing file /home/frederic/airflow_venv/lib/python3.10/site-packages/airflow/example_dags/example_datasets.py for tasks to queue
[2026-05-29T01:50:23.338+0200] {logging_mixin.py:151} INFO - [2026-05-29T01:50:23.338+0200] {dagbag.py:539} INFO - Filling up the DagBag from /home/frederic/airflow_venv/lib/python3.10/site-packages/airflow/example_dags/example_datasets.py
[2026-05-29T01:50:23.345+0200] {processor.py:839} INFO - DAG(s) dict_keys(['dataset_consumes_unknown_never_scheduled', 'dataset_consumes_1', 'dataset_produces_2', 'dataset_consumes_1_and_2', 'dataset_produces_1', 'dataset_consumes_1_never_scheduled']) retrieved from /home/frederic/airflow_venv/lib/python3.10/site-packages/airflow/example_dags/example_datasets.py
[2026-05-29T01:50:23.367+0200] {logging_mixin.py:151} INFO - [2026-05-29T01:50:23.367+0200] {dag.py:2915} INFO - Sync 6 DAGs
[2026-05-29T01:50:23.384+0200] {logging_mixin.py:151} INFO - [2026-05-29T01:50:23.384+0200] {dag.py:3696} INFO - Setting next_dagrun for dataset_consumes_1 to None, run_after=None
[2026-05-29T01:50:23.387+0200] {logging_mixin.py:151} INFO - [2026-05-29T01:50:23.387+0200] {dag.py:3696} INFO - Setting next_dagrun for dataset_consumes_1_and_2 to None, run_after=None
[2026-05-29T01:50:23.388+0200] {logging_mixin.py:151} INFO - [2026-05-29T01:50:23.388+0200] {dag.py:3696} INFO - Setting next_dagrun for dataset_consumes_1_never_scheduled to None, run_after=None
[2026-05-29T01:50:23.389+0200] {logging_mixin.py:151} INFO - [2026-05-29T01:50:23.389+0200] {dag.py:3696} INFO - Setting next_dagrun for dataset_consumes_unknown_never_scheduled to None, run_after=None
[2026-05-29T01:50:23.391+0200] {logging_mixin.py:151} INFO - [2026-05-29T01:50:23.391+0200] {dag.py:3696} INFO - Setting next_dagrun for dataset_produces_1 to 2026-05-27T00:00:00+00:00, run_after=2026-05-28T00:00:00+00:00
[2026-05-29T01:50:23.392+0200] {logging_mixin.py:151} INFO - [2026-05-29T01:50:23.392+0200] {dag.py:3696} INFO - Setting next_dagrun for dataset_produces_2 to None, run_after=None
[2026-05-29T01:50:23.421+0200] {processor.py:179} INFO - Processing /home/frederic/airflow_venv/lib/python3.10/site-packages/airflow/example_dags/example_datasets.py took 0.089 seconds
[2026-05-29T01:51:16.597+0200] {processor.py:157} INFO - Started process (PID=616723) to work on /home/frederic/airflow_venv/lib/python3.10/site-packages/airflow/example_dags/example_datasets.py
[2026-05-29T01:51:16.598+0200] {processor.py:829} INFO - Processing file /home/frederic/airflow_venv/lib/python3.10/site-packages/airflow/example_dags/example_datasets.py for tasks to queue
[2026-05-29T01:51:16.598+0200] {logging_mixin.py:151} INFO - [2026-05-29T01:51:16.598+0200] {dagbag.py:539} INFO - Filling up the DagBag from /home/frederic/airflow_venv/lib/python3.10/site-packages/airflow/example_dags/example_datasets.py
[2026-05-29T01:51:16.607+0200] {processor.py:839} INFO - DAG(s) dict_keys(['dataset_consumes_1', 'dataset_consumes_1_and_2', 'dataset_produces_2', 'dataset_consumes_unknown_never_scheduled', 'dataset_consumes_1_never_scheduled', 'dataset_produces_1']) retrieved from /home/frederic/airflow_venv/lib/python3.10/site-packages/airflow/example_dags/example_datasets.py
[2026-05-29T01:51:16.637+0200] {logging_mixin.py:151} INFO - [2026-05-29T01:51:16.637+0200] {dag.py:2915} INFO - Sync 6 DAGs
[2026-05-29T01:51:16.671+0200] {logging_mixin.py:151} INFO - [2026-05-29T01:51:16.670+0200] {dag.py:3696} INFO - Setting next_dagrun for dataset_consumes_1 to None, run_after=None
[2026-05-29T01:51:16.673+0200] {logging_mixin.py:151} INFO - [2026-05-29T01:51:16.673+0200] {dag.py:3696} INFO - Setting next_dagrun for dataset_consumes_1_and_2 to None, run_after=None
[2026-05-29T01:51:16.674+0200] {logging_mixin.py:151} INFO - [2026-05-29T01:51:16.674+0200] {dag.py:3696} INFO - Setting next_dagrun for dataset_consumes_1_never_scheduled to None, run_after=None
[2026-05-29T01:51:16.674+0200] {logging_mixin.py:151} INFO - [2026-05-29T01:51:16.674+0200] {dag.py:3696} INFO - Setting next_dagrun for dataset_consumes_unknown_never_scheduled to None, run_after=None
[2026-05-29T01:51:16.677+0200] {logging_mixin.py:151} INFO - [2026-05-29T01:51:16.677+0200] {dag.py:3696} INFO - Setting next_dagrun for dataset_produces_1 to 2026-05-27T00:00:00+00:00, run_after=2026-05-28T00:00:00+00:00
[2026-05-29T01:51:16.678+0200] {logging_mixin.py:151} INFO - [2026-05-29T01:51:16.678+0200] {dag.py:3696} INFO - Setting next_dagrun for dataset_produces_2 to None, run_after=None
[2026-05-29T01:51:16.703+0200] {processor.py:179} INFO - Processing /home/frederic/airflow_venv/lib/python3.10/site-packages/airflow/example_dags/example_datasets.py took 0.109 seconds
[2026-05-29T01:52:07.372+0200] {processor.py:157} INFO - Started process (PID=618006) to work on /home/frederic/airflow_venv/lib/python3.10/site-packages/airflow/example_dags/example_datasets.py
[2026-05-29T01:52:07.376+0200] {processor.py:829} INFO - Processing file /home/frederic/airflow_venv/lib/python3.10/site-packages/airflow/example_dags/example_datasets.py for tasks to queue
[2026-05-29T01:52:07.376+0200] {logging_mixin.py:151} INFO - [2026-05-29T01:52:07.376+0200] {dagbag.py:539} INFO - Filling up the DagBag from /home/frederic/airflow_venv/lib/python3.10/site-packages/airflow/example_dags/example_datasets.py
[2026-05-29T01:52:07.387+0200] {processor.py:839} INFO - DAG(s) dict_keys(['dataset_consumes_1', 'dataset_consumes_1_never_scheduled', 'dataset_consumes_1_and_2', 'dataset_produces_1', 'dataset_produces_2', 'dataset_consumes_unknown_never_scheduled']) retrieved from /home/frederic/airflow_venv/lib/python3.10/site-packages/airflow/example_dags/example_datasets.py
[2026-05-29T01:52:07.416+0200] {logging_mixin.py:151} INFO - [2026-05-29T01:52:07.416+0200] {dag.py:2915} INFO - Sync 6 DAGs
[2026-05-29T01:52:07.435+0200] {logging_mixin.py:151} INFO - [2026-05-29T01:52:07.435+0200] {dag.py:3696} INFO - Setting next_dagrun for dataset_consumes_1 to None, run_after=None
[2026-05-29T01:52:07.439+0200] {logging_mixin.py:151} INFO - [2026-05-29T01:52:07.439+0200] {dag.py:3696} INFO - Setting next_dagrun for dataset_consumes_1_and_2 to None, run_after=None
[2026-05-29T01:52:07.440+0200] {logging_mixin.py:151} INFO - [2026-05-29T01:52:07.440+0200] {dag.py:3696} INFO - Setting next_dagrun for dataset_consumes_1_never_scheduled to None, run_after=None
[2026-05-29T01:52:07.441+0200] {logging_mixin.py:151} INFO - [2026-05-29T01:52:07.441+0200] {dag.py:3696} INFO - Setting next_dagrun for dataset_consumes_unknown_never_scheduled to None, run_after=None
[2026-05-29T01:52:07.443+0200] {logging_mixin.py:151} INFO - [2026-05-29T01:52:07.443+0200] {dag.py:3696} INFO - Setting next_dagrun for dataset_produces_1 to 2026-05-27T00:00:00+00:00, run_after=2026-05-28T00:00:00+00:00
[2026-05-29T01:52:07.444+0200] {logging_mixin.py:151} INFO - [2026-05-29T01:52:07.444+0200] {dag.py:3696} INFO - Setting next_dagrun for dataset_produces_2 to None, run_after=None
[2026-05-29T01:52:07.470+0200] {processor.py:179} INFO - Processing /home/frederic/airflow_venv/lib/python3.10/site-packages/airflow/example_dags/example_datasets.py took 0.101 seconds
[2026-05-29T01:52:56.741+0200] {processor.py:157} INFO - Started process (PID=619633) to work on /home/frederic/airflow_venv/lib/python3.10/site-packages/airflow/example_dags/example_datasets.py
[2026-05-29T01:52:56.745+0200] {processor.py:829} INFO - Processing file /home/frederic/airflow_venv/lib/python3.10/site-packages/airflow/example_dags/example_datasets.py for tasks to queue
[2026-05-29T01:52:56.746+0200] {logging_mixin.py:151} INFO - [2026-05-29T01:52:56.745+0200] {dagbag.py:539} INFO - Filling up the DagBag from /home/frederic/airflow_venv/lib/python3.10/site-packages/airflow/example_dags/example_datasets.py
[2026-05-29T01:52:56.755+0200] {processor.py:839} INFO - DAG(s) dict_keys(['dataset_consumes_unknown_never_scheduled', 'dataset_produces_2', 'dataset_consumes_1', 'dataset_produces_1', 'dataset_consumes_1_and_2', 'dataset_consumes_1_never_scheduled']) retrieved from /home/frederic/airflow_venv/lib/python3.10/site-packages/airflow/example_dags/example_datasets.py
[2026-05-29T01:52:56.784+0200] {logging_mixin.py:151} INFO - [2026-05-29T01:52:56.784+0200] {dag.py:2915} INFO - Sync 6 DAGs
[2026-05-29T01:52:56.804+0200] {logging_mixin.py:151} INFO - [2026-05-29T01:52:56.804+0200] {dag.py:3696} INFO - Setting next_dagrun for dataset_consumes_1 to None, run_after=None
[2026-05-29T01:52:56.807+0200] {logging_mixin.py:151} INFO - [2026-05-29T01:52:56.806+0200] {dag.py:3696} INFO - Setting next_dagrun for dataset_consumes_1_and_2 to None, run_after=None
[2026-05-29T01:52:56.807+0200] {logging_mixin.py:151} INFO - [2026-05-29T01:52:56.807+0200] {dag.py:3696} INFO - Setting next_dagrun for dataset_consumes_1_never_scheduled to None, run_after=None
[2026-05-29T01:52:56.808+0200] {logging_mixin.py:151} INFO - [2026-05-29T01:52:56.808+0200] {dag.py:3696} INFO - Setting next_dagrun for dataset_consumes_unknown_never_scheduled to None, run_after=None
[2026-05-29T01:52:56.810+0200] {logging_mixin.py:151} INFO - [2026-05-29T01:52:56.810+0200] {dag.py:3696} INFO - Setting next_dagrun for dataset_produces_1 to 2026-05-27T00:00:00+00:00, run_after=2026-05-28T00:00:00+00:00
[2026-05-29T01:52:56.811+0200] {logging_mixin.py:151} INFO - [2026-05-29T01:52:56.811+0200] {dag.py:3696} INFO - Setting next_dagrun for dataset_produces_2 to None, run_after=None
[2026-05-29T01:52:56.837+0200] {processor.py:179} INFO - Processing /home/frederic/airflow_venv/lib/python3.10/site-packages/airflow/example_dags/example_datasets.py took 0.099 seconds
[2026-05-29T01:53:40.712+0200] {processor.py:157} INFO - Started process (PID=620849) to work on /home/frederic/airflow_venv/lib/python3.10/site-packages/airflow/example_dags/example_datasets.py
[2026-05-29T01:53:40.713+0200] {processor.py:829} INFO - Processing file /home/frederic/airflow_venv/lib/python3.10/site-packages/airflow/example_dags/example_datasets.py for tasks to queue
[2026-05-29T01:53:40.714+0200] {logging_mixin.py:151} INFO - [2026-05-29T01:53:40.713+0200] {dagbag.py:539} INFO - Filling up the DagBag from /home/frederic/airflow_venv/lib/python3.10/site-packages/airflow/example_dags/example_datasets.py
[2026-05-29T01:53:40.722+0200] {processor.py:839} INFO - DAG(s) dict_keys(['dataset_produces_2', 'dataset_consumes_unknown_never_scheduled', 'dataset_consumes_1_never_scheduled', 'dataset_produces_1', 'dataset_consumes_1', 'dataset_consumes_1_and_2']) retrieved from /home/frederic/airflow_venv/lib/python3.10/site-packages/airflow/example_dags/example_datasets.py
[2026-05-29T01:53:40.743+0200] {logging_mixin.py:151} INFO - [2026-05-29T01:53:40.743+0200] {dag.py:2915} INFO - Sync 6 DAGs
[2026-05-29T01:53:40.767+0200] {logging_mixin.py:151} INFO - [2026-05-29T01:53:40.766+0200] {dag.py:3696} INFO - Setting next_dagrun for dataset_consumes_1 to None, run_after=None
[2026-05-29T01:53:40.770+0200] {logging_mixin.py:151} INFO - [2026-05-29T01:53:40.770+0200] {dag.py:3696} INFO - Setting next_dagrun for dataset_consumes_1_and_2 to None, run_after=None
[2026-05-29T01:53:40.771+0200] {logging_mixin.py:151} INFO - [2026-05-29T01:53:40.771+0200] {dag.py:3696} INFO - Setting next_dagrun for dataset_consumes_1_never_scheduled to None, run_after=None
[2026-05-29T01:53:40.772+0200] {logging_mixin.py:151} INFO - [2026-05-29T01:53:40.772+0200] {dag.py:3696} INFO - Setting next_dagrun for dataset_consumes_unknown_never_scheduled to None, run_after=None
[2026-05-29T01:53:40.774+0200] {logging_mixin.py:151} INFO - [2026-05-29T01:53:40.774+0200] {dag.py:3696} INFO - Setting next_dagrun for dataset_produces_1 to 2026-05-27T00:00:00+00:00, run_after=2026-05-28T00:00:00+00:00
[2026-05-29T01:53:40.775+0200] {logging_mixin.py:151} INFO - [2026-05-29T01:53:40.775+0200] {dag.py:3696} INFO - Setting next_dagrun for dataset_produces_2 to None, run_after=None
[2026-05-29T01:53:40.797+0200] {processor.py:179} INFO - Processing /home/frederic/airflow_venv/lib/python3.10/site-packages/airflow/example_dags/example_datasets.py took 0.088 seconds
[2026-05-29T01:54:29.235+0200] {processor.py:157} INFO - Started process (PID=622054) to work on /home/frederic/airflow_venv/lib/python3.10/site-packages/airflow/example_dags/example_datasets.py
[2026-05-29T01:54:29.236+0200] {processor.py:829} INFO - Processing file /home/frederic/airflow_venv/lib/python3.10/site-packages/airflow/example_dags/example_datasets.py for tasks to queue
[2026-05-29T01:54:29.237+0200] {logging_mixin.py:151} INFO - [2026-05-29T01:54:29.237+0200] {dagbag.py:539} INFO - Filling up the DagBag from /home/frederic/airflow_venv/lib/python3.10/site-packages/airflow/example_dags/example_datasets.py
[2026-05-29T01:54:29.245+0200] {processor.py:839} INFO - DAG(s) dict_keys(['dataset_consumes_1_and_2', 'dataset_consumes_1', 'dataset_consumes_1_never_scheduled', 'dataset_produces_2', 'dataset_produces_1', 'dataset_consumes_unknown_never_scheduled']) retrieved from /home/frederic/airflow_venv/lib/python3.10/site-packages/airflow/example_dags/example_datasets.py
[2026-05-29T01:54:29.269+0200] {logging_mixin.py:151} INFO - [2026-05-29T01:54:29.269+0200] {dag.py:2915} INFO - Sync 6 DAGs
[2026-05-29T01:54:29.286+0200] {logging_mixin.py:151} INFO - [2026-05-29T01:54:29.286+0200] {dag.py:3696} INFO - Setting next_dagrun for dataset_consumes_1 to None, run_after=None
[2026-05-29T01:54:29.288+0200] {logging_mixin.py:151} INFO - [2026-05-29T01:54:29.288+0200] {dag.py:3696} INFO - Setting next_dagrun for dataset_consumes_1_and_2 to None, run_after=None
[2026-05-29T01:54:29.289+0200] {logging_mixin.py:151} INFO - [2026-05-29T01:54:29.289+0200] {dag.py:3696} INFO - Setting next_dagrun for dataset_consumes_1_never_scheduled to None, run_after=None
[2026-05-29T01:54:29.290+0200] {logging_mixin.py:151} INFO - [2026-05-29T01:54:29.289+0200] {dag.py:3696} INFO - Setting next_dagrun for dataset_consumes_unknown_never_scheduled to None, run_after=None
[2026-05-29T01:54:29.292+0200] {logging_mixin.py:151} INFO - [2026-05-29T01:54:29.292+0200] {dag.py:3696} INFO - Setting next_dagrun for dataset_produces_1 to 2026-05-27T00:00:00+00:00, run_after=2026-05-28T00:00:00+00:00
[2026-05-29T01:54:29.293+0200] {logging_mixin.py:151} INFO - [2026-05-29T01:54:29.293+0200] {dag.py:3696} INFO - Setting next_dagrun for dataset_produces_2 to None, run_after=None
[2026-05-29T01:54:29.315+0200] {processor.py:179} INFO - Processing /home/frederic/airflow_venv/lib/python3.10/site-packages/airflow/example_dags/example_datasets.py took 0.082 seconds
[2026-05-29T01:55:13.383+0200] {processor.py:157} INFO - Started process (PID=623856) to work on /home/frederic/airflow_venv/lib/python3.10/site-packages/airflow/example_dags/example_datasets.py
[2026-05-29T01:55:13.387+0200] {processor.py:829} INFO - Processing file /home/frederic/airflow_venv/lib/python3.10/site-packages/airflow/example_dags/example_datasets.py for tasks to queue
[2026-05-29T01:55:13.388+0200] {logging_mixin.py:151} INFO - [2026-05-29T01:55:13.387+0200] {dagbag.py:539} INFO - Filling up the DagBag from /home/frederic/airflow_venv/lib/python3.10/site-packages/airflow/example_dags/example_datasets.py
[2026-05-29T01:55:13.398+0200] {processor.py:839} INFO - DAG(s) dict_keys(['dataset_produces_1', 'dataset_consumes_1', 'dataset_consumes_1_never_scheduled', 'dataset_consumes_unknown_never_scheduled', 'dataset_produces_2', 'dataset_consumes_1_and_2']) retrieved from /home/frederic/airflow_venv/lib/python3.10/site-packages/airflow/example_dags/example_datasets.py
[2026-05-29T01:55:13.448+0200] {logging_mixin.py:151} INFO - [2026-05-29T01:55:13.448+0200] {dag.py:2915} INFO - Sync 6 DAGs
[2026-05-29T01:55:13.491+0200] {logging_mixin.py:151} INFO - [2026-05-29T01:55:13.490+0200] {dag.py:3696} INFO - Setting next_dagrun for dataset_consumes_1 to None, run_after=None
[2026-05-29T01:55:13.497+0200] {logging_mixin.py:151} INFO - [2026-05-29T01:55:13.497+0200] {dag.py:3696} INFO - Setting next_dagrun for dataset_consumes_1_and_2 to None, run_after=None
[2026-05-29T01:55:13.500+0200] {logging_mixin.py:151} INFO - [2026-05-29T01:55:13.499+0200] {dag.py:3696} INFO - Setting next_dagrun for dataset_consumes_1_never_scheduled to None, run_after=None
[2026-05-29T01:55:13.503+0200] {logging_mixin.py:151} INFO - [2026-05-29T01:55:13.502+0200] {dag.py:3696} INFO - Setting next_dagrun for dataset_consumes_unknown_never_scheduled to None, run_after=None
[2026-05-29T01:55:13.510+0200] {logging_mixin.py:151} INFO - [2026-05-29T01:55:13.509+0200] {dag.py:3696} INFO - Setting next_dagrun for dataset_produces_1 to 2026-05-27T00:00:00+00:00, run_after=2026-05-28T00:00:00+00:00
[2026-05-29T01:55:13.511+0200] {logging_mixin.py:151} INFO - [2026-05-29T01:55:13.511+0200] {dag.py:3696} INFO - Setting next_dagrun for dataset_produces_2 to None, run_after=None
[2026-05-29T01:55:13.559+0200] {processor.py:179} INFO - Processing /home/frederic/airflow_venv/lib/python3.10/site-packages/airflow/example_dags/example_datasets.py took 0.178 seconds
[2026-05-29T01:55:55.267+0200] {processor.py:157} INFO - Started process (PID=625100) to work on /home/frederic/airflow_venv/lib/python3.10/site-packages/airflow/example_dags/example_datasets.py
[2026-05-29T01:55:55.267+0200] {processor.py:829} INFO - Processing file /home/frederic/airflow_venv/lib/python3.10/site-packages/airflow/example_dags/example_datasets.py for tasks to queue
[2026-05-29T01:55:55.268+0200] {logging_mixin.py:151} INFO - [2026-05-29T01:55:55.268+0200] {dagbag.py:539} INFO - Filling up the DagBag from /home/frederic/airflow_venv/lib/python3.10/site-packages/airflow/example_dags/example_datasets.py
[2026-05-29T01:55:55.276+0200] {processor.py:839} INFO - DAG(s) dict_keys(['dataset_consumes_1_never_scheduled', 'dataset_consumes_unknown_never_scheduled', 'dataset_produces_2', 'dataset_consumes_1', 'dataset_produces_1', 'dataset_consumes_1_and_2']) retrieved from /home/frederic/airflow_venv/lib/python3.10/site-packages/airflow/example_dags/example_datasets.py
[2026-05-29T01:55:55.299+0200] {logging_mixin.py:151} INFO - [2026-05-29T01:55:55.299+0200] {dag.py:2915} INFO - Sync 6 DAGs
[2026-05-29T01:55:55.316+0200] {logging_mixin.py:151} INFO - [2026-05-29T01:55:55.316+0200] {dag.py:3696} INFO - Setting next_dagrun for dataset_consumes_1 to None, run_after=None
[2026-05-29T01:55:55.319+0200] {logging_mixin.py:151} INFO - [2026-05-29T01:55:55.319+0200] {dag.py:3696} INFO - Setting next_dagrun for dataset_consumes_1_and_2 to None, run_after=None
[2026-05-29T01:55:55.320+0200] {logging_mixin.py:151} INFO - [2026-05-29T01:55:55.319+0200] {dag.py:3696} INFO - Setting next_dagrun for dataset_consumes_1_never_scheduled to None, run_after=None
[2026-05-29T01:55:55.320+0200] {logging_mixin.py:151} INFO - [2026-05-29T01:55:55.320+0200] {dag.py:3696} INFO - Setting next_dagrun for dataset_consumes_unknown_never_scheduled to None, run_after=None
[2026-05-29T01:55:55.322+0200] {logging_mixin.py:151} INFO - [2026-05-29T01:55:55.322+0200] {dag.py:3696} INFO - Setting next_dagrun for dataset_produces_1 to 2026-05-27T00:00:00+00:00, run_after=2026-05-28T00:00:00+00:00
[2026-05-29T01:55:55.323+0200] {logging_mixin.py:151} INFO - [2026-05-29T01:55:55.323+0200] {dag.py:3696} INFO - Setting next_dagrun for dataset_produces_2 to None, run_after=None
[2026-05-29T01:55:55.347+0200] {processor.py:179} INFO - Processing /home/frederic/airflow_venv/lib/python3.10/site-packages/airflow/example_dags/example_datasets.py took 0.082 seconds
[2026-05-29T01:56:05.116+0200] {processor.py:157} INFO - Started process (PID=625422) to work on /home/frederic/airflow_venv/lib/python3.10/site-packages/airflow/example_dags/example_datasets.py
[2026-05-29T01:56:05.117+0200] {processor.py:829} INFO - Processing file /home/frederic/airflow_venv/lib/python3.10/site-packages/airflow/example_dags/example_datasets.py for tasks to queue
[2026-05-29T01:56:05.118+0200] {logging_mixin.py:151} INFO - [2026-05-29T01:56:05.117+0200] {dagbag.py:539} INFO - Filling up the DagBag from /home/frederic/airflow_venv/lib/python3.10/site-packages/airflow/example_dags/example_datasets.py
[2026-05-29T01:56:05.133+0200] {processor.py:839} INFO - DAG(s) dict_keys(['dataset_consumes_1', 'dataset_consumes_1_never_scheduled', 'dataset_produces_1', 'dataset_consumes_1_and_2', 'dataset_produces_2', 'dataset_consumes_unknown_never_scheduled']) retrieved from /home/frederic/airflow_venv/lib/python3.10/site-packages/airflow/example_dags/example_datasets.py
[2026-05-29T01:56:05.171+0200] {logging_mixin.py:151} INFO - [2026-05-29T01:56:05.171+0200] {dag.py:2915} INFO - Sync 6 DAGs
[2026-05-29T01:56:05.197+0200] {logging_mixin.py:151} INFO - [2026-05-29T01:56:05.197+0200] {dag.py:3696} INFO - Setting next_dagrun for dataset_consumes_1 to None, run_after=None
[2026-05-29T01:56:05.200+0200] {logging_mixin.py:151} INFO - [2026-05-29T01:56:05.200+0200] {dag.py:3696} INFO - Setting next_dagrun for dataset_consumes_1_and_2 to None, run_after=None
[2026-05-29T01:56:05.201+0200] {logging_mixin.py:151} INFO - [2026-05-29T01:56:05.201+0200] {dag.py:3696} INFO - Setting next_dagrun for dataset_consumes_1_never_scheduled to None, run_after=None
[2026-05-29T01:56:05.202+0200] {logging_mixin.py:151} INFO - [2026-05-29T01:56:05.202+0200] {dag.py:3696} INFO - Setting next_dagrun for dataset_consumes_unknown_never_scheduled to None, run_after=None
[2026-05-29T01:56:05.206+0200] {logging_mixin.py:151} INFO - [2026-05-29T01:56:05.206+0200] {dag.py:3696} INFO - Setting next_dagrun for dataset_produces_1 to 2026-05-27T00:00:00+00:00, run_after=2026-05-28T00:00:00+00:00
[2026-05-29T01:56:05.207+0200] {logging_mixin.py:151} INFO - [2026-05-29T01:56:05.207+0200] {dag.py:3696} INFO - Setting next_dagrun for dataset_produces_2 to None, run_after=None
[2026-05-29T01:56:05.241+0200] {processor.py:179} INFO - Processing /home/frederic/airflow_venv/lib/python3.10/site-packages/airflow/example_dags/example_datasets.py took 0.129 seconds
[2026-05-29T01:56:47.377+0200] {processor.py:157} INFO - Started process (PID=626837) to work on /home/frederic/airflow_venv/lib/python3.10/site-packages/airflow/example_dags/example_datasets.py
[2026-05-29T01:56:47.378+0200] {processor.py:829} INFO - Processing file /home/frederic/airflow_venv/lib/python3.10/site-packages/airflow/example_dags/example_datasets.py for tasks to queue
[2026-05-29T01:56:47.378+0200] {logging_mixin.py:151} INFO - [2026-05-29T01:56:47.378+0200] {dagbag.py:539} INFO - Filling up the DagBag from /home/frederic/airflow_venv/lib/python3.10/site-packages/airflow/example_dags/example_datasets.py
[2026-05-29T01:56:47.388+0200] {processor.py:839} INFO - DAG(s) dict_keys(['dataset_consumes_1', 'dataset_consumes_unknown_never_scheduled', 'dataset_produces_1', 'dataset_produces_2', 'dataset_consumes_1_never_scheduled', 'dataset_consumes_1_and_2']) retrieved from /home/frederic/airflow_venv/lib/python3.10/site-packages/airflow/example_dags/example_datasets.py
[2026-05-29T01:56:47.418+0200] {logging_mixin.py:151} INFO - [2026-05-29T01:56:47.418+0200] {dag.py:2915} INFO - Sync 6 DAGs
[2026-05-29T01:56:47.437+0200] {logging_mixin.py:151} INFO - [2026-05-29T01:56:47.437+0200] {dag.py:3696} INFO - Setting next_dagrun for dataset_consumes_1 to None, run_after=None
[2026-05-29T01:56:47.441+0200] {logging_mixin.py:151} INFO - [2026-05-29T01:56:47.441+0200] {dag.py:3696} INFO - Setting next_dagrun for dataset_consumes_1_and_2 to None, run_after=None
[2026-05-29T01:56:47.442+0200] {logging_mixin.py:151} INFO - [2026-05-29T01:56:47.442+0200] {dag.py:3696} INFO - Setting next_dagrun for dataset_consumes_1_never_scheduled to None, run_after=None
[2026-05-29T01:56:47.443+0200] {logging_mixin.py:151} INFO - [2026-05-29T01:56:47.443+0200] {dag.py:3696} INFO - Setting next_dagrun for dataset_consumes_unknown_never_scheduled to None, run_after=None
[2026-05-29T01:56:47.446+0200] {logging_mixin.py:151} INFO - [2026-05-29T01:56:47.446+0200] {dag.py:3696} INFO - Setting next_dagrun for dataset_produces_1 to 2026-05-27T00:00:00+00:00, run_after=2026-05-28T00:00:00+00:00
[2026-05-29T01:56:47.447+0200] {logging_mixin.py:151} INFO - [2026-05-29T01:56:47.447+0200] {dag.py:3696} INFO - Setting next_dagrun for dataset_produces_2 to None, run_after=None
[2026-05-29T01:56:47.487+0200] {processor.py:179} INFO - Processing /home/frederic/airflow_venv/lib/python3.10/site-packages/airflow/example_dags/example_datasets.py took 0.113 seconds
[2026-05-29T01:57:06.652+0200] {processor.py:157} INFO - Started process (PID=627444) to work on /home/frederic/airflow_venv/lib/python3.10/site-packages/airflow/example_dags/example_datasets.py
[2026-05-29T01:57:06.653+0200] {processor.py:829} INFO - Processing file /home/frederic/airflow_venv/lib/python3.10/site-packages/airflow/example_dags/example_datasets.py for tasks to queue
[2026-05-29T01:57:06.654+0200] {logging_mixin.py:151} INFO - [2026-05-29T01:57:06.653+0200] {dagbag.py:539} INFO - Filling up the DagBag from /home/frederic/airflow_venv/lib/python3.10/site-packages/airflow/example_dags/example_datasets.py
[2026-05-29T01:57:06.662+0200] {processor.py:839} INFO - DAG(s) dict_keys(['dataset_produces_1', 'dataset_consumes_1_and_2', 'dataset_produces_2', 'dataset_consumes_unknown_never_scheduled', 'dataset_consumes_1', 'dataset_consumes_1_never_scheduled']) retrieved from /home/frederic/airflow_venv/lib/python3.10/site-packages/airflow/example_dags/example_datasets.py
[2026-05-29T01:57:06.685+0200] {logging_mixin.py:151} INFO - [2026-05-29T01:57:06.685+0200] {dag.py:2915} INFO - Sync 6 DAGs
[2026-05-29T01:57:06.702+0200] {logging_mixin.py:151} INFO - [2026-05-29T01:57:06.702+0200] {dag.py:3696} INFO - Setting next_dagrun for dataset_consumes_1 to None, run_after=None
[2026-05-29T01:57:06.705+0200] {logging_mixin.py:151} INFO - [2026-05-29T01:57:06.705+0200] {dag.py:3696} INFO - Setting next_dagrun for dataset_consumes_1_and_2 to None, run_after=None
[2026-05-29T01:57:06.706+0200] {logging_mixin.py:151} INFO - [2026-05-29T01:57:06.706+0200] {dag.py:3696} INFO - Setting next_dagrun for dataset_consumes_1_never_scheduled to None, run_after=None
[2026-05-29T01:57:06.706+0200] {logging_mixin.py:151} INFO - [2026-05-29T01:57:06.706+0200] {dag.py:3696} INFO - Setting next_dagrun for dataset_consumes_unknown_never_scheduled to None, run_after=None
[2026-05-29T01:57:06.709+0200] {logging_mixin.py:151} INFO - [2026-05-29T01:57:06.708+0200] {dag.py:3696} INFO - Setting next_dagrun for dataset_produces_1 to 2026-05-27T00:00:00+00:00, run_after=2026-05-28T00:00:00+00:00
[2026-05-29T01:57:06.709+0200] {logging_mixin.py:151} INFO - [2026-05-29T01:57:06.709+0200] {dag.py:3696} INFO - Setting next_dagrun for dataset_produces_2 to None, run_after=None
[2026-05-29T01:57:06.731+0200] {processor.py:179} INFO - Processing /home/frederic/airflow_venv/lib/python3.10/site-packages/airflow/example_dags/example_datasets.py took 0.081 seconds
[2026-05-29T01:57:36.082+0200] {processor.py:157} INFO - Started process (PID=628279) to work on /home/frederic/airflow_venv/lib/python3.10/site-packages/airflow/example_dags/example_datasets.py
[2026-05-29T01:57:36.083+0200] {processor.py:829} INFO - Processing file /home/frederic/airflow_venv/lib/python3.10/site-packages/airflow/example_dags/example_datasets.py for tasks to queue
[2026-05-29T01:57:36.085+0200] {logging_mixin.py:151} INFO - [2026-05-29T01:57:36.084+0200] {dagbag.py:539} INFO - Filling up the DagBag from /home/frederic/airflow_venv/lib/python3.10/site-packages/airflow/example_dags/example_datasets.py
[2026-05-29T01:57:36.095+0200] {processor.py:839} INFO - DAG(s) dict_keys(['dataset_produces_1', 'dataset_produces_2', 'dataset_consumes_1', 'dataset_consumes_1_and_2', 'dataset_consumes_unknown_never_scheduled', 'dataset_consumes_1_never_scheduled']) retrieved from /home/frederic/airflow_venv/lib/python3.10/site-packages/airflow/example_dags/example_datasets.py
[2026-05-29T01:57:36.126+0200] {logging_mixin.py:151} INFO - [2026-05-29T01:57:36.125+0200] {dag.py:2915} INFO - Sync 6 DAGs
[2026-05-29T01:57:36.150+0200] {logging_mixin.py:151} INFO - [2026-05-29T01:57:36.150+0200] {dag.py:3696} INFO - Setting next_dagrun for dataset_consumes_1 to None, run_after=None
[2026-05-29T01:57:36.153+0200] {logging_mixin.py:151} INFO - [2026-05-29T01:57:36.152+0200] {dag.py:3696} INFO - Setting next_dagrun for dataset_consumes_1_and_2 to None, run_after=None
[2026-05-29T01:57:36.153+0200] {logging_mixin.py:151} INFO - [2026-05-29T01:57:36.153+0200] {dag.py:3696} INFO - Setting next_dagrun for dataset_consumes_1_never_scheduled to None, run_after=None
[2026-05-29T01:57:36.154+0200] {logging_mixin.py:151} INFO - [2026-05-29T01:57:36.154+0200] {dag.py:3696} INFO - Setting next_dagrun for dataset_consumes_unknown_never_scheduled to None, run_after=None
[2026-05-29T01:57:36.157+0200] {logging_mixin.py:151} INFO - [2026-05-29T01:57:36.157+0200] {dag.py:3696} INFO - Setting next_dagrun for dataset_produces_1 to 2026-05-27T00:00:00+00:00, run_after=2026-05-28T00:00:00+00:00
[2026-05-29T01:57:36.159+0200] {logging_mixin.py:151} INFO - [2026-05-29T01:57:36.159+0200] {dag.py:3696} INFO - Setting next_dagrun for dataset_produces_2 to None, run_after=None
[2026-05-29T01:57:36.185+0200] {processor.py:179} INFO - Processing /home/frederic/airflow_venv/lib/python3.10/site-packages/airflow/example_dags/example_datasets.py took 0.105 seconds
[2026-05-29T01:57:53.643+0200] {processor.py:157} INFO - Started process (PID=629225) to work on /home/frederic/airflow_venv/lib/python3.10/site-packages/airflow/example_dags/example_datasets.py
[2026-05-29T01:57:53.644+0200] {processor.py:829} INFO - Processing file /home/frederic/airflow_venv/lib/python3.10/site-packages/airflow/example_dags/example_datasets.py for tasks to queue
[2026-05-29T01:57:53.645+0200] {logging_mixin.py:151} INFO - [2026-05-29T01:57:53.644+0200] {dagbag.py:539} INFO - Filling up the DagBag from /home/frederic/airflow_venv/lib/python3.10/site-packages/airflow/example_dags/example_datasets.py
[2026-05-29T01:57:53.656+0200] {processor.py:839} INFO - DAG(s) dict_keys(['dataset_consumes_1', 'dataset_produces_1', 'dataset_produces_2', 'dataset_consumes_unknown_never_scheduled', 'dataset_consumes_1_never_scheduled', 'dataset_consumes_1_and_2']) retrieved from /home/frederic/airflow_venv/lib/python3.10/site-packages/airflow/example_dags/example_datasets.py
[2026-05-29T01:57:53.689+0200] {logging_mixin.py:151} INFO - [2026-05-29T01:57:53.689+0200] {dag.py:2915} INFO - Sync 6 DAGs
[2026-05-29T01:57:53.715+0200] {logging_mixin.py:151} INFO - [2026-05-29T01:57:53.715+0200] {dag.py:3696} INFO - Setting next_dagrun for dataset_consumes_1 to None, run_after=None
[2026-05-29T01:57:53.718+0200] {logging_mixin.py:151} INFO - [2026-05-29T01:57:53.718+0200] {dag.py:3696} INFO - Setting next_dagrun for dataset_consumes_1_and_2 to None, run_after=None
[2026-05-29T01:57:53.719+0200] {logging_mixin.py:151} INFO - [2026-05-29T01:57:53.719+0200] {dag.py:3696} INFO - Setting next_dagrun for dataset_consumes_1_never_scheduled to None, run_after=None
[2026-05-29T01:57:53.720+0200] {logging_mixin.py:151} INFO - [2026-05-29T01:57:53.720+0200] {dag.py:3696} INFO - Setting next_dagrun for dataset_consumes_unknown_never_scheduled to None, run_after=None
[2026-05-29T01:57:53.727+0200] {logging_mixin.py:151} INFO - [2026-05-29T01:57:53.727+0200] {dag.py:3696} INFO - Setting next_dagrun for dataset_produces_1 to 2026-05-27T00:00:00+00:00, run_after=2026-05-28T00:00:00+00:00
[2026-05-29T01:57:53.728+0200] {logging_mixin.py:151} INFO - [2026-05-29T01:57:53.728+0200] {dag.py:3696} INFO - Setting next_dagrun for dataset_produces_2 to None, run_after=None
[2026-05-29T01:57:53.758+0200] {processor.py:179} INFO - Processing /home/frederic/airflow_venv/lib/python3.10/site-packages/airflow/example_dags/example_datasets.py took 0.120 seconds
[2026-05-29T01:58:30.833+0200] {processor.py:157} INFO - Started process (PID=630468) to work on /home/frederic/airflow_venv/lib/python3.10/site-packages/airflow/example_dags/example_datasets.py
[2026-05-29T01:58:30.835+0200] {processor.py:829} INFO - Processing file /home/frederic/airflow_venv/lib/python3.10/site-packages/airflow/example_dags/example_datasets.py for tasks to queue
[2026-05-29T01:58:30.836+0200] {logging_mixin.py:151} INFO - [2026-05-29T01:58:30.836+0200] {dagbag.py:539} INFO - Filling up the DagBag from /home/frederic/airflow_venv/lib/python3.10/site-packages/airflow/example_dags/example_datasets.py
[2026-05-29T01:58:30.846+0200] {processor.py:839} INFO - DAG(s) dict_keys(['dataset_consumes_1', 'dataset_consumes_1_never_scheduled', 'dataset_consumes_1_and_2', 'dataset_produces_1', 'dataset_produces_2', 'dataset_consumes_unknown_never_scheduled']) retrieved from /home/frederic/airflow_venv/lib/python3.10/site-packages/airflow/example_dags/example_datasets.py
[2026-05-29T01:58:30.873+0200] {logging_mixin.py:151} INFO - [2026-05-29T01:58:30.873+0200] {dag.py:2915} INFO - Sync 6 DAGs
[2026-05-29T01:58:30.895+0200] {logging_mixin.py:151} INFO - [2026-05-29T01:58:30.895+0200] {dag.py:3696} INFO - Setting next_dagrun for dataset_consumes_1 to None, run_after=None
[2026-05-29T01:58:30.899+0200] {logging_mixin.py:151} INFO - [2026-05-29T01:58:30.899+0200] {dag.py:3696} INFO - Setting next_dagrun for dataset_consumes_1_and_2 to None, run_after=None
[2026-05-29T01:58:30.900+0200] {logging_mixin.py:151} INFO - [2026-05-29T01:58:30.899+0200] {dag.py:3696} INFO - Setting next_dagrun for dataset_consumes_1_never_scheduled to None, run_after=None
[2026-05-29T01:58:30.900+0200] {logging_mixin.py:151} INFO - [2026-05-29T01:58:30.900+0200] {dag.py:3696} INFO - Setting next_dagrun for dataset_consumes_unknown_never_scheduled to None, run_after=None
[2026-05-29T01:58:30.903+0200] {logging_mixin.py:151} INFO - [2026-05-29T01:58:30.903+0200] {dag.py:3696} INFO - Setting next_dagrun for dataset_produces_1 to 2026-05-27T00:00:00+00:00, run_after=2026-05-28T00:00:00+00:00
[2026-05-29T01:58:30.905+0200] {logging_mixin.py:151} INFO - [2026-05-29T01:58:30.905+0200] {dag.py:3696} INFO - Setting next_dagrun for dataset_produces_2 to None, run_after=None
[2026-05-29T01:58:30.938+0200] {processor.py:179} INFO - Processing /home/frederic/airflow_venv/lib/python3.10/site-packages/airflow/example_dags/example_datasets.py took 0.108 seconds
[2026-05-29T01:58:44.418+0200] {processor.py:157} INFO - Started process (PID=631024) to work on /home/frederic/airflow_venv/lib/python3.10/site-packages/airflow/example_dags/example_datasets.py
[2026-05-29T01:58:44.419+0200] {processor.py:829} INFO - Processing file /home/frederic/airflow_venv/lib/python3.10/site-packages/airflow/example_dags/example_datasets.py for tasks to queue
[2026-05-29T01:58:44.420+0200] {logging_mixin.py:151} INFO - [2026-05-29T01:58:44.420+0200] {dagbag.py:539} INFO - Filling up the DagBag from /home/frederic/airflow_venv/lib/python3.10/site-packages/airflow/example_dags/example_datasets.py
[2026-05-29T01:58:44.434+0200] {processor.py:839} INFO - DAG(s) dict_keys(['dataset_produces_2', 'dataset_consumes_1_and_2', 'dataset_consumes_1_never_scheduled', 'dataset_consumes_1', 'dataset_produces_1', 'dataset_consumes_unknown_never_scheduled']) retrieved from /home/frederic/airflow_venv/lib/python3.10/site-packages/airflow/example_dags/example_datasets.py
[2026-05-29T01:58:44.469+0200] {logging_mixin.py:151} INFO - [2026-05-29T01:58:44.468+0200] {dag.py:2915} INFO - Sync 6 DAGs
[2026-05-29T01:58:44.491+0200] {logging_mixin.py:151} INFO - [2026-05-29T01:58:44.491+0200] {dag.py:3696} INFO - Setting next_dagrun for dataset_consumes_1 to None, run_after=None
[2026-05-29T01:58:44.494+0200] {logging_mixin.py:151} INFO - [2026-05-29T01:58:44.494+0200] {dag.py:3696} INFO - Setting next_dagrun for dataset_consumes_1_and_2 to None, run_after=None
[2026-05-29T01:58:44.495+0200] {logging_mixin.py:151} INFO - [2026-05-29T01:58:44.495+0200] {dag.py:3696} INFO - Setting next_dagrun for dataset_consumes_1_never_scheduled to None, run_after=None
[2026-05-29T01:58:44.496+0200] {logging_mixin.py:151} INFO - [2026-05-29T01:58:44.496+0200] {dag.py:3696} INFO - Setting next_dagrun for dataset_consumes_unknown_never_scheduled to None, run_after=None
[2026-05-29T01:58:44.499+0200] {logging_mixin.py:151} INFO - [2026-05-29T01:58:44.499+0200] {dag.py:3696} INFO - Setting next_dagrun for dataset_produces_1 to 2026-05-27T00:00:00+00:00, run_after=2026-05-28T00:00:00+00:00
[2026-05-29T01:58:44.500+0200] {logging_mixin.py:151} INFO - [2026-05-29T01:58:44.500+0200] {dag.py:3696} INFO - Setting next_dagrun for dataset_produces_2 to None, run_after=None
[2026-05-29T01:58:44.531+0200] {processor.py:179} INFO - Processing /home/frederic/airflow_venv/lib/python3.10/site-packages/airflow/example_dags/example_datasets.py took 0.116 seconds
[2026-05-29T01:59:26.110+0200] {processor.py:157} INFO - Started process (PID=632217) to work on /home/frederic/airflow_venv/lib/python3.10/site-packages/airflow/example_dags/example_datasets.py
[2026-05-29T01:59:26.111+0200] {processor.py:829} INFO - Processing file /home/frederic/airflow_venv/lib/python3.10/site-packages/airflow/example_dags/example_datasets.py for tasks to queue
[2026-05-29T01:59:26.112+0200] {logging_mixin.py:151} INFO - [2026-05-29T01:59:26.112+0200] {dagbag.py:539} INFO - Filling up the DagBag from /home/frederic/airflow_venv/lib/python3.10/site-packages/airflow/example_dags/example_datasets.py
[2026-05-29T01:59:26.121+0200] {processor.py:839} INFO - DAG(s) dict_keys(['dataset_consumes_unknown_never_scheduled', 'dataset_consumes_1_and_2', 'dataset_consumes_1_never_scheduled', 'dataset_produces_1', 'dataset_consumes_1', 'dataset_produces_2']) retrieved from /home/frederic/airflow_venv/lib/python3.10/site-packages/airflow/example_dags/example_datasets.py
[2026-05-29T01:59:26.152+0200] {logging_mixin.py:151} INFO - [2026-05-29T01:59:26.152+0200] {dag.py:2915} INFO - Sync 6 DAGs
[2026-05-29T01:59:26.172+0200] {logging_mixin.py:151} INFO - [2026-05-29T01:59:26.172+0200] {dag.py:3696} INFO - Setting next_dagrun for dataset_consumes_1 to None, run_after=None
[2026-05-29T01:59:26.174+0200] {logging_mixin.py:151} INFO - [2026-05-29T01:59:26.174+0200] {dag.py:3696} INFO - Setting next_dagrun for dataset_consumes_1_and_2 to None, run_after=None
[2026-05-29T01:59:26.175+0200] {logging_mixin.py:151} INFO - [2026-05-29T01:59:26.175+0200] {dag.py:3696} INFO - Setting next_dagrun for dataset_consumes_1_never_scheduled to None, run_after=None
[2026-05-29T01:59:26.176+0200] {logging_mixin.py:151} INFO - [2026-05-29T01:59:26.176+0200] {dag.py:3696} INFO - Setting next_dagrun for dataset_consumes_unknown_never_scheduled to None, run_after=None
[2026-05-29T01:59:26.178+0200] {logging_mixin.py:151} INFO - [2026-05-29T01:59:26.178+0200] {dag.py:3696} INFO - Setting next_dagrun for dataset_produces_1 to 2026-05-27T00:00:00+00:00, run_after=2026-05-28T00:00:00+00:00
[2026-05-29T01:59:26.179+0200] {logging_mixin.py:151} INFO - [2026-05-29T01:59:26.179+0200] {dag.py:3696} INFO - Setting next_dagrun for dataset_produces_2 to None, run_after=None
[2026-05-29T01:59:26.209+0200] {processor.py:179} INFO - Processing /home/frederic/airflow_venv/lib/python3.10/site-packages/airflow/example_dags/example_datasets.py took 0.102 seconds
[2026-05-29T01:59:35.202+0200] {processor.py:157} INFO - Started process (PID=632439) to work on /home/frederic/airflow_venv/lib/python3.10/site-packages/airflow/example_dags/example_datasets.py
[2026-05-29T01:59:35.203+0200] {processor.py:829} INFO - Processing file /home/frederic/airflow_venv/lib/python3.10/site-packages/airflow/example_dags/example_datasets.py for tasks to queue
[2026-05-29T01:59:35.204+0200] {logging_mixin.py:151} INFO - [2026-05-29T01:59:35.204+0200] {dagbag.py:539} INFO - Filling up the DagBag from /home/frederic/airflow_venv/lib/python3.10/site-packages/airflow/example_dags/example_datasets.py
[2026-05-29T01:59:35.213+0200] {processor.py:839} INFO - DAG(s) dict_keys(['dataset_produces_1', 'dataset_produces_2', 'dataset_consumes_1_never_scheduled', 'dataset_consumes_1_and_2', 'dataset_consumes_1', 'dataset_consumes_unknown_never_scheduled']) retrieved from /home/frederic/airflow_venv/lib/python3.10/site-packages/airflow/example_dags/example_datasets.py
[2026-05-29T01:59:35.236+0200] {logging_mixin.py:151} INFO - [2026-05-29T01:59:35.236+0200] {dag.py:2915} INFO - Sync 6 DAGs
[2026-05-29T01:59:35.257+0200] {logging_mixin.py:151} INFO - [2026-05-29T01:59:35.257+0200] {dag.py:3696} INFO - Setting next_dagrun for dataset_consumes_1 to None, run_after=None
[2026-05-29T01:59:35.260+0200] {logging_mixin.py:151} INFO - [2026-05-29T01:59:35.260+0200] {dag.py:3696} INFO - Setting next_dagrun for dataset_consumes_1_and_2 to None, run_after=None
[2026-05-29T01:59:35.261+0200] {logging_mixin.py:151} INFO - [2026-05-29T01:59:35.261+0200] {dag.py:3696} INFO - Setting next_dagrun for dataset_consumes_1_never_scheduled to None, run_after=None
[2026-05-29T01:59:35.262+0200] {logging_mixin.py:151} INFO - [2026-05-29T01:59:35.261+0200] {dag.py:3696} INFO - Setting next_dagrun for dataset_consumes_unknown_never_scheduled to None, run_after=None
[2026-05-29T01:59:35.264+0200] {logging_mixin.py:151} INFO - [2026-05-29T01:59:35.264+0200] {dag.py:3696} INFO - Setting next_dagrun for dataset_produces_1 to 2026-05-27T00:00:00+00:00, run_after=2026-05-28T00:00:00+00:00
[2026-05-29T01:59:35.265+0200] {logging_mixin.py:151} INFO - [2026-05-29T01:59:35.265+0200] {dag.py:3696} INFO - Setting next_dagrun for dataset_produces_2 to None, run_after=None
[2026-05-29T01:59:35.293+0200] {processor.py:179} INFO - Processing /home/frederic/airflow_venv/lib/python3.10/site-packages/airflow/example_dags/example_datasets.py took 0.093 seconds
