[2026-05-29T01:37:00.066+0200] {processor.py:157} INFO - Started process (PID=594242) to work on /home/frederic/airflow_venv/lib/python3.10/site-packages/airflow/example_dags/example_python_operator.py
[2026-05-29T01:37:00.067+0200] {processor.py:829} INFO - Processing file /home/frederic/airflow_venv/lib/python3.10/site-packages/airflow/example_dags/example_python_operator.py for tasks to queue
[2026-05-29T01:37:00.068+0200] {logging_mixin.py:151} INFO - [2026-05-29T01:37:00.068+0200] {dagbag.py:539} INFO - Filling up the DagBag from /home/frederic/airflow_venv/lib/python3.10/site-packages/airflow/example_dags/example_python_operator.py
[2026-05-29T01:37:00.079+0200] {processor.py:839} INFO - DAG(s) dict_keys(['example_python_operator']) retrieved from /home/frederic/airflow_venv/lib/python3.10/site-packages/airflow/example_dags/example_python_operator.py
[2026-05-29T01:37:00.176+0200] {logging_mixin.py:151} INFO - [2026-05-29T01:37:00.175+0200] {manager.py:499} INFO - Created Permission View: %s
[2026-05-29T01:37:00.186+0200] {logging_mixin.py:151} INFO - [2026-05-29T01:37:00.186+0200] {manager.py:499} INFO - Created Permission View: %s
[2026-05-29T01:37:00.191+0200] {logging_mixin.py:151} INFO - [2026-05-29T01:37:00.191+0200] {manager.py:499} INFO - Created Permission View: %s
[2026-05-29T01:37:00.192+0200] {logging_mixin.py:151} INFO - [2026-05-29T01:37:00.192+0200] {security.py:708} INFO - Not syncing DAG-level permissions for DAG 'DAG:example_python_operator' as access control is unset.
[2026-05-29T01:37:00.192+0200] {logging_mixin.py:151} INFO - [2026-05-29T01:37:00.192+0200] {dag.py:2915} INFO - Sync 1 DAGs
[2026-05-29T01:37:00.203+0200] {logging_mixin.py:151} INFO - [2026-05-29T01:37:00.203+0200] {dag.py:2937} INFO - Creating ORM DAG for example_python_operator
[2026-05-29T01:37:00.203+0200] {logging_mixin.py:151} INFO - [2026-05-29T01:37:00.203+0200] {dag.py:3696} INFO - Setting next_dagrun for example_python_operator to None, run_after=None
[2026-05-29T01:37:00.220+0200] {processor.py:179} INFO - Processing /home/frederic/airflow_venv/lib/python3.10/site-packages/airflow/example_dags/example_python_operator.py took 0.156 seconds
[2026-05-29T01:37:44.268+0200] {processor.py:157} INFO - Started process (PID=595168) to work on /home/frederic/airflow_venv/lib/python3.10/site-packages/airflow/example_dags/example_python_operator.py
[2026-05-29T01:37:44.273+0200] {processor.py:829} INFO - Processing file /home/frederic/airflow_venv/lib/python3.10/site-packages/airflow/example_dags/example_python_operator.py for tasks to queue
[2026-05-29T01:37:44.273+0200] {logging_mixin.py:151} INFO - [2026-05-29T01:37:44.273+0200] {dagbag.py:539} INFO - Filling up the DagBag from /home/frederic/airflow_venv/lib/python3.10/site-packages/airflow/example_dags/example_python_operator.py
[2026-05-29T01:37:44.282+0200] {processor.py:839} INFO - DAG(s) dict_keys(['example_python_operator']) retrieved from /home/frederic/airflow_venv/lib/python3.10/site-packages/airflow/example_dags/example_python_operator.py
[2026-05-29T01:37:44.298+0200] {logging_mixin.py:151} INFO - [2026-05-29T01:37:44.298+0200] {dag.py:2915} INFO - Sync 1 DAGs
[2026-05-29T01:37:44.307+0200] {logging_mixin.py:151} INFO - [2026-05-29T01:37:44.306+0200] {dag.py:3696} INFO - Setting next_dagrun for example_python_operator to None, run_after=None
[2026-05-29T01:37:44.320+0200] {processor.py:179} INFO - Processing /home/frederic/airflow_venv/lib/python3.10/site-packages/airflow/example_dags/example_python_operator.py took 0.055 seconds
[2026-05-29T01:38:29.613+0200] {processor.py:157} INFO - Started process (PID=596017) to work on /home/frederic/airflow_venv/lib/python3.10/site-packages/airflow/example_dags/example_python_operator.py
[2026-05-29T01:38:29.617+0200] {processor.py:829} INFO - Processing file /home/frederic/airflow_venv/lib/python3.10/site-packages/airflow/example_dags/example_python_operator.py for tasks to queue
[2026-05-29T01:38:29.617+0200] {logging_mixin.py:151} INFO - [2026-05-29T01:38:29.617+0200] {dagbag.py:539} INFO - Filling up the DagBag from /home/frederic/airflow_venv/lib/python3.10/site-packages/airflow/example_dags/example_python_operator.py
[2026-05-29T01:38:29.626+0200] {processor.py:839} INFO - DAG(s) dict_keys(['example_python_operator']) retrieved from /home/frederic/airflow_venv/lib/python3.10/site-packages/airflow/example_dags/example_python_operator.py
[2026-05-29T01:38:29.641+0200] {logging_mixin.py:151} INFO - [2026-05-29T01:38:29.640+0200] {dag.py:2915} INFO - Sync 1 DAGs
[2026-05-29T01:38:29.650+0200] {logging_mixin.py:151} INFO - [2026-05-29T01:38:29.650+0200] {dag.py:3696} INFO - Setting next_dagrun for example_python_operator to None, run_after=None
[2026-05-29T01:38:29.668+0200] {processor.py:179} INFO - Processing /home/frederic/airflow_venv/lib/python3.10/site-packages/airflow/example_dags/example_python_operator.py took 0.057 seconds
[2026-05-29T01:39:14.287+0200] {processor.py:157} INFO - Started process (PID=597099) to work on /home/frederic/airflow_venv/lib/python3.10/site-packages/airflow/example_dags/example_python_operator.py
[2026-05-29T01:39:14.288+0200] {processor.py:829} INFO - Processing file /home/frederic/airflow_venv/lib/python3.10/site-packages/airflow/example_dags/example_python_operator.py for tasks to queue
[2026-05-29T01:39:14.289+0200] {logging_mixin.py:151} INFO - [2026-05-29T01:39:14.289+0200] {dagbag.py:539} INFO - Filling up the DagBag from /home/frederic/airflow_venv/lib/python3.10/site-packages/airflow/example_dags/example_python_operator.py
[2026-05-29T01:39:14.297+0200] {processor.py:839} INFO - DAG(s) dict_keys(['example_python_operator']) retrieved from /home/frederic/airflow_venv/lib/python3.10/site-packages/airflow/example_dags/example_python_operator.py
[2026-05-29T01:39:14.312+0200] {logging_mixin.py:151} INFO - [2026-05-29T01:39:14.312+0200] {dag.py:2915} INFO - Sync 1 DAGs
[2026-05-29T01:39:14.321+0200] {logging_mixin.py:151} INFO - [2026-05-29T01:39:14.321+0200] {dag.py:3696} INFO - Setting next_dagrun for example_python_operator to None, run_after=None
[2026-05-29T01:39:14.338+0200] {processor.py:179} INFO - Processing /home/frederic/airflow_venv/lib/python3.10/site-packages/airflow/example_dags/example_python_operator.py took 0.053 seconds
[2026-05-29T01:40:02.480+0200] {processor.py:157} INFO - Started process (PID=598222) to work on /home/frederic/airflow_venv/lib/python3.10/site-packages/airflow/example_dags/example_python_operator.py
[2026-05-29T01:40:02.481+0200] {processor.py:829} INFO - Processing file /home/frederic/airflow_venv/lib/python3.10/site-packages/airflow/example_dags/example_python_operator.py for tasks to queue
[2026-05-29T01:40:02.482+0200] {logging_mixin.py:151} INFO - [2026-05-29T01:40:02.482+0200] {dagbag.py:539} INFO - Filling up the DagBag from /home/frederic/airflow_venv/lib/python3.10/site-packages/airflow/example_dags/example_python_operator.py
[2026-05-29T01:40:02.491+0200] {processor.py:839} INFO - DAG(s) dict_keys(['example_python_operator']) retrieved from /home/frederic/airflow_venv/lib/python3.10/site-packages/airflow/example_dags/example_python_operator.py
[2026-05-29T01:40:02.506+0200] {logging_mixin.py:151} INFO - [2026-05-29T01:40:02.505+0200] {dag.py:2915} INFO - Sync 1 DAGs
[2026-05-29T01:40:02.516+0200] {logging_mixin.py:151} INFO - [2026-05-29T01:40:02.515+0200] {dag.py:3696} INFO - Setting next_dagrun for example_python_operator to None, run_after=None
[2026-05-29T01:40:02.532+0200] {processor.py:179} INFO - Processing /home/frederic/airflow_venv/lib/python3.10/site-packages/airflow/example_dags/example_python_operator.py took 0.054 seconds
[2026-05-29T01:40:51.641+0200] {processor.py:157} INFO - Started process (PID=599430) to work on /home/frederic/airflow_venv/lib/python3.10/site-packages/airflow/example_dags/example_python_operator.py
[2026-05-29T01:40:51.645+0200] {processor.py:829} INFO - Processing file /home/frederic/airflow_venv/lib/python3.10/site-packages/airflow/example_dags/example_python_operator.py for tasks to queue
[2026-05-29T01:40:51.646+0200] {logging_mixin.py:151} INFO - [2026-05-29T01:40:51.646+0200] {dagbag.py:539} INFO - Filling up the DagBag from /home/frederic/airflow_venv/lib/python3.10/site-packages/airflow/example_dags/example_python_operator.py
[2026-05-29T01:40:51.660+0200] {processor.py:839} INFO - DAG(s) dict_keys(['example_python_operator']) retrieved from /home/frederic/airflow_venv/lib/python3.10/site-packages/airflow/example_dags/example_python_operator.py
[2026-05-29T01:40:51.689+0200] {logging_mixin.py:151} INFO - [2026-05-29T01:40:51.688+0200] {dag.py:2915} INFO - Sync 1 DAGs
[2026-05-29T01:40:51.702+0200] {logging_mixin.py:151} INFO - [2026-05-29T01:40:51.702+0200] {dag.py:3696} INFO - Setting next_dagrun for example_python_operator to None, run_after=None
[2026-05-29T01:40:51.722+0200] {processor.py:179} INFO - Processing /home/frederic/airflow_venv/lib/python3.10/site-packages/airflow/example_dags/example_python_operator.py took 0.085 seconds
[2026-05-29T01:41:34.816+0200] {processor.py:157} INFO - Started process (PID=600671) to work on /home/frederic/airflow_venv/lib/python3.10/site-packages/airflow/example_dags/example_python_operator.py
[2026-05-29T01:41:34.819+0200] {processor.py:829} INFO - Processing file /home/frederic/airflow_venv/lib/python3.10/site-packages/airflow/example_dags/example_python_operator.py for tasks to queue
[2026-05-29T01:41:34.820+0200] {logging_mixin.py:151} INFO - [2026-05-29T01:41:34.819+0200] {dagbag.py:539} INFO - Filling up the DagBag from /home/frederic/airflow_venv/lib/python3.10/site-packages/airflow/example_dags/example_python_operator.py
[2026-05-29T01:41:34.829+0200] {processor.py:839} INFO - DAG(s) dict_keys(['example_python_operator']) retrieved from /home/frederic/airflow_venv/lib/python3.10/site-packages/airflow/example_dags/example_python_operator.py
[2026-05-29T01:41:34.847+0200] {logging_mixin.py:151} INFO - [2026-05-29T01:41:34.846+0200] {dag.py:2915} INFO - Sync 1 DAGs
[2026-05-29T01:41:34.857+0200] {logging_mixin.py:151} INFO - [2026-05-29T01:41:34.857+0200] {dag.py:3696} INFO - Setting next_dagrun for example_python_operator to None, run_after=None
[2026-05-29T01:41:34.871+0200] {processor.py:179} INFO - Processing /home/frederic/airflow_venv/lib/python3.10/site-packages/airflow/example_dags/example_python_operator.py took 0.057 seconds
[2026-05-29T01:42:18.464+0200] {processor.py:157} INFO - Started process (PID=601515) to work on /home/frederic/airflow_venv/lib/python3.10/site-packages/airflow/example_dags/example_python_operator.py
[2026-05-29T01:42:18.468+0200] {processor.py:829} INFO - Processing file /home/frederic/airflow_venv/lib/python3.10/site-packages/airflow/example_dags/example_python_operator.py for tasks to queue
[2026-05-29T01:42:18.469+0200] {logging_mixin.py:151} INFO - [2026-05-29T01:42:18.468+0200] {dagbag.py:539} INFO - Filling up the DagBag from /home/frederic/airflow_venv/lib/python3.10/site-packages/airflow/example_dags/example_python_operator.py
[2026-05-29T01:42:18.477+0200] {processor.py:839} INFO - DAG(s) dict_keys(['example_python_operator']) retrieved from /home/frederic/airflow_venv/lib/python3.10/site-packages/airflow/example_dags/example_python_operator.py
[2026-05-29T01:42:18.493+0200] {logging_mixin.py:151} INFO - [2026-05-29T01:42:18.493+0200] {dag.py:2915} INFO - Sync 1 DAGs
[2026-05-29T01:42:18.502+0200] {logging_mixin.py:151} INFO - [2026-05-29T01:42:18.502+0200] {dag.py:3696} INFO - Setting next_dagrun for example_python_operator to None, run_after=None
[2026-05-29T01:42:18.516+0200] {processor.py:179} INFO - Processing /home/frederic/airflow_venv/lib/python3.10/site-packages/airflow/example_dags/example_python_operator.py took 0.055 seconds
[2026-05-29T01:43:07.610+0200] {processor.py:157} INFO - Started process (PID=602300) to work on /home/frederic/airflow_venv/lib/python3.10/site-packages/airflow/example_dags/example_python_operator.py
[2026-05-29T01:43:07.611+0200] {processor.py:829} INFO - Processing file /home/frederic/airflow_venv/lib/python3.10/site-packages/airflow/example_dags/example_python_operator.py for tasks to queue
[2026-05-29T01:43:07.612+0200] {logging_mixin.py:151} INFO - [2026-05-29T01:43:07.612+0200] {dagbag.py:539} INFO - Filling up the DagBag from /home/frederic/airflow_venv/lib/python3.10/site-packages/airflow/example_dags/example_python_operator.py
[2026-05-29T01:43:07.622+0200] {processor.py:839} INFO - DAG(s) dict_keys(['example_python_operator']) retrieved from /home/frederic/airflow_venv/lib/python3.10/site-packages/airflow/example_dags/example_python_operator.py
[2026-05-29T01:43:07.639+0200] {logging_mixin.py:151} INFO - [2026-05-29T01:43:07.638+0200] {dag.py:2915} INFO - Sync 1 DAGs
[2026-05-29T01:43:07.648+0200] {logging_mixin.py:151} INFO - [2026-05-29T01:43:07.648+0200] {dag.py:3696} INFO - Setting next_dagrun for example_python_operator to None, run_after=None
[2026-05-29T01:43:07.665+0200] {processor.py:179} INFO - Processing /home/frederic/airflow_venv/lib/python3.10/site-packages/airflow/example_dags/example_python_operator.py took 0.057 seconds
[2026-05-29T01:43:54.512+0200] {processor.py:157} INFO - Started process (PID=603199) to work on /home/frederic/airflow_venv/lib/python3.10/site-packages/airflow/example_dags/example_python_operator.py
[2026-05-29T01:43:54.514+0200] {processor.py:829} INFO - Processing file /home/frederic/airflow_venv/lib/python3.10/site-packages/airflow/example_dags/example_python_operator.py for tasks to queue
[2026-05-29T01:43:54.515+0200] {logging_mixin.py:151} INFO - [2026-05-29T01:43:54.515+0200] {dagbag.py:539} INFO - Filling up the DagBag from /home/frederic/airflow_venv/lib/python3.10/site-packages/airflow/example_dags/example_python_operator.py
[2026-05-29T01:43:54.535+0200] {processor.py:839} INFO - DAG(s) dict_keys(['example_python_operator']) retrieved from /home/frederic/airflow_venv/lib/python3.10/site-packages/airflow/example_dags/example_python_operator.py
[2026-05-29T01:43:54.556+0200] {logging_mixin.py:151} INFO - [2026-05-29T01:43:54.556+0200] {dag.py:2915} INFO - Sync 1 DAGs
[2026-05-29T01:43:54.568+0200] {logging_mixin.py:151} INFO - [2026-05-29T01:43:54.567+0200] {dag.py:3696} INFO - Setting next_dagrun for example_python_operator to None, run_after=None
[2026-05-29T01:43:54.583+0200] {processor.py:179} INFO - Processing /home/frederic/airflow_venv/lib/python3.10/site-packages/airflow/example_dags/example_python_operator.py took 0.075 seconds
[2026-05-29T01:44:44.200+0200] {processor.py:157} INFO - Started process (PID=604103) to work on /home/frederic/airflow_venv/lib/python3.10/site-packages/airflow/example_dags/example_python_operator.py
[2026-05-29T01:44:44.201+0200] {processor.py:829} INFO - Processing file /home/frederic/airflow_venv/lib/python3.10/site-packages/airflow/example_dags/example_python_operator.py for tasks to queue
[2026-05-29T01:44:44.202+0200] {logging_mixin.py:151} INFO - [2026-05-29T01:44:44.201+0200] {dagbag.py:539} INFO - Filling up the DagBag from /home/frederic/airflow_venv/lib/python3.10/site-packages/airflow/example_dags/example_python_operator.py
[2026-05-29T01:44:44.213+0200] {processor.py:839} INFO - DAG(s) dict_keys(['example_python_operator']) retrieved from /home/frederic/airflow_venv/lib/python3.10/site-packages/airflow/example_dags/example_python_operator.py
[2026-05-29T01:44:44.230+0200] {logging_mixin.py:151} INFO - [2026-05-29T01:44:44.230+0200] {dag.py:2915} INFO - Sync 1 DAGs
[2026-05-29T01:44:44.241+0200] {logging_mixin.py:151} INFO - [2026-05-29T01:44:44.241+0200] {dag.py:3696} INFO - Setting next_dagrun for example_python_operator to None, run_after=None
[2026-05-29T01:44:44.258+0200] {processor.py:179} INFO - Processing /home/frederic/airflow_venv/lib/python3.10/site-packages/airflow/example_dags/example_python_operator.py took 0.061 seconds
[2026-05-29T01:45:31.804+0200] {processor.py:157} INFO - Started process (PID=606284) to work on /home/frederic/airflow_venv/lib/python3.10/site-packages/airflow/example_dags/example_python_operator.py
[2026-05-29T01:45:31.805+0200] {processor.py:829} INFO - Processing file /home/frederic/airflow_venv/lib/python3.10/site-packages/airflow/example_dags/example_python_operator.py for tasks to queue
[2026-05-29T01:45:31.806+0200] {logging_mixin.py:151} INFO - [2026-05-29T01:45:31.806+0200] {dagbag.py:539} INFO - Filling up the DagBag from /home/frederic/airflow_venv/lib/python3.10/site-packages/airflow/example_dags/example_python_operator.py
[2026-05-29T01:45:31.818+0200] {processor.py:839} INFO - DAG(s) dict_keys(['example_python_operator']) retrieved from /home/frederic/airflow_venv/lib/python3.10/site-packages/airflow/example_dags/example_python_operator.py
[2026-05-29T01:45:31.840+0200] {logging_mixin.py:151} INFO - [2026-05-29T01:45:31.839+0200] {dag.py:2915} INFO - Sync 1 DAGs
[2026-05-29T01:45:31.853+0200] {logging_mixin.py:151} INFO - [2026-05-29T01:45:31.852+0200] {dag.py:3696} INFO - Setting next_dagrun for example_python_operator to None, run_after=None
[2026-05-29T01:45:31.874+0200] {processor.py:179} INFO - Processing /home/frederic/airflow_venv/lib/python3.10/site-packages/airflow/example_dags/example_python_operator.py took 0.073 seconds
[2026-05-29T01:46:25.925+0200] {processor.py:157} INFO - Started process (PID=608634) to work on /home/frederic/airflow_venv/lib/python3.10/site-packages/airflow/example_dags/example_python_operator.py
[2026-05-29T01:46:25.928+0200] {processor.py:829} INFO - Processing file /home/frederic/airflow_venv/lib/python3.10/site-packages/airflow/example_dags/example_python_operator.py for tasks to queue
[2026-05-29T01:46:25.929+0200] {logging_mixin.py:151} INFO - [2026-05-29T01:46:25.929+0200] {dagbag.py:539} INFO - Filling up the DagBag from /home/frederic/airflow_venv/lib/python3.10/site-packages/airflow/example_dags/example_python_operator.py
[2026-05-29T01:46:25.938+0200] {processor.py:839} INFO - DAG(s) dict_keys(['example_python_operator']) retrieved from /home/frederic/airflow_venv/lib/python3.10/site-packages/airflow/example_dags/example_python_operator.py
[2026-05-29T01:46:25.954+0200] {logging_mixin.py:151} INFO - [2026-05-29T01:46:25.954+0200] {dag.py:2915} INFO - Sync 1 DAGs
[2026-05-29T01:46:25.968+0200] {logging_mixin.py:151} INFO - [2026-05-29T01:46:25.968+0200] {dag.py:3696} INFO - Setting next_dagrun for example_python_operator to None, run_after=None
[2026-05-29T01:46:25.985+0200] {processor.py:179} INFO - Processing /home/frederic/airflow_venv/lib/python3.10/site-packages/airflow/example_dags/example_python_operator.py took 0.062 seconds
[2026-05-29T01:47:09.636+0200] {processor.py:157} INFO - Started process (PID=609786) to work on /home/frederic/airflow_venv/lib/python3.10/site-packages/airflow/example_dags/example_python_operator.py
[2026-05-29T01:47:09.637+0200] {processor.py:829} INFO - Processing file /home/frederic/airflow_venv/lib/python3.10/site-packages/airflow/example_dags/example_python_operator.py for tasks to queue
[2026-05-29T01:47:09.637+0200] {logging_mixin.py:151} INFO - [2026-05-29T01:47:09.637+0200] {dagbag.py:539} INFO - Filling up the DagBag from /home/frederic/airflow_venv/lib/python3.10/site-packages/airflow/example_dags/example_python_operator.py
[2026-05-29T01:47:09.647+0200] {processor.py:839} INFO - DAG(s) dict_keys(['example_python_operator']) retrieved from /home/frederic/airflow_venv/lib/python3.10/site-packages/airflow/example_dags/example_python_operator.py
[2026-05-29T01:47:09.663+0200] {logging_mixin.py:151} INFO - [2026-05-29T01:47:09.663+0200] {dag.py:2915} INFO - Sync 1 DAGs
[2026-05-29T01:47:09.674+0200] {logging_mixin.py:151} INFO - [2026-05-29T01:47:09.674+0200] {dag.py:3696} INFO - Setting next_dagrun for example_python_operator to None, run_after=None
[2026-05-29T01:47:09.690+0200] {processor.py:179} INFO - Processing /home/frederic/airflow_venv/lib/python3.10/site-packages/airflow/example_dags/example_python_operator.py took 0.057 seconds
[2026-05-29T01:47:52.889+0200] {processor.py:157} INFO - Started process (PID=611068) to work on /home/frederic/airflow_venv/lib/python3.10/site-packages/airflow/example_dags/example_python_operator.py
[2026-05-29T01:47:52.893+0200] {processor.py:829} INFO - Processing file /home/frederic/airflow_venv/lib/python3.10/site-packages/airflow/example_dags/example_python_operator.py for tasks to queue
[2026-05-29T01:47:52.894+0200] {logging_mixin.py:151} INFO - [2026-05-29T01:47:52.893+0200] {dagbag.py:539} INFO - Filling up the DagBag from /home/frederic/airflow_venv/lib/python3.10/site-packages/airflow/example_dags/example_python_operator.py
[2026-05-29T01:47:52.909+0200] {processor.py:839} INFO - DAG(s) dict_keys(['example_python_operator']) retrieved from /home/frederic/airflow_venv/lib/python3.10/site-packages/airflow/example_dags/example_python_operator.py
[2026-05-29T01:47:52.937+0200] {logging_mixin.py:151} INFO - [2026-05-29T01:47:52.936+0200] {dag.py:2915} INFO - Sync 1 DAGs
[2026-05-29T01:47:52.953+0200] {logging_mixin.py:151} INFO - [2026-05-29T01:47:52.953+0200] {dag.py:3696} INFO - Setting next_dagrun for example_python_operator to None, run_after=None
[2026-05-29T01:47:52.977+0200] {processor.py:179} INFO - Processing /home/frederic/airflow_venv/lib/python3.10/site-packages/airflow/example_dags/example_python_operator.py took 0.094 seconds
[2026-05-29T01:48:40.389+0200] {processor.py:157} INFO - Started process (PID=612478) to work on /home/frederic/airflow_venv/lib/python3.10/site-packages/airflow/example_dags/example_python_operator.py
[2026-05-29T01:48:40.390+0200] {processor.py:829} INFO - Processing file /home/frederic/airflow_venv/lib/python3.10/site-packages/airflow/example_dags/example_python_operator.py for tasks to queue
[2026-05-29T01:48:40.391+0200] {logging_mixin.py:151} INFO - [2026-05-29T01:48:40.390+0200] {dagbag.py:539} INFO - Filling up the DagBag from /home/frederic/airflow_venv/lib/python3.10/site-packages/airflow/example_dags/example_python_operator.py
[2026-05-29T01:48:40.401+0200] {processor.py:839} INFO - DAG(s) dict_keys(['example_python_operator']) retrieved from /home/frederic/airflow_venv/lib/python3.10/site-packages/airflow/example_dags/example_python_operator.py
[2026-05-29T01:48:40.421+0200] {logging_mixin.py:151} INFO - [2026-05-29T01:48:40.421+0200] {dag.py:2915} INFO - Sync 1 DAGs
[2026-05-29T01:48:40.433+0200] {logging_mixin.py:151} INFO - [2026-05-29T01:48:40.433+0200] {dag.py:3696} INFO - Setting next_dagrun for example_python_operator to None, run_after=None
[2026-05-29T01:48:40.451+0200] {processor.py:179} INFO - Processing /home/frederic/airflow_venv/lib/python3.10/site-packages/airflow/example_dags/example_python_operator.py took 0.066 seconds
[2026-05-29T01:49:25.199+0200] {processor.py:157} INFO - Started process (PID=613618) to work on /home/frederic/airflow_venv/lib/python3.10/site-packages/airflow/example_dags/example_python_operator.py
[2026-05-29T01:49:25.202+0200] {processor.py:829} INFO - Processing file /home/frederic/airflow_venv/lib/python3.10/site-packages/airflow/example_dags/example_python_operator.py for tasks to queue
[2026-05-29T01:49:25.203+0200] {logging_mixin.py:151} INFO - [2026-05-29T01:49:25.203+0200] {dagbag.py:539} INFO - Filling up the DagBag from /home/frederic/airflow_venv/lib/python3.10/site-packages/airflow/example_dags/example_python_operator.py
[2026-05-29T01:49:25.211+0200] {processor.py:839} INFO - DAG(s) dict_keys(['example_python_operator']) retrieved from /home/frederic/airflow_venv/lib/python3.10/site-packages/airflow/example_dags/example_python_operator.py
[2026-05-29T01:49:25.226+0200] {logging_mixin.py:151} INFO - [2026-05-29T01:49:25.226+0200] {dag.py:2915} INFO - Sync 1 DAGs
[2026-05-29T01:49:25.236+0200] {logging_mixin.py:151} INFO - [2026-05-29T01:49:25.236+0200] {dag.py:3696} INFO - Setting next_dagrun for example_python_operator to None, run_after=None
[2026-05-29T01:49:25.252+0200] {processor.py:179} INFO - Processing /home/frederic/airflow_venv/lib/python3.10/site-packages/airflow/example_dags/example_python_operator.py took 0.055 seconds
[2026-05-29T01:50:08.046+0200] {processor.py:157} INFO - Started process (PID=614730) to work on /home/frederic/airflow_venv/lib/python3.10/site-packages/airflow/example_dags/example_python_operator.py
[2026-05-29T01:50:08.047+0200] {processor.py:829} INFO - Processing file /home/frederic/airflow_venv/lib/python3.10/site-packages/airflow/example_dags/example_python_operator.py for tasks to queue
[2026-05-29T01:50:08.049+0200] {logging_mixin.py:151} INFO - [2026-05-29T01:50:08.048+0200] {dagbag.py:539} INFO - Filling up the DagBag from /home/frederic/airflow_venv/lib/python3.10/site-packages/airflow/example_dags/example_python_operator.py
[2026-05-29T01:50:08.061+0200] {processor.py:839} INFO - DAG(s) dict_keys(['example_python_operator']) retrieved from /home/frederic/airflow_venv/lib/python3.10/site-packages/airflow/example_dags/example_python_operator.py
[2026-05-29T01:50:08.082+0200] {logging_mixin.py:151} INFO - [2026-05-29T01:50:08.081+0200] {dag.py:2915} INFO - Sync 1 DAGs
[2026-05-29T01:50:08.096+0200] {logging_mixin.py:151} INFO - [2026-05-29T01:50:08.096+0200] {dag.py:3696} INFO - Setting next_dagrun for example_python_operator to None, run_after=None
[2026-05-29T01:50:08.122+0200] {processor.py:179} INFO - Processing /home/frederic/airflow_venv/lib/python3.10/site-packages/airflow/example_dags/example_python_operator.py took 0.079 seconds
[2026-05-29T01:50:55.046+0200] {processor.py:157} INFO - Started process (PID=616199) to work on /home/frederic/airflow_venv/lib/python3.10/site-packages/airflow/example_dags/example_python_operator.py
[2026-05-29T01:50:55.049+0200] {processor.py:829} INFO - Processing file /home/frederic/airflow_venv/lib/python3.10/site-packages/airflow/example_dags/example_python_operator.py for tasks to queue
[2026-05-29T01:50:55.050+0200] {logging_mixin.py:151} INFO - [2026-05-29T01:50:55.050+0200] {dagbag.py:539} INFO - Filling up the DagBag from /home/frederic/airflow_venv/lib/python3.10/site-packages/airflow/example_dags/example_python_operator.py
[2026-05-29T01:50:55.062+0200] {processor.py:839} INFO - DAG(s) dict_keys(['example_python_operator']) retrieved from /home/frederic/airflow_venv/lib/python3.10/site-packages/airflow/example_dags/example_python_operator.py
[2026-05-29T01:50:55.080+0200] {logging_mixin.py:151} INFO - [2026-05-29T01:50:55.080+0200] {dag.py:2915} INFO - Sync 1 DAGs
[2026-05-29T01:50:55.091+0200] {logging_mixin.py:151} INFO - [2026-05-29T01:50:55.091+0200] {dag.py:3696} INFO - Setting next_dagrun for example_python_operator to None, run_after=None
[2026-05-29T01:50:55.107+0200] {processor.py:179} INFO - Processing /home/frederic/airflow_venv/lib/python3.10/site-packages/airflow/example_dags/example_python_operator.py took 0.065 seconds
[2026-05-29T01:51:44.159+0200] {processor.py:157} INFO - Started process (PID=617424) to work on /home/frederic/airflow_venv/lib/python3.10/site-packages/airflow/example_dags/example_python_operator.py
[2026-05-29T01:51:44.162+0200] {processor.py:829} INFO - Processing file /home/frederic/airflow_venv/lib/python3.10/site-packages/airflow/example_dags/example_python_operator.py for tasks to queue
[2026-05-29T01:51:44.163+0200] {logging_mixin.py:151} INFO - [2026-05-29T01:51:44.163+0200] {dagbag.py:539} INFO - Filling up the DagBag from /home/frederic/airflow_venv/lib/python3.10/site-packages/airflow/example_dags/example_python_operator.py
[2026-05-29T01:51:44.171+0200] {processor.py:839} INFO - DAG(s) dict_keys(['example_python_operator']) retrieved from /home/frederic/airflow_venv/lib/python3.10/site-packages/airflow/example_dags/example_python_operator.py
[2026-05-29T01:51:44.186+0200] {logging_mixin.py:151} INFO - [2026-05-29T01:51:44.186+0200] {dag.py:2915} INFO - Sync 1 DAGs
[2026-05-29T01:51:44.195+0200] {logging_mixin.py:151} INFO - [2026-05-29T01:51:44.195+0200] {dag.py:3696} INFO - Setting next_dagrun for example_python_operator to None, run_after=None
[2026-05-29T01:51:44.212+0200] {processor.py:179} INFO - Processing /home/frederic/airflow_venv/lib/python3.10/site-packages/airflow/example_dags/example_python_operator.py took 0.056 seconds
[2026-05-29T01:52:35.059+0200] {processor.py:157} INFO - Started process (PID=618979) to work on /home/frederic/airflow_venv/lib/python3.10/site-packages/airflow/example_dags/example_python_operator.py
[2026-05-29T01:52:35.062+0200] {processor.py:829} INFO - Processing file /home/frederic/airflow_venv/lib/python3.10/site-packages/airflow/example_dags/example_python_operator.py for tasks to queue
[2026-05-29T01:52:35.062+0200] {logging_mixin.py:151} INFO - [2026-05-29T01:52:35.062+0200] {dagbag.py:539} INFO - Filling up the DagBag from /home/frederic/airflow_venv/lib/python3.10/site-packages/airflow/example_dags/example_python_operator.py
[2026-05-29T01:52:35.072+0200] {processor.py:839} INFO - DAG(s) dict_keys(['example_python_operator']) retrieved from /home/frederic/airflow_venv/lib/python3.10/site-packages/airflow/example_dags/example_python_operator.py
[2026-05-29T01:52:35.089+0200] {logging_mixin.py:151} INFO - [2026-05-29T01:52:35.089+0200] {dag.py:2915} INFO - Sync 1 DAGs
[2026-05-29T01:52:35.098+0200] {logging_mixin.py:151} INFO - [2026-05-29T01:52:35.098+0200] {dag.py:3696} INFO - Setting next_dagrun for example_python_operator to None, run_after=None
[2026-05-29T01:52:35.113+0200] {processor.py:179} INFO - Processing /home/frederic/airflow_venv/lib/python3.10/site-packages/airflow/example_dags/example_python_operator.py took 0.057 seconds
[2026-05-29T01:53:19.010+0200] {processor.py:157} INFO - Started process (PID=620276) to work on /home/frederic/airflow_venv/lib/python3.10/site-packages/airflow/example_dags/example_python_operator.py
[2026-05-29T01:53:19.011+0200] {processor.py:829} INFO - Processing file /home/frederic/airflow_venv/lib/python3.10/site-packages/airflow/example_dags/example_python_operator.py for tasks to queue
[2026-05-29T01:53:19.012+0200] {logging_mixin.py:151} INFO - [2026-05-29T01:53:19.012+0200] {dagbag.py:539} INFO - Filling up the DagBag from /home/frederic/airflow_venv/lib/python3.10/site-packages/airflow/example_dags/example_python_operator.py
[2026-05-29T01:53:19.022+0200] {processor.py:839} INFO - DAG(s) dict_keys(['example_python_operator']) retrieved from /home/frederic/airflow_venv/lib/python3.10/site-packages/airflow/example_dags/example_python_operator.py
[2026-05-29T01:53:19.039+0200] {logging_mixin.py:151} INFO - [2026-05-29T01:53:19.039+0200] {dag.py:2915} INFO - Sync 1 DAGs
[2026-05-29T01:53:19.049+0200] {logging_mixin.py:151} INFO - [2026-05-29T01:53:19.049+0200] {dag.py:3696} INFO - Setting next_dagrun for example_python_operator to None, run_after=None
[2026-05-29T01:53:19.066+0200] {processor.py:179} INFO - Processing /home/frederic/airflow_venv/lib/python3.10/site-packages/airflow/example_dags/example_python_operator.py took 0.058 seconds
[2026-05-29T01:54:05.277+0200] {processor.py:157} INFO - Started process (PID=621410) to work on /home/frederic/airflow_venv/lib/python3.10/site-packages/airflow/example_dags/example_python_operator.py
[2026-05-29T01:54:05.281+0200] {processor.py:829} INFO - Processing file /home/frederic/airflow_venv/lib/python3.10/site-packages/airflow/example_dags/example_python_operator.py for tasks to queue
[2026-05-29T01:54:05.281+0200] {logging_mixin.py:151} INFO - [2026-05-29T01:54:05.281+0200] {dagbag.py:539} INFO - Filling up the DagBag from /home/frederic/airflow_venv/lib/python3.10/site-packages/airflow/example_dags/example_python_operator.py
[2026-05-29T01:54:05.291+0200] {processor.py:839} INFO - DAG(s) dict_keys(['example_python_operator']) retrieved from /home/frederic/airflow_venv/lib/python3.10/site-packages/airflow/example_dags/example_python_operator.py
[2026-05-29T01:54:05.310+0200] {logging_mixin.py:151} INFO - [2026-05-29T01:54:05.310+0200] {dag.py:2915} INFO - Sync 1 DAGs
[2026-05-29T01:54:05.321+0200] {logging_mixin.py:151} INFO - [2026-05-29T01:54:05.321+0200] {dag.py:3696} INFO - Setting next_dagrun for example_python_operator to None, run_after=None
[2026-05-29T01:54:05.341+0200] {processor.py:179} INFO - Processing /home/frederic/airflow_venv/lib/python3.10/site-packages/airflow/example_dags/example_python_operator.py took 0.066 seconds
[2026-05-29T01:54:49.976+0200] {processor.py:157} INFO - Started process (PID=623186) to work on /home/frederic/airflow_venv/lib/python3.10/site-packages/airflow/example_dags/example_python_operator.py
[2026-05-29T01:54:49.977+0200] {processor.py:829} INFO - Processing file /home/frederic/airflow_venv/lib/python3.10/site-packages/airflow/example_dags/example_python_operator.py for tasks to queue
[2026-05-29T01:54:49.978+0200] {logging_mixin.py:151} INFO - [2026-05-29T01:54:49.977+0200] {dagbag.py:539} INFO - Filling up the DagBag from /home/frederic/airflow_venv/lib/python3.10/site-packages/airflow/example_dags/example_python_operator.py
[2026-05-29T01:54:49.987+0200] {processor.py:839} INFO - DAG(s) dict_keys(['example_python_operator']) retrieved from /home/frederic/airflow_venv/lib/python3.10/site-packages/airflow/example_dags/example_python_operator.py
[2026-05-29T01:54:50.003+0200] {logging_mixin.py:151} INFO - [2026-05-29T01:54:50.003+0200] {dag.py:2915} INFO - Sync 1 DAGs
[2026-05-29T01:54:50.013+0200] {logging_mixin.py:151} INFO - [2026-05-29T01:54:50.013+0200] {dag.py:3696} INFO - Setting next_dagrun for example_python_operator to None, run_after=None
[2026-05-29T01:54:50.028+0200] {processor.py:179} INFO - Processing /home/frederic/airflow_venv/lib/python3.10/site-packages/airflow/example_dags/example_python_operator.py took 0.055 seconds
[2026-05-29T01:55:37.942+0200] {processor.py:157} INFO - Started process (PID=624660) to work on /home/frederic/airflow_venv/lib/python3.10/site-packages/airflow/example_dags/example_python_operator.py
[2026-05-29T01:55:37.943+0200] {processor.py:829} INFO - Processing file /home/frederic/airflow_venv/lib/python3.10/site-packages/airflow/example_dags/example_python_operator.py for tasks to queue
[2026-05-29T01:55:37.943+0200] {logging_mixin.py:151} INFO - [2026-05-29T01:55:37.943+0200] {dagbag.py:539} INFO - Filling up the DagBag from /home/frederic/airflow_venv/lib/python3.10/site-packages/airflow/example_dags/example_python_operator.py
[2026-05-29T01:55:37.953+0200] {processor.py:839} INFO - DAG(s) dict_keys(['example_python_operator']) retrieved from /home/frederic/airflow_venv/lib/python3.10/site-packages/airflow/example_dags/example_python_operator.py
[2026-05-29T01:55:37.959+0200] {logging_mixin.py:151} INFO - [2026-05-29T01:55:37.959+0200] {dag.py:2915} INFO - Sync 1 DAGs
[2026-05-29T01:55:37.971+0200] {logging_mixin.py:151} INFO - [2026-05-29T01:55:37.971+0200] {dag.py:3696} INFO - Setting next_dagrun for example_python_operator to None, run_after=None
[2026-05-29T01:55:37.987+0200] {processor.py:179} INFO - Processing /home/frederic/airflow_venv/lib/python3.10/site-packages/airflow/example_dags/example_python_operator.py took 0.048 seconds
[2026-05-29T01:55:42.680+0200] {processor.py:157} INFO - Started process (PID=624799) to work on /home/frederic/airflow_venv/lib/python3.10/site-packages/airflow/example_dags/example_python_operator.py
[2026-05-29T01:55:42.681+0200] {processor.py:829} INFO - Processing file /home/frederic/airflow_venv/lib/python3.10/site-packages/airflow/example_dags/example_python_operator.py for tasks to queue
[2026-05-29T01:55:42.682+0200] {logging_mixin.py:151} INFO - [2026-05-29T01:55:42.682+0200] {dagbag.py:539} INFO - Filling up the DagBag from /home/frederic/airflow_venv/lib/python3.10/site-packages/airflow/example_dags/example_python_operator.py
[2026-05-29T01:55:42.697+0200] {processor.py:839} INFO - DAG(s) dict_keys(['example_python_operator']) retrieved from /home/frederic/airflow_venv/lib/python3.10/site-packages/airflow/example_dags/example_python_operator.py
[2026-05-29T01:55:42.707+0200] {logging_mixin.py:151} INFO - [2026-05-29T01:55:42.707+0200] {dag.py:2915} INFO - Sync 1 DAGs
[2026-05-29T01:55:42.728+0200] {logging_mixin.py:151} INFO - [2026-05-29T01:55:42.728+0200] {dag.py:3696} INFO - Setting next_dagrun for example_python_operator to None, run_after=None
[2026-05-29T01:55:42.751+0200] {processor.py:179} INFO - Processing /home/frederic/airflow_venv/lib/python3.10/site-packages/airflow/example_dags/example_python_operator.py took 0.075 seconds
[2026-05-29T01:56:23.548+0200] {processor.py:157} INFO - Started process (PID=626145) to work on /home/frederic/airflow_venv/lib/python3.10/site-packages/airflow/example_dags/example_python_operator.py
[2026-05-29T01:56:23.549+0200] {processor.py:829} INFO - Processing file /home/frederic/airflow_venv/lib/python3.10/site-packages/airflow/example_dags/example_python_operator.py for tasks to queue
[2026-05-29T01:56:23.550+0200] {logging_mixin.py:151} INFO - [2026-05-29T01:56:23.549+0200] {dagbag.py:539} INFO - Filling up the DagBag from /home/frederic/airflow_venv/lib/python3.10/site-packages/airflow/example_dags/example_python_operator.py
[2026-05-29T01:56:23.559+0200] {processor.py:839} INFO - DAG(s) dict_keys(['example_python_operator']) retrieved from /home/frederic/airflow_venv/lib/python3.10/site-packages/airflow/example_dags/example_python_operator.py
[2026-05-29T01:56:23.654+0200] {logging_mixin.py:151} INFO - [2026-05-29T01:56:23.654+0200] {security.py:708} INFO - Not syncing DAG-level permissions for DAG 'DAG:example_python_operator' as access control is unset.
[2026-05-29T01:56:23.654+0200] {logging_mixin.py:151} INFO - [2026-05-29T01:56:23.654+0200] {dag.py:2915} INFO - Sync 1 DAGs
[2026-05-29T01:56:23.662+0200] {logging_mixin.py:151} INFO - [2026-05-29T01:56:23.662+0200] {dag.py:3696} INFO - Setting next_dagrun for example_python_operator to None, run_after=None
[2026-05-29T01:56:23.677+0200] {processor.py:179} INFO - Processing /home/frederic/airflow_venv/lib/python3.10/site-packages/airflow/example_dags/example_python_operator.py took 0.131 seconds
[2026-05-29T01:56:35.356+0200] {processor.py:157} INFO - Started process (PID=626457) to work on /home/frederic/airflow_venv/lib/python3.10/site-packages/airflow/example_dags/example_python_operator.py
[2026-05-29T01:56:35.357+0200] {processor.py:829} INFO - Processing file /home/frederic/airflow_venv/lib/python3.10/site-packages/airflow/example_dags/example_python_operator.py for tasks to queue
[2026-05-29T01:56:35.358+0200] {logging_mixin.py:151} INFO - [2026-05-29T01:56:35.357+0200] {dagbag.py:539} INFO - Filling up the DagBag from /home/frederic/airflow_venv/lib/python3.10/site-packages/airflow/example_dags/example_python_operator.py
[2026-05-29T01:56:35.369+0200] {processor.py:839} INFO - DAG(s) dict_keys(['example_python_operator']) retrieved from /home/frederic/airflow_venv/lib/python3.10/site-packages/airflow/example_dags/example_python_operator.py
[2026-05-29T01:56:35.380+0200] {logging_mixin.py:151} INFO - [2026-05-29T01:56:35.379+0200] {dag.py:2915} INFO - Sync 1 DAGs
[2026-05-29T01:56:35.401+0200] {logging_mixin.py:151} INFO - [2026-05-29T01:56:35.401+0200] {dag.py:3696} INFO - Setting next_dagrun for example_python_operator to None, run_after=None
[2026-05-29T01:56:35.421+0200] {processor.py:179} INFO - Processing /home/frederic/airflow_venv/lib/python3.10/site-packages/airflow/example_dags/example_python_operator.py took 0.068 seconds
[2026-05-29T01:57:15.476+0200] {processor.py:157} INFO - Started process (PID=627677) to work on /home/frederic/airflow_venv/lib/python3.10/site-packages/airflow/example_dags/example_python_operator.py
[2026-05-29T01:57:15.477+0200] {processor.py:829} INFO - Processing file /home/frederic/airflow_venv/lib/python3.10/site-packages/airflow/example_dags/example_python_operator.py for tasks to queue
[2026-05-29T01:57:15.477+0200] {logging_mixin.py:151} INFO - [2026-05-29T01:57:15.477+0200] {dagbag.py:539} INFO - Filling up the DagBag from /home/frederic/airflow_venv/lib/python3.10/site-packages/airflow/example_dags/example_python_operator.py
[2026-05-29T01:57:15.487+0200] {processor.py:839} INFO - DAG(s) dict_keys(['example_python_operator']) retrieved from /home/frederic/airflow_venv/lib/python3.10/site-packages/airflow/example_dags/example_python_operator.py
[2026-05-29T01:57:15.503+0200] {logging_mixin.py:151} INFO - [2026-05-29T01:57:15.503+0200] {dag.py:2915} INFO - Sync 1 DAGs
[2026-05-29T01:57:15.514+0200] {logging_mixin.py:151} INFO - [2026-05-29T01:57:15.514+0200] {dag.py:3696} INFO - Setting next_dagrun for example_python_operator to None, run_after=None
[2026-05-29T01:57:15.531+0200] {processor.py:179} INFO - Processing /home/frederic/airflow_venv/lib/python3.10/site-packages/airflow/example_dags/example_python_operator.py took 0.057 seconds
[2026-05-29T01:57:21.085+0200] {processor.py:157} INFO - Started process (PID=627890) to work on /home/frederic/airflow_venv/lib/python3.10/site-packages/airflow/example_dags/example_python_operator.py
[2026-05-29T01:57:21.086+0200] {processor.py:829} INFO - Processing file /home/frederic/airflow_venv/lib/python3.10/site-packages/airflow/example_dags/example_python_operator.py for tasks to queue
[2026-05-29T01:57:21.087+0200] {logging_mixin.py:151} INFO - [2026-05-29T01:57:21.087+0200] {dagbag.py:539} INFO - Filling up the DagBag from /home/frederic/airflow_venv/lib/python3.10/site-packages/airflow/example_dags/example_python_operator.py
[2026-05-29T01:57:21.098+0200] {processor.py:839} INFO - DAG(s) dict_keys(['example_python_operator']) retrieved from /home/frederic/airflow_venv/lib/python3.10/site-packages/airflow/example_dags/example_python_operator.py
[2026-05-29T01:57:21.201+0200] {logging_mixin.py:151} INFO - [2026-05-29T01:57:21.201+0200] {security.py:708} INFO - Not syncing DAG-level permissions for DAG 'DAG:example_python_operator' as access control is unset.
[2026-05-29T01:57:21.201+0200] {logging_mixin.py:151} INFO - [2026-05-29T01:57:21.201+0200] {dag.py:2915} INFO - Sync 1 DAGs
[2026-05-29T01:57:21.217+0200] {logging_mixin.py:151} INFO - [2026-05-29T01:57:21.216+0200] {dag.py:3696} INFO - Setting next_dagrun for example_python_operator to None, run_after=None
[2026-05-29T01:57:21.244+0200] {processor.py:179} INFO - Processing /home/frederic/airflow_venv/lib/python3.10/site-packages/airflow/example_dags/example_python_operator.py took 0.161 seconds
[2026-05-29T01:58:03.216+0200] {processor.py:157} INFO - Started process (PID=629484) to work on /home/frederic/airflow_venv/lib/python3.10/site-packages/airflow/example_dags/example_python_operator.py
[2026-05-29T01:58:03.217+0200] {processor.py:829} INFO - Processing file /home/frederic/airflow_venv/lib/python3.10/site-packages/airflow/example_dags/example_python_operator.py for tasks to queue
[2026-05-29T01:58:03.218+0200] {logging_mixin.py:151} INFO - [2026-05-29T01:58:03.217+0200] {dagbag.py:539} INFO - Filling up the DagBag from /home/frederic/airflow_venv/lib/python3.10/site-packages/airflow/example_dags/example_python_operator.py
[2026-05-29T01:58:03.231+0200] {processor.py:839} INFO - DAG(s) dict_keys(['example_python_operator']) retrieved from /home/frederic/airflow_venv/lib/python3.10/site-packages/airflow/example_dags/example_python_operator.py
[2026-05-29T01:58:03.366+0200] {logging_mixin.py:151} INFO - [2026-05-29T01:58:03.366+0200] {security.py:708} INFO - Not syncing DAG-level permissions for DAG 'DAG:example_python_operator' as access control is unset.
[2026-05-29T01:58:03.366+0200] {logging_mixin.py:151} INFO - [2026-05-29T01:58:03.366+0200] {dag.py:2915} INFO - Sync 1 DAGs
[2026-05-29T01:58:03.376+0200] {logging_mixin.py:151} INFO - [2026-05-29T01:58:03.375+0200] {dag.py:3696} INFO - Setting next_dagrun for example_python_operator to None, run_after=None
[2026-05-29T01:58:03.601+0200] {processor.py:179} INFO - Processing /home/frederic/airflow_venv/lib/python3.10/site-packages/airflow/example_dags/example_python_operator.py took 0.388 seconds
[2026-05-29T01:58:11.070+0200] {processor.py:157} INFO - Started process (PID=629673) to work on /home/frederic/airflow_venv/lib/python3.10/site-packages/airflow/example_dags/example_python_operator.py
[2026-05-29T01:58:11.071+0200] {processor.py:829} INFO - Processing file /home/frederic/airflow_venv/lib/python3.10/site-packages/airflow/example_dags/example_python_operator.py for tasks to queue
[2026-05-29T01:58:11.072+0200] {logging_mixin.py:151} INFO - [2026-05-29T01:58:11.071+0200] {dagbag.py:539} INFO - Filling up the DagBag from /home/frederic/airflow_venv/lib/python3.10/site-packages/airflow/example_dags/example_python_operator.py
[2026-05-29T01:58:11.087+0200] {processor.py:839} INFO - DAG(s) dict_keys(['example_python_operator']) retrieved from /home/frederic/airflow_venv/lib/python3.10/site-packages/airflow/example_dags/example_python_operator.py
[2026-05-29T01:58:11.097+0200] {logging_mixin.py:151} INFO - [2026-05-29T01:58:11.097+0200] {dag.py:2915} INFO - Sync 1 DAGs
[2026-05-29T01:58:11.109+0200] {logging_mixin.py:151} INFO - [2026-05-29T01:58:11.109+0200] {dag.py:3696} INFO - Setting next_dagrun for example_python_operator to None, run_after=None
[2026-05-29T01:58:11.128+0200] {processor.py:179} INFO - Processing /home/frederic/airflow_venv/lib/python3.10/site-packages/airflow/example_dags/example_python_operator.py took 0.060 seconds
[2026-05-29T01:58:55.642+0200] {processor.py:157} INFO - Started process (PID=631369) to work on /home/frederic/airflow_venv/lib/python3.10/site-packages/airflow/example_dags/example_python_operator.py
[2026-05-29T01:58:55.643+0200] {processor.py:829} INFO - Processing file /home/frederic/airflow_venv/lib/python3.10/site-packages/airflow/example_dags/example_python_operator.py for tasks to queue
[2026-05-29T01:58:55.644+0200] {logging_mixin.py:151} INFO - [2026-05-29T01:58:55.644+0200] {dagbag.py:539} INFO - Filling up the DagBag from /home/frederic/airflow_venv/lib/python3.10/site-packages/airflow/example_dags/example_python_operator.py
[2026-05-29T01:58:55.659+0200] {processor.py:839} INFO - DAG(s) dict_keys(['example_python_operator']) retrieved from /home/frederic/airflow_venv/lib/python3.10/site-packages/airflow/example_dags/example_python_operator.py
[2026-05-29T01:58:55.678+0200] {logging_mixin.py:151} INFO - [2026-05-29T01:58:55.678+0200] {dag.py:2915} INFO - Sync 1 DAGs
[2026-05-29T01:58:55.697+0200] {logging_mixin.py:151} INFO - [2026-05-29T01:58:55.696+0200] {dag.py:3696} INFO - Setting next_dagrun for example_python_operator to None, run_after=None
[2026-05-29T01:58:55.715+0200] {processor.py:179} INFO - Processing /home/frederic/airflow_venv/lib/python3.10/site-packages/airflow/example_dags/example_python_operator.py took 0.075 seconds
[2026-05-29T01:59:07.164+0200] {processor.py:157} INFO - Started process (PID=631651) to work on /home/frederic/airflow_venv/lib/python3.10/site-packages/airflow/example_dags/example_python_operator.py
[2026-05-29T01:59:07.165+0200] {processor.py:829} INFO - Processing file /home/frederic/airflow_venv/lib/python3.10/site-packages/airflow/example_dags/example_python_operator.py for tasks to queue
[2026-05-29T01:59:07.166+0200] {logging_mixin.py:151} INFO - [2026-05-29T01:59:07.165+0200] {dagbag.py:539} INFO - Filling up the DagBag from /home/frederic/airflow_venv/lib/python3.10/site-packages/airflow/example_dags/example_python_operator.py
[2026-05-29T01:59:07.175+0200] {processor.py:839} INFO - DAG(s) dict_keys(['example_python_operator']) retrieved from /home/frederic/airflow_venv/lib/python3.10/site-packages/airflow/example_dags/example_python_operator.py
[2026-05-29T01:59:07.317+0200] {logging_mixin.py:151} INFO - [2026-05-29T01:59:07.316+0200] {security.py:708} INFO - Not syncing DAG-level permissions for DAG 'DAG:example_python_operator' as access control is unset.
[2026-05-29T01:59:07.317+0200] {logging_mixin.py:151} INFO - [2026-05-29T01:59:07.317+0200] {dag.py:2915} INFO - Sync 1 DAGs
[2026-05-29T01:59:07.326+0200] {logging_mixin.py:151} INFO - [2026-05-29T01:59:07.326+0200] {dag.py:3696} INFO - Setting next_dagrun for example_python_operator to None, run_after=None
[2026-05-29T01:59:07.342+0200] {processor.py:179} INFO - Processing /home/frederic/airflow_venv/lib/python3.10/site-packages/airflow/example_dags/example_python_operator.py took 0.181 seconds
[2026-05-29T01:59:42.037+0200] {processor.py:157} INFO - Started process (PID=632672) to work on /home/frederic/airflow_venv/lib/python3.10/site-packages/airflow/example_dags/example_python_operator.py
[2026-05-29T01:59:42.038+0200] {processor.py:829} INFO - Processing file /home/frederic/airflow_venv/lib/python3.10/site-packages/airflow/example_dags/example_python_operator.py for tasks to queue
[2026-05-29T01:59:42.039+0200] {logging_mixin.py:151} INFO - [2026-05-29T01:59:42.039+0200] {dagbag.py:539} INFO - Filling up the DagBag from /home/frederic/airflow_venv/lib/python3.10/site-packages/airflow/example_dags/example_python_operator.py
[2026-05-29T01:59:42.054+0200] {processor.py:839} INFO - DAG(s) dict_keys(['example_python_operator']) retrieved from /home/frederic/airflow_venv/lib/python3.10/site-packages/airflow/example_dags/example_python_operator.py
[2026-05-29T01:59:42.162+0200] {logging_mixin.py:151} INFO - [2026-05-29T01:59:42.161+0200] {security.py:708} INFO - Not syncing DAG-level permissions for DAG 'DAG:example_python_operator' as access control is unset.
[2026-05-29T01:59:42.162+0200] {logging_mixin.py:151} INFO - [2026-05-29T01:59:42.162+0200] {dag.py:2915} INFO - Sync 1 DAGs
[2026-05-29T01:59:42.278+0200] {logging_mixin.py:151} INFO - [2026-05-29T01:59:42.277+0200] {dag.py:3696} INFO - Setting next_dagrun for example_python_operator to None, run_after=None
[2026-05-29T01:59:42.293+0200] {processor.py:179} INFO - Processing /home/frederic/airflow_venv/lib/python3.10/site-packages/airflow/example_dags/example_python_operator.py took 0.261 seconds
[2026-05-29T01:59:52.947+0200] {processor.py:157} INFO - Started process (PID=632935) to work on /home/frederic/airflow_venv/lib/python3.10/site-packages/airflow/example_dags/example_python_operator.py
[2026-05-29T01:59:52.948+0200] {processor.py:829} INFO - Processing file /home/frederic/airflow_venv/lib/python3.10/site-packages/airflow/example_dags/example_python_operator.py for tasks to queue
[2026-05-29T01:59:52.948+0200] {logging_mixin.py:151} INFO - [2026-05-29T01:59:52.948+0200] {dagbag.py:539} INFO - Filling up the DagBag from /home/frederic/airflow_venv/lib/python3.10/site-packages/airflow/example_dags/example_python_operator.py
[2026-05-29T01:59:52.958+0200] {processor.py:839} INFO - DAG(s) dict_keys(['example_python_operator']) retrieved from /home/frederic/airflow_venv/lib/python3.10/site-packages/airflow/example_dags/example_python_operator.py
[2026-05-29T01:59:52.965+0200] {logging_mixin.py:151} INFO - [2026-05-29T01:59:52.965+0200] {dag.py:2915} INFO - Sync 1 DAGs
[2026-05-29T01:59:52.976+0200] {logging_mixin.py:151} INFO - [2026-05-29T01:59:52.976+0200] {dag.py:3696} INFO - Setting next_dagrun for example_python_operator to None, run_after=None
[2026-05-29T01:59:52.993+0200] {processor.py:179} INFO - Processing /home/frederic/airflow_venv/lib/python3.10/site-packages/airflow/example_dags/example_python_operator.py took 0.048 seconds
