[2026-05-29T01:37:02.934+0200] {processor.py:157} INFO - Started process (PID=594288) to work on /home/frederic/airflow_venv/lib/python3.10/site-packages/airflow/example_dags/example_params_trigger_ui.py
[2026-05-29T01:37:02.934+0200] {processor.py:829} INFO - Processing file /home/frederic/airflow_venv/lib/python3.10/site-packages/airflow/example_dags/example_params_trigger_ui.py for tasks to queue
[2026-05-29T01:37:02.935+0200] {logging_mixin.py:151} INFO - [2026-05-29T01:37:02.935+0200] {dagbag.py:539} INFO - Filling up the DagBag from /home/frederic/airflow_venv/lib/python3.10/site-packages/airflow/example_dags/example_params_trigger_ui.py
[2026-05-29T01:37:02.950+0200] {processor.py:839} INFO - DAG(s) dict_keys(['example_params_trigger_ui']) retrieved from /home/frederic/airflow_venv/lib/python3.10/site-packages/airflow/example_dags/example_params_trigger_ui.py
[2026-05-29T01:37:03.066+0200] {logging_mixin.py:151} INFO - [2026-05-29T01:37:03.066+0200] {manager.py:499} INFO - Created Permission View: %s
[2026-05-29T01:37:03.074+0200] {logging_mixin.py:151} INFO - [2026-05-29T01:37:03.074+0200] {manager.py:499} INFO - Created Permission View: %s
[2026-05-29T01:37:03.081+0200] {logging_mixin.py:151} INFO - [2026-05-29T01:37:03.080+0200] {manager.py:499} INFO - Created Permission View: %s
[2026-05-29T01:37:03.081+0200] {logging_mixin.py:151} INFO - [2026-05-29T01:37:03.081+0200] {security.py:708} INFO - Not syncing DAG-level permissions for DAG 'DAG:example_params_trigger_ui' as access control is unset.
[2026-05-29T01:37:03.081+0200] {logging_mixin.py:151} INFO - [2026-05-29T01:37:03.081+0200] {dag.py:2915} INFO - Sync 1 DAGs
[2026-05-29T01:37:03.093+0200] {logging_mixin.py:151} INFO - [2026-05-29T01:37:03.092+0200] {dag.py:2937} INFO - Creating ORM DAG for example_params_trigger_ui
[2026-05-29T01:37:03.093+0200] {logging_mixin.py:151} INFO - [2026-05-29T01:37:03.093+0200] {dag.py:3696} INFO - Setting next_dagrun for example_params_trigger_ui to None, run_after=None
[2026-05-29T01:37:03.110+0200] {processor.py:179} INFO - Processing /home/frederic/airflow_venv/lib/python3.10/site-packages/airflow/example_dags/example_params_trigger_ui.py took 0.179 seconds
[2026-05-29T01:37:47.132+0200] {processor.py:157} INFO - Started process (PID=595209) to work on /home/frederic/airflow_venv/lib/python3.10/site-packages/airflow/example_dags/example_params_trigger_ui.py
[2026-05-29T01:37:47.133+0200] {processor.py:829} INFO - Processing file /home/frederic/airflow_venv/lib/python3.10/site-packages/airflow/example_dags/example_params_trigger_ui.py for tasks to queue
[2026-05-29T01:37:47.135+0200] {logging_mixin.py:151} INFO - [2026-05-29T01:37:47.134+0200] {dagbag.py:539} INFO - Filling up the DagBag from /home/frederic/airflow_venv/lib/python3.10/site-packages/airflow/example_dags/example_params_trigger_ui.py
[2026-05-29T01:37:47.151+0200] {processor.py:839} INFO - DAG(s) dict_keys(['example_params_trigger_ui']) retrieved from /home/frederic/airflow_venv/lib/python3.10/site-packages/airflow/example_dags/example_params_trigger_ui.py
[2026-05-29T01:37:47.193+0200] {logging_mixin.py:151} INFO - [2026-05-29T01:37:47.193+0200] {dag.py:2915} INFO - Sync 1 DAGs
[2026-05-29T01:37:47.203+0200] {logging_mixin.py:151} INFO - [2026-05-29T01:37:47.203+0200] {dag.py:3696} INFO - Setting next_dagrun for example_params_trigger_ui to None, run_after=None
[2026-05-29T01:37:47.219+0200] {processor.py:179} INFO - Processing /home/frederic/airflow_venv/lib/python3.10/site-packages/airflow/example_dags/example_params_trigger_ui.py took 0.091 seconds
[2026-05-29T01:38:33.127+0200] {processor.py:157} INFO - Started process (PID=596062) to work on /home/frederic/airflow_venv/lib/python3.10/site-packages/airflow/example_dags/example_params_trigger_ui.py
[2026-05-29T01:38:33.130+0200] {processor.py:829} INFO - Processing file /home/frederic/airflow_venv/lib/python3.10/site-packages/airflow/example_dags/example_params_trigger_ui.py for tasks to queue
[2026-05-29T01:38:33.131+0200] {logging_mixin.py:151} INFO - [2026-05-29T01:38:33.130+0200] {dagbag.py:539} INFO - Filling up the DagBag from /home/frederic/airflow_venv/lib/python3.10/site-packages/airflow/example_dags/example_params_trigger_ui.py
[2026-05-29T01:38:33.145+0200] {processor.py:839} INFO - DAG(s) dict_keys(['example_params_trigger_ui']) retrieved from /home/frederic/airflow_venv/lib/python3.10/site-packages/airflow/example_dags/example_params_trigger_ui.py
[2026-05-29T01:38:33.180+0200] {logging_mixin.py:151} INFO - [2026-05-29T01:38:33.180+0200] {dag.py:2915} INFO - Sync 1 DAGs
[2026-05-29T01:38:33.189+0200] {logging_mixin.py:151} INFO - [2026-05-29T01:38:33.189+0200] {dag.py:3696} INFO - Setting next_dagrun for example_params_trigger_ui to None, run_after=None
[2026-05-29T01:38:33.203+0200] {processor.py:179} INFO - Processing /home/frederic/airflow_venv/lib/python3.10/site-packages/airflow/example_dags/example_params_trigger_ui.py took 0.079 seconds
[2026-05-29T01:39:16.603+0200] {processor.py:157} INFO - Started process (PID=597202) to work on /home/frederic/airflow_venv/lib/python3.10/site-packages/airflow/example_dags/example_params_trigger_ui.py
[2026-05-29T01:39:16.604+0200] {processor.py:829} INFO - Processing file /home/frederic/airflow_venv/lib/python3.10/site-packages/airflow/example_dags/example_params_trigger_ui.py for tasks to queue
[2026-05-29T01:39:16.605+0200] {logging_mixin.py:151} INFO - [2026-05-29T01:39:16.605+0200] {dagbag.py:539} INFO - Filling up the DagBag from /home/frederic/airflow_venv/lib/python3.10/site-packages/airflow/example_dags/example_params_trigger_ui.py
[2026-05-29T01:39:16.626+0200] {processor.py:839} INFO - DAG(s) dict_keys(['example_params_trigger_ui']) retrieved from /home/frederic/airflow_venv/lib/python3.10/site-packages/airflow/example_dags/example_params_trigger_ui.py
[2026-05-29T01:39:16.684+0200] {logging_mixin.py:151} INFO - [2026-05-29T01:39:16.683+0200] {dag.py:2915} INFO - Sync 1 DAGs
[2026-05-29T01:39:16.696+0200] {logging_mixin.py:151} INFO - [2026-05-29T01:39:16.696+0200] {dag.py:3696} INFO - Setting next_dagrun for example_params_trigger_ui to None, run_after=None
[2026-05-29T01:39:16.718+0200] {processor.py:179} INFO - Processing /home/frederic/airflow_venv/lib/python3.10/site-packages/airflow/example_dags/example_params_trigger_ui.py took 0.118 seconds
[2026-05-29T01:40:05.992+0200] {processor.py:157} INFO - Started process (PID=598322) to work on /home/frederic/airflow_venv/lib/python3.10/site-packages/airflow/example_dags/example_params_trigger_ui.py
[2026-05-29T01:40:05.999+0200] {processor.py:829} INFO - Processing file /home/frederic/airflow_venv/lib/python3.10/site-packages/airflow/example_dags/example_params_trigger_ui.py for tasks to queue
[2026-05-29T01:40:05.999+0200] {logging_mixin.py:151} INFO - [2026-05-29T01:40:05.999+0200] {dagbag.py:539} INFO - Filling up the DagBag from /home/frederic/airflow_venv/lib/python3.10/site-packages/airflow/example_dags/example_params_trigger_ui.py
[2026-05-29T01:40:06.019+0200] {processor.py:839} INFO - DAG(s) dict_keys(['example_params_trigger_ui']) retrieved from /home/frederic/airflow_venv/lib/python3.10/site-packages/airflow/example_dags/example_params_trigger_ui.py
[2026-05-29T01:40:06.076+0200] {logging_mixin.py:151} INFO - [2026-05-29T01:40:06.076+0200] {dag.py:2915} INFO - Sync 1 DAGs
[2026-05-29T01:40:06.090+0200] {logging_mixin.py:151} INFO - [2026-05-29T01:40:06.090+0200] {dag.py:3696} INFO - Setting next_dagrun for example_params_trigger_ui to None, run_after=None
[2026-05-29T01:40:06.108+0200] {processor.py:179} INFO - Processing /home/frederic/airflow_venv/lib/python3.10/site-packages/airflow/example_dags/example_params_trigger_ui.py took 0.119 seconds
[2026-05-29T01:40:55.057+0200] {processor.py:157} INFO - Started process (PID=599502) to work on /home/frederic/airflow_venv/lib/python3.10/site-packages/airflow/example_dags/example_params_trigger_ui.py
[2026-05-29T01:40:55.058+0200] {processor.py:829} INFO - Processing file /home/frederic/airflow_venv/lib/python3.10/site-packages/airflow/example_dags/example_params_trigger_ui.py for tasks to queue
[2026-05-29T01:40:55.058+0200] {logging_mixin.py:151} INFO - [2026-05-29T01:40:55.058+0200] {dagbag.py:539} INFO - Filling up the DagBag from /home/frederic/airflow_venv/lib/python3.10/site-packages/airflow/example_dags/example_params_trigger_ui.py
[2026-05-29T01:40:55.073+0200] {processor.py:839} INFO - DAG(s) dict_keys(['example_params_trigger_ui']) retrieved from /home/frederic/airflow_venv/lib/python3.10/site-packages/airflow/example_dags/example_params_trigger_ui.py
[2026-05-29T01:40:55.115+0200] {logging_mixin.py:151} INFO - [2026-05-29T01:40:55.114+0200] {dag.py:2915} INFO - Sync 1 DAGs
[2026-05-29T01:40:55.125+0200] {logging_mixin.py:151} INFO - [2026-05-29T01:40:55.124+0200] {dag.py:3696} INFO - Setting next_dagrun for example_params_trigger_ui to None, run_after=None
[2026-05-29T01:40:55.144+0200] {processor.py:179} INFO - Processing /home/frederic/airflow_venv/lib/python3.10/site-packages/airflow/example_dags/example_params_trigger_ui.py took 0.090 seconds
[2026-05-29T01:41:38.175+0200] {processor.py:157} INFO - Started process (PID=600787) to work on /home/frederic/airflow_venv/lib/python3.10/site-packages/airflow/example_dags/example_params_trigger_ui.py
[2026-05-29T01:41:38.178+0200] {processor.py:829} INFO - Processing file /home/frederic/airflow_venv/lib/python3.10/site-packages/airflow/example_dags/example_params_trigger_ui.py for tasks to queue
[2026-05-29T01:41:38.179+0200] {logging_mixin.py:151} INFO - [2026-05-29T01:41:38.179+0200] {dagbag.py:539} INFO - Filling up the DagBag from /home/frederic/airflow_venv/lib/python3.10/site-packages/airflow/example_dags/example_params_trigger_ui.py
[2026-05-29T01:41:38.194+0200] {processor.py:839} INFO - DAG(s) dict_keys(['example_params_trigger_ui']) retrieved from /home/frederic/airflow_venv/lib/python3.10/site-packages/airflow/example_dags/example_params_trigger_ui.py
[2026-05-29T01:41:38.236+0200] {logging_mixin.py:151} INFO - [2026-05-29T01:41:38.236+0200] {dag.py:2915} INFO - Sync 1 DAGs
[2026-05-29T01:41:38.247+0200] {logging_mixin.py:151} INFO - [2026-05-29T01:41:38.247+0200] {dag.py:3696} INFO - Setting next_dagrun for example_params_trigger_ui to None, run_after=None
[2026-05-29T01:41:38.263+0200] {processor.py:179} INFO - Processing /home/frederic/airflow_venv/lib/python3.10/site-packages/airflow/example_dags/example_params_trigger_ui.py took 0.091 seconds
[2026-05-29T01:42:21.316+0200] {processor.py:157} INFO - Started process (PID=601555) to work on /home/frederic/airflow_venv/lib/python3.10/site-packages/airflow/example_dags/example_params_trigger_ui.py
[2026-05-29T01:42:21.317+0200] {processor.py:829} INFO - Processing file /home/frederic/airflow_venv/lib/python3.10/site-packages/airflow/example_dags/example_params_trigger_ui.py for tasks to queue
[2026-05-29T01:42:21.317+0200] {logging_mixin.py:151} INFO - [2026-05-29T01:42:21.317+0200] {dagbag.py:539} INFO - Filling up the DagBag from /home/frederic/airflow_venv/lib/python3.10/site-packages/airflow/example_dags/example_params_trigger_ui.py
[2026-05-29T01:42:21.331+0200] {processor.py:839} INFO - DAG(s) dict_keys(['example_params_trigger_ui']) retrieved from /home/frederic/airflow_venv/lib/python3.10/site-packages/airflow/example_dags/example_params_trigger_ui.py
[2026-05-29T01:42:21.366+0200] {logging_mixin.py:151} INFO - [2026-05-29T01:42:21.366+0200] {dag.py:2915} INFO - Sync 1 DAGs
[2026-05-29T01:42:21.376+0200] {logging_mixin.py:151} INFO - [2026-05-29T01:42:21.375+0200] {dag.py:3696} INFO - Setting next_dagrun for example_params_trigger_ui to None, run_after=None
[2026-05-29T01:42:21.390+0200] {processor.py:179} INFO - Processing /home/frederic/airflow_venv/lib/python3.10/site-packages/airflow/example_dags/example_params_trigger_ui.py took 0.076 seconds
[2026-05-29T01:43:10.076+0200] {processor.py:157} INFO - Started process (PID=602328) to work on /home/frederic/airflow_venv/lib/python3.10/site-packages/airflow/example_dags/example_params_trigger_ui.py
[2026-05-29T01:43:10.079+0200] {processor.py:829} INFO - Processing file /home/frederic/airflow_venv/lib/python3.10/site-packages/airflow/example_dags/example_params_trigger_ui.py for tasks to queue
[2026-05-29T01:43:10.080+0200] {logging_mixin.py:151} INFO - [2026-05-29T01:43:10.080+0200] {dagbag.py:539} INFO - Filling up the DagBag from /home/frederic/airflow_venv/lib/python3.10/site-packages/airflow/example_dags/example_params_trigger_ui.py
[2026-05-29T01:43:10.094+0200] {processor.py:839} INFO - DAG(s) dict_keys(['example_params_trigger_ui']) retrieved from /home/frederic/airflow_venv/lib/python3.10/site-packages/airflow/example_dags/example_params_trigger_ui.py
[2026-05-29T01:43:10.134+0200] {logging_mixin.py:151} INFO - [2026-05-29T01:43:10.134+0200] {dag.py:2915} INFO - Sync 1 DAGs
[2026-05-29T01:43:10.143+0200] {logging_mixin.py:151} INFO - [2026-05-29T01:43:10.143+0200] {dag.py:3696} INFO - Setting next_dagrun for example_params_trigger_ui to None, run_after=None
[2026-05-29T01:43:10.158+0200] {processor.py:179} INFO - Processing /home/frederic/airflow_venv/lib/python3.10/site-packages/airflow/example_dags/example_params_trigger_ui.py took 0.085 seconds
[2026-05-29T01:43:57.867+0200] {processor.py:157} INFO - Started process (PID=603257) to work on /home/frederic/airflow_venv/lib/python3.10/site-packages/airflow/example_dags/example_params_trigger_ui.py
[2026-05-29T01:43:57.868+0200] {processor.py:829} INFO - Processing file /home/frederic/airflow_venv/lib/python3.10/site-packages/airflow/example_dags/example_params_trigger_ui.py for tasks to queue
[2026-05-29T01:43:57.869+0200] {logging_mixin.py:151} INFO - [2026-05-29T01:43:57.869+0200] {dagbag.py:539} INFO - Filling up the DagBag from /home/frederic/airflow_venv/lib/python3.10/site-packages/airflow/example_dags/example_params_trigger_ui.py
[2026-05-29T01:43:57.883+0200] {processor.py:839} INFO - DAG(s) dict_keys(['example_params_trigger_ui']) retrieved from /home/frederic/airflow_venv/lib/python3.10/site-packages/airflow/example_dags/example_params_trigger_ui.py
[2026-05-29T01:43:57.921+0200] {logging_mixin.py:151} INFO - [2026-05-29T01:43:57.921+0200] {dag.py:2915} INFO - Sync 1 DAGs
[2026-05-29T01:43:57.933+0200] {logging_mixin.py:151} INFO - [2026-05-29T01:43:57.933+0200] {dag.py:3696} INFO - Setting next_dagrun for example_params_trigger_ui to None, run_after=None
[2026-05-29T01:43:57.952+0200] {processor.py:179} INFO - Processing /home/frederic/airflow_venv/lib/python3.10/site-packages/airflow/example_dags/example_params_trigger_ui.py took 0.087 seconds
[2026-05-29T01:44:47.640+0200] {processor.py:157} INFO - Started process (PID=604713) to work on /home/frederic/airflow_venv/lib/python3.10/site-packages/airflow/example_dags/example_params_trigger_ui.py
[2026-05-29T01:44:47.640+0200] {processor.py:829} INFO - Processing file /home/frederic/airflow_venv/lib/python3.10/site-packages/airflow/example_dags/example_params_trigger_ui.py for tasks to queue
[2026-05-29T01:44:47.641+0200] {logging_mixin.py:151} INFO - [2026-05-29T01:44:47.641+0200] {dagbag.py:539} INFO - Filling up the DagBag from /home/frederic/airflow_venv/lib/python3.10/site-packages/airflow/example_dags/example_params_trigger_ui.py
[2026-05-29T01:44:47.655+0200] {processor.py:839} INFO - DAG(s) dict_keys(['example_params_trigger_ui']) retrieved from /home/frederic/airflow_venv/lib/python3.10/site-packages/airflow/example_dags/example_params_trigger_ui.py
[2026-05-29T01:44:47.692+0200] {logging_mixin.py:151} INFO - [2026-05-29T01:44:47.692+0200] {dag.py:2915} INFO - Sync 1 DAGs
[2026-05-29T01:44:47.704+0200] {logging_mixin.py:151} INFO - [2026-05-29T01:44:47.704+0200] {dag.py:3696} INFO - Setting next_dagrun for example_params_trigger_ui to None, run_after=None
[2026-05-29T01:44:47.717+0200] {processor.py:179} INFO - Processing /home/frederic/airflow_venv/lib/python3.10/site-packages/airflow/example_dags/example_params_trigger_ui.py took 0.080 seconds
[2026-05-29T01:45:35.172+0200] {processor.py:157} INFO - Started process (PID=606363) to work on /home/frederic/airflow_venv/lib/python3.10/site-packages/airflow/example_dags/example_params_trigger_ui.py
[2026-05-29T01:45:35.173+0200] {processor.py:829} INFO - Processing file /home/frederic/airflow_venv/lib/python3.10/site-packages/airflow/example_dags/example_params_trigger_ui.py for tasks to queue
[2026-05-29T01:45:35.174+0200] {logging_mixin.py:151} INFO - [2026-05-29T01:45:35.173+0200] {dagbag.py:539} INFO - Filling up the DagBag from /home/frederic/airflow_venv/lib/python3.10/site-packages/airflow/example_dags/example_params_trigger_ui.py
[2026-05-29T01:45:35.191+0200] {processor.py:839} INFO - DAG(s) dict_keys(['example_params_trigger_ui']) retrieved from /home/frederic/airflow_venv/lib/python3.10/site-packages/airflow/example_dags/example_params_trigger_ui.py
[2026-05-29T01:45:35.231+0200] {logging_mixin.py:151} INFO - [2026-05-29T01:45:35.231+0200] {dag.py:2915} INFO - Sync 1 DAGs
[2026-05-29T01:45:35.245+0200] {logging_mixin.py:151} INFO - [2026-05-29T01:45:35.245+0200] {dag.py:3696} INFO - Setting next_dagrun for example_params_trigger_ui to None, run_after=None
[2026-05-29T01:45:35.267+0200] {processor.py:179} INFO - Processing /home/frederic/airflow_venv/lib/python3.10/site-packages/airflow/example_dags/example_params_trigger_ui.py took 0.097 seconds
[2026-05-29T01:46:28.507+0200] {processor.py:157} INFO - Started process (PID=608697) to work on /home/frederic/airflow_venv/lib/python3.10/site-packages/airflow/example_dags/example_params_trigger_ui.py
[2026-05-29T01:46:28.510+0200] {processor.py:829} INFO - Processing file /home/frederic/airflow_venv/lib/python3.10/site-packages/airflow/example_dags/example_params_trigger_ui.py for tasks to queue
[2026-05-29T01:46:28.510+0200] {logging_mixin.py:151} INFO - [2026-05-29T01:46:28.510+0200] {dagbag.py:539} INFO - Filling up the DagBag from /home/frederic/airflow_venv/lib/python3.10/site-packages/airflow/example_dags/example_params_trigger_ui.py
[2026-05-29T01:46:28.525+0200] {processor.py:839} INFO - DAG(s) dict_keys(['example_params_trigger_ui']) retrieved from /home/frederic/airflow_venv/lib/python3.10/site-packages/airflow/example_dags/example_params_trigger_ui.py
[2026-05-29T01:46:28.562+0200] {logging_mixin.py:151} INFO - [2026-05-29T01:46:28.562+0200] {dag.py:2915} INFO - Sync 1 DAGs
[2026-05-29T01:46:28.572+0200] {logging_mixin.py:151} INFO - [2026-05-29T01:46:28.572+0200] {dag.py:3696} INFO - Setting next_dagrun for example_params_trigger_ui to None, run_after=None
[2026-05-29T01:46:28.587+0200] {processor.py:179} INFO - Processing /home/frederic/airflow_venv/lib/python3.10/site-packages/airflow/example_dags/example_params_trigger_ui.py took 0.083 seconds
[2026-05-29T01:47:12.524+0200] {processor.py:157} INFO - Started process (PID=609835) to work on /home/frederic/airflow_venv/lib/python3.10/site-packages/airflow/example_dags/example_params_trigger_ui.py
[2026-05-29T01:47:12.528+0200] {processor.py:829} INFO - Processing file /home/frederic/airflow_venv/lib/python3.10/site-packages/airflow/example_dags/example_params_trigger_ui.py for tasks to queue
[2026-05-29T01:47:12.529+0200] {logging_mixin.py:151} INFO - [2026-05-29T01:47:12.529+0200] {dagbag.py:539} INFO - Filling up the DagBag from /home/frederic/airflow_venv/lib/python3.10/site-packages/airflow/example_dags/example_params_trigger_ui.py
[2026-05-29T01:47:12.547+0200] {processor.py:839} INFO - DAG(s) dict_keys(['example_params_trigger_ui']) retrieved from /home/frederic/airflow_venv/lib/python3.10/site-packages/airflow/example_dags/example_params_trigger_ui.py
[2026-05-29T01:47:12.594+0200] {logging_mixin.py:151} INFO - [2026-05-29T01:47:12.593+0200] {dag.py:2915} INFO - Sync 1 DAGs
[2026-05-29T01:47:12.604+0200] {logging_mixin.py:151} INFO - [2026-05-29T01:47:12.604+0200] {dag.py:3696} INFO - Setting next_dagrun for example_params_trigger_ui to None, run_after=None
[2026-05-29T01:47:12.626+0200] {processor.py:179} INFO - Processing /home/frederic/airflow_venv/lib/python3.10/site-packages/airflow/example_dags/example_params_trigger_ui.py took 0.105 seconds
[2026-05-29T01:47:55.652+0200] {processor.py:157} INFO - Started process (PID=611201) to work on /home/frederic/airflow_venv/lib/python3.10/site-packages/airflow/example_dags/example_params_trigger_ui.py
[2026-05-29T01:47:55.653+0200] {processor.py:829} INFO - Processing file /home/frederic/airflow_venv/lib/python3.10/site-packages/airflow/example_dags/example_params_trigger_ui.py for tasks to queue
[2026-05-29T01:47:55.653+0200] {logging_mixin.py:151} INFO - [2026-05-29T01:47:55.653+0200] {dagbag.py:539} INFO - Filling up the DagBag from /home/frederic/airflow_venv/lib/python3.10/site-packages/airflow/example_dags/example_params_trigger_ui.py
[2026-05-29T01:47:55.668+0200] {processor.py:839} INFO - DAG(s) dict_keys(['example_params_trigger_ui']) retrieved from /home/frederic/airflow_venv/lib/python3.10/site-packages/airflow/example_dags/example_params_trigger_ui.py
[2026-05-29T01:47:55.712+0200] {logging_mixin.py:151} INFO - [2026-05-29T01:47:55.712+0200] {dag.py:2915} INFO - Sync 1 DAGs
[2026-05-29T01:47:55.721+0200] {logging_mixin.py:151} INFO - [2026-05-29T01:47:55.721+0200] {dag.py:3696} INFO - Setting next_dagrun for example_params_trigger_ui to None, run_after=None
[2026-05-29T01:47:55.735+0200] {processor.py:179} INFO - Processing /home/frederic/airflow_venv/lib/python3.10/site-packages/airflow/example_dags/example_params_trigger_ui.py took 0.086 seconds
[2026-05-29T01:48:42.524+0200] {processor.py:157} INFO - Started process (PID=612578) to work on /home/frederic/airflow_venv/lib/python3.10/site-packages/airflow/example_dags/example_params_trigger_ui.py
[2026-05-29T01:48:42.528+0200] {processor.py:829} INFO - Processing file /home/frederic/airflow_venv/lib/python3.10/site-packages/airflow/example_dags/example_params_trigger_ui.py for tasks to queue
[2026-05-29T01:48:42.529+0200] {logging_mixin.py:151} INFO - [2026-05-29T01:48:42.529+0200] {dagbag.py:539} INFO - Filling up the DagBag from /home/frederic/airflow_venv/lib/python3.10/site-packages/airflow/example_dags/example_params_trigger_ui.py
[2026-05-29T01:48:42.549+0200] {processor.py:839} INFO - DAG(s) dict_keys(['example_params_trigger_ui']) retrieved from /home/frederic/airflow_venv/lib/python3.10/site-packages/airflow/example_dags/example_params_trigger_ui.py
[2026-05-29T01:48:42.602+0200] {logging_mixin.py:151} INFO - [2026-05-29T01:48:42.601+0200] {dag.py:2915} INFO - Sync 1 DAGs
[2026-05-29T01:48:42.615+0200] {logging_mixin.py:151} INFO - [2026-05-29T01:48:42.615+0200] {dag.py:3696} INFO - Setting next_dagrun for example_params_trigger_ui to None, run_after=None
[2026-05-29T01:48:42.636+0200] {processor.py:179} INFO - Processing /home/frederic/airflow_venv/lib/python3.10/site-packages/airflow/example_dags/example_params_trigger_ui.py took 0.114 seconds
[2026-05-29T01:49:27.361+0200] {processor.py:157} INFO - Started process (PID=613664) to work on /home/frederic/airflow_venv/lib/python3.10/site-packages/airflow/example_dags/example_params_trigger_ui.py
[2026-05-29T01:49:27.364+0200] {processor.py:829} INFO - Processing file /home/frederic/airflow_venv/lib/python3.10/site-packages/airflow/example_dags/example_params_trigger_ui.py for tasks to queue
[2026-05-29T01:49:27.364+0200] {logging_mixin.py:151} INFO - [2026-05-29T01:49:27.364+0200] {dagbag.py:539} INFO - Filling up the DagBag from /home/frederic/airflow_venv/lib/python3.10/site-packages/airflow/example_dags/example_params_trigger_ui.py
[2026-05-29T01:49:27.379+0200] {processor.py:839} INFO - DAG(s) dict_keys(['example_params_trigger_ui']) retrieved from /home/frederic/airflow_venv/lib/python3.10/site-packages/airflow/example_dags/example_params_trigger_ui.py
[2026-05-29T01:49:27.418+0200] {logging_mixin.py:151} INFO - [2026-05-29T01:49:27.418+0200] {dag.py:2915} INFO - Sync 1 DAGs
[2026-05-29T01:49:27.428+0200] {logging_mixin.py:151} INFO - [2026-05-29T01:49:27.428+0200] {dag.py:3696} INFO - Setting next_dagrun for example_params_trigger_ui to None, run_after=None
[2026-05-29T01:49:27.443+0200] {processor.py:179} INFO - Processing /home/frederic/airflow_venv/lib/python3.10/site-packages/airflow/example_dags/example_params_trigger_ui.py took 0.085 seconds
[2026-05-29T01:50:10.872+0200] {processor.py:157} INFO - Started process (PID=614775) to work on /home/frederic/airflow_venv/lib/python3.10/site-packages/airflow/example_dags/example_params_trigger_ui.py
[2026-05-29T01:50:10.876+0200] {processor.py:829} INFO - Processing file /home/frederic/airflow_venv/lib/python3.10/site-packages/airflow/example_dags/example_params_trigger_ui.py for tasks to queue
[2026-05-29T01:50:10.877+0200] {logging_mixin.py:151} INFO - [2026-05-29T01:50:10.876+0200] {dagbag.py:539} INFO - Filling up the DagBag from /home/frederic/airflow_venv/lib/python3.10/site-packages/airflow/example_dags/example_params_trigger_ui.py
[2026-05-29T01:50:10.892+0200] {processor.py:839} INFO - DAG(s) dict_keys(['example_params_trigger_ui']) retrieved from /home/frederic/airflow_venv/lib/python3.10/site-packages/airflow/example_dags/example_params_trigger_ui.py
[2026-05-29T01:50:10.934+0200] {logging_mixin.py:151} INFO - [2026-05-29T01:50:10.933+0200] {dag.py:2915} INFO - Sync 1 DAGs
[2026-05-29T01:50:10.943+0200] {logging_mixin.py:151} INFO - [2026-05-29T01:50:10.943+0200] {dag.py:3696} INFO - Setting next_dagrun for example_params_trigger_ui to None, run_after=None
[2026-05-29T01:50:10.959+0200] {processor.py:179} INFO - Processing /home/frederic/airflow_venv/lib/python3.10/site-packages/airflow/example_dags/example_params_trigger_ui.py took 0.090 seconds
[2026-05-29T01:50:57.590+0200] {processor.py:157} INFO - Started process (PID=616241) to work on /home/frederic/airflow_venv/lib/python3.10/site-packages/airflow/example_dags/example_params_trigger_ui.py
[2026-05-29T01:50:57.593+0200] {processor.py:829} INFO - Processing file /home/frederic/airflow_venv/lib/python3.10/site-packages/airflow/example_dags/example_params_trigger_ui.py for tasks to queue
[2026-05-29T01:50:57.594+0200] {logging_mixin.py:151} INFO - [2026-05-29T01:50:57.594+0200] {dagbag.py:539} INFO - Filling up the DagBag from /home/frederic/airflow_venv/lib/python3.10/site-packages/airflow/example_dags/example_params_trigger_ui.py
[2026-05-29T01:50:57.610+0200] {processor.py:839} INFO - DAG(s) dict_keys(['example_params_trigger_ui']) retrieved from /home/frederic/airflow_venv/lib/python3.10/site-packages/airflow/example_dags/example_params_trigger_ui.py
[2026-05-29T01:50:57.663+0200] {logging_mixin.py:151} INFO - [2026-05-29T01:50:57.663+0200] {dag.py:2915} INFO - Sync 1 DAGs
[2026-05-29T01:50:57.675+0200] {logging_mixin.py:151} INFO - [2026-05-29T01:50:57.675+0200] {dag.py:3696} INFO - Setting next_dagrun for example_params_trigger_ui to None, run_after=None
[2026-05-29T01:50:57.693+0200] {processor.py:179} INFO - Processing /home/frederic/airflow_venv/lib/python3.10/site-packages/airflow/example_dags/example_params_trigger_ui.py took 0.106 seconds
[2026-05-29T01:51:47.102+0200] {processor.py:157} INFO - Started process (PID=617516) to work on /home/frederic/airflow_venv/lib/python3.10/site-packages/airflow/example_dags/example_params_trigger_ui.py
[2026-05-29T01:51:47.105+0200] {processor.py:829} INFO - Processing file /home/frederic/airflow_venv/lib/python3.10/site-packages/airflow/example_dags/example_params_trigger_ui.py for tasks to queue
[2026-05-29T01:51:47.107+0200] {logging_mixin.py:151} INFO - [2026-05-29T01:51:47.106+0200] {dagbag.py:539} INFO - Filling up the DagBag from /home/frederic/airflow_venv/lib/python3.10/site-packages/airflow/example_dags/example_params_trigger_ui.py
[2026-05-29T01:51:47.123+0200] {processor.py:839} INFO - DAG(s) dict_keys(['example_params_trigger_ui']) retrieved from /home/frederic/airflow_venv/lib/python3.10/site-packages/airflow/example_dags/example_params_trigger_ui.py
[2026-05-29T01:51:47.165+0200] {logging_mixin.py:151} INFO - [2026-05-29T01:51:47.165+0200] {dag.py:2915} INFO - Sync 1 DAGs
[2026-05-29T01:51:47.176+0200] {logging_mixin.py:151} INFO - [2026-05-29T01:51:47.176+0200] {dag.py:3696} INFO - Setting next_dagrun for example_params_trigger_ui to None, run_after=None
[2026-05-29T01:51:47.192+0200] {processor.py:179} INFO - Processing /home/frederic/airflow_venv/lib/python3.10/site-packages/airflow/example_dags/example_params_trigger_ui.py took 0.093 seconds
[2026-05-29T01:52:37.286+0200] {processor.py:157} INFO - Started process (PID=619093) to work on /home/frederic/airflow_venv/lib/python3.10/site-packages/airflow/example_dags/example_params_trigger_ui.py
[2026-05-29T01:52:37.290+0200] {processor.py:829} INFO - Processing file /home/frederic/airflow_venv/lib/python3.10/site-packages/airflow/example_dags/example_params_trigger_ui.py for tasks to queue
[2026-05-29T01:52:37.291+0200] {logging_mixin.py:151} INFO - [2026-05-29T01:52:37.291+0200] {dagbag.py:539} INFO - Filling up the DagBag from /home/frederic/airflow_venv/lib/python3.10/site-packages/airflow/example_dags/example_params_trigger_ui.py
[2026-05-29T01:52:37.307+0200] {processor.py:839} INFO - DAG(s) dict_keys(['example_params_trigger_ui']) retrieved from /home/frederic/airflow_venv/lib/python3.10/site-packages/airflow/example_dags/example_params_trigger_ui.py
[2026-05-29T01:52:37.351+0200] {logging_mixin.py:151} INFO - [2026-05-29T01:52:37.351+0200] {dag.py:2915} INFO - Sync 1 DAGs
[2026-05-29T01:52:37.364+0200] {logging_mixin.py:151} INFO - [2026-05-29T01:52:37.364+0200] {dag.py:3696} INFO - Setting next_dagrun for example_params_trigger_ui to None, run_after=None
[2026-05-29T01:52:37.389+0200] {processor.py:179} INFO - Processing /home/frederic/airflow_venv/lib/python3.10/site-packages/airflow/example_dags/example_params_trigger_ui.py took 0.105 seconds
[2026-05-29T01:53:22.529+0200] {processor.py:157} INFO - Started process (PID=620411) to work on /home/frederic/airflow_venv/lib/python3.10/site-packages/airflow/example_dags/example_params_trigger_ui.py
[2026-05-29T01:53:22.531+0200] {processor.py:829} INFO - Processing file /home/frederic/airflow_venv/lib/python3.10/site-packages/airflow/example_dags/example_params_trigger_ui.py for tasks to queue
[2026-05-29T01:53:22.532+0200] {logging_mixin.py:151} INFO - [2026-05-29T01:53:22.531+0200] {dagbag.py:539} INFO - Filling up the DagBag from /home/frederic/airflow_venv/lib/python3.10/site-packages/airflow/example_dags/example_params_trigger_ui.py
[2026-05-29T01:53:22.548+0200] {processor.py:839} INFO - DAG(s) dict_keys(['example_params_trigger_ui']) retrieved from /home/frederic/airflow_venv/lib/python3.10/site-packages/airflow/example_dags/example_params_trigger_ui.py
[2026-05-29T01:53:22.592+0200] {logging_mixin.py:151} INFO - [2026-05-29T01:53:22.591+0200] {dag.py:2915} INFO - Sync 1 DAGs
[2026-05-29T01:53:22.603+0200] {logging_mixin.py:151} INFO - [2026-05-29T01:53:22.602+0200] {dag.py:3696} INFO - Setting next_dagrun for example_params_trigger_ui to None, run_after=None
[2026-05-29T01:53:22.624+0200] {processor.py:179} INFO - Processing /home/frederic/airflow_venv/lib/python3.10/site-packages/airflow/example_dags/example_params_trigger_ui.py took 0.097 seconds
[2026-05-29T01:54:08.794+0200] {processor.py:157} INFO - Started process (PID=621486) to work on /home/frederic/airflow_venv/lib/python3.10/site-packages/airflow/example_dags/example_params_trigger_ui.py
[2026-05-29T01:54:08.797+0200] {processor.py:829} INFO - Processing file /home/frederic/airflow_venv/lib/python3.10/site-packages/airflow/example_dags/example_params_trigger_ui.py for tasks to queue
[2026-05-29T01:54:08.798+0200] {logging_mixin.py:151} INFO - [2026-05-29T01:54:08.798+0200] {dagbag.py:539} INFO - Filling up the DagBag from /home/frederic/airflow_venv/lib/python3.10/site-packages/airflow/example_dags/example_params_trigger_ui.py
[2026-05-29T01:54:08.812+0200] {processor.py:839} INFO - DAG(s) dict_keys(['example_params_trigger_ui']) retrieved from /home/frederic/airflow_venv/lib/python3.10/site-packages/airflow/example_dags/example_params_trigger_ui.py
[2026-05-29T01:54:08.847+0200] {logging_mixin.py:151} INFO - [2026-05-29T01:54:08.847+0200] {dag.py:2915} INFO - Sync 1 DAGs
[2026-05-29T01:54:08.857+0200] {logging_mixin.py:151} INFO - [2026-05-29T01:54:08.856+0200] {dag.py:3696} INFO - Setting next_dagrun for example_params_trigger_ui to None, run_after=None
[2026-05-29T01:54:08.872+0200] {processor.py:179} INFO - Processing /home/frederic/airflow_venv/lib/python3.10/site-packages/airflow/example_dags/example_params_trigger_ui.py took 0.080 seconds
[2026-05-29T01:54:52.799+0200] {processor.py:157} INFO - Started process (PID=623349) to work on /home/frederic/airflow_venv/lib/python3.10/site-packages/airflow/example_dags/example_params_trigger_ui.py
[2026-05-29T01:54:52.800+0200] {processor.py:829} INFO - Processing file /home/frederic/airflow_venv/lib/python3.10/site-packages/airflow/example_dags/example_params_trigger_ui.py for tasks to queue
[2026-05-29T01:54:52.801+0200] {logging_mixin.py:151} INFO - [2026-05-29T01:54:52.801+0200] {dagbag.py:539} INFO - Filling up the DagBag from /home/frederic/airflow_venv/lib/python3.10/site-packages/airflow/example_dags/example_params_trigger_ui.py
[2026-05-29T01:54:52.818+0200] {processor.py:839} INFO - DAG(s) dict_keys(['example_params_trigger_ui']) retrieved from /home/frederic/airflow_venv/lib/python3.10/site-packages/airflow/example_dags/example_params_trigger_ui.py
[2026-05-29T01:54:52.865+0200] {logging_mixin.py:151} INFO - [2026-05-29T01:54:52.864+0200] {dag.py:2915} INFO - Sync 1 DAGs
[2026-05-29T01:54:52.876+0200] {logging_mixin.py:151} INFO - [2026-05-29T01:54:52.875+0200] {dag.py:3696} INFO - Setting next_dagrun for example_params_trigger_ui to None, run_after=None
[2026-05-29T01:54:52.895+0200] {processor.py:179} INFO - Processing /home/frederic/airflow_venv/lib/python3.10/site-packages/airflow/example_dags/example_params_trigger_ui.py took 0.099 seconds
[2026-05-29T01:55:40.419+0200] {processor.py:157} INFO - Started process (PID=624718) to work on /home/frederic/airflow_venv/lib/python3.10/site-packages/airflow/example_dags/example_params_trigger_ui.py
[2026-05-29T01:55:40.420+0200] {processor.py:829} INFO - Processing file /home/frederic/airflow_venv/lib/python3.10/site-packages/airflow/example_dags/example_params_trigger_ui.py for tasks to queue
[2026-05-29T01:55:40.421+0200] {logging_mixin.py:151} INFO - [2026-05-29T01:55:40.421+0200] {dagbag.py:539} INFO - Filling up the DagBag from /home/frederic/airflow_venv/lib/python3.10/site-packages/airflow/example_dags/example_params_trigger_ui.py
[2026-05-29T01:55:40.439+0200] {processor.py:839} INFO - DAG(s) dict_keys(['example_params_trigger_ui']) retrieved from /home/frederic/airflow_venv/lib/python3.10/site-packages/airflow/example_dags/example_params_trigger_ui.py
[2026-05-29T01:55:40.446+0200] {logging_mixin.py:151} INFO - [2026-05-29T01:55:40.445+0200] {dag.py:2915} INFO - Sync 1 DAGs
[2026-05-29T01:55:40.457+0200] {logging_mixin.py:151} INFO - [2026-05-29T01:55:40.457+0200] {dag.py:3696} INFO - Setting next_dagrun for example_params_trigger_ui to None, run_after=None
[2026-05-29T01:55:40.472+0200] {processor.py:179} INFO - Processing /home/frederic/airflow_venv/lib/python3.10/site-packages/airflow/example_dags/example_params_trigger_ui.py took 0.056 seconds
[2026-05-29T01:55:45.540+0200] {processor.py:157} INFO - Started process (PID=624873) to work on /home/frederic/airflow_venv/lib/python3.10/site-packages/airflow/example_dags/example_params_trigger_ui.py
[2026-05-29T01:55:45.541+0200] {processor.py:829} INFO - Processing file /home/frederic/airflow_venv/lib/python3.10/site-packages/airflow/example_dags/example_params_trigger_ui.py for tasks to queue
[2026-05-29T01:55:45.541+0200] {logging_mixin.py:151} INFO - [2026-05-29T01:55:45.541+0200] {dagbag.py:539} INFO - Filling up the DagBag from /home/frederic/airflow_venv/lib/python3.10/site-packages/airflow/example_dags/example_params_trigger_ui.py
[2026-05-29T01:55:45.555+0200] {processor.py:839} INFO - DAG(s) dict_keys(['example_params_trigger_ui']) retrieved from /home/frederic/airflow_venv/lib/python3.10/site-packages/airflow/example_dags/example_params_trigger_ui.py
[2026-05-29T01:55:45.561+0200] {logging_mixin.py:151} INFO - [2026-05-29T01:55:45.560+0200] {dag.py:2915} INFO - Sync 1 DAGs
[2026-05-29T01:55:45.570+0200] {logging_mixin.py:151} INFO - [2026-05-29T01:55:45.570+0200] {dag.py:3696} INFO - Setting next_dagrun for example_params_trigger_ui to None, run_after=None
[2026-05-29T01:55:45.586+0200] {processor.py:179} INFO - Processing /home/frederic/airflow_venv/lib/python3.10/site-packages/airflow/example_dags/example_params_trigger_ui.py took 0.049 seconds
[2026-05-29T01:56:38.230+0200] {processor.py:157} INFO - Started process (PID=626584) to work on /home/frederic/airflow_venv/lib/python3.10/site-packages/airflow/example_dags/example_params_trigger_ui.py
[2026-05-29T01:56:38.231+0200] {processor.py:829} INFO - Processing file /home/frederic/airflow_venv/lib/python3.10/site-packages/airflow/example_dags/example_params_trigger_ui.py for tasks to queue
[2026-05-29T01:56:38.232+0200] {logging_mixin.py:151} INFO - [2026-05-29T01:56:38.232+0200] {dagbag.py:539} INFO - Filling up the DagBag from /home/frederic/airflow_venv/lib/python3.10/site-packages/airflow/example_dags/example_params_trigger_ui.py
[2026-05-29T01:56:38.246+0200] {processor.py:839} INFO - DAG(s) dict_keys(['example_params_trigger_ui']) retrieved from /home/frederic/airflow_venv/lib/python3.10/site-packages/airflow/example_dags/example_params_trigger_ui.py
[2026-05-29T01:56:38.287+0200] {logging_mixin.py:151} INFO - [2026-05-29T01:56:38.287+0200] {dag.py:2915} INFO - Sync 1 DAGs
[2026-05-29T01:56:38.297+0200] {logging_mixin.py:151} INFO - [2026-05-29T01:56:38.297+0200] {dag.py:3696} INFO - Setting next_dagrun for example_params_trigger_ui to None, run_after=None
[2026-05-29T01:56:38.312+0200] {processor.py:179} INFO - Processing /home/frederic/airflow_venv/lib/python3.10/site-packages/airflow/example_dags/example_params_trigger_ui.py took 0.084 seconds
[2026-05-29T01:56:43.928+0200] {processor.py:157} INFO - Started process (PID=626768) to work on /home/frederic/airflow_venv/lib/python3.10/site-packages/airflow/example_dags/example_params_trigger_ui.py
[2026-05-29T01:56:43.929+0200] {processor.py:829} INFO - Processing file /home/frederic/airflow_venv/lib/python3.10/site-packages/airflow/example_dags/example_params_trigger_ui.py for tasks to queue
[2026-05-29T01:56:43.930+0200] {logging_mixin.py:151} INFO - [2026-05-29T01:56:43.929+0200] {dagbag.py:539} INFO - Filling up the DagBag from /home/frederic/airflow_venv/lib/python3.10/site-packages/airflow/example_dags/example_params_trigger_ui.py
[2026-05-29T01:56:43.948+0200] {processor.py:839} INFO - DAG(s) dict_keys(['example_params_trigger_ui']) retrieved from /home/frederic/airflow_venv/lib/python3.10/site-packages/airflow/example_dags/example_params_trigger_ui.py
[2026-05-29T01:56:44.010+0200] {logging_mixin.py:151} INFO - [2026-05-29T01:56:44.010+0200] {dag.py:2915} INFO - Sync 1 DAGs
[2026-05-29T01:56:44.023+0200] {logging_mixin.py:151} INFO - [2026-05-29T01:56:44.023+0200] {dag.py:3696} INFO - Setting next_dagrun for example_params_trigger_ui to None, run_after=None
[2026-05-29T01:56:44.042+0200] {processor.py:179} INFO - Processing /home/frederic/airflow_venv/lib/python3.10/site-packages/airflow/example_dags/example_params_trigger_ui.py took 0.117 seconds
[2026-05-29T01:57:23.518+0200] {processor.py:157} INFO - Started process (PID=627958) to work on /home/frederic/airflow_venv/lib/python3.10/site-packages/airflow/example_dags/example_params_trigger_ui.py
[2026-05-29T01:57:23.519+0200] {processor.py:829} INFO - Processing file /home/frederic/airflow_venv/lib/python3.10/site-packages/airflow/example_dags/example_params_trigger_ui.py for tasks to queue
[2026-05-29T01:57:23.520+0200] {logging_mixin.py:151} INFO - [2026-05-29T01:57:23.520+0200] {dagbag.py:539} INFO - Filling up the DagBag from /home/frederic/airflow_venv/lib/python3.10/site-packages/airflow/example_dags/example_params_trigger_ui.py
[2026-05-29T01:57:23.535+0200] {processor.py:839} INFO - DAG(s) dict_keys(['example_params_trigger_ui']) retrieved from /home/frederic/airflow_venv/lib/python3.10/site-packages/airflow/example_dags/example_params_trigger_ui.py
[2026-05-29T01:57:23.579+0200] {logging_mixin.py:151} INFO - [2026-05-29T01:57:23.579+0200] {dag.py:2915} INFO - Sync 1 DAGs
[2026-05-29T01:57:23.591+0200] {logging_mixin.py:151} INFO - [2026-05-29T01:57:23.590+0200] {dag.py:3696} INFO - Setting next_dagrun for example_params_trigger_ui to None, run_after=None
[2026-05-29T01:57:23.607+0200] {processor.py:179} INFO - Processing /home/frederic/airflow_venv/lib/python3.10/site-packages/airflow/example_dags/example_params_trigger_ui.py took 0.092 seconds
[2026-05-29T01:57:31.861+0200] {processor.py:157} INFO - Started process (PID=628132) to work on /home/frederic/airflow_venv/lib/python3.10/site-packages/airflow/example_dags/example_params_trigger_ui.py
[2026-05-29T01:57:31.861+0200] {processor.py:829} INFO - Processing file /home/frederic/airflow_venv/lib/python3.10/site-packages/airflow/example_dags/example_params_trigger_ui.py for tasks to queue
[2026-05-29T01:57:31.862+0200] {logging_mixin.py:151} INFO - [2026-05-29T01:57:31.862+0200] {dagbag.py:539} INFO - Filling up the DagBag from /home/frederic/airflow_venv/lib/python3.10/site-packages/airflow/example_dags/example_params_trigger_ui.py
[2026-05-29T01:57:31.880+0200] {processor.py:839} INFO - DAG(s) dict_keys(['example_params_trigger_ui']) retrieved from /home/frederic/airflow_venv/lib/python3.10/site-packages/airflow/example_dags/example_params_trigger_ui.py
[2026-05-29T01:57:31.935+0200] {logging_mixin.py:151} INFO - [2026-05-29T01:57:31.935+0200] {dag.py:2915} INFO - Sync 1 DAGs
[2026-05-29T01:57:31.948+0200] {logging_mixin.py:151} INFO - [2026-05-29T01:57:31.947+0200] {dag.py:3696} INFO - Setting next_dagrun for example_params_trigger_ui to None, run_after=None
[2026-05-29T01:57:31.966+0200] {processor.py:179} INFO - Processing /home/frederic/airflow_venv/lib/python3.10/site-packages/airflow/example_dags/example_params_trigger_ui.py took 0.108 seconds
[2026-05-29T01:58:13.864+0200] {processor.py:157} INFO - Started process (PID=629786) to work on /home/frederic/airflow_venv/lib/python3.10/site-packages/airflow/example_dags/example_params_trigger_ui.py
[2026-05-29T01:58:13.865+0200] {processor.py:829} INFO - Processing file /home/frederic/airflow_venv/lib/python3.10/site-packages/airflow/example_dags/example_params_trigger_ui.py for tasks to queue
[2026-05-29T01:58:13.866+0200] {logging_mixin.py:151} INFO - [2026-05-29T01:58:13.866+0200] {dagbag.py:539} INFO - Filling up the DagBag from /home/frederic/airflow_venv/lib/python3.10/site-packages/airflow/example_dags/example_params_trigger_ui.py
[2026-05-29T01:58:13.883+0200] {processor.py:839} INFO - DAG(s) dict_keys(['example_params_trigger_ui']) retrieved from /home/frederic/airflow_venv/lib/python3.10/site-packages/airflow/example_dags/example_params_trigger_ui.py
[2026-05-29T01:58:13.931+0200] {logging_mixin.py:151} INFO - [2026-05-29T01:58:13.930+0200] {dag.py:2915} INFO - Sync 1 DAGs
[2026-05-29T01:58:13.942+0200] {logging_mixin.py:151} INFO - [2026-05-29T01:58:13.942+0200] {dag.py:3696} INFO - Setting next_dagrun for example_params_trigger_ui to None, run_after=None
[2026-05-29T01:58:13.957+0200] {processor.py:179} INFO - Processing /home/frederic/airflow_venv/lib/python3.10/site-packages/airflow/example_dags/example_params_trigger_ui.py took 0.096 seconds
[2026-05-29T01:58:17.525+0200] {processor.py:157} INFO - Started process (PID=629958) to work on /home/frederic/airflow_venv/lib/python3.10/site-packages/airflow/example_dags/example_params_trigger_ui.py
[2026-05-29T01:58:17.525+0200] {processor.py:829} INFO - Processing file /home/frederic/airflow_venv/lib/python3.10/site-packages/airflow/example_dags/example_params_trigger_ui.py for tasks to queue
[2026-05-29T01:58:17.526+0200] {logging_mixin.py:151} INFO - [2026-05-29T01:58:17.526+0200] {dagbag.py:539} INFO - Filling up the DagBag from /home/frederic/airflow_venv/lib/python3.10/site-packages/airflow/example_dags/example_params_trigger_ui.py
[2026-05-29T01:58:17.541+0200] {processor.py:839} INFO - DAG(s) dict_keys(['example_params_trigger_ui']) retrieved from /home/frederic/airflow_venv/lib/python3.10/site-packages/airflow/example_dags/example_params_trigger_ui.py
[2026-05-29T01:58:17.581+0200] {logging_mixin.py:151} INFO - [2026-05-29T01:58:17.580+0200] {dag.py:2915} INFO - Sync 1 DAGs
[2026-05-29T01:58:17.591+0200] {logging_mixin.py:151} INFO - [2026-05-29T01:58:17.591+0200] {dag.py:3696} INFO - Setting next_dagrun for example_params_trigger_ui to None, run_after=None
[2026-05-29T01:58:17.608+0200] {processor.py:179} INFO - Processing /home/frederic/airflow_venv/lib/python3.10/site-packages/airflow/example_dags/example_params_trigger_ui.py took 0.086 seconds
[2026-05-29T01:59:10.787+0200] {processor.py:157} INFO - Started process (PID=631737) to work on /home/frederic/airflow_venv/lib/python3.10/site-packages/airflow/example_dags/example_params_trigger_ui.py
[2026-05-29T01:59:10.788+0200] {processor.py:829} INFO - Processing file /home/frederic/airflow_venv/lib/python3.10/site-packages/airflow/example_dags/example_params_trigger_ui.py for tasks to queue
[2026-05-29T01:59:10.789+0200] {logging_mixin.py:151} INFO - [2026-05-29T01:59:10.789+0200] {dagbag.py:539} INFO - Filling up the DagBag from /home/frederic/airflow_venv/lib/python3.10/site-packages/airflow/example_dags/example_params_trigger_ui.py
[2026-05-29T01:59:10.807+0200] {processor.py:839} INFO - DAG(s) dict_keys(['example_params_trigger_ui']) retrieved from /home/frederic/airflow_venv/lib/python3.10/site-packages/airflow/example_dags/example_params_trigger_ui.py
[2026-05-29T01:59:10.854+0200] {logging_mixin.py:151} INFO - [2026-05-29T01:59:10.853+0200] {dag.py:2915} INFO - Sync 1 DAGs
[2026-05-29T01:59:10.864+0200] {logging_mixin.py:151} INFO - [2026-05-29T01:59:10.864+0200] {dag.py:3696} INFO - Setting next_dagrun for example_params_trigger_ui to None, run_after=None
[2026-05-29T01:59:10.882+0200] {processor.py:179} INFO - Processing /home/frederic/airflow_venv/lib/python3.10/site-packages/airflow/example_dags/example_params_trigger_ui.py took 0.097 seconds
[2026-05-29T01:59:12.317+0200] {processor.py:157} INFO - Started process (PID=631784) to work on /home/frederic/airflow_venv/lib/python3.10/site-packages/airflow/example_dags/example_params_trigger_ui.py
[2026-05-29T01:59:12.318+0200] {processor.py:829} INFO - Processing file /home/frederic/airflow_venv/lib/python3.10/site-packages/airflow/example_dags/example_params_trigger_ui.py for tasks to queue
[2026-05-29T01:59:12.319+0200] {logging_mixin.py:151} INFO - [2026-05-29T01:59:12.319+0200] {dagbag.py:539} INFO - Filling up the DagBag from /home/frederic/airflow_venv/lib/python3.10/site-packages/airflow/example_dags/example_params_trigger_ui.py
[2026-05-29T01:59:12.334+0200] {processor.py:839} INFO - DAG(s) dict_keys(['example_params_trigger_ui']) retrieved from /home/frederic/airflow_venv/lib/python3.10/site-packages/airflow/example_dags/example_params_trigger_ui.py
[2026-05-29T01:59:12.372+0200] {logging_mixin.py:151} INFO - [2026-05-29T01:59:12.372+0200] {dag.py:2915} INFO - Sync 1 DAGs
[2026-05-29T01:59:12.382+0200] {logging_mixin.py:151} INFO - [2026-05-29T01:59:12.382+0200] {dag.py:3696} INFO - Setting next_dagrun for example_params_trigger_ui to None, run_after=None
[2026-05-29T01:59:12.397+0200] {processor.py:179} INFO - Processing /home/frederic/airflow_venv/lib/python3.10/site-packages/airflow/example_dags/example_params_trigger_ui.py took 0.082 seconds
[2026-05-29T01:59:55.920+0200] {processor.py:157} INFO - Started process (PID=632986) to work on /home/frederic/airflow_venv/lib/python3.10/site-packages/airflow/example_dags/example_params_trigger_ui.py
[2026-05-29T01:59:55.922+0200] {processor.py:829} INFO - Processing file /home/frederic/airflow_venv/lib/python3.10/site-packages/airflow/example_dags/example_params_trigger_ui.py for tasks to queue
[2026-05-29T01:59:55.923+0200] {logging_mixin.py:151} INFO - [2026-05-29T01:59:55.922+0200] {dagbag.py:539} INFO - Filling up the DagBag from /home/frederic/airflow_venv/lib/python3.10/site-packages/airflow/example_dags/example_params_trigger_ui.py
[2026-05-29T01:59:55.944+0200] {processor.py:839} INFO - DAG(s) dict_keys(['example_params_trigger_ui']) retrieved from /home/frederic/airflow_venv/lib/python3.10/site-packages/airflow/example_dags/example_params_trigger_ui.py
[2026-05-29T01:59:55.994+0200] {logging_mixin.py:151} INFO - [2026-05-29T01:59:55.993+0200] {dag.py:2915} INFO - Sync 1 DAGs
[2026-05-29T01:59:56.007+0200] {logging_mixin.py:151} INFO - [2026-05-29T01:59:56.007+0200] {dag.py:3696} INFO - Setting next_dagrun for example_params_trigger_ui to None, run_after=None
[2026-05-29T01:59:56.030+0200] {processor.py:179} INFO - Processing /home/frederic/airflow_venv/lib/python3.10/site-packages/airflow/example_dags/example_params_trigger_ui.py took 0.114 seconds
[2026-05-29T01:59:57.657+0200] {processor.py:157} INFO - Started process (PID=633029) to work on /home/frederic/airflow_venv/lib/python3.10/site-packages/airflow/example_dags/example_params_trigger_ui.py
[2026-05-29T01:59:57.658+0200] {processor.py:829} INFO - Processing file /home/frederic/airflow_venv/lib/python3.10/site-packages/airflow/example_dags/example_params_trigger_ui.py for tasks to queue
[2026-05-29T01:59:57.659+0200] {logging_mixin.py:151} INFO - [2026-05-29T01:59:57.658+0200] {dagbag.py:539} INFO - Filling up the DagBag from /home/frederic/airflow_venv/lib/python3.10/site-packages/airflow/example_dags/example_params_trigger_ui.py
[2026-05-29T01:59:57.674+0200] {processor.py:839} INFO - DAG(s) dict_keys(['example_params_trigger_ui']) retrieved from /home/frederic/airflow_venv/lib/python3.10/site-packages/airflow/example_dags/example_params_trigger_ui.py
[2026-05-29T01:59:57.715+0200] {logging_mixin.py:151} INFO - [2026-05-29T01:59:57.715+0200] {dag.py:2915} INFO - Sync 1 DAGs
[2026-05-29T01:59:57.725+0200] {logging_mixin.py:151} INFO - [2026-05-29T01:59:57.725+0200] {dag.py:3696} INFO - Setting next_dagrun for example_params_trigger_ui to None, run_after=None
[2026-05-29T01:59:57.740+0200] {processor.py:179} INFO - Processing /home/frederic/airflow_venv/lib/python3.10/site-packages/airflow/example_dags/example_params_trigger_ui.py took 0.085 seconds
