[2026-05-29T01:37:21.324+0200] {processor.py:157} INFO - Started process (PID=594762) to work on /home/frederic/airflow_venv/lib/python3.10/site-packages/airflow/example_dags/example_bash_operator.py
[2026-05-29T01:37:21.325+0200] {processor.py:829} INFO - Processing file /home/frederic/airflow_venv/lib/python3.10/site-packages/airflow/example_dags/example_bash_operator.py for tasks to queue
[2026-05-29T01:37:21.326+0200] {logging_mixin.py:151} INFO - [2026-05-29T01:37:21.326+0200] {dagbag.py:539} INFO - Filling up the DagBag from /home/frederic/airflow_venv/lib/python3.10/site-packages/airflow/example_dags/example_bash_operator.py
[2026-05-29T01:37:21.337+0200] {processor.py:839} INFO - DAG(s) dict_keys(['example_bash_operator']) retrieved from /home/frederic/airflow_venv/lib/python3.10/site-packages/airflow/example_dags/example_bash_operator.py
[2026-05-29T01:37:21.441+0200] {logging_mixin.py:151} INFO - [2026-05-29T01:37:21.440+0200] {manager.py:499} INFO - Created Permission View: %s
[2026-05-29T01:37:21.450+0200] {logging_mixin.py:151} INFO - [2026-05-29T01:37:21.449+0200] {manager.py:499} INFO - Created Permission View: %s
[2026-05-29T01:37:21.455+0200] {logging_mixin.py:151} INFO - [2026-05-29T01:37:21.455+0200] {manager.py:499} INFO - Created Permission View: %s
[2026-05-29T01:37:21.455+0200] {logging_mixin.py:151} INFO - [2026-05-29T01:37:21.455+0200] {security.py:708} INFO - Not syncing DAG-level permissions for DAG 'DAG:example_bash_operator' as access control is unset.
[2026-05-29T01:37:21.455+0200] {logging_mixin.py:151} INFO - [2026-05-29T01:37:21.455+0200] {dag.py:2915} INFO - Sync 1 DAGs
[2026-05-29T01:37:21.465+0200] {logging_mixin.py:151} INFO - [2026-05-29T01:37:21.465+0200] {dag.py:2937} INFO - Creating ORM DAG for example_bash_operator
[2026-05-29T01:37:21.473+0200] {logging_mixin.py:151} INFO - [2026-05-29T01:37:21.473+0200] {dag.py:3696} INFO - Setting next_dagrun for example_bash_operator to 2026-05-27T00:00:00+00:00, run_after=2026-05-28T00:00:00+00:00
[2026-05-29T01:37:21.488+0200] {processor.py:179} INFO - Processing /home/frederic/airflow_venv/lib/python3.10/site-packages/airflow/example_dags/example_bash_operator.py took 0.168 seconds
[2026-05-29T01:38:05.303+0200] {processor.py:157} INFO - Started process (PID=595459) to work on /home/frederic/airflow_venv/lib/python3.10/site-packages/airflow/example_dags/example_bash_operator.py
[2026-05-29T01:38:05.304+0200] {processor.py:829} INFO - Processing file /home/frederic/airflow_venv/lib/python3.10/site-packages/airflow/example_dags/example_bash_operator.py for tasks to queue
[2026-05-29T01:38:05.304+0200] {logging_mixin.py:151} INFO - [2026-05-29T01:38:05.304+0200] {dagbag.py:539} INFO - Filling up the DagBag from /home/frederic/airflow_venv/lib/python3.10/site-packages/airflow/example_dags/example_bash_operator.py
[2026-05-29T01:38:05.313+0200] {processor.py:839} INFO - DAG(s) dict_keys(['example_bash_operator']) retrieved from /home/frederic/airflow_venv/lib/python3.10/site-packages/airflow/example_dags/example_bash_operator.py
[2026-05-29T01:38:05.334+0200] {logging_mixin.py:151} INFO - [2026-05-29T01:38:05.334+0200] {dag.py:2915} INFO - Sync 1 DAGs
[2026-05-29T01:38:05.351+0200] {logging_mixin.py:151} INFO - [2026-05-29T01:38:05.351+0200] {dag.py:3696} INFO - Setting next_dagrun for example_bash_operator to 2026-05-27T00:00:00+00:00, run_after=2026-05-28T00:00:00+00:00
[2026-05-29T01:38:05.366+0200] {processor.py:179} INFO - Processing /home/frederic/airflow_venv/lib/python3.10/site-packages/airflow/example_dags/example_bash_operator.py took 0.066 seconds
[2026-05-29T01:38:50.637+0200] {processor.py:157} INFO - Started process (PID=596560) to work on /home/frederic/airflow_venv/lib/python3.10/site-packages/airflow/example_dags/example_bash_operator.py
[2026-05-29T01:38:50.638+0200] {processor.py:829} INFO - Processing file /home/frederic/airflow_venv/lib/python3.10/site-packages/airflow/example_dags/example_bash_operator.py for tasks to queue
[2026-05-29T01:38:50.639+0200] {logging_mixin.py:151} INFO - [2026-05-29T01:38:50.638+0200] {dagbag.py:539} INFO - Filling up the DagBag from /home/frederic/airflow_venv/lib/python3.10/site-packages/airflow/example_dags/example_bash_operator.py
[2026-05-29T01:38:50.648+0200] {processor.py:839} INFO - DAG(s) dict_keys(['example_bash_operator']) retrieved from /home/frederic/airflow_venv/lib/python3.10/site-packages/airflow/example_dags/example_bash_operator.py
[2026-05-29T01:38:50.670+0200] {logging_mixin.py:151} INFO - [2026-05-29T01:38:50.670+0200] {dag.py:2915} INFO - Sync 1 DAGs
[2026-05-29T01:38:50.688+0200] {logging_mixin.py:151} INFO - [2026-05-29T01:38:50.688+0200] {dag.py:3696} INFO - Setting next_dagrun for example_bash_operator to 2026-05-27T00:00:00+00:00, run_after=2026-05-28T00:00:00+00:00
[2026-05-29T01:38:50.703+0200] {processor.py:179} INFO - Processing /home/frederic/airflow_venv/lib/python3.10/site-packages/airflow/example_dags/example_bash_operator.py took 0.069 seconds
[2026-05-29T01:39:38.219+0200] {processor.py:157} INFO - Started process (PID=597635) to work on /home/frederic/airflow_venv/lib/python3.10/site-packages/airflow/example_dags/example_bash_operator.py
[2026-05-29T01:39:38.220+0200] {processor.py:829} INFO - Processing file /home/frederic/airflow_venv/lib/python3.10/site-packages/airflow/example_dags/example_bash_operator.py for tasks to queue
[2026-05-29T01:39:38.221+0200] {logging_mixin.py:151} INFO - [2026-05-29T01:39:38.220+0200] {dagbag.py:539} INFO - Filling up the DagBag from /home/frederic/airflow_venv/lib/python3.10/site-packages/airflow/example_dags/example_bash_operator.py
[2026-05-29T01:39:38.230+0200] {processor.py:839} INFO - DAG(s) dict_keys(['example_bash_operator']) retrieved from /home/frederic/airflow_venv/lib/python3.10/site-packages/airflow/example_dags/example_bash_operator.py
[2026-05-29T01:39:38.255+0200] {logging_mixin.py:151} INFO - [2026-05-29T01:39:38.255+0200] {dag.py:2915} INFO - Sync 1 DAGs
[2026-05-29T01:39:38.275+0200] {logging_mixin.py:151} INFO - [2026-05-29T01:39:38.275+0200] {dag.py:3696} INFO - Setting next_dagrun for example_bash_operator to 2026-05-27T00:00:00+00:00, run_after=2026-05-28T00:00:00+00:00
[2026-05-29T01:39:38.292+0200] {processor.py:179} INFO - Processing /home/frederic/airflow_venv/lib/python3.10/site-packages/airflow/example_dags/example_bash_operator.py took 0.075 seconds
[2026-05-29T01:40:27.172+0200] {processor.py:157} INFO - Started process (PID=598903) to work on /home/frederic/airflow_venv/lib/python3.10/site-packages/airflow/example_dags/example_bash_operator.py
[2026-05-29T01:40:27.173+0200] {processor.py:829} INFO - Processing file /home/frederic/airflow_venv/lib/python3.10/site-packages/airflow/example_dags/example_bash_operator.py for tasks to queue
[2026-05-29T01:40:27.174+0200] {logging_mixin.py:151} INFO - [2026-05-29T01:40:27.174+0200] {dagbag.py:539} INFO - Filling up the DagBag from /home/frederic/airflow_venv/lib/python3.10/site-packages/airflow/example_dags/example_bash_operator.py
[2026-05-29T01:40:27.184+0200] {processor.py:839} INFO - DAG(s) dict_keys(['example_bash_operator']) retrieved from /home/frederic/airflow_venv/lib/python3.10/site-packages/airflow/example_dags/example_bash_operator.py
[2026-05-29T01:40:27.205+0200] {logging_mixin.py:151} INFO - [2026-05-29T01:40:27.204+0200] {dag.py:2915} INFO - Sync 1 DAGs
[2026-05-29T01:40:27.226+0200] {logging_mixin.py:151} INFO - [2026-05-29T01:40:27.226+0200] {dag.py:3696} INFO - Setting next_dagrun for example_bash_operator to 2026-05-27T00:00:00+00:00, run_after=2026-05-28T00:00:00+00:00
[2026-05-29T01:40:27.246+0200] {processor.py:179} INFO - Processing /home/frederic/airflow_venv/lib/python3.10/site-packages/airflow/example_dags/example_bash_operator.py took 0.076 seconds
[2026-05-29T01:41:13.335+0200] {processor.py:157} INFO - Started process (PID=599836) to work on /home/frederic/airflow_venv/lib/python3.10/site-packages/airflow/example_dags/example_bash_operator.py
[2026-05-29T01:41:13.338+0200] {processor.py:829} INFO - Processing file /home/frederic/airflow_venv/lib/python3.10/site-packages/airflow/example_dags/example_bash_operator.py for tasks to queue
[2026-05-29T01:41:13.339+0200] {logging_mixin.py:151} INFO - [2026-05-29T01:41:13.339+0200] {dagbag.py:539} INFO - Filling up the DagBag from /home/frederic/airflow_venv/lib/python3.10/site-packages/airflow/example_dags/example_bash_operator.py
[2026-05-29T01:41:13.350+0200] {processor.py:839} INFO - DAG(s) dict_keys(['example_bash_operator']) retrieved from /home/frederic/airflow_venv/lib/python3.10/site-packages/airflow/example_dags/example_bash_operator.py
[2026-05-29T01:41:13.382+0200] {logging_mixin.py:151} INFO - [2026-05-29T01:41:13.381+0200] {dag.py:2915} INFO - Sync 1 DAGs
[2026-05-29T01:41:13.401+0200] {logging_mixin.py:151} INFO - [2026-05-29T01:41:13.400+0200] {dag.py:3696} INFO - Setting next_dagrun for example_bash_operator to 2026-05-27T00:00:00+00:00, run_after=2026-05-28T00:00:00+00:00
[2026-05-29T01:41:13.416+0200] {processor.py:179} INFO - Processing /home/frederic/airflow_venv/lib/python3.10/site-packages/airflow/example_dags/example_bash_operator.py took 0.084 seconds
[2026-05-29T01:42:08.452+0200] {processor.py:157} INFO - Started process (PID=601239) to work on /home/frederic/airflow_venv/lib/python3.10/site-packages/airflow/example_dags/example_bash_operator.py
[2026-05-29T01:42:08.453+0200] {processor.py:829} INFO - Processing file /home/frederic/airflow_venv/lib/python3.10/site-packages/airflow/example_dags/example_bash_operator.py for tasks to queue
[2026-05-29T01:42:08.454+0200] {logging_mixin.py:151} INFO - [2026-05-29T01:42:08.454+0200] {dagbag.py:539} INFO - Filling up the DagBag from /home/frederic/airflow_venv/lib/python3.10/site-packages/airflow/example_dags/example_bash_operator.py
[2026-05-29T01:42:08.463+0200] {processor.py:839} INFO - DAG(s) dict_keys(['example_bash_operator']) retrieved from /home/frederic/airflow_venv/lib/python3.10/site-packages/airflow/example_dags/example_bash_operator.py
[2026-05-29T01:42:08.483+0200] {logging_mixin.py:151} INFO - [2026-05-29T01:42:08.483+0200] {dag.py:2915} INFO - Sync 1 DAGs
[2026-05-29T01:42:08.501+0200] {logging_mixin.py:151} INFO - [2026-05-29T01:42:08.501+0200] {dag.py:3696} INFO - Setting next_dagrun for example_bash_operator to 2026-05-27T00:00:00+00:00, run_after=2026-05-28T00:00:00+00:00
[2026-05-29T01:42:08.516+0200] {processor.py:179} INFO - Processing /home/frederic/airflow_venv/lib/python3.10/site-packages/airflow/example_dags/example_bash_operator.py took 0.066 seconds
[2026-05-29T01:42:57.327+0200] {processor.py:157} INFO - Started process (PID=602145) to work on /home/frederic/airflow_venv/lib/python3.10/site-packages/airflow/example_dags/example_bash_operator.py
[2026-05-29T01:42:57.331+0200] {processor.py:829} INFO - Processing file /home/frederic/airflow_venv/lib/python3.10/site-packages/airflow/example_dags/example_bash_operator.py for tasks to queue
[2026-05-29T01:42:57.332+0200] {logging_mixin.py:151} INFO - [2026-05-29T01:42:57.331+0200] {dagbag.py:539} INFO - Filling up the DagBag from /home/frederic/airflow_venv/lib/python3.10/site-packages/airflow/example_dags/example_bash_operator.py
[2026-05-29T01:42:57.340+0200] {processor.py:839} INFO - DAG(s) dict_keys(['example_bash_operator']) retrieved from /home/frederic/airflow_venv/lib/python3.10/site-packages/airflow/example_dags/example_bash_operator.py
[2026-05-29T01:42:57.359+0200] {logging_mixin.py:151} INFO - [2026-05-29T01:42:57.359+0200] {dag.py:2915} INFO - Sync 1 DAGs
[2026-05-29T01:42:57.377+0200] {logging_mixin.py:151} INFO - [2026-05-29T01:42:57.376+0200] {dag.py:3696} INFO - Setting next_dagrun for example_bash_operator to 2026-05-27T00:00:00+00:00, run_after=2026-05-28T00:00:00+00:00
[2026-05-29T01:42:57.391+0200] {processor.py:179} INFO - Processing /home/frederic/airflow_venv/lib/python3.10/site-packages/airflow/example_dags/example_bash_operator.py took 0.066 seconds
[2026-05-29T01:43:43.585+0200] {processor.py:157} INFO - Started process (PID=603022) to work on /home/frederic/airflow_venv/lib/python3.10/site-packages/airflow/example_dags/example_bash_operator.py
[2026-05-29T01:43:43.586+0200] {processor.py:829} INFO - Processing file /home/frederic/airflow_venv/lib/python3.10/site-packages/airflow/example_dags/example_bash_operator.py for tasks to queue
[2026-05-29T01:43:43.587+0200] {logging_mixin.py:151} INFO - [2026-05-29T01:43:43.587+0200] {dagbag.py:539} INFO - Filling up the DagBag from /home/frederic/airflow_venv/lib/python3.10/site-packages/airflow/example_dags/example_bash_operator.py
[2026-05-29T01:43:43.598+0200] {processor.py:839} INFO - DAG(s) dict_keys(['example_bash_operator']) retrieved from /home/frederic/airflow_venv/lib/python3.10/site-packages/airflow/example_dags/example_bash_operator.py
[2026-05-29T01:43:43.627+0200] {logging_mixin.py:151} INFO - [2026-05-29T01:43:43.627+0200] {dag.py:2915} INFO - Sync 1 DAGs
[2026-05-29T01:43:43.647+0200] {logging_mixin.py:151} INFO - [2026-05-29T01:43:43.647+0200] {dag.py:3696} INFO - Setting next_dagrun for example_bash_operator to 2026-05-27T00:00:00+00:00, run_after=2026-05-28T00:00:00+00:00
[2026-05-29T01:43:43.663+0200] {processor.py:179} INFO - Processing /home/frederic/airflow_venv/lib/python3.10/site-packages/airflow/example_dags/example_bash_operator.py took 0.080 seconds
[2026-05-29T01:44:35.030+0200] {processor.py:157} INFO - Started process (PID=603897) to work on /home/frederic/airflow_venv/lib/python3.10/site-packages/airflow/example_dags/example_bash_operator.py
[2026-05-29T01:44:35.034+0200] {processor.py:829} INFO - Processing file /home/frederic/airflow_venv/lib/python3.10/site-packages/airflow/example_dags/example_bash_operator.py for tasks to queue
[2026-05-29T01:44:35.034+0200] {logging_mixin.py:151} INFO - [2026-05-29T01:44:35.034+0200] {dagbag.py:539} INFO - Filling up the DagBag from /home/frederic/airflow_venv/lib/python3.10/site-packages/airflow/example_dags/example_bash_operator.py
[2026-05-29T01:44:35.047+0200] {processor.py:839} INFO - DAG(s) dict_keys(['example_bash_operator']) retrieved from /home/frederic/airflow_venv/lib/python3.10/site-packages/airflow/example_dags/example_bash_operator.py
[2026-05-29T01:44:35.076+0200] {logging_mixin.py:151} INFO - [2026-05-29T01:44:35.076+0200] {dag.py:2915} INFO - Sync 1 DAGs
[2026-05-29T01:44:35.099+0200] {logging_mixin.py:151} INFO - [2026-05-29T01:44:35.099+0200] {dag.py:3696} INFO - Setting next_dagrun for example_bash_operator to 2026-05-27T00:00:00+00:00, run_after=2026-05-28T00:00:00+00:00
[2026-05-29T01:44:35.118+0200] {processor.py:179} INFO - Processing /home/frederic/airflow_venv/lib/python3.10/site-packages/airflow/example_dags/example_bash_operator.py took 0.091 seconds
[2026-05-29T01:45:21.415+0200] {processor.py:157} INFO - Started process (PID=605772) to work on /home/frederic/airflow_venv/lib/python3.10/site-packages/airflow/example_dags/example_bash_operator.py
[2026-05-29T01:45:21.417+0200] {processor.py:829} INFO - Processing file /home/frederic/airflow_venv/lib/python3.10/site-packages/airflow/example_dags/example_bash_operator.py for tasks to queue
[2026-05-29T01:45:21.418+0200] {logging_mixin.py:151} INFO - [2026-05-29T01:45:21.417+0200] {dagbag.py:539} INFO - Filling up the DagBag from /home/frederic/airflow_venv/lib/python3.10/site-packages/airflow/example_dags/example_bash_operator.py
[2026-05-29T01:45:21.444+0200] {processor.py:839} INFO - DAG(s) dict_keys(['example_bash_operator']) retrieved from /home/frederic/airflow_venv/lib/python3.10/site-packages/airflow/example_dags/example_bash_operator.py
[2026-05-29T01:45:21.497+0200] {logging_mixin.py:151} INFO - [2026-05-29T01:45:21.496+0200] {dag.py:2915} INFO - Sync 1 DAGs
[2026-05-29T01:45:21.540+0200] {logging_mixin.py:151} INFO - [2026-05-29T01:45:21.540+0200] {dag.py:3696} INFO - Setting next_dagrun for example_bash_operator to 2026-05-27T00:00:00+00:00, run_after=2026-05-28T00:00:00+00:00
[2026-05-29T01:45:21.570+0200] {processor.py:179} INFO - Processing /home/frederic/airflow_venv/lib/python3.10/site-packages/airflow/example_dags/example_bash_operator.py took 0.160 seconds
[2026-05-29T01:46:14.907+0200] {processor.py:157} INFO - Started process (PID=607932) to work on /home/frederic/airflow_venv/lib/python3.10/site-packages/airflow/example_dags/example_bash_operator.py
[2026-05-29T01:46:14.908+0200] {processor.py:829} INFO - Processing file /home/frederic/airflow_venv/lib/python3.10/site-packages/airflow/example_dags/example_bash_operator.py for tasks to queue
[2026-05-29T01:46:14.910+0200] {logging_mixin.py:151} INFO - [2026-05-29T01:46:14.909+0200] {dagbag.py:539} INFO - Filling up the DagBag from /home/frederic/airflow_venv/lib/python3.10/site-packages/airflow/example_dags/example_bash_operator.py
[2026-05-29T01:46:14.929+0200] {processor.py:839} INFO - DAG(s) dict_keys(['example_bash_operator']) retrieved from /home/frederic/airflow_venv/lib/python3.10/site-packages/airflow/example_dags/example_bash_operator.py
[2026-05-29T01:46:14.970+0200] {logging_mixin.py:151} INFO - [2026-05-29T01:46:14.970+0200] {dag.py:2915} INFO - Sync 1 DAGs
[2026-05-29T01:46:14.996+0200] {logging_mixin.py:151} INFO - [2026-05-29T01:46:14.996+0200] {dag.py:3696} INFO - Setting next_dagrun for example_bash_operator to 2026-05-27T00:00:00+00:00, run_after=2026-05-28T00:00:00+00:00
[2026-05-29T01:46:15.017+0200] {processor.py:179} INFO - Processing /home/frederic/airflow_venv/lib/python3.10/site-packages/airflow/example_dags/example_bash_operator.py took 0.114 seconds
[2026-05-29T01:47:00.629+0200] {processor.py:157} INFO - Started process (PID=609586) to work on /home/frederic/airflow_venv/lib/python3.10/site-packages/airflow/example_dags/example_bash_operator.py
[2026-05-29T01:47:00.633+0200] {processor.py:829} INFO - Processing file /home/frederic/airflow_venv/lib/python3.10/site-packages/airflow/example_dags/example_bash_operator.py for tasks to queue
[2026-05-29T01:47:00.634+0200] {logging_mixin.py:151} INFO - [2026-05-29T01:47:00.634+0200] {dagbag.py:539} INFO - Filling up the DagBag from /home/frederic/airflow_venv/lib/python3.10/site-packages/airflow/example_dags/example_bash_operator.py
[2026-05-29T01:47:00.645+0200] {processor.py:839} INFO - DAG(s) dict_keys(['example_bash_operator']) retrieved from /home/frederic/airflow_venv/lib/python3.10/site-packages/airflow/example_dags/example_bash_operator.py
[2026-05-29T01:47:00.667+0200] {logging_mixin.py:151} INFO - [2026-05-29T01:47:00.667+0200] {dag.py:2915} INFO - Sync 1 DAGs
[2026-05-29T01:47:00.688+0200] {logging_mixin.py:151} INFO - [2026-05-29T01:47:00.688+0200] {dag.py:3696} INFO - Setting next_dagrun for example_bash_operator to 2026-05-27T00:00:00+00:00, run_after=2026-05-28T00:00:00+00:00
[2026-05-29T01:47:00.703+0200] {processor.py:179} INFO - Processing /home/frederic/airflow_venv/lib/python3.10/site-packages/airflow/example_dags/example_bash_operator.py took 0.077 seconds
[2026-05-29T01:47:44.314+0200] {processor.py:157} INFO - Started process (PID=610802) to work on /home/frederic/airflow_venv/lib/python3.10/site-packages/airflow/example_dags/example_bash_operator.py
[2026-05-29T01:47:44.315+0200] {processor.py:829} INFO - Processing file /home/frederic/airflow_venv/lib/python3.10/site-packages/airflow/example_dags/example_bash_operator.py for tasks to queue
[2026-05-29T01:47:44.316+0200] {logging_mixin.py:151} INFO - [2026-05-29T01:47:44.316+0200] {dagbag.py:539} INFO - Filling up the DagBag from /home/frederic/airflow_venv/lib/python3.10/site-packages/airflow/example_dags/example_bash_operator.py
[2026-05-29T01:47:44.329+0200] {processor.py:839} INFO - DAG(s) dict_keys(['example_bash_operator']) retrieved from /home/frederic/airflow_venv/lib/python3.10/site-packages/airflow/example_dags/example_bash_operator.py
[2026-05-29T01:47:44.356+0200] {logging_mixin.py:151} INFO - [2026-05-29T01:47:44.356+0200] {dag.py:2915} INFO - Sync 1 DAGs
[2026-05-29T01:47:44.379+0200] {logging_mixin.py:151} INFO - [2026-05-29T01:47:44.379+0200] {dag.py:3696} INFO - Setting next_dagrun for example_bash_operator to 2026-05-27T00:00:00+00:00, run_after=2026-05-28T00:00:00+00:00
[2026-05-29T01:47:44.404+0200] {processor.py:179} INFO - Processing /home/frederic/airflow_venv/lib/python3.10/site-packages/airflow/example_dags/example_bash_operator.py took 0.094 seconds
[2026-05-29T01:48:45.867+0200] {processor.py:157} INFO - Started process (PID=612658) to work on /home/frederic/airflow_venv/lib/python3.10/site-packages/airflow/example_dags/example_bash_operator.py
[2026-05-29T01:48:45.868+0200] {processor.py:829} INFO - Processing file /home/frederic/airflow_venv/lib/python3.10/site-packages/airflow/example_dags/example_bash_operator.py for tasks to queue
[2026-05-29T01:48:45.869+0200] {logging_mixin.py:151} INFO - [2026-05-29T01:48:45.869+0200] {dagbag.py:539} INFO - Filling up the DagBag from /home/frederic/airflow_venv/lib/python3.10/site-packages/airflow/example_dags/example_bash_operator.py
[2026-05-29T01:48:45.881+0200] {processor.py:839} INFO - DAG(s) dict_keys(['example_bash_operator']) retrieved from /home/frederic/airflow_venv/lib/python3.10/site-packages/airflow/example_dags/example_bash_operator.py
[2026-05-29T01:48:45.908+0200] {logging_mixin.py:151} INFO - [2026-05-29T01:48:45.908+0200] {dag.py:2915} INFO - Sync 1 DAGs
[2026-05-29T01:48:45.932+0200] {logging_mixin.py:151} INFO - [2026-05-29T01:48:45.932+0200] {dag.py:3696} INFO - Setting next_dagrun for example_bash_operator to 2026-05-27T00:00:00+00:00, run_after=2026-05-28T00:00:00+00:00
[2026-05-29T01:48:45.950+0200] {processor.py:179} INFO - Processing /home/frederic/airflow_venv/lib/python3.10/site-packages/airflow/example_dags/example_bash_operator.py took 0.085 seconds
[2026-05-29T01:49:43.920+0200] {processor.py:157} INFO - Started process (PID=614103) to work on /home/frederic/airflow_venv/lib/python3.10/site-packages/airflow/example_dags/example_bash_operator.py
[2026-05-29T01:49:43.923+0200] {processor.py:829} INFO - Processing file /home/frederic/airflow_venv/lib/python3.10/site-packages/airflow/example_dags/example_bash_operator.py for tasks to queue
[2026-05-29T01:49:43.924+0200] {logging_mixin.py:151} INFO - [2026-05-29T01:49:43.924+0200] {dagbag.py:539} INFO - Filling up the DagBag from /home/frederic/airflow_venv/lib/python3.10/site-packages/airflow/example_dags/example_bash_operator.py
[2026-05-29T01:49:43.933+0200] {processor.py:839} INFO - DAG(s) dict_keys(['example_bash_operator']) retrieved from /home/frederic/airflow_venv/lib/python3.10/site-packages/airflow/example_dags/example_bash_operator.py
[2026-05-29T01:49:43.953+0200] {logging_mixin.py:151} INFO - [2026-05-29T01:49:43.952+0200] {dag.py:2915} INFO - Sync 1 DAGs
[2026-05-29T01:49:43.972+0200] {logging_mixin.py:151} INFO - [2026-05-29T01:49:43.972+0200] {dag.py:3696} INFO - Setting next_dagrun for example_bash_operator to 2026-05-27T00:00:00+00:00, run_after=2026-05-28T00:00:00+00:00
[2026-05-29T01:49:43.988+0200] {processor.py:179} INFO - Processing /home/frederic/airflow_venv/lib/python3.10/site-packages/airflow/example_dags/example_bash_operator.py took 0.071 seconds
[2026-05-29T01:50:36.183+0200] {processor.py:157} INFO - Started process (PID=615773) to work on /home/frederic/airflow_venv/lib/python3.10/site-packages/airflow/example_dags/example_bash_operator.py
[2026-05-29T01:50:36.184+0200] {processor.py:829} INFO - Processing file /home/frederic/airflow_venv/lib/python3.10/site-packages/airflow/example_dags/example_bash_operator.py for tasks to queue
[2026-05-29T01:50:36.185+0200] {logging_mixin.py:151} INFO - [2026-05-29T01:50:36.185+0200] {dagbag.py:539} INFO - Filling up the DagBag from /home/frederic/airflow_venv/lib/python3.10/site-packages/airflow/example_dags/example_bash_operator.py
[2026-05-29T01:50:36.194+0200] {processor.py:839} INFO - DAG(s) dict_keys(['example_bash_operator']) retrieved from /home/frederic/airflow_venv/lib/python3.10/site-packages/airflow/example_dags/example_bash_operator.py
[2026-05-29T01:50:36.215+0200] {logging_mixin.py:151} INFO - [2026-05-29T01:50:36.214+0200] {dag.py:2915} INFO - Sync 1 DAGs
[2026-05-29T01:50:36.231+0200] {logging_mixin.py:151} INFO - [2026-05-29T01:50:36.231+0200] {dag.py:3696} INFO - Setting next_dagrun for example_bash_operator to 2026-05-27T00:00:00+00:00, run_after=2026-05-28T00:00:00+00:00
[2026-05-29T01:50:36.245+0200] {processor.py:179} INFO - Processing /home/frederic/airflow_venv/lib/python3.10/site-packages/airflow/example_dags/example_bash_operator.py took 0.065 seconds
[2026-05-29T01:51:36.156+0200] {processor.py:157} INFO - Started process (PID=617172) to work on /home/frederic/airflow_venv/lib/python3.10/site-packages/airflow/example_dags/example_bash_operator.py
[2026-05-29T01:51:36.157+0200] {processor.py:829} INFO - Processing file /home/frederic/airflow_venv/lib/python3.10/site-packages/airflow/example_dags/example_bash_operator.py for tasks to queue
[2026-05-29T01:51:36.158+0200] {logging_mixin.py:151} INFO - [2026-05-29T01:51:36.157+0200] {dagbag.py:539} INFO - Filling up the DagBag from /home/frederic/airflow_venv/lib/python3.10/site-packages/airflow/example_dags/example_bash_operator.py
[2026-05-29T01:51:36.168+0200] {processor.py:839} INFO - DAG(s) dict_keys(['example_bash_operator']) retrieved from /home/frederic/airflow_venv/lib/python3.10/site-packages/airflow/example_dags/example_bash_operator.py
[2026-05-29T01:51:36.191+0200] {logging_mixin.py:151} INFO - [2026-05-29T01:51:36.191+0200] {dag.py:2915} INFO - Sync 1 DAGs
[2026-05-29T01:51:36.217+0200] {logging_mixin.py:151} INFO - [2026-05-29T01:51:36.217+0200] {dag.py:3696} INFO - Setting next_dagrun for example_bash_operator to 2026-05-27T00:00:00+00:00, run_after=2026-05-28T00:00:00+00:00
[2026-05-29T01:51:36.235+0200] {processor.py:179} INFO - Processing /home/frederic/airflow_venv/lib/python3.10/site-packages/airflow/example_dags/example_bash_operator.py took 0.081 seconds
[2026-05-29T01:52:27.044+0200] {processor.py:157} INFO - Started process (PID=618538) to work on /home/frederic/airflow_venv/lib/python3.10/site-packages/airflow/example_dags/example_bash_operator.py
[2026-05-29T01:52:27.048+0200] {processor.py:829} INFO - Processing file /home/frederic/airflow_venv/lib/python3.10/site-packages/airflow/example_dags/example_bash_operator.py for tasks to queue
[2026-05-29T01:52:27.048+0200] {logging_mixin.py:151} INFO - [2026-05-29T01:52:27.048+0200] {dagbag.py:539} INFO - Filling up the DagBag from /home/frederic/airflow_venv/lib/python3.10/site-packages/airflow/example_dags/example_bash_operator.py
[2026-05-29T01:52:27.058+0200] {processor.py:839} INFO - DAG(s) dict_keys(['example_bash_operator']) retrieved from /home/frederic/airflow_venv/lib/python3.10/site-packages/airflow/example_dags/example_bash_operator.py
[2026-05-29T01:52:27.082+0200] {logging_mixin.py:151} INFO - [2026-05-29T01:52:27.082+0200] {dag.py:2915} INFO - Sync 1 DAGs
[2026-05-29T01:52:27.100+0200] {logging_mixin.py:151} INFO - [2026-05-29T01:52:27.100+0200] {dag.py:3696} INFO - Setting next_dagrun for example_bash_operator to 2026-05-27T00:00:00+00:00, run_after=2026-05-28T00:00:00+00:00
[2026-05-29T01:52:27.118+0200] {processor.py:179} INFO - Processing /home/frederic/airflow_venv/lib/python3.10/site-packages/airflow/example_dags/example_bash_operator.py took 0.076 seconds
[2026-05-29T01:53:13.310+0200] {processor.py:157} INFO - Started process (PID=620083) to work on /home/frederic/airflow_venv/lib/python3.10/site-packages/airflow/example_dags/example_bash_operator.py
[2026-05-29T01:53:13.311+0200] {processor.py:829} INFO - Processing file /home/frederic/airflow_venv/lib/python3.10/site-packages/airflow/example_dags/example_bash_operator.py for tasks to queue
[2026-05-29T01:53:13.311+0200] {logging_mixin.py:151} INFO - [2026-05-29T01:53:13.311+0200] {dagbag.py:539} INFO - Filling up the DagBag from /home/frederic/airflow_venv/lib/python3.10/site-packages/airflow/example_dags/example_bash_operator.py
[2026-05-29T01:53:13.324+0200] {processor.py:839} INFO - DAG(s) dict_keys(['example_bash_operator']) retrieved from /home/frederic/airflow_venv/lib/python3.10/site-packages/airflow/example_dags/example_bash_operator.py
[2026-05-29T01:53:13.346+0200] {logging_mixin.py:151} INFO - [2026-05-29T01:53:13.346+0200] {dag.py:2915} INFO - Sync 1 DAGs
[2026-05-29T01:53:13.368+0200] {logging_mixin.py:151} INFO - [2026-05-29T01:53:13.368+0200] {dag.py:3696} INFO - Setting next_dagrun for example_bash_operator to 2026-05-27T00:00:00+00:00, run_after=2026-05-28T00:00:00+00:00
[2026-05-29T01:53:13.385+0200] {processor.py:179} INFO - Processing /home/frederic/airflow_venv/lib/python3.10/site-packages/airflow/example_dags/example_bash_operator.py took 0.078 seconds
[2026-05-29T01:53:59.123+0200] {processor.py:157} INFO - Started process (PID=621290) to work on /home/frederic/airflow_venv/lib/python3.10/site-packages/airflow/example_dags/example_bash_operator.py
[2026-05-29T01:53:59.126+0200] {processor.py:829} INFO - Processing file /home/frederic/airflow_venv/lib/python3.10/site-packages/airflow/example_dags/example_bash_operator.py for tasks to queue
[2026-05-29T01:53:59.127+0200] {logging_mixin.py:151} INFO - [2026-05-29T01:53:59.127+0200] {dagbag.py:539} INFO - Filling up the DagBag from /home/frederic/airflow_venv/lib/python3.10/site-packages/airflow/example_dags/example_bash_operator.py
[2026-05-29T01:53:59.138+0200] {processor.py:839} INFO - DAG(s) dict_keys(['example_bash_operator']) retrieved from /home/frederic/airflow_venv/lib/python3.10/site-packages/airflow/example_dags/example_bash_operator.py
[2026-05-29T01:53:59.157+0200] {logging_mixin.py:151} INFO - [2026-05-29T01:53:59.157+0200] {dag.py:2915} INFO - Sync 1 DAGs
[2026-05-29T01:53:59.177+0200] {logging_mixin.py:151} INFO - [2026-05-29T01:53:59.177+0200] {dag.py:3696} INFO - Setting next_dagrun for example_bash_operator to 2026-05-27T00:00:00+00:00, run_after=2026-05-28T00:00:00+00:00
[2026-05-29T01:53:59.194+0200] {processor.py:179} INFO - Processing /home/frederic/airflow_venv/lib/python3.10/site-packages/airflow/example_dags/example_bash_operator.py took 0.074 seconds
[2026-05-29T01:54:46.008+0200] {processor.py:157} INFO - Started process (PID=622798) to work on /home/frederic/airflow_venv/lib/python3.10/site-packages/airflow/example_dags/example_bash_operator.py
[2026-05-29T01:54:46.008+0200] {processor.py:829} INFO - Processing file /home/frederic/airflow_venv/lib/python3.10/site-packages/airflow/example_dags/example_bash_operator.py for tasks to queue
[2026-05-29T01:54:46.009+0200] {logging_mixin.py:151} INFO - [2026-05-29T01:54:46.009+0200] {dagbag.py:539} INFO - Filling up the DagBag from /home/frederic/airflow_venv/lib/python3.10/site-packages/airflow/example_dags/example_bash_operator.py
[2026-05-29T01:54:46.019+0200] {processor.py:839} INFO - DAG(s) dict_keys(['example_bash_operator']) retrieved from /home/frederic/airflow_venv/lib/python3.10/site-packages/airflow/example_dags/example_bash_operator.py
[2026-05-29T01:54:46.050+0200] {logging_mixin.py:151} INFO - [2026-05-29T01:54:46.050+0200] {dag.py:2915} INFO - Sync 1 DAGs
[2026-05-29T01:54:46.078+0200] {logging_mixin.py:151} INFO - [2026-05-29T01:54:46.078+0200] {dag.py:3696} INFO - Setting next_dagrun for example_bash_operator to 2026-05-27T00:00:00+00:00, run_after=2026-05-28T00:00:00+00:00
[2026-05-29T01:54:46.099+0200] {processor.py:179} INFO - Processing /home/frederic/airflow_venv/lib/python3.10/site-packages/airflow/example_dags/example_bash_operator.py took 0.095 seconds
[2026-05-29T01:55:47.625+0200] {processor.py:157} INFO - Started process (PID=624941) to work on /home/frederic/airflow_venv/lib/python3.10/site-packages/airflow/example_dags/example_bash_operator.py
[2026-05-29T01:55:47.629+0200] {processor.py:829} INFO - Processing file /home/frederic/airflow_venv/lib/python3.10/site-packages/airflow/example_dags/example_bash_operator.py for tasks to queue
[2026-05-29T01:55:47.630+0200] {logging_mixin.py:151} INFO - [2026-05-29T01:55:47.630+0200] {dagbag.py:539} INFO - Filling up the DagBag from /home/frederic/airflow_venv/lib/python3.10/site-packages/airflow/example_dags/example_bash_operator.py
[2026-05-29T01:55:47.643+0200] {processor.py:839} INFO - DAG(s) dict_keys(['example_bash_operator']) retrieved from /home/frederic/airflow_venv/lib/python3.10/site-packages/airflow/example_dags/example_bash_operator.py
[2026-05-29T01:55:47.672+0200] {logging_mixin.py:151} INFO - [2026-05-29T01:55:47.672+0200] {dag.py:2915} INFO - Sync 1 DAGs
[2026-05-29T01:55:47.696+0200] {logging_mixin.py:151} INFO - [2026-05-29T01:55:47.696+0200] {dag.py:3696} INFO - Setting next_dagrun for example_bash_operator to 2026-05-27T00:00:00+00:00, run_after=2026-05-28T00:00:00+00:00
[2026-05-29T01:55:47.717+0200] {processor.py:179} INFO - Processing /home/frederic/airflow_venv/lib/python3.10/site-packages/airflow/example_dags/example_bash_operator.py took 0.095 seconds
[2026-05-29T01:56:10.840+0200] {processor.py:157} INFO - Started process (PID=625680) to work on /home/frederic/airflow_venv/lib/python3.10/site-packages/airflow/example_dags/example_bash_operator.py
[2026-05-29T01:56:10.842+0200] {processor.py:829} INFO - Processing file /home/frederic/airflow_venv/lib/python3.10/site-packages/airflow/example_dags/example_bash_operator.py for tasks to queue
[2026-05-29T01:56:10.843+0200] {logging_mixin.py:151} INFO - [2026-05-29T01:56:10.843+0200] {dagbag.py:539} INFO - Filling up the DagBag from /home/frederic/airflow_venv/lib/python3.10/site-packages/airflow/example_dags/example_bash_operator.py
[2026-05-29T01:56:10.859+0200] {processor.py:839} INFO - DAG(s) dict_keys(['example_bash_operator']) retrieved from /home/frederic/airflow_venv/lib/python3.10/site-packages/airflow/example_dags/example_bash_operator.py
[2026-05-29T01:56:10.886+0200] {logging_mixin.py:151} INFO - [2026-05-29T01:56:10.886+0200] {dag.py:2915} INFO - Sync 1 DAGs
[2026-05-29T01:56:10.910+0200] {logging_mixin.py:151} INFO - [2026-05-29T01:56:10.910+0200] {dag.py:3696} INFO - Setting next_dagrun for example_bash_operator to 2026-05-27T00:00:00+00:00, run_after=2026-05-28T00:00:00+00:00
[2026-05-29T01:56:10.929+0200] {processor.py:179} INFO - Processing /home/frederic/airflow_venv/lib/python3.10/site-packages/airflow/example_dags/example_bash_operator.py took 0.093 seconds
[2026-05-29T01:56:52.385+0200] {processor.py:157} INFO - Started process (PID=627011) to work on /home/frederic/airflow_venv/lib/python3.10/site-packages/airflow/example_dags/example_bash_operator.py
[2026-05-29T01:56:52.386+0200] {processor.py:829} INFO - Processing file /home/frederic/airflow_venv/lib/python3.10/site-packages/airflow/example_dags/example_bash_operator.py for tasks to queue
[2026-05-29T01:56:52.387+0200] {logging_mixin.py:151} INFO - [2026-05-29T01:56:52.387+0200] {dagbag.py:539} INFO - Filling up the DagBag from /home/frederic/airflow_venv/lib/python3.10/site-packages/airflow/example_dags/example_bash_operator.py
[2026-05-29T01:56:52.399+0200] {processor.py:839} INFO - DAG(s) dict_keys(['example_bash_operator']) retrieved from /home/frederic/airflow_venv/lib/python3.10/site-packages/airflow/example_dags/example_bash_operator.py
[2026-05-29T01:56:52.424+0200] {logging_mixin.py:151} INFO - [2026-05-29T01:56:52.423+0200] {dag.py:2915} INFO - Sync 1 DAGs
[2026-05-29T01:56:52.445+0200] {logging_mixin.py:151} INFO - [2026-05-29T01:56:52.444+0200] {dag.py:3696} INFO - Setting next_dagrun for example_bash_operator to 2026-05-27T00:00:00+00:00, run_after=2026-05-28T00:00:00+00:00
[2026-05-29T01:56:52.463+0200] {processor.py:179} INFO - Processing /home/frederic/airflow_venv/lib/python3.10/site-packages/airflow/example_dags/example_bash_operator.py took 0.080 seconds
[2026-05-29T01:57:10.338+0200] {processor.py:157} INFO - Started process (PID=627527) to work on /home/frederic/airflow_venv/lib/python3.10/site-packages/airflow/example_dags/example_bash_operator.py
[2026-05-29T01:57:10.339+0200] {processor.py:829} INFO - Processing file /home/frederic/airflow_venv/lib/python3.10/site-packages/airflow/example_dags/example_bash_operator.py for tasks to queue
[2026-05-29T01:57:10.339+0200] {logging_mixin.py:151} INFO - [2026-05-29T01:57:10.339+0200] {dagbag.py:539} INFO - Filling up the DagBag from /home/frederic/airflow_venv/lib/python3.10/site-packages/airflow/example_dags/example_bash_operator.py
[2026-05-29T01:57:10.350+0200] {processor.py:839} INFO - DAG(s) dict_keys(['example_bash_operator']) retrieved from /home/frederic/airflow_venv/lib/python3.10/site-packages/airflow/example_dags/example_bash_operator.py
[2026-05-29T01:57:10.373+0200] {logging_mixin.py:151} INFO - [2026-05-29T01:57:10.373+0200] {dag.py:2915} INFO - Sync 1 DAGs
[2026-05-29T01:57:10.393+0200] {logging_mixin.py:151} INFO - [2026-05-29T01:57:10.392+0200] {dag.py:3696} INFO - Setting next_dagrun for example_bash_operator to 2026-05-27T00:00:00+00:00, run_after=2026-05-28T00:00:00+00:00
[2026-05-29T01:57:10.413+0200] {processor.py:179} INFO - Processing /home/frederic/airflow_venv/lib/python3.10/site-packages/airflow/example_dags/example_bash_operator.py took 0.077 seconds
[2026-05-29T01:57:39.795+0200] {processor.py:157} INFO - Started process (PID=628573) to work on /home/frederic/airflow_venv/lib/python3.10/site-packages/airflow/example_dags/example_bash_operator.py
[2026-05-29T01:57:39.797+0200] {processor.py:829} INFO - Processing file /home/frederic/airflow_venv/lib/python3.10/site-packages/airflow/example_dags/example_bash_operator.py for tasks to queue
[2026-05-29T01:57:39.797+0200] {logging_mixin.py:151} INFO - [2026-05-29T01:57:39.797+0200] {dagbag.py:539} INFO - Filling up the DagBag from /home/frederic/airflow_venv/lib/python3.10/site-packages/airflow/example_dags/example_bash_operator.py
[2026-05-29T01:57:39.808+0200] {processor.py:839} INFO - DAG(s) dict_keys(['example_bash_operator']) retrieved from /home/frederic/airflow_venv/lib/python3.10/site-packages/airflow/example_dags/example_bash_operator.py
[2026-05-29T01:57:39.831+0200] {logging_mixin.py:151} INFO - [2026-05-29T01:57:39.830+0200] {dag.py:2915} INFO - Sync 1 DAGs
[2026-05-29T01:57:39.851+0200] {logging_mixin.py:151} INFO - [2026-05-29T01:57:39.850+0200] {dag.py:3696} INFO - Setting next_dagrun for example_bash_operator to 2026-05-27T00:00:00+00:00, run_after=2026-05-28T00:00:00+00:00
[2026-05-29T01:57:39.868+0200] {processor.py:179} INFO - Processing /home/frederic/airflow_venv/lib/python3.10/site-packages/airflow/example_dags/example_bash_operator.py took 0.076 seconds
[2026-05-29T01:57:58.026+0200] {processor.py:157} INFO - Started process (PID=629307) to work on /home/frederic/airflow_venv/lib/python3.10/site-packages/airflow/example_dags/example_bash_operator.py
[2026-05-29T01:57:58.027+0200] {processor.py:829} INFO - Processing file /home/frederic/airflow_venv/lib/python3.10/site-packages/airflow/example_dags/example_bash_operator.py for tasks to queue
[2026-05-29T01:57:58.028+0200] {logging_mixin.py:151} INFO - [2026-05-29T01:57:58.028+0200] {dagbag.py:539} INFO - Filling up the DagBag from /home/frederic/airflow_venv/lib/python3.10/site-packages/airflow/example_dags/example_bash_operator.py
[2026-05-29T01:57:58.041+0200] {processor.py:839} INFO - DAG(s) dict_keys(['example_bash_operator']) retrieved from /home/frederic/airflow_venv/lib/python3.10/site-packages/airflow/example_dags/example_bash_operator.py
[2026-05-29T01:57:58.068+0200] {logging_mixin.py:151} INFO - [2026-05-29T01:57:58.068+0200] {dag.py:2915} INFO - Sync 1 DAGs
[2026-05-29T01:57:58.092+0200] {logging_mixin.py:151} INFO - [2026-05-29T01:57:58.092+0200] {dag.py:3696} INFO - Setting next_dagrun for example_bash_operator to 2026-05-27T00:00:00+00:00, run_after=2026-05-28T00:00:00+00:00
[2026-05-29T01:57:58.113+0200] {processor.py:179} INFO - Processing /home/frederic/airflow_venv/lib/python3.10/site-packages/airflow/example_dags/example_bash_operator.py took 0.090 seconds
[2026-05-29T01:58:26.431+0200] {processor.py:157} INFO - Started process (PID=630288) to work on /home/frederic/airflow_venv/lib/python3.10/site-packages/airflow/example_dags/example_bash_operator.py
[2026-05-29T01:58:26.432+0200] {processor.py:829} INFO - Processing file /home/frederic/airflow_venv/lib/python3.10/site-packages/airflow/example_dags/example_bash_operator.py for tasks to queue
[2026-05-29T01:58:26.433+0200] {logging_mixin.py:151} INFO - [2026-05-29T01:58:26.432+0200] {dagbag.py:539} INFO - Filling up the DagBag from /home/frederic/airflow_venv/lib/python3.10/site-packages/airflow/example_dags/example_bash_operator.py
[2026-05-29T01:58:26.446+0200] {processor.py:839} INFO - DAG(s) dict_keys(['example_bash_operator']) retrieved from /home/frederic/airflow_venv/lib/python3.10/site-packages/airflow/example_dags/example_bash_operator.py
[2026-05-29T01:58:26.469+0200] {logging_mixin.py:151} INFO - [2026-05-29T01:58:26.468+0200] {dag.py:2915} INFO - Sync 1 DAGs
[2026-05-29T01:58:26.487+0200] {logging_mixin.py:151} INFO - [2026-05-29T01:58:26.487+0200] {dag.py:3696} INFO - Setting next_dagrun for example_bash_operator to 2026-05-27T00:00:00+00:00, run_after=2026-05-28T00:00:00+00:00
[2026-05-29T01:58:26.553+0200] {processor.py:179} INFO - Processing /home/frederic/airflow_venv/lib/python3.10/site-packages/airflow/example_dags/example_bash_operator.py took 0.126 seconds
[2026-05-29T01:58:58.018+0200] {processor.py:157} INFO - Started process (PID=631436) to work on /home/frederic/airflow_venv/lib/python3.10/site-packages/airflow/example_dags/example_bash_operator.py
[2026-05-29T01:58:58.019+0200] {processor.py:829} INFO - Processing file /home/frederic/airflow_venv/lib/python3.10/site-packages/airflow/example_dags/example_bash_operator.py for tasks to queue
[2026-05-29T01:58:58.020+0200] {logging_mixin.py:151} INFO - [2026-05-29T01:58:58.020+0200] {dagbag.py:539} INFO - Filling up the DagBag from /home/frederic/airflow_venv/lib/python3.10/site-packages/airflow/example_dags/example_bash_operator.py
[2026-05-29T01:58:58.036+0200] {processor.py:839} INFO - DAG(s) dict_keys(['example_bash_operator']) retrieved from /home/frederic/airflow_venv/lib/python3.10/site-packages/airflow/example_dags/example_bash_operator.py
[2026-05-29T01:58:58.064+0200] {logging_mixin.py:151} INFO - [2026-05-29T01:58:58.064+0200] {dag.py:2915} INFO - Sync 1 DAGs
[2026-05-29T01:58:58.089+0200] {logging_mixin.py:151} INFO - [2026-05-29T01:58:58.089+0200] {dag.py:3696} INFO - Setting next_dagrun for example_bash_operator to 2026-05-27T00:00:00+00:00, run_after=2026-05-28T00:00:00+00:00
[2026-05-29T01:58:58.114+0200] {processor.py:179} INFO - Processing /home/frederic/airflow_venv/lib/python3.10/site-packages/airflow/example_dags/example_bash_operator.py took 0.099 seconds
[2026-05-29T01:59:20.354+0200] {processor.py:157} INFO - Started process (PID=632087) to work on /home/frederic/airflow_venv/lib/python3.10/site-packages/airflow/example_dags/example_bash_operator.py
[2026-05-29T01:59:20.354+0200] {processor.py:829} INFO - Processing file /home/frederic/airflow_venv/lib/python3.10/site-packages/airflow/example_dags/example_bash_operator.py for tasks to queue
[2026-05-29T01:59:20.355+0200] {logging_mixin.py:151} INFO - [2026-05-29T01:59:20.355+0200] {dagbag.py:539} INFO - Filling up the DagBag from /home/frederic/airflow_venv/lib/python3.10/site-packages/airflow/example_dags/example_bash_operator.py
[2026-05-29T01:59:20.365+0200] {processor.py:839} INFO - DAG(s) dict_keys(['example_bash_operator']) retrieved from /home/frederic/airflow_venv/lib/python3.10/site-packages/airflow/example_dags/example_bash_operator.py
[2026-05-29T01:59:20.386+0200] {logging_mixin.py:151} INFO - [2026-05-29T01:59:20.386+0200] {dag.py:2915} INFO - Sync 1 DAGs
[2026-05-29T01:59:20.405+0200] {logging_mixin.py:151} INFO - [2026-05-29T01:59:20.405+0200] {dag.py:3696} INFO - Setting next_dagrun for example_bash_operator to 2026-05-27T00:00:00+00:00, run_after=2026-05-28T00:00:00+00:00
[2026-05-29T01:59:20.426+0200] {processor.py:179} INFO - Processing /home/frederic/airflow_venv/lib/python3.10/site-packages/airflow/example_dags/example_bash_operator.py took 0.075 seconds
[2026-05-29T01:59:46.493+0200] {processor.py:157} INFO - Started process (PID=632790) to work on /home/frederic/airflow_venv/lib/python3.10/site-packages/airflow/example_dags/example_bash_operator.py
[2026-05-29T01:59:46.494+0200] {processor.py:829} INFO - Processing file /home/frederic/airflow_venv/lib/python3.10/site-packages/airflow/example_dags/example_bash_operator.py for tasks to queue
[2026-05-29T01:59:46.495+0200] {logging_mixin.py:151} INFO - [2026-05-29T01:59:46.495+0200] {dagbag.py:539} INFO - Filling up the DagBag from /home/frederic/airflow_venv/lib/python3.10/site-packages/airflow/example_dags/example_bash_operator.py
[2026-05-29T01:59:46.507+0200] {processor.py:839} INFO - DAG(s) dict_keys(['example_bash_operator']) retrieved from /home/frederic/airflow_venv/lib/python3.10/site-packages/airflow/example_dags/example_bash_operator.py
[2026-05-29T01:59:46.532+0200] {logging_mixin.py:151} INFO - [2026-05-29T01:59:46.531+0200] {dag.py:2915} INFO - Sync 1 DAGs
[2026-05-29T01:59:46.551+0200] {logging_mixin.py:151} INFO - [2026-05-29T01:59:46.550+0200] {dag.py:3696} INFO - Setting next_dagrun for example_bash_operator to 2026-05-27T00:00:00+00:00, run_after=2026-05-28T00:00:00+00:00
[2026-05-29T01:59:46.568+0200] {processor.py:179} INFO - Processing /home/frederic/airflow_venv/lib/python3.10/site-packages/airflow/example_dags/example_bash_operator.py took 0.077 seconds
