[2026-05-29T01:37:14.853+0200] {processor.py:157} INFO - Started process (PID=594605) to work on /home/frederic/airflow_venv/lib/python3.10/site-packages/airflow/example_dags/example_branch_python_dop_operator_3.py
[2026-05-29T01:37:14.854+0200] {processor.py:829} INFO - Processing file /home/frederic/airflow_venv/lib/python3.10/site-packages/airflow/example_dags/example_branch_python_dop_operator_3.py for tasks to queue
[2026-05-29T01:37:14.855+0200] {logging_mixin.py:151} INFO - [2026-05-29T01:37:14.854+0200] {dagbag.py:539} INFO - Filling up the DagBag from /home/frederic/airflow_venv/lib/python3.10/site-packages/airflow/example_dags/example_branch_python_dop_operator_3.py
[2026-05-29T01:37:14.863+0200] {processor.py:839} INFO - DAG(s) dict_keys(['example_branch_dop_operator_v3']) retrieved from /home/frederic/airflow_venv/lib/python3.10/site-packages/airflow/example_dags/example_branch_python_dop_operator_3.py
[2026-05-29T01:37:14.956+0200] {logging_mixin.py:151} INFO - [2026-05-29T01:37:14.955+0200] {manager.py:499} INFO - Created Permission View: %s
[2026-05-29T01:37:14.964+0200] {logging_mixin.py:151} INFO - [2026-05-29T01:37:14.964+0200] {manager.py:499} INFO - Created Permission View: %s
[2026-05-29T01:37:14.970+0200] {logging_mixin.py:151} INFO - [2026-05-29T01:37:14.969+0200] {manager.py:499} INFO - Created Permission View: %s
[2026-05-29T01:37:14.970+0200] {logging_mixin.py:151} INFO - [2026-05-29T01:37:14.970+0200] {security.py:708} INFO - Not syncing DAG-level permissions for DAG 'DAG:example_branch_dop_operator_v3' as access control is unset.
[2026-05-29T01:37:14.970+0200] {logging_mixin.py:151} INFO - [2026-05-29T01:37:14.970+0200] {dag.py:2915} INFO - Sync 1 DAGs
[2026-05-29T01:37:14.979+0200] {logging_mixin.py:151} INFO - [2026-05-29T01:37:14.979+0200] {dag.py:2937} INFO - Creating ORM DAG for example_branch_dop_operator_v3
[2026-05-29T01:37:14.992+0200] {logging_mixin.py:151} INFO - [2026-05-29T01:37:14.992+0200] {dag.py:3696} INFO - Setting next_dagrun for example_branch_dop_operator_v3 to 2026-05-28T23:36:00+00:00, run_after=2026-05-28T23:37:00+00:00
[2026-05-29T01:37:15.007+0200] {processor.py:179} INFO - Processing /home/frederic/airflow_venv/lib/python3.10/site-packages/airflow/example_dags/example_branch_python_dop_operator_3.py took 0.158 seconds
[2026-05-29T01:37:59.802+0200] {processor.py:157} INFO - Started process (PID=595389) to work on /home/frederic/airflow_venv/lib/python3.10/site-packages/airflow/example_dags/example_branch_python_dop_operator_3.py
[2026-05-29T01:37:59.804+0200] {processor.py:829} INFO - Processing file /home/frederic/airflow_venv/lib/python3.10/site-packages/airflow/example_dags/example_branch_python_dop_operator_3.py for tasks to queue
[2026-05-29T01:37:59.804+0200] {logging_mixin.py:151} INFO - [2026-05-29T01:37:59.804+0200] {dagbag.py:539} INFO - Filling up the DagBag from /home/frederic/airflow_venv/lib/python3.10/site-packages/airflow/example_dags/example_branch_python_dop_operator_3.py
[2026-05-29T01:37:59.812+0200] {processor.py:839} INFO - DAG(s) dict_keys(['example_branch_dop_operator_v3']) retrieved from /home/frederic/airflow_venv/lib/python3.10/site-packages/airflow/example_dags/example_branch_python_dop_operator_3.py
[2026-05-29T01:37:59.825+0200] {logging_mixin.py:151} INFO - [2026-05-29T01:37:59.825+0200] {dag.py:2915} INFO - Sync 1 DAGs
[2026-05-29T01:37:59.846+0200] {logging_mixin.py:151} INFO - [2026-05-29T01:37:59.846+0200] {dag.py:3696} INFO - Setting next_dagrun for example_branch_dop_operator_v3 to 2026-05-28T23:36:00+00:00, run_after=2026-05-28T23:37:00+00:00
[2026-05-29T01:37:59.864+0200] {processor.py:179} INFO - Processing /home/frederic/airflow_venv/lib/python3.10/site-packages/airflow/example_dags/example_branch_python_dop_operator_3.py took 0.065 seconds
[2026-05-29T01:38:45.048+0200] {processor.py:157} INFO - Started process (PID=596416) to work on /home/frederic/airflow_venv/lib/python3.10/site-packages/airflow/example_dags/example_branch_python_dop_operator_3.py
[2026-05-29T01:38:45.052+0200] {processor.py:829} INFO - Processing file /home/frederic/airflow_venv/lib/python3.10/site-packages/airflow/example_dags/example_branch_python_dop_operator_3.py for tasks to queue
[2026-05-29T01:38:45.052+0200] {logging_mixin.py:151} INFO - [2026-05-29T01:38:45.052+0200] {dagbag.py:539} INFO - Filling up the DagBag from /home/frederic/airflow_venv/lib/python3.10/site-packages/airflow/example_dags/example_branch_python_dop_operator_3.py
[2026-05-29T01:38:45.060+0200] {processor.py:839} INFO - DAG(s) dict_keys(['example_branch_dop_operator_v3']) retrieved from /home/frederic/airflow_venv/lib/python3.10/site-packages/airflow/example_dags/example_branch_python_dop_operator_3.py
[2026-05-29T01:38:45.075+0200] {logging_mixin.py:151} INFO - [2026-05-29T01:38:45.074+0200] {dag.py:2915} INFO - Sync 1 DAGs
[2026-05-29T01:38:45.097+0200] {logging_mixin.py:151} INFO - [2026-05-29T01:38:45.097+0200] {dag.py:3696} INFO - Setting next_dagrun for example_branch_dop_operator_v3 to 2026-05-28T23:37:00+00:00, run_after=2026-05-28T23:38:00+00:00
[2026-05-29T01:38:45.112+0200] {processor.py:179} INFO - Processing /home/frederic/airflow_venv/lib/python3.10/site-packages/airflow/example_dags/example_branch_python_dop_operator_3.py took 0.067 seconds
[2026-05-29T01:39:32.620+0200] {processor.py:157} INFO - Started process (PID=597499) to work on /home/frederic/airflow_venv/lib/python3.10/site-packages/airflow/example_dags/example_branch_python_dop_operator_3.py
[2026-05-29T01:39:32.622+0200] {processor.py:829} INFO - Processing file /home/frederic/airflow_venv/lib/python3.10/site-packages/airflow/example_dags/example_branch_python_dop_operator_3.py for tasks to queue
[2026-05-29T01:39:32.623+0200] {logging_mixin.py:151} INFO - [2026-05-29T01:39:32.622+0200] {dagbag.py:539} INFO - Filling up the DagBag from /home/frederic/airflow_venv/lib/python3.10/site-packages/airflow/example_dags/example_branch_python_dop_operator_3.py
[2026-05-29T01:39:32.630+0200] {processor.py:839} INFO - DAG(s) dict_keys(['example_branch_dop_operator_v3']) retrieved from /home/frederic/airflow_venv/lib/python3.10/site-packages/airflow/example_dags/example_branch_python_dop_operator_3.py
[2026-05-29T01:39:32.644+0200] {logging_mixin.py:151} INFO - [2026-05-29T01:39:32.644+0200] {dag.py:2915} INFO - Sync 1 DAGs
[2026-05-29T01:39:32.666+0200] {logging_mixin.py:151} INFO - [2026-05-29T01:39:32.666+0200] {dag.py:3696} INFO - Setting next_dagrun for example_branch_dop_operator_v3 to 2026-05-28T23:38:00+00:00, run_after=2026-05-28T23:39:00+00:00
[2026-05-29T01:39:32.683+0200] {processor.py:179} INFO - Processing /home/frederic/airflow_venv/lib/python3.10/site-packages/airflow/example_dags/example_branch_python_dop_operator_3.py took 0.065 seconds
[2026-05-29T01:40:21.236+0200] {processor.py:157} INFO - Started process (PID=598750) to work on /home/frederic/airflow_venv/lib/python3.10/site-packages/airflow/example_dags/example_branch_python_dop_operator_3.py
[2026-05-29T01:40:21.237+0200] {processor.py:829} INFO - Processing file /home/frederic/airflow_venv/lib/python3.10/site-packages/airflow/example_dags/example_branch_python_dop_operator_3.py for tasks to queue
[2026-05-29T01:40:21.238+0200] {logging_mixin.py:151} INFO - [2026-05-29T01:40:21.238+0200] {dagbag.py:539} INFO - Filling up the DagBag from /home/frederic/airflow_venv/lib/python3.10/site-packages/airflow/example_dags/example_branch_python_dop_operator_3.py
[2026-05-29T01:40:21.246+0200] {processor.py:839} INFO - DAG(s) dict_keys(['example_branch_dop_operator_v3']) retrieved from /home/frederic/airflow_venv/lib/python3.10/site-packages/airflow/example_dags/example_branch_python_dop_operator_3.py
[2026-05-29T01:40:21.264+0200] {logging_mixin.py:151} INFO - [2026-05-29T01:40:21.263+0200] {dag.py:2915} INFO - Sync 1 DAGs
[2026-05-29T01:40:21.305+0200] {logging_mixin.py:151} INFO - [2026-05-29T01:40:21.305+0200] {dag.py:3696} INFO - Setting next_dagrun for example_branch_dop_operator_v3 to 2026-05-28T23:39:00+00:00, run_after=2026-05-28T23:40:00+00:00
[2026-05-29T01:40:21.348+0200] {processor.py:179} INFO - Processing /home/frederic/airflow_venv/lib/python3.10/site-packages/airflow/example_dags/example_branch_python_dop_operator_3.py took 0.115 seconds
[2026-05-29T01:41:08.197+0200] {processor.py:157} INFO - Started process (PID=599736) to work on /home/frederic/airflow_venv/lib/python3.10/site-packages/airflow/example_dags/example_branch_python_dop_operator_3.py
[2026-05-29T01:41:08.198+0200] {processor.py:829} INFO - Processing file /home/frederic/airflow_venv/lib/python3.10/site-packages/airflow/example_dags/example_branch_python_dop_operator_3.py for tasks to queue
[2026-05-29T01:41:08.199+0200] {logging_mixin.py:151} INFO - [2026-05-29T01:41:08.199+0200] {dagbag.py:539} INFO - Filling up the DagBag from /home/frederic/airflow_venv/lib/python3.10/site-packages/airflow/example_dags/example_branch_python_dop_operator_3.py
[2026-05-29T01:41:08.207+0200] {processor.py:839} INFO - DAG(s) dict_keys(['example_branch_dop_operator_v3']) retrieved from /home/frederic/airflow_venv/lib/python3.10/site-packages/airflow/example_dags/example_branch_python_dop_operator_3.py
[2026-05-29T01:41:08.219+0200] {logging_mixin.py:151} INFO - [2026-05-29T01:41:08.219+0200] {dag.py:2915} INFO - Sync 1 DAGs
[2026-05-29T01:41:08.240+0200] {logging_mixin.py:151} INFO - [2026-05-29T01:41:08.240+0200] {dag.py:3696} INFO - Setting next_dagrun for example_branch_dop_operator_v3 to 2026-05-28T23:40:00+00:00, run_after=2026-05-28T23:41:00+00:00
[2026-05-29T01:41:08.257+0200] {processor.py:179} INFO - Processing /home/frederic/airflow_venv/lib/python3.10/site-packages/airflow/example_dags/example_branch_python_dop_operator_3.py took 0.062 seconds
[2026-05-29T01:41:51.664+0200] {processor.py:157} INFO - Started process (PID=600996) to work on /home/frederic/airflow_venv/lib/python3.10/site-packages/airflow/example_dags/example_branch_python_dop_operator_3.py
[2026-05-29T01:41:51.668+0200] {processor.py:829} INFO - Processing file /home/frederic/airflow_venv/lib/python3.10/site-packages/airflow/example_dags/example_branch_python_dop_operator_3.py for tasks to queue
[2026-05-29T01:41:51.668+0200] {logging_mixin.py:151} INFO - [2026-05-29T01:41:51.668+0200] {dagbag.py:539} INFO - Filling up the DagBag from /home/frederic/airflow_venv/lib/python3.10/site-packages/airflow/example_dags/example_branch_python_dop_operator_3.py
[2026-05-29T01:41:51.676+0200] {processor.py:839} INFO - DAG(s) dict_keys(['example_branch_dop_operator_v3']) retrieved from /home/frederic/airflow_venv/lib/python3.10/site-packages/airflow/example_dags/example_branch_python_dop_operator_3.py
[2026-05-29T01:41:51.690+0200] {logging_mixin.py:151} INFO - [2026-05-29T01:41:51.690+0200] {dag.py:2915} INFO - Sync 1 DAGs
[2026-05-29T01:41:51.714+0200] {logging_mixin.py:151} INFO - [2026-05-29T01:41:51.714+0200] {dag.py:3696} INFO - Setting next_dagrun for example_branch_dop_operator_v3 to 2026-05-28T23:40:00+00:00, run_after=2026-05-28T23:41:00+00:00
[2026-05-29T01:41:51.730+0200] {processor.py:179} INFO - Processing /home/frederic/airflow_venv/lib/python3.10/site-packages/airflow/example_dags/example_branch_python_dop_operator_3.py took 0.068 seconds
[2026-05-29T01:42:36.746+0200] {processor.py:157} INFO - Started process (PID=601806) to work on /home/frederic/airflow_venv/lib/python3.10/site-packages/airflow/example_dags/example_branch_python_dop_operator_3.py
[2026-05-29T01:42:36.750+0200] {processor.py:829} INFO - Processing file /home/frederic/airflow_venv/lib/python3.10/site-packages/airflow/example_dags/example_branch_python_dop_operator_3.py for tasks to queue
[2026-05-29T01:42:36.750+0200] {logging_mixin.py:151} INFO - [2026-05-29T01:42:36.750+0200] {dagbag.py:539} INFO - Filling up the DagBag from /home/frederic/airflow_venv/lib/python3.10/site-packages/airflow/example_dags/example_branch_python_dop_operator_3.py
[2026-05-29T01:42:36.761+0200] {processor.py:839} INFO - DAG(s) dict_keys(['example_branch_dop_operator_v3']) retrieved from /home/frederic/airflow_venv/lib/python3.10/site-packages/airflow/example_dags/example_branch_python_dop_operator_3.py
[2026-05-29T01:42:36.786+0200] {logging_mixin.py:151} INFO - [2026-05-29T01:42:36.785+0200] {dag.py:2915} INFO - Sync 1 DAGs
[2026-05-29T01:42:36.813+0200] {logging_mixin.py:151} INFO - [2026-05-29T01:42:36.813+0200] {dag.py:3696} INFO - Setting next_dagrun for example_branch_dop_operator_v3 to 2026-05-28T23:41:00+00:00, run_after=2026-05-28T23:42:00+00:00
[2026-05-29T01:42:36.830+0200] {processor.py:179} INFO - Processing /home/frederic/airflow_venv/lib/python3.10/site-packages/airflow/example_dags/example_branch_python_dop_operator_3.py took 0.087 seconds
[2026-05-29T01:43:25.372+0200] {processor.py:157} INFO - Started process (PID=602699) to work on /home/frederic/airflow_venv/lib/python3.10/site-packages/airflow/example_dags/example_branch_python_dop_operator_3.py
[2026-05-29T01:43:25.375+0200] {processor.py:829} INFO - Processing file /home/frederic/airflow_venv/lib/python3.10/site-packages/airflow/example_dags/example_branch_python_dop_operator_3.py for tasks to queue
[2026-05-29T01:43:25.376+0200] {logging_mixin.py:151} INFO - [2026-05-29T01:43:25.376+0200] {dagbag.py:539} INFO - Filling up the DagBag from /home/frederic/airflow_venv/lib/python3.10/site-packages/airflow/example_dags/example_branch_python_dop_operator_3.py
[2026-05-29T01:43:25.383+0200] {processor.py:839} INFO - DAG(s) dict_keys(['example_branch_dop_operator_v3']) retrieved from /home/frederic/airflow_venv/lib/python3.10/site-packages/airflow/example_dags/example_branch_python_dop_operator_3.py
[2026-05-29T01:43:25.394+0200] {logging_mixin.py:151} INFO - [2026-05-29T01:43:25.394+0200] {dag.py:2915} INFO - Sync 1 DAGs
[2026-05-29T01:43:25.416+0200] {logging_mixin.py:151} INFO - [2026-05-29T01:43:25.415+0200] {dag.py:3696} INFO - Setting next_dagrun for example_branch_dop_operator_v3 to 2026-05-28T23:42:00+00:00, run_after=2026-05-28T23:43:00+00:00
[2026-05-29T01:43:25.430+0200] {processor.py:179} INFO - Processing /home/frederic/airflow_venv/lib/python3.10/site-packages/airflow/example_dags/example_branch_python_dop_operator_3.py took 0.061 seconds
[2026-05-29T01:44:15.636+0200] {processor.py:157} INFO - Started process (PID=603582) to work on /home/frederic/airflow_venv/lib/python3.10/site-packages/airflow/example_dags/example_branch_python_dop_operator_3.py
[2026-05-29T01:44:15.637+0200] {processor.py:829} INFO - Processing file /home/frederic/airflow_venv/lib/python3.10/site-packages/airflow/example_dags/example_branch_python_dop_operator_3.py for tasks to queue
[2026-05-29T01:44:15.637+0200] {logging_mixin.py:151} INFO - [2026-05-29T01:44:15.637+0200] {dagbag.py:539} INFO - Filling up the DagBag from /home/frederic/airflow_venv/lib/python3.10/site-packages/airflow/example_dags/example_branch_python_dop_operator_3.py
[2026-05-29T01:44:15.644+0200] {processor.py:839} INFO - DAG(s) dict_keys(['example_branch_dop_operator_v3']) retrieved from /home/frederic/airflow_venv/lib/python3.10/site-packages/airflow/example_dags/example_branch_python_dop_operator_3.py
[2026-05-29T01:44:15.657+0200] {logging_mixin.py:151} INFO - [2026-05-29T01:44:15.657+0200] {dag.py:2915} INFO - Sync 1 DAGs
[2026-05-29T01:44:15.681+0200] {logging_mixin.py:151} INFO - [2026-05-29T01:44:15.681+0200] {dag.py:3696} INFO - Setting next_dagrun for example_branch_dop_operator_v3 to 2026-05-28T23:43:00+00:00, run_after=2026-05-28T23:44:00+00:00
[2026-05-29T01:44:15.700+0200] {processor.py:179} INFO - Processing /home/frederic/airflow_venv/lib/python3.10/site-packages/airflow/example_dags/example_branch_python_dop_operator_3.py took 0.066 seconds
[2026-05-29T01:45:02.611+0200] {processor.py:157} INFO - Started process (PID=605067) to work on /home/frederic/airflow_venv/lib/python3.10/site-packages/airflow/example_dags/example_branch_python_dop_operator_3.py
[2026-05-29T01:45:02.614+0200] {processor.py:829} INFO - Processing file /home/frederic/airflow_venv/lib/python3.10/site-packages/airflow/example_dags/example_branch_python_dop_operator_3.py for tasks to queue
[2026-05-29T01:45:02.615+0200] {logging_mixin.py:151} INFO - [2026-05-29T01:45:02.615+0200] {dagbag.py:539} INFO - Filling up the DagBag from /home/frederic/airflow_venv/lib/python3.10/site-packages/airflow/example_dags/example_branch_python_dop_operator_3.py
[2026-05-29T01:45:02.622+0200] {processor.py:839} INFO - DAG(s) dict_keys(['example_branch_dop_operator_v3']) retrieved from /home/frederic/airflow_venv/lib/python3.10/site-packages/airflow/example_dags/example_branch_python_dop_operator_3.py
[2026-05-29T01:45:02.635+0200] {logging_mixin.py:151} INFO - [2026-05-29T01:45:02.634+0200] {dag.py:2915} INFO - Sync 1 DAGs
[2026-05-29T01:45:02.655+0200] {logging_mixin.py:151} INFO - [2026-05-29T01:45:02.655+0200] {dag.py:3696} INFO - Setting next_dagrun for example_branch_dop_operator_v3 to 2026-05-28T23:44:00+00:00, run_after=2026-05-28T23:45:00+00:00
[2026-05-29T01:45:02.670+0200] {processor.py:179} INFO - Processing /home/frederic/airflow_venv/lib/python3.10/site-packages/airflow/example_dags/example_branch_python_dop_operator_3.py took 0.061 seconds
[2026-05-29T01:45:53.246+0200] {processor.py:157} INFO - Started process (PID=606805) to work on /home/frederic/airflow_venv/lib/python3.10/site-packages/airflow/example_dags/example_branch_python_dop_operator_3.py
[2026-05-29T01:45:53.249+0200] {processor.py:829} INFO - Processing file /home/frederic/airflow_venv/lib/python3.10/site-packages/airflow/example_dags/example_branch_python_dop_operator_3.py for tasks to queue
[2026-05-29T01:45:53.251+0200] {logging_mixin.py:151} INFO - [2026-05-29T01:45:53.250+0200] {dagbag.py:539} INFO - Filling up the DagBag from /home/frederic/airflow_venv/lib/python3.10/site-packages/airflow/example_dags/example_branch_python_dop_operator_3.py
[2026-05-29T01:45:53.259+0200] {processor.py:839} INFO - DAG(s) dict_keys(['example_branch_dop_operator_v3']) retrieved from /home/frederic/airflow_venv/lib/python3.10/site-packages/airflow/example_dags/example_branch_python_dop_operator_3.py
[2026-05-29T01:45:53.278+0200] {logging_mixin.py:151} INFO - [2026-05-29T01:45:53.277+0200] {dag.py:2915} INFO - Sync 1 DAGs
[2026-05-29T01:45:53.303+0200] {logging_mixin.py:151} INFO - [2026-05-29T01:45:53.302+0200] {dag.py:3696} INFO - Setting next_dagrun for example_branch_dop_operator_v3 to 2026-05-28T23:44:00+00:00, run_after=2026-05-28T23:45:00+00:00
[2026-05-29T01:45:53.319+0200] {processor.py:179} INFO - Processing /home/frederic/airflow_venv/lib/python3.10/site-packages/airflow/example_dags/example_branch_python_dop_operator_3.py took 0.076 seconds
[2026-05-29T01:46:42.910+0200] {processor.py:157} INFO - Started process (PID=609126) to work on /home/frederic/airflow_venv/lib/python3.10/site-packages/airflow/example_dags/example_branch_python_dop_operator_3.py
[2026-05-29T01:46:42.911+0200] {processor.py:829} INFO - Processing file /home/frederic/airflow_venv/lib/python3.10/site-packages/airflow/example_dags/example_branch_python_dop_operator_3.py for tasks to queue
[2026-05-29T01:46:42.912+0200] {logging_mixin.py:151} INFO - [2026-05-29T01:46:42.912+0200] {dagbag.py:539} INFO - Filling up the DagBag from /home/frederic/airflow_venv/lib/python3.10/site-packages/airflow/example_dags/example_branch_python_dop_operator_3.py
[2026-05-29T01:46:42.919+0200] {processor.py:839} INFO - DAG(s) dict_keys(['example_branch_dop_operator_v3']) retrieved from /home/frederic/airflow_venv/lib/python3.10/site-packages/airflow/example_dags/example_branch_python_dop_operator_3.py
[2026-05-29T01:46:42.934+0200] {logging_mixin.py:151} INFO - [2026-05-29T01:46:42.934+0200] {dag.py:2915} INFO - Sync 1 DAGs
[2026-05-29T01:46:42.955+0200] {logging_mixin.py:151} INFO - [2026-05-29T01:46:42.955+0200] {dag.py:3696} INFO - Setting next_dagrun for example_branch_dop_operator_v3 to 2026-05-28T23:45:00+00:00, run_after=2026-05-28T23:46:00+00:00
[2026-05-29T01:46:42.969+0200] {processor.py:179} INFO - Processing /home/frederic/airflow_venv/lib/python3.10/site-packages/airflow/example_dags/example_branch_python_dop_operator_3.py took 0.061 seconds
[2026-05-29T01:47:28.894+0200] {processor.py:157} INFO - Started process (PID=610400) to work on /home/frederic/airflow_venv/lib/python3.10/site-packages/airflow/example_dags/example_branch_python_dop_operator_3.py
[2026-05-29T01:47:28.897+0200] {processor.py:829} INFO - Processing file /home/frederic/airflow_venv/lib/python3.10/site-packages/airflow/example_dags/example_branch_python_dop_operator_3.py for tasks to queue
[2026-05-29T01:47:28.898+0200] {logging_mixin.py:151} INFO - [2026-05-29T01:47:28.898+0200] {dagbag.py:539} INFO - Filling up the DagBag from /home/frederic/airflow_venv/lib/python3.10/site-packages/airflow/example_dags/example_branch_python_dop_operator_3.py
[2026-05-29T01:47:28.907+0200] {processor.py:839} INFO - DAG(s) dict_keys(['example_branch_dop_operator_v3']) retrieved from /home/frederic/airflow_venv/lib/python3.10/site-packages/airflow/example_dags/example_branch_python_dop_operator_3.py
[2026-05-29T01:47:28.921+0200] {logging_mixin.py:151} INFO - [2026-05-29T01:47:28.921+0200] {dag.py:2915} INFO - Sync 1 DAGs
[2026-05-29T01:47:28.943+0200] {logging_mixin.py:151} INFO - [2026-05-29T01:47:28.943+0200] {dag.py:3696} INFO - Setting next_dagrun for example_branch_dop_operator_v3 to 2026-05-28T23:46:00+00:00, run_after=2026-05-28T23:47:00+00:00
[2026-05-29T01:47:28.959+0200] {processor.py:179} INFO - Processing /home/frederic/airflow_venv/lib/python3.10/site-packages/airflow/example_dags/example_branch_python_dop_operator_3.py took 0.067 seconds
[2026-05-29T01:48:13.264+0200] {processor.py:157} INFO - Started process (PID=611668) to work on /home/frederic/airflow_venv/lib/python3.10/site-packages/airflow/example_dags/example_branch_python_dop_operator_3.py
[2026-05-29T01:48:13.267+0200] {processor.py:829} INFO - Processing file /home/frederic/airflow_venv/lib/python3.10/site-packages/airflow/example_dags/example_branch_python_dop_operator_3.py for tasks to queue
[2026-05-29T01:48:13.268+0200] {logging_mixin.py:151} INFO - [2026-05-29T01:48:13.267+0200] {dagbag.py:539} INFO - Filling up the DagBag from /home/frederic/airflow_venv/lib/python3.10/site-packages/airflow/example_dags/example_branch_python_dop_operator_3.py
[2026-05-29T01:48:13.276+0200] {processor.py:839} INFO - DAG(s) dict_keys(['example_branch_dop_operator_v3']) retrieved from /home/frederic/airflow_venv/lib/python3.10/site-packages/airflow/example_dags/example_branch_python_dop_operator_3.py
[2026-05-29T01:48:13.291+0200] {logging_mixin.py:151} INFO - [2026-05-29T01:48:13.291+0200] {dag.py:2915} INFO - Sync 1 DAGs
[2026-05-29T01:48:13.315+0200] {logging_mixin.py:151} INFO - [2026-05-29T01:48:13.314+0200] {dag.py:3696} INFO - Setting next_dagrun for example_branch_dop_operator_v3 to 2026-05-28T23:47:00+00:00, run_after=2026-05-28T23:48:00+00:00
[2026-05-29T01:48:13.331+0200] {processor.py:179} INFO - Processing /home/frederic/airflow_venv/lib/python3.10/site-packages/airflow/example_dags/example_branch_python_dop_operator_3.py took 0.070 seconds
[2026-05-29T01:49:00.127+0200] {processor.py:157} INFO - Started process (PID=612963) to work on /home/frederic/airflow_venv/lib/python3.10/site-packages/airflow/example_dags/example_branch_python_dop_operator_3.py
[2026-05-29T01:49:00.130+0200] {processor.py:829} INFO - Processing file /home/frederic/airflow_venv/lib/python3.10/site-packages/airflow/example_dags/example_branch_python_dop_operator_3.py for tasks to queue
[2026-05-29T01:49:00.131+0200] {logging_mixin.py:151} INFO - [2026-05-29T01:49:00.131+0200] {dagbag.py:539} INFO - Filling up the DagBag from /home/frederic/airflow_venv/lib/python3.10/site-packages/airflow/example_dags/example_branch_python_dop_operator_3.py
[2026-05-29T01:49:00.139+0200] {processor.py:839} INFO - DAG(s) dict_keys(['example_branch_dop_operator_v3']) retrieved from /home/frederic/airflow_venv/lib/python3.10/site-packages/airflow/example_dags/example_branch_python_dop_operator_3.py
[2026-05-29T01:49:00.151+0200] {logging_mixin.py:151} INFO - [2026-05-29T01:49:00.151+0200] {dag.py:2915} INFO - Sync 1 DAGs
[2026-05-29T01:49:00.170+0200] {logging_mixin.py:151} INFO - [2026-05-29T01:49:00.170+0200] {dag.py:3696} INFO - Setting next_dagrun for example_branch_dop_operator_v3 to 2026-05-28T23:48:00+00:00, run_after=2026-05-28T23:49:00+00:00
[2026-05-29T01:49:00.186+0200] {processor.py:179} INFO - Processing /home/frederic/airflow_venv/lib/python3.10/site-packages/airflow/example_dags/example_branch_python_dop_operator_3.py took 0.062 seconds
[2026-05-29T01:49:42.782+0200] {processor.py:157} INFO - Started process (PID=614066) to work on /home/frederic/airflow_venv/lib/python3.10/site-packages/airflow/example_dags/example_branch_python_dop_operator_3.py
[2026-05-29T01:49:42.782+0200] {processor.py:829} INFO - Processing file /home/frederic/airflow_venv/lib/python3.10/site-packages/airflow/example_dags/example_branch_python_dop_operator_3.py for tasks to queue
[2026-05-29T01:49:42.783+0200] {logging_mixin.py:151} INFO - [2026-05-29T01:49:42.783+0200] {dagbag.py:539} INFO - Filling up the DagBag from /home/frederic/airflow_venv/lib/python3.10/site-packages/airflow/example_dags/example_branch_python_dop_operator_3.py
[2026-05-29T01:49:42.790+0200] {processor.py:839} INFO - DAG(s) dict_keys(['example_branch_dop_operator_v3']) retrieved from /home/frederic/airflow_venv/lib/python3.10/site-packages/airflow/example_dags/example_branch_python_dop_operator_3.py
[2026-05-29T01:49:42.806+0200] {logging_mixin.py:151} INFO - [2026-05-29T01:49:42.806+0200] {dag.py:2915} INFO - Sync 1 DAGs
[2026-05-29T01:49:42.827+0200] {logging_mixin.py:151} INFO - [2026-05-29T01:49:42.826+0200] {dag.py:3696} INFO - Setting next_dagrun for example_branch_dop_operator_v3 to 2026-05-28T23:48:00+00:00, run_after=2026-05-28T23:49:00+00:00
[2026-05-29T01:49:42.842+0200] {processor.py:179} INFO - Processing /home/frederic/airflow_venv/lib/python3.10/site-packages/airflow/example_dags/example_branch_python_dop_operator_3.py took 0.063 seconds
[2026-05-29T01:50:35.458+0200] {processor.py:157} INFO - Started process (PID=615719) to work on /home/frederic/airflow_venv/lib/python3.10/site-packages/airflow/example_dags/example_branch_python_dop_operator_3.py
[2026-05-29T01:50:35.462+0200] {processor.py:829} INFO - Processing file /home/frederic/airflow_venv/lib/python3.10/site-packages/airflow/example_dags/example_branch_python_dop_operator_3.py for tasks to queue
[2026-05-29T01:50:35.462+0200] {logging_mixin.py:151} INFO - [2026-05-29T01:50:35.462+0200] {dagbag.py:539} INFO - Filling up the DagBag from /home/frederic/airflow_venv/lib/python3.10/site-packages/airflow/example_dags/example_branch_python_dop_operator_3.py
[2026-05-29T01:50:35.470+0200] {processor.py:839} INFO - DAG(s) dict_keys(['example_branch_dop_operator_v3']) retrieved from /home/frederic/airflow_venv/lib/python3.10/site-packages/airflow/example_dags/example_branch_python_dop_operator_3.py
[2026-05-29T01:50:35.483+0200] {logging_mixin.py:151} INFO - [2026-05-29T01:50:35.483+0200] {dag.py:2915} INFO - Sync 1 DAGs
[2026-05-29T01:50:35.503+0200] {logging_mixin.py:151} INFO - [2026-05-29T01:50:35.503+0200] {dag.py:3696} INFO - Setting next_dagrun for example_branch_dop_operator_v3 to 2026-05-28T23:49:00+00:00, run_after=2026-05-28T23:50:00+00:00
[2026-05-29T01:50:35.519+0200] {processor.py:179} INFO - Processing /home/frederic/airflow_venv/lib/python3.10/site-packages/airflow/example_dags/example_branch_python_dop_operator_3.py took 0.063 seconds
[2026-05-29T01:51:30.150+0200] {processor.py:157} INFO - Started process (PID=617032) to work on /home/frederic/airflow_venv/lib/python3.10/site-packages/airflow/example_dags/example_branch_python_dop_operator_3.py
[2026-05-29T01:51:30.151+0200] {processor.py:829} INFO - Processing file /home/frederic/airflow_venv/lib/python3.10/site-packages/airflow/example_dags/example_branch_python_dop_operator_3.py for tasks to queue
[2026-05-29T01:51:30.152+0200] {logging_mixin.py:151} INFO - [2026-05-29T01:51:30.151+0200] {dagbag.py:539} INFO - Filling up the DagBag from /home/frederic/airflow_venv/lib/python3.10/site-packages/airflow/example_dags/example_branch_python_dop_operator_3.py
[2026-05-29T01:51:30.159+0200] {processor.py:839} INFO - DAG(s) dict_keys(['example_branch_dop_operator_v3']) retrieved from /home/frederic/airflow_venv/lib/python3.10/site-packages/airflow/example_dags/example_branch_python_dop_operator_3.py
[2026-05-29T01:51:30.173+0200] {logging_mixin.py:151} INFO - [2026-05-29T01:51:30.173+0200] {dag.py:2915} INFO - Sync 1 DAGs
[2026-05-29T01:51:30.194+0200] {logging_mixin.py:151} INFO - [2026-05-29T01:51:30.194+0200] {dag.py:3696} INFO - Setting next_dagrun for example_branch_dop_operator_v3 to 2026-05-28T23:50:00+00:00, run_after=2026-05-28T23:51:00+00:00
[2026-05-29T01:51:30.209+0200] {processor.py:179} INFO - Processing /home/frederic/airflow_venv/lib/python3.10/site-packages/airflow/example_dags/example_branch_python_dop_operator_3.py took 0.061 seconds
[2026-05-29T01:52:21.017+0200] {processor.py:157} INFO - Started process (PID=618417) to work on /home/frederic/airflow_venv/lib/python3.10/site-packages/airflow/example_dags/example_branch_python_dop_operator_3.py
[2026-05-29T01:52:21.020+0200] {processor.py:829} INFO - Processing file /home/frederic/airflow_venv/lib/python3.10/site-packages/airflow/example_dags/example_branch_python_dop_operator_3.py for tasks to queue
[2026-05-29T01:52:21.021+0200] {logging_mixin.py:151} INFO - [2026-05-29T01:52:21.021+0200] {dagbag.py:539} INFO - Filling up the DagBag from /home/frederic/airflow_venv/lib/python3.10/site-packages/airflow/example_dags/example_branch_python_dop_operator_3.py
[2026-05-29T01:52:21.033+0200] {processor.py:839} INFO - DAG(s) dict_keys(['example_branch_dop_operator_v3']) retrieved from /home/frederic/airflow_venv/lib/python3.10/site-packages/airflow/example_dags/example_branch_python_dop_operator_3.py
[2026-05-29T01:52:21.046+0200] {logging_mixin.py:151} INFO - [2026-05-29T01:52:21.046+0200] {dag.py:2915} INFO - Sync 1 DAGs
[2026-05-29T01:52:21.067+0200] {logging_mixin.py:151} INFO - [2026-05-29T01:52:21.067+0200] {dag.py:3696} INFO - Setting next_dagrun for example_branch_dop_operator_v3 to 2026-05-28T23:51:00+00:00, run_after=2026-05-28T23:52:00+00:00
[2026-05-29T01:52:21.086+0200] {processor.py:179} INFO - Processing /home/frederic/airflow_venv/lib/python3.10/site-packages/airflow/example_dags/example_branch_python_dop_operator_3.py took 0.073 seconds
[2026-05-29T01:53:08.170+0200] {processor.py:157} INFO - Started process (PID=619927) to work on /home/frederic/airflow_venv/lib/python3.10/site-packages/airflow/example_dags/example_branch_python_dop_operator_3.py
[2026-05-29T01:53:08.171+0200] {processor.py:829} INFO - Processing file /home/frederic/airflow_venv/lib/python3.10/site-packages/airflow/example_dags/example_branch_python_dop_operator_3.py for tasks to queue
[2026-05-29T01:53:08.172+0200] {logging_mixin.py:151} INFO - [2026-05-29T01:53:08.172+0200] {dagbag.py:539} INFO - Filling up the DagBag from /home/frederic/airflow_venv/lib/python3.10/site-packages/airflow/example_dags/example_branch_python_dop_operator_3.py
[2026-05-29T01:53:08.182+0200] {processor.py:839} INFO - DAG(s) dict_keys(['example_branch_dop_operator_v3']) retrieved from /home/frederic/airflow_venv/lib/python3.10/site-packages/airflow/example_dags/example_branch_python_dop_operator_3.py
[2026-05-29T01:53:08.198+0200] {logging_mixin.py:151} INFO - [2026-05-29T01:53:08.198+0200] {dag.py:2915} INFO - Sync 1 DAGs
[2026-05-29T01:53:08.223+0200] {logging_mixin.py:151} INFO - [2026-05-29T01:53:08.223+0200] {dag.py:3696} INFO - Setting next_dagrun for example_branch_dop_operator_v3 to 2026-05-28T23:52:00+00:00, run_after=2026-05-28T23:53:00+00:00
[2026-05-29T01:53:08.241+0200] {processor.py:179} INFO - Processing /home/frederic/airflow_venv/lib/python3.10/site-packages/airflow/example_dags/example_branch_python_dop_operator_3.py took 0.074 seconds
[2026-05-29T01:53:53.269+0200] {processor.py:157} INFO - Started process (PID=621173) to work on /home/frederic/airflow_venv/lib/python3.10/site-packages/airflow/example_dags/example_branch_python_dop_operator_3.py
[2026-05-29T01:53:53.270+0200] {processor.py:829} INFO - Processing file /home/frederic/airflow_venv/lib/python3.10/site-packages/airflow/example_dags/example_branch_python_dop_operator_3.py for tasks to queue
[2026-05-29T01:53:53.271+0200] {logging_mixin.py:151} INFO - [2026-05-29T01:53:53.270+0200] {dagbag.py:539} INFO - Filling up the DagBag from /home/frederic/airflow_venv/lib/python3.10/site-packages/airflow/example_dags/example_branch_python_dop_operator_3.py
[2026-05-29T01:53:53.278+0200] {processor.py:839} INFO - DAG(s) dict_keys(['example_branch_dop_operator_v3']) retrieved from /home/frederic/airflow_venv/lib/python3.10/site-packages/airflow/example_dags/example_branch_python_dop_operator_3.py
[2026-05-29T01:53:53.290+0200] {logging_mixin.py:151} INFO - [2026-05-29T01:53:53.290+0200] {dag.py:2915} INFO - Sync 1 DAGs
[2026-05-29T01:53:53.310+0200] {logging_mixin.py:151} INFO - [2026-05-29T01:53:53.309+0200] {dag.py:3696} INFO - Setting next_dagrun for example_branch_dop_operator_v3 to 2026-05-28T23:52:00+00:00, run_after=2026-05-28T23:53:00+00:00
[2026-05-29T01:53:53.323+0200] {processor.py:179} INFO - Processing /home/frederic/airflow_venv/lib/python3.10/site-packages/airflow/example_dags/example_branch_python_dop_operator_3.py took 0.057 seconds
[2026-05-29T01:54:40.978+0200] {processor.py:157} INFO - Started process (PID=622719) to work on /home/frederic/airflow_venv/lib/python3.10/site-packages/airflow/example_dags/example_branch_python_dop_operator_3.py
[2026-05-29T01:54:40.979+0200] {processor.py:829} INFO - Processing file /home/frederic/airflow_venv/lib/python3.10/site-packages/airflow/example_dags/example_branch_python_dop_operator_3.py for tasks to queue
[2026-05-29T01:54:40.980+0200] {logging_mixin.py:151} INFO - [2026-05-29T01:54:40.979+0200] {dagbag.py:539} INFO - Filling up the DagBag from /home/frederic/airflow_venv/lib/python3.10/site-packages/airflow/example_dags/example_branch_python_dop_operator_3.py
[2026-05-29T01:54:40.989+0200] {processor.py:839} INFO - DAG(s) dict_keys(['example_branch_dop_operator_v3']) retrieved from /home/frederic/airflow_venv/lib/python3.10/site-packages/airflow/example_dags/example_branch_python_dop_operator_3.py
[2026-05-29T01:54:41.006+0200] {logging_mixin.py:151} INFO - [2026-05-29T01:54:41.006+0200] {dag.py:2915} INFO - Sync 1 DAGs
[2026-05-29T01:54:41.036+0200] {logging_mixin.py:151} INFO - [2026-05-29T01:54:41.035+0200] {dag.py:3696} INFO - Setting next_dagrun for example_branch_dop_operator_v3 to 2026-05-28T23:53:00+00:00, run_after=2026-05-28T23:54:00+00:00
[2026-05-29T01:54:41.058+0200] {processor.py:179} INFO - Processing /home/frederic/airflow_venv/lib/python3.10/site-packages/airflow/example_dags/example_branch_python_dop_operator_3.py took 0.083 seconds
[2026-05-29T01:55:27.083+0200] {processor.py:157} INFO - Started process (PID=624346) to work on /home/frederic/airflow_venv/lib/python3.10/site-packages/airflow/example_dags/example_branch_python_dop_operator_3.py
[2026-05-29T01:55:27.087+0200] {processor.py:829} INFO - Processing file /home/frederic/airflow_venv/lib/python3.10/site-packages/airflow/example_dags/example_branch_python_dop_operator_3.py for tasks to queue
[2026-05-29T01:55:27.088+0200] {logging_mixin.py:151} INFO - [2026-05-29T01:55:27.088+0200] {dagbag.py:539} INFO - Filling up the DagBag from /home/frederic/airflow_venv/lib/python3.10/site-packages/airflow/example_dags/example_branch_python_dop_operator_3.py
[2026-05-29T01:55:27.107+0200] {processor.py:839} INFO - DAG(s) dict_keys(['example_branch_dop_operator_v3']) retrieved from /home/frederic/airflow_venv/lib/python3.10/site-packages/airflow/example_dags/example_branch_python_dop_operator_3.py
[2026-05-29T01:55:27.120+0200] {logging_mixin.py:151} INFO - [2026-05-29T01:55:27.119+0200] {dag.py:2915} INFO - Sync 1 DAGs
[2026-05-29T01:55:27.182+0200] {logging_mixin.py:151} INFO - [2026-05-29T01:55:27.182+0200] {dag.py:3696} INFO - Setting next_dagrun for example_branch_dop_operator_v3 to 2026-05-28T23:54:00+00:00, run_after=2026-05-28T23:55:00+00:00
[2026-05-29T01:55:27.210+0200] {processor.py:179} INFO - Processing /home/frederic/airflow_venv/lib/python3.10/site-packages/airflow/example_dags/example_branch_python_dop_operator_3.py took 0.131 seconds
[2026-05-29T01:55:58.325+0200] {processor.py:157} INFO - Started process (PID=625153) to work on /home/frederic/airflow_venv/lib/python3.10/site-packages/airflow/example_dags/example_branch_python_dop_operator_3.py
[2026-05-29T01:55:58.326+0200] {processor.py:829} INFO - Processing file /home/frederic/airflow_venv/lib/python3.10/site-packages/airflow/example_dags/example_branch_python_dop_operator_3.py for tasks to queue
[2026-05-29T01:55:58.327+0200] {logging_mixin.py:151} INFO - [2026-05-29T01:55:58.327+0200] {dagbag.py:539} INFO - Filling up the DagBag from /home/frederic/airflow_venv/lib/python3.10/site-packages/airflow/example_dags/example_branch_python_dop_operator_3.py
[2026-05-29T01:55:58.344+0200] {processor.py:839} INFO - DAG(s) dict_keys(['example_branch_dop_operator_v3']) retrieved from /home/frederic/airflow_venv/lib/python3.10/site-packages/airflow/example_dags/example_branch_python_dop_operator_3.py
[2026-05-29T01:55:58.384+0200] {logging_mixin.py:151} INFO - [2026-05-29T01:55:58.384+0200] {dag.py:2915} INFO - Sync 1 DAGs
[2026-05-29T01:55:58.425+0200] {logging_mixin.py:151} INFO - [2026-05-29T01:55:58.425+0200] {dag.py:3696} INFO - Setting next_dagrun for example_branch_dop_operator_v3 to 2026-05-28T23:54:00+00:00, run_after=2026-05-28T23:55:00+00:00
[2026-05-29T01:55:58.472+0200] {processor.py:179} INFO - Processing /home/frederic/airflow_venv/lib/python3.10/site-packages/airflow/example_dags/example_branch_python_dop_operator_3.py took 0.151 seconds
[2026-05-29T01:56:26.674+0200] {processor.py:157} INFO - Started process (PID=626214) to work on /home/frederic/airflow_venv/lib/python3.10/site-packages/airflow/example_dags/example_branch_python_dop_operator_3.py
[2026-05-29T01:56:26.675+0200] {processor.py:829} INFO - Processing file /home/frederic/airflow_venv/lib/python3.10/site-packages/airflow/example_dags/example_branch_python_dop_operator_3.py for tasks to queue
[2026-05-29T01:56:26.676+0200] {logging_mixin.py:151} INFO - [2026-05-29T01:56:26.676+0200] {dagbag.py:539} INFO - Filling up the DagBag from /home/frederic/airflow_venv/lib/python3.10/site-packages/airflow/example_dags/example_branch_python_dop_operator_3.py
[2026-05-29T01:56:26.685+0200] {processor.py:839} INFO - DAG(s) dict_keys(['example_branch_dop_operator_v3']) retrieved from /home/frederic/airflow_venv/lib/python3.10/site-packages/airflow/example_dags/example_branch_python_dop_operator_3.py
[2026-05-29T01:56:26.701+0200] {logging_mixin.py:151} INFO - [2026-05-29T01:56:26.701+0200] {dag.py:2915} INFO - Sync 1 DAGs
[2026-05-29T01:56:26.723+0200] {logging_mixin.py:151} INFO - [2026-05-29T01:56:26.723+0200] {dag.py:3696} INFO - Setting next_dagrun for example_branch_dop_operator_v3 to 2026-05-28T23:55:00+00:00, run_after=2026-05-28T23:56:00+00:00
[2026-05-29T01:56:26.743+0200] {processor.py:179} INFO - Processing /home/frederic/airflow_venv/lib/python3.10/site-packages/airflow/example_dags/example_branch_python_dop_operator_3.py took 0.072 seconds
[2026-05-29T01:56:51.106+0200] {processor.py:157} INFO - Started process (PID=626970) to work on /home/frederic/airflow_venv/lib/python3.10/site-packages/airflow/example_dags/example_branch_python_dop_operator_3.py
[2026-05-29T01:56:51.107+0200] {processor.py:829} INFO - Processing file /home/frederic/airflow_venv/lib/python3.10/site-packages/airflow/example_dags/example_branch_python_dop_operator_3.py for tasks to queue
[2026-05-29T01:56:51.107+0200] {logging_mixin.py:151} INFO - [2026-05-29T01:56:51.107+0200] {dagbag.py:539} INFO - Filling up the DagBag from /home/frederic/airflow_venv/lib/python3.10/site-packages/airflow/example_dags/example_branch_python_dop_operator_3.py
[2026-05-29T01:56:51.118+0200] {processor.py:839} INFO - DAG(s) dict_keys(['example_branch_dop_operator_v3']) retrieved from /home/frederic/airflow_venv/lib/python3.10/site-packages/airflow/example_dags/example_branch_python_dop_operator_3.py
[2026-05-29T01:56:51.139+0200] {logging_mixin.py:151} INFO - [2026-05-29T01:56:51.139+0200] {dag.py:2915} INFO - Sync 1 DAGs
[2026-05-29T01:56:51.173+0200] {logging_mixin.py:151} INFO - [2026-05-29T01:56:51.173+0200] {dag.py:3696} INFO - Setting next_dagrun for example_branch_dop_operator_v3 to 2026-05-28T23:55:00+00:00, run_after=2026-05-28T23:56:00+00:00
[2026-05-29T01:56:51.198+0200] {processor.py:179} INFO - Processing /home/frederic/airflow_venv/lib/python3.10/site-packages/airflow/example_dags/example_branch_python_dop_operator_3.py took 0.094 seconds
[2026-05-29T01:57:17.790+0200] {processor.py:157} INFO - Started process (PID=627740) to work on /home/frederic/airflow_venv/lib/python3.10/site-packages/airflow/example_dags/example_branch_python_dop_operator_3.py
[2026-05-29T01:57:17.791+0200] {processor.py:829} INFO - Processing file /home/frederic/airflow_venv/lib/python3.10/site-packages/airflow/example_dags/example_branch_python_dop_operator_3.py for tasks to queue
[2026-05-29T01:57:17.792+0200] {logging_mixin.py:151} INFO - [2026-05-29T01:57:17.792+0200] {dagbag.py:539} INFO - Filling up the DagBag from /home/frederic/airflow_venv/lib/python3.10/site-packages/airflow/example_dags/example_branch_python_dop_operator_3.py
[2026-05-29T01:57:17.801+0200] {processor.py:839} INFO - DAG(s) dict_keys(['example_branch_dop_operator_v3']) retrieved from /home/frederic/airflow_venv/lib/python3.10/site-packages/airflow/example_dags/example_branch_python_dop_operator_3.py
[2026-05-29T01:57:17.817+0200] {logging_mixin.py:151} INFO - [2026-05-29T01:57:17.817+0200] {dag.py:2915} INFO - Sync 1 DAGs
[2026-05-29T01:57:17.842+0200] {logging_mixin.py:151} INFO - [2026-05-29T01:57:17.842+0200] {dag.py:3696} INFO - Setting next_dagrun for example_branch_dop_operator_v3 to 2026-05-28T23:56:00+00:00, run_after=2026-05-28T23:57:00+00:00
[2026-05-29T01:57:17.859+0200] {processor.py:179} INFO - Processing /home/frederic/airflow_venv/lib/python3.10/site-packages/airflow/example_dags/example_branch_python_dop_operator_3.py took 0.072 seconds
[2026-05-29T01:57:38.944+0200] {processor.py:157} INFO - Started process (PID=628571) to work on /home/frederic/airflow_venv/lib/python3.10/site-packages/airflow/example_dags/example_branch_python_dop_operator_3.py
[2026-05-29T01:57:38.945+0200] {processor.py:829} INFO - Processing file /home/frederic/airflow_venv/lib/python3.10/site-packages/airflow/example_dags/example_branch_python_dop_operator_3.py for tasks to queue
[2026-05-29T01:57:38.946+0200] {logging_mixin.py:151} INFO - [2026-05-29T01:57:38.946+0200] {dagbag.py:539} INFO - Filling up the DagBag from /home/frederic/airflow_venv/lib/python3.10/site-packages/airflow/example_dags/example_branch_python_dop_operator_3.py
[2026-05-29T01:57:38.955+0200] {processor.py:839} INFO - DAG(s) dict_keys(['example_branch_dop_operator_v3']) retrieved from /home/frederic/airflow_venv/lib/python3.10/site-packages/airflow/example_dags/example_branch_python_dop_operator_3.py
[2026-05-29T01:57:38.975+0200] {logging_mixin.py:151} INFO - [2026-05-29T01:57:38.975+0200] {dag.py:2915} INFO - Sync 1 DAGs
[2026-05-29T01:57:39.011+0200] {logging_mixin.py:151} INFO - [2026-05-29T01:57:39.011+0200] {dag.py:3696} INFO - Setting next_dagrun for example_branch_dop_operator_v3 to 2026-05-28T23:56:00+00:00, run_after=2026-05-28T23:57:00+00:00
[2026-05-29T01:57:39.038+0200] {processor.py:179} INFO - Processing /home/frederic/airflow_venv/lib/python3.10/site-packages/airflow/example_dags/example_branch_python_dop_operator_3.py took 0.097 seconds
[2026-05-29T01:58:06.169+0200] {processor.py:157} INFO - Started process (PID=629567) to work on /home/frederic/airflow_venv/lib/python3.10/site-packages/airflow/example_dags/example_branch_python_dop_operator_3.py
[2026-05-29T01:58:06.170+0200] {processor.py:829} INFO - Processing file /home/frederic/airflow_venv/lib/python3.10/site-packages/airflow/example_dags/example_branch_python_dop_operator_3.py for tasks to queue
[2026-05-29T01:58:06.171+0200] {logging_mixin.py:151} INFO - [2026-05-29T01:58:06.170+0200] {dagbag.py:539} INFO - Filling up the DagBag from /home/frederic/airflow_venv/lib/python3.10/site-packages/airflow/example_dags/example_branch_python_dop_operator_3.py
[2026-05-29T01:58:06.179+0200] {processor.py:839} INFO - DAG(s) dict_keys(['example_branch_dop_operator_v3']) retrieved from /home/frederic/airflow_venv/lib/python3.10/site-packages/airflow/example_dags/example_branch_python_dop_operator_3.py
[2026-05-29T01:58:06.197+0200] {logging_mixin.py:151} INFO - [2026-05-29T01:58:06.197+0200] {dag.py:2915} INFO - Sync 1 DAGs
[2026-05-29T01:58:06.221+0200] {logging_mixin.py:151} INFO - [2026-05-29T01:58:06.220+0200] {dag.py:3696} INFO - Setting next_dagrun for example_branch_dop_operator_v3 to 2026-05-28T23:57:00+00:00, run_after=2026-05-28T23:58:00+00:00
[2026-05-29T01:58:06.240+0200] {processor.py:179} INFO - Processing /home/frederic/airflow_venv/lib/python3.10/site-packages/airflow/example_dags/example_branch_python_dop_operator_3.py took 0.074 seconds
[2026-05-29T01:58:34.503+0200] {processor.py:157} INFO - Started process (PID=630591) to work on /home/frederic/airflow_venv/lib/python3.10/site-packages/airflow/example_dags/example_branch_python_dop_operator_3.py
[2026-05-29T01:58:34.505+0200] {processor.py:829} INFO - Processing file /home/frederic/airflow_venv/lib/python3.10/site-packages/airflow/example_dags/example_branch_python_dop_operator_3.py for tasks to queue
[2026-05-29T01:58:34.507+0200] {logging_mixin.py:151} INFO - [2026-05-29T01:58:34.506+0200] {dagbag.py:539} INFO - Filling up the DagBag from /home/frederic/airflow_venv/lib/python3.10/site-packages/airflow/example_dags/example_branch_python_dop_operator_3.py
[2026-05-29T01:58:34.520+0200] {processor.py:839} INFO - DAG(s) dict_keys(['example_branch_dop_operator_v3']) retrieved from /home/frederic/airflow_venv/lib/python3.10/site-packages/airflow/example_dags/example_branch_python_dop_operator_3.py
[2026-05-29T01:58:34.539+0200] {logging_mixin.py:151} INFO - [2026-05-29T01:58:34.538+0200] {dag.py:2915} INFO - Sync 1 DAGs
[2026-05-29T01:58:34.569+0200] {logging_mixin.py:151} INFO - [2026-05-29T01:58:34.569+0200] {dag.py:3696} INFO - Setting next_dagrun for example_branch_dop_operator_v3 to 2026-05-28T23:57:00+00:00, run_after=2026-05-28T23:58:00+00:00
[2026-05-29T01:58:34.594+0200] {processor.py:179} INFO - Processing /home/frederic/airflow_venv/lib/python3.10/site-packages/airflow/example_dags/example_branch_python_dop_operator_3.py took 0.097 seconds
[2026-05-29T01:58:59.065+0200] {processor.py:157} INFO - Started process (PID=631440) to work on /home/frederic/airflow_venv/lib/python3.10/site-packages/airflow/example_dags/example_branch_python_dop_operator_3.py
[2026-05-29T01:58:59.066+0200] {processor.py:829} INFO - Processing file /home/frederic/airflow_venv/lib/python3.10/site-packages/airflow/example_dags/example_branch_python_dop_operator_3.py for tasks to queue
[2026-05-29T01:58:59.067+0200] {logging_mixin.py:151} INFO - [2026-05-29T01:58:59.067+0200] {dagbag.py:539} INFO - Filling up the DagBag from /home/frederic/airflow_venv/lib/python3.10/site-packages/airflow/example_dags/example_branch_python_dop_operator_3.py
[2026-05-29T01:58:59.077+0200] {processor.py:839} INFO - DAG(s) dict_keys(['example_branch_dop_operator_v3']) retrieved from /home/frederic/airflow_venv/lib/python3.10/site-packages/airflow/example_dags/example_branch_python_dop_operator_3.py
[2026-05-29T01:58:59.090+0200] {logging_mixin.py:151} INFO - [2026-05-29T01:58:59.090+0200] {dag.py:2915} INFO - Sync 1 DAGs
[2026-05-29T01:58:59.114+0200] {logging_mixin.py:151} INFO - [2026-05-29T01:58:59.114+0200] {dag.py:3696} INFO - Setting next_dagrun for example_branch_dop_operator_v3 to 2026-05-28T23:57:00+00:00, run_after=2026-05-28T23:58:00+00:00
[2026-05-29T01:58:59.135+0200] {processor.py:179} INFO - Processing /home/frederic/airflow_venv/lib/python3.10/site-packages/airflow/example_dags/example_branch_python_dop_operator_3.py took 0.074 seconds
[2026-05-29T01:59:28.972+0200] {processor.py:157} INFO - Started process (PID=632292) to work on /home/frederic/airflow_venv/lib/python3.10/site-packages/airflow/example_dags/example_branch_python_dop_operator_3.py
[2026-05-29T01:59:28.973+0200] {processor.py:829} INFO - Processing file /home/frederic/airflow_venv/lib/python3.10/site-packages/airflow/example_dags/example_branch_python_dop_operator_3.py for tasks to queue
[2026-05-29T01:59:28.974+0200] {logging_mixin.py:151} INFO - [2026-05-29T01:59:28.973+0200] {dagbag.py:539} INFO - Filling up the DagBag from /home/frederic/airflow_venv/lib/python3.10/site-packages/airflow/example_dags/example_branch_python_dop_operator_3.py
[2026-05-29T01:59:28.982+0200] {processor.py:839} INFO - DAG(s) dict_keys(['example_branch_dop_operator_v3']) retrieved from /home/frederic/airflow_venv/lib/python3.10/site-packages/airflow/example_dags/example_branch_python_dop_operator_3.py
[2026-05-29T01:59:28.998+0200] {logging_mixin.py:151} INFO - [2026-05-29T01:59:28.998+0200] {dag.py:2915} INFO - Sync 1 DAGs
[2026-05-29T01:59:29.021+0200] {logging_mixin.py:151} INFO - [2026-05-29T01:59:29.020+0200] {dag.py:3696} INFO - Setting next_dagrun for example_branch_dop_operator_v3 to 2026-05-28T23:58:00+00:00, run_after=2026-05-28T23:59:00+00:00
[2026-05-29T01:59:29.039+0200] {processor.py:179} INFO - Processing /home/frederic/airflow_venv/lib/python3.10/site-packages/airflow/example_dags/example_branch_python_dop_operator_3.py took 0.070 seconds
[2026-05-29T01:59:45.337+0200] {processor.py:157} INFO - Started process (PID=632747) to work on /home/frederic/airflow_venv/lib/python3.10/site-packages/airflow/example_dags/example_branch_python_dop_operator_3.py
[2026-05-29T01:59:45.338+0200] {processor.py:829} INFO - Processing file /home/frederic/airflow_venv/lib/python3.10/site-packages/airflow/example_dags/example_branch_python_dop_operator_3.py for tasks to queue
[2026-05-29T01:59:45.339+0200] {logging_mixin.py:151} INFO - [2026-05-29T01:59:45.339+0200] {dagbag.py:539} INFO - Filling up the DagBag from /home/frederic/airflow_venv/lib/python3.10/site-packages/airflow/example_dags/example_branch_python_dop_operator_3.py
[2026-05-29T01:59:45.347+0200] {processor.py:839} INFO - DAG(s) dict_keys(['example_branch_dop_operator_v3']) retrieved from /home/frederic/airflow_venv/lib/python3.10/site-packages/airflow/example_dags/example_branch_python_dop_operator_3.py
[2026-05-29T01:59:45.361+0200] {logging_mixin.py:151} INFO - [2026-05-29T01:59:45.361+0200] {dag.py:2915} INFO - Sync 1 DAGs
[2026-05-29T01:59:45.387+0200] {logging_mixin.py:151} INFO - [2026-05-29T01:59:45.387+0200] {dag.py:3696} INFO - Setting next_dagrun for example_branch_dop_operator_v3 to 2026-05-28T23:58:00+00:00, run_after=2026-05-28T23:59:00+00:00
[2026-05-29T01:59:45.405+0200] {processor.py:179} INFO - Processing /home/frederic/airflow_venv/lib/python3.10/site-packages/airflow/example_dags/example_branch_python_dop_operator_3.py took 0.070 seconds
