[2026-05-29T01:37:17.323+0200] {processor.py:157} INFO - Started process (PID=594666) to work on /home/frederic/airflow_venv/lib/python3.10/site-packages/airflow/example_dags/example_branch_operator.py
[2026-05-29T01:37:17.324+0200] {processor.py:829} INFO - Processing file /home/frederic/airflow_venv/lib/python3.10/site-packages/airflow/example_dags/example_branch_operator.py for tasks to queue
[2026-05-29T01:37:17.325+0200] {logging_mixin.py:151} INFO - [2026-05-29T01:37:17.325+0200] {dagbag.py:539} INFO - Filling up the DagBag from /home/frederic/airflow_venv/lib/python3.10/site-packages/airflow/example_dags/example_branch_operator.py
[2026-05-29T01:37:17.334+0200] {processor.py:839} INFO - DAG(s) dict_keys(['example_branch_operator']) retrieved from /home/frederic/airflow_venv/lib/python3.10/site-packages/airflow/example_dags/example_branch_operator.py
[2026-05-29T01:37:17.414+0200] {logging_mixin.py:151} INFO - [2026-05-29T01:37:17.414+0200] {manager.py:499} INFO - Created Permission View: %s
[2026-05-29T01:37:17.422+0200] {logging_mixin.py:151} INFO - [2026-05-29T01:37:17.422+0200] {manager.py:499} INFO - Created Permission View: %s
[2026-05-29T01:37:17.427+0200] {logging_mixin.py:151} INFO - [2026-05-29T01:37:17.427+0200] {manager.py:499} INFO - Created Permission View: %s
[2026-05-29T01:37:17.428+0200] {logging_mixin.py:151} INFO - [2026-05-29T01:37:17.428+0200] {security.py:708} INFO - Not syncing DAG-level permissions for DAG 'DAG:example_branch_operator' as access control is unset.
[2026-05-29T01:37:17.428+0200] {logging_mixin.py:151} INFO - [2026-05-29T01:37:17.428+0200] {dag.py:2915} INFO - Sync 1 DAGs
[2026-05-29T01:37:17.439+0200] {logging_mixin.py:151} INFO - [2026-05-29T01:37:17.439+0200] {dag.py:2937} INFO - Creating ORM DAG for example_branch_operator
[2026-05-29T01:37:17.450+0200] {logging_mixin.py:151} INFO - [2026-05-29T01:37:17.449+0200] {dag.py:3696} INFO - Setting next_dagrun for example_branch_operator to 2026-05-27T00:00:00+00:00, run_after=2026-05-28T00:00:00+00:00
[2026-05-29T01:37:17.465+0200] {processor.py:179} INFO - Processing /home/frederic/airflow_venv/lib/python3.10/site-packages/airflow/example_dags/example_branch_operator.py took 0.144 seconds
[2026-05-29T01:38:02.074+0200] {processor.py:157} INFO - Started process (PID=595417) to work on /home/frederic/airflow_venv/lib/python3.10/site-packages/airflow/example_dags/example_branch_operator.py
[2026-05-29T01:38:02.075+0200] {processor.py:829} INFO - Processing file /home/frederic/airflow_venv/lib/python3.10/site-packages/airflow/example_dags/example_branch_operator.py for tasks to queue
[2026-05-29T01:38:02.076+0200] {logging_mixin.py:151} INFO - [2026-05-29T01:38:02.075+0200] {dagbag.py:539} INFO - Filling up the DagBag from /home/frederic/airflow_venv/lib/python3.10/site-packages/airflow/example_dags/example_branch_operator.py
[2026-05-29T01:38:02.084+0200] {processor.py:839} INFO - DAG(s) dict_keys(['example_branch_operator']) retrieved from /home/frederic/airflow_venv/lib/python3.10/site-packages/airflow/example_dags/example_branch_operator.py
[2026-05-29T01:38:02.098+0200] {logging_mixin.py:151} INFO - [2026-05-29T01:38:02.098+0200] {dag.py:2915} INFO - Sync 1 DAGs
[2026-05-29T01:38:02.117+0200] {logging_mixin.py:151} INFO - [2026-05-29T01:38:02.117+0200] {dag.py:3696} INFO - Setting next_dagrun for example_branch_operator to 2026-05-27T00:00:00+00:00, run_after=2026-05-28T00:00:00+00:00
[2026-05-29T01:38:02.136+0200] {processor.py:179} INFO - Processing /home/frederic/airflow_venv/lib/python3.10/site-packages/airflow/example_dags/example_branch_operator.py took 0.065 seconds
[2026-05-29T01:38:47.316+0200] {processor.py:157} INFO - Started process (PID=596501) to work on /home/frederic/airflow_venv/lib/python3.10/site-packages/airflow/example_dags/example_branch_operator.py
[2026-05-29T01:38:47.317+0200] {processor.py:829} INFO - Processing file /home/frederic/airflow_venv/lib/python3.10/site-packages/airflow/example_dags/example_branch_operator.py for tasks to queue
[2026-05-29T01:38:47.318+0200] {logging_mixin.py:151} INFO - [2026-05-29T01:38:47.318+0200] {dagbag.py:539} INFO - Filling up the DagBag from /home/frederic/airflow_venv/lib/python3.10/site-packages/airflow/example_dags/example_branch_operator.py
[2026-05-29T01:38:47.326+0200] {processor.py:839} INFO - DAG(s) dict_keys(['example_branch_operator']) retrieved from /home/frederic/airflow_venv/lib/python3.10/site-packages/airflow/example_dags/example_branch_operator.py
[2026-05-29T01:38:47.344+0200] {logging_mixin.py:151} INFO - [2026-05-29T01:38:47.344+0200] {dag.py:2915} INFO - Sync 1 DAGs
[2026-05-29T01:38:47.363+0200] {logging_mixin.py:151} INFO - [2026-05-29T01:38:47.363+0200] {dag.py:3696} INFO - Setting next_dagrun for example_branch_operator to 2026-05-27T00:00:00+00:00, run_after=2026-05-28T00:00:00+00:00
[2026-05-29T01:38:47.380+0200] {processor.py:179} INFO - Processing /home/frederic/airflow_venv/lib/python3.10/site-packages/airflow/example_dags/example_branch_operator.py took 0.067 seconds
[2026-05-29T01:39:34.540+0200] {processor.py:157} INFO - Started process (PID=597571) to work on /home/frederic/airflow_venv/lib/python3.10/site-packages/airflow/example_dags/example_branch_operator.py
[2026-05-29T01:39:34.544+0200] {processor.py:829} INFO - Processing file /home/frederic/airflow_venv/lib/python3.10/site-packages/airflow/example_dags/example_branch_operator.py for tasks to queue
[2026-05-29T01:39:34.544+0200] {logging_mixin.py:151} INFO - [2026-05-29T01:39:34.544+0200] {dagbag.py:539} INFO - Filling up the DagBag from /home/frederic/airflow_venv/lib/python3.10/site-packages/airflow/example_dags/example_branch_operator.py
[2026-05-29T01:39:34.553+0200] {processor.py:839} INFO - DAG(s) dict_keys(['example_branch_operator']) retrieved from /home/frederic/airflow_venv/lib/python3.10/site-packages/airflow/example_dags/example_branch_operator.py
[2026-05-29T01:39:34.568+0200] {logging_mixin.py:151} INFO - [2026-05-29T01:39:34.568+0200] {dag.py:2915} INFO - Sync 1 DAGs
[2026-05-29T01:39:34.593+0200] {logging_mixin.py:151} INFO - [2026-05-29T01:39:34.593+0200] {dag.py:3696} INFO - Setting next_dagrun for example_branch_operator to 2026-05-27T00:00:00+00:00, run_after=2026-05-28T00:00:00+00:00
[2026-05-29T01:39:34.609+0200] {processor.py:179} INFO - Processing /home/frederic/airflow_venv/lib/python3.10/site-packages/airflow/example_dags/example_branch_operator.py took 0.071 seconds
[2026-05-29T01:40:23.175+0200] {processor.py:157} INFO - Started process (PID=598800) to work on /home/frederic/airflow_venv/lib/python3.10/site-packages/airflow/example_dags/example_branch_operator.py
[2026-05-29T01:40:23.175+0200] {processor.py:829} INFO - Processing file /home/frederic/airflow_venv/lib/python3.10/site-packages/airflow/example_dags/example_branch_operator.py for tasks to queue
[2026-05-29T01:40:23.176+0200] {logging_mixin.py:151} INFO - [2026-05-29T01:40:23.176+0200] {dagbag.py:539} INFO - Filling up the DagBag from /home/frederic/airflow_venv/lib/python3.10/site-packages/airflow/example_dags/example_branch_operator.py
[2026-05-29T01:40:23.184+0200] {processor.py:839} INFO - DAG(s) dict_keys(['example_branch_operator']) retrieved from /home/frederic/airflow_venv/lib/python3.10/site-packages/airflow/example_dags/example_branch_operator.py
[2026-05-29T01:40:23.199+0200] {logging_mixin.py:151} INFO - [2026-05-29T01:40:23.198+0200] {dag.py:2915} INFO - Sync 1 DAGs
[2026-05-29T01:40:23.215+0200] {logging_mixin.py:151} INFO - [2026-05-29T01:40:23.215+0200] {dag.py:3696} INFO - Setting next_dagrun for example_branch_operator to 2026-05-27T00:00:00+00:00, run_after=2026-05-28T00:00:00+00:00
[2026-05-29T01:40:23.234+0200] {processor.py:179} INFO - Processing /home/frederic/airflow_venv/lib/python3.10/site-packages/airflow/example_dags/example_branch_operator.py took 0.063 seconds
[2026-05-29T01:41:09.584+0200] {processor.py:157} INFO - Started process (PID=599750) to work on /home/frederic/airflow_venv/lib/python3.10/site-packages/airflow/example_dags/example_branch_operator.py
[2026-05-29T01:41:09.585+0200] {processor.py:829} INFO - Processing file /home/frederic/airflow_venv/lib/python3.10/site-packages/airflow/example_dags/example_branch_operator.py for tasks to queue
[2026-05-29T01:41:09.586+0200] {logging_mixin.py:151} INFO - [2026-05-29T01:41:09.586+0200] {dagbag.py:539} INFO - Filling up the DagBag from /home/frederic/airflow_venv/lib/python3.10/site-packages/airflow/example_dags/example_branch_operator.py
[2026-05-29T01:41:09.594+0200] {processor.py:839} INFO - DAG(s) dict_keys(['example_branch_operator']) retrieved from /home/frederic/airflow_venv/lib/python3.10/site-packages/airflow/example_dags/example_branch_operator.py
[2026-05-29T01:41:09.610+0200] {logging_mixin.py:151} INFO - [2026-05-29T01:41:09.610+0200] {dag.py:2915} INFO - Sync 1 DAGs
[2026-05-29T01:41:09.632+0200] {logging_mixin.py:151} INFO - [2026-05-29T01:41:09.632+0200] {dag.py:3696} INFO - Setting next_dagrun for example_branch_operator to 2026-05-27T00:00:00+00:00, run_after=2026-05-28T00:00:00+00:00
[2026-05-29T01:41:09.647+0200] {processor.py:179} INFO - Processing /home/frederic/airflow_venv/lib/python3.10/site-packages/airflow/example_dags/example_branch_operator.py took 0.066 seconds
[2026-05-29T01:41:53.309+0200] {processor.py:157} INFO - Started process (PID=601010) to work on /home/frederic/airflow_venv/lib/python3.10/site-packages/airflow/example_dags/example_branch_operator.py
[2026-05-29T01:41:53.313+0200] {processor.py:829} INFO - Processing file /home/frederic/airflow_venv/lib/python3.10/site-packages/airflow/example_dags/example_branch_operator.py for tasks to queue
[2026-05-29T01:41:53.314+0200] {logging_mixin.py:151} INFO - [2026-05-29T01:41:53.314+0200] {dagbag.py:539} INFO - Filling up the DagBag from /home/frederic/airflow_venv/lib/python3.10/site-packages/airflow/example_dags/example_branch_operator.py
[2026-05-29T01:41:53.323+0200] {processor.py:839} INFO - DAG(s) dict_keys(['example_branch_operator']) retrieved from /home/frederic/airflow_venv/lib/python3.10/site-packages/airflow/example_dags/example_branch_operator.py
[2026-05-29T01:41:53.342+0200] {logging_mixin.py:151} INFO - [2026-05-29T01:41:53.342+0200] {dag.py:2915} INFO - Sync 1 DAGs
[2026-05-29T01:41:53.362+0200] {logging_mixin.py:151} INFO - [2026-05-29T01:41:53.362+0200] {dag.py:3696} INFO - Setting next_dagrun for example_branch_operator to 2026-05-27T00:00:00+00:00, run_after=2026-05-28T00:00:00+00:00
[2026-05-29T01:41:53.383+0200] {processor.py:179} INFO - Processing /home/frederic/airflow_venv/lib/python3.10/site-packages/airflow/example_dags/example_branch_operator.py took 0.077 seconds
[2026-05-29T01:42:38.734+0200] {processor.py:157} INFO - Started process (PID=601864) to work on /home/frederic/airflow_venv/lib/python3.10/site-packages/airflow/example_dags/example_branch_operator.py
[2026-05-29T01:42:38.737+0200] {processor.py:829} INFO - Processing file /home/frederic/airflow_venv/lib/python3.10/site-packages/airflow/example_dags/example_branch_operator.py for tasks to queue
[2026-05-29T01:42:38.738+0200] {logging_mixin.py:151} INFO - [2026-05-29T01:42:38.738+0200] {dagbag.py:539} INFO - Filling up the DagBag from /home/frederic/airflow_venv/lib/python3.10/site-packages/airflow/example_dags/example_branch_operator.py
[2026-05-29T01:42:38.746+0200] {processor.py:839} INFO - DAG(s) dict_keys(['example_branch_operator']) retrieved from /home/frederic/airflow_venv/lib/python3.10/site-packages/airflow/example_dags/example_branch_operator.py
[2026-05-29T01:42:38.763+0200] {logging_mixin.py:151} INFO - [2026-05-29T01:42:38.763+0200] {dag.py:2915} INFO - Sync 1 DAGs
[2026-05-29T01:42:38.786+0200] {logging_mixin.py:151} INFO - [2026-05-29T01:42:38.786+0200] {dag.py:3696} INFO - Setting next_dagrun for example_branch_operator to 2026-05-27T00:00:00+00:00, run_after=2026-05-28T00:00:00+00:00
[2026-05-29T01:42:38.804+0200] {processor.py:179} INFO - Processing /home/frederic/airflow_venv/lib/python3.10/site-packages/airflow/example_dags/example_branch_operator.py took 0.072 seconds
[2026-05-29T01:43:27.037+0200] {processor.py:157} INFO - Started process (PID=602730) to work on /home/frederic/airflow_venv/lib/python3.10/site-packages/airflow/example_dags/example_branch_operator.py
[2026-05-29T01:43:27.040+0200] {processor.py:829} INFO - Processing file /home/frederic/airflow_venv/lib/python3.10/site-packages/airflow/example_dags/example_branch_operator.py for tasks to queue
[2026-05-29T01:43:27.041+0200] {logging_mixin.py:151} INFO - [2026-05-29T01:43:27.041+0200] {dagbag.py:539} INFO - Filling up the DagBag from /home/frederic/airflow_venv/lib/python3.10/site-packages/airflow/example_dags/example_branch_operator.py
[2026-05-29T01:43:27.049+0200] {processor.py:839} INFO - DAG(s) dict_keys(['example_branch_operator']) retrieved from /home/frederic/airflow_venv/lib/python3.10/site-packages/airflow/example_dags/example_branch_operator.py
[2026-05-29T01:43:27.065+0200] {logging_mixin.py:151} INFO - [2026-05-29T01:43:27.064+0200] {dag.py:2915} INFO - Sync 1 DAGs
[2026-05-29T01:43:27.086+0200] {logging_mixin.py:151} INFO - [2026-05-29T01:43:27.086+0200] {dag.py:3696} INFO - Setting next_dagrun for example_branch_operator to 2026-05-27T00:00:00+00:00, run_after=2026-05-28T00:00:00+00:00
[2026-05-29T01:43:27.102+0200] {processor.py:179} INFO - Processing /home/frederic/airflow_venv/lib/python3.10/site-packages/airflow/example_dags/example_branch_operator.py took 0.067 seconds
[2026-05-29T01:44:17.912+0200] {processor.py:157} INFO - Started process (PID=603631) to work on /home/frederic/airflow_venv/lib/python3.10/site-packages/airflow/example_dags/example_branch_operator.py
[2026-05-29T01:44:17.916+0200] {processor.py:829} INFO - Processing file /home/frederic/airflow_venv/lib/python3.10/site-packages/airflow/example_dags/example_branch_operator.py for tasks to queue
[2026-05-29T01:44:17.916+0200] {logging_mixin.py:151} INFO - [2026-05-29T01:44:17.916+0200] {dagbag.py:539} INFO - Filling up the DagBag from /home/frederic/airflow_venv/lib/python3.10/site-packages/airflow/example_dags/example_branch_operator.py
[2026-05-29T01:44:17.926+0200] {processor.py:839} INFO - DAG(s) dict_keys(['example_branch_operator']) retrieved from /home/frederic/airflow_venv/lib/python3.10/site-packages/airflow/example_dags/example_branch_operator.py
[2026-05-29T01:44:17.946+0200] {logging_mixin.py:151} INFO - [2026-05-29T01:44:17.946+0200] {dag.py:2915} INFO - Sync 1 DAGs
[2026-05-29T01:44:17.969+0200] {logging_mixin.py:151} INFO - [2026-05-29T01:44:17.969+0200] {dag.py:3696} INFO - Setting next_dagrun for example_branch_operator to 2026-05-27T00:00:00+00:00, run_after=2026-05-28T00:00:00+00:00
[2026-05-29T01:44:17.987+0200] {processor.py:179} INFO - Processing /home/frederic/airflow_venv/lib/python3.10/site-packages/airflow/example_dags/example_branch_operator.py took 0.078 seconds
[2026-05-29T01:45:04.780+0200] {processor.py:157} INFO - Started process (PID=605097) to work on /home/frederic/airflow_venv/lib/python3.10/site-packages/airflow/example_dags/example_branch_operator.py
[2026-05-29T01:45:04.783+0200] {processor.py:829} INFO - Processing file /home/frederic/airflow_venv/lib/python3.10/site-packages/airflow/example_dags/example_branch_operator.py for tasks to queue
[2026-05-29T01:45:04.784+0200] {logging_mixin.py:151} INFO - [2026-05-29T01:45:04.784+0200] {dagbag.py:539} INFO - Filling up the DagBag from /home/frederic/airflow_venv/lib/python3.10/site-packages/airflow/example_dags/example_branch_operator.py
[2026-05-29T01:45:04.794+0200] {processor.py:839} INFO - DAG(s) dict_keys(['example_branch_operator']) retrieved from /home/frederic/airflow_venv/lib/python3.10/site-packages/airflow/example_dags/example_branch_operator.py
[2026-05-29T01:45:04.813+0200] {logging_mixin.py:151} INFO - [2026-05-29T01:45:04.813+0200] {dag.py:2915} INFO - Sync 1 DAGs
[2026-05-29T01:45:04.831+0200] {logging_mixin.py:151} INFO - [2026-05-29T01:45:04.831+0200] {dag.py:3696} INFO - Setting next_dagrun for example_branch_operator to 2026-05-27T00:00:00+00:00, run_after=2026-05-28T00:00:00+00:00
[2026-05-29T01:45:04.846+0200] {processor.py:179} INFO - Processing /home/frederic/airflow_venv/lib/python3.10/site-packages/airflow/example_dags/example_branch_operator.py took 0.069 seconds
[2026-05-29T01:45:55.645+0200] {processor.py:157} INFO - Started process (PID=607388) to work on /home/frederic/airflow_venv/lib/python3.10/site-packages/airflow/example_dags/example_branch_operator.py
[2026-05-29T01:45:55.646+0200] {processor.py:829} INFO - Processing file /home/frederic/airflow_venv/lib/python3.10/site-packages/airflow/example_dags/example_branch_operator.py for tasks to queue
[2026-05-29T01:45:55.647+0200] {logging_mixin.py:151} INFO - [2026-05-29T01:45:55.647+0200] {dagbag.py:539} INFO - Filling up the DagBag from /home/frederic/airflow_venv/lib/python3.10/site-packages/airflow/example_dags/example_branch_operator.py
[2026-05-29T01:45:55.659+0200] {processor.py:839} INFO - DAG(s) dict_keys(['example_branch_operator']) retrieved from /home/frederic/airflow_venv/lib/python3.10/site-packages/airflow/example_dags/example_branch_operator.py
[2026-05-29T01:45:55.679+0200] {logging_mixin.py:151} INFO - [2026-05-29T01:45:55.679+0200] {dag.py:2915} INFO - Sync 1 DAGs
[2026-05-29T01:45:55.701+0200] {logging_mixin.py:151} INFO - [2026-05-29T01:45:55.700+0200] {dag.py:3696} INFO - Setting next_dagrun for example_branch_operator to 2026-05-27T00:00:00+00:00, run_after=2026-05-28T00:00:00+00:00
[2026-05-29T01:45:55.723+0200] {processor.py:179} INFO - Processing /home/frederic/airflow_venv/lib/python3.10/site-packages/airflow/example_dags/example_branch_operator.py took 0.080 seconds
[2026-05-29T01:46:45.181+0200] {processor.py:157} INFO - Started process (PID=609181) to work on /home/frederic/airflow_venv/lib/python3.10/site-packages/airflow/example_dags/example_branch_operator.py
[2026-05-29T01:46:45.185+0200] {processor.py:829} INFO - Processing file /home/frederic/airflow_venv/lib/python3.10/site-packages/airflow/example_dags/example_branch_operator.py for tasks to queue
[2026-05-29T01:46:45.185+0200] {logging_mixin.py:151} INFO - [2026-05-29T01:46:45.185+0200] {dagbag.py:539} INFO - Filling up the DagBag from /home/frederic/airflow_venv/lib/python3.10/site-packages/airflow/example_dags/example_branch_operator.py
[2026-05-29T01:46:45.194+0200] {processor.py:839} INFO - DAG(s) dict_keys(['example_branch_operator']) retrieved from /home/frederic/airflow_venv/lib/python3.10/site-packages/airflow/example_dags/example_branch_operator.py
[2026-05-29T01:46:45.209+0200] {logging_mixin.py:151} INFO - [2026-05-29T01:46:45.208+0200] {dag.py:2915} INFO - Sync 1 DAGs
[2026-05-29T01:46:45.225+0200] {logging_mixin.py:151} INFO - [2026-05-29T01:46:45.224+0200] {dag.py:3696} INFO - Setting next_dagrun for example_branch_operator to 2026-05-27T00:00:00+00:00, run_after=2026-05-28T00:00:00+00:00
[2026-05-29T01:46:45.241+0200] {processor.py:179} INFO - Processing /home/frederic/airflow_venv/lib/python3.10/site-packages/airflow/example_dags/example_branch_operator.py took 0.063 seconds
[2026-05-29T01:47:31.167+0200] {processor.py:157} INFO - Started process (PID=610452) to work on /home/frederic/airflow_venv/lib/python3.10/site-packages/airflow/example_dags/example_branch_operator.py
[2026-05-29T01:47:31.167+0200] {processor.py:829} INFO - Processing file /home/frederic/airflow_venv/lib/python3.10/site-packages/airflow/example_dags/example_branch_operator.py for tasks to queue
[2026-05-29T01:47:31.168+0200] {logging_mixin.py:151} INFO - [2026-05-29T01:47:31.168+0200] {dagbag.py:539} INFO - Filling up the DagBag from /home/frederic/airflow_venv/lib/python3.10/site-packages/airflow/example_dags/example_branch_operator.py
[2026-05-29T01:47:31.175+0200] {processor.py:839} INFO - DAG(s) dict_keys(['example_branch_operator']) retrieved from /home/frederic/airflow_venv/lib/python3.10/site-packages/airflow/example_dags/example_branch_operator.py
[2026-05-29T01:47:31.189+0200] {logging_mixin.py:151} INFO - [2026-05-29T01:47:31.189+0200] {dag.py:2915} INFO - Sync 1 DAGs
[2026-05-29T01:47:31.210+0200] {logging_mixin.py:151} INFO - [2026-05-29T01:47:31.209+0200] {dag.py:3696} INFO - Setting next_dagrun for example_branch_operator to 2026-05-27T00:00:00+00:00, run_after=2026-05-28T00:00:00+00:00
[2026-05-29T01:47:31.224+0200] {processor.py:179} INFO - Processing /home/frederic/airflow_venv/lib/python3.10/site-packages/airflow/example_dags/example_branch_operator.py took 0.060 seconds
[2026-05-29T01:48:27.272+0200] {processor.py:157} INFO - Started process (PID=612145) to work on /home/frederic/airflow_venv/lib/python3.10/site-packages/airflow/example_dags/example_branch_operator.py
[2026-05-29T01:48:27.274+0200] {processor.py:829} INFO - Processing file /home/frederic/airflow_venv/lib/python3.10/site-packages/airflow/example_dags/example_branch_operator.py for tasks to queue
[2026-05-29T01:48:27.275+0200] {logging_mixin.py:151} INFO - [2026-05-29T01:48:27.274+0200] {dagbag.py:539} INFO - Filling up the DagBag from /home/frederic/airflow_venv/lib/python3.10/site-packages/airflow/example_dags/example_branch_operator.py
[2026-05-29T01:48:27.284+0200] {processor.py:839} INFO - DAG(s) dict_keys(['example_branch_operator']) retrieved from /home/frederic/airflow_venv/lib/python3.10/site-packages/airflow/example_dags/example_branch_operator.py
[2026-05-29T01:48:27.306+0200] {logging_mixin.py:151} INFO - [2026-05-29T01:48:27.306+0200] {dag.py:2915} INFO - Sync 1 DAGs
[2026-05-29T01:48:27.328+0200] {logging_mixin.py:151} INFO - [2026-05-29T01:48:27.327+0200] {dag.py:3696} INFO - Setting next_dagrun for example_branch_operator to 2026-05-27T00:00:00+00:00, run_after=2026-05-28T00:00:00+00:00
[2026-05-29T01:48:27.350+0200] {processor.py:179} INFO - Processing /home/frederic/airflow_venv/lib/python3.10/site-packages/airflow/example_dags/example_branch_operator.py took 0.081 seconds
[2026-05-29T01:49:11.660+0200] {processor.py:157} INFO - Started process (PID=613203) to work on /home/frederic/airflow_venv/lib/python3.10/site-packages/airflow/example_dags/example_branch_operator.py
[2026-05-29T01:49:11.660+0200] {processor.py:829} INFO - Processing file /home/frederic/airflow_venv/lib/python3.10/site-packages/airflow/example_dags/example_branch_operator.py for tasks to queue
[2026-05-29T01:49:11.661+0200] {logging_mixin.py:151} INFO - [2026-05-29T01:49:11.661+0200] {dagbag.py:539} INFO - Filling up the DagBag from /home/frederic/airflow_venv/lib/python3.10/site-packages/airflow/example_dags/example_branch_operator.py
[2026-05-29T01:49:11.669+0200] {processor.py:839} INFO - DAG(s) dict_keys(['example_branch_operator']) retrieved from /home/frederic/airflow_venv/lib/python3.10/site-packages/airflow/example_dags/example_branch_operator.py
[2026-05-29T01:49:11.684+0200] {logging_mixin.py:151} INFO - [2026-05-29T01:49:11.684+0200] {dag.py:2915} INFO - Sync 1 DAGs
[2026-05-29T01:49:11.702+0200] {logging_mixin.py:151} INFO - [2026-05-29T01:49:11.702+0200] {dag.py:3696} INFO - Setting next_dagrun for example_branch_operator to 2026-05-27T00:00:00+00:00, run_after=2026-05-28T00:00:00+00:00
[2026-05-29T01:49:11.716+0200] {processor.py:179} INFO - Processing /home/frederic/airflow_venv/lib/python3.10/site-packages/airflow/example_dags/example_branch_operator.py took 0.059 seconds
[2026-05-29T01:49:55.330+0200] {processor.py:157} INFO - Started process (PID=614474) to work on /home/frederic/airflow_venv/lib/python3.10/site-packages/airflow/example_dags/example_branch_operator.py
[2026-05-29T01:49:55.331+0200] {processor.py:829} INFO - Processing file /home/frederic/airflow_venv/lib/python3.10/site-packages/airflow/example_dags/example_branch_operator.py for tasks to queue
[2026-05-29T01:49:55.332+0200] {logging_mixin.py:151} INFO - [2026-05-29T01:49:55.332+0200] {dagbag.py:539} INFO - Filling up the DagBag from /home/frederic/airflow_venv/lib/python3.10/site-packages/airflow/example_dags/example_branch_operator.py
[2026-05-29T01:49:55.340+0200] {processor.py:839} INFO - DAG(s) dict_keys(['example_branch_operator']) retrieved from /home/frederic/airflow_venv/lib/python3.10/site-packages/airflow/example_dags/example_branch_operator.py
[2026-05-29T01:49:55.357+0200] {logging_mixin.py:151} INFO - [2026-05-29T01:49:55.357+0200] {dag.py:2915} INFO - Sync 1 DAGs
[2026-05-29T01:49:55.381+0200] {logging_mixin.py:151} INFO - [2026-05-29T01:49:55.381+0200] {dag.py:3696} INFO - Setting next_dagrun for example_branch_operator to 2026-05-27T00:00:00+00:00, run_after=2026-05-28T00:00:00+00:00
[2026-05-29T01:49:55.395+0200] {processor.py:179} INFO - Processing /home/frederic/airflow_venv/lib/python3.10/site-packages/airflow/example_dags/example_branch_operator.py took 0.067 seconds
[2026-05-29T01:50:47.452+0200] {processor.py:157} INFO - Started process (PID=616037) to work on /home/frederic/airflow_venv/lib/python3.10/site-packages/airflow/example_dags/example_branch_operator.py
[2026-05-29T01:50:47.453+0200] {processor.py:829} INFO - Processing file /home/frederic/airflow_venv/lib/python3.10/site-packages/airflow/example_dags/example_branch_operator.py for tasks to queue
[2026-05-29T01:50:47.453+0200] {logging_mixin.py:151} INFO - [2026-05-29T01:50:47.453+0200] {dagbag.py:539} INFO - Filling up the DagBag from /home/frederic/airflow_venv/lib/python3.10/site-packages/airflow/example_dags/example_branch_operator.py
[2026-05-29T01:50:47.461+0200] {processor.py:839} INFO - DAG(s) dict_keys(['example_branch_operator']) retrieved from /home/frederic/airflow_venv/lib/python3.10/site-packages/airflow/example_dags/example_branch_operator.py
[2026-05-29T01:50:47.474+0200] {logging_mixin.py:151} INFO - [2026-05-29T01:50:47.474+0200] {dag.py:2915} INFO - Sync 1 DAGs
[2026-05-29T01:50:47.491+0200] {logging_mixin.py:151} INFO - [2026-05-29T01:50:47.491+0200] {dag.py:3696} INFO - Setting next_dagrun for example_branch_operator to 2026-05-27T00:00:00+00:00, run_after=2026-05-28T00:00:00+00:00
[2026-05-29T01:50:47.508+0200] {processor.py:179} INFO - Processing /home/frederic/airflow_venv/lib/python3.10/site-packages/airflow/example_dags/example_branch_operator.py took 0.058 seconds
[2026-05-29T01:51:32.157+0200] {processor.py:157} INFO - Started process (PID=617069) to work on /home/frederic/airflow_venv/lib/python3.10/site-packages/airflow/example_dags/example_branch_operator.py
[2026-05-29T01:51:32.158+0200] {processor.py:829} INFO - Processing file /home/frederic/airflow_venv/lib/python3.10/site-packages/airflow/example_dags/example_branch_operator.py for tasks to queue
[2026-05-29T01:51:32.159+0200] {logging_mixin.py:151} INFO - [2026-05-29T01:51:32.158+0200] {dagbag.py:539} INFO - Filling up the DagBag from /home/frederic/airflow_venv/lib/python3.10/site-packages/airflow/example_dags/example_branch_operator.py
[2026-05-29T01:51:32.167+0200] {processor.py:839} INFO - DAG(s) dict_keys(['example_branch_operator']) retrieved from /home/frederic/airflow_venv/lib/python3.10/site-packages/airflow/example_dags/example_branch_operator.py
[2026-05-29T01:51:32.185+0200] {logging_mixin.py:151} INFO - [2026-05-29T01:51:32.185+0200] {dag.py:2915} INFO - Sync 1 DAGs
[2026-05-29T01:51:32.204+0200] {logging_mixin.py:151} INFO - [2026-05-29T01:51:32.204+0200] {dag.py:3696} INFO - Setting next_dagrun for example_branch_operator to 2026-05-27T00:00:00+00:00, run_after=2026-05-28T00:00:00+00:00
[2026-05-29T01:51:32.219+0200] {processor.py:179} INFO - Processing /home/frederic/airflow_venv/lib/python3.10/site-packages/airflow/example_dags/example_branch_operator.py took 0.064 seconds
[2026-05-29T01:52:22.496+0200] {processor.py:157} INFO - Started process (PID=618424) to work on /home/frederic/airflow_venv/lib/python3.10/site-packages/airflow/example_dags/example_branch_operator.py
[2026-05-29T01:52:22.499+0200] {processor.py:829} INFO - Processing file /home/frederic/airflow_venv/lib/python3.10/site-packages/airflow/example_dags/example_branch_operator.py for tasks to queue
[2026-05-29T01:52:22.500+0200] {logging_mixin.py:151} INFO - [2026-05-29T01:52:22.500+0200] {dagbag.py:539} INFO - Filling up the DagBag from /home/frederic/airflow_venv/lib/python3.10/site-packages/airflow/example_dags/example_branch_operator.py
[2026-05-29T01:52:22.509+0200] {processor.py:839} INFO - DAG(s) dict_keys(['example_branch_operator']) retrieved from /home/frederic/airflow_venv/lib/python3.10/site-packages/airflow/example_dags/example_branch_operator.py
[2026-05-29T01:52:22.527+0200] {logging_mixin.py:151} INFO - [2026-05-29T01:52:22.527+0200] {dag.py:2915} INFO - Sync 1 DAGs
[2026-05-29T01:52:22.549+0200] {logging_mixin.py:151} INFO - [2026-05-29T01:52:22.549+0200] {dag.py:3696} INFO - Setting next_dagrun for example_branch_operator to 2026-05-27T00:00:00+00:00, run_after=2026-05-28T00:00:00+00:00
[2026-05-29T01:52:22.567+0200] {processor.py:179} INFO - Processing /home/frederic/airflow_venv/lib/python3.10/site-packages/airflow/example_dags/example_branch_operator.py took 0.073 seconds
[2026-05-29T01:53:08.772+0200] {processor.py:157} INFO - Started process (PID=619929) to work on /home/frederic/airflow_venv/lib/python3.10/site-packages/airflow/example_dags/example_branch_operator.py
[2026-05-29T01:53:08.773+0200] {processor.py:829} INFO - Processing file /home/frederic/airflow_venv/lib/python3.10/site-packages/airflow/example_dags/example_branch_operator.py for tasks to queue
[2026-05-29T01:53:08.774+0200] {logging_mixin.py:151} INFO - [2026-05-29T01:53:08.774+0200] {dagbag.py:539} INFO - Filling up the DagBag from /home/frederic/airflow_venv/lib/python3.10/site-packages/airflow/example_dags/example_branch_operator.py
[2026-05-29T01:53:08.789+0200] {processor.py:839} INFO - DAG(s) dict_keys(['example_branch_operator']) retrieved from /home/frederic/airflow_venv/lib/python3.10/site-packages/airflow/example_dags/example_branch_operator.py
[2026-05-29T01:53:08.811+0200] {logging_mixin.py:151} INFO - [2026-05-29T01:53:08.811+0200] {dag.py:2915} INFO - Sync 1 DAGs
[2026-05-29T01:53:08.835+0200] {logging_mixin.py:151} INFO - [2026-05-29T01:53:08.835+0200] {dag.py:3696} INFO - Setting next_dagrun for example_branch_operator to 2026-05-27T00:00:00+00:00, run_after=2026-05-28T00:00:00+00:00
[2026-05-29T01:53:08.857+0200] {processor.py:179} INFO - Processing /home/frederic/airflow_venv/lib/python3.10/site-packages/airflow/example_dags/example_branch_operator.py took 0.088 seconds
[2026-05-29T01:53:54.999+0200] {processor.py:157} INFO - Started process (PID=621210) to work on /home/frederic/airflow_venv/lib/python3.10/site-packages/airflow/example_dags/example_branch_operator.py
[2026-05-29T01:53:55.002+0200] {processor.py:829} INFO - Processing file /home/frederic/airflow_venv/lib/python3.10/site-packages/airflow/example_dags/example_branch_operator.py for tasks to queue
[2026-05-29T01:53:55.003+0200] {logging_mixin.py:151} INFO - [2026-05-29T01:53:55.003+0200] {dagbag.py:539} INFO - Filling up the DagBag from /home/frederic/airflow_venv/lib/python3.10/site-packages/airflow/example_dags/example_branch_operator.py
[2026-05-29T01:53:55.011+0200] {processor.py:839} INFO - DAG(s) dict_keys(['example_branch_operator']) retrieved from /home/frederic/airflow_venv/lib/python3.10/site-packages/airflow/example_dags/example_branch_operator.py
[2026-05-29T01:53:55.026+0200] {logging_mixin.py:151} INFO - [2026-05-29T01:53:55.026+0200] {dag.py:2915} INFO - Sync 1 DAGs
[2026-05-29T01:53:55.046+0200] {logging_mixin.py:151} INFO - [2026-05-29T01:53:55.046+0200] {dag.py:3696} INFO - Setting next_dagrun for example_branch_operator to 2026-05-27T00:00:00+00:00, run_after=2026-05-28T00:00:00+00:00
[2026-05-29T01:53:55.060+0200] {processor.py:179} INFO - Processing /home/frederic/airflow_venv/lib/python3.10/site-packages/airflow/example_dags/example_branch_operator.py took 0.064 seconds
[2026-05-29T01:54:42.287+0200] {processor.py:157} INFO - Started process (PID=622732) to work on /home/frederic/airflow_venv/lib/python3.10/site-packages/airflow/example_dags/example_branch_operator.py
[2026-05-29T01:54:42.290+0200] {processor.py:829} INFO - Processing file /home/frederic/airflow_venv/lib/python3.10/site-packages/airflow/example_dags/example_branch_operator.py for tasks to queue
[2026-05-29T01:54:42.291+0200] {logging_mixin.py:151} INFO - [2026-05-29T01:54:42.291+0200] {dagbag.py:539} INFO - Filling up the DagBag from /home/frederic/airflow_venv/lib/python3.10/site-packages/airflow/example_dags/example_branch_operator.py
[2026-05-29T01:54:42.299+0200] {processor.py:839} INFO - DAG(s) dict_keys(['example_branch_operator']) retrieved from /home/frederic/airflow_venv/lib/python3.10/site-packages/airflow/example_dags/example_branch_operator.py
[2026-05-29T01:54:42.313+0200] {logging_mixin.py:151} INFO - [2026-05-29T01:54:42.313+0200] {dag.py:2915} INFO - Sync 1 DAGs
[2026-05-29T01:54:42.334+0200] {logging_mixin.py:151} INFO - [2026-05-29T01:54:42.333+0200] {dag.py:3696} INFO - Setting next_dagrun for example_branch_operator to 2026-05-27T00:00:00+00:00, run_after=2026-05-28T00:00:00+00:00
[2026-05-29T01:54:42.350+0200] {processor.py:179} INFO - Processing /home/frederic/airflow_venv/lib/python3.10/site-packages/airflow/example_dags/example_branch_operator.py took 0.065 seconds
[2026-05-29T01:55:28.804+0200] {processor.py:157} INFO - Started process (PID=624368) to work on /home/frederic/airflow_venv/lib/python3.10/site-packages/airflow/example_dags/example_branch_operator.py
[2026-05-29T01:55:28.805+0200] {processor.py:829} INFO - Processing file /home/frederic/airflow_venv/lib/python3.10/site-packages/airflow/example_dags/example_branch_operator.py for tasks to queue
[2026-05-29T01:55:28.806+0200] {logging_mixin.py:151} INFO - [2026-05-29T01:55:28.806+0200] {dagbag.py:539} INFO - Filling up the DagBag from /home/frederic/airflow_venv/lib/python3.10/site-packages/airflow/example_dags/example_branch_operator.py
[2026-05-29T01:55:28.817+0200] {processor.py:839} INFO - DAG(s) dict_keys(['example_branch_operator']) retrieved from /home/frederic/airflow_venv/lib/python3.10/site-packages/airflow/example_dags/example_branch_operator.py
[2026-05-29T01:55:28.824+0200] {logging_mixin.py:151} INFO - [2026-05-29T01:55:28.824+0200] {dag.py:2915} INFO - Sync 1 DAGs
[2026-05-29T01:55:28.845+0200] {logging_mixin.py:151} INFO - [2026-05-29T01:55:28.844+0200] {dag.py:3696} INFO - Setting next_dagrun for example_branch_operator to 2026-05-27T00:00:00+00:00, run_after=2026-05-28T00:00:00+00:00
[2026-05-29T01:55:28.861+0200] {processor.py:179} INFO - Processing /home/frederic/airflow_venv/lib/python3.10/site-packages/airflow/example_dags/example_branch_operator.py took 0.063 seconds
[2026-05-29T01:56:03.569+0200] {processor.py:157} INFO - Started process (PID=625368) to work on /home/frederic/airflow_venv/lib/python3.10/site-packages/airflow/example_dags/example_branch_operator.py
[2026-05-29T01:56:03.570+0200] {processor.py:829} INFO - Processing file /home/frederic/airflow_venv/lib/python3.10/site-packages/airflow/example_dags/example_branch_operator.py for tasks to queue
[2026-05-29T01:56:03.571+0200] {logging_mixin.py:151} INFO - [2026-05-29T01:56:03.571+0200] {dagbag.py:539} INFO - Filling up the DagBag from /home/frederic/airflow_venv/lib/python3.10/site-packages/airflow/example_dags/example_branch_operator.py
[2026-05-29T01:56:03.582+0200] {processor.py:839} INFO - DAG(s) dict_keys(['example_branch_operator']) retrieved from /home/frederic/airflow_venv/lib/python3.10/site-packages/airflow/example_dags/example_branch_operator.py
[2026-05-29T01:56:03.602+0200] {logging_mixin.py:151} INFO - [2026-05-29T01:56:03.602+0200] {dag.py:2915} INFO - Sync 1 DAGs
[2026-05-29T01:56:03.631+0200] {logging_mixin.py:151} INFO - [2026-05-29T01:56:03.631+0200] {dag.py:3696} INFO - Setting next_dagrun for example_branch_operator to 2026-05-27T00:00:00+00:00, run_after=2026-05-28T00:00:00+00:00
[2026-05-29T01:56:03.662+0200] {processor.py:179} INFO - Processing /home/frederic/airflow_venv/lib/python3.10/site-packages/airflow/example_dags/example_branch_operator.py took 0.098 seconds
[2026-05-29T01:56:28.947+0200] {processor.py:157} INFO - Started process (PID=626284) to work on /home/frederic/airflow_venv/lib/python3.10/site-packages/airflow/example_dags/example_branch_operator.py
[2026-05-29T01:56:28.947+0200] {processor.py:829} INFO - Processing file /home/frederic/airflow_venv/lib/python3.10/site-packages/airflow/example_dags/example_branch_operator.py for tasks to queue
[2026-05-29T01:56:28.948+0200] {logging_mixin.py:151} INFO - [2026-05-29T01:56:28.948+0200] {dagbag.py:539} INFO - Filling up the DagBag from /home/frederic/airflow_venv/lib/python3.10/site-packages/airflow/example_dags/example_branch_operator.py
[2026-05-29T01:56:28.957+0200] {processor.py:839} INFO - DAG(s) dict_keys(['example_branch_operator']) retrieved from /home/frederic/airflow_venv/lib/python3.10/site-packages/airflow/example_dags/example_branch_operator.py
[2026-05-29T01:56:28.976+0200] {logging_mixin.py:151} INFO - [2026-05-29T01:56:28.976+0200] {dag.py:2915} INFO - Sync 1 DAGs
[2026-05-29T01:56:28.997+0200] {logging_mixin.py:151} INFO - [2026-05-29T01:56:28.997+0200] {dag.py:3696} INFO - Setting next_dagrun for example_branch_operator to 2026-05-27T00:00:00+00:00, run_after=2026-05-28T00:00:00+00:00
[2026-05-29T01:56:29.017+0200] {processor.py:179} INFO - Processing /home/frederic/airflow_venv/lib/python3.10/site-packages/airflow/example_dags/example_branch_operator.py took 0.075 seconds
[2026-05-29T01:56:52.628+0200] {processor.py:157} INFO - Started process (PID=627012) to work on /home/frederic/airflow_venv/lib/python3.10/site-packages/airflow/example_dags/example_branch_operator.py
[2026-05-29T01:56:52.629+0200] {processor.py:829} INFO - Processing file /home/frederic/airflow_venv/lib/python3.10/site-packages/airflow/example_dags/example_branch_operator.py for tasks to queue
[2026-05-29T01:56:52.630+0200] {logging_mixin.py:151} INFO - [2026-05-29T01:56:52.629+0200] {dagbag.py:539} INFO - Filling up the DagBag from /home/frederic/airflow_venv/lib/python3.10/site-packages/airflow/example_dags/example_branch_operator.py
[2026-05-29T01:56:52.638+0200] {processor.py:839} INFO - DAG(s) dict_keys(['example_branch_operator']) retrieved from /home/frederic/airflow_venv/lib/python3.10/site-packages/airflow/example_dags/example_branch_operator.py
[2026-05-29T01:56:52.655+0200] {logging_mixin.py:151} INFO - [2026-05-29T01:56:52.655+0200] {dag.py:2915} INFO - Sync 1 DAGs
[2026-05-29T01:56:52.679+0200] {logging_mixin.py:151} INFO - [2026-05-29T01:56:52.679+0200] {dag.py:3696} INFO - Setting next_dagrun for example_branch_operator to 2026-05-27T00:00:00+00:00, run_after=2026-05-28T00:00:00+00:00
[2026-05-29T01:56:52.698+0200] {processor.py:179} INFO - Processing /home/frederic/airflow_venv/lib/python3.10/site-packages/airflow/example_dags/example_branch_operator.py took 0.074 seconds
[2026-05-29T01:57:20.074+0200] {processor.py:157} INFO - Started process (PID=627817) to work on /home/frederic/airflow_venv/lib/python3.10/site-packages/airflow/example_dags/example_branch_operator.py
[2026-05-29T01:57:20.075+0200] {processor.py:829} INFO - Processing file /home/frederic/airflow_venv/lib/python3.10/site-packages/airflow/example_dags/example_branch_operator.py for tasks to queue
[2026-05-29T01:57:20.076+0200] {logging_mixin.py:151} INFO - [2026-05-29T01:57:20.076+0200] {dagbag.py:539} INFO - Filling up the DagBag from /home/frederic/airflow_venv/lib/python3.10/site-packages/airflow/example_dags/example_branch_operator.py
[2026-05-29T01:57:20.089+0200] {processor.py:839} INFO - DAG(s) dict_keys(['example_branch_operator']) retrieved from /home/frederic/airflow_venv/lib/python3.10/site-packages/airflow/example_dags/example_branch_operator.py
[2026-05-29T01:57:20.115+0200] {logging_mixin.py:151} INFO - [2026-05-29T01:57:20.115+0200] {dag.py:2915} INFO - Sync 1 DAGs
[2026-05-29T01:57:20.142+0200] {logging_mixin.py:151} INFO - [2026-05-29T01:57:20.142+0200] {dag.py:3696} INFO - Setting next_dagrun for example_branch_operator to 2026-05-27T00:00:00+00:00, run_after=2026-05-28T00:00:00+00:00
[2026-05-29T01:57:20.164+0200] {processor.py:179} INFO - Processing /home/frederic/airflow_venv/lib/python3.10/site-packages/airflow/example_dags/example_branch_operator.py took 0.093 seconds
[2026-05-29T01:57:41.454+0200] {processor.py:157} INFO - Started process (PID=628863) to work on /home/frederic/airflow_venv/lib/python3.10/site-packages/airflow/example_dags/example_branch_operator.py
[2026-05-29T01:57:41.455+0200] {processor.py:829} INFO - Processing file /home/frederic/airflow_venv/lib/python3.10/site-packages/airflow/example_dags/example_branch_operator.py for tasks to queue
[2026-05-29T01:57:41.456+0200] {logging_mixin.py:151} INFO - [2026-05-29T01:57:41.456+0200] {dagbag.py:539} INFO - Filling up the DagBag from /home/frederic/airflow_venv/lib/python3.10/site-packages/airflow/example_dags/example_branch_operator.py
[2026-05-29T01:57:41.467+0200] {processor.py:839} INFO - DAG(s) dict_keys(['example_branch_operator']) retrieved from /home/frederic/airflow_venv/lib/python3.10/site-packages/airflow/example_dags/example_branch_operator.py
[2026-05-29T01:57:41.489+0200] {logging_mixin.py:151} INFO - [2026-05-29T01:57:41.488+0200] {dag.py:2915} INFO - Sync 1 DAGs
[2026-05-29T01:57:41.514+0200] {logging_mixin.py:151} INFO - [2026-05-29T01:57:41.513+0200] {dag.py:3696} INFO - Setting next_dagrun for example_branch_operator to 2026-05-27T00:00:00+00:00, run_after=2026-05-28T00:00:00+00:00
[2026-05-29T01:57:41.537+0200] {processor.py:179} INFO - Processing /home/frederic/airflow_venv/lib/python3.10/site-packages/airflow/example_dags/example_branch_operator.py took 0.086 seconds
[2026-05-29T01:58:08.441+0200] {processor.py:157} INFO - Started process (PID=629615) to work on /home/frederic/airflow_venv/lib/python3.10/site-packages/airflow/example_dags/example_branch_operator.py
[2026-05-29T01:58:08.442+0200] {processor.py:829} INFO - Processing file /home/frederic/airflow_venv/lib/python3.10/site-packages/airflow/example_dags/example_branch_operator.py for tasks to queue
[2026-05-29T01:58:08.443+0200] {logging_mixin.py:151} INFO - [2026-05-29T01:58:08.442+0200] {dagbag.py:539} INFO - Filling up the DagBag from /home/frederic/airflow_venv/lib/python3.10/site-packages/airflow/example_dags/example_branch_operator.py
[2026-05-29T01:58:08.452+0200] {processor.py:839} INFO - DAG(s) dict_keys(['example_branch_operator']) retrieved from /home/frederic/airflow_venv/lib/python3.10/site-packages/airflow/example_dags/example_branch_operator.py
[2026-05-29T01:58:08.468+0200] {logging_mixin.py:151} INFO - [2026-05-29T01:58:08.468+0200] {dag.py:2915} INFO - Sync 1 DAGs
[2026-05-29T01:58:08.489+0200] {logging_mixin.py:151} INFO - [2026-05-29T01:58:08.488+0200] {dag.py:3696} INFO - Setting next_dagrun for example_branch_operator to 2026-05-27T00:00:00+00:00, run_after=2026-05-28T00:00:00+00:00
[2026-05-29T01:58:08.504+0200] {processor.py:179} INFO - Processing /home/frederic/airflow_venv/lib/python3.10/site-packages/airflow/example_dags/example_branch_operator.py took 0.066 seconds
[2026-05-29T01:58:36.094+0200] {processor.py:157} INFO - Started process (PID=630800) to work on /home/frederic/airflow_venv/lib/python3.10/site-packages/airflow/example_dags/example_branch_operator.py
[2026-05-29T01:58:36.096+0200] {processor.py:829} INFO - Processing file /home/frederic/airflow_venv/lib/python3.10/site-packages/airflow/example_dags/example_branch_operator.py for tasks to queue
[2026-05-29T01:58:36.098+0200] {logging_mixin.py:151} INFO - [2026-05-29T01:58:36.097+0200] {dagbag.py:539} INFO - Filling up the DagBag from /home/frederic/airflow_venv/lib/python3.10/site-packages/airflow/example_dags/example_branch_operator.py
[2026-05-29T01:58:36.114+0200] {processor.py:839} INFO - DAG(s) dict_keys(['example_branch_operator']) retrieved from /home/frederic/airflow_venv/lib/python3.10/site-packages/airflow/example_dags/example_branch_operator.py
[2026-05-29T01:58:36.139+0200] {logging_mixin.py:151} INFO - [2026-05-29T01:58:36.138+0200] {dag.py:2915} INFO - Sync 1 DAGs
[2026-05-29T01:58:36.169+0200] {logging_mixin.py:151} INFO - [2026-05-29T01:58:36.169+0200] {dag.py:3696} INFO - Setting next_dagrun for example_branch_operator to 2026-05-27T00:00:00+00:00, run_after=2026-05-28T00:00:00+00:00
[2026-05-29T01:58:36.200+0200] {processor.py:179} INFO - Processing /home/frederic/airflow_venv/lib/python3.10/site-packages/airflow/example_dags/example_branch_operator.py took 0.108 seconds
[2026-05-29T01:59:00.783+0200] {processor.py:157} INFO - Started process (PID=631479) to work on /home/frederic/airflow_venv/lib/python3.10/site-packages/airflow/example_dags/example_branch_operator.py
[2026-05-29T01:59:00.784+0200] {processor.py:829} INFO - Processing file /home/frederic/airflow_venv/lib/python3.10/site-packages/airflow/example_dags/example_branch_operator.py for tasks to queue
[2026-05-29T01:59:00.785+0200] {logging_mixin.py:151} INFO - [2026-05-29T01:59:00.785+0200] {dagbag.py:539} INFO - Filling up the DagBag from /home/frederic/airflow_venv/lib/python3.10/site-packages/airflow/example_dags/example_branch_operator.py
[2026-05-29T01:59:00.797+0200] {processor.py:839} INFO - DAG(s) dict_keys(['example_branch_operator']) retrieved from /home/frederic/airflow_venv/lib/python3.10/site-packages/airflow/example_dags/example_branch_operator.py
[2026-05-29T01:59:00.814+0200] {logging_mixin.py:151} INFO - [2026-05-29T01:59:00.814+0200] {dag.py:2915} INFO - Sync 1 DAGs
[2026-05-29T01:59:00.833+0200] {logging_mixin.py:151} INFO - [2026-05-29T01:59:00.833+0200] {dag.py:3696} INFO - Setting next_dagrun for example_branch_operator to 2026-05-27T00:00:00+00:00, run_after=2026-05-28T00:00:00+00:00
[2026-05-29T01:59:00.851+0200] {processor.py:179} INFO - Processing /home/frederic/airflow_venv/lib/python3.10/site-packages/airflow/example_dags/example_branch_operator.py took 0.070 seconds
[2026-05-29T01:59:31.242+0200] {processor.py:157} INFO - Started process (PID=632355) to work on /home/frederic/airflow_venv/lib/python3.10/site-packages/airflow/example_dags/example_branch_operator.py
[2026-05-29T01:59:31.243+0200] {processor.py:829} INFO - Processing file /home/frederic/airflow_venv/lib/python3.10/site-packages/airflow/example_dags/example_branch_operator.py for tasks to queue
[2026-05-29T01:59:31.244+0200] {logging_mixin.py:151} INFO - [2026-05-29T01:59:31.243+0200] {dagbag.py:539} INFO - Filling up the DagBag from /home/frederic/airflow_venv/lib/python3.10/site-packages/airflow/example_dags/example_branch_operator.py
[2026-05-29T01:59:31.252+0200] {processor.py:839} INFO - DAG(s) dict_keys(['example_branch_operator']) retrieved from /home/frederic/airflow_venv/lib/python3.10/site-packages/airflow/example_dags/example_branch_operator.py
[2026-05-29T01:59:31.268+0200] {logging_mixin.py:151} INFO - [2026-05-29T01:59:31.267+0200] {dag.py:2915} INFO - Sync 1 DAGs
[2026-05-29T01:59:31.286+0200] {logging_mixin.py:151} INFO - [2026-05-29T01:59:31.286+0200] {dag.py:3696} INFO - Setting next_dagrun for example_branch_operator to 2026-05-27T00:00:00+00:00, run_after=2026-05-28T00:00:00+00:00
[2026-05-29T01:59:31.301+0200] {processor.py:179} INFO - Processing /home/frederic/airflow_venv/lib/python3.10/site-packages/airflow/example_dags/example_branch_operator.py took 0.061 seconds
[2026-05-29T01:59:47.380+0200] {processor.py:157} INFO - Started process (PID=632812) to work on /home/frederic/airflow_venv/lib/python3.10/site-packages/airflow/example_dags/example_branch_operator.py
[2026-05-29T01:59:47.381+0200] {processor.py:829} INFO - Processing file /home/frederic/airflow_venv/lib/python3.10/site-packages/airflow/example_dags/example_branch_operator.py for tasks to queue
[2026-05-29T01:59:47.381+0200] {logging_mixin.py:151} INFO - [2026-05-29T01:59:47.381+0200] {dagbag.py:539} INFO - Filling up the DagBag from /home/frederic/airflow_venv/lib/python3.10/site-packages/airflow/example_dags/example_branch_operator.py
[2026-05-29T01:59:47.391+0200] {processor.py:839} INFO - DAG(s) dict_keys(['example_branch_operator']) retrieved from /home/frederic/airflow_venv/lib/python3.10/site-packages/airflow/example_dags/example_branch_operator.py
[2026-05-29T01:59:47.410+0200] {logging_mixin.py:151} INFO - [2026-05-29T01:59:47.410+0200] {dag.py:2915} INFO - Sync 1 DAGs
[2026-05-29T01:59:47.430+0200] {logging_mixin.py:151} INFO - [2026-05-29T01:59:47.430+0200] {dag.py:3696} INFO - Setting next_dagrun for example_branch_operator to 2026-05-27T00:00:00+00:00, run_after=2026-05-28T00:00:00+00:00
[2026-05-29T01:59:47.446+0200] {processor.py:179} INFO - Processing /home/frederic/airflow_venv/lib/python3.10/site-packages/airflow/example_dags/example_branch_operator.py took 0.069 seconds
