[2026-05-29T01:36:43.111+0200] {processor.py:157} INFO - Started process (PID=593917) to work on /home/frederic/airflow_venv/lib/python3.10/site-packages/airflow/example_dags/example_xcomargs.py
[2026-05-29T01:36:43.111+0200] {processor.py:829} INFO - Processing file /home/frederic/airflow_venv/lib/python3.10/site-packages/airflow/example_dags/example_xcomargs.py for tasks to queue
[2026-05-29T01:36:43.112+0200] {logging_mixin.py:151} INFO - [2026-05-29T01:36:43.112+0200] {dagbag.py:539} INFO - Filling up the DagBag from /home/frederic/airflow_venv/lib/python3.10/site-packages/airflow/example_dags/example_xcomargs.py
[2026-05-29T01:36:43.122+0200] {processor.py:839} INFO - DAG(s) dict_keys(['example_xcom_args', 'example_xcom_args_with_operators']) retrieved from /home/frederic/airflow_venv/lib/python3.10/site-packages/airflow/example_dags/example_xcomargs.py
[2026-05-29T01:36:43.205+0200] {logging_mixin.py:151} INFO - [2026-05-29T01:36:43.205+0200] {manager.py:499} INFO - Created Permission View: %s
[2026-05-29T01:36:43.214+0200] {logging_mixin.py:151} INFO - [2026-05-29T01:36:43.214+0200] {manager.py:499} INFO - Created Permission View: %s
[2026-05-29T01:36:43.219+0200] {logging_mixin.py:151} INFO - [2026-05-29T01:36:43.219+0200] {manager.py:499} INFO - Created Permission View: %s
[2026-05-29T01:36:43.219+0200] {logging_mixin.py:151} INFO - [2026-05-29T01:36:43.219+0200] {security.py:708} INFO - Not syncing DAG-level permissions for DAG 'DAG:example_xcom_args' as access control is unset.
[2026-05-29T01:36:43.231+0200] {logging_mixin.py:151} INFO - [2026-05-29T01:36:43.230+0200] {manager.py:499} INFO - Created Permission View: %s
[2026-05-29T01:36:43.237+0200] {logging_mixin.py:151} INFO - [2026-05-29T01:36:43.237+0200] {manager.py:499} INFO - Created Permission View: %s
[2026-05-29T01:36:43.242+0200] {logging_mixin.py:151} INFO - [2026-05-29T01:36:43.242+0200] {manager.py:499} INFO - Created Permission View: %s
[2026-05-29T01:36:43.243+0200] {logging_mixin.py:151} INFO - [2026-05-29T01:36:43.243+0200] {security.py:708} INFO - Not syncing DAG-level permissions for DAG 'DAG:example_xcom_args_with_operators' as access control is unset.
[2026-05-29T01:36:43.243+0200] {logging_mixin.py:151} INFO - [2026-05-29T01:36:43.243+0200] {dag.py:2915} INFO - Sync 2 DAGs
[2026-05-29T01:36:43.252+0200] {logging_mixin.py:151} INFO - [2026-05-29T01:36:43.252+0200] {dag.py:2937} INFO - Creating ORM DAG for example_xcom_args_with_operators
[2026-05-29T01:36:43.253+0200] {logging_mixin.py:151} INFO - [2026-05-29T01:36:43.253+0200] {dag.py:2937} INFO - Creating ORM DAG for example_xcom_args
[2026-05-29T01:36:43.253+0200] {logging_mixin.py:151} INFO - [2026-05-29T01:36:43.253+0200] {dag.py:3696} INFO - Setting next_dagrun for example_xcom_args to None, run_after=None
[2026-05-29T01:36:43.254+0200] {logging_mixin.py:151} INFO - [2026-05-29T01:36:43.254+0200] {dag.py:3696} INFO - Setting next_dagrun for example_xcom_args_with_operators to None, run_after=None
[2026-05-29T01:36:43.268+0200] {processor.py:179} INFO - Processing /home/frederic/airflow_venv/lib/python3.10/site-packages/airflow/example_dags/example_xcomargs.py took 0.160 seconds
[2026-05-29T01:37:29.978+0200] {processor.py:157} INFO - Started process (PID=594880) to work on /home/frederic/airflow_venv/lib/python3.10/site-packages/airflow/example_dags/example_xcomargs.py
[2026-05-29T01:37:29.979+0200] {processor.py:829} INFO - Processing file /home/frederic/airflow_venv/lib/python3.10/site-packages/airflow/example_dags/example_xcomargs.py for tasks to queue
[2026-05-29T01:37:29.980+0200] {logging_mixin.py:151} INFO - [2026-05-29T01:37:29.979+0200] {dagbag.py:539} INFO - Filling up the DagBag from /home/frederic/airflow_venv/lib/python3.10/site-packages/airflow/example_dags/example_xcomargs.py
[2026-05-29T01:37:29.986+0200] {processor.py:839} INFO - DAG(s) dict_keys(['example_xcom_args_with_operators', 'example_xcom_args']) retrieved from /home/frederic/airflow_venv/lib/python3.10/site-packages/airflow/example_dags/example_xcomargs.py
[2026-05-29T01:37:30.000+0200] {logging_mixin.py:151} INFO - [2026-05-29T01:37:30.000+0200] {dag.py:2915} INFO - Sync 2 DAGs
[2026-05-29T01:37:30.010+0200] {logging_mixin.py:151} INFO - [2026-05-29T01:37:30.010+0200] {dag.py:3696} INFO - Setting next_dagrun for example_xcom_args to None, run_after=None
[2026-05-29T01:37:30.012+0200] {logging_mixin.py:151} INFO - [2026-05-29T01:37:30.012+0200] {dag.py:3696} INFO - Setting next_dagrun for example_xcom_args_with_operators to None, run_after=None
[2026-05-29T01:37:30.027+0200] {processor.py:179} INFO - Processing /home/frederic/airflow_venv/lib/python3.10/site-packages/airflow/example_dags/example_xcomargs.py took 0.051 seconds
[2026-05-29T01:38:14.072+0200] {processor.py:157} INFO - Started process (PID=595697) to work on /home/frederic/airflow_venv/lib/python3.10/site-packages/airflow/example_dags/example_xcomargs.py
[2026-05-29T01:38:14.073+0200] {processor.py:829} INFO - Processing file /home/frederic/airflow_venv/lib/python3.10/site-packages/airflow/example_dags/example_xcomargs.py for tasks to queue
[2026-05-29T01:38:14.074+0200] {logging_mixin.py:151} INFO - [2026-05-29T01:38:14.074+0200] {dagbag.py:539} INFO - Filling up the DagBag from /home/frederic/airflow_venv/lib/python3.10/site-packages/airflow/example_dags/example_xcomargs.py
[2026-05-29T01:38:14.081+0200] {processor.py:839} INFO - DAG(s) dict_keys(['example_xcom_args', 'example_xcom_args_with_operators']) retrieved from /home/frederic/airflow_venv/lib/python3.10/site-packages/airflow/example_dags/example_xcomargs.py
[2026-05-29T01:38:14.096+0200] {logging_mixin.py:151} INFO - [2026-05-29T01:38:14.096+0200] {dag.py:2915} INFO - Sync 2 DAGs
[2026-05-29T01:38:14.107+0200] {logging_mixin.py:151} INFO - [2026-05-29T01:38:14.107+0200] {dag.py:3696} INFO - Setting next_dagrun for example_xcom_args to None, run_after=None
[2026-05-29T01:38:14.109+0200] {logging_mixin.py:151} INFO - [2026-05-29T01:38:14.109+0200] {dag.py:3696} INFO - Setting next_dagrun for example_xcom_args_with_operators to None, run_after=None
[2026-05-29T01:38:14.124+0200] {processor.py:179} INFO - Processing /home/frederic/airflow_venv/lib/python3.10/site-packages/airflow/example_dags/example_xcomargs.py took 0.054 seconds
[2026-05-29T01:38:57.466+0200] {processor.py:157} INFO - Started process (PID=596679) to work on /home/frederic/airflow_venv/lib/python3.10/site-packages/airflow/example_dags/example_xcomargs.py
[2026-05-29T01:38:57.468+0200] {processor.py:829} INFO - Processing file /home/frederic/airflow_venv/lib/python3.10/site-packages/airflow/example_dags/example_xcomargs.py for tasks to queue
[2026-05-29T01:38:57.469+0200] {logging_mixin.py:151} INFO - [2026-05-29T01:38:57.469+0200] {dagbag.py:539} INFO - Filling up the DagBag from /home/frederic/airflow_venv/lib/python3.10/site-packages/airflow/example_dags/example_xcomargs.py
[2026-05-29T01:38:57.480+0200] {processor.py:839} INFO - DAG(s) dict_keys(['example_xcom_args', 'example_xcom_args_with_operators']) retrieved from /home/frederic/airflow_venv/lib/python3.10/site-packages/airflow/example_dags/example_xcomargs.py
[2026-05-29T01:38:57.513+0200] {logging_mixin.py:151} INFO - [2026-05-29T01:38:57.513+0200] {dag.py:2915} INFO - Sync 2 DAGs
[2026-05-29T01:38:57.539+0200] {logging_mixin.py:151} INFO - [2026-05-29T01:38:57.539+0200] {dag.py:3696} INFO - Setting next_dagrun for example_xcom_args to None, run_after=None
[2026-05-29T01:38:57.545+0200] {logging_mixin.py:151} INFO - [2026-05-29T01:38:57.544+0200] {dag.py:3696} INFO - Setting next_dagrun for example_xcom_args_with_operators to None, run_after=None
[2026-05-29T01:38:57.573+0200] {processor.py:179} INFO - Processing /home/frederic/airflow_venv/lib/python3.10/site-packages/airflow/example_dags/example_xcomargs.py took 0.112 seconds
[2026-05-29T01:39:44.199+0200] {processor.py:157} INFO - Started process (PID=597761) to work on /home/frederic/airflow_venv/lib/python3.10/site-packages/airflow/example_dags/example_xcomargs.py
[2026-05-29T01:39:44.202+0200] {processor.py:829} INFO - Processing file /home/frederic/airflow_venv/lib/python3.10/site-packages/airflow/example_dags/example_xcomargs.py for tasks to queue
[2026-05-29T01:39:44.203+0200] {logging_mixin.py:151} INFO - [2026-05-29T01:39:44.203+0200] {dagbag.py:539} INFO - Filling up the DagBag from /home/frederic/airflow_venv/lib/python3.10/site-packages/airflow/example_dags/example_xcomargs.py
[2026-05-29T01:39:44.211+0200] {processor.py:839} INFO - DAG(s) dict_keys(['example_xcom_args', 'example_xcom_args_with_operators']) retrieved from /home/frederic/airflow_venv/lib/python3.10/site-packages/airflow/example_dags/example_xcomargs.py
[2026-05-29T01:39:44.226+0200] {logging_mixin.py:151} INFO - [2026-05-29T01:39:44.226+0200] {dag.py:2915} INFO - Sync 2 DAGs
[2026-05-29T01:39:44.236+0200] {logging_mixin.py:151} INFO - [2026-05-29T01:39:44.236+0200] {dag.py:3696} INFO - Setting next_dagrun for example_xcom_args to None, run_after=None
[2026-05-29T01:39:44.238+0200] {logging_mixin.py:151} INFO - [2026-05-29T01:39:44.238+0200] {dag.py:3696} INFO - Setting next_dagrun for example_xcom_args_with_operators to None, run_after=None
[2026-05-29T01:39:44.251+0200] {processor.py:179} INFO - Processing /home/frederic/airflow_venv/lib/python3.10/site-packages/airflow/example_dags/example_xcomargs.py took 0.054 seconds
[2026-05-29T01:40:33.450+0200] {processor.py:157} INFO - Started process (PID=599063) to work on /home/frederic/airflow_venv/lib/python3.10/site-packages/airflow/example_dags/example_xcomargs.py
[2026-05-29T01:40:33.454+0200] {processor.py:829} INFO - Processing file /home/frederic/airflow_venv/lib/python3.10/site-packages/airflow/example_dags/example_xcomargs.py for tasks to queue
[2026-05-29T01:40:33.454+0200] {logging_mixin.py:151} INFO - [2026-05-29T01:40:33.454+0200] {dagbag.py:539} INFO - Filling up the DagBag from /home/frederic/airflow_venv/lib/python3.10/site-packages/airflow/example_dags/example_xcomargs.py
[2026-05-29T01:40:33.461+0200] {processor.py:839} INFO - DAG(s) dict_keys(['example_xcom_args', 'example_xcom_args_with_operators']) retrieved from /home/frederic/airflow_venv/lib/python3.10/site-packages/airflow/example_dags/example_xcomargs.py
[2026-05-29T01:40:33.478+0200] {logging_mixin.py:151} INFO - [2026-05-29T01:40:33.478+0200] {dag.py:2915} INFO - Sync 2 DAGs
[2026-05-29T01:40:33.488+0200] {logging_mixin.py:151} INFO - [2026-05-29T01:40:33.488+0200] {dag.py:3696} INFO - Setting next_dagrun for example_xcom_args to None, run_after=None
[2026-05-29T01:40:33.491+0200] {logging_mixin.py:151} INFO - [2026-05-29T01:40:33.491+0200] {dag.py:3696} INFO - Setting next_dagrun for example_xcom_args_with_operators to None, run_after=None
[2026-05-29T01:40:33.508+0200] {processor.py:179} INFO - Processing /home/frederic/airflow_venv/lib/python3.10/site-packages/airflow/example_dags/example_xcomargs.py took 0.060 seconds
[2026-05-29T01:41:16.748+0200] {processor.py:157} INFO - Started process (PID=599935) to work on /home/frederic/airflow_venv/lib/python3.10/site-packages/airflow/example_dags/example_xcomargs.py
[2026-05-29T01:41:16.751+0200] {processor.py:829} INFO - Processing file /home/frederic/airflow_venv/lib/python3.10/site-packages/airflow/example_dags/example_xcomargs.py for tasks to queue
[2026-05-29T01:41:16.752+0200] {logging_mixin.py:151} INFO - [2026-05-29T01:41:16.752+0200] {dagbag.py:539} INFO - Filling up the DagBag from /home/frederic/airflow_venv/lib/python3.10/site-packages/airflow/example_dags/example_xcomargs.py
[2026-05-29T01:41:16.759+0200] {processor.py:839} INFO - DAG(s) dict_keys(['example_xcom_args_with_operators', 'example_xcom_args']) retrieved from /home/frederic/airflow_venv/lib/python3.10/site-packages/airflow/example_dags/example_xcomargs.py
[2026-05-29T01:41:16.775+0200] {logging_mixin.py:151} INFO - [2026-05-29T01:41:16.775+0200] {dag.py:2915} INFO - Sync 2 DAGs
[2026-05-29T01:41:16.784+0200] {logging_mixin.py:151} INFO - [2026-05-29T01:41:16.784+0200] {dag.py:3696} INFO - Setting next_dagrun for example_xcom_args to None, run_after=None
[2026-05-29T01:41:16.786+0200] {logging_mixin.py:151} INFO - [2026-05-29T01:41:16.786+0200] {dag.py:3696} INFO - Setting next_dagrun for example_xcom_args_with_operators to None, run_after=None
[2026-05-29T01:41:16.799+0200] {processor.py:179} INFO - Processing /home/frederic/airflow_venv/lib/python3.10/site-packages/airflow/example_dags/example_xcomargs.py took 0.055 seconds
[2026-05-29T01:41:58.995+0200] {processor.py:157} INFO - Started process (PID=601100) to work on /home/frederic/airflow_venv/lib/python3.10/site-packages/airflow/example_dags/example_xcomargs.py
[2026-05-29T01:41:58.996+0200] {processor.py:829} INFO - Processing file /home/frederic/airflow_venv/lib/python3.10/site-packages/airflow/example_dags/example_xcomargs.py for tasks to queue
[2026-05-29T01:41:58.997+0200] {logging_mixin.py:151} INFO - [2026-05-29T01:41:58.997+0200] {dagbag.py:539} INFO - Filling up the DagBag from /home/frederic/airflow_venv/lib/python3.10/site-packages/airflow/example_dags/example_xcomargs.py
[2026-05-29T01:41:59.004+0200] {processor.py:839} INFO - DAG(s) dict_keys(['example_xcom_args', 'example_xcom_args_with_operators']) retrieved from /home/frederic/airflow_venv/lib/python3.10/site-packages/airflow/example_dags/example_xcomargs.py
[2026-05-29T01:41:59.021+0200] {logging_mixin.py:151} INFO - [2026-05-29T01:41:59.021+0200] {dag.py:2915} INFO - Sync 2 DAGs
[2026-05-29T01:41:59.032+0200] {logging_mixin.py:151} INFO - [2026-05-29T01:41:59.032+0200] {dag.py:3696} INFO - Setting next_dagrun for example_xcom_args to None, run_after=None
[2026-05-29T01:41:59.035+0200] {logging_mixin.py:151} INFO - [2026-05-29T01:41:59.035+0200] {dag.py:3696} INFO - Setting next_dagrun for example_xcom_args_with_operators to None, run_after=None
[2026-05-29T01:41:59.050+0200] {processor.py:179} INFO - Processing /home/frederic/airflow_venv/lib/python3.10/site-packages/airflow/example_dags/example_xcomargs.py took 0.056 seconds
[2026-05-29T01:42:45.283+0200] {processor.py:157} INFO - Started process (PID=601970) to work on /home/frederic/airflow_venv/lib/python3.10/site-packages/airflow/example_dags/example_xcomargs.py
[2026-05-29T01:42:45.286+0200] {processor.py:829} INFO - Processing file /home/frederic/airflow_venv/lib/python3.10/site-packages/airflow/example_dags/example_xcomargs.py for tasks to queue
[2026-05-29T01:42:45.287+0200] {logging_mixin.py:151} INFO - [2026-05-29T01:42:45.287+0200] {dagbag.py:539} INFO - Filling up the DagBag from /home/frederic/airflow_venv/lib/python3.10/site-packages/airflow/example_dags/example_xcomargs.py
[2026-05-29T01:42:45.295+0200] {processor.py:839} INFO - DAG(s) dict_keys(['example_xcom_args', 'example_xcom_args_with_operators']) retrieved from /home/frederic/airflow_venv/lib/python3.10/site-packages/airflow/example_dags/example_xcomargs.py
[2026-05-29T01:42:45.314+0200] {logging_mixin.py:151} INFO - [2026-05-29T01:42:45.314+0200] {dag.py:2915} INFO - Sync 2 DAGs
[2026-05-29T01:42:45.326+0200] {logging_mixin.py:151} INFO - [2026-05-29T01:42:45.326+0200] {dag.py:3696} INFO - Setting next_dagrun for example_xcom_args to None, run_after=None
[2026-05-29T01:42:45.330+0200] {logging_mixin.py:151} INFO - [2026-05-29T01:42:45.330+0200] {dag.py:3696} INFO - Setting next_dagrun for example_xcom_args_with_operators to None, run_after=None
[2026-05-29T01:42:45.347+0200] {processor.py:179} INFO - Processing /home/frederic/airflow_venv/lib/python3.10/site-packages/airflow/example_dags/example_xcomargs.py took 0.068 seconds
[2026-05-29T01:43:31.442+0200] {processor.py:157} INFO - Started process (PID=602789) to work on /home/frederic/airflow_venv/lib/python3.10/site-packages/airflow/example_dags/example_xcomargs.py
[2026-05-29T01:43:31.445+0200] {processor.py:829} INFO - Processing file /home/frederic/airflow_venv/lib/python3.10/site-packages/airflow/example_dags/example_xcomargs.py for tasks to queue
[2026-05-29T01:43:31.446+0200] {logging_mixin.py:151} INFO - [2026-05-29T01:43:31.445+0200] {dagbag.py:539} INFO - Filling up the DagBag from /home/frederic/airflow_venv/lib/python3.10/site-packages/airflow/example_dags/example_xcomargs.py
[2026-05-29T01:43:31.453+0200] {processor.py:839} INFO - DAG(s) dict_keys(['example_xcom_args', 'example_xcom_args_with_operators']) retrieved from /home/frederic/airflow_venv/lib/python3.10/site-packages/airflow/example_dags/example_xcomargs.py
[2026-05-29T01:43:31.468+0200] {logging_mixin.py:151} INFO - [2026-05-29T01:43:31.467+0200] {dag.py:2915} INFO - Sync 2 DAGs
[2026-05-29T01:43:31.478+0200] {logging_mixin.py:151} INFO - [2026-05-29T01:43:31.477+0200] {dag.py:3696} INFO - Setting next_dagrun for example_xcom_args to None, run_after=None
[2026-05-29T01:43:31.480+0200] {logging_mixin.py:151} INFO - [2026-05-29T01:43:31.480+0200] {dag.py:3696} INFO - Setting next_dagrun for example_xcom_args_with_operators to None, run_after=None
[2026-05-29T01:43:31.493+0200] {processor.py:179} INFO - Processing /home/frederic/airflow_venv/lib/python3.10/site-packages/airflow/example_dags/example_xcomargs.py took 0.053 seconds
[2026-05-29T01:44:06.410+0200] {processor.py:157} INFO - Started process (PID=603367) to work on /home/frederic/airflow_venv/lib/python3.10/site-packages/airflow/example_dags/example_xcomargs.py
[2026-05-29T01:44:06.415+0200] {processor.py:829} INFO - Processing file /home/frederic/airflow_venv/lib/python3.10/site-packages/airflow/example_dags/example_xcomargs.py for tasks to queue
[2026-05-29T01:44:06.416+0200] {logging_mixin.py:151} INFO - [2026-05-29T01:44:06.415+0200] {dagbag.py:539} INFO - Filling up the DagBag from /home/frederic/airflow_venv/lib/python3.10/site-packages/airflow/example_dags/example_xcomargs.py
[2026-05-29T01:44:06.424+0200] {processor.py:839} INFO - DAG(s) dict_keys(['example_xcom_args_with_operators', 'example_xcom_args']) retrieved from /home/frederic/airflow_venv/lib/python3.10/site-packages/airflow/example_dags/example_xcomargs.py
[2026-05-29T01:44:06.442+0200] {logging_mixin.py:151} INFO - [2026-05-29T01:44:06.442+0200] {dag.py:2915} INFO - Sync 2 DAGs
[2026-05-29T01:44:06.454+0200] {logging_mixin.py:151} INFO - [2026-05-29T01:44:06.454+0200] {dag.py:3696} INFO - Setting next_dagrun for example_xcom_args to None, run_after=None
[2026-05-29T01:44:06.457+0200] {logging_mixin.py:151} INFO - [2026-05-29T01:44:06.457+0200] {dag.py:3696} INFO - Setting next_dagrun for example_xcom_args_with_operators to None, run_after=None
[2026-05-29T01:44:06.472+0200] {processor.py:179} INFO - Processing /home/frederic/airflow_venv/lib/python3.10/site-packages/airflow/example_dags/example_xcomargs.py took 0.065 seconds
[2026-05-29T01:44:53.928+0200] {processor.py:157} INFO - Started process (PID=604884) to work on /home/frederic/airflow_venv/lib/python3.10/site-packages/airflow/example_dags/example_xcomargs.py
[2026-05-29T01:44:53.929+0200] {processor.py:829} INFO - Processing file /home/frederic/airflow_venv/lib/python3.10/site-packages/airflow/example_dags/example_xcomargs.py for tasks to queue
[2026-05-29T01:44:53.930+0200] {logging_mixin.py:151} INFO - [2026-05-29T01:44:53.930+0200] {dagbag.py:539} INFO - Filling up the DagBag from /home/frederic/airflow_venv/lib/python3.10/site-packages/airflow/example_dags/example_xcomargs.py
[2026-05-29T01:44:53.940+0200] {processor.py:839} INFO - DAG(s) dict_keys(['example_xcom_args', 'example_xcom_args_with_operators']) retrieved from /home/frederic/airflow_venv/lib/python3.10/site-packages/airflow/example_dags/example_xcomargs.py
[2026-05-29T01:44:53.955+0200] {logging_mixin.py:151} INFO - [2026-05-29T01:44:53.955+0200] {dag.py:2915} INFO - Sync 2 DAGs
[2026-05-29T01:44:53.965+0200] {logging_mixin.py:151} INFO - [2026-05-29T01:44:53.964+0200] {dag.py:3696} INFO - Setting next_dagrun for example_xcom_args to None, run_after=None
[2026-05-29T01:44:53.967+0200] {logging_mixin.py:151} INFO - [2026-05-29T01:44:53.967+0200] {dag.py:3696} INFO - Setting next_dagrun for example_xcom_args_with_operators to None, run_after=None
[2026-05-29T01:44:53.982+0200] {processor.py:179} INFO - Processing /home/frederic/airflow_venv/lib/python3.10/site-packages/airflow/example_dags/example_xcomargs.py took 0.057 seconds
[2026-05-29T01:45:43.094+0200] {processor.py:157} INFO - Started process (PID=606587) to work on /home/frederic/airflow_venv/lib/python3.10/site-packages/airflow/example_dags/example_xcomargs.py
[2026-05-29T01:45:43.098+0200] {processor.py:829} INFO - Processing file /home/frederic/airflow_venv/lib/python3.10/site-packages/airflow/example_dags/example_xcomargs.py for tasks to queue
[2026-05-29T01:45:43.099+0200] {logging_mixin.py:151} INFO - [2026-05-29T01:45:43.099+0200] {dagbag.py:539} INFO - Filling up the DagBag from /home/frederic/airflow_venv/lib/python3.10/site-packages/airflow/example_dags/example_xcomargs.py
[2026-05-29T01:45:43.106+0200] {processor.py:839} INFO - DAG(s) dict_keys(['example_xcom_args_with_operators', 'example_xcom_args']) retrieved from /home/frederic/airflow_venv/lib/python3.10/site-packages/airflow/example_dags/example_xcomargs.py
[2026-05-29T01:45:43.124+0200] {logging_mixin.py:151} INFO - [2026-05-29T01:45:43.124+0200] {dag.py:2915} INFO - Sync 2 DAGs
[2026-05-29T01:45:43.134+0200] {logging_mixin.py:151} INFO - [2026-05-29T01:45:43.134+0200] {dag.py:3696} INFO - Setting next_dagrun for example_xcom_args to None, run_after=None
[2026-05-29T01:45:43.137+0200] {logging_mixin.py:151} INFO - [2026-05-29T01:45:43.137+0200] {dag.py:3696} INFO - Setting next_dagrun for example_xcom_args_with_operators to None, run_after=None
[2026-05-29T01:45:43.152+0200] {processor.py:179} INFO - Processing /home/frederic/airflow_venv/lib/python3.10/site-packages/airflow/example_dags/example_xcomargs.py took 0.060 seconds
[2026-05-29T01:46:20.488+0200] {processor.py:157} INFO - Started process (PID=608416) to work on /home/frederic/airflow_venv/lib/python3.10/site-packages/airflow/example_dags/example_xcomargs.py
[2026-05-29T01:46:20.489+0200] {processor.py:829} INFO - Processing file /home/frederic/airflow_venv/lib/python3.10/site-packages/airflow/example_dags/example_xcomargs.py for tasks to queue
[2026-05-29T01:46:20.489+0200] {logging_mixin.py:151} INFO - [2026-05-29T01:46:20.489+0200] {dagbag.py:539} INFO - Filling up the DagBag from /home/frederic/airflow_venv/lib/python3.10/site-packages/airflow/example_dags/example_xcomargs.py
[2026-05-29T01:46:20.496+0200] {processor.py:839} INFO - DAG(s) dict_keys(['example_xcom_args_with_operators', 'example_xcom_args']) retrieved from /home/frederic/airflow_venv/lib/python3.10/site-packages/airflow/example_dags/example_xcomargs.py
[2026-05-29T01:46:20.511+0200] {logging_mixin.py:151} INFO - [2026-05-29T01:46:20.511+0200] {dag.py:2915} INFO - Sync 2 DAGs
[2026-05-29T01:46:20.521+0200] {logging_mixin.py:151} INFO - [2026-05-29T01:46:20.521+0200] {dag.py:3696} INFO - Setting next_dagrun for example_xcom_args to None, run_after=None
[2026-05-29T01:46:20.524+0200] {logging_mixin.py:151} INFO - [2026-05-29T01:46:20.524+0200] {dag.py:3696} INFO - Setting next_dagrun for example_xcom_args_with_operators to None, run_after=None
[2026-05-29T01:46:20.540+0200] {processor.py:179} INFO - Processing /home/frederic/airflow_venv/lib/python3.10/site-packages/airflow/example_dags/example_xcomargs.py took 0.054 seconds
[2026-05-29T01:47:03.358+0200] {processor.py:157} INFO - Started process (PID=609639) to work on /home/frederic/airflow_venv/lib/python3.10/site-packages/airflow/example_dags/example_xcomargs.py
[2026-05-29T01:47:03.361+0200] {processor.py:829} INFO - Processing file /home/frederic/airflow_venv/lib/python3.10/site-packages/airflow/example_dags/example_xcomargs.py for tasks to queue
[2026-05-29T01:47:03.362+0200] {logging_mixin.py:151} INFO - [2026-05-29T01:47:03.362+0200] {dagbag.py:539} INFO - Filling up the DagBag from /home/frederic/airflow_venv/lib/python3.10/site-packages/airflow/example_dags/example_xcomargs.py
[2026-05-29T01:47:03.371+0200] {processor.py:839} INFO - DAG(s) dict_keys(['example_xcom_args', 'example_xcom_args_with_operators']) retrieved from /home/frederic/airflow_venv/lib/python3.10/site-packages/airflow/example_dags/example_xcomargs.py
[2026-05-29T01:47:03.389+0200] {logging_mixin.py:151} INFO - [2026-05-29T01:47:03.388+0200] {dag.py:2915} INFO - Sync 2 DAGs
[2026-05-29T01:47:03.400+0200] {logging_mixin.py:151} INFO - [2026-05-29T01:47:03.400+0200] {dag.py:3696} INFO - Setting next_dagrun for example_xcom_args to None, run_after=None
[2026-05-29T01:47:03.403+0200] {logging_mixin.py:151} INFO - [2026-05-29T01:47:03.402+0200] {dag.py:3696} INFO - Setting next_dagrun for example_xcom_args_with_operators to None, run_after=None
[2026-05-29T01:47:03.417+0200] {processor.py:179} INFO - Processing /home/frederic/airflow_venv/lib/python3.10/site-packages/airflow/example_dags/example_xcomargs.py took 0.062 seconds
[2026-05-29T01:47:46.591+0200] {processor.py:157} INFO - Started process (PID=610867) to work on /home/frederic/airflow_venv/lib/python3.10/site-packages/airflow/example_dags/example_xcomargs.py
[2026-05-29T01:47:46.594+0200] {processor.py:829} INFO - Processing file /home/frederic/airflow_venv/lib/python3.10/site-packages/airflow/example_dags/example_xcomargs.py for tasks to queue
[2026-05-29T01:47:46.595+0200] {logging_mixin.py:151} INFO - [2026-05-29T01:47:46.595+0200] {dagbag.py:539} INFO - Filling up the DagBag from /home/frederic/airflow_venv/lib/python3.10/site-packages/airflow/example_dags/example_xcomargs.py
[2026-05-29T01:47:46.602+0200] {processor.py:839} INFO - DAG(s) dict_keys(['example_xcom_args', 'example_xcom_args_with_operators']) retrieved from /home/frederic/airflow_venv/lib/python3.10/site-packages/airflow/example_dags/example_xcomargs.py
[2026-05-29T01:47:46.622+0200] {logging_mixin.py:151} INFO - [2026-05-29T01:47:46.621+0200] {dag.py:2915} INFO - Sync 2 DAGs
[2026-05-29T01:47:46.632+0200] {logging_mixin.py:151} INFO - [2026-05-29T01:47:46.632+0200] {dag.py:3696} INFO - Setting next_dagrun for example_xcom_args to None, run_after=None
[2026-05-29T01:47:46.636+0200] {logging_mixin.py:151} INFO - [2026-05-29T01:47:46.635+0200] {dag.py:3696} INFO - Setting next_dagrun for example_xcom_args_with_operators to None, run_after=None
[2026-05-29T01:47:46.649+0200] {processor.py:179} INFO - Processing /home/frederic/airflow_venv/lib/python3.10/site-packages/airflow/example_dags/example_xcomargs.py took 0.060 seconds
[2026-05-29T01:48:35.313+0200] {processor.py:157} INFO - Started process (PID=612325) to work on /home/frederic/airflow_venv/lib/python3.10/site-packages/airflow/example_dags/example_xcomargs.py
[2026-05-29T01:48:35.314+0200] {processor.py:829} INFO - Processing file /home/frederic/airflow_venv/lib/python3.10/site-packages/airflow/example_dags/example_xcomargs.py for tasks to queue
[2026-05-29T01:48:35.316+0200] {logging_mixin.py:151} INFO - [2026-05-29T01:48:35.315+0200] {dagbag.py:539} INFO - Filling up the DagBag from /home/frederic/airflow_venv/lib/python3.10/site-packages/airflow/example_dags/example_xcomargs.py
[2026-05-29T01:48:35.329+0200] {processor.py:839} INFO - DAG(s) dict_keys(['example_xcom_args', 'example_xcom_args_with_operators']) retrieved from /home/frederic/airflow_venv/lib/python3.10/site-packages/airflow/example_dags/example_xcomargs.py
[2026-05-29T01:48:35.350+0200] {logging_mixin.py:151} INFO - [2026-05-29T01:48:35.350+0200] {dag.py:2915} INFO - Sync 2 DAGs
[2026-05-29T01:48:35.367+0200] {logging_mixin.py:151} INFO - [2026-05-29T01:48:35.366+0200] {dag.py:3696} INFO - Setting next_dagrun for example_xcom_args to None, run_after=None
[2026-05-29T01:48:35.373+0200] {logging_mixin.py:151} INFO - [2026-05-29T01:48:35.372+0200] {dag.py:3696} INFO - Setting next_dagrun for example_xcom_args_with_operators to None, run_after=None
[2026-05-29T01:48:35.397+0200] {processor.py:179} INFO - Processing /home/frederic/airflow_venv/lib/python3.10/site-packages/airflow/example_dags/example_xcomargs.py took 0.089 seconds
[2026-05-29T01:49:19.350+0200] {processor.py:157} INFO - Started process (PID=613493) to work on /home/frederic/airflow_venv/lib/python3.10/site-packages/airflow/example_dags/example_xcomargs.py
[2026-05-29T01:49:19.351+0200] {processor.py:829} INFO - Processing file /home/frederic/airflow_venv/lib/python3.10/site-packages/airflow/example_dags/example_xcomargs.py for tasks to queue
[2026-05-29T01:49:19.352+0200] {logging_mixin.py:151} INFO - [2026-05-29T01:49:19.352+0200] {dagbag.py:539} INFO - Filling up the DagBag from /home/frederic/airflow_venv/lib/python3.10/site-packages/airflow/example_dags/example_xcomargs.py
[2026-05-29T01:49:19.359+0200] {processor.py:839} INFO - DAG(s) dict_keys(['example_xcom_args_with_operators', 'example_xcom_args']) retrieved from /home/frederic/airflow_venv/lib/python3.10/site-packages/airflow/example_dags/example_xcomargs.py
[2026-05-29T01:49:19.374+0200] {logging_mixin.py:151} INFO - [2026-05-29T01:49:19.374+0200] {dag.py:2915} INFO - Sync 2 DAGs
[2026-05-29T01:49:19.383+0200] {logging_mixin.py:151} INFO - [2026-05-29T01:49:19.383+0200] {dag.py:3696} INFO - Setting next_dagrun for example_xcom_args to None, run_after=None
[2026-05-29T01:49:19.386+0200] {logging_mixin.py:151} INFO - [2026-05-29T01:49:19.386+0200] {dag.py:3696} INFO - Setting next_dagrun for example_xcom_args_with_operators to None, run_after=None
[2026-05-29T01:49:19.399+0200] {processor.py:179} INFO - Processing /home/frederic/airflow_venv/lib/python3.10/site-packages/airflow/example_dags/example_xcomargs.py took 0.051 seconds
[2026-05-29T01:50:02.734+0200] {processor.py:157} INFO - Started process (PID=614610) to work on /home/frederic/airflow_venv/lib/python3.10/site-packages/airflow/example_dags/example_xcomargs.py
[2026-05-29T01:50:02.735+0200] {processor.py:829} INFO - Processing file /home/frederic/airflow_venv/lib/python3.10/site-packages/airflow/example_dags/example_xcomargs.py for tasks to queue
[2026-05-29T01:50:02.736+0200] {logging_mixin.py:151} INFO - [2026-05-29T01:50:02.736+0200] {dagbag.py:539} INFO - Filling up the DagBag from /home/frederic/airflow_venv/lib/python3.10/site-packages/airflow/example_dags/example_xcomargs.py
[2026-05-29T01:50:02.743+0200] {processor.py:839} INFO - DAG(s) dict_keys(['example_xcom_args_with_operators', 'example_xcom_args']) retrieved from /home/frederic/airflow_venv/lib/python3.10/site-packages/airflow/example_dags/example_xcomargs.py
[2026-05-29T01:50:02.760+0200] {logging_mixin.py:151} INFO - [2026-05-29T01:50:02.760+0200] {dag.py:2915} INFO - Sync 2 DAGs
[2026-05-29T01:50:02.771+0200] {logging_mixin.py:151} INFO - [2026-05-29T01:50:02.771+0200] {dag.py:3696} INFO - Setting next_dagrun for example_xcom_args to None, run_after=None
[2026-05-29T01:50:02.773+0200] {logging_mixin.py:151} INFO - [2026-05-29T01:50:02.773+0200] {dag.py:3696} INFO - Setting next_dagrun for example_xcom_args_with_operators to None, run_after=None
[2026-05-29T01:50:02.787+0200] {processor.py:179} INFO - Processing /home/frederic/airflow_venv/lib/python3.10/site-packages/airflow/example_dags/example_xcomargs.py took 0.055 seconds
[2026-05-29T01:50:41.882+0200] {processor.py:157} INFO - Started process (PID=615929) to work on /home/frederic/airflow_venv/lib/python3.10/site-packages/airflow/example_dags/example_xcomargs.py
[2026-05-29T01:50:41.886+0200] {processor.py:829} INFO - Processing file /home/frederic/airflow_venv/lib/python3.10/site-packages/airflow/example_dags/example_xcomargs.py for tasks to queue
[2026-05-29T01:50:41.887+0200] {logging_mixin.py:151} INFO - [2026-05-29T01:50:41.887+0200] {dagbag.py:539} INFO - Filling up the DagBag from /home/frederic/airflow_venv/lib/python3.10/site-packages/airflow/example_dags/example_xcomargs.py
[2026-05-29T01:50:41.893+0200] {processor.py:839} INFO - DAG(s) dict_keys(['example_xcom_args', 'example_xcom_args_with_operators']) retrieved from /home/frederic/airflow_venv/lib/python3.10/site-packages/airflow/example_dags/example_xcomargs.py
[2026-05-29T01:50:41.907+0200] {logging_mixin.py:151} INFO - [2026-05-29T01:50:41.907+0200] {dag.py:2915} INFO - Sync 2 DAGs
[2026-05-29T01:50:41.915+0200] {logging_mixin.py:151} INFO - [2026-05-29T01:50:41.915+0200] {dag.py:3696} INFO - Setting next_dagrun for example_xcom_args to None, run_after=None
[2026-05-29T01:50:41.917+0200] {logging_mixin.py:151} INFO - [2026-05-29T01:50:41.917+0200] {dag.py:3696} INFO - Setting next_dagrun for example_xcom_args_with_operators to None, run_after=None
[2026-05-29T01:50:41.930+0200] {processor.py:179} INFO - Processing /home/frederic/airflow_venv/lib/python3.10/site-packages/airflow/example_dags/example_xcomargs.py took 0.050 seconds
[2026-05-29T01:51:24.150+0200] {processor.py:157} INFO - Started process (PID=616912) to work on /home/frederic/airflow_venv/lib/python3.10/site-packages/airflow/example_dags/example_xcomargs.py
[2026-05-29T01:51:24.152+0200] {processor.py:829} INFO - Processing file /home/frederic/airflow_venv/lib/python3.10/site-packages/airflow/example_dags/example_xcomargs.py for tasks to queue
[2026-05-29T01:51:24.152+0200] {logging_mixin.py:151} INFO - [2026-05-29T01:51:24.152+0200] {dagbag.py:539} INFO - Filling up the DagBag from /home/frederic/airflow_venv/lib/python3.10/site-packages/airflow/example_dags/example_xcomargs.py
[2026-05-29T01:51:24.162+0200] {processor.py:839} INFO - DAG(s) dict_keys(['example_xcom_args', 'example_xcom_args_with_operators']) retrieved from /home/frederic/airflow_venv/lib/python3.10/site-packages/airflow/example_dags/example_xcomargs.py
[2026-05-29T01:51:24.179+0200] {logging_mixin.py:151} INFO - [2026-05-29T01:51:24.179+0200] {dag.py:2915} INFO - Sync 2 DAGs
[2026-05-29T01:51:24.191+0200] {logging_mixin.py:151} INFO - [2026-05-29T01:51:24.191+0200] {dag.py:3696} INFO - Setting next_dagrun for example_xcom_args to None, run_after=None
[2026-05-29T01:51:24.194+0200] {logging_mixin.py:151} INFO - [2026-05-29T01:51:24.194+0200] {dag.py:3696} INFO - Setting next_dagrun for example_xcom_args_with_operators to None, run_after=None
[2026-05-29T01:51:24.211+0200] {processor.py:179} INFO - Processing /home/frederic/airflow_venv/lib/python3.10/site-packages/airflow/example_dags/example_xcomargs.py took 0.063 seconds
[2026-05-29T01:51:58.159+0200] {processor.py:157} INFO - Started process (PID=617796) to work on /home/frederic/airflow_venv/lib/python3.10/site-packages/airflow/example_dags/example_xcomargs.py
[2026-05-29T01:51:58.160+0200] {processor.py:829} INFO - Processing file /home/frederic/airflow_venv/lib/python3.10/site-packages/airflow/example_dags/example_xcomargs.py for tasks to queue
[2026-05-29T01:51:58.161+0200] {logging_mixin.py:151} INFO - [2026-05-29T01:51:58.161+0200] {dagbag.py:539} INFO - Filling up the DagBag from /home/frederic/airflow_venv/lib/python3.10/site-packages/airflow/example_dags/example_xcomargs.py
[2026-05-29T01:51:58.168+0200] {processor.py:839} INFO - DAG(s) dict_keys(['example_xcom_args', 'example_xcom_args_with_operators']) retrieved from /home/frederic/airflow_venv/lib/python3.10/site-packages/airflow/example_dags/example_xcomargs.py
[2026-05-29T01:51:58.184+0200] {logging_mixin.py:151} INFO - [2026-05-29T01:51:58.184+0200] {dag.py:2915} INFO - Sync 2 DAGs
[2026-05-29T01:51:58.193+0200] {logging_mixin.py:151} INFO - [2026-05-29T01:51:58.193+0200] {dag.py:3696} INFO - Setting next_dagrun for example_xcom_args to None, run_after=None
[2026-05-29T01:51:58.196+0200] {logging_mixin.py:151} INFO - [2026-05-29T01:51:58.196+0200] {dag.py:3696} INFO - Setting next_dagrun for example_xcom_args_with_operators to None, run_after=None
[2026-05-29T01:51:58.212+0200] {processor.py:179} INFO - Processing /home/frederic/airflow_venv/lib/python3.10/site-packages/airflow/example_dags/example_xcomargs.py took 0.055 seconds
[2026-05-29T01:52:47.000+0200] {processor.py:157} INFO - Started process (PID=619427) to work on /home/frederic/airflow_venv/lib/python3.10/site-packages/airflow/example_dags/example_xcomargs.py
[2026-05-29T01:52:47.003+0200] {processor.py:829} INFO - Processing file /home/frederic/airflow_venv/lib/python3.10/site-packages/airflow/example_dags/example_xcomargs.py for tasks to queue
[2026-05-29T01:52:47.004+0200] {logging_mixin.py:151} INFO - [2026-05-29T01:52:47.004+0200] {dagbag.py:539} INFO - Filling up the DagBag from /home/frederic/airflow_venv/lib/python3.10/site-packages/airflow/example_dags/example_xcomargs.py
[2026-05-29T01:52:47.012+0200] {processor.py:839} INFO - DAG(s) dict_keys(['example_xcom_args_with_operators', 'example_xcom_args']) retrieved from /home/frederic/airflow_venv/lib/python3.10/site-packages/airflow/example_dags/example_xcomargs.py
[2026-05-29T01:52:47.029+0200] {logging_mixin.py:151} INFO - [2026-05-29T01:52:47.029+0200] {dag.py:2915} INFO - Sync 2 DAGs
[2026-05-29T01:52:47.040+0200] {logging_mixin.py:151} INFO - [2026-05-29T01:52:47.040+0200] {dag.py:3696} INFO - Setting next_dagrun for example_xcom_args to None, run_after=None
[2026-05-29T01:52:47.043+0200] {logging_mixin.py:151} INFO - [2026-05-29T01:52:47.042+0200] {dag.py:3696} INFO - Setting next_dagrun for example_xcom_args_with_operators to None, run_after=None
[2026-05-29T01:52:47.056+0200] {processor.py:179} INFO - Processing /home/frederic/airflow_venv/lib/python3.10/site-packages/airflow/example_dags/example_xcomargs.py took 0.058 seconds
[2026-05-29T01:53:31.572+0200] {processor.py:157} INFO - Started process (PID=620597) to work on /home/frederic/airflow_venv/lib/python3.10/site-packages/airflow/example_dags/example_xcomargs.py
[2026-05-29T01:53:31.575+0200] {processor.py:829} INFO - Processing file /home/frederic/airflow_venv/lib/python3.10/site-packages/airflow/example_dags/example_xcomargs.py for tasks to queue
[2026-05-29T01:53:31.577+0200] {logging_mixin.py:151} INFO - [2026-05-29T01:53:31.576+0200] {dagbag.py:539} INFO - Filling up the DagBag from /home/frederic/airflow_venv/lib/python3.10/site-packages/airflow/example_dags/example_xcomargs.py
[2026-05-29T01:53:31.588+0200] {processor.py:839} INFO - DAG(s) dict_keys(['example_xcom_args_with_operators', 'example_xcom_args']) retrieved from /home/frederic/airflow_venv/lib/python3.10/site-packages/airflow/example_dags/example_xcomargs.py
[2026-05-29T01:53:31.608+0200] {logging_mixin.py:151} INFO - [2026-05-29T01:53:31.608+0200] {dag.py:2915} INFO - Sync 2 DAGs
[2026-05-29T01:53:31.619+0200] {logging_mixin.py:151} INFO - [2026-05-29T01:53:31.619+0200] {dag.py:3696} INFO - Setting next_dagrun for example_xcom_args to None, run_after=None
[2026-05-29T01:53:31.622+0200] {logging_mixin.py:151} INFO - [2026-05-29T01:53:31.622+0200] {dag.py:3696} INFO - Setting next_dagrun for example_xcom_args_with_operators to None, run_after=None
[2026-05-29T01:53:31.646+0200] {processor.py:179} INFO - Processing /home/frederic/airflow_venv/lib/python3.10/site-packages/airflow/example_dags/example_xcomargs.py took 0.077 seconds
[2026-05-29T01:54:19.390+0200] {processor.py:157} INFO - Started process (PID=621797) to work on /home/frederic/airflow_venv/lib/python3.10/site-packages/airflow/example_dags/example_xcomargs.py
[2026-05-29T01:54:19.391+0200] {processor.py:829} INFO - Processing file /home/frederic/airflow_venv/lib/python3.10/site-packages/airflow/example_dags/example_xcomargs.py for tasks to queue
[2026-05-29T01:54:19.392+0200] {logging_mixin.py:151} INFO - [2026-05-29T01:54:19.392+0200] {dagbag.py:539} INFO - Filling up the DagBag from /home/frederic/airflow_venv/lib/python3.10/site-packages/airflow/example_dags/example_xcomargs.py
[2026-05-29T01:54:19.400+0200] {processor.py:839} INFO - DAG(s) dict_keys(['example_xcom_args_with_operators', 'example_xcom_args']) retrieved from /home/frederic/airflow_venv/lib/python3.10/site-packages/airflow/example_dags/example_xcomargs.py
[2026-05-29T01:54:19.416+0200] {logging_mixin.py:151} INFO - [2026-05-29T01:54:19.416+0200] {dag.py:2915} INFO - Sync 2 DAGs
[2026-05-29T01:54:19.426+0200] {logging_mixin.py:151} INFO - [2026-05-29T01:54:19.426+0200] {dag.py:3696} INFO - Setting next_dagrun for example_xcom_args to None, run_after=None
[2026-05-29T01:54:19.428+0200] {logging_mixin.py:151} INFO - [2026-05-29T01:54:19.428+0200] {dag.py:3696} INFO - Setting next_dagrun for example_xcom_args_with_operators to None, run_after=None
[2026-05-29T01:54:19.441+0200] {processor.py:179} INFO - Processing /home/frederic/airflow_venv/lib/python3.10/site-packages/airflow/example_dags/example_xcomargs.py took 0.054 seconds
[2026-05-29T01:55:03.076+0200] {processor.py:157} INFO - Started process (PID=623571) to work on /home/frederic/airflow_venv/lib/python3.10/site-packages/airflow/example_dags/example_xcomargs.py
[2026-05-29T01:55:03.077+0200] {processor.py:829} INFO - Processing file /home/frederic/airflow_venv/lib/python3.10/site-packages/airflow/example_dags/example_xcomargs.py for tasks to queue
[2026-05-29T01:55:03.078+0200] {logging_mixin.py:151} INFO - [2026-05-29T01:55:03.077+0200] {dagbag.py:539} INFO - Filling up the DagBag from /home/frederic/airflow_venv/lib/python3.10/site-packages/airflow/example_dags/example_xcomargs.py
[2026-05-29T01:55:03.084+0200] {processor.py:839} INFO - DAG(s) dict_keys(['example_xcom_args', 'example_xcom_args_with_operators']) retrieved from /home/frederic/airflow_venv/lib/python3.10/site-packages/airflow/example_dags/example_xcomargs.py
[2026-05-29T01:55:03.098+0200] {logging_mixin.py:151} INFO - [2026-05-29T01:55:03.098+0200] {dag.py:2915} INFO - Sync 2 DAGs
[2026-05-29T01:55:03.108+0200] {logging_mixin.py:151} INFO - [2026-05-29T01:55:03.108+0200] {dag.py:3696} INFO - Setting next_dagrun for example_xcom_args to None, run_after=None
[2026-05-29T01:55:03.110+0200] {logging_mixin.py:151} INFO - [2026-05-29T01:55:03.110+0200] {dag.py:3696} INFO - Setting next_dagrun for example_xcom_args_with_operators to None, run_after=None
[2026-05-29T01:55:03.126+0200] {processor.py:179} INFO - Processing /home/frederic/airflow_venv/lib/python3.10/site-packages/airflow/example_dags/example_xcomargs.py took 0.052 seconds
[2026-05-29T01:55:29.524+0200] {processor.py:157} INFO - Started process (PID=624409) to work on /home/frederic/airflow_venv/lib/python3.10/site-packages/airflow/example_dags/example_xcomargs.py
[2026-05-29T01:55:29.525+0200] {processor.py:829} INFO - Processing file /home/frederic/airflow_venv/lib/python3.10/site-packages/airflow/example_dags/example_xcomargs.py for tasks to queue
[2026-05-29T01:55:29.525+0200] {logging_mixin.py:151} INFO - [2026-05-29T01:55:29.525+0200] {dagbag.py:539} INFO - Filling up the DagBag from /home/frederic/airflow_venv/lib/python3.10/site-packages/airflow/example_dags/example_xcomargs.py
[2026-05-29T01:55:29.534+0200] {processor.py:839} INFO - DAG(s) dict_keys(['example_xcom_args', 'example_xcom_args_with_operators']) retrieved from /home/frederic/airflow_venv/lib/python3.10/site-packages/airflow/example_dags/example_xcomargs.py
[2026-05-29T01:55:29.540+0200] {logging_mixin.py:151} INFO - [2026-05-29T01:55:29.540+0200] {dag.py:2915} INFO - Sync 2 DAGs
[2026-05-29T01:55:29.551+0200] {logging_mixin.py:151} INFO - [2026-05-29T01:55:29.551+0200] {dag.py:3696} INFO - Setting next_dagrun for example_xcom_args to None, run_after=None
[2026-05-29T01:55:29.553+0200] {logging_mixin.py:151} INFO - [2026-05-29T01:55:29.553+0200] {dag.py:3696} INFO - Setting next_dagrun for example_xcom_args_with_operators to None, run_after=None
[2026-05-29T01:55:29.568+0200] {processor.py:179} INFO - Processing /home/frederic/airflow_venv/lib/python3.10/site-packages/airflow/example_dags/example_xcomargs.py took 0.046 seconds
[2026-05-29T01:55:51.647+0200] {processor.py:157} INFO - Started process (PID=625022) to work on /home/frederic/airflow_venv/lib/python3.10/site-packages/airflow/example_dags/example_xcomargs.py
[2026-05-29T01:55:51.652+0200] {processor.py:829} INFO - Processing file /home/frederic/airflow_venv/lib/python3.10/site-packages/airflow/example_dags/example_xcomargs.py for tasks to queue
[2026-05-29T01:55:51.653+0200] {logging_mixin.py:151} INFO - [2026-05-29T01:55:51.652+0200] {dagbag.py:539} INFO - Filling up the DagBag from /home/frederic/airflow_venv/lib/python3.10/site-packages/airflow/example_dags/example_xcomargs.py
[2026-05-29T01:55:51.663+0200] {processor.py:839} INFO - DAG(s) dict_keys(['example_xcom_args', 'example_xcom_args_with_operators']) retrieved from /home/frederic/airflow_venv/lib/python3.10/site-packages/airflow/example_dags/example_xcomargs.py
[2026-05-29T01:55:51.685+0200] {logging_mixin.py:151} INFO - [2026-05-29T01:55:51.685+0200] {dag.py:2915} INFO - Sync 2 DAGs
[2026-05-29T01:55:51.700+0200] {logging_mixin.py:151} INFO - [2026-05-29T01:55:51.699+0200] {dag.py:3696} INFO - Setting next_dagrun for example_xcom_args to None, run_after=None
[2026-05-29T01:55:51.704+0200] {logging_mixin.py:151} INFO - [2026-05-29T01:55:51.703+0200] {dag.py:3696} INFO - Setting next_dagrun for example_xcom_args_with_operators to None, run_after=None
[2026-05-29T01:55:51.724+0200] {processor.py:179} INFO - Processing /home/frederic/airflow_venv/lib/python3.10/site-packages/airflow/example_dags/example_xcomargs.py took 0.080 seconds
[2026-05-29T01:56:19.920+0200] {processor.py:157} INFO - Started process (PID=626021) to work on /home/frederic/airflow_venv/lib/python3.10/site-packages/airflow/example_dags/example_xcomargs.py
[2026-05-29T01:56:19.920+0200] {processor.py:829} INFO - Processing file /home/frederic/airflow_venv/lib/python3.10/site-packages/airflow/example_dags/example_xcomargs.py for tasks to queue
[2026-05-29T01:56:19.921+0200] {logging_mixin.py:151} INFO - [2026-05-29T01:56:19.921+0200] {dagbag.py:539} INFO - Filling up the DagBag from /home/frederic/airflow_venv/lib/python3.10/site-packages/airflow/example_dags/example_xcomargs.py
[2026-05-29T01:56:19.928+0200] {processor.py:839} INFO - DAG(s) dict_keys(['example_xcom_args', 'example_xcom_args_with_operators']) retrieved from /home/frederic/airflow_venv/lib/python3.10/site-packages/airflow/example_dags/example_xcomargs.py
[2026-05-29T01:56:19.942+0200] {logging_mixin.py:151} INFO - [2026-05-29T01:56:19.942+0200] {dag.py:2915} INFO - Sync 2 DAGs
[2026-05-29T01:56:19.951+0200] {logging_mixin.py:151} INFO - [2026-05-29T01:56:19.951+0200] {dag.py:3696} INFO - Setting next_dagrun for example_xcom_args to None, run_after=None
[2026-05-29T01:56:19.954+0200] {logging_mixin.py:151} INFO - [2026-05-29T01:56:19.953+0200] {dag.py:3696} INFO - Setting next_dagrun for example_xcom_args_with_operators to None, run_after=None
[2026-05-29T01:56:19.967+0200] {processor.py:179} INFO - Processing /home/frederic/airflow_venv/lib/python3.10/site-packages/airflow/example_dags/example_xcomargs.py took 0.050 seconds
[2026-05-29T01:56:34.838+0200] {processor.py:157} INFO - Started process (PID=626445) to work on /home/frederic/airflow_venv/lib/python3.10/site-packages/airflow/example_dags/example_xcomargs.py
[2026-05-29T01:56:34.839+0200] {processor.py:829} INFO - Processing file /home/frederic/airflow_venv/lib/python3.10/site-packages/airflow/example_dags/example_xcomargs.py for tasks to queue
[2026-05-29T01:56:34.840+0200] {logging_mixin.py:151} INFO - [2026-05-29T01:56:34.839+0200] {dagbag.py:539} INFO - Filling up the DagBag from /home/frederic/airflow_venv/lib/python3.10/site-packages/airflow/example_dags/example_xcomargs.py
[2026-05-29T01:56:34.847+0200] {processor.py:839} INFO - DAG(s) dict_keys(['example_xcom_args', 'example_xcom_args_with_operators']) retrieved from /home/frederic/airflow_venv/lib/python3.10/site-packages/airflow/example_dags/example_xcomargs.py
[2026-05-29T01:56:34.865+0200] {logging_mixin.py:151} INFO - [2026-05-29T01:56:34.865+0200] {dag.py:2915} INFO - Sync 2 DAGs
[2026-05-29T01:56:34.875+0200] {logging_mixin.py:151} INFO - [2026-05-29T01:56:34.875+0200] {dag.py:3696} INFO - Setting next_dagrun for example_xcom_args to None, run_after=None
[2026-05-29T01:56:34.877+0200] {logging_mixin.py:151} INFO - [2026-05-29T01:56:34.877+0200] {dag.py:3696} INFO - Setting next_dagrun for example_xcom_args_with_operators to None, run_after=None
[2026-05-29T01:56:34.891+0200] {processor.py:179} INFO - Processing /home/frederic/airflow_venv/lib/python3.10/site-packages/airflow/example_dags/example_xcomargs.py took 0.056 seconds
[2026-05-29T01:57:02.910+0200] {processor.py:157} INFO - Started process (PID=627354) to work on /home/frederic/airflow_venv/lib/python3.10/site-packages/airflow/example_dags/example_xcomargs.py
[2026-05-29T01:57:02.911+0200] {processor.py:829} INFO - Processing file /home/frederic/airflow_venv/lib/python3.10/site-packages/airflow/example_dags/example_xcomargs.py for tasks to queue
[2026-05-29T01:57:02.912+0200] {logging_mixin.py:151} INFO - [2026-05-29T01:57:02.912+0200] {dagbag.py:539} INFO - Filling up the DagBag from /home/frederic/airflow_venv/lib/python3.10/site-packages/airflow/example_dags/example_xcomargs.py
[2026-05-29T01:57:02.919+0200] {processor.py:839} INFO - DAG(s) dict_keys(['example_xcom_args_with_operators', 'example_xcom_args']) retrieved from /home/frederic/airflow_venv/lib/python3.10/site-packages/airflow/example_dags/example_xcomargs.py
[2026-05-29T01:57:02.934+0200] {logging_mixin.py:151} INFO - [2026-05-29T01:57:02.933+0200] {dag.py:2915} INFO - Sync 2 DAGs
[2026-05-29T01:57:02.943+0200] {logging_mixin.py:151} INFO - [2026-05-29T01:57:02.943+0200] {dag.py:3696} INFO - Setting next_dagrun for example_xcom_args to None, run_after=None
[2026-05-29T01:57:02.946+0200] {logging_mixin.py:151} INFO - [2026-05-29T01:57:02.946+0200] {dag.py:3696} INFO - Setting next_dagrun for example_xcom_args_with_operators to None, run_after=None
[2026-05-29T01:57:02.961+0200] {processor.py:179} INFO - Processing /home/frederic/airflow_venv/lib/python3.10/site-packages/airflow/example_dags/example_xcomargs.py took 0.053 seconds
[2026-05-29T01:57:11.790+0200] {processor.py:157} INFO - Started process (PID=627546) to work on /home/frederic/airflow_venv/lib/python3.10/site-packages/airflow/example_dags/example_xcomargs.py
[2026-05-29T01:57:11.791+0200] {processor.py:829} INFO - Processing file /home/frederic/airflow_venv/lib/python3.10/site-packages/airflow/example_dags/example_xcomargs.py for tasks to queue
[2026-05-29T01:57:11.792+0200] {logging_mixin.py:151} INFO - [2026-05-29T01:57:11.792+0200] {dagbag.py:539} INFO - Filling up the DagBag from /home/frederic/airflow_venv/lib/python3.10/site-packages/airflow/example_dags/example_xcomargs.py
[2026-05-29T01:57:11.801+0200] {processor.py:839} INFO - DAG(s) dict_keys(['example_xcom_args_with_operators', 'example_xcom_args']) retrieved from /home/frederic/airflow_venv/lib/python3.10/site-packages/airflow/example_dags/example_xcomargs.py
[2026-05-29T01:57:11.822+0200] {logging_mixin.py:151} INFO - [2026-05-29T01:57:11.822+0200] {dag.py:2915} INFO - Sync 2 DAGs
[2026-05-29T01:57:11.833+0200] {logging_mixin.py:151} INFO - [2026-05-29T01:57:11.833+0200] {dag.py:3696} INFO - Setting next_dagrun for example_xcom_args to None, run_after=None
[2026-05-29T01:57:11.836+0200] {logging_mixin.py:151} INFO - [2026-05-29T01:57:11.836+0200] {dag.py:3696} INFO - Setting next_dagrun for example_xcom_args_with_operators to None, run_after=None
[2026-05-29T01:57:11.851+0200] {processor.py:179} INFO - Processing /home/frederic/airflow_venv/lib/python3.10/site-packages/airflow/example_dags/example_xcomargs.py took 0.063 seconds
[2026-05-29T01:57:48.769+0200] {processor.py:157} INFO - Started process (PID=629117) to work on /home/frederic/airflow_venv/lib/python3.10/site-packages/airflow/example_dags/example_xcomargs.py
[2026-05-29T01:57:48.770+0200] {processor.py:829} INFO - Processing file /home/frederic/airflow_venv/lib/python3.10/site-packages/airflow/example_dags/example_xcomargs.py for tasks to queue
[2026-05-29T01:57:48.770+0200] {logging_mixin.py:151} INFO - [2026-05-29T01:57:48.770+0200] {dagbag.py:539} INFO - Filling up the DagBag from /home/frederic/airflow_venv/lib/python3.10/site-packages/airflow/example_dags/example_xcomargs.py
[2026-05-29T01:57:48.779+0200] {processor.py:839} INFO - DAG(s) dict_keys(['example_xcom_args_with_operators', 'example_xcom_args']) retrieved from /home/frederic/airflow_venv/lib/python3.10/site-packages/airflow/example_dags/example_xcomargs.py
[2026-05-29T01:57:48.799+0200] {logging_mixin.py:151} INFO - [2026-05-29T01:57:48.798+0200] {dag.py:2915} INFO - Sync 2 DAGs
[2026-05-29T01:57:48.811+0200] {logging_mixin.py:151} INFO - [2026-05-29T01:57:48.811+0200] {dag.py:3696} INFO - Setting next_dagrun for example_xcom_args to None, run_after=None
[2026-05-29T01:57:48.814+0200] {logging_mixin.py:151} INFO - [2026-05-29T01:57:48.814+0200] {dag.py:3696} INFO - Setting next_dagrun for example_xcom_args_with_operators to None, run_after=None
[2026-05-29T01:57:48.830+0200] {processor.py:179} INFO - Processing /home/frederic/airflow_venv/lib/python3.10/site-packages/airflow/example_dags/example_xcomargs.py took 0.064 seconds
[2026-05-29T01:57:59.268+0200] {processor.py:157} INFO - Started process (PID=629357) to work on /home/frederic/airflow_venv/lib/python3.10/site-packages/airflow/example_dags/example_xcomargs.py
[2026-05-29T01:57:59.269+0200] {processor.py:829} INFO - Processing file /home/frederic/airflow_venv/lib/python3.10/site-packages/airflow/example_dags/example_xcomargs.py for tasks to queue
[2026-05-29T01:57:59.270+0200] {logging_mixin.py:151} INFO - [2026-05-29T01:57:59.270+0200] {dagbag.py:539} INFO - Filling up the DagBag from /home/frederic/airflow_venv/lib/python3.10/site-packages/airflow/example_dags/example_xcomargs.py
[2026-05-29T01:57:59.281+0200] {processor.py:839} INFO - DAG(s) dict_keys(['example_xcom_args_with_operators', 'example_xcom_args']) retrieved from /home/frederic/airflow_venv/lib/python3.10/site-packages/airflow/example_dags/example_xcomargs.py
[2026-05-29T01:57:59.301+0200] {logging_mixin.py:151} INFO - [2026-05-29T01:57:59.301+0200] {dag.py:2915} INFO - Sync 2 DAGs
[2026-05-29T01:57:59.315+0200] {logging_mixin.py:151} INFO - [2026-05-29T01:57:59.315+0200] {dag.py:3696} INFO - Setting next_dagrun for example_xcom_args to None, run_after=None
[2026-05-29T01:57:59.319+0200] {logging_mixin.py:151} INFO - [2026-05-29T01:57:59.319+0200] {dag.py:3696} INFO - Setting next_dagrun for example_xcom_args_with_operators to None, run_after=None
[2026-05-29T01:57:59.340+0200] {processor.py:179} INFO - Processing /home/frederic/airflow_venv/lib/python3.10/site-packages/airflow/example_dags/example_xcomargs.py took 0.076 seconds
[2026-05-29T01:58:41.347+0200] {processor.py:157} INFO - Started process (PID=630961) to work on /home/frederic/airflow_venv/lib/python3.10/site-packages/airflow/example_dags/example_xcomargs.py
[2026-05-29T01:58:41.348+0200] {processor.py:829} INFO - Processing file /home/frederic/airflow_venv/lib/python3.10/site-packages/airflow/example_dags/example_xcomargs.py for tasks to queue
[2026-05-29T01:58:41.348+0200] {logging_mixin.py:151} INFO - [2026-05-29T01:58:41.348+0200] {dagbag.py:539} INFO - Filling up the DagBag from /home/frederic/airflow_venv/lib/python3.10/site-packages/airflow/example_dags/example_xcomargs.py
[2026-05-29T01:58:41.356+0200] {processor.py:839} INFO - DAG(s) dict_keys(['example_xcom_args', 'example_xcom_args_with_operators']) retrieved from /home/frederic/airflow_venv/lib/python3.10/site-packages/airflow/example_dags/example_xcomargs.py
[2026-05-29T01:58:41.374+0200] {logging_mixin.py:151} INFO - [2026-05-29T01:58:41.373+0200] {dag.py:2915} INFO - Sync 2 DAGs
[2026-05-29T01:58:41.384+0200] {logging_mixin.py:151} INFO - [2026-05-29T01:58:41.384+0200] {dag.py:3696} INFO - Setting next_dagrun for example_xcom_args to None, run_after=None
[2026-05-29T01:58:41.386+0200] {logging_mixin.py:151} INFO - [2026-05-29T01:58:41.386+0200] {dag.py:3696} INFO - Setting next_dagrun for example_xcom_args_with_operators to None, run_after=None
[2026-05-29T01:58:41.402+0200] {processor.py:179} INFO - Processing /home/frederic/airflow_venv/lib/python3.10/site-packages/airflow/example_dags/example_xcomargs.py took 0.058 seconds
[2026-05-29T01:58:48.679+0200] {processor.py:157} INFO - Started process (PID=631173) to work on /home/frederic/airflow_venv/lib/python3.10/site-packages/airflow/example_dags/example_xcomargs.py
[2026-05-29T01:58:48.680+0200] {processor.py:829} INFO - Processing file /home/frederic/airflow_venv/lib/python3.10/site-packages/airflow/example_dags/example_xcomargs.py for tasks to queue
[2026-05-29T01:58:48.680+0200] {logging_mixin.py:151} INFO - [2026-05-29T01:58:48.680+0200] {dagbag.py:539} INFO - Filling up the DagBag from /home/frederic/airflow_venv/lib/python3.10/site-packages/airflow/example_dags/example_xcomargs.py
[2026-05-29T01:58:48.688+0200] {processor.py:839} INFO - DAG(s) dict_keys(['example_xcom_args_with_operators', 'example_xcom_args']) retrieved from /home/frederic/airflow_venv/lib/python3.10/site-packages/airflow/example_dags/example_xcomargs.py
[2026-05-29T01:58:48.705+0200] {logging_mixin.py:151} INFO - [2026-05-29T01:58:48.705+0200] {dag.py:2915} INFO - Sync 2 DAGs
[2026-05-29T01:58:48.716+0200] {logging_mixin.py:151} INFO - [2026-05-29T01:58:48.716+0200] {dag.py:3696} INFO - Setting next_dagrun for example_xcom_args to None, run_after=None
[2026-05-29T01:58:48.719+0200] {logging_mixin.py:151} INFO - [2026-05-29T01:58:48.718+0200] {dag.py:3696} INFO - Setting next_dagrun for example_xcom_args_with_operators to None, run_after=None
[2026-05-29T01:58:48.734+0200] {processor.py:179} INFO - Processing /home/frederic/airflow_venv/lib/python3.10/site-packages/airflow/example_dags/example_xcomargs.py took 0.058 seconds
[2026-05-29T01:59:20.084+0200] {processor.py:157} INFO - Started process (PID=632039) to work on /home/frederic/airflow_venv/lib/python3.10/site-packages/airflow/example_dags/example_xcomargs.py
[2026-05-29T01:59:20.085+0200] {processor.py:829} INFO - Processing file /home/frederic/airflow_venv/lib/python3.10/site-packages/airflow/example_dags/example_xcomargs.py for tasks to queue
[2026-05-29T01:59:20.086+0200] {logging_mixin.py:151} INFO - [2026-05-29T01:59:20.085+0200] {dagbag.py:539} INFO - Filling up the DagBag from /home/frederic/airflow_venv/lib/python3.10/site-packages/airflow/example_dags/example_xcomargs.py
[2026-05-29T01:59:20.097+0200] {processor.py:839} INFO - DAG(s) dict_keys(['example_xcom_args_with_operators', 'example_xcom_args']) retrieved from /home/frederic/airflow_venv/lib/python3.10/site-packages/airflow/example_dags/example_xcomargs.py
[2026-05-29T01:59:20.117+0200] {logging_mixin.py:151} INFO - [2026-05-29T01:59:20.117+0200] {dag.py:2915} INFO - Sync 2 DAGs
[2026-05-29T01:59:20.130+0200] {logging_mixin.py:151} INFO - [2026-05-29T01:59:20.130+0200] {dag.py:3696} INFO - Setting next_dagrun for example_xcom_args to None, run_after=None
[2026-05-29T01:59:20.136+0200] {logging_mixin.py:151} INFO - [2026-05-29T01:59:20.135+0200] {dag.py:3696} INFO - Setting next_dagrun for example_xcom_args_with_operators to None, run_after=None
[2026-05-29T01:59:20.152+0200] {processor.py:179} INFO - Processing /home/frederic/airflow_venv/lib/python3.10/site-packages/airflow/example_dags/example_xcomargs.py took 0.074 seconds
[2026-05-29T01:59:24.881+0200] {processor.py:157} INFO - Started process (PID=632203) to work on /home/frederic/airflow_venv/lib/python3.10/site-packages/airflow/example_dags/example_xcomargs.py
[2026-05-29T01:59:24.882+0200] {processor.py:829} INFO - Processing file /home/frederic/airflow_venv/lib/python3.10/site-packages/airflow/example_dags/example_xcomargs.py for tasks to queue
[2026-05-29T01:59:24.882+0200] {logging_mixin.py:151} INFO - [2026-05-29T01:59:24.882+0200] {dagbag.py:539} INFO - Filling up the DagBag from /home/frederic/airflow_venv/lib/python3.10/site-packages/airflow/example_dags/example_xcomargs.py
[2026-05-29T01:59:24.889+0200] {processor.py:839} INFO - DAG(s) dict_keys(['example_xcom_args', 'example_xcom_args_with_operators']) retrieved from /home/frederic/airflow_venv/lib/python3.10/site-packages/airflow/example_dags/example_xcomargs.py
[2026-05-29T01:59:24.910+0200] {logging_mixin.py:151} INFO - [2026-05-29T01:59:24.910+0200] {dag.py:2915} INFO - Sync 2 DAGs
[2026-05-29T01:59:24.921+0200] {logging_mixin.py:151} INFO - [2026-05-29T01:59:24.921+0200] {dag.py:3696} INFO - Setting next_dagrun for example_xcom_args to None, run_after=None
[2026-05-29T01:59:24.924+0200] {logging_mixin.py:151} INFO - [2026-05-29T01:59:24.924+0200] {dag.py:3696} INFO - Setting next_dagrun for example_xcom_args_with_operators to None, run_after=None
[2026-05-29T01:59:24.940+0200] {processor.py:179} INFO - Processing /home/frederic/airflow_venv/lib/python3.10/site-packages/airflow/example_dags/example_xcomargs.py took 0.062 seconds
