[2026-05-29T01:37:07.979+0200] {processor.py:157} INFO - Started process (PID=594370) to work on /home/frederic/airflow_venv/lib/python3.10/site-packages/airflow/example_dags/example_external_task_marker_dag.py
[2026-05-29T01:37:07.980+0200] {processor.py:829} INFO - Processing file /home/frederic/airflow_venv/lib/python3.10/site-packages/airflow/example_dags/example_external_task_marker_dag.py for tasks to queue
[2026-05-29T01:37:07.981+0200] {logging_mixin.py:151} INFO - [2026-05-29T01:37:07.980+0200] {dagbag.py:539} INFO - Filling up the DagBag from /home/frederic/airflow_venv/lib/python3.10/site-packages/airflow/example_dags/example_external_task_marker_dag.py
[2026-05-29T01:37:07.986+0200] {processor.py:839} INFO - DAG(s) dict_keys(['example_external_task_marker_parent', 'example_external_task_marker_child']) retrieved from /home/frederic/airflow_venv/lib/python3.10/site-packages/airflow/example_dags/example_external_task_marker_dag.py
[2026-05-29T01:37:08.075+0200] {logging_mixin.py:151} INFO - [2026-05-29T01:37:08.074+0200] {manager.py:499} INFO - Created Permission View: %s
[2026-05-29T01:37:08.083+0200] {logging_mixin.py:151} INFO - [2026-05-29T01:37:08.083+0200] {manager.py:499} INFO - Created Permission View: %s
[2026-05-29T01:37:08.088+0200] {logging_mixin.py:151} INFO - [2026-05-29T01:37:08.088+0200] {manager.py:499} INFO - Created Permission View: %s
[2026-05-29T01:37:08.088+0200] {logging_mixin.py:151} INFO - [2026-05-29T01:37:08.088+0200] {security.py:708} INFO - Not syncing DAG-level permissions for DAG 'DAG:example_external_task_marker_parent' as access control is unset.
[2026-05-29T01:37:08.100+0200] {logging_mixin.py:151} INFO - [2026-05-29T01:37:08.100+0200] {manager.py:499} INFO - Created Permission View: %s
[2026-05-29T01:37:08.106+0200] {logging_mixin.py:151} INFO - [2026-05-29T01:37:08.105+0200] {manager.py:499} INFO - Created Permission View: %s
[2026-05-29T01:37:08.111+0200] {logging_mixin.py:151} INFO - [2026-05-29T01:37:08.111+0200] {manager.py:499} INFO - Created Permission View: %s
[2026-05-29T01:37:08.112+0200] {logging_mixin.py:151} INFO - [2026-05-29T01:37:08.112+0200] {security.py:708} INFO - Not syncing DAG-level permissions for DAG 'DAG:example_external_task_marker_child' as access control is unset.
[2026-05-29T01:37:08.112+0200] {logging_mixin.py:151} INFO - [2026-05-29T01:37:08.112+0200] {dag.py:2915} INFO - Sync 2 DAGs
[2026-05-29T01:37:08.120+0200] {logging_mixin.py:151} INFO - [2026-05-29T01:37:08.120+0200] {dag.py:2937} INFO - Creating ORM DAG for example_external_task_marker_parent
[2026-05-29T01:37:08.121+0200] {logging_mixin.py:151} INFO - [2026-05-29T01:37:08.121+0200] {dag.py:2937} INFO - Creating ORM DAG for example_external_task_marker_child
[2026-05-29T01:37:08.122+0200] {logging_mixin.py:151} INFO - [2026-05-29T01:37:08.121+0200] {dag.py:3696} INFO - Setting next_dagrun for example_external_task_marker_child to None, run_after=None
[2026-05-29T01:37:08.122+0200] {logging_mixin.py:151} INFO - [2026-05-29T01:37:08.122+0200] {dag.py:3696} INFO - Setting next_dagrun for example_external_task_marker_parent to None, run_after=None
[2026-05-29T01:37:08.138+0200] {processor.py:179} INFO - Processing /home/frederic/airflow_venv/lib/python3.10/site-packages/airflow/example_dags/example_external_task_marker_dag.py took 0.161 seconds
[2026-05-29T01:37:53.417+0200] {processor.py:157} INFO - Started process (PID=595288) to work on /home/frederic/airflow_venv/lib/python3.10/site-packages/airflow/example_dags/example_external_task_marker_dag.py
[2026-05-29T01:37:53.418+0200] {processor.py:829} INFO - Processing file /home/frederic/airflow_venv/lib/python3.10/site-packages/airflow/example_dags/example_external_task_marker_dag.py for tasks to queue
[2026-05-29T01:37:53.419+0200] {logging_mixin.py:151} INFO - [2026-05-29T01:37:53.418+0200] {dagbag.py:539} INFO - Filling up the DagBag from /home/frederic/airflow_venv/lib/python3.10/site-packages/airflow/example_dags/example_external_task_marker_dag.py
[2026-05-29T01:37:53.423+0200] {processor.py:839} INFO - DAG(s) dict_keys(['example_external_task_marker_child', 'example_external_task_marker_parent']) retrieved from /home/frederic/airflow_venv/lib/python3.10/site-packages/airflow/example_dags/example_external_task_marker_dag.py
[2026-05-29T01:37:53.438+0200] {logging_mixin.py:151} INFO - [2026-05-29T01:37:53.438+0200] {dag.py:2915} INFO - Sync 2 DAGs
[2026-05-29T01:37:53.447+0200] {logging_mixin.py:151} INFO - [2026-05-29T01:37:53.447+0200] {dag.py:3696} INFO - Setting next_dagrun for example_external_task_marker_child to None, run_after=None
[2026-05-29T01:37:53.449+0200] {logging_mixin.py:151} INFO - [2026-05-29T01:37:53.449+0200] {dag.py:3696} INFO - Setting next_dagrun for example_external_task_marker_parent to None, run_after=None
[2026-05-29T01:37:53.465+0200] {processor.py:179} INFO - Processing /home/frederic/airflow_venv/lib/python3.10/site-packages/airflow/example_dags/example_external_task_marker_dag.py took 0.050 seconds
[2026-05-29T01:38:38.754+0200] {processor.py:157} INFO - Started process (PID=596201) to work on /home/frederic/airflow_venv/lib/python3.10/site-packages/airflow/example_dags/example_external_task_marker_dag.py
[2026-05-29T01:38:38.757+0200] {processor.py:829} INFO - Processing file /home/frederic/airflow_venv/lib/python3.10/site-packages/airflow/example_dags/example_external_task_marker_dag.py for tasks to queue
[2026-05-29T01:38:38.758+0200] {logging_mixin.py:151} INFO - [2026-05-29T01:38:38.758+0200] {dagbag.py:539} INFO - Filling up the DagBag from /home/frederic/airflow_venv/lib/python3.10/site-packages/airflow/example_dags/example_external_task_marker_dag.py
[2026-05-29T01:38:38.763+0200] {processor.py:839} INFO - DAG(s) dict_keys(['example_external_task_marker_child', 'example_external_task_marker_parent']) retrieved from /home/frederic/airflow_venv/lib/python3.10/site-packages/airflow/example_dags/example_external_task_marker_dag.py
[2026-05-29T01:38:38.782+0200] {logging_mixin.py:151} INFO - [2026-05-29T01:38:38.782+0200] {dag.py:2915} INFO - Sync 2 DAGs
[2026-05-29T01:38:38.792+0200] {logging_mixin.py:151} INFO - [2026-05-29T01:38:38.792+0200] {dag.py:3696} INFO - Setting next_dagrun for example_external_task_marker_child to None, run_after=None
[2026-05-29T01:38:38.794+0200] {logging_mixin.py:151} INFO - [2026-05-29T01:38:38.794+0200] {dag.py:3696} INFO - Setting next_dagrun for example_external_task_marker_parent to None, run_after=None
[2026-05-29T01:38:38.809+0200] {processor.py:179} INFO - Processing /home/frederic/airflow_venv/lib/python3.10/site-packages/airflow/example_dags/example_external_task_marker_dag.py took 0.057 seconds
[2026-05-29T01:39:26.307+0200] {processor.py:157} INFO - Started process (PID=597385) to work on /home/frederic/airflow_venv/lib/python3.10/site-packages/airflow/example_dags/example_external_task_marker_dag.py
[2026-05-29T01:39:26.311+0200] {processor.py:829} INFO - Processing file /home/frederic/airflow_venv/lib/python3.10/site-packages/airflow/example_dags/example_external_task_marker_dag.py for tasks to queue
[2026-05-29T01:39:26.311+0200] {logging_mixin.py:151} INFO - [2026-05-29T01:39:26.311+0200] {dagbag.py:539} INFO - Filling up the DagBag from /home/frederic/airflow_venv/lib/python3.10/site-packages/airflow/example_dags/example_external_task_marker_dag.py
[2026-05-29T01:39:26.319+0200] {processor.py:839} INFO - DAG(s) dict_keys(['example_external_task_marker_child', 'example_external_task_marker_parent']) retrieved from /home/frederic/airflow_venv/lib/python3.10/site-packages/airflow/example_dags/example_external_task_marker_dag.py
[2026-05-29T01:39:26.337+0200] {logging_mixin.py:151} INFO - [2026-05-29T01:39:26.337+0200] {dag.py:2915} INFO - Sync 2 DAGs
[2026-05-29T01:39:26.348+0200] {logging_mixin.py:151} INFO - [2026-05-29T01:39:26.348+0200] {dag.py:3696} INFO - Setting next_dagrun for example_external_task_marker_child to None, run_after=None
[2026-05-29T01:39:26.351+0200] {logging_mixin.py:151} INFO - [2026-05-29T01:39:26.351+0200] {dag.py:3696} INFO - Setting next_dagrun for example_external_task_marker_parent to None, run_after=None
[2026-05-29T01:39:26.366+0200] {processor.py:179} INFO - Processing /home/frederic/airflow_venv/lib/python3.10/site-packages/airflow/example_dags/example_external_task_marker_dag.py took 0.061 seconds
[2026-05-29T01:40:15.054+0200] {processor.py:157} INFO - Started process (PID=598586) to work on /home/frederic/airflow_venv/lib/python3.10/site-packages/airflow/example_dags/example_external_task_marker_dag.py
[2026-05-29T01:40:15.056+0200] {processor.py:829} INFO - Processing file /home/frederic/airflow_venv/lib/python3.10/site-packages/airflow/example_dags/example_external_task_marker_dag.py for tasks to queue
[2026-05-29T01:40:15.056+0200] {logging_mixin.py:151} INFO - [2026-05-29T01:40:15.056+0200] {dagbag.py:539} INFO - Filling up the DagBag from /home/frederic/airflow_venv/lib/python3.10/site-packages/airflow/example_dags/example_external_task_marker_dag.py
[2026-05-29T01:40:15.062+0200] {processor.py:839} INFO - DAG(s) dict_keys(['example_external_task_marker_parent', 'example_external_task_marker_child']) retrieved from /home/frederic/airflow_venv/lib/python3.10/site-packages/airflow/example_dags/example_external_task_marker_dag.py
[2026-05-29T01:40:15.081+0200] {logging_mixin.py:151} INFO - [2026-05-29T01:40:15.081+0200] {dag.py:2915} INFO - Sync 2 DAGs
[2026-05-29T01:40:15.092+0200] {logging_mixin.py:151} INFO - [2026-05-29T01:40:15.092+0200] {dag.py:3696} INFO - Setting next_dagrun for example_external_task_marker_child to None, run_after=None
[2026-05-29T01:40:15.094+0200] {logging_mixin.py:151} INFO - [2026-05-29T01:40:15.094+0200] {dag.py:3696} INFO - Setting next_dagrun for example_external_task_marker_parent to None, run_after=None
[2026-05-29T01:40:15.108+0200] {processor.py:179} INFO - Processing /home/frederic/airflow_venv/lib/python3.10/site-packages/airflow/example_dags/example_external_task_marker_dag.py took 0.058 seconds
[2026-05-29T01:41:03.061+0200] {processor.py:157} INFO - Started process (PID=599661) to work on /home/frederic/airflow_venv/lib/python3.10/site-packages/airflow/example_dags/example_external_task_marker_dag.py
[2026-05-29T01:41:03.062+0200] {processor.py:829} INFO - Processing file /home/frederic/airflow_venv/lib/python3.10/site-packages/airflow/example_dags/example_external_task_marker_dag.py for tasks to queue
[2026-05-29T01:41:03.063+0200] {logging_mixin.py:151} INFO - [2026-05-29T01:41:03.062+0200] {dagbag.py:539} INFO - Filling up the DagBag from /home/frederic/airflow_venv/lib/python3.10/site-packages/airflow/example_dags/example_external_task_marker_dag.py
[2026-05-29T01:41:03.068+0200] {processor.py:839} INFO - DAG(s) dict_keys(['example_external_task_marker_parent', 'example_external_task_marker_child']) retrieved from /home/frederic/airflow_venv/lib/python3.10/site-packages/airflow/example_dags/example_external_task_marker_dag.py
[2026-05-29T01:41:03.086+0200] {logging_mixin.py:151} INFO - [2026-05-29T01:41:03.086+0200] {dag.py:2915} INFO - Sync 2 DAGs
[2026-05-29T01:41:03.096+0200] {logging_mixin.py:151} INFO - [2026-05-29T01:41:03.096+0200] {dag.py:3696} INFO - Setting next_dagrun for example_external_task_marker_child to None, run_after=None
[2026-05-29T01:41:03.099+0200] {logging_mixin.py:151} INFO - [2026-05-29T01:41:03.099+0200] {dag.py:3696} INFO - Setting next_dagrun for example_external_task_marker_parent to None, run_after=None
[2026-05-29T01:41:03.114+0200] {processor.py:179} INFO - Processing /home/frederic/airflow_venv/lib/python3.10/site-packages/airflow/example_dags/example_external_task_marker_dag.py took 0.055 seconds
[2026-05-29T01:41:46.309+0200] {processor.py:157} INFO - Started process (PID=600924) to work on /home/frederic/airflow_venv/lib/python3.10/site-packages/airflow/example_dags/example_external_task_marker_dag.py
[2026-05-29T01:41:46.312+0200] {processor.py:829} INFO - Processing file /home/frederic/airflow_venv/lib/python3.10/site-packages/airflow/example_dags/example_external_task_marker_dag.py for tasks to queue
[2026-05-29T01:41:46.313+0200] {logging_mixin.py:151} INFO - [2026-05-29T01:41:46.312+0200] {dagbag.py:539} INFO - Filling up the DagBag from /home/frederic/airflow_venv/lib/python3.10/site-packages/airflow/example_dags/example_external_task_marker_dag.py
[2026-05-29T01:41:46.317+0200] {processor.py:839} INFO - DAG(s) dict_keys(['example_external_task_marker_child', 'example_external_task_marker_parent']) retrieved from /home/frederic/airflow_venv/lib/python3.10/site-packages/airflow/example_dags/example_external_task_marker_dag.py
[2026-05-29T01:41:46.332+0200] {logging_mixin.py:151} INFO - [2026-05-29T01:41:46.332+0200] {dag.py:2915} INFO - Sync 2 DAGs
[2026-05-29T01:41:46.341+0200] {logging_mixin.py:151} INFO - [2026-05-29T01:41:46.341+0200] {dag.py:3696} INFO - Setting next_dagrun for example_external_task_marker_child to None, run_after=None
[2026-05-29T01:41:46.343+0200] {logging_mixin.py:151} INFO - [2026-05-29T01:41:46.343+0200] {dag.py:3696} INFO - Setting next_dagrun for example_external_task_marker_parent to None, run_after=None
[2026-05-29T01:41:46.359+0200] {processor.py:179} INFO - Processing /home/frederic/airflow_venv/lib/python3.10/site-packages/airflow/example_dags/example_external_task_marker_dag.py took 0.053 seconds
[2026-05-29T01:42:30.459+0200] {processor.py:157} INFO - Started process (PID=601695) to work on /home/frederic/airflow_venv/lib/python3.10/site-packages/airflow/example_dags/example_external_task_marker_dag.py
[2026-05-29T01:42:30.462+0200] {processor.py:829} INFO - Processing file /home/frederic/airflow_venv/lib/python3.10/site-packages/airflow/example_dags/example_external_task_marker_dag.py for tasks to queue
[2026-05-29T01:42:30.463+0200] {logging_mixin.py:151} INFO - [2026-05-29T01:42:30.463+0200] {dagbag.py:539} INFO - Filling up the DagBag from /home/frederic/airflow_venv/lib/python3.10/site-packages/airflow/example_dags/example_external_task_marker_dag.py
[2026-05-29T01:42:30.467+0200] {processor.py:839} INFO - DAG(s) dict_keys(['example_external_task_marker_child', 'example_external_task_marker_parent']) retrieved from /home/frederic/airflow_venv/lib/python3.10/site-packages/airflow/example_dags/example_external_task_marker_dag.py
[2026-05-29T01:42:30.481+0200] {logging_mixin.py:151} INFO - [2026-05-29T01:42:30.481+0200] {dag.py:2915} INFO - Sync 2 DAGs
[2026-05-29T01:42:30.490+0200] {logging_mixin.py:151} INFO - [2026-05-29T01:42:30.490+0200] {dag.py:3696} INFO - Setting next_dagrun for example_external_task_marker_child to None, run_after=None
[2026-05-29T01:42:30.492+0200] {logging_mixin.py:151} INFO - [2026-05-29T01:42:30.492+0200] {dag.py:3696} INFO - Setting next_dagrun for example_external_task_marker_parent to None, run_after=None
[2026-05-29T01:42:30.510+0200] {processor.py:179} INFO - Processing /home/frederic/airflow_venv/lib/python3.10/site-packages/airflow/example_dags/example_external_task_marker_dag.py took 0.053 seconds
[2026-05-29T01:43:19.029+0200] {processor.py:157} INFO - Started process (PID=602612) to work on /home/frederic/airflow_venv/lib/python3.10/site-packages/airflow/example_dags/example_external_task_marker_dag.py
[2026-05-29T01:43:19.032+0200] {processor.py:829} INFO - Processing file /home/frederic/airflow_venv/lib/python3.10/site-packages/airflow/example_dags/example_external_task_marker_dag.py for tasks to queue
[2026-05-29T01:43:19.033+0200] {logging_mixin.py:151} INFO - [2026-05-29T01:43:19.033+0200] {dagbag.py:539} INFO - Filling up the DagBag from /home/frederic/airflow_venv/lib/python3.10/site-packages/airflow/example_dags/example_external_task_marker_dag.py
[2026-05-29T01:43:19.038+0200] {processor.py:839} INFO - DAG(s) dict_keys(['example_external_task_marker_parent', 'example_external_task_marker_child']) retrieved from /home/frederic/airflow_venv/lib/python3.10/site-packages/airflow/example_dags/example_external_task_marker_dag.py
[2026-05-29T01:43:19.054+0200] {logging_mixin.py:151} INFO - [2026-05-29T01:43:19.054+0200] {dag.py:2915} INFO - Sync 2 DAGs
[2026-05-29T01:43:19.065+0200] {logging_mixin.py:151} INFO - [2026-05-29T01:43:19.065+0200] {dag.py:3696} INFO - Setting next_dagrun for example_external_task_marker_child to None, run_after=None
[2026-05-29T01:43:19.068+0200] {logging_mixin.py:151} INFO - [2026-05-29T01:43:19.068+0200] {dag.py:3696} INFO - Setting next_dagrun for example_external_task_marker_parent to None, run_after=None
[2026-05-29T01:43:19.082+0200] {processor.py:179} INFO - Processing /home/frederic/airflow_venv/lib/python3.10/site-packages/airflow/example_dags/example_external_task_marker_dag.py took 0.056 seconds
[2026-05-29T01:44:08.510+0200] {processor.py:157} INFO - Started process (PID=603396) to work on /home/frederic/airflow_venv/lib/python3.10/site-packages/airflow/example_dags/example_external_task_marker_dag.py
[2026-05-29T01:44:08.513+0200] {processor.py:829} INFO - Processing file /home/frederic/airflow_venv/lib/python3.10/site-packages/airflow/example_dags/example_external_task_marker_dag.py for tasks to queue
[2026-05-29T01:44:08.514+0200] {logging_mixin.py:151} INFO - [2026-05-29T01:44:08.514+0200] {dagbag.py:539} INFO - Filling up the DagBag from /home/frederic/airflow_venv/lib/python3.10/site-packages/airflow/example_dags/example_external_task_marker_dag.py
[2026-05-29T01:44:08.520+0200] {processor.py:839} INFO - DAG(s) dict_keys(['example_external_task_marker_parent', 'example_external_task_marker_child']) retrieved from /home/frederic/airflow_venv/lib/python3.10/site-packages/airflow/example_dags/example_external_task_marker_dag.py
[2026-05-29T01:44:08.536+0200] {logging_mixin.py:151} INFO - [2026-05-29T01:44:08.536+0200] {dag.py:2915} INFO - Sync 2 DAGs
[2026-05-29T01:44:08.547+0200] {logging_mixin.py:151} INFO - [2026-05-29T01:44:08.546+0200] {dag.py:3696} INFO - Setting next_dagrun for example_external_task_marker_child to None, run_after=None
[2026-05-29T01:44:08.550+0200] {logging_mixin.py:151} INFO - [2026-05-29T01:44:08.550+0200] {dag.py:3696} INFO - Setting next_dagrun for example_external_task_marker_parent to None, run_after=None
[2026-05-29T01:44:08.565+0200] {processor.py:179} INFO - Processing /home/frederic/airflow_venv/lib/python3.10/site-packages/airflow/example_dags/example_external_task_marker_dag.py took 0.058 seconds
[2026-05-29T01:44:56.777+0200] {processor.py:157} INFO - Started process (PID=604915) to work on /home/frederic/airflow_venv/lib/python3.10/site-packages/airflow/example_dags/example_external_task_marker_dag.py
[2026-05-29T01:44:56.780+0200] {processor.py:829} INFO - Processing file /home/frederic/airflow_venv/lib/python3.10/site-packages/airflow/example_dags/example_external_task_marker_dag.py for tasks to queue
[2026-05-29T01:44:56.781+0200] {logging_mixin.py:151} INFO - [2026-05-29T01:44:56.781+0200] {dagbag.py:539} INFO - Filling up the DagBag from /home/frederic/airflow_venv/lib/python3.10/site-packages/airflow/example_dags/example_external_task_marker_dag.py
[2026-05-29T01:44:56.785+0200] {processor.py:839} INFO - DAG(s) dict_keys(['example_external_task_marker_parent', 'example_external_task_marker_child']) retrieved from /home/frederic/airflow_venv/lib/python3.10/site-packages/airflow/example_dags/example_external_task_marker_dag.py
[2026-05-29T01:44:56.799+0200] {logging_mixin.py:151} INFO - [2026-05-29T01:44:56.799+0200] {dag.py:2915} INFO - Sync 2 DAGs
[2026-05-29T01:44:56.808+0200] {logging_mixin.py:151} INFO - [2026-05-29T01:44:56.808+0200] {dag.py:3696} INFO - Setting next_dagrun for example_external_task_marker_child to None, run_after=None
[2026-05-29T01:44:56.810+0200] {logging_mixin.py:151} INFO - [2026-05-29T01:44:56.810+0200] {dag.py:3696} INFO - Setting next_dagrun for example_external_task_marker_parent to None, run_after=None
[2026-05-29T01:44:56.823+0200] {processor.py:179} INFO - Processing /home/frederic/airflow_venv/lib/python3.10/site-packages/airflow/example_dags/example_external_task_marker_dag.py took 0.049 seconds
[2026-05-29T01:45:47.333+0200] {processor.py:157} INFO - Started process (PID=606687) to work on /home/frederic/airflow_venv/lib/python3.10/site-packages/airflow/example_dags/example_external_task_marker_dag.py
[2026-05-29T01:45:47.336+0200] {processor.py:829} INFO - Processing file /home/frederic/airflow_venv/lib/python3.10/site-packages/airflow/example_dags/example_external_task_marker_dag.py for tasks to queue
[2026-05-29T01:45:47.337+0200] {logging_mixin.py:151} INFO - [2026-05-29T01:45:47.337+0200] {dagbag.py:539} INFO - Filling up the DagBag from /home/frederic/airflow_venv/lib/python3.10/site-packages/airflow/example_dags/example_external_task_marker_dag.py
[2026-05-29T01:45:47.342+0200] {processor.py:839} INFO - DAG(s) dict_keys(['example_external_task_marker_child', 'example_external_task_marker_parent']) retrieved from /home/frederic/airflow_venv/lib/python3.10/site-packages/airflow/example_dags/example_external_task_marker_dag.py
[2026-05-29T01:45:47.358+0200] {logging_mixin.py:151} INFO - [2026-05-29T01:45:47.358+0200] {dag.py:2915} INFO - Sync 2 DAGs
[2026-05-29T01:45:47.367+0200] {logging_mixin.py:151} INFO - [2026-05-29T01:45:47.367+0200] {dag.py:3696} INFO - Setting next_dagrun for example_external_task_marker_child to None, run_after=None
[2026-05-29T01:45:47.369+0200] {logging_mixin.py:151} INFO - [2026-05-29T01:45:47.369+0200] {dag.py:3696} INFO - Setting next_dagrun for example_external_task_marker_parent to None, run_after=None
[2026-05-29T01:45:47.382+0200] {processor.py:179} INFO - Processing /home/frederic/airflow_venv/lib/python3.10/site-packages/airflow/example_dags/example_external_task_marker_dag.py took 0.052 seconds
[2026-05-29T01:46:37.593+0200] {processor.py:157} INFO - Started process (PID=608969) to work on /home/frederic/airflow_venv/lib/python3.10/site-packages/airflow/example_dags/example_external_task_marker_dag.py
[2026-05-29T01:46:37.594+0200] {processor.py:829} INFO - Processing file /home/frederic/airflow_venv/lib/python3.10/site-packages/airflow/example_dags/example_external_task_marker_dag.py for tasks to queue
[2026-05-29T01:46:37.594+0200] {logging_mixin.py:151} INFO - [2026-05-29T01:46:37.594+0200] {dagbag.py:539} INFO - Filling up the DagBag from /home/frederic/airflow_venv/lib/python3.10/site-packages/airflow/example_dags/example_external_task_marker_dag.py
[2026-05-29T01:46:37.599+0200] {processor.py:839} INFO - DAG(s) dict_keys(['example_external_task_marker_child', 'example_external_task_marker_parent']) retrieved from /home/frederic/airflow_venv/lib/python3.10/site-packages/airflow/example_dags/example_external_task_marker_dag.py
[2026-05-29T01:46:37.613+0200] {logging_mixin.py:151} INFO - [2026-05-29T01:46:37.613+0200] {dag.py:2915} INFO - Sync 2 DAGs
[2026-05-29T01:46:37.622+0200] {logging_mixin.py:151} INFO - [2026-05-29T01:46:37.622+0200] {dag.py:3696} INFO - Setting next_dagrun for example_external_task_marker_child to None, run_after=None
[2026-05-29T01:46:37.625+0200] {logging_mixin.py:151} INFO - [2026-05-29T01:46:37.625+0200] {dag.py:3696} INFO - Setting next_dagrun for example_external_task_marker_parent to None, run_after=None
[2026-05-29T01:46:37.638+0200] {processor.py:179} INFO - Processing /home/frederic/airflow_venv/lib/python3.10/site-packages/airflow/example_dags/example_external_task_marker_dag.py took 0.048 seconds
[2026-05-29T01:47:23.639+0200] {processor.py:157} INFO - Started process (PID=610217) to work on /home/frederic/airflow_venv/lib/python3.10/site-packages/airflow/example_dags/example_external_task_marker_dag.py
[2026-05-29T01:47:23.640+0200] {processor.py:829} INFO - Processing file /home/frederic/airflow_venv/lib/python3.10/site-packages/airflow/example_dags/example_external_task_marker_dag.py for tasks to queue
[2026-05-29T01:47:23.640+0200] {logging_mixin.py:151} INFO - [2026-05-29T01:47:23.640+0200] {dagbag.py:539} INFO - Filling up the DagBag from /home/frederic/airflow_venv/lib/python3.10/site-packages/airflow/example_dags/example_external_task_marker_dag.py
[2026-05-29T01:47:23.645+0200] {processor.py:839} INFO - DAG(s) dict_keys(['example_external_task_marker_child', 'example_external_task_marker_parent']) retrieved from /home/frederic/airflow_venv/lib/python3.10/site-packages/airflow/example_dags/example_external_task_marker_dag.py
[2026-05-29T01:47:23.664+0200] {logging_mixin.py:151} INFO - [2026-05-29T01:47:23.664+0200] {dag.py:2915} INFO - Sync 2 DAGs
[2026-05-29T01:47:23.675+0200] {logging_mixin.py:151} INFO - [2026-05-29T01:47:23.675+0200] {dag.py:3696} INFO - Setting next_dagrun for example_external_task_marker_child to None, run_after=None
[2026-05-29T01:47:23.677+0200] {logging_mixin.py:151} INFO - [2026-05-29T01:47:23.677+0200] {dag.py:3696} INFO - Setting next_dagrun for example_external_task_marker_parent to None, run_after=None
[2026-05-29T01:47:23.694+0200] {processor.py:179} INFO - Processing /home/frederic/airflow_venv/lib/python3.10/site-packages/airflow/example_dags/example_external_task_marker_dag.py took 0.057 seconds
[2026-05-29T01:48:07.155+0200] {processor.py:157} INFO - Started process (PID=611547) to work on /home/frederic/airflow_venv/lib/python3.10/site-packages/airflow/example_dags/example_external_task_marker_dag.py
[2026-05-29T01:48:07.156+0200] {processor.py:829} INFO - Processing file /home/frederic/airflow_venv/lib/python3.10/site-packages/airflow/example_dags/example_external_task_marker_dag.py for tasks to queue
[2026-05-29T01:48:07.156+0200] {logging_mixin.py:151} INFO - [2026-05-29T01:48:07.156+0200] {dagbag.py:539} INFO - Filling up the DagBag from /home/frederic/airflow_venv/lib/python3.10/site-packages/airflow/example_dags/example_external_task_marker_dag.py
[2026-05-29T01:48:07.162+0200] {processor.py:839} INFO - DAG(s) dict_keys(['example_external_task_marker_parent', 'example_external_task_marker_child']) retrieved from /home/frederic/airflow_venv/lib/python3.10/site-packages/airflow/example_dags/example_external_task_marker_dag.py
[2026-05-29T01:48:07.178+0200] {logging_mixin.py:151} INFO - [2026-05-29T01:48:07.177+0200] {dag.py:2915} INFO - Sync 2 DAGs
[2026-05-29T01:48:07.187+0200] {logging_mixin.py:151} INFO - [2026-05-29T01:48:07.187+0200] {dag.py:3696} INFO - Setting next_dagrun for example_external_task_marker_child to None, run_after=None
[2026-05-29T01:48:07.189+0200] {logging_mixin.py:151} INFO - [2026-05-29T01:48:07.189+0200] {dag.py:3696} INFO - Setting next_dagrun for example_external_task_marker_parent to None, run_after=None
[2026-05-29T01:48:07.202+0200] {processor.py:179} INFO - Processing /home/frederic/airflow_venv/lib/python3.10/site-packages/airflow/example_dags/example_external_task_marker_dag.py took 0.049 seconds
[2026-05-29T01:48:53.663+0200] {processor.py:157} INFO - Started process (PID=612851) to work on /home/frederic/airflow_venv/lib/python3.10/site-packages/airflow/example_dags/example_external_task_marker_dag.py
[2026-05-29T01:48:53.667+0200] {processor.py:829} INFO - Processing file /home/frederic/airflow_venv/lib/python3.10/site-packages/airflow/example_dags/example_external_task_marker_dag.py for tasks to queue
[2026-05-29T01:48:53.668+0200] {logging_mixin.py:151} INFO - [2026-05-29T01:48:53.667+0200] {dagbag.py:539} INFO - Filling up the DagBag from /home/frederic/airflow_venv/lib/python3.10/site-packages/airflow/example_dags/example_external_task_marker_dag.py
[2026-05-29T01:48:53.672+0200] {processor.py:839} INFO - DAG(s) dict_keys(['example_external_task_marker_parent', 'example_external_task_marker_child']) retrieved from /home/frederic/airflow_venv/lib/python3.10/site-packages/airflow/example_dags/example_external_task_marker_dag.py
[2026-05-29T01:48:53.688+0200] {logging_mixin.py:151} INFO - [2026-05-29T01:48:53.687+0200] {dag.py:2915} INFO - Sync 2 DAGs
[2026-05-29T01:48:53.697+0200] {logging_mixin.py:151} INFO - [2026-05-29T01:48:53.697+0200] {dag.py:3696} INFO - Setting next_dagrun for example_external_task_marker_child to None, run_after=None
[2026-05-29T01:48:53.700+0200] {logging_mixin.py:151} INFO - [2026-05-29T01:48:53.699+0200] {dag.py:3696} INFO - Setting next_dagrun for example_external_task_marker_parent to None, run_after=None
[2026-05-29T01:48:53.714+0200] {processor.py:179} INFO - Processing /home/frederic/airflow_venv/lib/python3.10/site-packages/airflow/example_dags/example_external_task_marker_dag.py took 0.053 seconds
[2026-05-29T01:49:36.892+0200] {processor.py:157} INFO - Started process (PID=613900) to work on /home/frederic/airflow_venv/lib/python3.10/site-packages/airflow/example_dags/example_external_task_marker_dag.py
[2026-05-29T01:49:36.896+0200] {processor.py:829} INFO - Processing file /home/frederic/airflow_venv/lib/python3.10/site-packages/airflow/example_dags/example_external_task_marker_dag.py for tasks to queue
[2026-05-29T01:49:36.896+0200] {logging_mixin.py:151} INFO - [2026-05-29T01:49:36.896+0200] {dagbag.py:539} INFO - Filling up the DagBag from /home/frederic/airflow_venv/lib/python3.10/site-packages/airflow/example_dags/example_external_task_marker_dag.py
[2026-05-29T01:49:36.903+0200] {processor.py:839} INFO - DAG(s) dict_keys(['example_external_task_marker_child', 'example_external_task_marker_parent']) retrieved from /home/frederic/airflow_venv/lib/python3.10/site-packages/airflow/example_dags/example_external_task_marker_dag.py
[2026-05-29T01:49:36.925+0200] {logging_mixin.py:151} INFO - [2026-05-29T01:49:36.925+0200] {dag.py:2915} INFO - Sync 2 DAGs
[2026-05-29T01:49:36.939+0200] {logging_mixin.py:151} INFO - [2026-05-29T01:49:36.939+0200] {dag.py:3696} INFO - Setting next_dagrun for example_external_task_marker_child to None, run_after=None
[2026-05-29T01:49:36.944+0200] {logging_mixin.py:151} INFO - [2026-05-29T01:49:36.943+0200] {dag.py:3696} INFO - Setting next_dagrun for example_external_task_marker_parent to None, run_after=None
[2026-05-29T01:49:36.961+0200] {processor.py:179} INFO - Processing /home/frederic/airflow_venv/lib/python3.10/site-packages/airflow/example_dags/example_external_task_marker_dag.py took 0.071 seconds
[2026-05-29T01:50:19.915+0200] {processor.py:157} INFO - Started process (PID=615102) to work on /home/frederic/airflow_venv/lib/python3.10/site-packages/airflow/example_dags/example_external_task_marker_dag.py
[2026-05-29T01:50:19.916+0200] {processor.py:829} INFO - Processing file /home/frederic/airflow_venv/lib/python3.10/site-packages/airflow/example_dags/example_external_task_marker_dag.py for tasks to queue
[2026-05-29T01:50:19.917+0200] {logging_mixin.py:151} INFO - [2026-05-29T01:50:19.916+0200] {dagbag.py:539} INFO - Filling up the DagBag from /home/frederic/airflow_venv/lib/python3.10/site-packages/airflow/example_dags/example_external_task_marker_dag.py
[2026-05-29T01:50:19.925+0200] {processor.py:839} INFO - DAG(s) dict_keys(['example_external_task_marker_parent', 'example_external_task_marker_child']) retrieved from /home/frederic/airflow_venv/lib/python3.10/site-packages/airflow/example_dags/example_external_task_marker_dag.py
[2026-05-29T01:50:19.957+0200] {logging_mixin.py:151} INFO - [2026-05-29T01:50:19.957+0200] {dag.py:2915} INFO - Sync 2 DAGs
[2026-05-29T01:50:19.976+0200] {logging_mixin.py:151} INFO - [2026-05-29T01:50:19.976+0200] {dag.py:3696} INFO - Setting next_dagrun for example_external_task_marker_child to None, run_after=None
[2026-05-29T01:50:19.981+0200] {logging_mixin.py:151} INFO - [2026-05-29T01:50:19.981+0200] {dag.py:3696} INFO - Setting next_dagrun for example_external_task_marker_parent to None, run_after=None
[2026-05-29T01:50:20.001+0200] {processor.py:179} INFO - Processing /home/frederic/airflow_venv/lib/python3.10/site-packages/airflow/example_dags/example_external_task_marker_dag.py took 0.090 seconds
[2026-05-29T01:51:03.596+0200] {processor.py:157} INFO - Started process (PID=616362) to work on /home/frederic/airflow_venv/lib/python3.10/site-packages/airflow/example_dags/example_external_task_marker_dag.py
[2026-05-29T01:51:03.597+0200] {processor.py:829} INFO - Processing file /home/frederic/airflow_venv/lib/python3.10/site-packages/airflow/example_dags/example_external_task_marker_dag.py for tasks to queue
[2026-05-29T01:51:03.598+0200] {logging_mixin.py:151} INFO - [2026-05-29T01:51:03.598+0200] {dagbag.py:539} INFO - Filling up the DagBag from /home/frederic/airflow_venv/lib/python3.10/site-packages/airflow/example_dags/example_external_task_marker_dag.py
[2026-05-29T01:51:03.602+0200] {processor.py:839} INFO - DAG(s) dict_keys(['example_external_task_marker_child', 'example_external_task_marker_parent']) retrieved from /home/frederic/airflow_venv/lib/python3.10/site-packages/airflow/example_dags/example_external_task_marker_dag.py
[2026-05-29T01:51:03.616+0200] {logging_mixin.py:151} INFO - [2026-05-29T01:51:03.616+0200] {dag.py:2915} INFO - Sync 2 DAGs
[2026-05-29T01:51:03.625+0200] {logging_mixin.py:151} INFO - [2026-05-29T01:51:03.625+0200] {dag.py:3696} INFO - Setting next_dagrun for example_external_task_marker_child to None, run_after=None
[2026-05-29T01:51:03.627+0200] {logging_mixin.py:151} INFO - [2026-05-29T01:51:03.627+0200] {dag.py:3696} INFO - Setting next_dagrun for example_external_task_marker_parent to None, run_after=None
[2026-05-29T01:51:03.641+0200] {processor.py:179} INFO - Processing /home/frederic/airflow_venv/lib/python3.10/site-packages/airflow/example_dags/example_external_task_marker_dag.py took 0.047 seconds
[2026-05-29T01:51:53.934+0200] {processor.py:157} INFO - Started process (PID=617632) to work on /home/frederic/airflow_venv/lib/python3.10/site-packages/airflow/example_dags/example_external_task_marker_dag.py
[2026-05-29T01:51:53.938+0200] {processor.py:829} INFO - Processing file /home/frederic/airflow_venv/lib/python3.10/site-packages/airflow/example_dags/example_external_task_marker_dag.py for tasks to queue
[2026-05-29T01:51:53.940+0200] {logging_mixin.py:151} INFO - [2026-05-29T01:51:53.939+0200] {dagbag.py:539} INFO - Filling up the DagBag from /home/frederic/airflow_venv/lib/python3.10/site-packages/airflow/example_dags/example_external_task_marker_dag.py
[2026-05-29T01:51:53.950+0200] {processor.py:839} INFO - DAG(s) dict_keys(['example_external_task_marker_child', 'example_external_task_marker_parent']) retrieved from /home/frederic/airflow_venv/lib/python3.10/site-packages/airflow/example_dags/example_external_task_marker_dag.py
[2026-05-29T01:51:53.975+0200] {logging_mixin.py:151} INFO - [2026-05-29T01:51:53.975+0200] {dag.py:2915} INFO - Sync 2 DAGs
[2026-05-29T01:51:53.989+0200] {logging_mixin.py:151} INFO - [2026-05-29T01:51:53.989+0200] {dag.py:3696} INFO - Setting next_dagrun for example_external_task_marker_child to None, run_after=None
[2026-05-29T01:51:53.992+0200] {logging_mixin.py:151} INFO - [2026-05-29T01:51:53.992+0200] {dag.py:3696} INFO - Setting next_dagrun for example_external_task_marker_parent to None, run_after=None
[2026-05-29T01:51:54.017+0200] {processor.py:179} INFO - Processing /home/frederic/airflow_venv/lib/python3.10/site-packages/airflow/example_dags/example_external_task_marker_dag.py took 0.089 seconds
[2026-05-29T01:52:43.043+0200] {processor.py:157} INFO - Started process (PID=619262) to work on /home/frederic/airflow_venv/lib/python3.10/site-packages/airflow/example_dags/example_external_task_marker_dag.py
[2026-05-29T01:52:43.044+0200] {processor.py:829} INFO - Processing file /home/frederic/airflow_venv/lib/python3.10/site-packages/airflow/example_dags/example_external_task_marker_dag.py for tasks to queue
[2026-05-29T01:52:43.045+0200] {logging_mixin.py:151} INFO - [2026-05-29T01:52:43.045+0200] {dagbag.py:539} INFO - Filling up the DagBag from /home/frederic/airflow_venv/lib/python3.10/site-packages/airflow/example_dags/example_external_task_marker_dag.py
[2026-05-29T01:52:43.051+0200] {processor.py:839} INFO - DAG(s) dict_keys(['example_external_task_marker_child', 'example_external_task_marker_parent']) retrieved from /home/frederic/airflow_venv/lib/python3.10/site-packages/airflow/example_dags/example_external_task_marker_dag.py
[2026-05-29T01:52:43.077+0200] {logging_mixin.py:151} INFO - [2026-05-29T01:52:43.077+0200] {dag.py:2915} INFO - Sync 2 DAGs
[2026-05-29T01:52:43.089+0200] {logging_mixin.py:151} INFO - [2026-05-29T01:52:43.088+0200] {dag.py:3696} INFO - Setting next_dagrun for example_external_task_marker_child to None, run_after=None
[2026-05-29T01:52:43.092+0200] {logging_mixin.py:151} INFO - [2026-05-29T01:52:43.091+0200] {dag.py:3696} INFO - Setting next_dagrun for example_external_task_marker_parent to None, run_after=None
[2026-05-29T01:52:43.106+0200] {processor.py:179} INFO - Processing /home/frederic/airflow_venv/lib/python3.10/site-packages/airflow/example_dags/example_external_task_marker_dag.py took 0.066 seconds
[2026-05-29T01:53:28.706+0200] {processor.py:157} INFO - Started process (PID=620535) to work on /home/frederic/airflow_venv/lib/python3.10/site-packages/airflow/example_dags/example_external_task_marker_dag.py
[2026-05-29T01:53:28.708+0200] {processor.py:829} INFO - Processing file /home/frederic/airflow_venv/lib/python3.10/site-packages/airflow/example_dags/example_external_task_marker_dag.py for tasks to queue
[2026-05-29T01:53:28.709+0200] {logging_mixin.py:151} INFO - [2026-05-29T01:53:28.708+0200] {dagbag.py:539} INFO - Filling up the DagBag from /home/frederic/airflow_venv/lib/python3.10/site-packages/airflow/example_dags/example_external_task_marker_dag.py
[2026-05-29T01:53:28.714+0200] {processor.py:839} INFO - DAG(s) dict_keys(['example_external_task_marker_parent', 'example_external_task_marker_child']) retrieved from /home/frederic/airflow_venv/lib/python3.10/site-packages/airflow/example_dags/example_external_task_marker_dag.py
[2026-05-29T01:53:28.731+0200] {logging_mixin.py:151} INFO - [2026-05-29T01:53:28.731+0200] {dag.py:2915} INFO - Sync 2 DAGs
[2026-05-29T01:53:28.744+0200] {logging_mixin.py:151} INFO - [2026-05-29T01:53:28.744+0200] {dag.py:3696} INFO - Setting next_dagrun for example_external_task_marker_child to None, run_after=None
[2026-05-29T01:53:28.748+0200] {logging_mixin.py:151} INFO - [2026-05-29T01:53:28.748+0200] {dag.py:3696} INFO - Setting next_dagrun for example_external_task_marker_parent to None, run_after=None
[2026-05-29T01:53:28.769+0200] {processor.py:179} INFO - Processing /home/frederic/airflow_venv/lib/python3.10/site-packages/airflow/example_dags/example_external_task_marker_dag.py took 0.066 seconds
[2026-05-29T01:54:14.415+0200] {processor.py:157} INFO - Started process (PID=621634) to work on /home/frederic/airflow_venv/lib/python3.10/site-packages/airflow/example_dags/example_external_task_marker_dag.py
[2026-05-29T01:54:14.419+0200] {processor.py:829} INFO - Processing file /home/frederic/airflow_venv/lib/python3.10/site-packages/airflow/example_dags/example_external_task_marker_dag.py for tasks to queue
[2026-05-29T01:54:14.419+0200] {logging_mixin.py:151} INFO - [2026-05-29T01:54:14.419+0200] {dagbag.py:539} INFO - Filling up the DagBag from /home/frederic/airflow_venv/lib/python3.10/site-packages/airflow/example_dags/example_external_task_marker_dag.py
[2026-05-29T01:54:14.424+0200] {processor.py:839} INFO - DAG(s) dict_keys(['example_external_task_marker_parent', 'example_external_task_marker_child']) retrieved from /home/frederic/airflow_venv/lib/python3.10/site-packages/airflow/example_dags/example_external_task_marker_dag.py
[2026-05-29T01:54:14.440+0200] {logging_mixin.py:151} INFO - [2026-05-29T01:54:14.440+0200] {dag.py:2915} INFO - Sync 2 DAGs
[2026-05-29T01:54:14.449+0200] {logging_mixin.py:151} INFO - [2026-05-29T01:54:14.449+0200] {dag.py:3696} INFO - Setting next_dagrun for example_external_task_marker_child to None, run_after=None
[2026-05-29T01:54:14.451+0200] {logging_mixin.py:151} INFO - [2026-05-29T01:54:14.451+0200] {dag.py:3696} INFO - Setting next_dagrun for example_external_task_marker_parent to None, run_after=None
[2026-05-29T01:54:14.464+0200] {processor.py:179} INFO - Processing /home/frederic/airflow_venv/lib/python3.10/site-packages/airflow/example_dags/example_external_task_marker_dag.py took 0.052 seconds
[2026-05-29T01:54:59.073+0200] {processor.py:157} INFO - Started process (PID=623486) to work on /home/frederic/airflow_venv/lib/python3.10/site-packages/airflow/example_dags/example_external_task_marker_dag.py
[2026-05-29T01:54:59.077+0200] {processor.py:829} INFO - Processing file /home/frederic/airflow_venv/lib/python3.10/site-packages/airflow/example_dags/example_external_task_marker_dag.py for tasks to queue
[2026-05-29T01:54:59.078+0200] {logging_mixin.py:151} INFO - [2026-05-29T01:54:59.077+0200] {dagbag.py:539} INFO - Filling up the DagBag from /home/frederic/airflow_venv/lib/python3.10/site-packages/airflow/example_dags/example_external_task_marker_dag.py
[2026-05-29T01:54:59.083+0200] {processor.py:839} INFO - DAG(s) dict_keys(['example_external_task_marker_child', 'example_external_task_marker_parent']) retrieved from /home/frederic/airflow_venv/lib/python3.10/site-packages/airflow/example_dags/example_external_task_marker_dag.py
[2026-05-29T01:54:59.103+0200] {logging_mixin.py:151} INFO - [2026-05-29T01:54:59.103+0200] {dag.py:2915} INFO - Sync 2 DAGs
[2026-05-29T01:54:59.118+0200] {logging_mixin.py:151} INFO - [2026-05-29T01:54:59.117+0200] {dag.py:3696} INFO - Setting next_dagrun for example_external_task_marker_child to None, run_after=None
[2026-05-29T01:54:59.122+0200] {logging_mixin.py:151} INFO - [2026-05-29T01:54:59.122+0200] {dag.py:3696} INFO - Setting next_dagrun for example_external_task_marker_parent to None, run_after=None
[2026-05-29T01:54:59.141+0200] {processor.py:179} INFO - Processing /home/frederic/airflow_venv/lib/python3.10/site-packages/airflow/example_dags/example_external_task_marker_dag.py took 0.070 seconds
[2026-05-29T01:55:46.489+0200] {processor.py:157} INFO - Started process (PID=624903) to work on /home/frederic/airflow_venv/lib/python3.10/site-packages/airflow/example_dags/example_external_task_marker_dag.py
[2026-05-29T01:55:46.490+0200] {processor.py:829} INFO - Processing file /home/frederic/airflow_venv/lib/python3.10/site-packages/airflow/example_dags/example_external_task_marker_dag.py for tasks to queue
[2026-05-29T01:55:46.491+0200] {logging_mixin.py:151} INFO - [2026-05-29T01:55:46.491+0200] {dagbag.py:539} INFO - Filling up the DagBag from /home/frederic/airflow_venv/lib/python3.10/site-packages/airflow/example_dags/example_external_task_marker_dag.py
[2026-05-29T01:55:46.496+0200] {processor.py:839} INFO - DAG(s) dict_keys(['example_external_task_marker_child', 'example_external_task_marker_parent']) retrieved from /home/frederic/airflow_venv/lib/python3.10/site-packages/airflow/example_dags/example_external_task_marker_dag.py
[2026-05-29T01:55:46.513+0200] {logging_mixin.py:151} INFO - [2026-05-29T01:55:46.513+0200] {dag.py:2915} INFO - Sync 2 DAGs
[2026-05-29T01:55:46.523+0200] {logging_mixin.py:151} INFO - [2026-05-29T01:55:46.523+0200] {dag.py:3696} INFO - Setting next_dagrun for example_external_task_marker_child to None, run_after=None
[2026-05-29T01:55:46.525+0200] {logging_mixin.py:151} INFO - [2026-05-29T01:55:46.525+0200] {dag.py:3696} INFO - Setting next_dagrun for example_external_task_marker_parent to None, run_after=None
[2026-05-29T01:55:46.540+0200] {processor.py:179} INFO - Processing /home/frederic/airflow_venv/lib/python3.10/site-packages/airflow/example_dags/example_external_task_marker_dag.py took 0.053 seconds
[2026-05-29T01:55:51.845+0200] {processor.py:157} INFO - Started process (PID=625023) to work on /home/frederic/airflow_venv/lib/python3.10/site-packages/airflow/example_dags/example_external_task_marker_dag.py
[2026-05-29T01:55:51.846+0200] {processor.py:829} INFO - Processing file /home/frederic/airflow_venv/lib/python3.10/site-packages/airflow/example_dags/example_external_task_marker_dag.py for tasks to queue
[2026-05-29T01:55:51.847+0200] {logging_mixin.py:151} INFO - [2026-05-29T01:55:51.847+0200] {dagbag.py:539} INFO - Filling up the DagBag from /home/frederic/airflow_venv/lib/python3.10/site-packages/airflow/example_dags/example_external_task_marker_dag.py
[2026-05-29T01:55:51.854+0200] {processor.py:839} INFO - DAG(s) dict_keys(['example_external_task_marker_child', 'example_external_task_marker_parent']) retrieved from /home/frederic/airflow_venv/lib/python3.10/site-packages/airflow/example_dags/example_external_task_marker_dag.py
[2026-05-29T01:55:51.878+0200] {logging_mixin.py:151} INFO - [2026-05-29T01:55:51.878+0200] {dag.py:2915} INFO - Sync 2 DAGs
[2026-05-29T01:55:51.891+0200] {logging_mixin.py:151} INFO - [2026-05-29T01:55:51.891+0200] {dag.py:3696} INFO - Setting next_dagrun for example_external_task_marker_child to None, run_after=None
[2026-05-29T01:55:51.896+0200] {logging_mixin.py:151} INFO - [2026-05-29T01:55:51.896+0200] {dag.py:3696} INFO - Setting next_dagrun for example_external_task_marker_parent to None, run_after=None
[2026-05-29T01:55:51.918+0200] {processor.py:179} INFO - Processing /home/frederic/airflow_venv/lib/python3.10/site-packages/airflow/example_dags/example_external_task_marker_dag.py took 0.076 seconds
[2026-05-29T01:56:44.518+0200] {processor.py:157} INFO - Started process (PID=626770) to work on /home/frederic/airflow_venv/lib/python3.10/site-packages/airflow/example_dags/example_external_task_marker_dag.py
[2026-05-29T01:56:44.520+0200] {processor.py:829} INFO - Processing file /home/frederic/airflow_venv/lib/python3.10/site-packages/airflow/example_dags/example_external_task_marker_dag.py for tasks to queue
[2026-05-29T01:56:44.520+0200] {logging_mixin.py:151} INFO - [2026-05-29T01:56:44.520+0200] {dagbag.py:539} INFO - Filling up the DagBag from /home/frederic/airflow_venv/lib/python3.10/site-packages/airflow/example_dags/example_external_task_marker_dag.py
[2026-05-29T01:56:44.526+0200] {processor.py:839} INFO - DAG(s) dict_keys(['example_external_task_marker_child', 'example_external_task_marker_parent']) retrieved from /home/frederic/airflow_venv/lib/python3.10/site-packages/airflow/example_dags/example_external_task_marker_dag.py
[2026-05-29T01:56:44.548+0200] {logging_mixin.py:151} INFO - [2026-05-29T01:56:44.547+0200] {dag.py:2915} INFO - Sync 2 DAGs
[2026-05-29T01:56:44.561+0200] {logging_mixin.py:151} INFO - [2026-05-29T01:56:44.561+0200] {dag.py:3696} INFO - Setting next_dagrun for example_external_task_marker_child to None, run_after=None
[2026-05-29T01:56:44.565+0200] {logging_mixin.py:151} INFO - [2026-05-29T01:56:44.564+0200] {dag.py:3696} INFO - Setting next_dagrun for example_external_task_marker_parent to None, run_after=None
[2026-05-29T01:56:44.584+0200] {processor.py:179} INFO - Processing /home/frederic/airflow_venv/lib/python3.10/site-packages/airflow/example_dags/example_external_task_marker_dag.py took 0.070 seconds
[2026-05-29T01:56:49.826+0200] {processor.py:157} INFO - Started process (PID=626911) to work on /home/frederic/airflow_venv/lib/python3.10/site-packages/airflow/example_dags/example_external_task_marker_dag.py
[2026-05-29T01:56:49.827+0200] {processor.py:829} INFO - Processing file /home/frederic/airflow_venv/lib/python3.10/site-packages/airflow/example_dags/example_external_task_marker_dag.py for tasks to queue
[2026-05-29T01:56:49.827+0200] {logging_mixin.py:151} INFO - [2026-05-29T01:56:49.827+0200] {dagbag.py:539} INFO - Filling up the DagBag from /home/frederic/airflow_venv/lib/python3.10/site-packages/airflow/example_dags/example_external_task_marker_dag.py
[2026-05-29T01:56:49.834+0200] {processor.py:839} INFO - DAG(s) dict_keys(['example_external_task_marker_parent', 'example_external_task_marker_child']) retrieved from /home/frederic/airflow_venv/lib/python3.10/site-packages/airflow/example_dags/example_external_task_marker_dag.py
[2026-05-29T01:56:49.854+0200] {logging_mixin.py:151} INFO - [2026-05-29T01:56:49.854+0200] {dag.py:2915} INFO - Sync 2 DAGs
[2026-05-29T01:56:49.874+0200] {logging_mixin.py:151} INFO - [2026-05-29T01:56:49.873+0200] {dag.py:3696} INFO - Setting next_dagrun for example_external_task_marker_child to None, run_after=None
[2026-05-29T01:56:49.880+0200] {logging_mixin.py:151} INFO - [2026-05-29T01:56:49.879+0200] {dag.py:3696} INFO - Setting next_dagrun for example_external_task_marker_parent to None, run_after=None
[2026-05-29T01:56:49.908+0200] {processor.py:179} INFO - Processing /home/frederic/airflow_venv/lib/python3.10/site-packages/airflow/example_dags/example_external_task_marker_dag.py took 0.085 seconds
[2026-05-29T01:57:33.189+0200] {processor.py:157} INFO - Started process (PID=628192) to work on /home/frederic/airflow_venv/lib/python3.10/site-packages/airflow/example_dags/example_external_task_marker_dag.py
[2026-05-29T01:57:33.191+0200] {processor.py:829} INFO - Processing file /home/frederic/airflow_venv/lib/python3.10/site-packages/airflow/example_dags/example_external_task_marker_dag.py for tasks to queue
[2026-05-29T01:57:33.192+0200] {logging_mixin.py:151} INFO - [2026-05-29T01:57:33.192+0200] {dagbag.py:539} INFO - Filling up the DagBag from /home/frederic/airflow_venv/lib/python3.10/site-packages/airflow/example_dags/example_external_task_marker_dag.py
[2026-05-29T01:57:33.197+0200] {processor.py:839} INFO - DAG(s) dict_keys(['example_external_task_marker_child', 'example_external_task_marker_parent']) retrieved from /home/frederic/airflow_venv/lib/python3.10/site-packages/airflow/example_dags/example_external_task_marker_dag.py
[2026-05-29T01:57:33.214+0200] {logging_mixin.py:151} INFO - [2026-05-29T01:57:33.214+0200] {dag.py:2915} INFO - Sync 2 DAGs
[2026-05-29T01:57:33.226+0200] {logging_mixin.py:151} INFO - [2026-05-29T01:57:33.226+0200] {dag.py:3696} INFO - Setting next_dagrun for example_external_task_marker_child to None, run_after=None
[2026-05-29T01:57:33.229+0200] {logging_mixin.py:151} INFO - [2026-05-29T01:57:33.229+0200] {dag.py:3696} INFO - Setting next_dagrun for example_external_task_marker_parent to None, run_after=None
[2026-05-29T01:57:33.246+0200] {processor.py:179} INFO - Processing /home/frederic/airflow_venv/lib/python3.10/site-packages/airflow/example_dags/example_external_task_marker_dag.py took 0.059 seconds
[2026-05-29T01:57:36.777+0200] {processor.py:157} INFO - Started process (PID=628350) to work on /home/frederic/airflow_venv/lib/python3.10/site-packages/airflow/example_dags/example_external_task_marker_dag.py
[2026-05-29T01:57:36.778+0200] {processor.py:829} INFO - Processing file /home/frederic/airflow_venv/lib/python3.10/site-packages/airflow/example_dags/example_external_task_marker_dag.py for tasks to queue
[2026-05-29T01:57:36.779+0200] {logging_mixin.py:151} INFO - [2026-05-29T01:57:36.779+0200] {dagbag.py:539} INFO - Filling up the DagBag from /home/frederic/airflow_venv/lib/python3.10/site-packages/airflow/example_dags/example_external_task_marker_dag.py
[2026-05-29T01:57:36.790+0200] {processor.py:839} INFO - DAG(s) dict_keys(['example_external_task_marker_parent', 'example_external_task_marker_child']) retrieved from /home/frederic/airflow_venv/lib/python3.10/site-packages/airflow/example_dags/example_external_task_marker_dag.py
[2026-05-29T01:57:36.811+0200] {logging_mixin.py:151} INFO - [2026-05-29T01:57:36.811+0200] {dag.py:2915} INFO - Sync 2 DAGs
[2026-05-29T01:57:36.826+0200] {logging_mixin.py:151} INFO - [2026-05-29T01:57:36.825+0200] {dag.py:3696} INFO - Setting next_dagrun for example_external_task_marker_child to None, run_after=None
[2026-05-29T01:57:36.831+0200] {logging_mixin.py:151} INFO - [2026-05-29T01:57:36.831+0200] {dag.py:3696} INFO - Setting next_dagrun for example_external_task_marker_parent to None, run_after=None
[2026-05-29T01:57:36.858+0200] {processor.py:179} INFO - Processing /home/frederic/airflow_venv/lib/python3.10/site-packages/airflow/example_dags/example_external_task_marker_dag.py took 0.085 seconds
[2026-05-29T01:58:23.552+0200] {processor.py:157} INFO - Started process (PID=630175) to work on /home/frederic/airflow_venv/lib/python3.10/site-packages/airflow/example_dags/example_external_task_marker_dag.py
[2026-05-29T01:58:23.553+0200] {processor.py:829} INFO - Processing file /home/frederic/airflow_venv/lib/python3.10/site-packages/airflow/example_dags/example_external_task_marker_dag.py for tasks to queue
[2026-05-29T01:58:23.554+0200] {logging_mixin.py:151} INFO - [2026-05-29T01:58:23.554+0200] {dagbag.py:539} INFO - Filling up the DagBag from /home/frederic/airflow_venv/lib/python3.10/site-packages/airflow/example_dags/example_external_task_marker_dag.py
[2026-05-29T01:58:23.560+0200] {processor.py:839} INFO - DAG(s) dict_keys(['example_external_task_marker_child', 'example_external_task_marker_parent']) retrieved from /home/frederic/airflow_venv/lib/python3.10/site-packages/airflow/example_dags/example_external_task_marker_dag.py
[2026-05-29T01:58:23.580+0200] {logging_mixin.py:151} INFO - [2026-05-29T01:58:23.580+0200] {dag.py:2915} INFO - Sync 2 DAGs
[2026-05-29T01:58:23.591+0200] {logging_mixin.py:151} INFO - [2026-05-29T01:58:23.591+0200] {dag.py:3696} INFO - Setting next_dagrun for example_external_task_marker_child to None, run_after=None
[2026-05-29T01:58:23.595+0200] {logging_mixin.py:151} INFO - [2026-05-29T01:58:23.594+0200] {dag.py:3696} INFO - Setting next_dagrun for example_external_task_marker_parent to None, run_after=None
[2026-05-29T01:58:23.615+0200] {processor.py:179} INFO - Processing /home/frederic/airflow_venv/lib/python3.10/site-packages/airflow/example_dags/example_external_task_marker_dag.py took 0.065 seconds
[2026-05-29T01:58:27.841+0200] {processor.py:157} INFO - Started process (PID=630347) to work on /home/frederic/airflow_venv/lib/python3.10/site-packages/airflow/example_dags/example_external_task_marker_dag.py
[2026-05-29T01:58:27.842+0200] {processor.py:829} INFO - Processing file /home/frederic/airflow_venv/lib/python3.10/site-packages/airflow/example_dags/example_external_task_marker_dag.py for tasks to queue
[2026-05-29T01:58:27.842+0200] {logging_mixin.py:151} INFO - [2026-05-29T01:58:27.842+0200] {dagbag.py:539} INFO - Filling up the DagBag from /home/frederic/airflow_venv/lib/python3.10/site-packages/airflow/example_dags/example_external_task_marker_dag.py
[2026-05-29T01:58:27.848+0200] {processor.py:839} INFO - DAG(s) dict_keys(['example_external_task_marker_child', 'example_external_task_marker_parent']) retrieved from /home/frederic/airflow_venv/lib/python3.10/site-packages/airflow/example_dags/example_external_task_marker_dag.py
[2026-05-29T01:58:27.868+0200] {logging_mixin.py:151} INFO - [2026-05-29T01:58:27.868+0200] {dag.py:2915} INFO - Sync 2 DAGs
[2026-05-29T01:58:27.882+0200] {logging_mixin.py:151} INFO - [2026-05-29T01:58:27.882+0200] {dag.py:3696} INFO - Setting next_dagrun for example_external_task_marker_child to None, run_after=None
[2026-05-29T01:58:27.886+0200] {logging_mixin.py:151} INFO - [2026-05-29T01:58:27.886+0200] {dag.py:3696} INFO - Setting next_dagrun for example_external_task_marker_parent to None, run_after=None
[2026-05-29T01:58:27.907+0200] {processor.py:179} INFO - Processing /home/frederic/airflow_venv/lib/python3.10/site-packages/airflow/example_dags/example_external_task_marker_dag.py took 0.069 seconds
[2026-05-29T01:59:15.816+0200] {processor.py:157} INFO - Started process (PID=631898) to work on /home/frederic/airflow_venv/lib/python3.10/site-packages/airflow/example_dags/example_external_task_marker_dag.py
[2026-05-29T01:59:15.817+0200] {processor.py:829} INFO - Processing file /home/frederic/airflow_venv/lib/python3.10/site-packages/airflow/example_dags/example_external_task_marker_dag.py for tasks to queue
[2026-05-29T01:59:15.818+0200] {logging_mixin.py:151} INFO - [2026-05-29T01:59:15.818+0200] {dagbag.py:539} INFO - Filling up the DagBag from /home/frederic/airflow_venv/lib/python3.10/site-packages/airflow/example_dags/example_external_task_marker_dag.py
[2026-05-29T01:59:15.823+0200] {processor.py:839} INFO - DAG(s) dict_keys(['example_external_task_marker_parent', 'example_external_task_marker_child']) retrieved from /home/frederic/airflow_venv/lib/python3.10/site-packages/airflow/example_dags/example_external_task_marker_dag.py
[2026-05-29T01:59:15.839+0200] {logging_mixin.py:151} INFO - [2026-05-29T01:59:15.838+0200] {dag.py:2915} INFO - Sync 2 DAGs
[2026-05-29T01:59:15.848+0200] {logging_mixin.py:151} INFO - [2026-05-29T01:59:15.847+0200] {dag.py:3696} INFO - Setting next_dagrun for example_external_task_marker_child to None, run_after=None
[2026-05-29T01:59:15.850+0200] {logging_mixin.py:151} INFO - [2026-05-29T01:59:15.850+0200] {dag.py:3696} INFO - Setting next_dagrun for example_external_task_marker_parent to None, run_after=None
[2026-05-29T01:59:15.864+0200] {processor.py:179} INFO - Processing /home/frederic/airflow_venv/lib/python3.10/site-packages/airflow/example_dags/example_external_task_marker_dag.py took 0.049 seconds
[2026-05-29T01:59:17.471+0200] {processor.py:157} INFO - Started process (PID=631951) to work on /home/frederic/airflow_venv/lib/python3.10/site-packages/airflow/example_dags/example_external_task_marker_dag.py
[2026-05-29T01:59:17.472+0200] {processor.py:829} INFO - Processing file /home/frederic/airflow_venv/lib/python3.10/site-packages/airflow/example_dags/example_external_task_marker_dag.py for tasks to queue
[2026-05-29T01:59:17.473+0200] {logging_mixin.py:151} INFO - [2026-05-29T01:59:17.472+0200] {dagbag.py:539} INFO - Filling up the DagBag from /home/frederic/airflow_venv/lib/python3.10/site-packages/airflow/example_dags/example_external_task_marker_dag.py
[2026-05-29T01:59:17.478+0200] {processor.py:839} INFO - DAG(s) dict_keys(['example_external_task_marker_child', 'example_external_task_marker_parent']) retrieved from /home/frederic/airflow_venv/lib/python3.10/site-packages/airflow/example_dags/example_external_task_marker_dag.py
[2026-05-29T01:59:17.497+0200] {logging_mixin.py:151} INFO - [2026-05-29T01:59:17.497+0200] {dag.py:2915} INFO - Sync 2 DAGs
[2026-05-29T01:59:17.511+0200] {logging_mixin.py:151} INFO - [2026-05-29T01:59:17.511+0200] {dag.py:3696} INFO - Setting next_dagrun for example_external_task_marker_child to None, run_after=None
[2026-05-29T01:59:17.514+0200] {logging_mixin.py:151} INFO - [2026-05-29T01:59:17.514+0200] {dag.py:3696} INFO - Setting next_dagrun for example_external_task_marker_parent to None, run_after=None
[2026-05-29T01:59:17.530+0200] {processor.py:179} INFO - Processing /home/frederic/airflow_venv/lib/python3.10/site-packages/airflow/example_dags/example_external_task_marker_dag.py took 0.062 seconds
