[2026-05-29T01:37:21.022+0200] {processor.py:157} INFO - Started process (PID=594747) to work on /home/frederic/airflow_venv/lib/python3.10/site-packages/airflow/example_dags/example_branch_datetime_operator.py
[2026-05-29T01:37:21.022+0200] {processor.py:829} INFO - Processing file /home/frederic/airflow_venv/lib/python3.10/site-packages/airflow/example_dags/example_branch_datetime_operator.py for tasks to queue
[2026-05-29T01:37:21.023+0200] {logging_mixin.py:151} INFO - [2026-05-29T01:37:21.023+0200] {dagbag.py:539} INFO - Filling up the DagBag from /home/frederic/airflow_venv/lib/python3.10/site-packages/airflow/example_dags/example_branch_datetime_operator.py
[2026-05-29T01:37:21.032+0200] {processor.py:839} INFO - DAG(s) dict_keys(['example_branch_datetime_operator', 'example_branch_datetime_operator_3', 'example_branch_datetime_operator_2']) retrieved from /home/frederic/airflow_venv/lib/python3.10/site-packages/airflow/example_dags/example_branch_datetime_operator.py
[2026-05-29T01:37:21.108+0200] {logging_mixin.py:151} INFO - [2026-05-29T01:37:21.108+0200] {manager.py:499} INFO - Created Permission View: %s
[2026-05-29T01:37:21.116+0200] {logging_mixin.py:151} INFO - [2026-05-29T01:37:21.116+0200] {manager.py:499} INFO - Created Permission View: %s
[2026-05-29T01:37:21.121+0200] {logging_mixin.py:151} INFO - [2026-05-29T01:37:21.121+0200] {manager.py:499} INFO - Created Permission View: %s
[2026-05-29T01:37:21.122+0200] {logging_mixin.py:151} INFO - [2026-05-29T01:37:21.122+0200] {security.py:708} INFO - Not syncing DAG-level permissions for DAG 'DAG:example_branch_datetime_operator' as access control is unset.
[2026-05-29T01:37:21.134+0200] {logging_mixin.py:151} INFO - [2026-05-29T01:37:21.133+0200] {manager.py:499} INFO - Created Permission View: %s
[2026-05-29T01:37:21.140+0200] {logging_mixin.py:151} INFO - [2026-05-29T01:37:21.140+0200] {manager.py:499} INFO - Created Permission View: %s
[2026-05-29T01:37:21.147+0200] {logging_mixin.py:151} INFO - [2026-05-29T01:37:21.146+0200] {manager.py:499} INFO - Created Permission View: %s
[2026-05-29T01:37:21.147+0200] {logging_mixin.py:151} INFO - [2026-05-29T01:37:21.147+0200] {security.py:708} INFO - Not syncing DAG-level permissions for DAG 'DAG:example_branch_datetime_operator_3' as access control is unset.
[2026-05-29T01:37:21.160+0200] {logging_mixin.py:151} INFO - [2026-05-29T01:37:21.159+0200] {manager.py:499} INFO - Created Permission View: %s
[2026-05-29T01:37:21.165+0200] {logging_mixin.py:151} INFO - [2026-05-29T01:37:21.165+0200] {manager.py:499} INFO - Created Permission View: %s
[2026-05-29T01:37:21.171+0200] {logging_mixin.py:151} INFO - [2026-05-29T01:37:21.171+0200] {manager.py:499} INFO - Created Permission View: %s
[2026-05-29T01:37:21.172+0200] {logging_mixin.py:151} INFO - [2026-05-29T01:37:21.171+0200] {security.py:708} INFO - Not syncing DAG-level permissions for DAG 'DAG:example_branch_datetime_operator_2' as access control is unset.
[2026-05-29T01:37:21.172+0200] {logging_mixin.py:151} INFO - [2026-05-29T01:37:21.172+0200] {dag.py:2915} INFO - Sync 3 DAGs
[2026-05-29T01:37:21.183+0200] {logging_mixin.py:151} INFO - [2026-05-29T01:37:21.183+0200] {dag.py:2937} INFO - Creating ORM DAG for example_branch_datetime_operator
[2026-05-29T01:37:21.183+0200] {logging_mixin.py:151} INFO - [2026-05-29T01:37:21.183+0200] {dag.py:2937} INFO - Creating ORM DAG for example_branch_datetime_operator_3
[2026-05-29T01:37:21.184+0200] {logging_mixin.py:151} INFO - [2026-05-29T01:37:21.184+0200] {dag.py:2937} INFO - Creating ORM DAG for example_branch_datetime_operator_2
[2026-05-29T01:37:21.193+0200] {logging_mixin.py:151} INFO - [2026-05-29T01:37:21.193+0200] {dag.py:3696} INFO - Setting next_dagrun for example_branch_datetime_operator to 2026-05-27T00:00:00+00:00, run_after=2026-05-28T00:00:00+00:00
[2026-05-29T01:37:21.196+0200] {logging_mixin.py:151} INFO - [2026-05-29T01:37:21.196+0200] {dag.py:3696} INFO - Setting next_dagrun for example_branch_datetime_operator_2 to 2026-05-27T00:00:00+00:00, run_after=2026-05-28T00:00:00+00:00
[2026-05-29T01:37:21.198+0200] {logging_mixin.py:151} INFO - [2026-05-29T01:37:21.198+0200] {dag.py:3696} INFO - Setting next_dagrun for example_branch_datetime_operator_3 to 2026-05-27T00:00:00+00:00, run_after=2026-05-28T00:00:00+00:00
[2026-05-29T01:37:21.215+0200] {processor.py:179} INFO - Processing /home/frederic/airflow_venv/lib/python3.10/site-packages/airflow/example_dags/example_branch_datetime_operator.py took 0.196 seconds
[2026-05-29T01:38:04.929+0200] {processor.py:157} INFO - Started process (PID=595447) to work on /home/frederic/airflow_venv/lib/python3.10/site-packages/airflow/example_dags/example_branch_datetime_operator.py
[2026-05-29T01:38:04.930+0200] {processor.py:829} INFO - Processing file /home/frederic/airflow_venv/lib/python3.10/site-packages/airflow/example_dags/example_branch_datetime_operator.py for tasks to queue
[2026-05-29T01:38:04.931+0200] {logging_mixin.py:151} INFO - [2026-05-29T01:38:04.931+0200] {dagbag.py:539} INFO - Filling up the DagBag from /home/frederic/airflow_venv/lib/python3.10/site-packages/airflow/example_dags/example_branch_datetime_operator.py
[2026-05-29T01:38:04.940+0200] {processor.py:839} INFO - DAG(s) dict_keys(['example_branch_datetime_operator_2', 'example_branch_datetime_operator', 'example_branch_datetime_operator_3']) retrieved from /home/frederic/airflow_venv/lib/python3.10/site-packages/airflow/example_dags/example_branch_datetime_operator.py
[2026-05-29T01:38:04.958+0200] {logging_mixin.py:151} INFO - [2026-05-29T01:38:04.958+0200] {dag.py:2915} INFO - Sync 3 DAGs
[2026-05-29T01:38:04.976+0200] {logging_mixin.py:151} INFO - [2026-05-29T01:38:04.976+0200] {dag.py:3696} INFO - Setting next_dagrun for example_branch_datetime_operator to 2026-05-27T00:00:00+00:00, run_after=2026-05-28T00:00:00+00:00
[2026-05-29T01:38:04.980+0200] {logging_mixin.py:151} INFO - [2026-05-29T01:38:04.979+0200] {dag.py:3696} INFO - Setting next_dagrun for example_branch_datetime_operator_2 to 2026-05-27T00:00:00+00:00, run_after=2026-05-28T00:00:00+00:00
[2026-05-29T01:38:04.982+0200] {logging_mixin.py:151} INFO - [2026-05-29T01:38:04.981+0200] {dag.py:3696} INFO - Setting next_dagrun for example_branch_datetime_operator_3 to 2026-05-27T00:00:00+00:00, run_after=2026-05-28T00:00:00+00:00
[2026-05-29T01:38:04.994+0200] {processor.py:179} INFO - Processing /home/frederic/airflow_venv/lib/python3.10/site-packages/airflow/example_dags/example_branch_datetime_operator.py took 0.067 seconds
[2026-05-29T01:38:50.207+0200] {processor.py:157} INFO - Started process (PID=596559) to work on /home/frederic/airflow_venv/lib/python3.10/site-packages/airflow/example_dags/example_branch_datetime_operator.py
[2026-05-29T01:38:50.208+0200] {processor.py:829} INFO - Processing file /home/frederic/airflow_venv/lib/python3.10/site-packages/airflow/example_dags/example_branch_datetime_operator.py for tasks to queue
[2026-05-29T01:38:50.209+0200] {logging_mixin.py:151} INFO - [2026-05-29T01:38:50.209+0200] {dagbag.py:539} INFO - Filling up the DagBag from /home/frederic/airflow_venv/lib/python3.10/site-packages/airflow/example_dags/example_branch_datetime_operator.py
[2026-05-29T01:38:50.217+0200] {processor.py:839} INFO - DAG(s) dict_keys(['example_branch_datetime_operator_2', 'example_branch_datetime_operator_3', 'example_branch_datetime_operator']) retrieved from /home/frederic/airflow_venv/lib/python3.10/site-packages/airflow/example_dags/example_branch_datetime_operator.py
[2026-05-29T01:38:50.234+0200] {logging_mixin.py:151} INFO - [2026-05-29T01:38:50.234+0200] {dag.py:2915} INFO - Sync 3 DAGs
[2026-05-29T01:38:50.252+0200] {logging_mixin.py:151} INFO - [2026-05-29T01:38:50.252+0200] {dag.py:3696} INFO - Setting next_dagrun for example_branch_datetime_operator to 2026-05-27T00:00:00+00:00, run_after=2026-05-28T00:00:00+00:00
[2026-05-29T01:38:50.258+0200] {logging_mixin.py:151} INFO - [2026-05-29T01:38:50.257+0200] {dag.py:3696} INFO - Setting next_dagrun for example_branch_datetime_operator_2 to 2026-05-27T00:00:00+00:00, run_after=2026-05-28T00:00:00+00:00
[2026-05-29T01:38:50.262+0200] {logging_mixin.py:151} INFO - [2026-05-29T01:38:50.262+0200] {dag.py:3696} INFO - Setting next_dagrun for example_branch_datetime_operator_3 to 2026-05-27T00:00:00+00:00, run_after=2026-05-28T00:00:00+00:00
[2026-05-29T01:38:50.279+0200] {processor.py:179} INFO - Processing /home/frederic/airflow_venv/lib/python3.10/site-packages/airflow/example_dags/example_branch_datetime_operator.py took 0.074 seconds
[2026-05-29T01:39:36.981+0200] {processor.py:157} INFO - Started process (PID=597621) to work on /home/frederic/airflow_venv/lib/python3.10/site-packages/airflow/example_dags/example_branch_datetime_operator.py
[2026-05-29T01:39:36.985+0200] {processor.py:829} INFO - Processing file /home/frederic/airflow_venv/lib/python3.10/site-packages/airflow/example_dags/example_branch_datetime_operator.py for tasks to queue
[2026-05-29T01:39:36.986+0200] {logging_mixin.py:151} INFO - [2026-05-29T01:39:36.985+0200] {dagbag.py:539} INFO - Filling up the DagBag from /home/frederic/airflow_venv/lib/python3.10/site-packages/airflow/example_dags/example_branch_datetime_operator.py
[2026-05-29T01:39:36.996+0200] {processor.py:839} INFO - DAG(s) dict_keys(['example_branch_datetime_operator_3', 'example_branch_datetime_operator', 'example_branch_datetime_operator_2']) retrieved from /home/frederic/airflow_venv/lib/python3.10/site-packages/airflow/example_dags/example_branch_datetime_operator.py
[2026-05-29T01:39:37.018+0200] {logging_mixin.py:151} INFO - [2026-05-29T01:39:37.017+0200] {dag.py:2915} INFO - Sync 3 DAGs
[2026-05-29T01:39:37.048+0200] {logging_mixin.py:151} INFO - [2026-05-29T01:39:37.048+0200] {dag.py:3696} INFO - Setting next_dagrun for example_branch_datetime_operator to 2026-05-27T00:00:00+00:00, run_after=2026-05-28T00:00:00+00:00
[2026-05-29T01:39:37.057+0200] {logging_mixin.py:151} INFO - [2026-05-29T01:39:37.057+0200] {dag.py:3696} INFO - Setting next_dagrun for example_branch_datetime_operator_2 to 2026-05-27T00:00:00+00:00, run_after=2026-05-28T00:00:00+00:00
[2026-05-29T01:39:37.060+0200] {logging_mixin.py:151} INFO - [2026-05-29T01:39:37.060+0200] {dag.py:3696} INFO - Setting next_dagrun for example_branch_datetime_operator_3 to 2026-05-27T00:00:00+00:00, run_after=2026-05-28T00:00:00+00:00
[2026-05-29T01:39:37.076+0200] {processor.py:179} INFO - Processing /home/frederic/airflow_venv/lib/python3.10/site-packages/airflow/example_dags/example_branch_datetime_operator.py took 0.099 seconds
[2026-05-29T01:40:26.571+0200] {processor.py:157} INFO - Started process (PID=598890) to work on /home/frederic/airflow_venv/lib/python3.10/site-packages/airflow/example_dags/example_branch_datetime_operator.py
[2026-05-29T01:40:26.572+0200] {processor.py:829} INFO - Processing file /home/frederic/airflow_venv/lib/python3.10/site-packages/airflow/example_dags/example_branch_datetime_operator.py for tasks to queue
[2026-05-29T01:40:26.572+0200] {logging_mixin.py:151} INFO - [2026-05-29T01:40:26.572+0200] {dagbag.py:539} INFO - Filling up the DagBag from /home/frederic/airflow_venv/lib/python3.10/site-packages/airflow/example_dags/example_branch_datetime_operator.py
[2026-05-29T01:40:26.583+0200] {processor.py:839} INFO - DAG(s) dict_keys(['example_branch_datetime_operator_2', 'example_branch_datetime_operator_3', 'example_branch_datetime_operator']) retrieved from /home/frederic/airflow_venv/lib/python3.10/site-packages/airflow/example_dags/example_branch_datetime_operator.py
[2026-05-29T01:40:26.602+0200] {logging_mixin.py:151} INFO - [2026-05-29T01:40:26.601+0200] {dag.py:2915} INFO - Sync 3 DAGs
[2026-05-29T01:40:26.625+0200] {logging_mixin.py:151} INFO - [2026-05-29T01:40:26.625+0200] {dag.py:3696} INFO - Setting next_dagrun for example_branch_datetime_operator to 2026-05-27T00:00:00+00:00, run_after=2026-05-28T00:00:00+00:00
[2026-05-29T01:40:26.629+0200] {logging_mixin.py:151} INFO - [2026-05-29T01:40:26.629+0200] {dag.py:3696} INFO - Setting next_dagrun for example_branch_datetime_operator_2 to 2026-05-27T00:00:00+00:00, run_after=2026-05-28T00:00:00+00:00
[2026-05-29T01:40:26.631+0200] {logging_mixin.py:151} INFO - [2026-05-29T01:40:26.631+0200] {dag.py:3696} INFO - Setting next_dagrun for example_branch_datetime_operator_3 to 2026-05-27T00:00:00+00:00, run_after=2026-05-28T00:00:00+00:00
[2026-05-29T01:40:26.646+0200] {processor.py:179} INFO - Processing /home/frederic/airflow_venv/lib/python3.10/site-packages/airflow/example_dags/example_branch_datetime_operator.py took 0.077 seconds
[2026-05-29T01:41:12.978+0200] {processor.py:157} INFO - Started process (PID=599822) to work on /home/frederic/airflow_venv/lib/python3.10/site-packages/airflow/example_dags/example_branch_datetime_operator.py
[2026-05-29T01:41:12.979+0200] {processor.py:829} INFO - Processing file /home/frederic/airflow_venv/lib/python3.10/site-packages/airflow/example_dags/example_branch_datetime_operator.py for tasks to queue
[2026-05-29T01:41:12.979+0200] {logging_mixin.py:151} INFO - [2026-05-29T01:41:12.979+0200] {dagbag.py:539} INFO - Filling up the DagBag from /home/frederic/airflow_venv/lib/python3.10/site-packages/airflow/example_dags/example_branch_datetime_operator.py
[2026-05-29T01:41:12.987+0200] {processor.py:839} INFO - DAG(s) dict_keys(['example_branch_datetime_operator_3', 'example_branch_datetime_operator', 'example_branch_datetime_operator_2']) retrieved from /home/frederic/airflow_venv/lib/python3.10/site-packages/airflow/example_dags/example_branch_datetime_operator.py
[2026-05-29T01:41:13.006+0200] {logging_mixin.py:151} INFO - [2026-05-29T01:41:13.005+0200] {dag.py:2915} INFO - Sync 3 DAGs
[2026-05-29T01:41:13.024+0200] {logging_mixin.py:151} INFO - [2026-05-29T01:41:13.024+0200] {dag.py:3696} INFO - Setting next_dagrun for example_branch_datetime_operator to 2026-05-27T00:00:00+00:00, run_after=2026-05-28T00:00:00+00:00
[2026-05-29T01:41:13.029+0200] {logging_mixin.py:151} INFO - [2026-05-29T01:41:13.029+0200] {dag.py:3696} INFO - Setting next_dagrun for example_branch_datetime_operator_2 to 2026-05-27T00:00:00+00:00, run_after=2026-05-28T00:00:00+00:00
[2026-05-29T01:41:13.032+0200] {logging_mixin.py:151} INFO - [2026-05-29T01:41:13.032+0200] {dag.py:3696} INFO - Setting next_dagrun for example_branch_datetime_operator_3 to 2026-05-27T00:00:00+00:00, run_after=2026-05-28T00:00:00+00:00
[2026-05-29T01:41:13.046+0200] {processor.py:179} INFO - Processing /home/frederic/airflow_venv/lib/python3.10/site-packages/airflow/example_dags/example_branch_datetime_operator.py took 0.071 seconds
[2026-05-29T01:42:07.307+0200] {processor.py:157} INFO - Started process (PID=601214) to work on /home/frederic/airflow_venv/lib/python3.10/site-packages/airflow/example_dags/example_branch_datetime_operator.py
[2026-05-29T01:42:07.311+0200] {processor.py:829} INFO - Processing file /home/frederic/airflow_venv/lib/python3.10/site-packages/airflow/example_dags/example_branch_datetime_operator.py for tasks to queue
[2026-05-29T01:42:07.311+0200] {logging_mixin.py:151} INFO - [2026-05-29T01:42:07.311+0200] {dagbag.py:539} INFO - Filling up the DagBag from /home/frederic/airflow_venv/lib/python3.10/site-packages/airflow/example_dags/example_branch_datetime_operator.py
[2026-05-29T01:42:07.320+0200] {processor.py:839} INFO - DAG(s) dict_keys(['example_branch_datetime_operator_2', 'example_branch_datetime_operator_3', 'example_branch_datetime_operator']) retrieved from /home/frederic/airflow_venv/lib/python3.10/site-packages/airflow/example_dags/example_branch_datetime_operator.py
[2026-05-29T01:42:07.339+0200] {logging_mixin.py:151} INFO - [2026-05-29T01:42:07.339+0200] {dag.py:2915} INFO - Sync 3 DAGs
[2026-05-29T01:42:07.358+0200] {logging_mixin.py:151} INFO - [2026-05-29T01:42:07.358+0200] {dag.py:3696} INFO - Setting next_dagrun for example_branch_datetime_operator to 2026-05-27T00:00:00+00:00, run_after=2026-05-28T00:00:00+00:00
[2026-05-29T01:42:07.362+0200] {logging_mixin.py:151} INFO - [2026-05-29T01:42:07.362+0200] {dag.py:3696} INFO - Setting next_dagrun for example_branch_datetime_operator_2 to 2026-05-27T00:00:00+00:00, run_after=2026-05-28T00:00:00+00:00
[2026-05-29T01:42:07.364+0200] {logging_mixin.py:151} INFO - [2026-05-29T01:42:07.364+0200] {dag.py:3696} INFO - Setting next_dagrun for example_branch_datetime_operator_3 to 2026-05-27T00:00:00+00:00, run_after=2026-05-28T00:00:00+00:00
[2026-05-29T01:42:07.378+0200] {processor.py:179} INFO - Processing /home/frederic/airflow_venv/lib/python3.10/site-packages/airflow/example_dags/example_branch_datetime_operator.py took 0.073 seconds
[2026-05-29T01:42:56.088+0200] {processor.py:157} INFO - Started process (PID=602116) to work on /home/frederic/airflow_venv/lib/python3.10/site-packages/airflow/example_dags/example_branch_datetime_operator.py
[2026-05-29T01:42:56.093+0200] {processor.py:829} INFO - Processing file /home/frederic/airflow_venv/lib/python3.10/site-packages/airflow/example_dags/example_branch_datetime_operator.py for tasks to queue
[2026-05-29T01:42:56.094+0200] {logging_mixin.py:151} INFO - [2026-05-29T01:42:56.094+0200] {dagbag.py:539} INFO - Filling up the DagBag from /home/frederic/airflow_venv/lib/python3.10/site-packages/airflow/example_dags/example_branch_datetime_operator.py
[2026-05-29T01:42:56.110+0200] {processor.py:839} INFO - DAG(s) dict_keys(['example_branch_datetime_operator_2', 'example_branch_datetime_operator_3', 'example_branch_datetime_operator']) retrieved from /home/frederic/airflow_venv/lib/python3.10/site-packages/airflow/example_dags/example_branch_datetime_operator.py
[2026-05-29T01:42:56.145+0200] {logging_mixin.py:151} INFO - [2026-05-29T01:42:56.144+0200] {dag.py:2915} INFO - Sync 3 DAGs
[2026-05-29T01:42:56.178+0200] {logging_mixin.py:151} INFO - [2026-05-29T01:42:56.178+0200] {dag.py:3696} INFO - Setting next_dagrun for example_branch_datetime_operator to 2026-05-27T00:00:00+00:00, run_after=2026-05-28T00:00:00+00:00
[2026-05-29T01:42:56.185+0200] {logging_mixin.py:151} INFO - [2026-05-29T01:42:56.185+0200] {dag.py:3696} INFO - Setting next_dagrun for example_branch_datetime_operator_2 to 2026-05-27T00:00:00+00:00, run_after=2026-05-28T00:00:00+00:00
[2026-05-29T01:42:56.188+0200] {logging_mixin.py:151} INFO - [2026-05-29T01:42:56.188+0200] {dag.py:3696} INFO - Setting next_dagrun for example_branch_datetime_operator_3 to 2026-05-27T00:00:00+00:00, run_after=2026-05-28T00:00:00+00:00
[2026-05-29T01:42:56.208+0200] {processor.py:179} INFO - Processing /home/frederic/airflow_venv/lib/python3.10/site-packages/airflow/example_dags/example_branch_datetime_operator.py took 0.124 seconds
[2026-05-29T01:43:42.442+0200] {processor.py:157} INFO - Started process (PID=602997) to work on /home/frederic/airflow_venv/lib/python3.10/site-packages/airflow/example_dags/example_branch_datetime_operator.py
[2026-05-29T01:43:42.443+0200] {processor.py:829} INFO - Processing file /home/frederic/airflow_venv/lib/python3.10/site-packages/airflow/example_dags/example_branch_datetime_operator.py for tasks to queue
[2026-05-29T01:43:42.443+0200] {logging_mixin.py:151} INFO - [2026-05-29T01:43:42.443+0200] {dagbag.py:539} INFO - Filling up the DagBag from /home/frederic/airflow_venv/lib/python3.10/site-packages/airflow/example_dags/example_branch_datetime_operator.py
[2026-05-29T01:43:42.451+0200] {processor.py:839} INFO - DAG(s) dict_keys(['example_branch_datetime_operator', 'example_branch_datetime_operator_3', 'example_branch_datetime_operator_2']) retrieved from /home/frederic/airflow_venv/lib/python3.10/site-packages/airflow/example_dags/example_branch_datetime_operator.py
[2026-05-29T01:43:42.469+0200] {logging_mixin.py:151} INFO - [2026-05-29T01:43:42.468+0200] {dag.py:2915} INFO - Sync 3 DAGs
[2026-05-29T01:43:42.486+0200] {logging_mixin.py:151} INFO - [2026-05-29T01:43:42.486+0200] {dag.py:3696} INFO - Setting next_dagrun for example_branch_datetime_operator to 2026-05-27T00:00:00+00:00, run_after=2026-05-28T00:00:00+00:00
[2026-05-29T01:43:42.490+0200] {logging_mixin.py:151} INFO - [2026-05-29T01:43:42.490+0200] {dag.py:3696} INFO - Setting next_dagrun for example_branch_datetime_operator_2 to 2026-05-27T00:00:00+00:00, run_after=2026-05-28T00:00:00+00:00
[2026-05-29T01:43:42.493+0200] {logging_mixin.py:151} INFO - [2026-05-29T01:43:42.492+0200] {dag.py:3696} INFO - Setting next_dagrun for example_branch_datetime_operator_3 to 2026-05-27T00:00:00+00:00, run_after=2026-05-28T00:00:00+00:00
[2026-05-29T01:43:42.506+0200] {processor.py:179} INFO - Processing /home/frederic/airflow_venv/lib/python3.10/site-packages/airflow/example_dags/example_branch_datetime_operator.py took 0.066 seconds
[2026-05-29T01:44:33.920+0200] {processor.py:157} INFO - Started process (PID=603892) to work on /home/frederic/airflow_venv/lib/python3.10/site-packages/airflow/example_dags/example_branch_datetime_operator.py
[2026-05-29T01:44:33.923+0200] {processor.py:829} INFO - Processing file /home/frederic/airflow_venv/lib/python3.10/site-packages/airflow/example_dags/example_branch_datetime_operator.py for tasks to queue
[2026-05-29T01:44:33.923+0200] {logging_mixin.py:151} INFO - [2026-05-29T01:44:33.923+0200] {dagbag.py:539} INFO - Filling up the DagBag from /home/frederic/airflow_venv/lib/python3.10/site-packages/airflow/example_dags/example_branch_datetime_operator.py
[2026-05-29T01:44:33.933+0200] {processor.py:839} INFO - DAG(s) dict_keys(['example_branch_datetime_operator_2', 'example_branch_datetime_operator', 'example_branch_datetime_operator_3']) retrieved from /home/frederic/airflow_venv/lib/python3.10/site-packages/airflow/example_dags/example_branch_datetime_operator.py
[2026-05-29T01:44:33.954+0200] {logging_mixin.py:151} INFO - [2026-05-29T01:44:33.954+0200] {dag.py:2915} INFO - Sync 3 DAGs
[2026-05-29T01:44:33.971+0200] {logging_mixin.py:151} INFO - [2026-05-29T01:44:33.971+0200] {dag.py:3696} INFO - Setting next_dagrun for example_branch_datetime_operator to 2026-05-27T00:00:00+00:00, run_after=2026-05-28T00:00:00+00:00
[2026-05-29T01:44:33.974+0200] {logging_mixin.py:151} INFO - [2026-05-29T01:44:33.974+0200] {dag.py:3696} INFO - Setting next_dagrun for example_branch_datetime_operator_2 to 2026-05-27T00:00:00+00:00, run_after=2026-05-28T00:00:00+00:00
[2026-05-29T01:44:33.977+0200] {logging_mixin.py:151} INFO - [2026-05-29T01:44:33.977+0200] {dag.py:3696} INFO - Setting next_dagrun for example_branch_datetime_operator_3 to 2026-05-27T00:00:00+00:00, run_after=2026-05-28T00:00:00+00:00
[2026-05-29T01:44:33.991+0200] {processor.py:179} INFO - Processing /home/frederic/airflow_venv/lib/python3.10/site-packages/airflow/example_dags/example_branch_datetime_operator.py took 0.074 seconds
[2026-05-29T01:45:20.168+0200] {processor.py:157} INFO - Started process (PID=605723) to work on /home/frederic/airflow_venv/lib/python3.10/site-packages/airflow/example_dags/example_branch_datetime_operator.py
[2026-05-29T01:45:20.169+0200] {processor.py:829} INFO - Processing file /home/frederic/airflow_venv/lib/python3.10/site-packages/airflow/example_dags/example_branch_datetime_operator.py for tasks to queue
[2026-05-29T01:45:20.170+0200] {logging_mixin.py:151} INFO - [2026-05-29T01:45:20.170+0200] {dagbag.py:539} INFO - Filling up the DagBag from /home/frederic/airflow_venv/lib/python3.10/site-packages/airflow/example_dags/example_branch_datetime_operator.py
[2026-05-29T01:45:20.186+0200] {processor.py:839} INFO - DAG(s) dict_keys(['example_branch_datetime_operator_3', 'example_branch_datetime_operator', 'example_branch_datetime_operator_2']) retrieved from /home/frederic/airflow_venv/lib/python3.10/site-packages/airflow/example_dags/example_branch_datetime_operator.py
[2026-05-29T01:45:20.214+0200] {logging_mixin.py:151} INFO - [2026-05-29T01:45:20.213+0200] {dag.py:2915} INFO - Sync 3 DAGs
[2026-05-29T01:45:20.235+0200] {logging_mixin.py:151} INFO - [2026-05-29T01:45:20.235+0200] {dag.py:3696} INFO - Setting next_dagrun for example_branch_datetime_operator to 2026-05-27T00:00:00+00:00, run_after=2026-05-28T00:00:00+00:00
[2026-05-29T01:45:20.240+0200] {logging_mixin.py:151} INFO - [2026-05-29T01:45:20.240+0200] {dag.py:3696} INFO - Setting next_dagrun for example_branch_datetime_operator_2 to 2026-05-27T00:00:00+00:00, run_after=2026-05-28T00:00:00+00:00
[2026-05-29T01:45:20.243+0200] {logging_mixin.py:151} INFO - [2026-05-29T01:45:20.242+0200] {dag.py:3696} INFO - Setting next_dagrun for example_branch_datetime_operator_3 to 2026-05-27T00:00:00+00:00, run_after=2026-05-28T00:00:00+00:00
[2026-05-29T01:45:20.266+0200] {processor.py:179} INFO - Processing /home/frederic/airflow_venv/lib/python3.10/site-packages/airflow/example_dags/example_branch_datetime_operator.py took 0.102 seconds
[2026-05-29T01:46:13.639+0200] {processor.py:157} INFO - Started process (PID=607871) to work on /home/frederic/airflow_venv/lib/python3.10/site-packages/airflow/example_dags/example_branch_datetime_operator.py
[2026-05-29T01:46:13.640+0200] {processor.py:829} INFO - Processing file /home/frederic/airflow_venv/lib/python3.10/site-packages/airflow/example_dags/example_branch_datetime_operator.py for tasks to queue
[2026-05-29T01:46:13.641+0200] {logging_mixin.py:151} INFO - [2026-05-29T01:46:13.641+0200] {dagbag.py:539} INFO - Filling up the DagBag from /home/frederic/airflow_venv/lib/python3.10/site-packages/airflow/example_dags/example_branch_datetime_operator.py
[2026-05-29T01:46:13.650+0200] {processor.py:839} INFO - DAG(s) dict_keys(['example_branch_datetime_operator_2', 'example_branch_datetime_operator_3', 'example_branch_datetime_operator']) retrieved from /home/frederic/airflow_venv/lib/python3.10/site-packages/airflow/example_dags/example_branch_datetime_operator.py
[2026-05-29T01:46:13.668+0200] {logging_mixin.py:151} INFO - [2026-05-29T01:46:13.668+0200] {dag.py:2915} INFO - Sync 3 DAGs
[2026-05-29T01:46:13.704+0200] {logging_mixin.py:151} INFO - [2026-05-29T01:46:13.704+0200] {dag.py:3696} INFO - Setting next_dagrun for example_branch_datetime_operator to 2026-05-27T00:00:00+00:00, run_after=2026-05-28T00:00:00+00:00
[2026-05-29T01:46:13.710+0200] {logging_mixin.py:151} INFO - [2026-05-29T01:46:13.710+0200] {dag.py:3696} INFO - Setting next_dagrun for example_branch_datetime_operator_2 to 2026-05-27T00:00:00+00:00, run_after=2026-05-28T00:00:00+00:00
[2026-05-29T01:46:13.714+0200] {logging_mixin.py:151} INFO - [2026-05-29T01:46:13.714+0200] {dag.py:3696} INFO - Setting next_dagrun for example_branch_datetime_operator_3 to 2026-05-27T00:00:00+00:00, run_after=2026-05-28T00:00:00+00:00
[2026-05-29T01:46:13.744+0200] {processor.py:179} INFO - Processing /home/frederic/airflow_venv/lib/python3.10/site-packages/airflow/example_dags/example_branch_datetime_operator.py took 0.107 seconds
[2026-05-29T01:46:59.497+0200] {processor.py:157} INFO - Started process (PID=609585) to work on /home/frederic/airflow_venv/lib/python3.10/site-packages/airflow/example_dags/example_branch_datetime_operator.py
[2026-05-29T01:46:59.498+0200] {processor.py:829} INFO - Processing file /home/frederic/airflow_venv/lib/python3.10/site-packages/airflow/example_dags/example_branch_datetime_operator.py for tasks to queue
[2026-05-29T01:46:59.499+0200] {logging_mixin.py:151} INFO - [2026-05-29T01:46:59.499+0200] {dagbag.py:539} INFO - Filling up the DagBag from /home/frederic/airflow_venv/lib/python3.10/site-packages/airflow/example_dags/example_branch_datetime_operator.py
[2026-05-29T01:46:59.509+0200] {processor.py:839} INFO - DAG(s) dict_keys(['example_branch_datetime_operator_3', 'example_branch_datetime_operator_2', 'example_branch_datetime_operator']) retrieved from /home/frederic/airflow_venv/lib/python3.10/site-packages/airflow/example_dags/example_branch_datetime_operator.py
[2026-05-29T01:46:59.533+0200] {logging_mixin.py:151} INFO - [2026-05-29T01:46:59.533+0200] {dag.py:2915} INFO - Sync 3 DAGs
[2026-05-29T01:46:59.554+0200] {logging_mixin.py:151} INFO - [2026-05-29T01:46:59.554+0200] {dag.py:3696} INFO - Setting next_dagrun for example_branch_datetime_operator to 2026-05-27T00:00:00+00:00, run_after=2026-05-28T00:00:00+00:00
[2026-05-29T01:46:59.559+0200] {logging_mixin.py:151} INFO - [2026-05-29T01:46:59.558+0200] {dag.py:3696} INFO - Setting next_dagrun for example_branch_datetime_operator_2 to 2026-05-27T00:00:00+00:00, run_after=2026-05-28T00:00:00+00:00
[2026-05-29T01:46:59.561+0200] {logging_mixin.py:151} INFO - [2026-05-29T01:46:59.561+0200] {dag.py:3696} INFO - Setting next_dagrun for example_branch_datetime_operator_3 to 2026-05-27T00:00:00+00:00, run_after=2026-05-28T00:00:00+00:00
[2026-05-29T01:46:59.576+0200] {processor.py:179} INFO - Processing /home/frederic/airflow_venv/lib/python3.10/site-packages/airflow/example_dags/example_branch_datetime_operator.py took 0.082 seconds
[2026-05-29T01:47:43.916+0200] {processor.py:157} INFO - Started process (PID=610799) to work on /home/frederic/airflow_venv/lib/python3.10/site-packages/airflow/example_dags/example_branch_datetime_operator.py
[2026-05-29T01:47:43.917+0200] {processor.py:829} INFO - Processing file /home/frederic/airflow_venv/lib/python3.10/site-packages/airflow/example_dags/example_branch_datetime_operator.py for tasks to queue
[2026-05-29T01:47:43.917+0200] {logging_mixin.py:151} INFO - [2026-05-29T01:47:43.917+0200] {dagbag.py:539} INFO - Filling up the DagBag from /home/frederic/airflow_venv/lib/python3.10/site-packages/airflow/example_dags/example_branch_datetime_operator.py
[2026-05-29T01:47:43.925+0200] {processor.py:839} INFO - DAG(s) dict_keys(['example_branch_datetime_operator_3', 'example_branch_datetime_operator_2', 'example_branch_datetime_operator']) retrieved from /home/frederic/airflow_venv/lib/python3.10/site-packages/airflow/example_dags/example_branch_datetime_operator.py
[2026-05-29T01:47:43.943+0200] {logging_mixin.py:151} INFO - [2026-05-29T01:47:43.943+0200] {dag.py:2915} INFO - Sync 3 DAGs
[2026-05-29T01:47:43.961+0200] {logging_mixin.py:151} INFO - [2026-05-29T01:47:43.961+0200] {dag.py:3696} INFO - Setting next_dagrun for example_branch_datetime_operator to 2026-05-27T00:00:00+00:00, run_after=2026-05-28T00:00:00+00:00
[2026-05-29T01:47:43.965+0200] {logging_mixin.py:151} INFO - [2026-05-29T01:47:43.965+0200] {dag.py:3696} INFO - Setting next_dagrun for example_branch_datetime_operator_2 to 2026-05-27T00:00:00+00:00, run_after=2026-05-28T00:00:00+00:00
[2026-05-29T01:47:43.967+0200] {logging_mixin.py:151} INFO - [2026-05-29T01:47:43.967+0200] {dag.py:3696} INFO - Setting next_dagrun for example_branch_datetime_operator_3 to 2026-05-27T00:00:00+00:00, run_after=2026-05-28T00:00:00+00:00
[2026-05-29T01:47:43.980+0200] {processor.py:179} INFO - Processing /home/frederic/airflow_venv/lib/python3.10/site-packages/airflow/example_dags/example_branch_datetime_operator.py took 0.067 seconds
[2026-05-29T01:48:30.678+0200] {processor.py:157} INFO - Started process (PID=612231) to work on /home/frederic/airflow_venv/lib/python3.10/site-packages/airflow/example_dags/example_branch_datetime_operator.py
[2026-05-29T01:48:30.682+0200] {processor.py:829} INFO - Processing file /home/frederic/airflow_venv/lib/python3.10/site-packages/airflow/example_dags/example_branch_datetime_operator.py for tasks to queue
[2026-05-29T01:48:30.682+0200] {logging_mixin.py:151} INFO - [2026-05-29T01:48:30.682+0200] {dagbag.py:539} INFO - Filling up the DagBag from /home/frederic/airflow_venv/lib/python3.10/site-packages/airflow/example_dags/example_branch_datetime_operator.py
[2026-05-29T01:48:30.690+0200] {processor.py:839} INFO - DAG(s) dict_keys(['example_branch_datetime_operator', 'example_branch_datetime_operator_2', 'example_branch_datetime_operator_3']) retrieved from /home/frederic/airflow_venv/lib/python3.10/site-packages/airflow/example_dags/example_branch_datetime_operator.py
[2026-05-29T01:48:30.709+0200] {logging_mixin.py:151} INFO - [2026-05-29T01:48:30.709+0200] {dag.py:2915} INFO - Sync 3 DAGs
[2026-05-29T01:48:30.727+0200] {logging_mixin.py:151} INFO - [2026-05-29T01:48:30.727+0200] {dag.py:3696} INFO - Setting next_dagrun for example_branch_datetime_operator to 2026-05-27T00:00:00+00:00, run_after=2026-05-28T00:00:00+00:00
[2026-05-29T01:48:30.731+0200] {logging_mixin.py:151} INFO - [2026-05-29T01:48:30.731+0200] {dag.py:3696} INFO - Setting next_dagrun for example_branch_datetime_operator_2 to 2026-05-27T00:00:00+00:00, run_after=2026-05-28T00:00:00+00:00
[2026-05-29T01:48:30.733+0200] {logging_mixin.py:151} INFO - [2026-05-29T01:48:30.733+0200] {dag.py:3696} INFO - Setting next_dagrun for example_branch_datetime_operator_3 to 2026-05-27T00:00:00+00:00, run_after=2026-05-28T00:00:00+00:00
[2026-05-29T01:48:30.746+0200] {processor.py:179} INFO - Processing /home/frederic/airflow_venv/lib/python3.10/site-packages/airflow/example_dags/example_branch_datetime_operator.py took 0.070 seconds
[2026-05-29T01:49:14.211+0200] {processor.py:157} INFO - Started process (PID=613265) to work on /home/frederic/airflow_venv/lib/python3.10/site-packages/airflow/example_dags/example_branch_datetime_operator.py
[2026-05-29T01:49:14.214+0200] {processor.py:829} INFO - Processing file /home/frederic/airflow_venv/lib/python3.10/site-packages/airflow/example_dags/example_branch_datetime_operator.py for tasks to queue
[2026-05-29T01:49:14.215+0200] {logging_mixin.py:151} INFO - [2026-05-29T01:49:14.215+0200] {dagbag.py:539} INFO - Filling up the DagBag from /home/frederic/airflow_venv/lib/python3.10/site-packages/airflow/example_dags/example_branch_datetime_operator.py
[2026-05-29T01:49:14.223+0200] {processor.py:839} INFO - DAG(s) dict_keys(['example_branch_datetime_operator_3', 'example_branch_datetime_operator_2', 'example_branch_datetime_operator']) retrieved from /home/frederic/airflow_venv/lib/python3.10/site-packages/airflow/example_dags/example_branch_datetime_operator.py
[2026-05-29T01:49:14.241+0200] {logging_mixin.py:151} INFO - [2026-05-29T01:49:14.241+0200] {dag.py:2915} INFO - Sync 3 DAGs
[2026-05-29T01:49:14.260+0200] {logging_mixin.py:151} INFO - [2026-05-29T01:49:14.259+0200] {dag.py:3696} INFO - Setting next_dagrun for example_branch_datetime_operator to 2026-05-27T00:00:00+00:00, run_after=2026-05-28T00:00:00+00:00
[2026-05-29T01:49:14.264+0200] {logging_mixin.py:151} INFO - [2026-05-29T01:49:14.264+0200] {dag.py:3696} INFO - Setting next_dagrun for example_branch_datetime_operator_2 to 2026-05-27T00:00:00+00:00, run_after=2026-05-28T00:00:00+00:00
[2026-05-29T01:49:14.266+0200] {logging_mixin.py:151} INFO - [2026-05-29T01:49:14.266+0200] {dag.py:3696} INFO - Setting next_dagrun for example_branch_datetime_operator_3 to 2026-05-27T00:00:00+00:00, run_after=2026-05-28T00:00:00+00:00
[2026-05-29T01:49:14.280+0200] {processor.py:179} INFO - Processing /home/frederic/airflow_venv/lib/python3.10/site-packages/airflow/example_dags/example_branch_datetime_operator.py took 0.072 seconds
[2026-05-29T01:49:57.081+0200] {processor.py:157} INFO - Started process (PID=614492) to work on /home/frederic/airflow_venv/lib/python3.10/site-packages/airflow/example_dags/example_branch_datetime_operator.py
[2026-05-29T01:49:57.082+0200] {processor.py:829} INFO - Processing file /home/frederic/airflow_venv/lib/python3.10/site-packages/airflow/example_dags/example_branch_datetime_operator.py for tasks to queue
[2026-05-29T01:49:57.083+0200] {logging_mixin.py:151} INFO - [2026-05-29T01:49:57.083+0200] {dagbag.py:539} INFO - Filling up the DagBag from /home/frederic/airflow_venv/lib/python3.10/site-packages/airflow/example_dags/example_branch_datetime_operator.py
[2026-05-29T01:49:57.091+0200] {processor.py:839} INFO - DAG(s) dict_keys(['example_branch_datetime_operator_3', 'example_branch_datetime_operator_2', 'example_branch_datetime_operator']) retrieved from /home/frederic/airflow_venv/lib/python3.10/site-packages/airflow/example_dags/example_branch_datetime_operator.py
[2026-05-29T01:49:57.109+0200] {logging_mixin.py:151} INFO - [2026-05-29T01:49:57.108+0200] {dag.py:2915} INFO - Sync 3 DAGs
[2026-05-29T01:49:57.128+0200] {logging_mixin.py:151} INFO - [2026-05-29T01:49:57.128+0200] {dag.py:3696} INFO - Setting next_dagrun for example_branch_datetime_operator to 2026-05-27T00:00:00+00:00, run_after=2026-05-28T00:00:00+00:00
[2026-05-29T01:49:57.133+0200] {logging_mixin.py:151} INFO - [2026-05-29T01:49:57.133+0200] {dag.py:3696} INFO - Setting next_dagrun for example_branch_datetime_operator_2 to 2026-05-27T00:00:00+00:00, run_after=2026-05-28T00:00:00+00:00
[2026-05-29T01:49:57.137+0200] {logging_mixin.py:151} INFO - [2026-05-29T01:49:57.137+0200] {dag.py:3696} INFO - Setting next_dagrun for example_branch_datetime_operator_3 to 2026-05-27T00:00:00+00:00, run_after=2026-05-28T00:00:00+00:00
[2026-05-29T01:49:57.152+0200] {processor.py:179} INFO - Processing /home/frederic/airflow_venv/lib/python3.10/site-packages/airflow/example_dags/example_branch_datetime_operator.py took 0.074 seconds
[2026-05-29T01:50:49.887+0200] {processor.py:157} INFO - Started process (PID=616112) to work on /home/frederic/airflow_venv/lib/python3.10/site-packages/airflow/example_dags/example_branch_datetime_operator.py
[2026-05-29T01:50:49.888+0200] {processor.py:829} INFO - Processing file /home/frederic/airflow_venv/lib/python3.10/site-packages/airflow/example_dags/example_branch_datetime_operator.py for tasks to queue
[2026-05-29T01:50:49.889+0200] {logging_mixin.py:151} INFO - [2026-05-29T01:50:49.889+0200] {dagbag.py:539} INFO - Filling up the DagBag from /home/frederic/airflow_venv/lib/python3.10/site-packages/airflow/example_dags/example_branch_datetime_operator.py
[2026-05-29T01:50:49.898+0200] {processor.py:839} INFO - DAG(s) dict_keys(['example_branch_datetime_operator_3', 'example_branch_datetime_operator', 'example_branch_datetime_operator_2']) retrieved from /home/frederic/airflow_venv/lib/python3.10/site-packages/airflow/example_dags/example_branch_datetime_operator.py
[2026-05-29T01:50:49.919+0200] {logging_mixin.py:151} INFO - [2026-05-29T01:50:49.919+0200] {dag.py:2915} INFO - Sync 3 DAGs
[2026-05-29T01:50:49.941+0200] {logging_mixin.py:151} INFO - [2026-05-29T01:50:49.941+0200] {dag.py:3696} INFO - Setting next_dagrun for example_branch_datetime_operator to 2026-05-27T00:00:00+00:00, run_after=2026-05-28T00:00:00+00:00
[2026-05-29T01:50:49.946+0200] {logging_mixin.py:151} INFO - [2026-05-29T01:50:49.945+0200] {dag.py:3696} INFO - Setting next_dagrun for example_branch_datetime_operator_2 to 2026-05-27T00:00:00+00:00, run_after=2026-05-28T00:00:00+00:00
[2026-05-29T01:50:49.948+0200] {logging_mixin.py:151} INFO - [2026-05-29T01:50:49.948+0200] {dag.py:3696} INFO - Setting next_dagrun for example_branch_datetime_operator_3 to 2026-05-27T00:00:00+00:00, run_after=2026-05-28T00:00:00+00:00
[2026-05-29T01:50:49.964+0200] {processor.py:179} INFO - Processing /home/frederic/airflow_venv/lib/python3.10/site-packages/airflow/example_dags/example_branch_datetime_operator.py took 0.080 seconds
[2026-05-29T01:51:35.907+0200] {processor.py:157} INFO - Started process (PID=617160) to work on /home/frederic/airflow_venv/lib/python3.10/site-packages/airflow/example_dags/example_branch_datetime_operator.py
[2026-05-29T01:51:35.909+0200] {processor.py:829} INFO - Processing file /home/frederic/airflow_venv/lib/python3.10/site-packages/airflow/example_dags/example_branch_datetime_operator.py for tasks to queue
[2026-05-29T01:51:35.909+0200] {logging_mixin.py:151} INFO - [2026-05-29T01:51:35.909+0200] {dagbag.py:539} INFO - Filling up the DagBag from /home/frederic/airflow_venv/lib/python3.10/site-packages/airflow/example_dags/example_branch_datetime_operator.py
[2026-05-29T01:51:35.917+0200] {processor.py:839} INFO - DAG(s) dict_keys(['example_branch_datetime_operator', 'example_branch_datetime_operator_2', 'example_branch_datetime_operator_3']) retrieved from /home/frederic/airflow_venv/lib/python3.10/site-packages/airflow/example_dags/example_branch_datetime_operator.py
[2026-05-29T01:51:35.941+0200] {logging_mixin.py:151} INFO - [2026-05-29T01:51:35.941+0200] {dag.py:2915} INFO - Sync 3 DAGs
[2026-05-29T01:51:35.958+0200] {logging_mixin.py:151} INFO - [2026-05-29T01:51:35.958+0200] {dag.py:3696} INFO - Setting next_dagrun for example_branch_datetime_operator to 2026-05-27T00:00:00+00:00, run_after=2026-05-28T00:00:00+00:00
[2026-05-29T01:51:35.961+0200] {logging_mixin.py:151} INFO - [2026-05-29T01:51:35.961+0200] {dag.py:3696} INFO - Setting next_dagrun for example_branch_datetime_operator_2 to 2026-05-27T00:00:00+00:00, run_after=2026-05-28T00:00:00+00:00
[2026-05-29T01:51:35.963+0200] {logging_mixin.py:151} INFO - [2026-05-29T01:51:35.963+0200] {dag.py:3696} INFO - Setting next_dagrun for example_branch_datetime_operator_3 to 2026-05-27T00:00:00+00:00, run_after=2026-05-28T00:00:00+00:00
[2026-05-29T01:51:35.976+0200] {processor.py:179} INFO - Processing /home/frederic/airflow_venv/lib/python3.10/site-packages/airflow/example_dags/example_branch_datetime_operator.py took 0.071 seconds
[2026-05-29T01:52:25.911+0200] {processor.py:157} INFO - Started process (PID=618497) to work on /home/frederic/airflow_venv/lib/python3.10/site-packages/airflow/example_dags/example_branch_datetime_operator.py
[2026-05-29T01:52:25.914+0200] {processor.py:829} INFO - Processing file /home/frederic/airflow_venv/lib/python3.10/site-packages/airflow/example_dags/example_branch_datetime_operator.py for tasks to queue
[2026-05-29T01:52:25.915+0200] {logging_mixin.py:151} INFO - [2026-05-29T01:52:25.914+0200] {dagbag.py:539} INFO - Filling up the DagBag from /home/frederic/airflow_venv/lib/python3.10/site-packages/airflow/example_dags/example_branch_datetime_operator.py
[2026-05-29T01:52:25.923+0200] {processor.py:839} INFO - DAG(s) dict_keys(['example_branch_datetime_operator_2', 'example_branch_datetime_operator_3', 'example_branch_datetime_operator']) retrieved from /home/frederic/airflow_venv/lib/python3.10/site-packages/airflow/example_dags/example_branch_datetime_operator.py
[2026-05-29T01:52:25.940+0200] {logging_mixin.py:151} INFO - [2026-05-29T01:52:25.940+0200] {dag.py:2915} INFO - Sync 3 DAGs
[2026-05-29T01:52:25.958+0200] {logging_mixin.py:151} INFO - [2026-05-29T01:52:25.958+0200] {dag.py:3696} INFO - Setting next_dagrun for example_branch_datetime_operator to 2026-05-27T00:00:00+00:00, run_after=2026-05-28T00:00:00+00:00
[2026-05-29T01:52:25.964+0200] {logging_mixin.py:151} INFO - [2026-05-29T01:52:25.964+0200] {dag.py:3696} INFO - Setting next_dagrun for example_branch_datetime_operator_2 to 2026-05-27T00:00:00+00:00, run_after=2026-05-28T00:00:00+00:00
[2026-05-29T01:52:25.968+0200] {logging_mixin.py:151} INFO - [2026-05-29T01:52:25.967+0200] {dag.py:3696} INFO - Setting next_dagrun for example_branch_datetime_operator_3 to 2026-05-27T00:00:00+00:00, run_after=2026-05-28T00:00:00+00:00
[2026-05-29T01:52:25.991+0200] {processor.py:179} INFO - Processing /home/frederic/airflow_venv/lib/python3.10/site-packages/airflow/example_dags/example_branch_datetime_operator.py took 0.083 seconds
[2026-05-29T01:53:12.178+0200] {processor.py:157} INFO - Started process (PID=620070) to work on /home/frederic/airflow_venv/lib/python3.10/site-packages/airflow/example_dags/example_branch_datetime_operator.py
[2026-05-29T01:53:12.179+0200] {processor.py:829} INFO - Processing file /home/frederic/airflow_venv/lib/python3.10/site-packages/airflow/example_dags/example_branch_datetime_operator.py for tasks to queue
[2026-05-29T01:53:12.180+0200] {logging_mixin.py:151} INFO - [2026-05-29T01:53:12.180+0200] {dagbag.py:539} INFO - Filling up the DagBag from /home/frederic/airflow_venv/lib/python3.10/site-packages/airflow/example_dags/example_branch_datetime_operator.py
[2026-05-29T01:53:12.189+0200] {processor.py:839} INFO - DAG(s) dict_keys(['example_branch_datetime_operator_3', 'example_branch_datetime_operator', 'example_branch_datetime_operator_2']) retrieved from /home/frederic/airflow_venv/lib/python3.10/site-packages/airflow/example_dags/example_branch_datetime_operator.py
[2026-05-29T01:53:12.211+0200] {logging_mixin.py:151} INFO - [2026-05-29T01:53:12.210+0200] {dag.py:2915} INFO - Sync 3 DAGs
[2026-05-29T01:53:12.232+0200] {logging_mixin.py:151} INFO - [2026-05-29T01:53:12.232+0200] {dag.py:3696} INFO - Setting next_dagrun for example_branch_datetime_operator to 2026-05-27T00:00:00+00:00, run_after=2026-05-28T00:00:00+00:00
[2026-05-29T01:53:12.237+0200] {logging_mixin.py:151} INFO - [2026-05-29T01:53:12.237+0200] {dag.py:3696} INFO - Setting next_dagrun for example_branch_datetime_operator_2 to 2026-05-27T00:00:00+00:00, run_after=2026-05-28T00:00:00+00:00
[2026-05-29T01:53:12.239+0200] {logging_mixin.py:151} INFO - [2026-05-29T01:53:12.239+0200] {dag.py:3696} INFO - Setting next_dagrun for example_branch_datetime_operator_3 to 2026-05-27T00:00:00+00:00, run_after=2026-05-28T00:00:00+00:00
[2026-05-29T01:53:12.254+0200] {processor.py:179} INFO - Processing /home/frederic/airflow_venv/lib/python3.10/site-packages/airflow/example_dags/example_branch_datetime_operator.py took 0.078 seconds
[2026-05-29T01:53:58.407+0200] {processor.py:157} INFO - Started process (PID=621289) to work on /home/frederic/airflow_venv/lib/python3.10/site-packages/airflow/example_dags/example_branch_datetime_operator.py
[2026-05-29T01:53:58.408+0200] {processor.py:829} INFO - Processing file /home/frederic/airflow_venv/lib/python3.10/site-packages/airflow/example_dags/example_branch_datetime_operator.py for tasks to queue
[2026-05-29T01:53:58.409+0200] {logging_mixin.py:151} INFO - [2026-05-29T01:53:58.409+0200] {dagbag.py:539} INFO - Filling up the DagBag from /home/frederic/airflow_venv/lib/python3.10/site-packages/airflow/example_dags/example_branch_datetime_operator.py
[2026-05-29T01:53:58.418+0200] {processor.py:839} INFO - DAG(s) dict_keys(['example_branch_datetime_operator_3', 'example_branch_datetime_operator', 'example_branch_datetime_operator_2']) retrieved from /home/frederic/airflow_venv/lib/python3.10/site-packages/airflow/example_dags/example_branch_datetime_operator.py
[2026-05-29T01:53:58.436+0200] {logging_mixin.py:151} INFO - [2026-05-29T01:53:58.436+0200] {dag.py:2915} INFO - Sync 3 DAGs
[2026-05-29T01:53:58.454+0200] {logging_mixin.py:151} INFO - [2026-05-29T01:53:58.454+0200] {dag.py:3696} INFO - Setting next_dagrun for example_branch_datetime_operator to 2026-05-27T00:00:00+00:00, run_after=2026-05-28T00:00:00+00:00
[2026-05-29T01:53:58.458+0200] {logging_mixin.py:151} INFO - [2026-05-29T01:53:58.458+0200] {dag.py:3696} INFO - Setting next_dagrun for example_branch_datetime_operator_2 to 2026-05-27T00:00:00+00:00, run_after=2026-05-28T00:00:00+00:00
[2026-05-29T01:53:58.460+0200] {logging_mixin.py:151} INFO - [2026-05-29T01:53:58.460+0200] {dag.py:3696} INFO - Setting next_dagrun for example_branch_datetime_operator_3 to 2026-05-27T00:00:00+00:00, run_after=2026-05-28T00:00:00+00:00
[2026-05-29T01:53:58.473+0200] {processor.py:179} INFO - Processing /home/frederic/airflow_venv/lib/python3.10/site-packages/airflow/example_dags/example_branch_datetime_operator.py took 0.069 seconds
[2026-05-29T01:54:44.866+0200] {processor.py:157} INFO - Started process (PID=622796) to work on /home/frederic/airflow_venv/lib/python3.10/site-packages/airflow/example_dags/example_branch_datetime_operator.py
[2026-05-29T01:54:44.869+0200] {processor.py:829} INFO - Processing file /home/frederic/airflow_venv/lib/python3.10/site-packages/airflow/example_dags/example_branch_datetime_operator.py for tasks to queue
[2026-05-29T01:54:44.870+0200] {logging_mixin.py:151} INFO - [2026-05-29T01:54:44.869+0200] {dagbag.py:539} INFO - Filling up the DagBag from /home/frederic/airflow_venv/lib/python3.10/site-packages/airflow/example_dags/example_branch_datetime_operator.py
[2026-05-29T01:54:44.879+0200] {processor.py:839} INFO - DAG(s) dict_keys(['example_branch_datetime_operator_2', 'example_branch_datetime_operator', 'example_branch_datetime_operator_3']) retrieved from /home/frederic/airflow_venv/lib/python3.10/site-packages/airflow/example_dags/example_branch_datetime_operator.py
[2026-05-29T01:54:44.898+0200] {logging_mixin.py:151} INFO - [2026-05-29T01:54:44.898+0200] {dag.py:2915} INFO - Sync 3 DAGs
[2026-05-29T01:54:44.917+0200] {logging_mixin.py:151} INFO - [2026-05-29T01:54:44.917+0200] {dag.py:3696} INFO - Setting next_dagrun for example_branch_datetime_operator to 2026-05-27T00:00:00+00:00, run_after=2026-05-28T00:00:00+00:00
[2026-05-29T01:54:44.921+0200] {logging_mixin.py:151} INFO - [2026-05-29T01:54:44.921+0200] {dag.py:3696} INFO - Setting next_dagrun for example_branch_datetime_operator_2 to 2026-05-27T00:00:00+00:00, run_after=2026-05-28T00:00:00+00:00
[2026-05-29T01:54:44.923+0200] {logging_mixin.py:151} INFO - [2026-05-29T01:54:44.923+0200] {dag.py:3696} INFO - Setting next_dagrun for example_branch_datetime_operator_3 to 2026-05-27T00:00:00+00:00, run_after=2026-05-28T00:00:00+00:00
[2026-05-29T01:54:44.940+0200] {processor.py:179} INFO - Processing /home/frederic/airflow_venv/lib/python3.10/site-packages/airflow/example_dags/example_branch_datetime_operator.py took 0.076 seconds
[2026-05-29T01:55:31.422+0200] {processor.py:157} INFO - Started process (PID=624468) to work on /home/frederic/airflow_venv/lib/python3.10/site-packages/airflow/example_dags/example_branch_datetime_operator.py
[2026-05-29T01:55:31.423+0200] {processor.py:829} INFO - Processing file /home/frederic/airflow_venv/lib/python3.10/site-packages/airflow/example_dags/example_branch_datetime_operator.py for tasks to queue
[2026-05-29T01:55:31.424+0200] {logging_mixin.py:151} INFO - [2026-05-29T01:55:31.424+0200] {dagbag.py:539} INFO - Filling up the DagBag from /home/frederic/airflow_venv/lib/python3.10/site-packages/airflow/example_dags/example_branch_datetime_operator.py
[2026-05-29T01:55:31.436+0200] {processor.py:839} INFO - DAG(s) dict_keys(['example_branch_datetime_operator', 'example_branch_datetime_operator_2', 'example_branch_datetime_operator_3']) retrieved from /home/frederic/airflow_venv/lib/python3.10/site-packages/airflow/example_dags/example_branch_datetime_operator.py
[2026-05-29T01:55:31.444+0200] {logging_mixin.py:151} INFO - [2026-05-29T01:55:31.444+0200] {dag.py:2915} INFO - Sync 3 DAGs
[2026-05-29T01:55:31.469+0200] {logging_mixin.py:151} INFO - [2026-05-29T01:55:31.468+0200] {dag.py:3696} INFO - Setting next_dagrun for example_branch_datetime_operator to 2026-05-27T00:00:00+00:00, run_after=2026-05-28T00:00:00+00:00
[2026-05-29T01:55:31.474+0200] {logging_mixin.py:151} INFO - [2026-05-29T01:55:31.474+0200] {dag.py:3696} INFO - Setting next_dagrun for example_branch_datetime_operator_2 to 2026-05-27T00:00:00+00:00, run_after=2026-05-28T00:00:00+00:00
[2026-05-29T01:55:31.477+0200] {logging_mixin.py:151} INFO - [2026-05-29T01:55:31.477+0200] {dag.py:3696} INFO - Setting next_dagrun for example_branch_datetime_operator_3 to 2026-05-27T00:00:00+00:00, run_after=2026-05-28T00:00:00+00:00
[2026-05-29T01:55:31.493+0200] {processor.py:179} INFO - Processing /home/frederic/airflow_venv/lib/python3.10/site-packages/airflow/example_dags/example_branch_datetime_operator.py took 0.074 seconds
[2026-05-29T01:56:09.706+0200] {processor.py:157} INFO - Started process (PID=625626) to work on /home/frederic/airflow_venv/lib/python3.10/site-packages/airflow/example_dags/example_branch_datetime_operator.py
[2026-05-29T01:56:09.707+0200] {processor.py:829} INFO - Processing file /home/frederic/airflow_venv/lib/python3.10/site-packages/airflow/example_dags/example_branch_datetime_operator.py for tasks to queue
[2026-05-29T01:56:09.708+0200] {logging_mixin.py:151} INFO - [2026-05-29T01:56:09.707+0200] {dagbag.py:539} INFO - Filling up the DagBag from /home/frederic/airflow_venv/lib/python3.10/site-packages/airflow/example_dags/example_branch_datetime_operator.py
[2026-05-29T01:56:09.717+0200] {processor.py:839} INFO - DAG(s) dict_keys(['example_branch_datetime_operator_3', 'example_branch_datetime_operator_2', 'example_branch_datetime_operator']) retrieved from /home/frederic/airflow_venv/lib/python3.10/site-packages/airflow/example_dags/example_branch_datetime_operator.py
[2026-05-29T01:56:09.737+0200] {logging_mixin.py:151} INFO - [2026-05-29T01:56:09.737+0200] {dag.py:2915} INFO - Sync 3 DAGs
[2026-05-29T01:56:09.758+0200] {logging_mixin.py:151} INFO - [2026-05-29T01:56:09.758+0200] {dag.py:3696} INFO - Setting next_dagrun for example_branch_datetime_operator to 2026-05-27T00:00:00+00:00, run_after=2026-05-28T00:00:00+00:00
[2026-05-29T01:56:09.763+0200] {logging_mixin.py:151} INFO - [2026-05-29T01:56:09.762+0200] {dag.py:3696} INFO - Setting next_dagrun for example_branch_datetime_operator_2 to 2026-05-27T00:00:00+00:00, run_after=2026-05-28T00:00:00+00:00
[2026-05-29T01:56:09.765+0200] {logging_mixin.py:151} INFO - [2026-05-29T01:56:09.765+0200] {dag.py:3696} INFO - Setting next_dagrun for example_branch_datetime_operator_3 to 2026-05-27T00:00:00+00:00, run_after=2026-05-28T00:00:00+00:00
[2026-05-29T01:56:09.778+0200] {processor.py:179} INFO - Processing /home/frederic/airflow_venv/lib/python3.10/site-packages/airflow/example_dags/example_branch_datetime_operator.py took 0.075 seconds
[2026-05-29T01:56:31.813+0200] {processor.py:157} INFO - Started process (PID=626404) to work on /home/frederic/airflow_venv/lib/python3.10/site-packages/airflow/example_dags/example_branch_datetime_operator.py
[2026-05-29T01:56:31.813+0200] {processor.py:829} INFO - Processing file /home/frederic/airflow_venv/lib/python3.10/site-packages/airflow/example_dags/example_branch_datetime_operator.py for tasks to queue
[2026-05-29T01:56:31.814+0200] {logging_mixin.py:151} INFO - [2026-05-29T01:56:31.814+0200] {dagbag.py:539} INFO - Filling up the DagBag from /home/frederic/airflow_venv/lib/python3.10/site-packages/airflow/example_dags/example_branch_datetime_operator.py
[2026-05-29T01:56:31.823+0200] {processor.py:839} INFO - DAG(s) dict_keys(['example_branch_datetime_operator', 'example_branch_datetime_operator_2', 'example_branch_datetime_operator_3']) retrieved from /home/frederic/airflow_venv/lib/python3.10/site-packages/airflow/example_dags/example_branch_datetime_operator.py
[2026-05-29T01:56:31.842+0200] {logging_mixin.py:151} INFO - [2026-05-29T01:56:31.842+0200] {dag.py:2915} INFO - Sync 3 DAGs
[2026-05-29T01:56:31.861+0200] {logging_mixin.py:151} INFO - [2026-05-29T01:56:31.861+0200] {dag.py:3696} INFO - Setting next_dagrun for example_branch_datetime_operator to 2026-05-27T00:00:00+00:00, run_after=2026-05-28T00:00:00+00:00
[2026-05-29T01:56:31.866+0200] {logging_mixin.py:151} INFO - [2026-05-29T01:56:31.866+0200] {dag.py:3696} INFO - Setting next_dagrun for example_branch_datetime_operator_2 to 2026-05-27T00:00:00+00:00, run_after=2026-05-28T00:00:00+00:00
[2026-05-29T01:56:31.868+0200] {logging_mixin.py:151} INFO - [2026-05-29T01:56:31.868+0200] {dag.py:3696} INFO - Setting next_dagrun for example_branch_datetime_operator_3 to 2026-05-27T00:00:00+00:00, run_after=2026-05-28T00:00:00+00:00
[2026-05-29T01:56:31.881+0200] {processor.py:179} INFO - Processing /home/frederic/airflow_venv/lib/python3.10/site-packages/airflow/example_dags/example_branch_datetime_operator.py took 0.071 seconds
[2026-05-29T01:57:09.196+0200] {processor.py:157} INFO - Started process (PID=627489) to work on /home/frederic/airflow_venv/lib/python3.10/site-packages/airflow/example_dags/example_branch_datetime_operator.py
[2026-05-29T01:57:09.197+0200] {processor.py:829} INFO - Processing file /home/frederic/airflow_venv/lib/python3.10/site-packages/airflow/example_dags/example_branch_datetime_operator.py for tasks to queue
[2026-05-29T01:57:09.197+0200] {logging_mixin.py:151} INFO - [2026-05-29T01:57:09.197+0200] {dagbag.py:539} INFO - Filling up the DagBag from /home/frederic/airflow_venv/lib/python3.10/site-packages/airflow/example_dags/example_branch_datetime_operator.py
[2026-05-29T01:57:09.206+0200] {processor.py:839} INFO - DAG(s) dict_keys(['example_branch_datetime_operator', 'example_branch_datetime_operator_2', 'example_branch_datetime_operator_3']) retrieved from /home/frederic/airflow_venv/lib/python3.10/site-packages/airflow/example_dags/example_branch_datetime_operator.py
[2026-05-29T01:57:09.225+0200] {logging_mixin.py:151} INFO - [2026-05-29T01:57:09.225+0200] {dag.py:2915} INFO - Sync 3 DAGs
[2026-05-29T01:57:09.243+0200] {logging_mixin.py:151} INFO - [2026-05-29T01:57:09.243+0200] {dag.py:3696} INFO - Setting next_dagrun for example_branch_datetime_operator to 2026-05-27T00:00:00+00:00, run_after=2026-05-28T00:00:00+00:00
[2026-05-29T01:57:09.247+0200] {logging_mixin.py:151} INFO - [2026-05-29T01:57:09.247+0200] {dag.py:3696} INFO - Setting next_dagrun for example_branch_datetime_operator_2 to 2026-05-27T00:00:00+00:00, run_after=2026-05-28T00:00:00+00:00
[2026-05-29T01:57:09.251+0200] {logging_mixin.py:151} INFO - [2026-05-29T01:57:09.251+0200] {dag.py:3696} INFO - Setting next_dagrun for example_branch_datetime_operator_3 to 2026-05-27T00:00:00+00:00, run_after=2026-05-28T00:00:00+00:00
[2026-05-29T01:57:09.266+0200] {processor.py:179} INFO - Processing /home/frederic/airflow_venv/lib/python3.10/site-packages/airflow/example_dags/example_branch_datetime_operator.py took 0.073 seconds
[2026-05-29T01:57:23.215+0200] {processor.py:157} INFO - Started process (PID=627957) to work on /home/frederic/airflow_venv/lib/python3.10/site-packages/airflow/example_dags/example_branch_datetime_operator.py
[2026-05-29T01:57:23.216+0200] {processor.py:829} INFO - Processing file /home/frederic/airflow_venv/lib/python3.10/site-packages/airflow/example_dags/example_branch_datetime_operator.py for tasks to queue
[2026-05-29T01:57:23.217+0200] {logging_mixin.py:151} INFO - [2026-05-29T01:57:23.216+0200] {dagbag.py:539} INFO - Filling up the DagBag from /home/frederic/airflow_venv/lib/python3.10/site-packages/airflow/example_dags/example_branch_datetime_operator.py
[2026-05-29T01:57:23.229+0200] {processor.py:839} INFO - DAG(s) dict_keys(['example_branch_datetime_operator', 'example_branch_datetime_operator_2', 'example_branch_datetime_operator_3']) retrieved from /home/frederic/airflow_venv/lib/python3.10/site-packages/airflow/example_dags/example_branch_datetime_operator.py
[2026-05-29T01:57:23.248+0200] {logging_mixin.py:151} INFO - [2026-05-29T01:57:23.247+0200] {dag.py:2915} INFO - Sync 3 DAGs
[2026-05-29T01:57:23.267+0200] {logging_mixin.py:151} INFO - [2026-05-29T01:57:23.267+0200] {dag.py:3696} INFO - Setting next_dagrun for example_branch_datetime_operator to 2026-05-27T00:00:00+00:00, run_after=2026-05-28T00:00:00+00:00
[2026-05-29T01:57:23.272+0200] {logging_mixin.py:151} INFO - [2026-05-29T01:57:23.272+0200] {dag.py:3696} INFO - Setting next_dagrun for example_branch_datetime_operator_2 to 2026-05-27T00:00:00+00:00, run_after=2026-05-28T00:00:00+00:00
[2026-05-29T01:57:23.274+0200] {logging_mixin.py:151} INFO - [2026-05-29T01:57:23.274+0200] {dag.py:3696} INFO - Setting next_dagrun for example_branch_datetime_operator_3 to 2026-05-27T00:00:00+00:00, run_after=2026-05-28T00:00:00+00:00
[2026-05-29T01:57:23.287+0200] {processor.py:179} INFO - Processing /home/frederic/airflow_venv/lib/python3.10/site-packages/airflow/example_dags/example_branch_datetime_operator.py took 0.076 seconds
[2026-05-29T01:57:56.884+0200] {processor.py:157} INFO - Started process (PID=629303) to work on /home/frederic/airflow_venv/lib/python3.10/site-packages/airflow/example_dags/example_branch_datetime_operator.py
[2026-05-29T01:57:56.886+0200] {processor.py:829} INFO - Processing file /home/frederic/airflow_venv/lib/python3.10/site-packages/airflow/example_dags/example_branch_datetime_operator.py for tasks to queue
[2026-05-29T01:57:56.887+0200] {logging_mixin.py:151} INFO - [2026-05-29T01:57:56.887+0200] {dagbag.py:539} INFO - Filling up the DagBag from /home/frederic/airflow_venv/lib/python3.10/site-packages/airflow/example_dags/example_branch_datetime_operator.py
[2026-05-29T01:57:56.898+0200] {processor.py:839} INFO - DAG(s) dict_keys(['example_branch_datetime_operator_3', 'example_branch_datetime_operator', 'example_branch_datetime_operator_2']) retrieved from /home/frederic/airflow_venv/lib/python3.10/site-packages/airflow/example_dags/example_branch_datetime_operator.py
[2026-05-29T01:57:56.923+0200] {logging_mixin.py:151} INFO - [2026-05-29T01:57:56.923+0200] {dag.py:2915} INFO - Sync 3 DAGs
[2026-05-29T01:57:56.949+0200] {logging_mixin.py:151} INFO - [2026-05-29T01:57:56.949+0200] {dag.py:3696} INFO - Setting next_dagrun for example_branch_datetime_operator to 2026-05-27T00:00:00+00:00, run_after=2026-05-28T00:00:00+00:00
[2026-05-29T01:57:56.953+0200] {logging_mixin.py:151} INFO - [2026-05-29T01:57:56.953+0200] {dag.py:3696} INFO - Setting next_dagrun for example_branch_datetime_operator_2 to 2026-05-27T00:00:00+00:00, run_after=2026-05-28T00:00:00+00:00
[2026-05-29T01:57:56.957+0200] {logging_mixin.py:151} INFO - [2026-05-29T01:57:56.957+0200] {dag.py:3696} INFO - Setting next_dagrun for example_branch_datetime_operator_3 to 2026-05-27T00:00:00+00:00, run_after=2026-05-28T00:00:00+00:00
[2026-05-29T01:57:56.976+0200] {processor.py:179} INFO - Processing /home/frederic/airflow_venv/lib/python3.10/site-packages/airflow/example_dags/example_branch_datetime_operator.py took 0.095 seconds
[2026-05-29T01:58:10.975+0200] {processor.py:157} INFO - Started process (PID=629672) to work on /home/frederic/airflow_venv/lib/python3.10/site-packages/airflow/example_dags/example_branch_datetime_operator.py
[2026-05-29T01:58:10.976+0200] {processor.py:829} INFO - Processing file /home/frederic/airflow_venv/lib/python3.10/site-packages/airflow/example_dags/example_branch_datetime_operator.py for tasks to queue
[2026-05-29T01:58:10.977+0200] {logging_mixin.py:151} INFO - [2026-05-29T01:58:10.977+0200] {dagbag.py:539} INFO - Filling up the DagBag from /home/frederic/airflow_venv/lib/python3.10/site-packages/airflow/example_dags/example_branch_datetime_operator.py
[2026-05-29T01:58:10.987+0200] {processor.py:839} INFO - DAG(s) dict_keys(['example_branch_datetime_operator', 'example_branch_datetime_operator_3', 'example_branch_datetime_operator_2']) retrieved from /home/frederic/airflow_venv/lib/python3.10/site-packages/airflow/example_dags/example_branch_datetime_operator.py
[2026-05-29T01:58:11.009+0200] {logging_mixin.py:151} INFO - [2026-05-29T01:58:11.009+0200] {dag.py:2915} INFO - Sync 3 DAGs
[2026-05-29T01:58:11.031+0200] {logging_mixin.py:151} INFO - [2026-05-29T01:58:11.031+0200] {dag.py:3696} INFO - Setting next_dagrun for example_branch_datetime_operator to 2026-05-27T00:00:00+00:00, run_after=2026-05-28T00:00:00+00:00
[2026-05-29T01:58:11.036+0200] {logging_mixin.py:151} INFO - [2026-05-29T01:58:11.036+0200] {dag.py:3696} INFO - Setting next_dagrun for example_branch_datetime_operator_2 to 2026-05-27T00:00:00+00:00, run_after=2026-05-28T00:00:00+00:00
[2026-05-29T01:58:11.038+0200] {logging_mixin.py:151} INFO - [2026-05-29T01:58:11.038+0200] {dag.py:3696} INFO - Setting next_dagrun for example_branch_datetime_operator_3 to 2026-05-27T00:00:00+00:00, run_after=2026-05-28T00:00:00+00:00
[2026-05-29T01:58:11.059+0200] {processor.py:179} INFO - Processing /home/frederic/airflow_venv/lib/python3.10/site-packages/airflow/example_dags/example_branch_datetime_operator.py took 0.086 seconds
[2026-05-29T01:58:56.775+0200] {processor.py:157} INFO - Started process (PID=631399) to work on /home/frederic/airflow_venv/lib/python3.10/site-packages/airflow/example_dags/example_branch_datetime_operator.py
[2026-05-29T01:58:56.776+0200] {processor.py:829} INFO - Processing file /home/frederic/airflow_venv/lib/python3.10/site-packages/airflow/example_dags/example_branch_datetime_operator.py for tasks to queue
[2026-05-29T01:58:56.778+0200] {logging_mixin.py:151} INFO - [2026-05-29T01:58:56.777+0200] {dagbag.py:539} INFO - Filling up the DagBag from /home/frederic/airflow_venv/lib/python3.10/site-packages/airflow/example_dags/example_branch_datetime_operator.py
[2026-05-29T01:58:56.791+0200] {processor.py:839} INFO - DAG(s) dict_keys(['example_branch_datetime_operator_3', 'example_branch_datetime_operator_2', 'example_branch_datetime_operator']) retrieved from /home/frederic/airflow_venv/lib/python3.10/site-packages/airflow/example_dags/example_branch_datetime_operator.py
[2026-05-29T01:58:56.828+0200] {logging_mixin.py:151} INFO - [2026-05-29T01:58:56.828+0200] {dag.py:2915} INFO - Sync 3 DAGs
[2026-05-29T01:58:56.850+0200] {logging_mixin.py:151} INFO - [2026-05-29T01:58:56.850+0200] {dag.py:3696} INFO - Setting next_dagrun for example_branch_datetime_operator to 2026-05-27T00:00:00+00:00, run_after=2026-05-28T00:00:00+00:00
[2026-05-29T01:58:56.854+0200] {logging_mixin.py:151} INFO - [2026-05-29T01:58:56.854+0200] {dag.py:3696} INFO - Setting next_dagrun for example_branch_datetime_operator_2 to 2026-05-27T00:00:00+00:00, run_after=2026-05-28T00:00:00+00:00
[2026-05-29T01:58:56.857+0200] {logging_mixin.py:151} INFO - [2026-05-29T01:58:56.857+0200] {dag.py:3696} INFO - Setting next_dagrun for example_branch_datetime_operator_3 to 2026-05-27T00:00:00+00:00, run_after=2026-05-28T00:00:00+00:00
[2026-05-29T01:58:56.878+0200] {processor.py:179} INFO - Processing /home/frederic/airflow_venv/lib/python3.10/site-packages/airflow/example_dags/example_branch_datetime_operator.py took 0.107 seconds
[2026-05-29T01:59:04.076+0200] {processor.py:157} INFO - Started process (PID=631558) to work on /home/frederic/airflow_venv/lib/python3.10/site-packages/airflow/example_dags/example_branch_datetime_operator.py
[2026-05-29T01:59:04.077+0200] {processor.py:829} INFO - Processing file /home/frederic/airflow_venv/lib/python3.10/site-packages/airflow/example_dags/example_branch_datetime_operator.py for tasks to queue
[2026-05-29T01:59:04.077+0200] {logging_mixin.py:151} INFO - [2026-05-29T01:59:04.077+0200] {dagbag.py:539} INFO - Filling up the DagBag from /home/frederic/airflow_venv/lib/python3.10/site-packages/airflow/example_dags/example_branch_datetime_operator.py
[2026-05-29T01:59:04.087+0200] {processor.py:839} INFO - DAG(s) dict_keys(['example_branch_datetime_operator_2', 'example_branch_datetime_operator', 'example_branch_datetime_operator_3']) retrieved from /home/frederic/airflow_venv/lib/python3.10/site-packages/airflow/example_dags/example_branch_datetime_operator.py
[2026-05-29T01:59:04.105+0200] {logging_mixin.py:151} INFO - [2026-05-29T01:59:04.105+0200] {dag.py:2915} INFO - Sync 3 DAGs
[2026-05-29T01:59:04.124+0200] {logging_mixin.py:151} INFO - [2026-05-29T01:59:04.124+0200] {dag.py:3696} INFO - Setting next_dagrun for example_branch_datetime_operator to 2026-05-27T00:00:00+00:00, run_after=2026-05-28T00:00:00+00:00
[2026-05-29T01:59:04.128+0200] {logging_mixin.py:151} INFO - [2026-05-29T01:59:04.128+0200] {dag.py:3696} INFO - Setting next_dagrun for example_branch_datetime_operator_2 to 2026-05-27T00:00:00+00:00, run_after=2026-05-28T00:00:00+00:00
[2026-05-29T01:59:04.130+0200] {logging_mixin.py:151} INFO - [2026-05-29T01:59:04.130+0200] {dag.py:3696} INFO - Setting next_dagrun for example_branch_datetime_operator_3 to 2026-05-27T00:00:00+00:00, run_after=2026-05-28T00:00:00+00:00
[2026-05-29T01:59:04.148+0200] {processor.py:179} INFO - Processing /home/frederic/airflow_venv/lib/python3.10/site-packages/airflow/example_dags/example_branch_datetime_operator.py took 0.074 seconds
[2026-05-29T01:59:45.521+0200] {processor.py:157} INFO - Started process (PID=632749) to work on /home/frederic/airflow_venv/lib/python3.10/site-packages/airflow/example_dags/example_branch_datetime_operator.py
[2026-05-29T01:59:45.522+0200] {processor.py:829} INFO - Processing file /home/frederic/airflow_venv/lib/python3.10/site-packages/airflow/example_dags/example_branch_datetime_operator.py for tasks to queue
[2026-05-29T01:59:45.523+0200] {logging_mixin.py:151} INFO - [2026-05-29T01:59:45.523+0200] {dagbag.py:539} INFO - Filling up the DagBag from /home/frederic/airflow_venv/lib/python3.10/site-packages/airflow/example_dags/example_branch_datetime_operator.py
[2026-05-29T01:59:45.533+0200] {processor.py:839} INFO - DAG(s) dict_keys(['example_branch_datetime_operator_3', 'example_branch_datetime_operator', 'example_branch_datetime_operator_2']) retrieved from /home/frederic/airflow_venv/lib/python3.10/site-packages/airflow/example_dags/example_branch_datetime_operator.py
[2026-05-29T01:59:45.552+0200] {logging_mixin.py:151} INFO - [2026-05-29T01:59:45.552+0200] {dag.py:2915} INFO - Sync 3 DAGs
[2026-05-29T01:59:45.571+0200] {logging_mixin.py:151} INFO - [2026-05-29T01:59:45.571+0200] {dag.py:3696} INFO - Setting next_dagrun for example_branch_datetime_operator to 2026-05-27T00:00:00+00:00, run_after=2026-05-28T00:00:00+00:00
[2026-05-29T01:59:45.577+0200] {logging_mixin.py:151} INFO - [2026-05-29T01:59:45.577+0200] {dag.py:3696} INFO - Setting next_dagrun for example_branch_datetime_operator_2 to 2026-05-27T00:00:00+00:00, run_after=2026-05-28T00:00:00+00:00
[2026-05-29T01:59:45.579+0200] {logging_mixin.py:151} INFO - [2026-05-29T01:59:45.579+0200] {dag.py:3696} INFO - Setting next_dagrun for example_branch_datetime_operator_3 to 2026-05-27T00:00:00+00:00, run_after=2026-05-28T00:00:00+00:00
[2026-05-29T01:59:45.594+0200] {processor.py:179} INFO - Processing /home/frederic/airflow_venv/lib/python3.10/site-packages/airflow/example_dags/example_branch_datetime_operator.py took 0.075 seconds
[2026-05-29T01:59:50.630+0200] {processor.py:157} INFO - Started process (PID=632891) to work on /home/frederic/airflow_venv/lib/python3.10/site-packages/airflow/example_dags/example_branch_datetime_operator.py
[2026-05-29T01:59:50.630+0200] {processor.py:829} INFO - Processing file /home/frederic/airflow_venv/lib/python3.10/site-packages/airflow/example_dags/example_branch_datetime_operator.py for tasks to queue
[2026-05-29T01:59:50.631+0200] {logging_mixin.py:151} INFO - [2026-05-29T01:59:50.631+0200] {dagbag.py:539} INFO - Filling up the DagBag from /home/frederic/airflow_venv/lib/python3.10/site-packages/airflow/example_dags/example_branch_datetime_operator.py
[2026-05-29T01:59:50.641+0200] {processor.py:839} INFO - DAG(s) dict_keys(['example_branch_datetime_operator', 'example_branch_datetime_operator_3', 'example_branch_datetime_operator_2']) retrieved from /home/frederic/airflow_venv/lib/python3.10/site-packages/airflow/example_dags/example_branch_datetime_operator.py
[2026-05-29T01:59:50.660+0200] {logging_mixin.py:151} INFO - [2026-05-29T01:59:50.660+0200] {dag.py:2915} INFO - Sync 3 DAGs
[2026-05-29T01:59:50.681+0200] {logging_mixin.py:151} INFO - [2026-05-29T01:59:50.681+0200] {dag.py:3696} INFO - Setting next_dagrun for example_branch_datetime_operator to 2026-05-27T00:00:00+00:00, run_after=2026-05-28T00:00:00+00:00
[2026-05-29T01:59:50.687+0200] {logging_mixin.py:151} INFO - [2026-05-29T01:59:50.687+0200] {dag.py:3696} INFO - Setting next_dagrun for example_branch_datetime_operator_2 to 2026-05-27T00:00:00+00:00, run_after=2026-05-28T00:00:00+00:00
[2026-05-29T01:59:50.690+0200] {logging_mixin.py:151} INFO - [2026-05-29T01:59:50.690+0200] {dag.py:3696} INFO - Setting next_dagrun for example_branch_datetime_operator_3 to 2026-05-27T00:00:00+00:00, run_after=2026-05-28T00:00:00+00:00
[2026-05-29T01:59:50.706+0200] {processor.py:179} INFO - Processing /home/frederic/airflow_venv/lib/python3.10/site-packages/airflow/example_dags/example_branch_datetime_operator.py took 0.079 seconds
