[2026-05-29T01:36:51.121+0200] {processor.py:157} INFO - Started process (PID=594121) to work on /home/frederic/airflow_venv/lib/python3.10/site-packages/airflow/example_dags/example_sla_dag.py
[2026-05-29T01:36:51.121+0200] {processor.py:829} INFO - Processing file /home/frederic/airflow_venv/lib/python3.10/site-packages/airflow/example_dags/example_sla_dag.py for tasks to queue
[2026-05-29T01:36:51.122+0200] {logging_mixin.py:151} INFO - [2026-05-29T01:36:51.122+0200] {dagbag.py:539} INFO - Filling up the DagBag from /home/frederic/airflow_venv/lib/python3.10/site-packages/airflow/example_dags/example_sla_dag.py
[2026-05-29T01:36:51.129+0200] {processor.py:839} INFO - DAG(s) dict_keys(['example_sla_dag']) retrieved from /home/frederic/airflow_venv/lib/python3.10/site-packages/airflow/example_dags/example_sla_dag.py
[2026-05-29T01:36:51.210+0200] {logging_mixin.py:151} INFO - [2026-05-29T01:36:51.210+0200] {manager.py:499} INFO - Created Permission View: %s
[2026-05-29T01:36:51.219+0200] {logging_mixin.py:151} INFO - [2026-05-29T01:36:51.218+0200] {manager.py:499} INFO - Created Permission View: %s
[2026-05-29T01:36:51.224+0200] {logging_mixin.py:151} INFO - [2026-05-29T01:36:51.224+0200] {manager.py:499} INFO - Created Permission View: %s
[2026-05-29T01:36:51.224+0200] {logging_mixin.py:151} INFO - [2026-05-29T01:36:51.224+0200] {security.py:708} INFO - Not syncing DAG-level permissions for DAG 'DAG:example_sla_dag' as access control is unset.
[2026-05-29T01:36:51.225+0200] {logging_mixin.py:151} INFO - [2026-05-29T01:36:51.225+0200] {dag.py:2915} INFO - Sync 1 DAGs
[2026-05-29T01:36:51.233+0200] {logging_mixin.py:151} INFO - [2026-05-29T01:36:51.233+0200] {dag.py:2937} INFO - Creating ORM DAG for example_sla_dag
[2026-05-29T01:36:51.243+0200] {logging_mixin.py:151} INFO - [2026-05-29T01:36:51.243+0200] {dag.py:3696} INFO - Setting next_dagrun for example_sla_dag to 2026-05-28T23:34:00+00:00, run_after=2026-05-28T23:36:00+00:00
[2026-05-29T01:36:51.256+0200] {processor.py:179} INFO - Processing /home/frederic/airflow_venv/lib/python3.10/site-packages/airflow/example_dags/example_sla_dag.py took 0.138 seconds
[2026-05-29T01:37:36.362+0200] {processor.py:157} INFO - Started process (PID=594991) to work on /home/frederic/airflow_venv/lib/python3.10/site-packages/airflow/example_dags/example_sla_dag.py
[2026-05-29T01:37:36.362+0200] {processor.py:829} INFO - Processing file /home/frederic/airflow_venv/lib/python3.10/site-packages/airflow/example_dags/example_sla_dag.py for tasks to queue
[2026-05-29T01:37:36.363+0200] {logging_mixin.py:151} INFO - [2026-05-29T01:37:36.363+0200] {dagbag.py:539} INFO - Filling up the DagBag from /home/frederic/airflow_venv/lib/python3.10/site-packages/airflow/example_dags/example_sla_dag.py
[2026-05-29T01:37:36.370+0200] {processor.py:839} INFO - DAG(s) dict_keys(['example_sla_dag']) retrieved from /home/frederic/airflow_venv/lib/python3.10/site-packages/airflow/example_dags/example_sla_dag.py
[2026-05-29T01:37:36.381+0200] {logging_mixin.py:151} INFO - [2026-05-29T01:37:36.381+0200] {dag.py:2915} INFO - Sync 1 DAGs
[2026-05-29T01:37:36.400+0200] {logging_mixin.py:151} INFO - [2026-05-29T01:37:36.400+0200] {dag.py:3696} INFO - Setting next_dagrun for example_sla_dag to 2026-05-28T23:34:00+00:00, run_after=2026-05-28T23:36:00+00:00
[2026-05-29T01:37:36.420+0200] {processor.py:179} INFO - Processing /home/frederic/airflow_venv/lib/python3.10/site-packages/airflow/example_dags/example_sla_dag.py took 0.060 seconds
[2026-05-29T01:38:22.622+0200] {processor.py:157} INFO - Started process (PID=595900) to work on /home/frederic/airflow_venv/lib/python3.10/site-packages/airflow/example_dags/example_sla_dag.py
[2026-05-29T01:38:22.624+0200] {processor.py:829} INFO - Processing file /home/frederic/airflow_venv/lib/python3.10/site-packages/airflow/example_dags/example_sla_dag.py for tasks to queue
[2026-05-29T01:38:22.624+0200] {logging_mixin.py:151} INFO - [2026-05-29T01:38:22.624+0200] {dagbag.py:539} INFO - Filling up the DagBag from /home/frederic/airflow_venv/lib/python3.10/site-packages/airflow/example_dags/example_sla_dag.py
[2026-05-29T01:38:22.632+0200] {processor.py:839} INFO - DAG(s) dict_keys(['example_sla_dag']) retrieved from /home/frederic/airflow_venv/lib/python3.10/site-packages/airflow/example_dags/example_sla_dag.py
[2026-05-29T01:38:22.644+0200] {logging_mixin.py:151} INFO - [2026-05-29T01:38:22.644+0200] {dag.py:2915} INFO - Sync 1 DAGs
[2026-05-29T01:38:22.669+0200] {logging_mixin.py:151} INFO - [2026-05-29T01:38:22.668+0200] {dag.py:3696} INFO - Setting next_dagrun for example_sla_dag to 2026-05-28T23:36:00+00:00, run_after=2026-05-28T23:38:00+00:00
[2026-05-29T01:38:22.685+0200] {processor.py:179} INFO - Processing /home/frederic/airflow_venv/lib/python3.10/site-packages/airflow/example_dags/example_sla_dag.py took 0.066 seconds
[2026-05-29T01:39:05.737+0200] {processor.py:157} INFO - Started process (PID=596896) to work on /home/frederic/airflow_venv/lib/python3.10/site-packages/airflow/example_dags/example_sla_dag.py
[2026-05-29T01:39:05.738+0200] {processor.py:829} INFO - Processing file /home/frederic/airflow_venv/lib/python3.10/site-packages/airflow/example_dags/example_sla_dag.py for tasks to queue
[2026-05-29T01:39:05.739+0200] {logging_mixin.py:151} INFO - [2026-05-29T01:39:05.739+0200] {dagbag.py:539} INFO - Filling up the DagBag from /home/frederic/airflow_venv/lib/python3.10/site-packages/airflow/example_dags/example_sla_dag.py
[2026-05-29T01:39:05.747+0200] {processor.py:839} INFO - DAG(s) dict_keys(['example_sla_dag']) retrieved from /home/frederic/airflow_venv/lib/python3.10/site-packages/airflow/example_dags/example_sla_dag.py
[2026-05-29T01:39:05.759+0200] {logging_mixin.py:151} INFO - [2026-05-29T01:39:05.759+0200] {dag.py:2915} INFO - Sync 1 DAGs
[2026-05-29T01:39:05.778+0200] {logging_mixin.py:151} INFO - [2026-05-29T01:39:05.778+0200] {dag.py:3696} INFO - Setting next_dagrun for example_sla_dag to 2026-05-28T23:36:00+00:00, run_after=2026-05-28T23:38:00+00:00
[2026-05-29T01:39:05.799+0200] {processor.py:179} INFO - Processing /home/frederic/airflow_venv/lib/python3.10/site-packages/airflow/example_dags/example_sla_dag.py took 0.064 seconds
[2026-05-29T01:39:51.064+0200] {processor.py:157} INFO - Started process (PID=597950) to work on /home/frederic/airflow_venv/lib/python3.10/site-packages/airflow/example_dags/example_sla_dag.py
[2026-05-29T01:39:51.065+0200] {processor.py:829} INFO - Processing file /home/frederic/airflow_venv/lib/python3.10/site-packages/airflow/example_dags/example_sla_dag.py for tasks to queue
[2026-05-29T01:39:51.066+0200] {logging_mixin.py:151} INFO - [2026-05-29T01:39:51.066+0200] {dagbag.py:539} INFO - Filling up the DagBag from /home/frederic/airflow_venv/lib/python3.10/site-packages/airflow/example_dags/example_sla_dag.py
[2026-05-29T01:39:51.074+0200] {processor.py:839} INFO - DAG(s) dict_keys(['example_sla_dag']) retrieved from /home/frederic/airflow_venv/lib/python3.10/site-packages/airflow/example_dags/example_sla_dag.py
[2026-05-29T01:39:51.086+0200] {logging_mixin.py:151} INFO - [2026-05-29T01:39:51.086+0200] {dag.py:2915} INFO - Sync 1 DAGs
[2026-05-29T01:39:51.104+0200] {logging_mixin.py:151} INFO - [2026-05-29T01:39:51.104+0200] {dag.py:3696} INFO - Setting next_dagrun for example_sla_dag to 2026-05-28T23:36:00+00:00, run_after=2026-05-28T23:38:00+00:00
[2026-05-29T01:39:51.118+0200] {processor.py:179} INFO - Processing /home/frederic/airflow_venv/lib/python3.10/site-packages/airflow/example_dags/example_sla_dag.py took 0.057 seconds
[2026-05-29T01:40:40.302+0200] {processor.py:157} INFO - Started process (PID=599211) to work on /home/frederic/airflow_venv/lib/python3.10/site-packages/airflow/example_dags/example_sla_dag.py
[2026-05-29T01:40:40.303+0200] {processor.py:829} INFO - Processing file /home/frederic/airflow_venv/lib/python3.10/site-packages/airflow/example_dags/example_sla_dag.py for tasks to queue
[2026-05-29T01:40:40.304+0200] {logging_mixin.py:151} INFO - [2026-05-29T01:40:40.303+0200] {dagbag.py:539} INFO - Filling up the DagBag from /home/frederic/airflow_venv/lib/python3.10/site-packages/airflow/example_dags/example_sla_dag.py
[2026-05-29T01:40:40.311+0200] {processor.py:839} INFO - DAG(s) dict_keys(['example_sla_dag']) retrieved from /home/frederic/airflow_venv/lib/python3.10/site-packages/airflow/example_dags/example_sla_dag.py
[2026-05-29T01:40:40.322+0200] {logging_mixin.py:151} INFO - [2026-05-29T01:40:40.322+0200] {dag.py:2915} INFO - Sync 1 DAGs
[2026-05-29T01:40:40.341+0200] {logging_mixin.py:151} INFO - [2026-05-29T01:40:40.341+0200] {dag.py:3696} INFO - Setting next_dagrun for example_sla_dag to 2026-05-28T23:38:00+00:00, run_after=2026-05-28T23:40:00+00:00
[2026-05-29T01:40:40.355+0200] {processor.py:179} INFO - Processing /home/frederic/airflow_venv/lib/python3.10/site-packages/airflow/example_dags/example_sla_dag.py took 0.056 seconds
[2026-05-29T01:41:24.754+0200] {processor.py:157} INFO - Started process (PID=600105) to work on /home/frederic/airflow_venv/lib/python3.10/site-packages/airflow/example_dags/example_sla_dag.py
[2026-05-29T01:41:24.756+0200] {processor.py:829} INFO - Processing file /home/frederic/airflow_venv/lib/python3.10/site-packages/airflow/example_dags/example_sla_dag.py for tasks to queue
[2026-05-29T01:41:24.756+0200] {logging_mixin.py:151} INFO - [2026-05-29T01:41:24.756+0200] {dagbag.py:539} INFO - Filling up the DagBag from /home/frederic/airflow_venv/lib/python3.10/site-packages/airflow/example_dags/example_sla_dag.py
[2026-05-29T01:41:24.766+0200] {processor.py:839} INFO - DAG(s) dict_keys(['example_sla_dag']) retrieved from /home/frederic/airflow_venv/lib/python3.10/site-packages/airflow/example_dags/example_sla_dag.py
[2026-05-29T01:41:24.782+0200] {logging_mixin.py:151} INFO - [2026-05-29T01:41:24.782+0200] {dag.py:2915} INFO - Sync 1 DAGs
[2026-05-29T01:41:24.804+0200] {logging_mixin.py:151} INFO - [2026-05-29T01:41:24.803+0200] {dag.py:3696} INFO - Setting next_dagrun for example_sla_dag to 2026-05-28T23:38:00+00:00, run_after=2026-05-28T23:40:00+00:00
[2026-05-29T01:41:24.822+0200] {processor.py:179} INFO - Processing /home/frederic/airflow_venv/lib/python3.10/site-packages/airflow/example_dags/example_sla_dag.py took 0.072 seconds
[2026-05-29T01:42:05.882+0200] {processor.py:157} INFO - Started process (PID=601193) to work on /home/frederic/airflow_venv/lib/python3.10/site-packages/airflow/example_dags/example_sla_dag.py
[2026-05-29T01:42:05.883+0200] {processor.py:829} INFO - Processing file /home/frederic/airflow_venv/lib/python3.10/site-packages/airflow/example_dags/example_sla_dag.py for tasks to queue
[2026-05-29T01:42:05.884+0200] {logging_mixin.py:151} INFO - [2026-05-29T01:42:05.884+0200] {dagbag.py:539} INFO - Filling up the DagBag from /home/frederic/airflow_venv/lib/python3.10/site-packages/airflow/example_dags/example_sla_dag.py
[2026-05-29T01:42:05.896+0200] {processor.py:839} INFO - DAG(s) dict_keys(['example_sla_dag']) retrieved from /home/frederic/airflow_venv/lib/python3.10/site-packages/airflow/example_dags/example_sla_dag.py
[2026-05-29T01:42:05.914+0200] {logging_mixin.py:151} INFO - [2026-05-29T01:42:05.914+0200] {dag.py:2915} INFO - Sync 1 DAGs
[2026-05-29T01:42:05.947+0200] {logging_mixin.py:151} INFO - [2026-05-29T01:42:05.946+0200] {dag.py:3696} INFO - Setting next_dagrun for example_sla_dag to 2026-05-28T23:40:00+00:00, run_after=2026-05-28T23:42:00+00:00
[2026-05-29T01:42:05.966+0200] {processor.py:179} INFO - Processing /home/frederic/airflow_venv/lib/python3.10/site-packages/airflow/example_dags/example_sla_dag.py took 0.089 seconds
[2026-05-29T01:42:52.736+0200] {processor.py:157} INFO - Started process (PID=602084) to work on /home/frederic/airflow_venv/lib/python3.10/site-packages/airflow/example_dags/example_sla_dag.py
[2026-05-29T01:42:52.739+0200] {processor.py:829} INFO - Processing file /home/frederic/airflow_venv/lib/python3.10/site-packages/airflow/example_dags/example_sla_dag.py for tasks to queue
[2026-05-29T01:42:52.740+0200] {logging_mixin.py:151} INFO - [2026-05-29T01:42:52.740+0200] {dagbag.py:539} INFO - Filling up the DagBag from /home/frederic/airflow_venv/lib/python3.10/site-packages/airflow/example_dags/example_sla_dag.py
[2026-05-29T01:42:52.747+0200] {processor.py:839} INFO - DAG(s) dict_keys(['example_sla_dag']) retrieved from /home/frederic/airflow_venv/lib/python3.10/site-packages/airflow/example_dags/example_sla_dag.py
[2026-05-29T01:42:52.761+0200] {logging_mixin.py:151} INFO - [2026-05-29T01:42:52.760+0200] {dag.py:2915} INFO - Sync 1 DAGs
[2026-05-29T01:42:52.779+0200] {logging_mixin.py:151} INFO - [2026-05-29T01:42:52.779+0200] {dag.py:3696} INFO - Setting next_dagrun for example_sla_dag to 2026-05-28T23:40:00+00:00, run_after=2026-05-28T23:42:00+00:00
[2026-05-29T01:42:52.794+0200] {processor.py:179} INFO - Processing /home/frederic/airflow_venv/lib/python3.10/site-packages/airflow/example_dags/example_sla_dag.py took 0.062 seconds
[2026-05-29T01:43:39.374+0200] {processor.py:157} INFO - Started process (PID=602964) to work on /home/frederic/airflow_venv/lib/python3.10/site-packages/airflow/example_dags/example_sla_dag.py
[2026-05-29T01:43:39.375+0200] {processor.py:829} INFO - Processing file /home/frederic/airflow_venv/lib/python3.10/site-packages/airflow/example_dags/example_sla_dag.py for tasks to queue
[2026-05-29T01:43:39.376+0200] {logging_mixin.py:151} INFO - [2026-05-29T01:43:39.376+0200] {dagbag.py:539} INFO - Filling up the DagBag from /home/frederic/airflow_venv/lib/python3.10/site-packages/airflow/example_dags/example_sla_dag.py
[2026-05-29T01:43:39.383+0200] {processor.py:839} INFO - DAG(s) dict_keys(['example_sla_dag']) retrieved from /home/frederic/airflow_venv/lib/python3.10/site-packages/airflow/example_dags/example_sla_dag.py
[2026-05-29T01:43:39.395+0200] {logging_mixin.py:151} INFO - [2026-05-29T01:43:39.395+0200] {dag.py:2915} INFO - Sync 1 DAGs
[2026-05-29T01:43:39.415+0200] {logging_mixin.py:151} INFO - [2026-05-29T01:43:39.415+0200] {dag.py:3696} INFO - Setting next_dagrun for example_sla_dag to 2026-05-28T23:40:00+00:00, run_after=2026-05-28T23:42:00+00:00
[2026-05-29T01:43:39.433+0200] {processor.py:179} INFO - Processing /home/frederic/airflow_venv/lib/python3.10/site-packages/airflow/example_dags/example_sla_dag.py took 0.061 seconds
[2026-05-29T01:44:29.920+0200] {processor.py:157} INFO - Started process (PID=603842) to work on /home/frederic/airflow_venv/lib/python3.10/site-packages/airflow/example_dags/example_sla_dag.py
[2026-05-29T01:44:29.923+0200] {processor.py:829} INFO - Processing file /home/frederic/airflow_venv/lib/python3.10/site-packages/airflow/example_dags/example_sla_dag.py for tasks to queue
[2026-05-29T01:44:29.924+0200] {logging_mixin.py:151} INFO - [2026-05-29T01:44:29.924+0200] {dagbag.py:539} INFO - Filling up the DagBag from /home/frederic/airflow_venv/lib/python3.10/site-packages/airflow/example_dags/example_sla_dag.py
[2026-05-29T01:44:29.931+0200] {processor.py:839} INFO - DAG(s) dict_keys(['example_sla_dag']) retrieved from /home/frederic/airflow_venv/lib/python3.10/site-packages/airflow/example_dags/example_sla_dag.py
[2026-05-29T01:44:29.943+0200] {logging_mixin.py:151} INFO - [2026-05-29T01:44:29.943+0200] {dag.py:2915} INFO - Sync 1 DAGs
[2026-05-29T01:44:29.962+0200] {logging_mixin.py:151} INFO - [2026-05-29T01:44:29.962+0200] {dag.py:3696} INFO - Setting next_dagrun for example_sla_dag to 2026-05-28T23:42:00+00:00, run_after=2026-05-28T23:44:00+00:00
[2026-05-29T01:44:29.977+0200] {processor.py:179} INFO - Processing /home/frederic/airflow_venv/lib/python3.10/site-packages/airflow/example_dags/example_sla_dag.py took 0.058 seconds
[2026-05-29T01:45:16.158+0200] {processor.py:157} INFO - Started process (PID=605422) to work on /home/frederic/airflow_venv/lib/python3.10/site-packages/airflow/example_dags/example_sla_dag.py
[2026-05-29T01:45:16.159+0200] {processor.py:829} INFO - Processing file /home/frederic/airflow_venv/lib/python3.10/site-packages/airflow/example_dags/example_sla_dag.py for tasks to queue
[2026-05-29T01:45:16.159+0200] {logging_mixin.py:151} INFO - [2026-05-29T01:45:16.159+0200] {dagbag.py:539} INFO - Filling up the DagBag from /home/frederic/airflow_venv/lib/python3.10/site-packages/airflow/example_dags/example_sla_dag.py
[2026-05-29T01:45:16.166+0200] {processor.py:839} INFO - DAG(s) dict_keys(['example_sla_dag']) retrieved from /home/frederic/airflow_venv/lib/python3.10/site-packages/airflow/example_dags/example_sla_dag.py
[2026-05-29T01:45:16.178+0200] {logging_mixin.py:151} INFO - [2026-05-29T01:45:16.178+0200] {dag.py:2915} INFO - Sync 1 DAGs
[2026-05-29T01:45:16.197+0200] {logging_mixin.py:151} INFO - [2026-05-29T01:45:16.197+0200] {dag.py:3696} INFO - Setting next_dagrun for example_sla_dag to 2026-05-28T23:42:00+00:00, run_after=2026-05-28T23:44:00+00:00
[2026-05-29T01:45:16.210+0200] {processor.py:179} INFO - Processing /home/frederic/airflow_venv/lib/python3.10/site-packages/airflow/example_dags/example_sla_dag.py took 0.055 seconds
[2026-05-29T01:46:09.109+0200] {processor.py:157} INFO - Started process (PID=607757) to work on /home/frederic/airflow_venv/lib/python3.10/site-packages/airflow/example_dags/example_sla_dag.py
[2026-05-29T01:46:09.112+0200] {processor.py:829} INFO - Processing file /home/frederic/airflow_venv/lib/python3.10/site-packages/airflow/example_dags/example_sla_dag.py for tasks to queue
[2026-05-29T01:46:09.113+0200] {logging_mixin.py:151} INFO - [2026-05-29T01:46:09.112+0200] {dagbag.py:539} INFO - Filling up the DagBag from /home/frederic/airflow_venv/lib/python3.10/site-packages/airflow/example_dags/example_sla_dag.py
[2026-05-29T01:46:09.120+0200] {processor.py:839} INFO - DAG(s) dict_keys(['example_sla_dag']) retrieved from /home/frederic/airflow_venv/lib/python3.10/site-packages/airflow/example_dags/example_sla_dag.py
[2026-05-29T01:46:09.131+0200] {logging_mixin.py:151} INFO - [2026-05-29T01:46:09.131+0200] {dag.py:2915} INFO - Sync 1 DAGs
[2026-05-29T01:46:09.150+0200] {logging_mixin.py:151} INFO - [2026-05-29T01:46:09.150+0200] {dag.py:3696} INFO - Setting next_dagrun for example_sla_dag to 2026-05-28T23:44:00+00:00, run_after=2026-05-28T23:46:00+00:00
[2026-05-29T01:46:09.164+0200] {processor.py:179} INFO - Processing /home/frederic/airflow_venv/lib/python3.10/site-packages/airflow/example_dags/example_sla_dag.py took 0.058 seconds
[2026-05-29T01:46:54.356+0200] {processor.py:157} INFO - Started process (PID=609460) to work on /home/frederic/airflow_venv/lib/python3.10/site-packages/airflow/example_dags/example_sla_dag.py
[2026-05-29T01:46:54.359+0200] {processor.py:829} INFO - Processing file /home/frederic/airflow_venv/lib/python3.10/site-packages/airflow/example_dags/example_sla_dag.py for tasks to queue
[2026-05-29T01:46:54.360+0200] {logging_mixin.py:151} INFO - [2026-05-29T01:46:54.360+0200] {dagbag.py:539} INFO - Filling up the DagBag from /home/frederic/airflow_venv/lib/python3.10/site-packages/airflow/example_dags/example_sla_dag.py
[2026-05-29T01:46:54.366+0200] {processor.py:839} INFO - DAG(s) dict_keys(['example_sla_dag']) retrieved from /home/frederic/airflow_venv/lib/python3.10/site-packages/airflow/example_dags/example_sla_dag.py
[2026-05-29T01:46:54.378+0200] {logging_mixin.py:151} INFO - [2026-05-29T01:46:54.377+0200] {dag.py:2915} INFO - Sync 1 DAGs
[2026-05-29T01:46:54.395+0200] {logging_mixin.py:151} INFO - [2026-05-29T01:46:54.395+0200] {dag.py:3696} INFO - Setting next_dagrun for example_sla_dag to 2026-05-28T23:44:00+00:00, run_after=2026-05-28T23:46:00+00:00
[2026-05-29T01:46:54.409+0200] {processor.py:179} INFO - Processing /home/frederic/airflow_venv/lib/python3.10/site-packages/airflow/example_dags/example_sla_dag.py took 0.055 seconds
[2026-05-29T01:47:38.865+0200] {processor.py:157} INFO - Started process (PID=610665) to work on /home/frederic/airflow_venv/lib/python3.10/site-packages/airflow/example_dags/example_sla_dag.py
[2026-05-29T01:47:38.869+0200] {processor.py:829} INFO - Processing file /home/frederic/airflow_venv/lib/python3.10/site-packages/airflow/example_dags/example_sla_dag.py for tasks to queue
[2026-05-29T01:47:38.869+0200] {logging_mixin.py:151} INFO - [2026-05-29T01:47:38.869+0200] {dagbag.py:539} INFO - Filling up the DagBag from /home/frederic/airflow_venv/lib/python3.10/site-packages/airflow/example_dags/example_sla_dag.py
[2026-05-29T01:47:38.876+0200] {processor.py:839} INFO - DAG(s) dict_keys(['example_sla_dag']) retrieved from /home/frederic/airflow_venv/lib/python3.10/site-packages/airflow/example_dags/example_sla_dag.py
[2026-05-29T01:47:38.888+0200] {logging_mixin.py:151} INFO - [2026-05-29T01:47:38.887+0200] {dag.py:2915} INFO - Sync 1 DAGs
[2026-05-29T01:47:38.907+0200] {logging_mixin.py:151} INFO - [2026-05-29T01:47:38.907+0200] {dag.py:3696} INFO - Setting next_dagrun for example_sla_dag to 2026-05-28T23:44:00+00:00, run_after=2026-05-28T23:46:00+00:00
[2026-05-29T01:47:38.922+0200] {processor.py:179} INFO - Processing /home/frederic/airflow_venv/lib/python3.10/site-packages/airflow/example_dags/example_sla_dag.py took 0.059 seconds
[2026-05-29T01:48:22.809+0200] {processor.py:157} INFO - Started process (PID=612008) to work on /home/frederic/airflow_venv/lib/python3.10/site-packages/airflow/example_dags/example_sla_dag.py
[2026-05-29T01:48:22.813+0200] {processor.py:829} INFO - Processing file /home/frederic/airflow_venv/lib/python3.10/site-packages/airflow/example_dags/example_sla_dag.py for tasks to queue
[2026-05-29T01:48:22.813+0200] {logging_mixin.py:151} INFO - [2026-05-29T01:48:22.813+0200] {dagbag.py:539} INFO - Filling up the DagBag from /home/frederic/airflow_venv/lib/python3.10/site-packages/airflow/example_dags/example_sla_dag.py
[2026-05-29T01:48:22.820+0200] {processor.py:839} INFO - DAG(s) dict_keys(['example_sla_dag']) retrieved from /home/frederic/airflow_venv/lib/python3.10/site-packages/airflow/example_dags/example_sla_dag.py
[2026-05-29T01:48:22.831+0200] {logging_mixin.py:151} INFO - [2026-05-29T01:48:22.831+0200] {dag.py:2915} INFO - Sync 1 DAGs
[2026-05-29T01:48:22.853+0200] {logging_mixin.py:151} INFO - [2026-05-29T01:48:22.852+0200] {dag.py:3696} INFO - Setting next_dagrun for example_sla_dag to 2026-05-28T23:46:00+00:00, run_after=2026-05-28T23:48:00+00:00
[2026-05-29T01:48:22.868+0200] {processor.py:179} INFO - Processing /home/frederic/airflow_venv/lib/python3.10/site-packages/airflow/example_dags/example_sla_dag.py took 0.060 seconds
[2026-05-29T01:49:06.804+0200] {processor.py:157} INFO - Started process (PID=613122) to work on /home/frederic/airflow_venv/lib/python3.10/site-packages/airflow/example_dags/example_sla_dag.py
[2026-05-29T01:49:06.808+0200] {processor.py:829} INFO - Processing file /home/frederic/airflow_venv/lib/python3.10/site-packages/airflow/example_dags/example_sla_dag.py for tasks to queue
[2026-05-29T01:49:06.809+0200] {logging_mixin.py:151} INFO - [2026-05-29T01:49:06.808+0200] {dagbag.py:539} INFO - Filling up the DagBag from /home/frederic/airflow_venv/lib/python3.10/site-packages/airflow/example_dags/example_sla_dag.py
[2026-05-29T01:49:06.816+0200] {processor.py:839} INFO - DAG(s) dict_keys(['example_sla_dag']) retrieved from /home/frederic/airflow_venv/lib/python3.10/site-packages/airflow/example_dags/example_sla_dag.py
[2026-05-29T01:49:06.827+0200] {logging_mixin.py:151} INFO - [2026-05-29T01:49:06.827+0200] {dag.py:2915} INFO - Sync 1 DAGs
[2026-05-29T01:49:06.845+0200] {logging_mixin.py:151} INFO - [2026-05-29T01:49:06.845+0200] {dag.py:3696} INFO - Setting next_dagrun for example_sla_dag to 2026-05-28T23:46:00+00:00, run_after=2026-05-28T23:48:00+00:00
[2026-05-29T01:49:06.860+0200] {processor.py:179} INFO - Processing /home/frederic/airflow_venv/lib/python3.10/site-packages/airflow/example_dags/example_sla_dag.py took 0.058 seconds
[2026-05-29T01:49:50.194+0200] {processor.py:157} INFO - Started process (PID=614323) to work on /home/frederic/airflow_venv/lib/python3.10/site-packages/airflow/example_dags/example_sla_dag.py
[2026-05-29T01:49:50.195+0200] {processor.py:829} INFO - Processing file /home/frederic/airflow_venv/lib/python3.10/site-packages/airflow/example_dags/example_sla_dag.py for tasks to queue
[2026-05-29T01:49:50.196+0200] {logging_mixin.py:151} INFO - [2026-05-29T01:49:50.196+0200] {dagbag.py:539} INFO - Filling up the DagBag from /home/frederic/airflow_venv/lib/python3.10/site-packages/airflow/example_dags/example_sla_dag.py
[2026-05-29T01:49:50.203+0200] {processor.py:839} INFO - DAG(s) dict_keys(['example_sla_dag']) retrieved from /home/frederic/airflow_venv/lib/python3.10/site-packages/airflow/example_dags/example_sla_dag.py
[2026-05-29T01:49:50.214+0200] {logging_mixin.py:151} INFO - [2026-05-29T01:49:50.214+0200] {dag.py:2915} INFO - Sync 1 DAGs
[2026-05-29T01:49:50.234+0200] {logging_mixin.py:151} INFO - [2026-05-29T01:49:50.233+0200] {dag.py:3696} INFO - Setting next_dagrun for example_sla_dag to 2026-05-28T23:46:00+00:00, run_after=2026-05-28T23:48:00+00:00
[2026-05-29T01:49:50.251+0200] {processor.py:179} INFO - Processing /home/frederic/airflow_venv/lib/python3.10/site-packages/airflow/example_dags/example_sla_dag.py took 0.059 seconds
[2026-05-29T01:50:30.500+0200] {processor.py:157} INFO - Started process (PID=615602) to work on /home/frederic/airflow_venv/lib/python3.10/site-packages/airflow/example_dags/example_sla_dag.py
[2026-05-29T01:50:30.501+0200] {processor.py:829} INFO - Processing file /home/frederic/airflow_venv/lib/python3.10/site-packages/airflow/example_dags/example_sla_dag.py for tasks to queue
[2026-05-29T01:50:30.502+0200] {logging_mixin.py:151} INFO - [2026-05-29T01:50:30.502+0200] {dagbag.py:539} INFO - Filling up the DagBag from /home/frederic/airflow_venv/lib/python3.10/site-packages/airflow/example_dags/example_sla_dag.py
[2026-05-29T01:50:30.510+0200] {processor.py:839} INFO - DAG(s) dict_keys(['example_sla_dag']) retrieved from /home/frederic/airflow_venv/lib/python3.10/site-packages/airflow/example_dags/example_sla_dag.py
[2026-05-29T01:50:30.524+0200] {logging_mixin.py:151} INFO - [2026-05-29T01:50:30.524+0200] {dag.py:2915} INFO - Sync 1 DAGs
[2026-05-29T01:50:30.546+0200] {logging_mixin.py:151} INFO - [2026-05-29T01:50:30.546+0200] {dag.py:3696} INFO - Setting next_dagrun for example_sla_dag to 2026-05-28T23:48:00+00:00, run_after=2026-05-28T23:50:00+00:00
[2026-05-29T01:50:30.560+0200] {processor.py:179} INFO - Processing /home/frederic/airflow_venv/lib/python3.10/site-packages/airflow/example_dags/example_sla_dag.py took 0.062 seconds
[2026-05-29T01:51:10.462+0200] {processor.py:157} INFO - Started process (PID=616516) to work on /home/frederic/airflow_venv/lib/python3.10/site-packages/airflow/example_dags/example_sla_dag.py
[2026-05-29T01:51:10.463+0200] {processor.py:829} INFO - Processing file /home/frederic/airflow_venv/lib/python3.10/site-packages/airflow/example_dags/example_sla_dag.py for tasks to queue
[2026-05-29T01:51:10.464+0200] {logging_mixin.py:151} INFO - [2026-05-29T01:51:10.464+0200] {dagbag.py:539} INFO - Filling up the DagBag from /home/frederic/airflow_venv/lib/python3.10/site-packages/airflow/example_dags/example_sla_dag.py
[2026-05-29T01:51:10.478+0200] {processor.py:839} INFO - DAG(s) dict_keys(['example_sla_dag']) retrieved from /home/frederic/airflow_venv/lib/python3.10/site-packages/airflow/example_dags/example_sla_dag.py
[2026-05-29T01:51:10.497+0200] {logging_mixin.py:151} INFO - [2026-05-29T01:51:10.497+0200] {dag.py:2915} INFO - Sync 1 DAGs
[2026-05-29T01:51:10.516+0200] {logging_mixin.py:151} INFO - [2026-05-29T01:51:10.516+0200] {dag.py:3696} INFO - Setting next_dagrun for example_sla_dag to 2026-05-28T23:48:00+00:00, run_after=2026-05-28T23:50:00+00:00
[2026-05-29T01:51:10.529+0200] {processor.py:179} INFO - Processing /home/frederic/airflow_venv/lib/python3.10/site-packages/airflow/example_dags/example_sla_dag.py took 0.071 seconds
[2026-05-29T01:52:01.929+0200] {processor.py:157} INFO - Started process (PID=617878) to work on /home/frederic/airflow_venv/lib/python3.10/site-packages/airflow/example_dags/example_sla_dag.py
[2026-05-29T01:52:01.932+0200] {processor.py:829} INFO - Processing file /home/frederic/airflow_venv/lib/python3.10/site-packages/airflow/example_dags/example_sla_dag.py for tasks to queue
[2026-05-29T01:52:01.933+0200] {logging_mixin.py:151} INFO - [2026-05-29T01:52:01.932+0200] {dagbag.py:539} INFO - Filling up the DagBag from /home/frederic/airflow_venv/lib/python3.10/site-packages/airflow/example_dags/example_sla_dag.py
[2026-05-29T01:52:01.941+0200] {processor.py:839} INFO - DAG(s) dict_keys(['example_sla_dag']) retrieved from /home/frederic/airflow_venv/lib/python3.10/site-packages/airflow/example_dags/example_sla_dag.py
[2026-05-29T01:52:01.954+0200] {logging_mixin.py:151} INFO - [2026-05-29T01:52:01.954+0200] {dag.py:2915} INFO - Sync 1 DAGs
[2026-05-29T01:52:01.972+0200] {logging_mixin.py:151} INFO - [2026-05-29T01:52:01.971+0200] {dag.py:3696} INFO - Setting next_dagrun for example_sla_dag to 2026-05-28T23:50:00+00:00, run_after=2026-05-28T23:52:00+00:00
[2026-05-29T01:52:01.987+0200] {processor.py:179} INFO - Processing /home/frederic/airflow_venv/lib/python3.10/site-packages/airflow/example_dags/example_sla_dag.py took 0.061 seconds
[2026-05-29T01:52:50.467+0200] {processor.py:157} INFO - Started process (PID=619493) to work on /home/frederic/airflow_venv/lib/python3.10/site-packages/airflow/example_dags/example_sla_dag.py
[2026-05-29T01:52:50.468+0200] {processor.py:829} INFO - Processing file /home/frederic/airflow_venv/lib/python3.10/site-packages/airflow/example_dags/example_sla_dag.py for tasks to queue
[2026-05-29T01:52:50.468+0200] {logging_mixin.py:151} INFO - [2026-05-29T01:52:50.468+0200] {dagbag.py:539} INFO - Filling up the DagBag from /home/frederic/airflow_venv/lib/python3.10/site-packages/airflow/example_dags/example_sla_dag.py
[2026-05-29T01:52:50.477+0200] {processor.py:839} INFO - DAG(s) dict_keys(['example_sla_dag']) retrieved from /home/frederic/airflow_venv/lib/python3.10/site-packages/airflow/example_dags/example_sla_dag.py
[2026-05-29T01:52:50.491+0200] {logging_mixin.py:151} INFO - [2026-05-29T01:52:50.491+0200] {dag.py:2915} INFO - Sync 1 DAGs
[2026-05-29T01:52:50.516+0200] {logging_mixin.py:151} INFO - [2026-05-29T01:52:50.515+0200] {dag.py:3696} INFO - Setting next_dagrun for example_sla_dag to 2026-05-28T23:50:00+00:00, run_after=2026-05-28T23:52:00+00:00
[2026-05-29T01:52:50.537+0200] {processor.py:179} INFO - Processing /home/frederic/airflow_venv/lib/python3.10/site-packages/airflow/example_dags/example_sla_dag.py took 0.073 seconds
[2026-05-29T01:53:35.574+0200] {processor.py:157} INFO - Started process (PID=620680) to work on /home/frederic/airflow_venv/lib/python3.10/site-packages/airflow/example_dags/example_sla_dag.py
[2026-05-29T01:53:35.578+0200] {processor.py:829} INFO - Processing file /home/frederic/airflow_venv/lib/python3.10/site-packages/airflow/example_dags/example_sla_dag.py for tasks to queue
[2026-05-29T01:53:35.578+0200] {logging_mixin.py:151} INFO - [2026-05-29T01:53:35.578+0200] {dagbag.py:539} INFO - Filling up the DagBag from /home/frederic/airflow_venv/lib/python3.10/site-packages/airflow/example_dags/example_sla_dag.py
[2026-05-29T01:53:35.587+0200] {processor.py:839} INFO - DAG(s) dict_keys(['example_sla_dag']) retrieved from /home/frederic/airflow_venv/lib/python3.10/site-packages/airflow/example_dags/example_sla_dag.py
[2026-05-29T01:53:35.603+0200] {logging_mixin.py:151} INFO - [2026-05-29T01:53:35.603+0200] {dag.py:2915} INFO - Sync 1 DAGs
[2026-05-29T01:53:35.623+0200] {logging_mixin.py:151} INFO - [2026-05-29T01:53:35.623+0200] {dag.py:3696} INFO - Setting next_dagrun for example_sla_dag to 2026-05-28T23:50:00+00:00, run_after=2026-05-28T23:52:00+00:00
[2026-05-29T01:53:35.638+0200] {processor.py:179} INFO - Processing /home/frederic/airflow_venv/lib/python3.10/site-packages/airflow/example_dags/example_sla_dag.py took 0.066 seconds
[2026-05-29T01:54:22.949+0200] {processor.py:157} INFO - Started process (PID=621924) to work on /home/frederic/airflow_venv/lib/python3.10/site-packages/airflow/example_dags/example_sla_dag.py
[2026-05-29T01:54:22.952+0200] {processor.py:829} INFO - Processing file /home/frederic/airflow_venv/lib/python3.10/site-packages/airflow/example_dags/example_sla_dag.py for tasks to queue
[2026-05-29T01:54:22.953+0200] {logging_mixin.py:151} INFO - [2026-05-29T01:54:22.952+0200] {dagbag.py:539} INFO - Filling up the DagBag from /home/frederic/airflow_venv/lib/python3.10/site-packages/airflow/example_dags/example_sla_dag.py
[2026-05-29T01:54:22.961+0200] {processor.py:839} INFO - DAG(s) dict_keys(['example_sla_dag']) retrieved from /home/frederic/airflow_venv/lib/python3.10/site-packages/airflow/example_dags/example_sla_dag.py
[2026-05-29T01:54:22.974+0200] {logging_mixin.py:151} INFO - [2026-05-29T01:54:22.974+0200] {dag.py:2915} INFO - Sync 1 DAGs
[2026-05-29T01:54:22.995+0200] {logging_mixin.py:151} INFO - [2026-05-29T01:54:22.994+0200] {dag.py:3696} INFO - Setting next_dagrun for example_sla_dag to 2026-05-28T23:52:00+00:00, run_after=2026-05-28T23:54:00+00:00
[2026-05-29T01:54:23.012+0200] {processor.py:179} INFO - Processing /home/frederic/airflow_venv/lib/python3.10/site-packages/airflow/example_dags/example_sla_dag.py took 0.066 seconds
[2026-05-29T01:55:07.075+0200] {processor.py:157} INFO - Started process (PID=623650) to work on /home/frederic/airflow_venv/lib/python3.10/site-packages/airflow/example_dags/example_sla_dag.py
[2026-05-29T01:55:07.077+0200] {processor.py:829} INFO - Processing file /home/frederic/airflow_venv/lib/python3.10/site-packages/airflow/example_dags/example_sla_dag.py for tasks to queue
[2026-05-29T01:55:07.078+0200] {logging_mixin.py:151} INFO - [2026-05-29T01:55:07.078+0200] {dagbag.py:539} INFO - Filling up the DagBag from /home/frederic/airflow_venv/lib/python3.10/site-packages/airflow/example_dags/example_sla_dag.py
[2026-05-29T01:55:07.086+0200] {processor.py:839} INFO - DAG(s) dict_keys(['example_sla_dag']) retrieved from /home/frederic/airflow_venv/lib/python3.10/site-packages/airflow/example_dags/example_sla_dag.py
[2026-05-29T01:55:07.099+0200] {logging_mixin.py:151} INFO - [2026-05-29T01:55:07.098+0200] {dag.py:2915} INFO - Sync 1 DAGs
[2026-05-29T01:55:07.119+0200] {logging_mixin.py:151} INFO - [2026-05-29T01:55:07.118+0200] {dag.py:3696} INFO - Setting next_dagrun for example_sla_dag to 2026-05-28T23:52:00+00:00, run_after=2026-05-28T23:54:00+00:00
[2026-05-29T01:55:07.138+0200] {processor.py:179} INFO - Processing /home/frederic/airflow_venv/lib/python3.10/site-packages/airflow/example_dags/example_sla_dag.py took 0.065 seconds
[2026-05-29T01:55:35.243+0200] {processor.py:157} INFO - Started process (PID=624551) to work on /home/frederic/airflow_venv/lib/python3.10/site-packages/airflow/example_dags/example_sla_dag.py
[2026-05-29T01:55:35.244+0200] {processor.py:829} INFO - Processing file /home/frederic/airflow_venv/lib/python3.10/site-packages/airflow/example_dags/example_sla_dag.py for tasks to queue
[2026-05-29T01:55:35.245+0200] {logging_mixin.py:151} INFO - [2026-05-29T01:55:35.245+0200] {dagbag.py:539} INFO - Filling up the DagBag from /home/frederic/airflow_venv/lib/python3.10/site-packages/airflow/example_dags/example_sla_dag.py
[2026-05-29T01:55:35.254+0200] {processor.py:839} INFO - DAG(s) dict_keys(['example_sla_dag']) retrieved from /home/frederic/airflow_venv/lib/python3.10/site-packages/airflow/example_dags/example_sla_dag.py
[2026-05-29T01:55:35.262+0200] {logging_mixin.py:151} INFO - [2026-05-29T01:55:35.262+0200] {dag.py:2915} INFO - Sync 1 DAGs
[2026-05-29T01:55:35.287+0200] {logging_mixin.py:151} INFO - [2026-05-29T01:55:35.287+0200] {dag.py:3696} INFO - Setting next_dagrun for example_sla_dag to 2026-05-28T23:52:00+00:00, run_after=2026-05-28T23:54:00+00:00
[2026-05-29T01:55:35.303+0200] {processor.py:179} INFO - Processing /home/frederic/airflow_venv/lib/python3.10/site-packages/airflow/example_dags/example_sla_dag.py took 0.062 seconds
[2026-05-29T01:55:55.643+0200] {processor.py:157} INFO - Started process (PID=625101) to work on /home/frederic/airflow_venv/lib/python3.10/site-packages/airflow/example_dags/example_sla_dag.py
[2026-05-29T01:55:55.644+0200] {processor.py:829} INFO - Processing file /home/frederic/airflow_venv/lib/python3.10/site-packages/airflow/example_dags/example_sla_dag.py for tasks to queue
[2026-05-29T01:55:55.645+0200] {logging_mixin.py:151} INFO - [2026-05-29T01:55:55.644+0200] {dagbag.py:539} INFO - Filling up the DagBag from /home/frederic/airflow_venv/lib/python3.10/site-packages/airflow/example_dags/example_sla_dag.py
[2026-05-29T01:55:55.655+0200] {processor.py:839} INFO - DAG(s) dict_keys(['example_sla_dag']) retrieved from /home/frederic/airflow_venv/lib/python3.10/site-packages/airflow/example_dags/example_sla_dag.py
[2026-05-29T01:55:55.671+0200] {logging_mixin.py:151} INFO - [2026-05-29T01:55:55.671+0200] {dag.py:2915} INFO - Sync 1 DAGs
[2026-05-29T01:55:55.697+0200] {logging_mixin.py:151} INFO - [2026-05-29T01:55:55.697+0200] {dag.py:3696} INFO - Setting next_dagrun for example_sla_dag to 2026-05-28T23:52:00+00:00, run_after=2026-05-28T23:54:00+00:00
[2026-05-29T01:55:55.718+0200] {processor.py:179} INFO - Processing /home/frederic/airflow_venv/lib/python3.10/site-packages/airflow/example_dags/example_sla_dag.py took 0.078 seconds
[2026-05-29T01:56:26.811+0200] {processor.py:157} INFO - Started process (PID=626215) to work on /home/frederic/airflow_venv/lib/python3.10/site-packages/airflow/example_dags/example_sla_dag.py
[2026-05-29T01:56:26.812+0200] {processor.py:829} INFO - Processing file /home/frederic/airflow_venv/lib/python3.10/site-packages/airflow/example_dags/example_sla_dag.py for tasks to queue
[2026-05-29T01:56:26.813+0200] {logging_mixin.py:151} INFO - [2026-05-29T01:56:26.813+0200] {dagbag.py:539} INFO - Filling up the DagBag from /home/frederic/airflow_venv/lib/python3.10/site-packages/airflow/example_dags/example_sla_dag.py
[2026-05-29T01:56:26.823+0200] {processor.py:839} INFO - DAG(s) dict_keys(['example_sla_dag']) retrieved from /home/frederic/airflow_venv/lib/python3.10/site-packages/airflow/example_dags/example_sla_dag.py
[2026-05-29T01:56:26.840+0200] {logging_mixin.py:151} INFO - [2026-05-29T01:56:26.840+0200] {dag.py:2915} INFO - Sync 1 DAGs
[2026-05-29T01:56:26.864+0200] {logging_mixin.py:151} INFO - [2026-05-29T01:56:26.864+0200] {dag.py:3696} INFO - Setting next_dagrun for example_sla_dag to 2026-05-28T23:54:00+00:00, run_after=2026-05-28T23:56:00+00:00
[2026-05-29T01:56:26.882+0200] {processor.py:179} INFO - Processing /home/frederic/airflow_venv/lib/python3.10/site-packages/airflow/example_dags/example_sla_dag.py took 0.073 seconds
[2026-05-29T01:56:38.998+0200] {processor.py:157} INFO - Started process (PID=626588) to work on /home/frederic/airflow_venv/lib/python3.10/site-packages/airflow/example_dags/example_sla_dag.py
[2026-05-29T01:56:38.999+0200] {processor.py:829} INFO - Processing file /home/frederic/airflow_venv/lib/python3.10/site-packages/airflow/example_dags/example_sla_dag.py for tasks to queue
[2026-05-29T01:56:39.001+0200] {logging_mixin.py:151} INFO - [2026-05-29T01:56:39.000+0200] {dagbag.py:539} INFO - Filling up the DagBag from /home/frederic/airflow_venv/lib/python3.10/site-packages/airflow/example_dags/example_sla_dag.py
[2026-05-29T01:56:39.016+0200] {processor.py:839} INFO - DAG(s) dict_keys(['example_sla_dag']) retrieved from /home/frederic/airflow_venv/lib/python3.10/site-packages/airflow/example_dags/example_sla_dag.py
[2026-05-29T01:56:39.055+0200] {logging_mixin.py:151} INFO - [2026-05-29T01:56:39.055+0200] {dag.py:2915} INFO - Sync 1 DAGs
[2026-05-29T01:56:39.086+0200] {logging_mixin.py:151} INFO - [2026-05-29T01:56:39.086+0200] {dag.py:3696} INFO - Setting next_dagrun for example_sla_dag to 2026-05-28T23:54:00+00:00, run_after=2026-05-28T23:56:00+00:00
[2026-05-29T01:56:39.106+0200] {processor.py:179} INFO - Processing /home/frederic/airflow_venv/lib/python3.10/site-packages/airflow/example_dags/example_sla_dag.py took 0.113 seconds
[2026-05-29T01:57:13.199+0200] {processor.py:157} INFO - Started process (PID=627578) to work on /home/frederic/airflow_venv/lib/python3.10/site-packages/airflow/example_dags/example_sla_dag.py
[2026-05-29T01:57:13.200+0200] {processor.py:829} INFO - Processing file /home/frederic/airflow_venv/lib/python3.10/site-packages/airflow/example_dags/example_sla_dag.py for tasks to queue
[2026-05-29T01:57:13.201+0200] {logging_mixin.py:151} INFO - [2026-05-29T01:57:13.201+0200] {dagbag.py:539} INFO - Filling up the DagBag from /home/frederic/airflow_venv/lib/python3.10/site-packages/airflow/example_dags/example_sla_dag.py
[2026-05-29T01:57:13.212+0200] {processor.py:839} INFO - DAG(s) dict_keys(['example_sla_dag']) retrieved from /home/frederic/airflow_venv/lib/python3.10/site-packages/airflow/example_dags/example_sla_dag.py
[2026-05-29T01:57:13.226+0200] {logging_mixin.py:151} INFO - [2026-05-29T01:57:13.225+0200] {dag.py:2915} INFO - Sync 1 DAGs
[2026-05-29T01:57:13.258+0200] {logging_mixin.py:151} INFO - [2026-05-29T01:57:13.258+0200] {dag.py:3696} INFO - Setting next_dagrun for example_sla_dag to 2026-05-28T23:54:00+00:00, run_after=2026-05-28T23:56:00+00:00
[2026-05-29T01:57:13.286+0200] {processor.py:179} INFO - Processing /home/frederic/airflow_venv/lib/python3.10/site-packages/airflow/example_dags/example_sla_dag.py took 0.090 seconds
[2026-05-29T01:57:26.633+0200] {processor.py:157} INFO - Started process (PID=628036) to work on /home/frederic/airflow_venv/lib/python3.10/site-packages/airflow/example_dags/example_sla_dag.py
[2026-05-29T01:57:26.633+0200] {processor.py:829} INFO - Processing file /home/frederic/airflow_venv/lib/python3.10/site-packages/airflow/example_dags/example_sla_dag.py for tasks to queue
[2026-05-29T01:57:26.634+0200] {logging_mixin.py:151} INFO - [2026-05-29T01:57:26.634+0200] {dagbag.py:539} INFO - Filling up the DagBag from /home/frederic/airflow_venv/lib/python3.10/site-packages/airflow/example_dags/example_sla_dag.py
[2026-05-29T01:57:26.643+0200] {processor.py:839} INFO - DAG(s) dict_keys(['example_sla_dag']) retrieved from /home/frederic/airflow_venv/lib/python3.10/site-packages/airflow/example_dags/example_sla_dag.py
[2026-05-29T01:57:26.659+0200] {logging_mixin.py:151} INFO - [2026-05-29T01:57:26.659+0200] {dag.py:2915} INFO - Sync 1 DAGs
[2026-05-29T01:57:26.683+0200] {logging_mixin.py:151} INFO - [2026-05-29T01:57:26.683+0200] {dag.py:3696} INFO - Setting next_dagrun for example_sla_dag to 2026-05-28T23:54:00+00:00, run_after=2026-05-28T23:56:00+00:00
[2026-05-29T01:57:26.703+0200] {processor.py:179} INFO - Processing /home/frederic/airflow_venv/lib/python3.10/site-packages/airflow/example_dags/example_sla_dag.py took 0.074 seconds
[2026-05-29T01:58:02.481+0200] {processor.py:157} INFO - Started process (PID=629449) to work on /home/frederic/airflow_venv/lib/python3.10/site-packages/airflow/example_dags/example_sla_dag.py
[2026-05-29T01:58:02.482+0200] {processor.py:829} INFO - Processing file /home/frederic/airflow_venv/lib/python3.10/site-packages/airflow/example_dags/example_sla_dag.py for tasks to queue
[2026-05-29T01:58:02.483+0200] {logging_mixin.py:151} INFO - [2026-05-29T01:58:02.483+0200] {dagbag.py:539} INFO - Filling up the DagBag from /home/frederic/airflow_venv/lib/python3.10/site-packages/airflow/example_dags/example_sla_dag.py
[2026-05-29T01:58:02.492+0200] {processor.py:839} INFO - DAG(s) dict_keys(['example_sla_dag']) retrieved from /home/frederic/airflow_venv/lib/python3.10/site-packages/airflow/example_dags/example_sla_dag.py
[2026-05-29T01:58:02.512+0200] {logging_mixin.py:151} INFO - [2026-05-29T01:58:02.512+0200] {dag.py:2915} INFO - Sync 1 DAGs
[2026-05-29T01:58:02.539+0200] {logging_mixin.py:151} INFO - [2026-05-29T01:58:02.539+0200] {dag.py:3696} INFO - Setting next_dagrun for example_sla_dag to 2026-05-28T23:56:00+00:00, run_after=2026-05-28T23:58:00+00:00
[2026-05-29T01:58:02.562+0200] {processor.py:179} INFO - Processing /home/frederic/airflow_venv/lib/python3.10/site-packages/airflow/example_dags/example_sla_dag.py took 0.084 seconds
[2026-05-29T01:58:13.273+0200] {processor.py:157} INFO - Started process (PID=629762) to work on /home/frederic/airflow_venv/lib/python3.10/site-packages/airflow/example_dags/example_sla_dag.py
[2026-05-29T01:58:13.275+0200] {processor.py:829} INFO - Processing file /home/frederic/airflow_venv/lib/python3.10/site-packages/airflow/example_dags/example_sla_dag.py for tasks to queue
[2026-05-29T01:58:13.276+0200] {logging_mixin.py:151} INFO - [2026-05-29T01:58:13.275+0200] {dagbag.py:539} INFO - Filling up the DagBag from /home/frederic/airflow_venv/lib/python3.10/site-packages/airflow/example_dags/example_sla_dag.py
[2026-05-29T01:58:13.291+0200] {processor.py:839} INFO - DAG(s) dict_keys(['example_sla_dag']) retrieved from /home/frederic/airflow_venv/lib/python3.10/site-packages/airflow/example_dags/example_sla_dag.py
[2026-05-29T01:58:13.308+0200] {logging_mixin.py:151} INFO - [2026-05-29T01:58:13.307+0200] {dag.py:2915} INFO - Sync 1 DAGs
[2026-05-29T01:58:13.331+0200] {logging_mixin.py:151} INFO - [2026-05-29T01:58:13.331+0200] {dag.py:3696} INFO - Setting next_dagrun for example_sla_dag to 2026-05-28T23:56:00+00:00, run_after=2026-05-28T23:58:00+00:00
[2026-05-29T01:58:13.350+0200] {processor.py:179} INFO - Processing /home/frederic/airflow_venv/lib/python3.10/site-packages/airflow/example_dags/example_sla_dag.py took 0.082 seconds
[2026-05-29T01:58:49.909+0200] {processor.py:157} INFO - Started process (PID=631210) to work on /home/frederic/airflow_venv/lib/python3.10/site-packages/airflow/example_dags/example_sla_dag.py
[2026-05-29T01:58:49.911+0200] {processor.py:829} INFO - Processing file /home/frederic/airflow_venv/lib/python3.10/site-packages/airflow/example_dags/example_sla_dag.py for tasks to queue
[2026-05-29T01:58:49.912+0200] {logging_mixin.py:151} INFO - [2026-05-29T01:58:49.911+0200] {dagbag.py:539} INFO - Filling up the DagBag from /home/frederic/airflow_venv/lib/python3.10/site-packages/airflow/example_dags/example_sla_dag.py
[2026-05-29T01:58:49.921+0200] {processor.py:839} INFO - DAG(s) dict_keys(['example_sla_dag']) retrieved from /home/frederic/airflow_venv/lib/python3.10/site-packages/airflow/example_dags/example_sla_dag.py
[2026-05-29T01:58:49.935+0200] {logging_mixin.py:151} INFO - [2026-05-29T01:58:49.935+0200] {dag.py:2915} INFO - Sync 1 DAGs
[2026-05-29T01:58:49.967+0200] {logging_mixin.py:151} INFO - [2026-05-29T01:58:49.967+0200] {dag.py:3696} INFO - Setting next_dagrun for example_sla_dag to 2026-05-28T23:56:00+00:00, run_after=2026-05-28T23:58:00+00:00
[2026-05-29T01:58:49.987+0200] {processor.py:179} INFO - Processing /home/frederic/airflow_venv/lib/python3.10/site-packages/airflow/example_dags/example_sla_dag.py took 0.081 seconds
[2026-05-29T01:58:51.643+0200] {processor.py:157} INFO - Started process (PID=631283) to work on /home/frederic/airflow_venv/lib/python3.10/site-packages/airflow/example_dags/example_sla_dag.py
[2026-05-29T01:58:51.644+0200] {processor.py:829} INFO - Processing file /home/frederic/airflow_venv/lib/python3.10/site-packages/airflow/example_dags/example_sla_dag.py for tasks to queue
[2026-05-29T01:58:51.645+0200] {logging_mixin.py:151} INFO - [2026-05-29T01:58:51.644+0200] {dagbag.py:539} INFO - Filling up the DagBag from /home/frederic/airflow_venv/lib/python3.10/site-packages/airflow/example_dags/example_sla_dag.py
[2026-05-29T01:58:51.654+0200] {processor.py:839} INFO - DAG(s) dict_keys(['example_sla_dag']) retrieved from /home/frederic/airflow_venv/lib/python3.10/site-packages/airflow/example_dags/example_sla_dag.py
[2026-05-29T01:58:51.670+0200] {logging_mixin.py:151} INFO - [2026-05-29T01:58:51.670+0200] {dag.py:2915} INFO - Sync 1 DAGs
[2026-05-29T01:58:51.704+0200] {logging_mixin.py:151} INFO - [2026-05-29T01:58:51.704+0200] {dag.py:3696} INFO - Setting next_dagrun for example_sla_dag to 2026-05-28T23:56:00+00:00, run_after=2026-05-28T23:58:00+00:00
[2026-05-29T01:58:51.727+0200] {processor.py:179} INFO - Processing /home/frederic/airflow_venv/lib/python3.10/site-packages/airflow/example_dags/example_sla_dag.py took 0.086 seconds
[2026-05-29T01:59:38.107+0200] {processor.py:157} INFO - Started process (PID=632570) to work on /home/frederic/airflow_venv/lib/python3.10/site-packages/airflow/example_dags/example_sla_dag.py
[2026-05-29T01:59:38.108+0200] {processor.py:829} INFO - Processing file /home/frederic/airflow_venv/lib/python3.10/site-packages/airflow/example_dags/example_sla_dag.py for tasks to queue
[2026-05-29T01:59:38.108+0200] {logging_mixin.py:151} INFO - [2026-05-29T01:59:38.108+0200] {dagbag.py:539} INFO - Filling up the DagBag from /home/frederic/airflow_venv/lib/python3.10/site-packages/airflow/example_dags/example_sla_dag.py
[2026-05-29T01:59:38.115+0200] {processor.py:839} INFO - DAG(s) dict_keys(['example_sla_dag']) retrieved from /home/frederic/airflow_venv/lib/python3.10/site-packages/airflow/example_dags/example_sla_dag.py
[2026-05-29T01:59:38.128+0200] {logging_mixin.py:151} INFO - [2026-05-29T01:59:38.127+0200] {dag.py:2915} INFO - Sync 1 DAGs
[2026-05-29T01:59:38.150+0200] {logging_mixin.py:151} INFO - [2026-05-29T01:59:38.150+0200] {dag.py:3696} INFO - Setting next_dagrun for example_sla_dag to 2026-05-28T23:56:00+00:00, run_after=2026-05-28T23:58:00+00:00
[2026-05-29T01:59:38.169+0200] {processor.py:179} INFO - Processing /home/frederic/airflow_venv/lib/python3.10/site-packages/airflow/example_dags/example_sla_dag.py took 0.065 seconds
[2026-05-29T01:59:38.195+0200] {processor.py:157} INFO - Started process (PID=632571) to work on /home/frederic/airflow_venv/lib/python3.10/site-packages/airflow/example_dags/example_sla_dag.py
[2026-05-29T01:59:38.196+0200] {processor.py:829} INFO - Processing file /home/frederic/airflow_venv/lib/python3.10/site-packages/airflow/example_dags/example_sla_dag.py for tasks to queue
[2026-05-29T01:59:38.196+0200] {logging_mixin.py:151} INFO - [2026-05-29T01:59:38.196+0200] {dagbag.py:539} INFO - Filling up the DagBag from /home/frederic/airflow_venv/lib/python3.10/site-packages/airflow/example_dags/example_sla_dag.py
[2026-05-29T01:59:38.204+0200] {processor.py:839} INFO - DAG(s) dict_keys(['example_sla_dag']) retrieved from /home/frederic/airflow_venv/lib/python3.10/site-packages/airflow/example_dags/example_sla_dag.py
[2026-05-29T01:59:38.218+0200] {logging_mixin.py:151} INFO - [2026-05-29T01:59:38.218+0200] {dag.py:2915} INFO - Sync 1 DAGs
[2026-05-29T01:59:38.239+0200] {logging_mixin.py:151} INFO - [2026-05-29T01:59:38.238+0200] {dag.py:3696} INFO - Setting next_dagrun for example_sla_dag to 2026-05-28T23:56:00+00:00, run_after=2026-05-28T23:58:00+00:00
[2026-05-29T01:59:38.253+0200] {processor.py:179} INFO - Processing /home/frederic/airflow_venv/lib/python3.10/site-packages/airflow/example_dags/example_sla_dag.py took 0.061 seconds
