[2026-05-29T01:37:04.171+0200] {processor.py:157} INFO - Started process (PID=594304) to work on /home/frederic/airflow_venv/lib/python3.10/site-packages/airflow/example_dags/example_nested_branch_dag.py
[2026-05-29T01:37:04.171+0200] {processor.py:829} INFO - Processing file /home/frederic/airflow_venv/lib/python3.10/site-packages/airflow/example_dags/example_nested_branch_dag.py for tasks to queue
[2026-05-29T01:37:04.172+0200] {logging_mixin.py:151} INFO - [2026-05-29T01:37:04.172+0200] {dagbag.py:539} INFO - Filling up the DagBag from /home/frederic/airflow_venv/lib/python3.10/site-packages/airflow/example_dags/example_nested_branch_dag.py
[2026-05-29T01:37:04.183+0200] {processor.py:839} INFO - DAG(s) dict_keys(['example_nested_branch_dag']) retrieved from /home/frederic/airflow_venv/lib/python3.10/site-packages/airflow/example_dags/example_nested_branch_dag.py
[2026-05-29T01:37:04.288+0200] {logging_mixin.py:151} INFO - [2026-05-29T01:37:04.288+0200] {manager.py:499} INFO - Created Permission View: %s
[2026-05-29T01:37:04.301+0200] {logging_mixin.py:151} INFO - [2026-05-29T01:37:04.301+0200] {manager.py:499} INFO - Created Permission View: %s
[2026-05-29T01:37:04.309+0200] {logging_mixin.py:151} INFO - [2026-05-29T01:37:04.309+0200] {manager.py:499} INFO - Created Permission View: %s
[2026-05-29T01:37:04.310+0200] {logging_mixin.py:151} INFO - [2026-05-29T01:37:04.310+0200] {security.py:708} INFO - Not syncing DAG-level permissions for DAG 'DAG:example_nested_branch_dag' as access control is unset.
[2026-05-29T01:37:04.310+0200] {logging_mixin.py:151} INFO - [2026-05-29T01:37:04.310+0200] {dag.py:2915} INFO - Sync 1 DAGs
[2026-05-29T01:37:04.326+0200] {logging_mixin.py:151} INFO - [2026-05-29T01:37:04.326+0200] {dag.py:2937} INFO - Creating ORM DAG for example_nested_branch_dag
[2026-05-29T01:37:04.338+0200] {logging_mixin.py:151} INFO - [2026-05-29T01:37:04.338+0200] {dag.py:3696} INFO - Setting next_dagrun for example_nested_branch_dag to 2026-05-27T00:00:00+00:00, run_after=2026-05-28T00:00:00+00:00
[2026-05-29T01:37:04.355+0200] {processor.py:179} INFO - Processing /home/frederic/airflow_venv/lib/python3.10/site-packages/airflow/example_dags/example_nested_branch_dag.py took 0.188 seconds
[2026-05-29T01:37:48.274+0200] {processor.py:157} INFO - Started process (PID=595222) to work on /home/frederic/airflow_venv/lib/python3.10/site-packages/airflow/example_dags/example_nested_branch_dag.py
[2026-05-29T01:37:48.276+0200] {processor.py:829} INFO - Processing file /home/frederic/airflow_venv/lib/python3.10/site-packages/airflow/example_dags/example_nested_branch_dag.py for tasks to queue
[2026-05-29T01:37:48.277+0200] {logging_mixin.py:151} INFO - [2026-05-29T01:37:48.277+0200] {dagbag.py:539} INFO - Filling up the DagBag from /home/frederic/airflow_venv/lib/python3.10/site-packages/airflow/example_dags/example_nested_branch_dag.py
[2026-05-29T01:37:48.288+0200] {processor.py:839} INFO - DAG(s) dict_keys(['example_nested_branch_dag']) retrieved from /home/frederic/airflow_venv/lib/python3.10/site-packages/airflow/example_dags/example_nested_branch_dag.py
[2026-05-29T01:37:48.306+0200] {logging_mixin.py:151} INFO - [2026-05-29T01:37:48.306+0200] {dag.py:2915} INFO - Sync 1 DAGs
[2026-05-29T01:37:48.327+0200] {logging_mixin.py:151} INFO - [2026-05-29T01:37:48.327+0200] {dag.py:3696} INFO - Setting next_dagrun for example_nested_branch_dag to 2026-05-27T00:00:00+00:00, run_after=2026-05-28T00:00:00+00:00
[2026-05-29T01:37:48.348+0200] {processor.py:179} INFO - Processing /home/frederic/airflow_venv/lib/python3.10/site-packages/airflow/example_dags/example_nested_branch_dag.py took 0.077 seconds
[2026-05-29T01:38:33.616+0200] {processor.py:157} INFO - Started process (PID=596074) to work on /home/frederic/airflow_venv/lib/python3.10/site-packages/airflow/example_dags/example_nested_branch_dag.py
[2026-05-29T01:38:33.620+0200] {processor.py:829} INFO - Processing file /home/frederic/airflow_venv/lib/python3.10/site-packages/airflow/example_dags/example_nested_branch_dag.py for tasks to queue
[2026-05-29T01:38:33.621+0200] {logging_mixin.py:151} INFO - [2026-05-29T01:38:33.621+0200] {dagbag.py:539} INFO - Filling up the DagBag from /home/frederic/airflow_venv/lib/python3.10/site-packages/airflow/example_dags/example_nested_branch_dag.py
[2026-05-29T01:38:33.631+0200] {processor.py:839} INFO - DAG(s) dict_keys(['example_nested_branch_dag']) retrieved from /home/frederic/airflow_venv/lib/python3.10/site-packages/airflow/example_dags/example_nested_branch_dag.py
[2026-05-29T01:38:33.650+0200] {logging_mixin.py:151} INFO - [2026-05-29T01:38:33.649+0200] {dag.py:2915} INFO - Sync 1 DAGs
[2026-05-29T01:38:33.670+0200] {logging_mixin.py:151} INFO - [2026-05-29T01:38:33.670+0200] {dag.py:3696} INFO - Setting next_dagrun for example_nested_branch_dag to 2026-05-27T00:00:00+00:00, run_after=2026-05-28T00:00:00+00:00
[2026-05-29T01:38:33.688+0200] {processor.py:179} INFO - Processing /home/frederic/airflow_venv/lib/python3.10/site-packages/airflow/example_dags/example_nested_branch_dag.py took 0.075 seconds
[2026-05-29T01:39:17.842+0200] {processor.py:157} INFO - Started process (PID=597203) to work on /home/frederic/airflow_venv/lib/python3.10/site-packages/airflow/example_dags/example_nested_branch_dag.py
[2026-05-29T01:39:17.843+0200] {processor.py:829} INFO - Processing file /home/frederic/airflow_venv/lib/python3.10/site-packages/airflow/example_dags/example_nested_branch_dag.py for tasks to queue
[2026-05-29T01:39:17.844+0200] {logging_mixin.py:151} INFO - [2026-05-29T01:39:17.843+0200] {dagbag.py:539} INFO - Filling up the DagBag from /home/frederic/airflow_venv/lib/python3.10/site-packages/airflow/example_dags/example_nested_branch_dag.py
[2026-05-29T01:39:17.853+0200] {processor.py:839} INFO - DAG(s) dict_keys(['example_nested_branch_dag']) retrieved from /home/frederic/airflow_venv/lib/python3.10/site-packages/airflow/example_dags/example_nested_branch_dag.py
[2026-05-29T01:39:17.868+0200] {logging_mixin.py:151} INFO - [2026-05-29T01:39:17.868+0200] {dag.py:2915} INFO - Sync 1 DAGs
[2026-05-29T01:39:17.885+0200] {logging_mixin.py:151} INFO - [2026-05-29T01:39:17.885+0200] {dag.py:3696} INFO - Setting next_dagrun for example_nested_branch_dag to 2026-05-27T00:00:00+00:00, run_after=2026-05-28T00:00:00+00:00
[2026-05-29T01:39:17.899+0200] {processor.py:179} INFO - Processing /home/frederic/airflow_venv/lib/python3.10/site-packages/airflow/example_dags/example_nested_branch_dag.py took 0.060 seconds
[2026-05-29T01:40:06.481+0200] {processor.py:157} INFO - Started process (PID=598337) to work on /home/frederic/airflow_venv/lib/python3.10/site-packages/airflow/example_dags/example_nested_branch_dag.py
[2026-05-29T01:40:06.482+0200] {processor.py:829} INFO - Processing file /home/frederic/airflow_venv/lib/python3.10/site-packages/airflow/example_dags/example_nested_branch_dag.py for tasks to queue
[2026-05-29T01:40:06.483+0200] {logging_mixin.py:151} INFO - [2026-05-29T01:40:06.483+0200] {dagbag.py:539} INFO - Filling up the DagBag from /home/frederic/airflow_venv/lib/python3.10/site-packages/airflow/example_dags/example_nested_branch_dag.py
[2026-05-29T01:40:06.493+0200] {processor.py:839} INFO - DAG(s) dict_keys(['example_nested_branch_dag']) retrieved from /home/frederic/airflow_venv/lib/python3.10/site-packages/airflow/example_dags/example_nested_branch_dag.py
[2026-05-29T01:40:06.516+0200] {logging_mixin.py:151} INFO - [2026-05-29T01:40:06.515+0200] {dag.py:2915} INFO - Sync 1 DAGs
[2026-05-29T01:40:06.536+0200] {logging_mixin.py:151} INFO - [2026-05-29T01:40:06.535+0200] {dag.py:3696} INFO - Setting next_dagrun for example_nested_branch_dag to 2026-05-27T00:00:00+00:00, run_after=2026-05-28T00:00:00+00:00
[2026-05-29T01:40:06.552+0200] {processor.py:179} INFO - Processing /home/frederic/airflow_venv/lib/python3.10/site-packages/airflow/example_dags/example_nested_branch_dag.py took 0.073 seconds
[2026-05-29T01:40:56.188+0200] {processor.py:157} INFO - Started process (PID=599538) to work on /home/frederic/airflow_venv/lib/python3.10/site-packages/airflow/example_dags/example_nested_branch_dag.py
[2026-05-29T01:40:56.189+0200] {processor.py:829} INFO - Processing file /home/frederic/airflow_venv/lib/python3.10/site-packages/airflow/example_dags/example_nested_branch_dag.py for tasks to queue
[2026-05-29T01:40:56.190+0200] {logging_mixin.py:151} INFO - [2026-05-29T01:40:56.190+0200] {dagbag.py:539} INFO - Filling up the DagBag from /home/frederic/airflow_venv/lib/python3.10/site-packages/airflow/example_dags/example_nested_branch_dag.py
[2026-05-29T01:40:56.200+0200] {processor.py:839} INFO - DAG(s) dict_keys(['example_nested_branch_dag']) retrieved from /home/frederic/airflow_venv/lib/python3.10/site-packages/airflow/example_dags/example_nested_branch_dag.py
[2026-05-29T01:40:56.215+0200] {logging_mixin.py:151} INFO - [2026-05-29T01:40:56.214+0200] {dag.py:2915} INFO - Sync 1 DAGs
[2026-05-29T01:40:56.232+0200] {logging_mixin.py:151} INFO - [2026-05-29T01:40:56.231+0200] {dag.py:3696} INFO - Setting next_dagrun for example_nested_branch_dag to 2026-05-27T00:00:00+00:00, run_after=2026-05-28T00:00:00+00:00
[2026-05-29T01:40:56.246+0200] {processor.py:179} INFO - Processing /home/frederic/airflow_venv/lib/python3.10/site-packages/airflow/example_dags/example_nested_branch_dag.py took 0.060 seconds
[2026-05-29T01:41:38.755+0200] {processor.py:157} INFO - Started process (PID=600791) to work on /home/frederic/airflow_venv/lib/python3.10/site-packages/airflow/example_dags/example_nested_branch_dag.py
[2026-05-29T01:41:38.756+0200] {processor.py:829} INFO - Processing file /home/frederic/airflow_venv/lib/python3.10/site-packages/airflow/example_dags/example_nested_branch_dag.py for tasks to queue
[2026-05-29T01:41:38.757+0200] {logging_mixin.py:151} INFO - [2026-05-29T01:41:38.757+0200] {dagbag.py:539} INFO - Filling up the DagBag from /home/frederic/airflow_venv/lib/python3.10/site-packages/airflow/example_dags/example_nested_branch_dag.py
[2026-05-29T01:41:38.766+0200] {processor.py:839} INFO - DAG(s) dict_keys(['example_nested_branch_dag']) retrieved from /home/frederic/airflow_venv/lib/python3.10/site-packages/airflow/example_dags/example_nested_branch_dag.py
[2026-05-29T01:41:38.782+0200] {logging_mixin.py:151} INFO - [2026-05-29T01:41:38.781+0200] {dag.py:2915} INFO - Sync 1 DAGs
[2026-05-29T01:41:38.800+0200] {logging_mixin.py:151} INFO - [2026-05-29T01:41:38.800+0200] {dag.py:3696} INFO - Setting next_dagrun for example_nested_branch_dag to 2026-05-27T00:00:00+00:00, run_after=2026-05-28T00:00:00+00:00
[2026-05-29T01:41:38.815+0200] {processor.py:179} INFO - Processing /home/frederic/airflow_venv/lib/python3.10/site-packages/airflow/example_dags/example_nested_branch_dag.py took 0.062 seconds
[2026-05-29T01:42:22.450+0200] {processor.py:157} INFO - Started process (PID=601585) to work on /home/frederic/airflow_venv/lib/python3.10/site-packages/airflow/example_dags/example_nested_branch_dag.py
[2026-05-29T01:42:22.451+0200] {processor.py:829} INFO - Processing file /home/frederic/airflow_venv/lib/python3.10/site-packages/airflow/example_dags/example_nested_branch_dag.py for tasks to queue
[2026-05-29T01:42:22.452+0200] {logging_mixin.py:151} INFO - [2026-05-29T01:42:22.452+0200] {dagbag.py:539} INFO - Filling up the DagBag from /home/frederic/airflow_venv/lib/python3.10/site-packages/airflow/example_dags/example_nested_branch_dag.py
[2026-05-29T01:42:22.461+0200] {processor.py:839} INFO - DAG(s) dict_keys(['example_nested_branch_dag']) retrieved from /home/frederic/airflow_venv/lib/python3.10/site-packages/airflow/example_dags/example_nested_branch_dag.py
[2026-05-29T01:42:22.477+0200] {logging_mixin.py:151} INFO - [2026-05-29T01:42:22.477+0200] {dag.py:2915} INFO - Sync 1 DAGs
[2026-05-29T01:42:22.499+0200] {logging_mixin.py:151} INFO - [2026-05-29T01:42:22.499+0200] {dag.py:3696} INFO - Setting next_dagrun for example_nested_branch_dag to 2026-05-27T00:00:00+00:00, run_after=2026-05-28T00:00:00+00:00
[2026-05-29T01:42:22.516+0200] {processor.py:179} INFO - Processing /home/frederic/airflow_venv/lib/python3.10/site-packages/airflow/example_dags/example_nested_branch_dag.py took 0.068 seconds
[2026-05-29T01:43:11.210+0200] {processor.py:157} INFO - Started process (PID=602354) to work on /home/frederic/airflow_venv/lib/python3.10/site-packages/airflow/example_dags/example_nested_branch_dag.py
[2026-05-29T01:43:11.210+0200] {processor.py:829} INFO - Processing file /home/frederic/airflow_venv/lib/python3.10/site-packages/airflow/example_dags/example_nested_branch_dag.py for tasks to queue
[2026-05-29T01:43:11.211+0200] {logging_mixin.py:151} INFO - [2026-05-29T01:43:11.211+0200] {dagbag.py:539} INFO - Filling up the DagBag from /home/frederic/airflow_venv/lib/python3.10/site-packages/airflow/example_dags/example_nested_branch_dag.py
[2026-05-29T01:43:11.219+0200] {processor.py:839} INFO - DAG(s) dict_keys(['example_nested_branch_dag']) retrieved from /home/frederic/airflow_venv/lib/python3.10/site-packages/airflow/example_dags/example_nested_branch_dag.py
[2026-05-29T01:43:11.233+0200] {logging_mixin.py:151} INFO - [2026-05-29T01:43:11.233+0200] {dag.py:2915} INFO - Sync 1 DAGs
[2026-05-29T01:43:11.257+0200] {logging_mixin.py:151} INFO - [2026-05-29T01:43:11.256+0200] {dag.py:3696} INFO - Setting next_dagrun for example_nested_branch_dag to 2026-05-27T00:00:00+00:00, run_after=2026-05-28T00:00:00+00:00
[2026-05-29T01:43:11.280+0200] {processor.py:179} INFO - Processing /home/frederic/airflow_venv/lib/python3.10/site-packages/airflow/example_dags/example_nested_branch_dag.py took 0.073 seconds
[2026-05-29T01:43:59.026+0200] {processor.py:157} INFO - Started process (PID=603269) to work on /home/frederic/airflow_venv/lib/python3.10/site-packages/airflow/example_dags/example_nested_branch_dag.py
[2026-05-29T01:43:59.027+0200] {processor.py:829} INFO - Processing file /home/frederic/airflow_venv/lib/python3.10/site-packages/airflow/example_dags/example_nested_branch_dag.py for tasks to queue
[2026-05-29T01:43:59.029+0200] {logging_mixin.py:151} INFO - [2026-05-29T01:43:59.028+0200] {dagbag.py:539} INFO - Filling up the DagBag from /home/frederic/airflow_venv/lib/python3.10/site-packages/airflow/example_dags/example_nested_branch_dag.py
[2026-05-29T01:43:59.041+0200] {processor.py:839} INFO - DAG(s) dict_keys(['example_nested_branch_dag']) retrieved from /home/frederic/airflow_venv/lib/python3.10/site-packages/airflow/example_dags/example_nested_branch_dag.py
[2026-05-29T01:43:59.057+0200] {logging_mixin.py:151} INFO - [2026-05-29T01:43:59.056+0200] {dag.py:2915} INFO - Sync 1 DAGs
[2026-05-29T01:43:59.078+0200] {logging_mixin.py:151} INFO - [2026-05-29T01:43:59.077+0200] {dag.py:3696} INFO - Setting next_dagrun for example_nested_branch_dag to 2026-05-27T00:00:00+00:00, run_after=2026-05-28T00:00:00+00:00
[2026-05-29T01:43:59.095+0200] {processor.py:179} INFO - Processing /home/frederic/airflow_venv/lib/python3.10/site-packages/airflow/example_dags/example_nested_branch_dag.py took 0.073 seconds
[2026-05-29T01:44:48.770+0200] {processor.py:157} INFO - Started process (PID=604798) to work on /home/frederic/airflow_venv/lib/python3.10/site-packages/airflow/example_dags/example_nested_branch_dag.py
[2026-05-29T01:44:48.771+0200] {processor.py:829} INFO - Processing file /home/frederic/airflow_venv/lib/python3.10/site-packages/airflow/example_dags/example_nested_branch_dag.py for tasks to queue
[2026-05-29T01:44:48.772+0200] {logging_mixin.py:151} INFO - [2026-05-29T01:44:48.772+0200] {dagbag.py:539} INFO - Filling up the DagBag from /home/frederic/airflow_venv/lib/python3.10/site-packages/airflow/example_dags/example_nested_branch_dag.py
[2026-05-29T01:44:48.780+0200] {processor.py:839} INFO - DAG(s) dict_keys(['example_nested_branch_dag']) retrieved from /home/frederic/airflow_venv/lib/python3.10/site-packages/airflow/example_dags/example_nested_branch_dag.py
[2026-05-29T01:44:48.794+0200] {logging_mixin.py:151} INFO - [2026-05-29T01:44:48.794+0200] {dag.py:2915} INFO - Sync 1 DAGs
[2026-05-29T01:44:48.811+0200] {logging_mixin.py:151} INFO - [2026-05-29T01:44:48.811+0200] {dag.py:3696} INFO - Setting next_dagrun for example_nested_branch_dag to 2026-05-27T00:00:00+00:00, run_after=2026-05-28T00:00:00+00:00
[2026-05-29T01:44:48.826+0200] {processor.py:179} INFO - Processing /home/frederic/airflow_venv/lib/python3.10/site-packages/airflow/example_dags/example_nested_branch_dag.py took 0.058 seconds
[2026-05-29T01:45:35.799+0200] {processor.py:157} INFO - Started process (PID=606381) to work on /home/frederic/airflow_venv/lib/python3.10/site-packages/airflow/example_dags/example_nested_branch_dag.py
[2026-05-29T01:45:35.801+0200] {processor.py:829} INFO - Processing file /home/frederic/airflow_venv/lib/python3.10/site-packages/airflow/example_dags/example_nested_branch_dag.py for tasks to queue
[2026-05-29T01:45:35.802+0200] {logging_mixin.py:151} INFO - [2026-05-29T01:45:35.801+0200] {dagbag.py:539} INFO - Filling up the DagBag from /home/frederic/airflow_venv/lib/python3.10/site-packages/airflow/example_dags/example_nested_branch_dag.py
[2026-05-29T01:45:35.818+0200] {processor.py:839} INFO - DAG(s) dict_keys(['example_nested_branch_dag']) retrieved from /home/frederic/airflow_venv/lib/python3.10/site-packages/airflow/example_dags/example_nested_branch_dag.py
[2026-05-29T01:45:35.848+0200] {logging_mixin.py:151} INFO - [2026-05-29T01:45:35.847+0200] {dag.py:2915} INFO - Sync 1 DAGs
[2026-05-29T01:45:35.873+0200] {logging_mixin.py:151} INFO - [2026-05-29T01:45:35.873+0200] {dag.py:3696} INFO - Setting next_dagrun for example_nested_branch_dag to 2026-05-27T00:00:00+00:00, run_after=2026-05-28T00:00:00+00:00
[2026-05-29T01:45:35.892+0200] {processor.py:179} INFO - Processing /home/frederic/airflow_venv/lib/python3.10/site-packages/airflow/example_dags/example_nested_branch_dag.py took 0.097 seconds
[2026-05-29T01:46:29.644+0200] {processor.py:157} INFO - Started process (PID=608743) to work on /home/frederic/airflow_venv/lib/python3.10/site-packages/airflow/example_dags/example_nested_branch_dag.py
[2026-05-29T01:46:29.645+0200] {processor.py:829} INFO - Processing file /home/frederic/airflow_venv/lib/python3.10/site-packages/airflow/example_dags/example_nested_branch_dag.py for tasks to queue
[2026-05-29T01:46:29.647+0200] {logging_mixin.py:151} INFO - [2026-05-29T01:46:29.646+0200] {dagbag.py:539} INFO - Filling up the DagBag from /home/frederic/airflow_venv/lib/python3.10/site-packages/airflow/example_dags/example_nested_branch_dag.py
[2026-05-29T01:46:29.659+0200] {processor.py:839} INFO - DAG(s) dict_keys(['example_nested_branch_dag']) retrieved from /home/frederic/airflow_venv/lib/python3.10/site-packages/airflow/example_dags/example_nested_branch_dag.py
[2026-05-29T01:46:29.678+0200] {logging_mixin.py:151} INFO - [2026-05-29T01:46:29.677+0200] {dag.py:2915} INFO - Sync 1 DAGs
[2026-05-29T01:46:29.704+0200] {logging_mixin.py:151} INFO - [2026-05-29T01:46:29.704+0200] {dag.py:3696} INFO - Setting next_dagrun for example_nested_branch_dag to 2026-05-27T00:00:00+00:00, run_after=2026-05-28T00:00:00+00:00
[2026-05-29T01:46:29.737+0200] {processor.py:179} INFO - Processing /home/frederic/airflow_venv/lib/python3.10/site-packages/airflow/example_dags/example_nested_branch_dag.py took 0.095 seconds
[2026-05-29T01:47:13.496+0200] {processor.py:157} INFO - Started process (PID=609880) to work on /home/frederic/airflow_venv/lib/python3.10/site-packages/airflow/example_dags/example_nested_branch_dag.py
[2026-05-29T01:47:13.497+0200] {processor.py:829} INFO - Processing file /home/frederic/airflow_venv/lib/python3.10/site-packages/airflow/example_dags/example_nested_branch_dag.py for tasks to queue
[2026-05-29T01:47:13.498+0200] {logging_mixin.py:151} INFO - [2026-05-29T01:47:13.498+0200] {dagbag.py:539} INFO - Filling up the DagBag from /home/frederic/airflow_venv/lib/python3.10/site-packages/airflow/example_dags/example_nested_branch_dag.py
[2026-05-29T01:47:13.507+0200] {processor.py:839} INFO - DAG(s) dict_keys(['example_nested_branch_dag']) retrieved from /home/frederic/airflow_venv/lib/python3.10/site-packages/airflow/example_dags/example_nested_branch_dag.py
[2026-05-29T01:47:13.522+0200] {logging_mixin.py:151} INFO - [2026-05-29T01:47:13.522+0200] {dag.py:2915} INFO - Sync 1 DAGs
[2026-05-29T01:47:13.548+0200] {logging_mixin.py:151} INFO - [2026-05-29T01:47:13.547+0200] {dag.py:3696} INFO - Setting next_dagrun for example_nested_branch_dag to 2026-05-27T00:00:00+00:00, run_after=2026-05-28T00:00:00+00:00
[2026-05-29T01:47:13.564+0200] {processor.py:179} INFO - Processing /home/frederic/airflow_venv/lib/python3.10/site-packages/airflow/example_dags/example_nested_branch_dag.py took 0.070 seconds
[2026-05-29T01:47:56.787+0200] {processor.py:157} INFO - Started process (PID=611242) to work on /home/frederic/airflow_venv/lib/python3.10/site-packages/airflow/example_dags/example_nested_branch_dag.py
[2026-05-29T01:47:56.790+0200] {processor.py:829} INFO - Processing file /home/frederic/airflow_venv/lib/python3.10/site-packages/airflow/example_dags/example_nested_branch_dag.py for tasks to queue
[2026-05-29T01:47:56.791+0200] {logging_mixin.py:151} INFO - [2026-05-29T01:47:56.791+0200] {dagbag.py:539} INFO - Filling up the DagBag from /home/frederic/airflow_venv/lib/python3.10/site-packages/airflow/example_dags/example_nested_branch_dag.py
[2026-05-29T01:47:56.803+0200] {processor.py:839} INFO - DAG(s) dict_keys(['example_nested_branch_dag']) retrieved from /home/frederic/airflow_venv/lib/python3.10/site-packages/airflow/example_dags/example_nested_branch_dag.py
[2026-05-29T01:47:56.826+0200] {logging_mixin.py:151} INFO - [2026-05-29T01:47:56.826+0200] {dag.py:2915} INFO - Sync 1 DAGs
[2026-05-29T01:47:56.852+0200] {logging_mixin.py:151} INFO - [2026-05-29T01:47:56.852+0200] {dag.py:3696} INFO - Setting next_dagrun for example_nested_branch_dag to 2026-05-27T00:00:00+00:00, run_after=2026-05-28T00:00:00+00:00
[2026-05-29T01:47:56.872+0200] {processor.py:179} INFO - Processing /home/frederic/airflow_venv/lib/python3.10/site-packages/airflow/example_dags/example_nested_branch_dag.py took 0.088 seconds
[2026-05-29T01:48:43.766+0200] {processor.py:157} INFO - Started process (PID=612579) to work on /home/frederic/airflow_venv/lib/python3.10/site-packages/airflow/example_dags/example_nested_branch_dag.py
[2026-05-29T01:48:43.768+0200] {processor.py:829} INFO - Processing file /home/frederic/airflow_venv/lib/python3.10/site-packages/airflow/example_dags/example_nested_branch_dag.py for tasks to queue
[2026-05-29T01:48:43.769+0200] {logging_mixin.py:151} INFO - [2026-05-29T01:48:43.768+0200] {dagbag.py:539} INFO - Filling up the DagBag from /home/frederic/airflow_venv/lib/python3.10/site-packages/airflow/example_dags/example_nested_branch_dag.py
[2026-05-29T01:48:43.783+0200] {processor.py:839} INFO - DAG(s) dict_keys(['example_nested_branch_dag']) retrieved from /home/frederic/airflow_venv/lib/python3.10/site-packages/airflow/example_dags/example_nested_branch_dag.py
[2026-05-29T01:48:43.813+0200] {logging_mixin.py:151} INFO - [2026-05-29T01:48:43.812+0200] {dag.py:2915} INFO - Sync 1 DAGs
[2026-05-29T01:48:43.847+0200] {logging_mixin.py:151} INFO - [2026-05-29T01:48:43.847+0200] {dag.py:3696} INFO - Setting next_dagrun for example_nested_branch_dag to 2026-05-27T00:00:00+00:00, run_after=2026-05-28T00:00:00+00:00
[2026-05-29T01:48:43.866+0200] {processor.py:179} INFO - Processing /home/frederic/airflow_venv/lib/python3.10/site-packages/airflow/example_dags/example_nested_branch_dag.py took 0.104 seconds
[2026-05-29T01:49:28.499+0200] {processor.py:157} INFO - Started process (PID=613672) to work on /home/frederic/airflow_venv/lib/python3.10/site-packages/airflow/example_dags/example_nested_branch_dag.py
[2026-05-29T01:49:28.502+0200] {processor.py:829} INFO - Processing file /home/frederic/airflow_venv/lib/python3.10/site-packages/airflow/example_dags/example_nested_branch_dag.py for tasks to queue
[2026-05-29T01:49:28.503+0200] {logging_mixin.py:151} INFO - [2026-05-29T01:49:28.503+0200] {dagbag.py:539} INFO - Filling up the DagBag from /home/frederic/airflow_venv/lib/python3.10/site-packages/airflow/example_dags/example_nested_branch_dag.py
[2026-05-29T01:49:28.515+0200] {processor.py:839} INFO - DAG(s) dict_keys(['example_nested_branch_dag']) retrieved from /home/frederic/airflow_venv/lib/python3.10/site-packages/airflow/example_dags/example_nested_branch_dag.py
[2026-05-29T01:49:28.536+0200] {logging_mixin.py:151} INFO - [2026-05-29T01:49:28.536+0200] {dag.py:2915} INFO - Sync 1 DAGs
[2026-05-29T01:49:28.555+0200] {logging_mixin.py:151} INFO - [2026-05-29T01:49:28.555+0200] {dag.py:3696} INFO - Setting next_dagrun for example_nested_branch_dag to 2026-05-27T00:00:00+00:00, run_after=2026-05-28T00:00:00+00:00
[2026-05-29T01:49:28.570+0200] {processor.py:179} INFO - Processing /home/frederic/airflow_venv/lib/python3.10/site-packages/airflow/example_dags/example_nested_branch_dag.py took 0.074 seconds
[2026-05-29T01:50:14.770+0200] {processor.py:157} INFO - Started process (PID=614916) to work on /home/frederic/airflow_venv/lib/python3.10/site-packages/airflow/example_dags/example_nested_branch_dag.py
[2026-05-29T01:50:14.773+0200] {processor.py:829} INFO - Processing file /home/frederic/airflow_venv/lib/python3.10/site-packages/airflow/example_dags/example_nested_branch_dag.py for tasks to queue
[2026-05-29T01:50:14.774+0200] {logging_mixin.py:151} INFO - [2026-05-29T01:50:14.774+0200] {dagbag.py:539} INFO - Filling up the DagBag from /home/frederic/airflow_venv/lib/python3.10/site-packages/airflow/example_dags/example_nested_branch_dag.py
[2026-05-29T01:50:14.785+0200] {processor.py:839} INFO - DAG(s) dict_keys(['example_nested_branch_dag']) retrieved from /home/frederic/airflow_venv/lib/python3.10/site-packages/airflow/example_dags/example_nested_branch_dag.py
[2026-05-29T01:50:14.803+0200] {logging_mixin.py:151} INFO - [2026-05-29T01:50:14.803+0200] {dag.py:2915} INFO - Sync 1 DAGs
[2026-05-29T01:50:14.827+0200] {logging_mixin.py:151} INFO - [2026-05-29T01:50:14.826+0200] {dag.py:3696} INFO - Setting next_dagrun for example_nested_branch_dag to 2026-05-27T00:00:00+00:00, run_after=2026-05-28T00:00:00+00:00
[2026-05-29T01:50:14.844+0200] {processor.py:179} INFO - Processing /home/frederic/airflow_venv/lib/python3.10/site-packages/airflow/example_dags/example_nested_branch_dag.py took 0.077 seconds
[2026-05-29T01:50:58.822+0200] {processor.py:157} INFO - Started process (PID=616284) to work on /home/frederic/airflow_venv/lib/python3.10/site-packages/airflow/example_dags/example_nested_branch_dag.py
[2026-05-29T01:50:58.825+0200] {processor.py:829} INFO - Processing file /home/frederic/airflow_venv/lib/python3.10/site-packages/airflow/example_dags/example_nested_branch_dag.py for tasks to queue
[2026-05-29T01:50:58.825+0200] {logging_mixin.py:151} INFO - [2026-05-29T01:50:58.825+0200] {dagbag.py:539} INFO - Filling up the DagBag from /home/frederic/airflow_venv/lib/python3.10/site-packages/airflow/example_dags/example_nested_branch_dag.py
[2026-05-29T01:50:58.833+0200] {processor.py:839} INFO - DAG(s) dict_keys(['example_nested_branch_dag']) retrieved from /home/frederic/airflow_venv/lib/python3.10/site-packages/airflow/example_dags/example_nested_branch_dag.py
[2026-05-29T01:50:58.847+0200] {logging_mixin.py:151} INFO - [2026-05-29T01:50:58.846+0200] {dag.py:2915} INFO - Sync 1 DAGs
[2026-05-29T01:50:58.863+0200] {logging_mixin.py:151} INFO - [2026-05-29T01:50:58.863+0200] {dag.py:3696} INFO - Setting next_dagrun for example_nested_branch_dag to 2026-05-27T00:00:00+00:00, run_after=2026-05-28T00:00:00+00:00
[2026-05-29T01:50:58.878+0200] {processor.py:179} INFO - Processing /home/frederic/airflow_venv/lib/python3.10/site-packages/airflow/example_dags/example_nested_branch_dag.py took 0.059 seconds
[2026-05-29T01:51:48.238+0200] {processor.py:157} INFO - Started process (PID=617528) to work on /home/frederic/airflow_venv/lib/python3.10/site-packages/airflow/example_dags/example_nested_branch_dag.py
[2026-05-29T01:51:48.238+0200] {processor.py:829} INFO - Processing file /home/frederic/airflow_venv/lib/python3.10/site-packages/airflow/example_dags/example_nested_branch_dag.py for tasks to queue
[2026-05-29T01:51:48.239+0200] {logging_mixin.py:151} INFO - [2026-05-29T01:51:48.239+0200] {dagbag.py:539} INFO - Filling up the DagBag from /home/frederic/airflow_venv/lib/python3.10/site-packages/airflow/example_dags/example_nested_branch_dag.py
[2026-05-29T01:51:48.248+0200] {processor.py:839} INFO - DAG(s) dict_keys(['example_nested_branch_dag']) retrieved from /home/frederic/airflow_venv/lib/python3.10/site-packages/airflow/example_dags/example_nested_branch_dag.py
[2026-05-29T01:51:48.266+0200] {logging_mixin.py:151} INFO - [2026-05-29T01:51:48.266+0200] {dag.py:2915} INFO - Sync 1 DAGs
[2026-05-29T01:51:48.284+0200] {logging_mixin.py:151} INFO - [2026-05-29T01:51:48.284+0200] {dag.py:3696} INFO - Setting next_dagrun for example_nested_branch_dag to 2026-05-27T00:00:00+00:00, run_after=2026-05-28T00:00:00+00:00
[2026-05-29T01:51:48.303+0200] {processor.py:179} INFO - Processing /home/frederic/airflow_venv/lib/python3.10/site-packages/airflow/example_dags/example_nested_branch_dag.py took 0.069 seconds
[2026-05-29T01:52:37.793+0200] {processor.py:157} INFO - Started process (PID=619107) to work on /home/frederic/airflow_venv/lib/python3.10/site-packages/airflow/example_dags/example_nested_branch_dag.py
[2026-05-29T01:52:37.794+0200] {processor.py:829} INFO - Processing file /home/frederic/airflow_venv/lib/python3.10/site-packages/airflow/example_dags/example_nested_branch_dag.py for tasks to queue
[2026-05-29T01:52:37.795+0200] {logging_mixin.py:151} INFO - [2026-05-29T01:52:37.795+0200] {dagbag.py:539} INFO - Filling up the DagBag from /home/frederic/airflow_venv/lib/python3.10/site-packages/airflow/example_dags/example_nested_branch_dag.py
[2026-05-29T01:52:37.812+0200] {processor.py:839} INFO - DAG(s) dict_keys(['example_nested_branch_dag']) retrieved from /home/frederic/airflow_venv/lib/python3.10/site-packages/airflow/example_dags/example_nested_branch_dag.py
[2026-05-29T01:52:37.836+0200] {logging_mixin.py:151} INFO - [2026-05-29T01:52:37.836+0200] {dag.py:2915} INFO - Sync 1 DAGs
[2026-05-29T01:52:37.870+0200] {logging_mixin.py:151} INFO - [2026-05-29T01:52:37.870+0200] {dag.py:3696} INFO - Setting next_dagrun for example_nested_branch_dag to 2026-05-27T00:00:00+00:00, run_after=2026-05-28T00:00:00+00:00
[2026-05-29T01:52:37.897+0200] {processor.py:179} INFO - Processing /home/frederic/airflow_venv/lib/python3.10/site-packages/airflow/example_dags/example_nested_branch_dag.py took 0.110 seconds
[2026-05-29T01:53:23.670+0200] {processor.py:157} INFO - Started process (PID=620446) to work on /home/frederic/airflow_venv/lib/python3.10/site-packages/airflow/example_dags/example_nested_branch_dag.py
[2026-05-29T01:53:23.674+0200] {processor.py:829} INFO - Processing file /home/frederic/airflow_venv/lib/python3.10/site-packages/airflow/example_dags/example_nested_branch_dag.py for tasks to queue
[2026-05-29T01:53:23.675+0200] {logging_mixin.py:151} INFO - [2026-05-29T01:53:23.674+0200] {dagbag.py:539} INFO - Filling up the DagBag from /home/frederic/airflow_venv/lib/python3.10/site-packages/airflow/example_dags/example_nested_branch_dag.py
[2026-05-29T01:53:23.683+0200] {processor.py:839} INFO - DAG(s) dict_keys(['example_nested_branch_dag']) retrieved from /home/frederic/airflow_venv/lib/python3.10/site-packages/airflow/example_dags/example_nested_branch_dag.py
[2026-05-29T01:53:23.697+0200] {logging_mixin.py:151} INFO - [2026-05-29T01:53:23.697+0200] {dag.py:2915} INFO - Sync 1 DAGs
[2026-05-29T01:53:23.714+0200] {logging_mixin.py:151} INFO - [2026-05-29T01:53:23.714+0200] {dag.py:3696} INFO - Setting next_dagrun for example_nested_branch_dag to 2026-05-27T00:00:00+00:00, run_after=2026-05-28T00:00:00+00:00
[2026-05-29T01:53:23.729+0200] {processor.py:179} INFO - Processing /home/frederic/airflow_venv/lib/python3.10/site-packages/airflow/example_dags/example_nested_branch_dag.py took 0.061 seconds
[2026-05-29T01:54:09.255+0200] {processor.py:157} INFO - Started process (PID=621488) to work on /home/frederic/airflow_venv/lib/python3.10/site-packages/airflow/example_dags/example_nested_branch_dag.py
[2026-05-29T01:54:09.259+0200] {processor.py:829} INFO - Processing file /home/frederic/airflow_venv/lib/python3.10/site-packages/airflow/example_dags/example_nested_branch_dag.py for tasks to queue
[2026-05-29T01:54:09.259+0200] {logging_mixin.py:151} INFO - [2026-05-29T01:54:09.259+0200] {dagbag.py:539} INFO - Filling up the DagBag from /home/frederic/airflow_venv/lib/python3.10/site-packages/airflow/example_dags/example_nested_branch_dag.py
[2026-05-29T01:54:09.268+0200] {processor.py:839} INFO - DAG(s) dict_keys(['example_nested_branch_dag']) retrieved from /home/frederic/airflow_venv/lib/python3.10/site-packages/airflow/example_dags/example_nested_branch_dag.py
[2026-05-29T01:54:09.283+0200] {logging_mixin.py:151} INFO - [2026-05-29T01:54:09.283+0200] {dag.py:2915} INFO - Sync 1 DAGs
[2026-05-29T01:54:09.302+0200] {logging_mixin.py:151} INFO - [2026-05-29T01:54:09.302+0200] {dag.py:3696} INFO - Setting next_dagrun for example_nested_branch_dag to 2026-05-27T00:00:00+00:00, run_after=2026-05-28T00:00:00+00:00
[2026-05-29T01:54:09.317+0200] {processor.py:179} INFO - Processing /home/frederic/airflow_venv/lib/python3.10/site-packages/airflow/example_dags/example_nested_branch_dag.py took 0.064 seconds
[2026-05-29T01:54:54.037+0200] {processor.py:157} INFO - Started process (PID=623353) to work on /home/frederic/airflow_venv/lib/python3.10/site-packages/airflow/example_dags/example_nested_branch_dag.py
[2026-05-29T01:54:54.040+0200] {processor.py:829} INFO - Processing file /home/frederic/airflow_venv/lib/python3.10/site-packages/airflow/example_dags/example_nested_branch_dag.py for tasks to queue
[2026-05-29T01:54:54.041+0200] {logging_mixin.py:151} INFO - [2026-05-29T01:54:54.041+0200] {dagbag.py:539} INFO - Filling up the DagBag from /home/frederic/airflow_venv/lib/python3.10/site-packages/airflow/example_dags/example_nested_branch_dag.py
[2026-05-29T01:54:54.050+0200] {processor.py:839} INFO - DAG(s) dict_keys(['example_nested_branch_dag']) retrieved from /home/frederic/airflow_venv/lib/python3.10/site-packages/airflow/example_dags/example_nested_branch_dag.py
[2026-05-29T01:54:54.068+0200] {logging_mixin.py:151} INFO - [2026-05-29T01:54:54.068+0200] {dag.py:2915} INFO - Sync 1 DAGs
[2026-05-29T01:54:54.087+0200] {logging_mixin.py:151} INFO - [2026-05-29T01:54:54.087+0200] {dag.py:3696} INFO - Setting next_dagrun for example_nested_branch_dag to 2026-05-27T00:00:00+00:00, run_after=2026-05-28T00:00:00+00:00
[2026-05-29T01:54:54.103+0200] {processor.py:179} INFO - Processing /home/frederic/airflow_venv/lib/python3.10/site-packages/airflow/example_dags/example_nested_branch_dag.py took 0.069 seconds
[2026-05-29T01:55:41.560+0200] {processor.py:157} INFO - Started process (PID=624797) to work on /home/frederic/airflow_venv/lib/python3.10/site-packages/airflow/example_dags/example_nested_branch_dag.py
[2026-05-29T01:55:41.561+0200] {processor.py:829} INFO - Processing file /home/frederic/airflow_venv/lib/python3.10/site-packages/airflow/example_dags/example_nested_branch_dag.py for tasks to queue
[2026-05-29T01:55:41.562+0200] {logging_mixin.py:151} INFO - [2026-05-29T01:55:41.562+0200] {dagbag.py:539} INFO - Filling up the DagBag from /home/frederic/airflow_venv/lib/python3.10/site-packages/airflow/example_dags/example_nested_branch_dag.py
[2026-05-29T01:55:41.573+0200] {processor.py:839} INFO - DAG(s) dict_keys(['example_nested_branch_dag']) retrieved from /home/frederic/airflow_venv/lib/python3.10/site-packages/airflow/example_dags/example_nested_branch_dag.py
[2026-05-29T01:55:41.580+0200] {logging_mixin.py:151} INFO - [2026-05-29T01:55:41.580+0200] {dag.py:2915} INFO - Sync 1 DAGs
[2026-05-29T01:55:41.610+0200] {logging_mixin.py:151} INFO - [2026-05-29T01:55:41.610+0200] {dag.py:3696} INFO - Setting next_dagrun for example_nested_branch_dag to 2026-05-27T00:00:00+00:00, run_after=2026-05-28T00:00:00+00:00
[2026-05-29T01:55:41.633+0200] {processor.py:179} INFO - Processing /home/frederic/airflow_venv/lib/python3.10/site-packages/airflow/example_dags/example_nested_branch_dag.py took 0.076 seconds
[2026-05-29T01:55:46.676+0200] {processor.py:157} INFO - Started process (PID=624905) to work on /home/frederic/airflow_venv/lib/python3.10/site-packages/airflow/example_dags/example_nested_branch_dag.py
[2026-05-29T01:55:46.676+0200] {processor.py:829} INFO - Processing file /home/frederic/airflow_venv/lib/python3.10/site-packages/airflow/example_dags/example_nested_branch_dag.py for tasks to queue
[2026-05-29T01:55:46.677+0200] {logging_mixin.py:151} INFO - [2026-05-29T01:55:46.677+0200] {dagbag.py:539} INFO - Filling up the DagBag from /home/frederic/airflow_venv/lib/python3.10/site-packages/airflow/example_dags/example_nested_branch_dag.py
[2026-05-29T01:55:46.688+0200] {processor.py:839} INFO - DAG(s) dict_keys(['example_nested_branch_dag']) retrieved from /home/frederic/airflow_venv/lib/python3.10/site-packages/airflow/example_dags/example_nested_branch_dag.py
[2026-05-29T01:55:46.703+0200] {logging_mixin.py:151} INFO - [2026-05-29T01:55:46.703+0200] {dag.py:2915} INFO - Sync 1 DAGs
[2026-05-29T01:55:46.730+0200] {logging_mixin.py:151} INFO - [2026-05-29T01:55:46.730+0200] {dag.py:3696} INFO - Setting next_dagrun for example_nested_branch_dag to 2026-05-27T00:00:00+00:00, run_after=2026-05-28T00:00:00+00:00
[2026-05-29T01:55:46.752+0200] {processor.py:179} INFO - Processing /home/frederic/airflow_venv/lib/python3.10/site-packages/airflow/example_dags/example_nested_branch_dag.py took 0.078 seconds
[2026-05-29T01:56:39.371+0200] {processor.py:157} INFO - Started process (PID=626595) to work on /home/frederic/airflow_venv/lib/python3.10/site-packages/airflow/example_dags/example_nested_branch_dag.py
[2026-05-29T01:56:39.372+0200] {processor.py:829} INFO - Processing file /home/frederic/airflow_venv/lib/python3.10/site-packages/airflow/example_dags/example_nested_branch_dag.py for tasks to queue
[2026-05-29T01:56:39.373+0200] {logging_mixin.py:151} INFO - [2026-05-29T01:56:39.373+0200] {dagbag.py:539} INFO - Filling up the DagBag from /home/frederic/airflow_venv/lib/python3.10/site-packages/airflow/example_dags/example_nested_branch_dag.py
[2026-05-29T01:56:39.384+0200] {processor.py:839} INFO - DAG(s) dict_keys(['example_nested_branch_dag']) retrieved from /home/frederic/airflow_venv/lib/python3.10/site-packages/airflow/example_dags/example_nested_branch_dag.py
[2026-05-29T01:56:39.403+0200] {logging_mixin.py:151} INFO - [2026-05-29T01:56:39.403+0200] {dag.py:2915} INFO - Sync 1 DAGs
[2026-05-29T01:56:39.421+0200] {logging_mixin.py:151} INFO - [2026-05-29T01:56:39.421+0200] {dag.py:3696} INFO - Setting next_dagrun for example_nested_branch_dag to 2026-05-27T00:00:00+00:00, run_after=2026-05-28T00:00:00+00:00
[2026-05-29T01:56:39.438+0200] {processor.py:179} INFO - Processing /home/frederic/airflow_venv/lib/python3.10/site-packages/airflow/example_dags/example_nested_branch_dag.py took 0.071 seconds
[2026-05-29T01:56:45.172+0200] {processor.py:157} INFO - Started process (PID=626772) to work on /home/frederic/airflow_venv/lib/python3.10/site-packages/airflow/example_dags/example_nested_branch_dag.py
[2026-05-29T01:56:45.172+0200] {processor.py:829} INFO - Processing file /home/frederic/airflow_venv/lib/python3.10/site-packages/airflow/example_dags/example_nested_branch_dag.py for tasks to queue
[2026-05-29T01:56:45.174+0200] {logging_mixin.py:151} INFO - [2026-05-29T01:56:45.173+0200] {dagbag.py:539} INFO - Filling up the DagBag from /home/frederic/airflow_venv/lib/python3.10/site-packages/airflow/example_dags/example_nested_branch_dag.py
[2026-05-29T01:56:45.184+0200] {processor.py:839} INFO - DAG(s) dict_keys(['example_nested_branch_dag']) retrieved from /home/frederic/airflow_venv/lib/python3.10/site-packages/airflow/example_dags/example_nested_branch_dag.py
[2026-05-29T01:56:45.202+0200] {logging_mixin.py:151} INFO - [2026-05-29T01:56:45.202+0200] {dag.py:2915} INFO - Sync 1 DAGs
[2026-05-29T01:56:45.222+0200] {logging_mixin.py:151} INFO - [2026-05-29T01:56:45.222+0200] {dag.py:3696} INFO - Setting next_dagrun for example_nested_branch_dag to 2026-05-27T00:00:00+00:00, run_after=2026-05-28T00:00:00+00:00
[2026-05-29T01:56:45.241+0200] {processor.py:179} INFO - Processing /home/frederic/airflow_venv/lib/python3.10/site-packages/airflow/example_dags/example_nested_branch_dag.py took 0.072 seconds
[2026-05-29T01:57:24.665+0200] {processor.py:157} INFO - Started process (PID=627993) to work on /home/frederic/airflow_venv/lib/python3.10/site-packages/airflow/example_dags/example_nested_branch_dag.py
[2026-05-29T01:57:24.666+0200] {processor.py:829} INFO - Processing file /home/frederic/airflow_venv/lib/python3.10/site-packages/airflow/example_dags/example_nested_branch_dag.py for tasks to queue
[2026-05-29T01:57:24.667+0200] {logging_mixin.py:151} INFO - [2026-05-29T01:57:24.666+0200] {dagbag.py:539} INFO - Filling up the DagBag from /home/frederic/airflow_venv/lib/python3.10/site-packages/airflow/example_dags/example_nested_branch_dag.py
[2026-05-29T01:57:24.679+0200] {processor.py:839} INFO - DAG(s) dict_keys(['example_nested_branch_dag']) retrieved from /home/frederic/airflow_venv/lib/python3.10/site-packages/airflow/example_dags/example_nested_branch_dag.py
[2026-05-29T01:57:24.698+0200] {logging_mixin.py:151} INFO - [2026-05-29T01:57:24.697+0200] {dag.py:2915} INFO - Sync 1 DAGs
[2026-05-29T01:57:24.719+0200] {logging_mixin.py:151} INFO - [2026-05-29T01:57:24.719+0200] {dag.py:3696} INFO - Setting next_dagrun for example_nested_branch_dag to 2026-05-27T00:00:00+00:00, run_after=2026-05-28T00:00:00+00:00
[2026-05-29T01:57:24.737+0200] {processor.py:179} INFO - Processing /home/frederic/airflow_venv/lib/python3.10/site-packages/airflow/example_dags/example_nested_branch_dag.py took 0.074 seconds
[2026-05-29T01:57:32.358+0200] {processor.py:157} INFO - Started process (PID=628146) to work on /home/frederic/airflow_venv/lib/python3.10/site-packages/airflow/example_dags/example_nested_branch_dag.py
[2026-05-29T01:57:32.359+0200] {processor.py:829} INFO - Processing file /home/frederic/airflow_venv/lib/python3.10/site-packages/airflow/example_dags/example_nested_branch_dag.py for tasks to queue
[2026-05-29T01:57:32.360+0200] {logging_mixin.py:151} INFO - [2026-05-29T01:57:32.359+0200] {dagbag.py:539} INFO - Filling up the DagBag from /home/frederic/airflow_venv/lib/python3.10/site-packages/airflow/example_dags/example_nested_branch_dag.py
[2026-05-29T01:57:32.373+0200] {processor.py:839} INFO - DAG(s) dict_keys(['example_nested_branch_dag']) retrieved from /home/frederic/airflow_venv/lib/python3.10/site-packages/airflow/example_dags/example_nested_branch_dag.py
[2026-05-29T01:57:32.390+0200] {logging_mixin.py:151} INFO - [2026-05-29T01:57:32.390+0200] {dag.py:2915} INFO - Sync 1 DAGs
[2026-05-29T01:57:32.413+0200] {logging_mixin.py:151} INFO - [2026-05-29T01:57:32.413+0200] {dag.py:3696} INFO - Setting next_dagrun for example_nested_branch_dag to 2026-05-27T00:00:00+00:00, run_after=2026-05-28T00:00:00+00:00
[2026-05-29T01:57:32.437+0200] {processor.py:179} INFO - Processing /home/frederic/airflow_venv/lib/python3.10/site-packages/airflow/example_dags/example_nested_branch_dag.py took 0.084 seconds
[2026-05-29T01:58:14.999+0200] {processor.py:157} INFO - Started process (PID=629829) to work on /home/frederic/airflow_venv/lib/python3.10/site-packages/airflow/example_dags/example_nested_branch_dag.py
[2026-05-29T01:58:15.000+0200] {processor.py:829} INFO - Processing file /home/frederic/airflow_venv/lib/python3.10/site-packages/airflow/example_dags/example_nested_branch_dag.py for tasks to queue
[2026-05-29T01:58:15.001+0200] {logging_mixin.py:151} INFO - [2026-05-29T01:58:15.001+0200] {dagbag.py:539} INFO - Filling up the DagBag from /home/frederic/airflow_venv/lib/python3.10/site-packages/airflow/example_dags/example_nested_branch_dag.py
[2026-05-29T01:58:15.012+0200] {processor.py:839} INFO - DAG(s) dict_keys(['example_nested_branch_dag']) retrieved from /home/frederic/airflow_venv/lib/python3.10/site-packages/airflow/example_dags/example_nested_branch_dag.py
[2026-05-29T01:58:15.029+0200] {logging_mixin.py:151} INFO - [2026-05-29T01:58:15.029+0200] {dag.py:2915} INFO - Sync 1 DAGs
[2026-05-29T01:58:15.053+0200] {logging_mixin.py:151} INFO - [2026-05-29T01:58:15.053+0200] {dag.py:3696} INFO - Setting next_dagrun for example_nested_branch_dag to 2026-05-27T00:00:00+00:00, run_after=2026-05-28T00:00:00+00:00
[2026-05-29T01:58:15.074+0200] {processor.py:179} INFO - Processing /home/frederic/airflow_venv/lib/python3.10/site-packages/airflow/example_dags/example_nested_branch_dag.py took 0.078 seconds
[2026-05-29T01:58:18.655+0200] {processor.py:157} INFO - Started process (PID=629972) to work on /home/frederic/airflow_venv/lib/python3.10/site-packages/airflow/example_dags/example_nested_branch_dag.py
[2026-05-29T01:58:18.656+0200] {processor.py:829} INFO - Processing file /home/frederic/airflow_venv/lib/python3.10/site-packages/airflow/example_dags/example_nested_branch_dag.py for tasks to queue
[2026-05-29T01:58:18.657+0200] {logging_mixin.py:151} INFO - [2026-05-29T01:58:18.656+0200] {dagbag.py:539} INFO - Filling up the DagBag from /home/frederic/airflow_venv/lib/python3.10/site-packages/airflow/example_dags/example_nested_branch_dag.py
[2026-05-29T01:58:18.666+0200] {processor.py:839} INFO - DAG(s) dict_keys(['example_nested_branch_dag']) retrieved from /home/frederic/airflow_venv/lib/python3.10/site-packages/airflow/example_dags/example_nested_branch_dag.py
[2026-05-29T01:58:18.680+0200] {logging_mixin.py:151} INFO - [2026-05-29T01:58:18.680+0200] {dag.py:2915} INFO - Sync 1 DAGs
[2026-05-29T01:58:18.698+0200] {logging_mixin.py:151} INFO - [2026-05-29T01:58:18.698+0200] {dag.py:3696} INFO - Setting next_dagrun for example_nested_branch_dag to 2026-05-27T00:00:00+00:00, run_after=2026-05-28T00:00:00+00:00
[2026-05-29T01:58:18.716+0200] {processor.py:179} INFO - Processing /home/frederic/airflow_venv/lib/python3.10/site-packages/airflow/example_dags/example_nested_branch_dag.py took 0.063 seconds
[2026-05-29T01:59:11.046+0200] {processor.py:157} INFO - Started process (PID=631738) to work on /home/frederic/airflow_venv/lib/python3.10/site-packages/airflow/example_dags/example_nested_branch_dag.py
[2026-05-29T01:59:11.047+0200] {processor.py:829} INFO - Processing file /home/frederic/airflow_venv/lib/python3.10/site-packages/airflow/example_dags/example_nested_branch_dag.py for tasks to queue
[2026-05-29T01:59:11.048+0200] {logging_mixin.py:151} INFO - [2026-05-29T01:59:11.047+0200] {dagbag.py:539} INFO - Filling up the DagBag from /home/frederic/airflow_venv/lib/python3.10/site-packages/airflow/example_dags/example_nested_branch_dag.py
[2026-05-29T01:59:11.056+0200] {processor.py:839} INFO - DAG(s) dict_keys(['example_nested_branch_dag']) retrieved from /home/frederic/airflow_venv/lib/python3.10/site-packages/airflow/example_dags/example_nested_branch_dag.py
[2026-05-29T01:59:11.072+0200] {logging_mixin.py:151} INFO - [2026-05-29T01:59:11.072+0200] {dag.py:2915} INFO - Sync 1 DAGs
[2026-05-29T01:59:11.091+0200] {logging_mixin.py:151} INFO - [2026-05-29T01:59:11.091+0200] {dag.py:3696} INFO - Setting next_dagrun for example_nested_branch_dag to 2026-05-27T00:00:00+00:00, run_after=2026-05-28T00:00:00+00:00
[2026-05-29T01:59:11.109+0200] {processor.py:179} INFO - Processing /home/frederic/airflow_venv/lib/python3.10/site-packages/airflow/example_dags/example_nested_branch_dag.py took 0.066 seconds
[2026-05-29T01:59:13.457+0200] {processor.py:157} INFO - Started process (PID=631789) to work on /home/frederic/airflow_venv/lib/python3.10/site-packages/airflow/example_dags/example_nested_branch_dag.py
[2026-05-29T01:59:13.458+0200] {processor.py:829} INFO - Processing file /home/frederic/airflow_venv/lib/python3.10/site-packages/airflow/example_dags/example_nested_branch_dag.py for tasks to queue
[2026-05-29T01:59:13.458+0200] {logging_mixin.py:151} INFO - [2026-05-29T01:59:13.458+0200] {dagbag.py:539} INFO - Filling up the DagBag from /home/frederic/airflow_venv/lib/python3.10/site-packages/airflow/example_dags/example_nested_branch_dag.py
[2026-05-29T01:59:13.471+0200] {processor.py:839} INFO - DAG(s) dict_keys(['example_nested_branch_dag']) retrieved from /home/frederic/airflow_venv/lib/python3.10/site-packages/airflow/example_dags/example_nested_branch_dag.py
[2026-05-29T01:59:13.491+0200] {logging_mixin.py:151} INFO - [2026-05-29T01:59:13.491+0200] {dag.py:2915} INFO - Sync 1 DAGs
[2026-05-29T01:59:13.512+0200] {logging_mixin.py:151} INFO - [2026-05-29T01:59:13.512+0200] {dag.py:3696} INFO - Setting next_dagrun for example_nested_branch_dag to 2026-05-27T00:00:00+00:00, run_after=2026-05-28T00:00:00+00:00
[2026-05-29T01:59:13.529+0200] {processor.py:179} INFO - Processing /home/frederic/airflow_venv/lib/python3.10/site-packages/airflow/example_dags/example_nested_branch_dag.py took 0.075 seconds
[2026-05-29T01:59:56.484+0200] {processor.py:157} INFO - Started process (PID=633026) to work on /home/frederic/airflow_venv/lib/python3.10/site-packages/airflow/example_dags/example_nested_branch_dag.py
[2026-05-29T01:59:56.484+0200] {processor.py:829} INFO - Processing file /home/frederic/airflow_venv/lib/python3.10/site-packages/airflow/example_dags/example_nested_branch_dag.py for tasks to queue
[2026-05-29T01:59:56.485+0200] {logging_mixin.py:151} INFO - [2026-05-29T01:59:56.485+0200] {dagbag.py:539} INFO - Filling up the DagBag from /home/frederic/airflow_venv/lib/python3.10/site-packages/airflow/example_dags/example_nested_branch_dag.py
[2026-05-29T01:59:56.494+0200] {processor.py:839} INFO - DAG(s) dict_keys(['example_nested_branch_dag']) retrieved from /home/frederic/airflow_venv/lib/python3.10/site-packages/airflow/example_dags/example_nested_branch_dag.py
[2026-05-29T01:59:56.514+0200] {logging_mixin.py:151} INFO - [2026-05-29T01:59:56.513+0200] {dag.py:2915} INFO - Sync 1 DAGs
[2026-05-29T01:59:56.535+0200] {logging_mixin.py:151} INFO - [2026-05-29T01:59:56.534+0200] {dag.py:3696} INFO - Setting next_dagrun for example_nested_branch_dag to 2026-05-27T00:00:00+00:00, run_after=2026-05-28T00:00:00+00:00
[2026-05-29T01:59:56.553+0200] {processor.py:179} INFO - Processing /home/frederic/airflow_venv/lib/python3.10/site-packages/airflow/example_dags/example_nested_branch_dag.py took 0.072 seconds
[2026-05-29T01:59:58.798+0200] {processor.py:157} INFO - Started process (PID=633068) to work on /home/frederic/airflow_venv/lib/python3.10/site-packages/airflow/example_dags/example_nested_branch_dag.py
[2026-05-29T01:59:58.799+0200] {processor.py:829} INFO - Processing file /home/frederic/airflow_venv/lib/python3.10/site-packages/airflow/example_dags/example_nested_branch_dag.py for tasks to queue
[2026-05-29T01:59:58.799+0200] {logging_mixin.py:151} INFO - [2026-05-29T01:59:58.799+0200] {dagbag.py:539} INFO - Filling up the DagBag from /home/frederic/airflow_venv/lib/python3.10/site-packages/airflow/example_dags/example_nested_branch_dag.py
[2026-05-29T01:59:58.808+0200] {processor.py:839} INFO - DAG(s) dict_keys(['example_nested_branch_dag']) retrieved from /home/frederic/airflow_venv/lib/python3.10/site-packages/airflow/example_dags/example_nested_branch_dag.py
[2026-05-29T01:59:58.822+0200] {logging_mixin.py:151} INFO - [2026-05-29T01:59:58.822+0200] {dag.py:2915} INFO - Sync 1 DAGs
[2026-05-29T01:59:58.839+0200] {logging_mixin.py:151} INFO - [2026-05-29T01:59:58.839+0200] {dag.py:3696} INFO - Setting next_dagrun for example_nested_branch_dag to 2026-05-27T00:00:00+00:00, run_after=2026-05-28T00:00:00+00:00
[2026-05-29T01:59:58.857+0200] {processor.py:179} INFO - Processing /home/frederic/airflow_venv/lib/python3.10/site-packages/airflow/example_dags/example_nested_branch_dag.py took 0.062 seconds
