[2026-05-29T01:36:52.363+0200] {processor.py:157} INFO - Started process (PID=594131) to work on /home/frederic/airflow_venv/lib/python3.10/site-packages/airflow/example_dags/example_skip_dag.py
[2026-05-29T01:36:52.364+0200] {processor.py:829} INFO - Processing file /home/frederic/airflow_venv/lib/python3.10/site-packages/airflow/example_dags/example_skip_dag.py for tasks to queue
[2026-05-29T01:36:52.365+0200] {logging_mixin.py:151} INFO - [2026-05-29T01:36:52.364+0200] {dagbag.py:539} INFO - Filling up the DagBag from /home/frederic/airflow_venv/lib/python3.10/site-packages/airflow/example_dags/example_skip_dag.py
[2026-05-29T01:36:52.370+0200] {processor.py:839} INFO - DAG(s) dict_keys(['example_skip_dag']) retrieved from /home/frederic/airflow_venv/lib/python3.10/site-packages/airflow/example_dags/example_skip_dag.py
[2026-05-29T01:36:52.452+0200] {logging_mixin.py:151} INFO - [2026-05-29T01:36:52.452+0200] {manager.py:499} INFO - Created Permission View: %s
[2026-05-29T01:36:52.460+0200] {logging_mixin.py:151} INFO - [2026-05-29T01:36:52.460+0200] {manager.py:499} INFO - Created Permission View: %s
[2026-05-29T01:36:52.466+0200] {logging_mixin.py:151} INFO - [2026-05-29T01:36:52.466+0200] {manager.py:499} INFO - Created Permission View: %s
[2026-05-29T01:36:52.466+0200] {logging_mixin.py:151} INFO - [2026-05-29T01:36:52.466+0200] {security.py:708} INFO - Not syncing DAG-level permissions for DAG 'DAG:example_skip_dag' as access control is unset.
[2026-05-29T01:36:52.467+0200] {logging_mixin.py:151} INFO - [2026-05-29T01:36:52.466+0200] {dag.py:2915} INFO - Sync 1 DAGs
[2026-05-29T01:36:52.475+0200] {logging_mixin.py:151} INFO - [2026-05-29T01:36:52.475+0200] {dag.py:2937} INFO - Creating ORM DAG for example_skip_dag
[2026-05-29T01:36:52.481+0200] {logging_mixin.py:151} INFO - [2026-05-29T01:36:52.481+0200] {dag.py:3696} INFO - Setting next_dagrun for example_skip_dag to 2026-05-27T23:36:52.481598+00:00, run_after=2026-05-28T23:36:52.481598+00:00
[2026-05-29T01:36:52.498+0200] {processor.py:179} INFO - Processing /home/frederic/airflow_venv/lib/python3.10/site-packages/airflow/example_dags/example_skip_dag.py took 0.137 seconds
[2026-05-29T01:37:36.852+0200] {processor.py:157} INFO - Started process (PID=595042) to work on /home/frederic/airflow_venv/lib/python3.10/site-packages/airflow/example_dags/example_skip_dag.py
[2026-05-29T01:37:36.853+0200] {processor.py:829} INFO - Processing file /home/frederic/airflow_venv/lib/python3.10/site-packages/airflow/example_dags/example_skip_dag.py for tasks to queue
[2026-05-29T01:37:36.854+0200] {logging_mixin.py:151} INFO - [2026-05-29T01:37:36.853+0200] {dagbag.py:539} INFO - Filling up the DagBag from /home/frederic/airflow_venv/lib/python3.10/site-packages/airflow/example_dags/example_skip_dag.py
[2026-05-29T01:37:36.861+0200] {processor.py:839} INFO - DAG(s) dict_keys(['example_skip_dag']) retrieved from /home/frederic/airflow_venv/lib/python3.10/site-packages/airflow/example_dags/example_skip_dag.py
[2026-05-29T01:37:36.876+0200] {logging_mixin.py:151} INFO - [2026-05-29T01:37:36.876+0200] {dag.py:2915} INFO - Sync 1 DAGs
[2026-05-29T01:37:36.894+0200] {logging_mixin.py:151} INFO - [2026-05-29T01:37:36.894+0200] {dag.py:3696} INFO - Setting next_dagrun for example_skip_dag to 2026-05-27T23:37:36.894416+00:00, run_after=2026-05-28T23:37:36.894416+00:00
[2026-05-29T01:37:36.910+0200] {processor.py:179} INFO - Processing /home/frederic/airflow_venv/lib/python3.10/site-packages/airflow/example_dags/example_skip_dag.py took 0.063 seconds
[2026-05-29T01:38:23.208+0200] {processor.py:157} INFO - Started process (PID=595902) to work on /home/frederic/airflow_venv/lib/python3.10/site-packages/airflow/example_dags/example_skip_dag.py
[2026-05-29T01:38:23.211+0200] {processor.py:829} INFO - Processing file /home/frederic/airflow_venv/lib/python3.10/site-packages/airflow/example_dags/example_skip_dag.py for tasks to queue
[2026-05-29T01:38:23.212+0200] {logging_mixin.py:151} INFO - [2026-05-29T01:38:23.212+0200] {dagbag.py:539} INFO - Filling up the DagBag from /home/frederic/airflow_venv/lib/python3.10/site-packages/airflow/example_dags/example_skip_dag.py
[2026-05-29T01:38:23.219+0200] {processor.py:839} INFO - DAG(s) dict_keys(['example_skip_dag']) retrieved from /home/frederic/airflow_venv/lib/python3.10/site-packages/airflow/example_dags/example_skip_dag.py
[2026-05-29T01:38:23.233+0200] {logging_mixin.py:151} INFO - [2026-05-29T01:38:23.233+0200] {dag.py:2915} INFO - Sync 1 DAGs
[2026-05-29T01:38:23.254+0200] {logging_mixin.py:151} INFO - [2026-05-29T01:38:23.254+0200] {dag.py:3696} INFO - Setting next_dagrun for example_skip_dag to 2026-05-27T23:38:23.253726+00:00, run_after=2026-05-28T23:38:23.253726+00:00
[2026-05-29T01:38:23.321+0200] {processor.py:179} INFO - Processing /home/frederic/airflow_venv/lib/python3.10/site-packages/airflow/example_dags/example_skip_dag.py took 0.115 seconds
[2026-05-29T01:39:06.460+0200] {processor.py:157} INFO - Started process (PID=596924) to work on /home/frederic/airflow_venv/lib/python3.10/site-packages/airflow/example_dags/example_skip_dag.py
[2026-05-29T01:39:06.461+0200] {processor.py:829} INFO - Processing file /home/frederic/airflow_venv/lib/python3.10/site-packages/airflow/example_dags/example_skip_dag.py for tasks to queue
[2026-05-29T01:39:06.461+0200] {logging_mixin.py:151} INFO - [2026-05-29T01:39:06.461+0200] {dagbag.py:539} INFO - Filling up the DagBag from /home/frederic/airflow_venv/lib/python3.10/site-packages/airflow/example_dags/example_skip_dag.py
[2026-05-29T01:39:06.468+0200] {processor.py:839} INFO - DAG(s) dict_keys(['example_skip_dag']) retrieved from /home/frederic/airflow_venv/lib/python3.10/site-packages/airflow/example_dags/example_skip_dag.py
[2026-05-29T01:39:06.484+0200] {logging_mixin.py:151} INFO - [2026-05-29T01:39:06.484+0200] {dag.py:2915} INFO - Sync 1 DAGs
[2026-05-29T01:39:06.507+0200] {logging_mixin.py:151} INFO - [2026-05-29T01:39:06.506+0200] {dag.py:3696} INFO - Setting next_dagrun for example_skip_dag to 2026-05-27T23:39:06.506595+00:00, run_after=2026-05-28T23:39:06.506595+00:00
[2026-05-29T01:39:06.531+0200] {processor.py:179} INFO - Processing /home/frederic/airflow_venv/lib/python3.10/site-packages/airflow/example_dags/example_skip_dag.py took 0.074 seconds
[2026-05-29T01:39:52.205+0200] {processor.py:157} INFO - Started process (PID=597955) to work on /home/frederic/airflow_venv/lib/python3.10/site-packages/airflow/example_dags/example_skip_dag.py
[2026-05-29T01:39:52.206+0200] {processor.py:829} INFO - Processing file /home/frederic/airflow_venv/lib/python3.10/site-packages/airflow/example_dags/example_skip_dag.py for tasks to queue
[2026-05-29T01:39:52.207+0200] {logging_mixin.py:151} INFO - [2026-05-29T01:39:52.206+0200] {dagbag.py:539} INFO - Filling up the DagBag from /home/frederic/airflow_venv/lib/python3.10/site-packages/airflow/example_dags/example_skip_dag.py
[2026-05-29T01:39:52.213+0200] {processor.py:839} INFO - DAG(s) dict_keys(['example_skip_dag']) retrieved from /home/frederic/airflow_venv/lib/python3.10/site-packages/airflow/example_dags/example_skip_dag.py
[2026-05-29T01:39:52.230+0200] {logging_mixin.py:151} INFO - [2026-05-29T01:39:52.230+0200] {dag.py:2915} INFO - Sync 1 DAGs
[2026-05-29T01:39:52.249+0200] {logging_mixin.py:151} INFO - [2026-05-29T01:39:52.249+0200] {dag.py:3696} INFO - Setting next_dagrun for example_skip_dag to 2026-05-27T23:39:52.248862+00:00, run_after=2026-05-28T23:39:52.248862+00:00
[2026-05-29T01:39:52.268+0200] {processor.py:179} INFO - Processing /home/frederic/airflow_venv/lib/python3.10/site-packages/airflow/example_dags/example_skip_dag.py took 0.065 seconds
[2026-05-29T01:40:41.436+0200] {processor.py:157} INFO - Started process (PID=599239) to work on /home/frederic/airflow_venv/lib/python3.10/site-packages/airflow/example_dags/example_skip_dag.py
[2026-05-29T01:40:41.439+0200] {processor.py:829} INFO - Processing file /home/frederic/airflow_venv/lib/python3.10/site-packages/airflow/example_dags/example_skip_dag.py for tasks to queue
[2026-05-29T01:40:41.440+0200] {logging_mixin.py:151} INFO - [2026-05-29T01:40:41.440+0200] {dagbag.py:539} INFO - Filling up the DagBag from /home/frederic/airflow_venv/lib/python3.10/site-packages/airflow/example_dags/example_skip_dag.py
[2026-05-29T01:40:41.448+0200] {processor.py:839} INFO - DAG(s) dict_keys(['example_skip_dag']) retrieved from /home/frederic/airflow_venv/lib/python3.10/site-packages/airflow/example_dags/example_skip_dag.py
[2026-05-29T01:40:41.464+0200] {logging_mixin.py:151} INFO - [2026-05-29T01:40:41.464+0200] {dag.py:2915} INFO - Sync 1 DAGs
[2026-05-29T01:40:41.481+0200] {logging_mixin.py:151} INFO - [2026-05-29T01:40:41.481+0200] {dag.py:3696} INFO - Setting next_dagrun for example_skip_dag to 2026-05-27T23:40:41.481320+00:00, run_after=2026-05-28T23:40:41.481320+00:00
[2026-05-29T01:40:41.497+0200] {processor.py:179} INFO - Processing /home/frederic/airflow_venv/lib/python3.10/site-packages/airflow/example_dags/example_skip_dag.py took 0.064 seconds
[2026-05-29T01:41:25.890+0200] {processor.py:157} INFO - Started process (PID=600128) to work on /home/frederic/airflow_venv/lib/python3.10/site-packages/airflow/example_dags/example_skip_dag.py
[2026-05-29T01:41:25.894+0200] {processor.py:829} INFO - Processing file /home/frederic/airflow_venv/lib/python3.10/site-packages/airflow/example_dags/example_skip_dag.py for tasks to queue
[2026-05-29T01:41:25.895+0200] {logging_mixin.py:151} INFO - [2026-05-29T01:41:25.895+0200] {dagbag.py:539} INFO - Filling up the DagBag from /home/frederic/airflow_venv/lib/python3.10/site-packages/airflow/example_dags/example_skip_dag.py
[2026-05-29T01:41:25.901+0200] {processor.py:839} INFO - DAG(s) dict_keys(['example_skip_dag']) retrieved from /home/frederic/airflow_venv/lib/python3.10/site-packages/airflow/example_dags/example_skip_dag.py
[2026-05-29T01:41:25.922+0200] {logging_mixin.py:151} INFO - [2026-05-29T01:41:25.922+0200] {dag.py:2915} INFO - Sync 1 DAGs
[2026-05-29T01:41:25.942+0200] {logging_mixin.py:151} INFO - [2026-05-29T01:41:25.942+0200] {dag.py:3696} INFO - Setting next_dagrun for example_skip_dag to 2026-05-27T23:41:25.942264+00:00, run_after=2026-05-28T23:41:25.942264+00:00
[2026-05-29T01:41:25.962+0200] {processor.py:179} INFO - Processing /home/frederic/airflow_venv/lib/python3.10/site-packages/airflow/example_dags/example_skip_dag.py took 0.074 seconds
[2026-05-29T01:42:07.017+0200] {processor.py:157} INFO - Started process (PID=601213) to work on /home/frederic/airflow_venv/lib/python3.10/site-packages/airflow/example_dags/example_skip_dag.py
[2026-05-29T01:42:07.018+0200] {processor.py:829} INFO - Processing file /home/frederic/airflow_venv/lib/python3.10/site-packages/airflow/example_dags/example_skip_dag.py for tasks to queue
[2026-05-29T01:42:07.018+0200] {logging_mixin.py:151} INFO - [2026-05-29T01:42:07.018+0200] {dagbag.py:539} INFO - Filling up the DagBag from /home/frederic/airflow_venv/lib/python3.10/site-packages/airflow/example_dags/example_skip_dag.py
[2026-05-29T01:42:07.026+0200] {processor.py:839} INFO - DAG(s) dict_keys(['example_skip_dag']) retrieved from /home/frederic/airflow_venv/lib/python3.10/site-packages/airflow/example_dags/example_skip_dag.py
[2026-05-29T01:42:07.040+0200] {logging_mixin.py:151} INFO - [2026-05-29T01:42:07.040+0200] {dag.py:2915} INFO - Sync 1 DAGs
[2026-05-29T01:42:07.057+0200] {logging_mixin.py:151} INFO - [2026-05-29T01:42:07.057+0200] {dag.py:3696} INFO - Setting next_dagrun for example_skip_dag to 2026-05-27T23:42:07.057088+00:00, run_after=2026-05-28T23:42:07.057088+00:00
[2026-05-29T01:42:07.085+0200] {processor.py:179} INFO - Processing /home/frederic/airflow_venv/lib/python3.10/site-packages/airflow/example_dags/example_skip_dag.py took 0.071 seconds
[2026-05-29T01:42:53.868+0200] {processor.py:157} INFO - Started process (PID=602090) to work on /home/frederic/airflow_venv/lib/python3.10/site-packages/airflow/example_dags/example_skip_dag.py
[2026-05-29T01:42:53.871+0200] {processor.py:829} INFO - Processing file /home/frederic/airflow_venv/lib/python3.10/site-packages/airflow/example_dags/example_skip_dag.py for tasks to queue
[2026-05-29T01:42:53.872+0200] {logging_mixin.py:151} INFO - [2026-05-29T01:42:53.872+0200] {dagbag.py:539} INFO - Filling up the DagBag from /home/frederic/airflow_venv/lib/python3.10/site-packages/airflow/example_dags/example_skip_dag.py
[2026-05-29T01:42:53.879+0200] {processor.py:839} INFO - DAG(s) dict_keys(['example_skip_dag']) retrieved from /home/frederic/airflow_venv/lib/python3.10/site-packages/airflow/example_dags/example_skip_dag.py
[2026-05-29T01:42:53.892+0200] {logging_mixin.py:151} INFO - [2026-05-29T01:42:53.892+0200] {dag.py:2915} INFO - Sync 1 DAGs
[2026-05-29T01:42:53.910+0200] {logging_mixin.py:151} INFO - [2026-05-29T01:42:53.909+0200] {dag.py:3696} INFO - Setting next_dagrun for example_skip_dag to 2026-05-27T23:42:53.909750+00:00, run_after=2026-05-28T23:42:53.909750+00:00
[2026-05-29T01:42:53.925+0200] {processor.py:179} INFO - Processing /home/frederic/airflow_venv/lib/python3.10/site-packages/airflow/example_dags/example_skip_dag.py took 0.059 seconds
[2026-05-29T01:43:40.440+0200] {processor.py:157} INFO - Started process (PID=602966) to work on /home/frederic/airflow_venv/lib/python3.10/site-packages/airflow/example_dags/example_skip_dag.py
[2026-05-29T01:43:40.441+0200] {processor.py:829} INFO - Processing file /home/frederic/airflow_venv/lib/python3.10/site-packages/airflow/example_dags/example_skip_dag.py for tasks to queue
[2026-05-29T01:43:40.442+0200] {logging_mixin.py:151} INFO - [2026-05-29T01:43:40.442+0200] {dagbag.py:539} INFO - Filling up the DagBag from /home/frederic/airflow_venv/lib/python3.10/site-packages/airflow/example_dags/example_skip_dag.py
[2026-05-29T01:43:40.448+0200] {processor.py:839} INFO - DAG(s) dict_keys(['example_skip_dag']) retrieved from /home/frederic/airflow_venv/lib/python3.10/site-packages/airflow/example_dags/example_skip_dag.py
[2026-05-29T01:43:40.460+0200] {logging_mixin.py:151} INFO - [2026-05-29T01:43:40.460+0200] {dag.py:2915} INFO - Sync 1 DAGs
[2026-05-29T01:43:40.475+0200] {logging_mixin.py:151} INFO - [2026-05-29T01:43:40.474+0200] {dag.py:3696} INFO - Setting next_dagrun for example_skip_dag to 2026-05-27T23:43:40.474818+00:00, run_after=2026-05-28T23:43:40.474818+00:00
[2026-05-29T01:43:40.489+0200] {processor.py:179} INFO - Processing /home/frederic/airflow_venv/lib/python3.10/site-packages/airflow/example_dags/example_skip_dag.py took 0.051 seconds
[2026-05-29T01:44:31.051+0200] {processor.py:157} INFO - Started process (PID=603843) to work on /home/frederic/airflow_venv/lib/python3.10/site-packages/airflow/example_dags/example_skip_dag.py
[2026-05-29T01:44:31.052+0200] {processor.py:829} INFO - Processing file /home/frederic/airflow_venv/lib/python3.10/site-packages/airflow/example_dags/example_skip_dag.py for tasks to queue
[2026-05-29T01:44:31.053+0200] {logging_mixin.py:151} INFO - [2026-05-29T01:44:31.053+0200] {dagbag.py:539} INFO - Filling up the DagBag from /home/frederic/airflow_venv/lib/python3.10/site-packages/airflow/example_dags/example_skip_dag.py
[2026-05-29T01:44:31.061+0200] {processor.py:839} INFO - DAG(s) dict_keys(['example_skip_dag']) retrieved from /home/frederic/airflow_venv/lib/python3.10/site-packages/airflow/example_dags/example_skip_dag.py
[2026-05-29T01:44:31.078+0200] {logging_mixin.py:151} INFO - [2026-05-29T01:44:31.078+0200] {dag.py:2915} INFO - Sync 1 DAGs
[2026-05-29T01:44:31.096+0200] {logging_mixin.py:151} INFO - [2026-05-29T01:44:31.096+0200] {dag.py:3696} INFO - Setting next_dagrun for example_skip_dag to 2026-05-27T23:44:31.096298+00:00, run_after=2026-05-28T23:44:31.096298+00:00
[2026-05-29T01:44:31.121+0200] {processor.py:179} INFO - Processing /home/frederic/airflow_venv/lib/python3.10/site-packages/airflow/example_dags/example_skip_dag.py took 0.072 seconds
[2026-05-29T01:45:17.288+0200] {processor.py:157} INFO - Started process (PID=605424) to work on /home/frederic/airflow_venv/lib/python3.10/site-packages/airflow/example_dags/example_skip_dag.py
[2026-05-29T01:45:17.292+0200] {processor.py:829} INFO - Processing file /home/frederic/airflow_venv/lib/python3.10/site-packages/airflow/example_dags/example_skip_dag.py for tasks to queue
[2026-05-29T01:45:17.292+0200] {logging_mixin.py:151} INFO - [2026-05-29T01:45:17.292+0200] {dagbag.py:539} INFO - Filling up the DagBag from /home/frederic/airflow_venv/lib/python3.10/site-packages/airflow/example_dags/example_skip_dag.py
[2026-05-29T01:45:17.298+0200] {processor.py:839} INFO - DAG(s) dict_keys(['example_skip_dag']) retrieved from /home/frederic/airflow_venv/lib/python3.10/site-packages/airflow/example_dags/example_skip_dag.py
[2026-05-29T01:45:17.311+0200] {logging_mixin.py:151} INFO - [2026-05-29T01:45:17.311+0200] {dag.py:2915} INFO - Sync 1 DAGs
[2026-05-29T01:45:17.327+0200] {logging_mixin.py:151} INFO - [2026-05-29T01:45:17.327+0200] {dag.py:3696} INFO - Setting next_dagrun for example_skip_dag to 2026-05-27T23:45:17.327499+00:00, run_after=2026-05-28T23:45:17.327499+00:00
[2026-05-29T01:45:17.344+0200] {processor.py:179} INFO - Processing /home/frederic/airflow_venv/lib/python3.10/site-packages/airflow/example_dags/example_skip_dag.py took 0.058 seconds
[2026-05-29T01:46:09.643+0200] {processor.py:157} INFO - Started process (PID=607761) to work on /home/frederic/airflow_venv/lib/python3.10/site-packages/airflow/example_dags/example_skip_dag.py
[2026-05-29T01:46:09.646+0200] {processor.py:829} INFO - Processing file /home/frederic/airflow_venv/lib/python3.10/site-packages/airflow/example_dags/example_skip_dag.py for tasks to queue
[2026-05-29T01:46:09.647+0200] {logging_mixin.py:151} INFO - [2026-05-29T01:46:09.647+0200] {dagbag.py:539} INFO - Filling up the DagBag from /home/frederic/airflow_venv/lib/python3.10/site-packages/airflow/example_dags/example_skip_dag.py
[2026-05-29T01:46:09.654+0200] {processor.py:839} INFO - DAG(s) dict_keys(['example_skip_dag']) retrieved from /home/frederic/airflow_venv/lib/python3.10/site-packages/airflow/example_dags/example_skip_dag.py
[2026-05-29T01:46:09.667+0200] {logging_mixin.py:151} INFO - [2026-05-29T01:46:09.667+0200] {dag.py:2915} INFO - Sync 1 DAGs
[2026-05-29T01:46:09.685+0200] {logging_mixin.py:151} INFO - [2026-05-29T01:46:09.684+0200] {dag.py:3696} INFO - Setting next_dagrun for example_skip_dag to 2026-05-27T23:46:09.684606+00:00, run_after=2026-05-28T23:46:09.684606+00:00
[2026-05-29T01:46:09.701+0200] {processor.py:179} INFO - Processing /home/frederic/airflow_venv/lib/python3.10/site-packages/airflow/example_dags/example_skip_dag.py took 0.060 seconds
[2026-05-29T01:46:55.006+0200] {processor.py:157} INFO - Started process (PID=609474) to work on /home/frederic/airflow_venv/lib/python3.10/site-packages/airflow/example_dags/example_skip_dag.py
[2026-05-29T01:46:55.010+0200] {processor.py:829} INFO - Processing file /home/frederic/airflow_venv/lib/python3.10/site-packages/airflow/example_dags/example_skip_dag.py for tasks to queue
[2026-05-29T01:46:55.011+0200] {logging_mixin.py:151} INFO - [2026-05-29T01:46:55.010+0200] {dagbag.py:539} INFO - Filling up the DagBag from /home/frederic/airflow_venv/lib/python3.10/site-packages/airflow/example_dags/example_skip_dag.py
[2026-05-29T01:46:55.020+0200] {processor.py:839} INFO - DAG(s) dict_keys(['example_skip_dag']) retrieved from /home/frederic/airflow_venv/lib/python3.10/site-packages/airflow/example_dags/example_skip_dag.py
[2026-05-29T01:46:55.038+0200] {logging_mixin.py:151} INFO - [2026-05-29T01:46:55.038+0200] {dag.py:2915} INFO - Sync 1 DAGs
[2026-05-29T01:46:55.055+0200] {logging_mixin.py:151} INFO - [2026-05-29T01:46:55.055+0200] {dag.py:3696} INFO - Setting next_dagrun for example_skip_dag to 2026-05-27T23:46:55.055427+00:00, run_after=2026-05-28T23:46:55.055427+00:00
[2026-05-29T01:46:55.069+0200] {processor.py:179} INFO - Processing /home/frederic/airflow_venv/lib/python3.10/site-packages/airflow/example_dags/example_skip_dag.py took 0.065 seconds
[2026-05-29T01:47:39.170+0200] {processor.py:157} INFO - Started process (PID=610666) to work on /home/frederic/airflow_venv/lib/python3.10/site-packages/airflow/example_dags/example_skip_dag.py
[2026-05-29T01:47:39.173+0200] {processor.py:829} INFO - Processing file /home/frederic/airflow_venv/lib/python3.10/site-packages/airflow/example_dags/example_skip_dag.py for tasks to queue
[2026-05-29T01:47:39.174+0200] {logging_mixin.py:151} INFO - [2026-05-29T01:47:39.174+0200] {dagbag.py:539} INFO - Filling up the DagBag from /home/frederic/airflow_venv/lib/python3.10/site-packages/airflow/example_dags/example_skip_dag.py
[2026-05-29T01:47:39.180+0200] {processor.py:839} INFO - DAG(s) dict_keys(['example_skip_dag']) retrieved from /home/frederic/airflow_venv/lib/python3.10/site-packages/airflow/example_dags/example_skip_dag.py
[2026-05-29T01:47:39.193+0200] {logging_mixin.py:151} INFO - [2026-05-29T01:47:39.193+0200] {dag.py:2915} INFO - Sync 1 DAGs
[2026-05-29T01:47:39.208+0200] {logging_mixin.py:151} INFO - [2026-05-29T01:47:39.208+0200] {dag.py:3696} INFO - Setting next_dagrun for example_skip_dag to 2026-05-27T23:47:39.208446+00:00, run_after=2026-05-28T23:47:39.208446+00:00
[2026-05-29T01:47:39.223+0200] {processor.py:179} INFO - Processing /home/frederic/airflow_venv/lib/python3.10/site-packages/airflow/example_dags/example_skip_dag.py took 0.055 seconds
[2026-05-29T01:48:23.941+0200] {processor.py:157} INFO - Started process (PID=612031) to work on /home/frederic/airflow_venv/lib/python3.10/site-packages/airflow/example_dags/example_skip_dag.py
[2026-05-29T01:48:23.942+0200] {processor.py:829} INFO - Processing file /home/frederic/airflow_venv/lib/python3.10/site-packages/airflow/example_dags/example_skip_dag.py for tasks to queue
[2026-05-29T01:48:23.942+0200] {logging_mixin.py:151} INFO - [2026-05-29T01:48:23.942+0200] {dagbag.py:539} INFO - Filling up the DagBag from /home/frederic/airflow_venv/lib/python3.10/site-packages/airflow/example_dags/example_skip_dag.py
[2026-05-29T01:48:23.948+0200] {processor.py:839} INFO - DAG(s) dict_keys(['example_skip_dag']) retrieved from /home/frederic/airflow_venv/lib/python3.10/site-packages/airflow/example_dags/example_skip_dag.py
[2026-05-29T01:48:23.960+0200] {logging_mixin.py:151} INFO - [2026-05-29T01:48:23.960+0200] {dag.py:2915} INFO - Sync 1 DAGs
[2026-05-29T01:48:23.979+0200] {logging_mixin.py:151} INFO - [2026-05-29T01:48:23.979+0200] {dag.py:3696} INFO - Setting next_dagrun for example_skip_dag to 2026-05-27T23:48:23.979188+00:00, run_after=2026-05-28T23:48:23.979188+00:00
[2026-05-29T01:48:23.996+0200] {processor.py:179} INFO - Processing /home/frederic/airflow_venv/lib/python3.10/site-packages/airflow/example_dags/example_skip_dag.py took 0.057 seconds
[2026-05-29T01:49:07.942+0200] {processor.py:157} INFO - Started process (PID=613124) to work on /home/frederic/airflow_venv/lib/python3.10/site-packages/airflow/example_dags/example_skip_dag.py
[2026-05-29T01:49:07.942+0200] {processor.py:829} INFO - Processing file /home/frederic/airflow_venv/lib/python3.10/site-packages/airflow/example_dags/example_skip_dag.py for tasks to queue
[2026-05-29T01:49:07.943+0200] {logging_mixin.py:151} INFO - [2026-05-29T01:49:07.943+0200] {dagbag.py:539} INFO - Filling up the DagBag from /home/frederic/airflow_venv/lib/python3.10/site-packages/airflow/example_dags/example_skip_dag.py
[2026-05-29T01:49:07.949+0200] {processor.py:839} INFO - DAG(s) dict_keys(['example_skip_dag']) retrieved from /home/frederic/airflow_venv/lib/python3.10/site-packages/airflow/example_dags/example_skip_dag.py
[2026-05-29T01:49:07.961+0200] {logging_mixin.py:151} INFO - [2026-05-29T01:49:07.961+0200] {dag.py:2915} INFO - Sync 1 DAGs
[2026-05-29T01:49:07.977+0200] {logging_mixin.py:151} INFO - [2026-05-29T01:49:07.977+0200] {dag.py:3696} INFO - Setting next_dagrun for example_skip_dag to 2026-05-27T23:49:07.977260+00:00, run_after=2026-05-28T23:49:07.977260+00:00
[2026-05-29T01:49:07.993+0200] {processor.py:179} INFO - Processing /home/frederic/airflow_venv/lib/python3.10/site-packages/airflow/example_dags/example_skip_dag.py took 0.053 seconds
[2026-05-29T01:49:51.335+0200] {processor.py:157} INFO - Started process (PID=614397) to work on /home/frederic/airflow_venv/lib/python3.10/site-packages/airflow/example_dags/example_skip_dag.py
[2026-05-29T01:49:51.336+0200] {processor.py:829} INFO - Processing file /home/frederic/airflow_venv/lib/python3.10/site-packages/airflow/example_dags/example_skip_dag.py for tasks to queue
[2026-05-29T01:49:51.337+0200] {logging_mixin.py:151} INFO - [2026-05-29T01:49:51.337+0200] {dagbag.py:539} INFO - Filling up the DagBag from /home/frederic/airflow_venv/lib/python3.10/site-packages/airflow/example_dags/example_skip_dag.py
[2026-05-29T01:49:51.343+0200] {processor.py:839} INFO - DAG(s) dict_keys(['example_skip_dag']) retrieved from /home/frederic/airflow_venv/lib/python3.10/site-packages/airflow/example_dags/example_skip_dag.py
[2026-05-29T01:49:51.356+0200] {logging_mixin.py:151} INFO - [2026-05-29T01:49:51.356+0200] {dag.py:2915} INFO - Sync 1 DAGs
[2026-05-29T01:49:51.372+0200] {logging_mixin.py:151} INFO - [2026-05-29T01:49:51.372+0200] {dag.py:3696} INFO - Setting next_dagrun for example_skip_dag to 2026-05-27T23:49:51.372047+00:00, run_after=2026-05-28T23:49:51.372047+00:00
[2026-05-29T01:49:51.389+0200] {processor.py:179} INFO - Processing /home/frederic/airflow_venv/lib/python3.10/site-packages/airflow/example_dags/example_skip_dag.py took 0.057 seconds
[2026-05-29T01:50:31.639+0200] {processor.py:157} INFO - Started process (PID=615643) to work on /home/frederic/airflow_venv/lib/python3.10/site-packages/airflow/example_dags/example_skip_dag.py
[2026-05-29T01:50:31.642+0200] {processor.py:829} INFO - Processing file /home/frederic/airflow_venv/lib/python3.10/site-packages/airflow/example_dags/example_skip_dag.py for tasks to queue
[2026-05-29T01:50:31.643+0200] {logging_mixin.py:151} INFO - [2026-05-29T01:50:31.643+0200] {dagbag.py:539} INFO - Filling up the DagBag from /home/frederic/airflow_venv/lib/python3.10/site-packages/airflow/example_dags/example_skip_dag.py
[2026-05-29T01:50:31.650+0200] {processor.py:839} INFO - DAG(s) dict_keys(['example_skip_dag']) retrieved from /home/frederic/airflow_venv/lib/python3.10/site-packages/airflow/example_dags/example_skip_dag.py
[2026-05-29T01:50:31.666+0200] {logging_mixin.py:151} INFO - [2026-05-29T01:50:31.666+0200] {dag.py:2915} INFO - Sync 1 DAGs
[2026-05-29T01:50:31.683+0200] {logging_mixin.py:151} INFO - [2026-05-29T01:50:31.683+0200] {dag.py:3696} INFO - Setting next_dagrun for example_skip_dag to 2026-05-27T23:50:31.683605+00:00, run_after=2026-05-28T23:50:31.683605+00:00
[2026-05-29T01:50:31.699+0200] {processor.py:179} INFO - Processing /home/frederic/airflow_venv/lib/python3.10/site-packages/airflow/example_dags/example_skip_dag.py took 0.063 seconds
[2026-05-29T01:51:11.603+0200] {processor.py:157} INFO - Started process (PID=616524) to work on /home/frederic/airflow_venv/lib/python3.10/site-packages/airflow/example_dags/example_skip_dag.py
[2026-05-29T01:51:11.604+0200] {processor.py:829} INFO - Processing file /home/frederic/airflow_venv/lib/python3.10/site-packages/airflow/example_dags/example_skip_dag.py for tasks to queue
[2026-05-29T01:51:11.605+0200] {logging_mixin.py:151} INFO - [2026-05-29T01:51:11.605+0200] {dagbag.py:539} INFO - Filling up the DagBag from /home/frederic/airflow_venv/lib/python3.10/site-packages/airflow/example_dags/example_skip_dag.py
[2026-05-29T01:51:11.613+0200] {processor.py:839} INFO - DAG(s) dict_keys(['example_skip_dag']) retrieved from /home/frederic/airflow_venv/lib/python3.10/site-packages/airflow/example_dags/example_skip_dag.py
[2026-05-29T01:51:11.627+0200] {logging_mixin.py:151} INFO - [2026-05-29T01:51:11.626+0200] {dag.py:2915} INFO - Sync 1 DAGs
[2026-05-29T01:51:11.644+0200] {logging_mixin.py:151} INFO - [2026-05-29T01:51:11.644+0200] {dag.py:3696} INFO - Setting next_dagrun for example_skip_dag to 2026-05-27T23:51:11.644302+00:00, run_after=2026-05-28T23:51:11.644302+00:00
[2026-05-29T01:51:11.666+0200] {processor.py:179} INFO - Processing /home/frederic/airflow_venv/lib/python3.10/site-packages/airflow/example_dags/example_skip_dag.py took 0.066 seconds
[2026-05-29T01:52:03.069+0200] {processor.py:157} INFO - Started process (PID=617921) to work on /home/frederic/airflow_venv/lib/python3.10/site-packages/airflow/example_dags/example_skip_dag.py
[2026-05-29T01:52:03.073+0200] {processor.py:829} INFO - Processing file /home/frederic/airflow_venv/lib/python3.10/site-packages/airflow/example_dags/example_skip_dag.py for tasks to queue
[2026-05-29T01:52:03.073+0200] {logging_mixin.py:151} INFO - [2026-05-29T01:52:03.073+0200] {dagbag.py:539} INFO - Filling up the DagBag from /home/frederic/airflow_venv/lib/python3.10/site-packages/airflow/example_dags/example_skip_dag.py
[2026-05-29T01:52:03.081+0200] {processor.py:839} INFO - DAG(s) dict_keys(['example_skip_dag']) retrieved from /home/frederic/airflow_venv/lib/python3.10/site-packages/airflow/example_dags/example_skip_dag.py
[2026-05-29T01:52:03.096+0200] {logging_mixin.py:151} INFO - [2026-05-29T01:52:03.096+0200] {dag.py:2915} INFO - Sync 1 DAGs
[2026-05-29T01:52:03.113+0200] {logging_mixin.py:151} INFO - [2026-05-29T01:52:03.113+0200] {dag.py:3696} INFO - Setting next_dagrun for example_skip_dag to 2026-05-27T23:52:03.113280+00:00, run_after=2026-05-28T23:52:03.113280+00:00
[2026-05-29T01:52:03.130+0200] {processor.py:179} INFO - Processing /home/frederic/airflow_venv/lib/python3.10/site-packages/airflow/example_dags/example_skip_dag.py took 0.064 seconds
[2026-05-29T01:52:51.607+0200] {processor.py:157} INFO - Started process (PID=619532) to work on /home/frederic/airflow_venv/lib/python3.10/site-packages/airflow/example_dags/example_skip_dag.py
[2026-05-29T01:52:51.608+0200] {processor.py:829} INFO - Processing file /home/frederic/airflow_venv/lib/python3.10/site-packages/airflow/example_dags/example_skip_dag.py for tasks to queue
[2026-05-29T01:52:51.609+0200] {logging_mixin.py:151} INFO - [2026-05-29T01:52:51.609+0200] {dagbag.py:539} INFO - Filling up the DagBag from /home/frederic/airflow_venv/lib/python3.10/site-packages/airflow/example_dags/example_skip_dag.py
[2026-05-29T01:52:51.615+0200] {processor.py:839} INFO - DAG(s) dict_keys(['example_skip_dag']) retrieved from /home/frederic/airflow_venv/lib/python3.10/site-packages/airflow/example_dags/example_skip_dag.py
[2026-05-29T01:52:51.628+0200] {logging_mixin.py:151} INFO - [2026-05-29T01:52:51.628+0200] {dag.py:2915} INFO - Sync 1 DAGs
[2026-05-29T01:52:51.645+0200] {logging_mixin.py:151} INFO - [2026-05-29T01:52:51.645+0200] {dag.py:3696} INFO - Setting next_dagrun for example_skip_dag to 2026-05-27T23:52:51.645277+00:00, run_after=2026-05-28T23:52:51.645277+00:00
[2026-05-29T01:52:51.662+0200] {processor.py:179} INFO - Processing /home/frederic/airflow_venv/lib/python3.10/site-packages/airflow/example_dags/example_skip_dag.py took 0.057 seconds
[2026-05-29T01:53:36.283+0200] {processor.py:157} INFO - Started process (PID=620707) to work on /home/frederic/airflow_venv/lib/python3.10/site-packages/airflow/example_dags/example_skip_dag.py
[2026-05-29T01:53:36.286+0200] {processor.py:829} INFO - Processing file /home/frederic/airflow_venv/lib/python3.10/site-packages/airflow/example_dags/example_skip_dag.py for tasks to queue
[2026-05-29T01:53:36.287+0200] {logging_mixin.py:151} INFO - [2026-05-29T01:53:36.287+0200] {dagbag.py:539} INFO - Filling up the DagBag from /home/frederic/airflow_venv/lib/python3.10/site-packages/airflow/example_dags/example_skip_dag.py
[2026-05-29T01:53:36.294+0200] {processor.py:839} INFO - DAG(s) dict_keys(['example_skip_dag']) retrieved from /home/frederic/airflow_venv/lib/python3.10/site-packages/airflow/example_dags/example_skip_dag.py
[2026-05-29T01:53:36.308+0200] {logging_mixin.py:151} INFO - [2026-05-29T01:53:36.308+0200] {dag.py:2915} INFO - Sync 1 DAGs
[2026-05-29T01:53:36.327+0200] {logging_mixin.py:151} INFO - [2026-05-29T01:53:36.327+0200] {dag.py:3696} INFO - Setting next_dagrun for example_skip_dag to 2026-05-27T23:53:36.327563+00:00, run_after=2026-05-28T23:53:36.327563+00:00
[2026-05-29T01:53:36.343+0200] {processor.py:179} INFO - Processing /home/frederic/airflow_venv/lib/python3.10/site-packages/airflow/example_dags/example_skip_dag.py took 0.062 seconds
[2026-05-29T01:54:24.083+0200] {processor.py:157} INFO - Started process (PID=621937) to work on /home/frederic/airflow_venv/lib/python3.10/site-packages/airflow/example_dags/example_skip_dag.py
[2026-05-29T01:54:24.087+0200] {processor.py:829} INFO - Processing file /home/frederic/airflow_venv/lib/python3.10/site-packages/airflow/example_dags/example_skip_dag.py for tasks to queue
[2026-05-29T01:54:24.088+0200] {logging_mixin.py:151} INFO - [2026-05-29T01:54:24.087+0200] {dagbag.py:539} INFO - Filling up the DagBag from /home/frederic/airflow_venv/lib/python3.10/site-packages/airflow/example_dags/example_skip_dag.py
[2026-05-29T01:54:24.096+0200] {processor.py:839} INFO - DAG(s) dict_keys(['example_skip_dag']) retrieved from /home/frederic/airflow_venv/lib/python3.10/site-packages/airflow/example_dags/example_skip_dag.py
[2026-05-29T01:54:24.112+0200] {logging_mixin.py:151} INFO - [2026-05-29T01:54:24.112+0200] {dag.py:2915} INFO - Sync 1 DAGs
[2026-05-29T01:54:24.131+0200] {logging_mixin.py:151} INFO - [2026-05-29T01:54:24.131+0200] {dag.py:3696} INFO - Setting next_dagrun for example_skip_dag to 2026-05-27T23:54:24.131229+00:00, run_after=2026-05-28T23:54:24.131229+00:00
[2026-05-29T01:54:24.153+0200] {processor.py:179} INFO - Processing /home/frederic/airflow_venv/lib/python3.10/site-packages/airflow/example_dags/example_skip_dag.py took 0.072 seconds
[2026-05-29T01:55:08.235+0200] {processor.py:157} INFO - Started process (PID=623654) to work on /home/frederic/airflow_venv/lib/python3.10/site-packages/airflow/example_dags/example_skip_dag.py
[2026-05-29T01:55:08.238+0200] {processor.py:829} INFO - Processing file /home/frederic/airflow_venv/lib/python3.10/site-packages/airflow/example_dags/example_skip_dag.py for tasks to queue
[2026-05-29T01:55:08.239+0200] {logging_mixin.py:151} INFO - [2026-05-29T01:55:08.238+0200] {dagbag.py:539} INFO - Filling up the DagBag from /home/frederic/airflow_venv/lib/python3.10/site-packages/airflow/example_dags/example_skip_dag.py
[2026-05-29T01:55:08.245+0200] {processor.py:839} INFO - DAG(s) dict_keys(['example_skip_dag']) retrieved from /home/frederic/airflow_venv/lib/python3.10/site-packages/airflow/example_dags/example_skip_dag.py
[2026-05-29T01:55:08.258+0200] {logging_mixin.py:151} INFO - [2026-05-29T01:55:08.258+0200] {dag.py:2915} INFO - Sync 1 DAGs
[2026-05-29T01:55:08.277+0200] {logging_mixin.py:151} INFO - [2026-05-29T01:55:08.277+0200] {dag.py:3696} INFO - Setting next_dagrun for example_skip_dag to 2026-05-27T23:55:08.277045+00:00, run_after=2026-05-28T23:55:08.277045+00:00
[2026-05-29T01:55:08.295+0200] {processor.py:179} INFO - Processing /home/frederic/airflow_venv/lib/python3.10/site-packages/airflow/example_dags/example_skip_dag.py took 0.063 seconds
[2026-05-29T01:55:36.399+0200] {processor.py:157} INFO - Started process (PID=624577) to work on /home/frederic/airflow_venv/lib/python3.10/site-packages/airflow/example_dags/example_skip_dag.py
[2026-05-29T01:55:36.400+0200] {processor.py:829} INFO - Processing file /home/frederic/airflow_venv/lib/python3.10/site-packages/airflow/example_dags/example_skip_dag.py for tasks to queue
[2026-05-29T01:55:36.400+0200] {logging_mixin.py:151} INFO - [2026-05-29T01:55:36.400+0200] {dagbag.py:539} INFO - Filling up the DagBag from /home/frederic/airflow_venv/lib/python3.10/site-packages/airflow/example_dags/example_skip_dag.py
[2026-05-29T01:55:36.411+0200] {processor.py:839} INFO - DAG(s) dict_keys(['example_skip_dag']) retrieved from /home/frederic/airflow_venv/lib/python3.10/site-packages/airflow/example_dags/example_skip_dag.py
[2026-05-29T01:55:36.421+0200] {logging_mixin.py:151} INFO - [2026-05-29T01:55:36.421+0200] {dag.py:2915} INFO - Sync 1 DAGs
[2026-05-29T01:55:36.461+0200] {logging_mixin.py:151} INFO - [2026-05-29T01:55:36.461+0200] {dag.py:3696} INFO - Setting next_dagrun for example_skip_dag to 2026-05-27T23:55:36.460891+00:00, run_after=2026-05-28T23:55:36.460891+00:00
[2026-05-29T01:55:36.492+0200] {processor.py:179} INFO - Processing /home/frederic/airflow_venv/lib/python3.10/site-packages/airflow/example_dags/example_skip_dag.py took 0.095 seconds
[2026-05-29T01:55:56.790+0200] {processor.py:157} INFO - Started process (PID=625108) to work on /home/frederic/airflow_venv/lib/python3.10/site-packages/airflow/example_dags/example_skip_dag.py
[2026-05-29T01:55:56.791+0200] {processor.py:829} INFO - Processing file /home/frederic/airflow_venv/lib/python3.10/site-packages/airflow/example_dags/example_skip_dag.py for tasks to queue
[2026-05-29T01:55:56.792+0200] {logging_mixin.py:151} INFO - [2026-05-29T01:55:56.792+0200] {dagbag.py:539} INFO - Filling up the DagBag from /home/frederic/airflow_venv/lib/python3.10/site-packages/airflow/example_dags/example_skip_dag.py
[2026-05-29T01:55:56.799+0200] {processor.py:839} INFO - DAG(s) dict_keys(['example_skip_dag']) retrieved from /home/frederic/airflow_venv/lib/python3.10/site-packages/airflow/example_dags/example_skip_dag.py
[2026-05-29T01:55:56.815+0200] {logging_mixin.py:151} INFO - [2026-05-29T01:55:56.815+0200] {dag.py:2915} INFO - Sync 1 DAGs
[2026-05-29T01:55:56.832+0200] {logging_mixin.py:151} INFO - [2026-05-29T01:55:56.832+0200] {dag.py:3696} INFO - Setting next_dagrun for example_skip_dag to 2026-05-27T23:55:56.832078+00:00, run_after=2026-05-28T23:55:56.832078+00:00
[2026-05-29T01:55:56.852+0200] {processor.py:179} INFO - Processing /home/frederic/airflow_venv/lib/python3.10/site-packages/airflow/example_dags/example_skip_dag.py took 0.065 seconds
[2026-05-29T01:56:27.954+0200] {processor.py:157} INFO - Started process (PID=626256) to work on /home/frederic/airflow_venv/lib/python3.10/site-packages/airflow/example_dags/example_skip_dag.py
[2026-05-29T01:56:27.954+0200] {processor.py:829} INFO - Processing file /home/frederic/airflow_venv/lib/python3.10/site-packages/airflow/example_dags/example_skip_dag.py for tasks to queue
[2026-05-29T01:56:27.955+0200] {logging_mixin.py:151} INFO - [2026-05-29T01:56:27.955+0200] {dagbag.py:539} INFO - Filling up the DagBag from /home/frederic/airflow_venv/lib/python3.10/site-packages/airflow/example_dags/example_skip_dag.py
[2026-05-29T01:56:27.963+0200] {processor.py:839} INFO - DAG(s) dict_keys(['example_skip_dag']) retrieved from /home/frederic/airflow_venv/lib/python3.10/site-packages/airflow/example_dags/example_skip_dag.py
[2026-05-29T01:56:27.980+0200] {logging_mixin.py:151} INFO - [2026-05-29T01:56:27.980+0200] {dag.py:2915} INFO - Sync 1 DAGs
[2026-05-29T01:56:28.005+0200] {logging_mixin.py:151} INFO - [2026-05-29T01:56:28.005+0200] {dag.py:3696} INFO - Setting next_dagrun for example_skip_dag to 2026-05-27T23:56:28.004980+00:00, run_after=2026-05-28T23:56:28.004980+00:00
[2026-05-29T01:56:28.025+0200] {processor.py:179} INFO - Processing /home/frederic/airflow_venv/lib/python3.10/site-packages/airflow/example_dags/example_skip_dag.py took 0.074 seconds
[2026-05-29T01:56:40.243+0200] {processor.py:157} INFO - Started process (PID=626625) to work on /home/frederic/airflow_venv/lib/python3.10/site-packages/airflow/example_dags/example_skip_dag.py
[2026-05-29T01:56:40.244+0200] {processor.py:829} INFO - Processing file /home/frederic/airflow_venv/lib/python3.10/site-packages/airflow/example_dags/example_skip_dag.py for tasks to queue
[2026-05-29T01:56:40.245+0200] {logging_mixin.py:151} INFO - [2026-05-29T01:56:40.244+0200] {dagbag.py:539} INFO - Filling up the DagBag from /home/frederic/airflow_venv/lib/python3.10/site-packages/airflow/example_dags/example_skip_dag.py
[2026-05-29T01:56:40.253+0200] {processor.py:839} INFO - DAG(s) dict_keys(['example_skip_dag']) retrieved from /home/frederic/airflow_venv/lib/python3.10/site-packages/airflow/example_dags/example_skip_dag.py
[2026-05-29T01:56:40.269+0200] {logging_mixin.py:151} INFO - [2026-05-29T01:56:40.269+0200] {dag.py:2915} INFO - Sync 1 DAGs
[2026-05-29T01:56:40.290+0200] {logging_mixin.py:151} INFO - [2026-05-29T01:56:40.290+0200] {dag.py:3696} INFO - Setting next_dagrun for example_skip_dag to 2026-05-27T23:56:40.290115+00:00, run_after=2026-05-28T23:56:40.290115+00:00
[2026-05-29T01:56:40.310+0200] {processor.py:179} INFO - Processing /home/frederic/airflow_venv/lib/python3.10/site-packages/airflow/example_dags/example_skip_dag.py took 0.070 seconds
[2026-05-29T01:57:14.375+0200] {processor.py:157} INFO - Started process (PID=627639) to work on /home/frederic/airflow_venv/lib/python3.10/site-packages/airflow/example_dags/example_skip_dag.py
[2026-05-29T01:57:14.376+0200] {processor.py:829} INFO - Processing file /home/frederic/airflow_venv/lib/python3.10/site-packages/airflow/example_dags/example_skip_dag.py for tasks to queue
[2026-05-29T01:57:14.377+0200] {logging_mixin.py:151} INFO - [2026-05-29T01:57:14.377+0200] {dagbag.py:539} INFO - Filling up the DagBag from /home/frederic/airflow_venv/lib/python3.10/site-packages/airflow/example_dags/example_skip_dag.py
[2026-05-29T01:57:14.384+0200] {processor.py:839} INFO - DAG(s) dict_keys(['example_skip_dag']) retrieved from /home/frederic/airflow_venv/lib/python3.10/site-packages/airflow/example_dags/example_skip_dag.py
[2026-05-29T01:57:14.399+0200] {logging_mixin.py:151} INFO - [2026-05-29T01:57:14.399+0200] {dag.py:2915} INFO - Sync 1 DAGs
[2026-05-29T01:57:14.418+0200] {logging_mixin.py:151} INFO - [2026-05-29T01:57:14.418+0200] {dag.py:3696} INFO - Setting next_dagrun for example_skip_dag to 2026-05-27T23:57:14.418073+00:00, run_after=2026-05-28T23:57:14.418073+00:00
[2026-05-29T01:57:14.433+0200] {processor.py:179} INFO - Processing /home/frederic/airflow_venv/lib/python3.10/site-packages/airflow/example_dags/example_skip_dag.py took 0.061 seconds
[2026-05-29T01:57:27.212+0200] {processor.py:157} INFO - Started process (PID=628038) to work on /home/frederic/airflow_venv/lib/python3.10/site-packages/airflow/example_dags/example_skip_dag.py
[2026-05-29T01:57:27.213+0200] {processor.py:829} INFO - Processing file /home/frederic/airflow_venv/lib/python3.10/site-packages/airflow/example_dags/example_skip_dag.py for tasks to queue
[2026-05-29T01:57:27.214+0200] {logging_mixin.py:151} INFO - [2026-05-29T01:57:27.213+0200] {dagbag.py:539} INFO - Filling up the DagBag from /home/frederic/airflow_venv/lib/python3.10/site-packages/airflow/example_dags/example_skip_dag.py
[2026-05-29T01:57:27.222+0200] {processor.py:839} INFO - DAG(s) dict_keys(['example_skip_dag']) retrieved from /home/frederic/airflow_venv/lib/python3.10/site-packages/airflow/example_dags/example_skip_dag.py
[2026-05-29T01:57:27.241+0200] {logging_mixin.py:151} INFO - [2026-05-29T01:57:27.241+0200] {dag.py:2915} INFO - Sync 1 DAGs
[2026-05-29T01:57:27.260+0200] {logging_mixin.py:151} INFO - [2026-05-29T01:57:27.260+0200] {dag.py:3696} INFO - Setting next_dagrun for example_skip_dag to 2026-05-27T23:57:27.260529+00:00, run_after=2026-05-28T23:57:27.260529+00:00
[2026-05-29T01:57:27.280+0200] {processor.py:179} INFO - Processing /home/frederic/airflow_venv/lib/python3.10/site-packages/airflow/example_dags/example_skip_dag.py took 0.070 seconds
[2026-05-29T01:58:03.636+0200] {processor.py:157} INFO - Started process (PID=629520) to work on /home/frederic/airflow_venv/lib/python3.10/site-packages/airflow/example_dags/example_skip_dag.py
[2026-05-29T01:58:03.637+0200] {processor.py:829} INFO - Processing file /home/frederic/airflow_venv/lib/python3.10/site-packages/airflow/example_dags/example_skip_dag.py for tasks to queue
[2026-05-29T01:58:03.639+0200] {logging_mixin.py:151} INFO - [2026-05-29T01:58:03.638+0200] {dagbag.py:539} INFO - Filling up the DagBag from /home/frederic/airflow_venv/lib/python3.10/site-packages/airflow/example_dags/example_skip_dag.py
[2026-05-29T01:58:03.649+0200] {processor.py:839} INFO - DAG(s) dict_keys(['example_skip_dag']) retrieved from /home/frederic/airflow_venv/lib/python3.10/site-packages/airflow/example_dags/example_skip_dag.py
[2026-05-29T01:58:03.681+0200] {logging_mixin.py:151} INFO - [2026-05-29T01:58:03.680+0200] {dag.py:2915} INFO - Sync 1 DAGs
[2026-05-29T01:58:03.706+0200] {logging_mixin.py:151} INFO - [2026-05-29T01:58:03.706+0200] {dag.py:3696} INFO - Setting next_dagrun for example_skip_dag to 2026-05-27T23:58:03.706395+00:00, run_after=2026-05-28T23:58:03.706395+00:00
[2026-05-29T01:58:03.738+0200] {processor.py:179} INFO - Processing /home/frederic/airflow_venv/lib/python3.10/site-packages/airflow/example_dags/example_skip_dag.py took 0.109 seconds
[2026-05-29T01:58:13.840+0200] {processor.py:157} INFO - Started process (PID=629785) to work on /home/frederic/airflow_venv/lib/python3.10/site-packages/airflow/example_dags/example_skip_dag.py
[2026-05-29T01:58:13.841+0200] {processor.py:829} INFO - Processing file /home/frederic/airflow_venv/lib/python3.10/site-packages/airflow/example_dags/example_skip_dag.py for tasks to queue
[2026-05-29T01:58:13.841+0200] {logging_mixin.py:151} INFO - [2026-05-29T01:58:13.841+0200] {dagbag.py:539} INFO - Filling up the DagBag from /home/frederic/airflow_venv/lib/python3.10/site-packages/airflow/example_dags/example_skip_dag.py
[2026-05-29T01:58:13.849+0200] {processor.py:839} INFO - DAG(s) dict_keys(['example_skip_dag']) retrieved from /home/frederic/airflow_venv/lib/python3.10/site-packages/airflow/example_dags/example_skip_dag.py
[2026-05-29T01:58:13.865+0200] {logging_mixin.py:151} INFO - [2026-05-29T01:58:13.865+0200] {dag.py:2915} INFO - Sync 1 DAGs
[2026-05-29T01:58:13.884+0200] {logging_mixin.py:151} INFO - [2026-05-29T01:58:13.884+0200] {dag.py:3696} INFO - Setting next_dagrun for example_skip_dag to 2026-05-27T23:58:13.884234+00:00, run_after=2026-05-28T23:58:13.884234+00:00
[2026-05-29T01:58:13.903+0200] {processor.py:179} INFO - Processing /home/frederic/airflow_venv/lib/python3.10/site-packages/airflow/example_dags/example_skip_dag.py took 0.065 seconds
[2026-05-29T01:58:51.060+0200] {processor.py:157} INFO - Started process (PID=631269) to work on /home/frederic/airflow_venv/lib/python3.10/site-packages/airflow/example_dags/example_skip_dag.py
[2026-05-29T01:58:51.061+0200] {processor.py:829} INFO - Processing file /home/frederic/airflow_venv/lib/python3.10/site-packages/airflow/example_dags/example_skip_dag.py for tasks to queue
[2026-05-29T01:58:51.062+0200] {logging_mixin.py:151} INFO - [2026-05-29T01:58:51.062+0200] {dagbag.py:539} INFO - Filling up the DagBag from /home/frederic/airflow_venv/lib/python3.10/site-packages/airflow/example_dags/example_skip_dag.py
[2026-05-29T01:58:51.069+0200] {processor.py:839} INFO - DAG(s) dict_keys(['example_skip_dag']) retrieved from /home/frederic/airflow_venv/lib/python3.10/site-packages/airflow/example_dags/example_skip_dag.py
[2026-05-29T01:58:51.086+0200] {logging_mixin.py:151} INFO - [2026-05-29T01:58:51.086+0200] {dag.py:2915} INFO - Sync 1 DAGs
[2026-05-29T01:58:51.106+0200] {logging_mixin.py:151} INFO - [2026-05-29T01:58:51.106+0200] {dag.py:3696} INFO - Setting next_dagrun for example_skip_dag to 2026-05-27T23:58:51.106128+00:00, run_after=2026-05-28T23:58:51.106128+00:00
[2026-05-29T01:58:51.126+0200] {processor.py:179} INFO - Processing /home/frederic/airflow_venv/lib/python3.10/site-packages/airflow/example_dags/example_skip_dag.py took 0.068 seconds
[2026-05-29T01:58:52.787+0200] {processor.py:157} INFO - Started process (PID=631314) to work on /home/frederic/airflow_venv/lib/python3.10/site-packages/airflow/example_dags/example_skip_dag.py
[2026-05-29T01:58:52.788+0200] {processor.py:829} INFO - Processing file /home/frederic/airflow_venv/lib/python3.10/site-packages/airflow/example_dags/example_skip_dag.py for tasks to queue
[2026-05-29T01:58:52.788+0200] {logging_mixin.py:151} INFO - [2026-05-29T01:58:52.788+0200] {dagbag.py:539} INFO - Filling up the DagBag from /home/frederic/airflow_venv/lib/python3.10/site-packages/airflow/example_dags/example_skip_dag.py
[2026-05-29T01:58:52.795+0200] {processor.py:839} INFO - DAG(s) dict_keys(['example_skip_dag']) retrieved from /home/frederic/airflow_venv/lib/python3.10/site-packages/airflow/example_dags/example_skip_dag.py
[2026-05-29T01:58:52.809+0200] {logging_mixin.py:151} INFO - [2026-05-29T01:58:52.809+0200] {dag.py:2915} INFO - Sync 1 DAGs
[2026-05-29T01:58:52.827+0200] {logging_mixin.py:151} INFO - [2026-05-29T01:58:52.827+0200] {dag.py:3696} INFO - Setting next_dagrun for example_skip_dag to 2026-05-27T23:58:52.827024+00:00, run_after=2026-05-28T23:58:52.827024+00:00
[2026-05-29T01:58:52.852+0200] {processor.py:179} INFO - Processing /home/frederic/airflow_venv/lib/python3.10/site-packages/airflow/example_dags/example_skip_dag.py took 0.068 seconds
[2026-05-29T01:59:39.247+0200] {processor.py:157} INFO - Started process (PID=632596) to work on /home/frederic/airflow_venv/lib/python3.10/site-packages/airflow/example_dags/example_skip_dag.py
[2026-05-29T01:59:39.248+0200] {processor.py:829} INFO - Processing file /home/frederic/airflow_venv/lib/python3.10/site-packages/airflow/example_dags/example_skip_dag.py for tasks to queue
[2026-05-29T01:59:39.249+0200] {logging_mixin.py:151} INFO - [2026-05-29T01:59:39.248+0200] {dagbag.py:539} INFO - Filling up the DagBag from /home/frederic/airflow_venv/lib/python3.10/site-packages/airflow/example_dags/example_skip_dag.py
[2026-05-29T01:59:39.255+0200] {processor.py:839} INFO - DAG(s) dict_keys(['example_skip_dag']) retrieved from /home/frederic/airflow_venv/lib/python3.10/site-packages/airflow/example_dags/example_skip_dag.py
[2026-05-29T01:59:39.270+0200] {logging_mixin.py:151} INFO - [2026-05-29T01:59:39.270+0200] {dag.py:2915} INFO - Sync 1 DAGs
[2026-05-29T01:59:39.285+0200] {logging_mixin.py:151} INFO - [2026-05-29T01:59:39.285+0200] {dag.py:3696} INFO - Setting next_dagrun for example_skip_dag to 2026-05-27T23:59:39.284938+00:00, run_after=2026-05-28T23:59:39.284938+00:00
[2026-05-29T01:59:39.299+0200] {processor.py:179} INFO - Processing /home/frederic/airflow_venv/lib/python3.10/site-packages/airflow/example_dags/example_skip_dag.py took 0.055 seconds
[2026-05-29T01:59:39.326+0200] {processor.py:157} INFO - Started process (PID=632597) to work on /home/frederic/airflow_venv/lib/python3.10/site-packages/airflow/example_dags/example_skip_dag.py
[2026-05-29T01:59:39.327+0200] {processor.py:829} INFO - Processing file /home/frederic/airflow_venv/lib/python3.10/site-packages/airflow/example_dags/example_skip_dag.py for tasks to queue
[2026-05-29T01:59:39.328+0200] {logging_mixin.py:151} INFO - [2026-05-29T01:59:39.327+0200] {dagbag.py:539} INFO - Filling up the DagBag from /home/frederic/airflow_venv/lib/python3.10/site-packages/airflow/example_dags/example_skip_dag.py
[2026-05-29T01:59:39.334+0200] {processor.py:839} INFO - DAG(s) dict_keys(['example_skip_dag']) retrieved from /home/frederic/airflow_venv/lib/python3.10/site-packages/airflow/example_dags/example_skip_dag.py
[2026-05-29T01:59:39.350+0200] {logging_mixin.py:151} INFO - [2026-05-29T01:59:39.350+0200] {dag.py:2915} INFO - Sync 1 DAGs
[2026-05-29T01:59:39.373+0200] {logging_mixin.py:151} INFO - [2026-05-29T01:59:39.373+0200] {dag.py:3696} INFO - Setting next_dagrun for example_skip_dag to 2026-05-27T23:59:39.372884+00:00, run_after=2026-05-28T23:59:39.372884+00:00
[2026-05-29T01:59:39.387+0200] {processor.py:179} INFO - Processing /home/frederic/airflow_venv/lib/python3.10/site-packages/airflow/example_dags/example_skip_dag.py took 0.063 seconds
