[2026-05-29T01:37:19.776+0200] {processor.py:157} INFO - Started process (PID=594729) to work on /home/frederic/airflow_venv/lib/python3.10/site-packages/airflow/example_dags/example_branch_day_of_week_operator.py
[2026-05-29T01:37:19.777+0200] {processor.py:829} INFO - Processing file /home/frederic/airflow_venv/lib/python3.10/site-packages/airflow/example_dags/example_branch_day_of_week_operator.py for tasks to queue
[2026-05-29T01:37:19.777+0200] {logging_mixin.py:151} INFO - [2026-05-29T01:37:19.777+0200] {dagbag.py:539} INFO - Filling up the DagBag from /home/frederic/airflow_venv/lib/python3.10/site-packages/airflow/example_dags/example_branch_day_of_week_operator.py
[2026-05-29T01:37:19.785+0200] {processor.py:839} INFO - DAG(s) dict_keys(['example_weekday_branch_operator']) retrieved from /home/frederic/airflow_venv/lib/python3.10/site-packages/airflow/example_dags/example_branch_day_of_week_operator.py
[2026-05-29T01:37:19.869+0200] {logging_mixin.py:151} INFO - [2026-05-29T01:37:19.869+0200] {manager.py:499} INFO - Created Permission View: %s
[2026-05-29T01:37:19.878+0200] {logging_mixin.py:151} INFO - [2026-05-29T01:37:19.878+0200] {manager.py:499} INFO - Created Permission View: %s
[2026-05-29T01:37:19.884+0200] {logging_mixin.py:151} INFO - [2026-05-29T01:37:19.883+0200] {manager.py:499} INFO - Created Permission View: %s
[2026-05-29T01:37:19.884+0200] {logging_mixin.py:151} INFO - [2026-05-29T01:37:19.884+0200] {security.py:708} INFO - Not syncing DAG-level permissions for DAG 'DAG:example_weekday_branch_operator' as access control is unset.
[2026-05-29T01:37:19.884+0200] {logging_mixin.py:151} INFO - [2026-05-29T01:37:19.884+0200] {dag.py:2915} INFO - Sync 1 DAGs
[2026-05-29T01:37:19.894+0200] {logging_mixin.py:151} INFO - [2026-05-29T01:37:19.894+0200] {dag.py:2937} INFO - Creating ORM DAG for example_weekday_branch_operator
[2026-05-29T01:37:19.904+0200] {logging_mixin.py:151} INFO - [2026-05-29T01:37:19.904+0200] {dag.py:3696} INFO - Setting next_dagrun for example_weekday_branch_operator to 2026-05-27T00:00:00+00:00, run_after=2026-05-28T00:00:00+00:00
[2026-05-29T01:37:19.920+0200] {processor.py:179} INFO - Processing /home/frederic/airflow_venv/lib/python3.10/site-packages/airflow/example_dags/example_branch_day_of_week_operator.py took 0.146 seconds
[2026-05-29T01:38:03.796+0200] {processor.py:157} INFO - Started process (PID=595445) to work on /home/frederic/airflow_venv/lib/python3.10/site-packages/airflow/example_dags/example_branch_day_of_week_operator.py
[2026-05-29T01:38:03.797+0200] {processor.py:829} INFO - Processing file /home/frederic/airflow_venv/lib/python3.10/site-packages/airflow/example_dags/example_branch_day_of_week_operator.py for tasks to queue
[2026-05-29T01:38:03.798+0200] {logging_mixin.py:151} INFO - [2026-05-29T01:38:03.797+0200] {dagbag.py:539} INFO - Filling up the DagBag from /home/frederic/airflow_venv/lib/python3.10/site-packages/airflow/example_dags/example_branch_day_of_week_operator.py
[2026-05-29T01:38:03.805+0200] {processor.py:839} INFO - DAG(s) dict_keys(['example_weekday_branch_operator']) retrieved from /home/frederic/airflow_venv/lib/python3.10/site-packages/airflow/example_dags/example_branch_day_of_week_operator.py
[2026-05-29T01:38:03.823+0200] {logging_mixin.py:151} INFO - [2026-05-29T01:38:03.823+0200] {dag.py:2915} INFO - Sync 1 DAGs
[2026-05-29T01:38:03.842+0200] {logging_mixin.py:151} INFO - [2026-05-29T01:38:03.842+0200] {dag.py:3696} INFO - Setting next_dagrun for example_weekday_branch_operator to 2026-05-27T00:00:00+00:00, run_after=2026-05-28T00:00:00+00:00
[2026-05-29T01:38:03.859+0200] {processor.py:179} INFO - Processing /home/frederic/airflow_venv/lib/python3.10/site-packages/airflow/example_dags/example_branch_day_of_week_operator.py took 0.065 seconds
[2026-05-29T01:38:49.060+0200] {processor.py:157} INFO - Started process (PID=596534) to work on /home/frederic/airflow_venv/lib/python3.10/site-packages/airflow/example_dags/example_branch_day_of_week_operator.py
[2026-05-29T01:38:49.064+0200] {processor.py:829} INFO - Processing file /home/frederic/airflow_venv/lib/python3.10/site-packages/airflow/example_dags/example_branch_day_of_week_operator.py for tasks to queue
[2026-05-29T01:38:49.065+0200] {logging_mixin.py:151} INFO - [2026-05-29T01:38:49.065+0200] {dagbag.py:539} INFO - Filling up the DagBag from /home/frederic/airflow_venv/lib/python3.10/site-packages/airflow/example_dags/example_branch_day_of_week_operator.py
[2026-05-29T01:38:49.072+0200] {processor.py:839} INFO - DAG(s) dict_keys(['example_weekday_branch_operator']) retrieved from /home/frederic/airflow_venv/lib/python3.10/site-packages/airflow/example_dags/example_branch_day_of_week_operator.py
[2026-05-29T01:38:49.087+0200] {logging_mixin.py:151} INFO - [2026-05-29T01:38:49.086+0200] {dag.py:2915} INFO - Sync 1 DAGs
[2026-05-29T01:38:49.113+0200] {logging_mixin.py:151} INFO - [2026-05-29T01:38:49.113+0200] {dag.py:3696} INFO - Setting next_dagrun for example_weekday_branch_operator to 2026-05-27T00:00:00+00:00, run_after=2026-05-28T00:00:00+00:00
[2026-05-29T01:38:49.136+0200] {processor.py:179} INFO - Processing /home/frederic/airflow_venv/lib/python3.10/site-packages/airflow/example_dags/example_branch_day_of_week_operator.py took 0.079 seconds
[2026-05-29T01:39:36.021+0200] {processor.py:157} INFO - Started process (PID=597588) to work on /home/frederic/airflow_venv/lib/python3.10/site-packages/airflow/example_dags/example_branch_day_of_week_operator.py
[2026-05-29T01:39:36.025+0200] {processor.py:829} INFO - Processing file /home/frederic/airflow_venv/lib/python3.10/site-packages/airflow/example_dags/example_branch_day_of_week_operator.py for tasks to queue
[2026-05-29T01:39:36.026+0200] {logging_mixin.py:151} INFO - [2026-05-29T01:39:36.026+0200] {dagbag.py:539} INFO - Filling up the DagBag from /home/frederic/airflow_venv/lib/python3.10/site-packages/airflow/example_dags/example_branch_day_of_week_operator.py
[2026-05-29T01:39:36.038+0200] {processor.py:839} INFO - DAG(s) dict_keys(['example_weekday_branch_operator']) retrieved from /home/frederic/airflow_venv/lib/python3.10/site-packages/airflow/example_dags/example_branch_day_of_week_operator.py
[2026-05-29T01:39:36.059+0200] {logging_mixin.py:151} INFO - [2026-05-29T01:39:36.058+0200] {dag.py:2915} INFO - Sync 1 DAGs
[2026-05-29T01:39:36.083+0200] {logging_mixin.py:151} INFO - [2026-05-29T01:39:36.083+0200] {dag.py:3696} INFO - Setting next_dagrun for example_weekday_branch_operator to 2026-05-27T00:00:00+00:00, run_after=2026-05-28T00:00:00+00:00
[2026-05-29T01:39:36.103+0200] {processor.py:179} INFO - Processing /home/frederic/airflow_venv/lib/python3.10/site-packages/airflow/example_dags/example_branch_day_of_week_operator.py took 0.084 seconds
[2026-05-29T01:40:25.439+0200] {processor.py:157} INFO - Started process (PID=598878) to work on /home/frederic/airflow_venv/lib/python3.10/site-packages/airflow/example_dags/example_branch_day_of_week_operator.py
[2026-05-29T01:40:25.442+0200] {processor.py:829} INFO - Processing file /home/frederic/airflow_venv/lib/python3.10/site-packages/airflow/example_dags/example_branch_day_of_week_operator.py for tasks to queue
[2026-05-29T01:40:25.443+0200] {logging_mixin.py:151} INFO - [2026-05-29T01:40:25.442+0200] {dagbag.py:539} INFO - Filling up the DagBag from /home/frederic/airflow_venv/lib/python3.10/site-packages/airflow/example_dags/example_branch_day_of_week_operator.py
[2026-05-29T01:40:25.449+0200] {processor.py:839} INFO - DAG(s) dict_keys(['example_weekday_branch_operator']) retrieved from /home/frederic/airflow_venv/lib/python3.10/site-packages/airflow/example_dags/example_branch_day_of_week_operator.py
[2026-05-29T01:40:25.462+0200] {logging_mixin.py:151} INFO - [2026-05-29T01:40:25.462+0200] {dag.py:2915} INFO - Sync 1 DAGs
[2026-05-29T01:40:25.480+0200] {logging_mixin.py:151} INFO - [2026-05-29T01:40:25.480+0200] {dag.py:3696} INFO - Setting next_dagrun for example_weekday_branch_operator to 2026-05-27T00:00:00+00:00, run_after=2026-05-28T00:00:00+00:00
[2026-05-29T01:40:25.497+0200] {processor.py:179} INFO - Processing /home/frederic/airflow_venv/lib/python3.10/site-packages/airflow/example_dags/example_branch_day_of_week_operator.py took 0.061 seconds
[2026-05-29T01:41:11.847+0200] {processor.py:157} INFO - Started process (PID=599799) to work on /home/frederic/airflow_venv/lib/python3.10/site-packages/airflow/example_dags/example_branch_day_of_week_operator.py
[2026-05-29T01:41:11.850+0200] {processor.py:829} INFO - Processing file /home/frederic/airflow_venv/lib/python3.10/site-packages/airflow/example_dags/example_branch_day_of_week_operator.py for tasks to queue
[2026-05-29T01:41:11.851+0200] {logging_mixin.py:151} INFO - [2026-05-29T01:41:11.851+0200] {dagbag.py:539} INFO - Filling up the DagBag from /home/frederic/airflow_venv/lib/python3.10/site-packages/airflow/example_dags/example_branch_day_of_week_operator.py
[2026-05-29T01:41:11.857+0200] {processor.py:839} INFO - DAG(s) dict_keys(['example_weekday_branch_operator']) retrieved from /home/frederic/airflow_venv/lib/python3.10/site-packages/airflow/example_dags/example_branch_day_of_week_operator.py
[2026-05-29T01:41:11.870+0200] {logging_mixin.py:151} INFO - [2026-05-29T01:41:11.870+0200] {dag.py:2915} INFO - Sync 1 DAGs
[2026-05-29T01:41:11.886+0200] {logging_mixin.py:151} INFO - [2026-05-29T01:41:11.886+0200] {dag.py:3696} INFO - Setting next_dagrun for example_weekday_branch_operator to 2026-05-27T00:00:00+00:00, run_after=2026-05-28T00:00:00+00:00
[2026-05-29T01:41:11.901+0200] {processor.py:179} INFO - Processing /home/frederic/airflow_venv/lib/python3.10/site-packages/airflow/example_dags/example_branch_day_of_week_operator.py took 0.056 seconds
[2026-05-29T01:41:55.591+0200] {processor.py:157} INFO - Started process (PID=601039) to work on /home/frederic/airflow_venv/lib/python3.10/site-packages/airflow/example_dags/example_branch_day_of_week_operator.py
[2026-05-29T01:41:55.595+0200] {processor.py:829} INFO - Processing file /home/frederic/airflow_venv/lib/python3.10/site-packages/airflow/example_dags/example_branch_day_of_week_operator.py for tasks to queue
[2026-05-29T01:41:55.595+0200] {logging_mixin.py:151} INFO - [2026-05-29T01:41:55.595+0200] {dagbag.py:539} INFO - Filling up the DagBag from /home/frederic/airflow_venv/lib/python3.10/site-packages/airflow/example_dags/example_branch_day_of_week_operator.py
[2026-05-29T01:41:55.605+0200] {processor.py:839} INFO - DAG(s) dict_keys(['example_weekday_branch_operator']) retrieved from /home/frederic/airflow_venv/lib/python3.10/site-packages/airflow/example_dags/example_branch_day_of_week_operator.py
[2026-05-29T01:41:55.620+0200] {logging_mixin.py:151} INFO - [2026-05-29T01:41:55.619+0200] {dag.py:2915} INFO - Sync 1 DAGs
[2026-05-29T01:41:55.639+0200] {logging_mixin.py:151} INFO - [2026-05-29T01:41:55.639+0200] {dag.py:3696} INFO - Setting next_dagrun for example_weekday_branch_operator to 2026-05-27T00:00:00+00:00, run_after=2026-05-28T00:00:00+00:00
[2026-05-29T01:41:55.659+0200] {processor.py:179} INFO - Processing /home/frederic/airflow_venv/lib/python3.10/site-packages/airflow/example_dags/example_branch_day_of_week_operator.py took 0.071 seconds
[2026-05-29T01:42:55.008+0200] {processor.py:157} INFO - Started process (PID=602115) to work on /home/frederic/airflow_venv/lib/python3.10/site-packages/airflow/example_dags/example_branch_day_of_week_operator.py
[2026-05-29T01:42:55.009+0200] {processor.py:829} INFO - Processing file /home/frederic/airflow_venv/lib/python3.10/site-packages/airflow/example_dags/example_branch_day_of_week_operator.py for tasks to queue
[2026-05-29T01:42:55.010+0200] {logging_mixin.py:151} INFO - [2026-05-29T01:42:55.010+0200] {dagbag.py:539} INFO - Filling up the DagBag from /home/frederic/airflow_venv/lib/python3.10/site-packages/airflow/example_dags/example_branch_day_of_week_operator.py
[2026-05-29T01:42:55.018+0200] {processor.py:839} INFO - DAG(s) dict_keys(['example_weekday_branch_operator']) retrieved from /home/frederic/airflow_venv/lib/python3.10/site-packages/airflow/example_dags/example_branch_day_of_week_operator.py
[2026-05-29T01:42:55.039+0200] {logging_mixin.py:151} INFO - [2026-05-29T01:42:55.039+0200] {dag.py:2915} INFO - Sync 1 DAGs
[2026-05-29T01:42:55.061+0200] {logging_mixin.py:151} INFO - [2026-05-29T01:42:55.061+0200] {dag.py:3696} INFO - Setting next_dagrun for example_weekday_branch_operator to 2026-05-27T00:00:00+00:00, run_after=2026-05-28T00:00:00+00:00
[2026-05-29T01:42:55.076+0200] {processor.py:179} INFO - Processing /home/frederic/airflow_venv/lib/python3.10/site-packages/airflow/example_dags/example_branch_day_of_week_operator.py took 0.070 seconds
[2026-05-29T01:43:41.575+0200] {processor.py:157} INFO - Started process (PID=602994) to work on /home/frederic/airflow_venv/lib/python3.10/site-packages/airflow/example_dags/example_branch_day_of_week_operator.py
[2026-05-29T01:43:41.576+0200] {processor.py:829} INFO - Processing file /home/frederic/airflow_venv/lib/python3.10/site-packages/airflow/example_dags/example_branch_day_of_week_operator.py for tasks to queue
[2026-05-29T01:43:41.576+0200] {logging_mixin.py:151} INFO - [2026-05-29T01:43:41.576+0200] {dagbag.py:539} INFO - Filling up the DagBag from /home/frederic/airflow_venv/lib/python3.10/site-packages/airflow/example_dags/example_branch_day_of_week_operator.py
[2026-05-29T01:43:41.584+0200] {processor.py:839} INFO - DAG(s) dict_keys(['example_weekday_branch_operator']) retrieved from /home/frederic/airflow_venv/lib/python3.10/site-packages/airflow/example_dags/example_branch_day_of_week_operator.py
[2026-05-29T01:43:41.597+0200] {logging_mixin.py:151} INFO - [2026-05-29T01:43:41.597+0200] {dag.py:2915} INFO - Sync 1 DAGs
[2026-05-29T01:43:41.616+0200] {logging_mixin.py:151} INFO - [2026-05-29T01:43:41.616+0200] {dag.py:3696} INFO - Setting next_dagrun for example_weekday_branch_operator to 2026-05-27T00:00:00+00:00, run_after=2026-05-28T00:00:00+00:00
[2026-05-29T01:43:41.631+0200] {processor.py:179} INFO - Processing /home/frederic/airflow_venv/lib/python3.10/site-packages/airflow/example_dags/example_branch_day_of_week_operator.py took 0.058 seconds
[2026-05-29T01:44:33.325+0200] {processor.py:157} INFO - Started process (PID=603869) to work on /home/frederic/airflow_venv/lib/python3.10/site-packages/airflow/example_dags/example_branch_day_of_week_operator.py
[2026-05-29T01:44:33.326+0200] {processor.py:829} INFO - Processing file /home/frederic/airflow_venv/lib/python3.10/site-packages/airflow/example_dags/example_branch_day_of_week_operator.py for tasks to queue
[2026-05-29T01:44:33.327+0200] {logging_mixin.py:151} INFO - [2026-05-29T01:44:33.327+0200] {dagbag.py:539} INFO - Filling up the DagBag from /home/frederic/airflow_venv/lib/python3.10/site-packages/airflow/example_dags/example_branch_day_of_week_operator.py
[2026-05-29T01:44:33.334+0200] {processor.py:839} INFO - DAG(s) dict_keys(['example_weekday_branch_operator']) retrieved from /home/frederic/airflow_venv/lib/python3.10/site-packages/airflow/example_dags/example_branch_day_of_week_operator.py
[2026-05-29T01:44:33.347+0200] {logging_mixin.py:151} INFO - [2026-05-29T01:44:33.347+0200] {dag.py:2915} INFO - Sync 1 DAGs
[2026-05-29T01:44:33.364+0200] {logging_mixin.py:151} INFO - [2026-05-29T01:44:33.364+0200] {dag.py:3696} INFO - Setting next_dagrun for example_weekday_branch_operator to 2026-05-27T00:00:00+00:00, run_after=2026-05-28T00:00:00+00:00
[2026-05-29T01:44:33.380+0200] {processor.py:179} INFO - Processing /home/frederic/airflow_venv/lib/python3.10/site-packages/airflow/example_dags/example_branch_day_of_week_operator.py took 0.057 seconds
[2026-05-29T01:45:19.567+0200] {processor.py:157} INFO - Started process (PID=605689) to work on /home/frederic/airflow_venv/lib/python3.10/site-packages/airflow/example_dags/example_branch_day_of_week_operator.py
[2026-05-29T01:45:19.569+0200] {processor.py:829} INFO - Processing file /home/frederic/airflow_venv/lib/python3.10/site-packages/airflow/example_dags/example_branch_day_of_week_operator.py for tasks to queue
[2026-05-29T01:45:19.570+0200] {logging_mixin.py:151} INFO - [2026-05-29T01:45:19.570+0200] {dagbag.py:539} INFO - Filling up the DagBag from /home/frederic/airflow_venv/lib/python3.10/site-packages/airflow/example_dags/example_branch_day_of_week_operator.py
[2026-05-29T01:45:19.580+0200] {processor.py:839} INFO - DAG(s) dict_keys(['example_weekday_branch_operator']) retrieved from /home/frederic/airflow_venv/lib/python3.10/site-packages/airflow/example_dags/example_branch_day_of_week_operator.py
[2026-05-29T01:45:19.611+0200] {logging_mixin.py:151} INFO - [2026-05-29T01:45:19.611+0200] {dag.py:2915} INFO - Sync 1 DAGs
[2026-05-29T01:45:19.644+0200] {logging_mixin.py:151} INFO - [2026-05-29T01:45:19.644+0200] {dag.py:3696} INFO - Setting next_dagrun for example_weekday_branch_operator to 2026-05-27T00:00:00+00:00, run_after=2026-05-28T00:00:00+00:00
[2026-05-29T01:45:19.663+0200] {processor.py:179} INFO - Processing /home/frederic/airflow_venv/lib/python3.10/site-packages/airflow/example_dags/example_branch_day_of_week_operator.py took 0.101 seconds
[2026-05-29T01:46:12.503+0200] {processor.py:157} INFO - Started process (PID=607812) to work on /home/frederic/airflow_venv/lib/python3.10/site-packages/airflow/example_dags/example_branch_day_of_week_operator.py
[2026-05-29T01:46:12.506+0200] {processor.py:829} INFO - Processing file /home/frederic/airflow_venv/lib/python3.10/site-packages/airflow/example_dags/example_branch_day_of_week_operator.py for tasks to queue
[2026-05-29T01:46:12.507+0200] {logging_mixin.py:151} INFO - [2026-05-29T01:46:12.507+0200] {dagbag.py:539} INFO - Filling up the DagBag from /home/frederic/airflow_venv/lib/python3.10/site-packages/airflow/example_dags/example_branch_day_of_week_operator.py
[2026-05-29T01:46:12.515+0200] {processor.py:839} INFO - DAG(s) dict_keys(['example_weekday_branch_operator']) retrieved from /home/frederic/airflow_venv/lib/python3.10/site-packages/airflow/example_dags/example_branch_day_of_week_operator.py
[2026-05-29T01:46:12.532+0200] {logging_mixin.py:151} INFO - [2026-05-29T01:46:12.531+0200] {dag.py:2915} INFO - Sync 1 DAGs
[2026-05-29T01:46:12.558+0200] {logging_mixin.py:151} INFO - [2026-05-29T01:46:12.558+0200] {dag.py:3696} INFO - Setting next_dagrun for example_weekday_branch_operator to 2026-05-27T00:00:00+00:00, run_after=2026-05-28T00:00:00+00:00
[2026-05-29T01:46:12.577+0200] {processor.py:179} INFO - Processing /home/frederic/airflow_venv/lib/python3.10/site-packages/airflow/example_dags/example_branch_day_of_week_operator.py took 0.076 seconds
[2026-05-29T01:46:58.356+0200] {processor.py:157} INFO - Started process (PID=609547) to work on /home/frederic/airflow_venv/lib/python3.10/site-packages/airflow/example_dags/example_branch_day_of_week_operator.py
[2026-05-29T01:46:58.360+0200] {processor.py:829} INFO - Processing file /home/frederic/airflow_venv/lib/python3.10/site-packages/airflow/example_dags/example_branch_day_of_week_operator.py for tasks to queue
[2026-05-29T01:46:58.361+0200] {logging_mixin.py:151} INFO - [2026-05-29T01:46:58.360+0200] {dagbag.py:539} INFO - Filling up the DagBag from /home/frederic/airflow_venv/lib/python3.10/site-packages/airflow/example_dags/example_branch_day_of_week_operator.py
[2026-05-29T01:46:58.367+0200] {processor.py:839} INFO - DAG(s) dict_keys(['example_weekday_branch_operator']) retrieved from /home/frederic/airflow_venv/lib/python3.10/site-packages/airflow/example_dags/example_branch_day_of_week_operator.py
[2026-05-29T01:46:58.383+0200] {logging_mixin.py:151} INFO - [2026-05-29T01:46:58.383+0200] {dag.py:2915} INFO - Sync 1 DAGs
[2026-05-29T01:46:58.403+0200] {logging_mixin.py:151} INFO - [2026-05-29T01:46:58.403+0200] {dag.py:3696} INFO - Setting next_dagrun for example_weekday_branch_operator to 2026-05-27T00:00:00+00:00, run_after=2026-05-28T00:00:00+00:00
[2026-05-29T01:46:58.420+0200] {processor.py:179} INFO - Processing /home/frederic/airflow_venv/lib/python3.10/site-packages/airflow/example_dags/example_branch_day_of_week_operator.py took 0.068 seconds
[2026-05-29T01:47:42.784+0200] {processor.py:157} INFO - Started process (PID=610759) to work on /home/frederic/airflow_venv/lib/python3.10/site-packages/airflow/example_dags/example_branch_day_of_week_operator.py
[2026-05-29T01:47:42.785+0200] {processor.py:829} INFO - Processing file /home/frederic/airflow_venv/lib/python3.10/site-packages/airflow/example_dags/example_branch_day_of_week_operator.py for tasks to queue
[2026-05-29T01:47:42.786+0200] {logging_mixin.py:151} INFO - [2026-05-29T01:47:42.786+0200] {dagbag.py:539} INFO - Filling up the DagBag from /home/frederic/airflow_venv/lib/python3.10/site-packages/airflow/example_dags/example_branch_day_of_week_operator.py
[2026-05-29T01:47:42.793+0200] {processor.py:839} INFO - DAG(s) dict_keys(['example_weekday_branch_operator']) retrieved from /home/frederic/airflow_venv/lib/python3.10/site-packages/airflow/example_dags/example_branch_day_of_week_operator.py
[2026-05-29T01:47:42.807+0200] {logging_mixin.py:151} INFO - [2026-05-29T01:47:42.807+0200] {dag.py:2915} INFO - Sync 1 DAGs
[2026-05-29T01:47:42.826+0200] {logging_mixin.py:151} INFO - [2026-05-29T01:47:42.825+0200] {dag.py:3696} INFO - Setting next_dagrun for example_weekday_branch_operator to 2026-05-27T00:00:00+00:00, run_after=2026-05-28T00:00:00+00:00
[2026-05-29T01:47:42.842+0200] {processor.py:179} INFO - Processing /home/frederic/airflow_venv/lib/python3.10/site-packages/airflow/example_dags/example_branch_day_of_week_operator.py took 0.061 seconds
[2026-05-29T01:48:29.545+0200] {processor.py:157} INFO - Started process (PID=612192) to work on /home/frederic/airflow_venv/lib/python3.10/site-packages/airflow/example_dags/example_branch_day_of_week_operator.py
[2026-05-29T01:48:29.549+0200] {processor.py:829} INFO - Processing file /home/frederic/airflow_venv/lib/python3.10/site-packages/airflow/example_dags/example_branch_day_of_week_operator.py for tasks to queue
[2026-05-29T01:48:29.549+0200] {logging_mixin.py:151} INFO - [2026-05-29T01:48:29.549+0200] {dagbag.py:539} INFO - Filling up the DagBag from /home/frederic/airflow_venv/lib/python3.10/site-packages/airflow/example_dags/example_branch_day_of_week_operator.py
[2026-05-29T01:48:29.557+0200] {processor.py:839} INFO - DAG(s) dict_keys(['example_weekday_branch_operator']) retrieved from /home/frederic/airflow_venv/lib/python3.10/site-packages/airflow/example_dags/example_branch_day_of_week_operator.py
[2026-05-29T01:48:29.570+0200] {logging_mixin.py:151} INFO - [2026-05-29T01:48:29.570+0200] {dag.py:2915} INFO - Sync 1 DAGs
[2026-05-29T01:48:29.587+0200] {logging_mixin.py:151} INFO - [2026-05-29T01:48:29.587+0200] {dag.py:3696} INFO - Setting next_dagrun for example_weekday_branch_operator to 2026-05-27T00:00:00+00:00, run_after=2026-05-28T00:00:00+00:00
[2026-05-29T01:48:29.602+0200] {processor.py:179} INFO - Processing /home/frederic/airflow_venv/lib/python3.10/site-packages/airflow/example_dags/example_branch_day_of_week_operator.py took 0.059 seconds
[2026-05-29T01:49:13.080+0200] {processor.py:157} INFO - Started process (PID=613240) to work on /home/frederic/airflow_venv/lib/python3.10/site-packages/airflow/example_dags/example_branch_day_of_week_operator.py
[2026-05-29T01:49:13.081+0200] {processor.py:829} INFO - Processing file /home/frederic/airflow_venv/lib/python3.10/site-packages/airflow/example_dags/example_branch_day_of_week_operator.py for tasks to queue
[2026-05-29T01:49:13.082+0200] {logging_mixin.py:151} INFO - [2026-05-29T01:49:13.082+0200] {dagbag.py:539} INFO - Filling up the DagBag from /home/frederic/airflow_venv/lib/python3.10/site-packages/airflow/example_dags/example_branch_day_of_week_operator.py
[2026-05-29T01:49:13.092+0200] {processor.py:839} INFO - DAG(s) dict_keys(['example_weekday_branch_operator']) retrieved from /home/frederic/airflow_venv/lib/python3.10/site-packages/airflow/example_dags/example_branch_day_of_week_operator.py
[2026-05-29T01:49:13.106+0200] {logging_mixin.py:151} INFO - [2026-05-29T01:49:13.106+0200] {dag.py:2915} INFO - Sync 1 DAGs
[2026-05-29T01:49:13.122+0200] {logging_mixin.py:151} INFO - [2026-05-29T01:49:13.122+0200] {dag.py:3696} INFO - Setting next_dagrun for example_weekday_branch_operator to 2026-05-27T00:00:00+00:00, run_after=2026-05-28T00:00:00+00:00
[2026-05-29T01:49:13.138+0200] {processor.py:179} INFO - Processing /home/frederic/airflow_venv/lib/python3.10/site-packages/airflow/example_dags/example_branch_day_of_week_operator.py took 0.060 seconds
[2026-05-29T01:49:56.763+0200] {processor.py:157} INFO - Started process (PID=614480) to work on /home/frederic/airflow_venv/lib/python3.10/site-packages/airflow/example_dags/example_branch_day_of_week_operator.py
[2026-05-29T01:49:56.763+0200] {processor.py:829} INFO - Processing file /home/frederic/airflow_venv/lib/python3.10/site-packages/airflow/example_dags/example_branch_day_of_week_operator.py for tasks to queue
[2026-05-29T01:49:56.764+0200] {logging_mixin.py:151} INFO - [2026-05-29T01:49:56.764+0200] {dagbag.py:539} INFO - Filling up the DagBag from /home/frederic/airflow_venv/lib/python3.10/site-packages/airflow/example_dags/example_branch_day_of_week_operator.py
[2026-05-29T01:49:56.770+0200] {processor.py:839} INFO - DAG(s) dict_keys(['example_weekday_branch_operator']) retrieved from /home/frederic/airflow_venv/lib/python3.10/site-packages/airflow/example_dags/example_branch_day_of_week_operator.py
[2026-05-29T01:49:56.784+0200] {logging_mixin.py:151} INFO - [2026-05-29T01:49:56.784+0200] {dag.py:2915} INFO - Sync 1 DAGs
[2026-05-29T01:49:56.801+0200] {logging_mixin.py:151} INFO - [2026-05-29T01:49:56.801+0200] {dag.py:3696} INFO - Setting next_dagrun for example_weekday_branch_operator to 2026-05-27T00:00:00+00:00, run_after=2026-05-28T00:00:00+00:00
[2026-05-29T01:49:56.815+0200] {processor.py:179} INFO - Processing /home/frederic/airflow_venv/lib/python3.10/site-packages/airflow/example_dags/example_branch_day_of_week_operator.py took 0.055 seconds
[2026-05-29T01:50:49.721+0200] {processor.py:157} INFO - Started process (PID=616087) to work on /home/frederic/airflow_venv/lib/python3.10/site-packages/airflow/example_dags/example_branch_day_of_week_operator.py
[2026-05-29T01:50:49.725+0200] {processor.py:829} INFO - Processing file /home/frederic/airflow_venv/lib/python3.10/site-packages/airflow/example_dags/example_branch_day_of_week_operator.py for tasks to queue
[2026-05-29T01:50:49.725+0200] {logging_mixin.py:151} INFO - [2026-05-29T01:50:49.725+0200] {dagbag.py:539} INFO - Filling up the DagBag from /home/frederic/airflow_venv/lib/python3.10/site-packages/airflow/example_dags/example_branch_day_of_week_operator.py
[2026-05-29T01:50:49.734+0200] {processor.py:839} INFO - DAG(s) dict_keys(['example_weekday_branch_operator']) retrieved from /home/frederic/airflow_venv/lib/python3.10/site-packages/airflow/example_dags/example_branch_day_of_week_operator.py
[2026-05-29T01:50:49.750+0200] {logging_mixin.py:151} INFO - [2026-05-29T01:50:49.750+0200] {dag.py:2915} INFO - Sync 1 DAGs
[2026-05-29T01:50:49.767+0200] {logging_mixin.py:151} INFO - [2026-05-29T01:50:49.767+0200] {dag.py:3696} INFO - Setting next_dagrun for example_weekday_branch_operator to 2026-05-27T00:00:00+00:00, run_after=2026-05-28T00:00:00+00:00
[2026-05-29T01:50:49.782+0200] {processor.py:179} INFO - Processing /home/frederic/airflow_venv/lib/python3.10/site-packages/airflow/example_dags/example_branch_day_of_week_operator.py took 0.063 seconds
[2026-05-29T01:51:34.427+0200] {processor.py:157} INFO - Started process (PID=617135) to work on /home/frederic/airflow_venv/lib/python3.10/site-packages/airflow/example_dags/example_branch_day_of_week_operator.py
[2026-05-29T01:51:34.428+0200] {processor.py:829} INFO - Processing file /home/frederic/airflow_venv/lib/python3.10/site-packages/airflow/example_dags/example_branch_day_of_week_operator.py for tasks to queue
[2026-05-29T01:51:34.428+0200] {logging_mixin.py:151} INFO - [2026-05-29T01:51:34.428+0200] {dagbag.py:539} INFO - Filling up the DagBag from /home/frederic/airflow_venv/lib/python3.10/site-packages/airflow/example_dags/example_branch_day_of_week_operator.py
[2026-05-29T01:51:34.434+0200] {processor.py:839} INFO - DAG(s) dict_keys(['example_weekday_branch_operator']) retrieved from /home/frederic/airflow_venv/lib/python3.10/site-packages/airflow/example_dags/example_branch_day_of_week_operator.py
[2026-05-29T01:51:34.448+0200] {logging_mixin.py:151} INFO - [2026-05-29T01:51:34.448+0200] {dag.py:2915} INFO - Sync 1 DAGs
[2026-05-29T01:51:34.465+0200] {logging_mixin.py:151} INFO - [2026-05-29T01:51:34.465+0200] {dag.py:3696} INFO - Setting next_dagrun for example_weekday_branch_operator to 2026-05-27T00:00:00+00:00, run_after=2026-05-28T00:00:00+00:00
[2026-05-29T01:51:34.479+0200] {processor.py:179} INFO - Processing /home/frederic/airflow_venv/lib/python3.10/site-packages/airflow/example_dags/example_branch_day_of_week_operator.py took 0.054 seconds
[2026-05-29T01:52:24.771+0200] {processor.py:157} INFO - Started process (PID=618471) to work on /home/frederic/airflow_venv/lib/python3.10/site-packages/airflow/example_dags/example_branch_day_of_week_operator.py
[2026-05-29T01:52:24.775+0200] {processor.py:829} INFO - Processing file /home/frederic/airflow_venv/lib/python3.10/site-packages/airflow/example_dags/example_branch_day_of_week_operator.py for tasks to queue
[2026-05-29T01:52:24.775+0200] {logging_mixin.py:151} INFO - [2026-05-29T01:52:24.775+0200] {dagbag.py:539} INFO - Filling up the DagBag from /home/frederic/airflow_venv/lib/python3.10/site-packages/airflow/example_dags/example_branch_day_of_week_operator.py
[2026-05-29T01:52:24.781+0200] {processor.py:839} INFO - DAG(s) dict_keys(['example_weekday_branch_operator']) retrieved from /home/frederic/airflow_venv/lib/python3.10/site-packages/airflow/example_dags/example_branch_day_of_week_operator.py
[2026-05-29T01:52:24.794+0200] {logging_mixin.py:151} INFO - [2026-05-29T01:52:24.794+0200] {dag.py:2915} INFO - Sync 1 DAGs
[2026-05-29T01:52:24.810+0200] {logging_mixin.py:151} INFO - [2026-05-29T01:52:24.810+0200] {dag.py:3696} INFO - Setting next_dagrun for example_weekday_branch_operator to 2026-05-27T00:00:00+00:00, run_after=2026-05-28T00:00:00+00:00
[2026-05-29T01:52:24.825+0200] {processor.py:179} INFO - Processing /home/frederic/airflow_venv/lib/python3.10/site-packages/airflow/example_dags/example_branch_day_of_week_operator.py took 0.056 seconds
[2026-05-29T01:53:11.045+0200] {processor.py:157} INFO - Started process (PID=620026) to work on /home/frederic/airflow_venv/lib/python3.10/site-packages/airflow/example_dags/example_branch_day_of_week_operator.py
[2026-05-29T01:53:11.049+0200] {processor.py:829} INFO - Processing file /home/frederic/airflow_venv/lib/python3.10/site-packages/airflow/example_dags/example_branch_day_of_week_operator.py for tasks to queue
[2026-05-29T01:53:11.049+0200] {logging_mixin.py:151} INFO - [2026-05-29T01:53:11.049+0200] {dagbag.py:539} INFO - Filling up the DagBag from /home/frederic/airflow_venv/lib/python3.10/site-packages/airflow/example_dags/example_branch_day_of_week_operator.py
[2026-05-29T01:53:11.057+0200] {processor.py:839} INFO - DAG(s) dict_keys(['example_weekday_branch_operator']) retrieved from /home/frederic/airflow_venv/lib/python3.10/site-packages/airflow/example_dags/example_branch_day_of_week_operator.py
[2026-05-29T01:53:11.073+0200] {logging_mixin.py:151} INFO - [2026-05-29T01:53:11.072+0200] {dag.py:2915} INFO - Sync 1 DAGs
[2026-05-29T01:53:11.105+0200] {logging_mixin.py:151} INFO - [2026-05-29T01:53:11.105+0200] {dag.py:3696} INFO - Setting next_dagrun for example_weekday_branch_operator to 2026-05-27T00:00:00+00:00, run_after=2026-05-28T00:00:00+00:00
[2026-05-29T01:53:11.121+0200] {processor.py:179} INFO - Processing /home/frederic/airflow_venv/lib/python3.10/site-packages/airflow/example_dags/example_branch_day_of_week_operator.py took 0.078 seconds
[2026-05-29T01:53:57.276+0200] {processor.py:157} INFO - Started process (PID=621251) to work on /home/frederic/airflow_venv/lib/python3.10/site-packages/airflow/example_dags/example_branch_day_of_week_operator.py
[2026-05-29T01:53:57.280+0200] {processor.py:829} INFO - Processing file /home/frederic/airflow_venv/lib/python3.10/site-packages/airflow/example_dags/example_branch_day_of_week_operator.py for tasks to queue
[2026-05-29T01:53:57.280+0200] {logging_mixin.py:151} INFO - [2026-05-29T01:53:57.280+0200] {dagbag.py:539} INFO - Filling up the DagBag from /home/frederic/airflow_venv/lib/python3.10/site-packages/airflow/example_dags/example_branch_day_of_week_operator.py
[2026-05-29T01:53:57.287+0200] {processor.py:839} INFO - DAG(s) dict_keys(['example_weekday_branch_operator']) retrieved from /home/frederic/airflow_venv/lib/python3.10/site-packages/airflow/example_dags/example_branch_day_of_week_operator.py
[2026-05-29T01:53:57.301+0200] {logging_mixin.py:151} INFO - [2026-05-29T01:53:57.300+0200] {dag.py:2915} INFO - Sync 1 DAGs
[2026-05-29T01:53:57.319+0200] {logging_mixin.py:151} INFO - [2026-05-29T01:53:57.319+0200] {dag.py:3696} INFO - Setting next_dagrun for example_weekday_branch_operator to 2026-05-27T00:00:00+00:00, run_after=2026-05-28T00:00:00+00:00
[2026-05-29T01:53:57.335+0200] {processor.py:179} INFO - Processing /home/frederic/airflow_venv/lib/python3.10/site-packages/airflow/example_dags/example_branch_day_of_week_operator.py took 0.061 seconds
[2026-05-29T01:54:44.565+0200] {processor.py:157} INFO - Started process (PID=622795) to work on /home/frederic/airflow_venv/lib/python3.10/site-packages/airflow/example_dags/example_branch_day_of_week_operator.py
[2026-05-29T01:54:44.568+0200] {processor.py:829} INFO - Processing file /home/frederic/airflow_venv/lib/python3.10/site-packages/airflow/example_dags/example_branch_day_of_week_operator.py for tasks to queue
[2026-05-29T01:54:44.569+0200] {logging_mixin.py:151} INFO - [2026-05-29T01:54:44.569+0200] {dagbag.py:539} INFO - Filling up the DagBag from /home/frederic/airflow_venv/lib/python3.10/site-packages/airflow/example_dags/example_branch_day_of_week_operator.py
[2026-05-29T01:54:44.576+0200] {processor.py:839} INFO - DAG(s) dict_keys(['example_weekday_branch_operator']) retrieved from /home/frederic/airflow_venv/lib/python3.10/site-packages/airflow/example_dags/example_branch_day_of_week_operator.py
[2026-05-29T01:54:44.591+0200] {logging_mixin.py:151} INFO - [2026-05-29T01:54:44.590+0200] {dag.py:2915} INFO - Sync 1 DAGs
[2026-05-29T01:54:44.608+0200] {logging_mixin.py:151} INFO - [2026-05-29T01:54:44.608+0200] {dag.py:3696} INFO - Setting next_dagrun for example_weekday_branch_operator to 2026-05-27T00:00:00+00:00, run_after=2026-05-28T00:00:00+00:00
[2026-05-29T01:54:44.624+0200] {processor.py:179} INFO - Processing /home/frederic/airflow_venv/lib/python3.10/site-packages/airflow/example_dags/example_branch_day_of_week_operator.py took 0.062 seconds
[2026-05-29T01:55:30.278+0200] {processor.py:157} INFO - Started process (PID=624413) to work on /home/frederic/airflow_venv/lib/python3.10/site-packages/airflow/example_dags/example_branch_day_of_week_operator.py
[2026-05-29T01:55:30.279+0200] {processor.py:829} INFO - Processing file /home/frederic/airflow_venv/lib/python3.10/site-packages/airflow/example_dags/example_branch_day_of_week_operator.py for tasks to queue
[2026-05-29T01:55:30.280+0200] {logging_mixin.py:151} INFO - [2026-05-29T01:55:30.280+0200] {dagbag.py:539} INFO - Filling up the DagBag from /home/frederic/airflow_venv/lib/python3.10/site-packages/airflow/example_dags/example_branch_day_of_week_operator.py
[2026-05-29T01:55:30.289+0200] {processor.py:839} INFO - DAG(s) dict_keys(['example_weekday_branch_operator']) retrieved from /home/frederic/airflow_venv/lib/python3.10/site-packages/airflow/example_dags/example_branch_day_of_week_operator.py
[2026-05-29T01:55:30.295+0200] {logging_mixin.py:151} INFO - [2026-05-29T01:55:30.295+0200] {dag.py:2915} INFO - Sync 1 DAGs
[2026-05-29T01:55:30.320+0200] {logging_mixin.py:151} INFO - [2026-05-29T01:55:30.320+0200] {dag.py:3696} INFO - Setting next_dagrun for example_weekday_branch_operator to 2026-05-27T00:00:00+00:00, run_after=2026-05-28T00:00:00+00:00
[2026-05-29T01:55:30.337+0200] {processor.py:179} INFO - Processing /home/frederic/airflow_venv/lib/python3.10/site-packages/airflow/example_dags/example_branch_day_of_week_operator.py took 0.062 seconds
[2026-05-29T01:56:08.553+0200] {processor.py:157} INFO - Started process (PID=625551) to work on /home/frederic/airflow_venv/lib/python3.10/site-packages/airflow/example_dags/example_branch_day_of_week_operator.py
[2026-05-29T01:56:08.554+0200] {processor.py:829} INFO - Processing file /home/frederic/airflow_venv/lib/python3.10/site-packages/airflow/example_dags/example_branch_day_of_week_operator.py for tasks to queue
[2026-05-29T01:56:08.555+0200] {logging_mixin.py:151} INFO - [2026-05-29T01:56:08.555+0200] {dagbag.py:539} INFO - Filling up the DagBag from /home/frederic/airflow_venv/lib/python3.10/site-packages/airflow/example_dags/example_branch_day_of_week_operator.py
[2026-05-29T01:56:08.562+0200] {processor.py:839} INFO - DAG(s) dict_keys(['example_weekday_branch_operator']) retrieved from /home/frederic/airflow_venv/lib/python3.10/site-packages/airflow/example_dags/example_branch_day_of_week_operator.py
[2026-05-29T01:56:08.576+0200] {logging_mixin.py:151} INFO - [2026-05-29T01:56:08.576+0200] {dag.py:2915} INFO - Sync 1 DAGs
[2026-05-29T01:56:08.597+0200] {logging_mixin.py:151} INFO - [2026-05-29T01:56:08.597+0200] {dag.py:3696} INFO - Setting next_dagrun for example_weekday_branch_operator to 2026-05-27T00:00:00+00:00, run_after=2026-05-28T00:00:00+00:00
[2026-05-29T01:56:08.613+0200] {processor.py:179} INFO - Processing /home/frederic/airflow_venv/lib/python3.10/site-packages/airflow/example_dags/example_branch_day_of_week_operator.py took 0.062 seconds
[2026-05-29T01:56:30.673+0200] {processor.py:157} INFO - Started process (PID=626364) to work on /home/frederic/airflow_venv/lib/python3.10/site-packages/airflow/example_dags/example_branch_day_of_week_operator.py
[2026-05-29T01:56:30.673+0200] {processor.py:829} INFO - Processing file /home/frederic/airflow_venv/lib/python3.10/site-packages/airflow/example_dags/example_branch_day_of_week_operator.py for tasks to queue
[2026-05-29T01:56:30.674+0200] {logging_mixin.py:151} INFO - [2026-05-29T01:56:30.674+0200] {dagbag.py:539} INFO - Filling up the DagBag from /home/frederic/airflow_venv/lib/python3.10/site-packages/airflow/example_dags/example_branch_day_of_week_operator.py
[2026-05-29T01:56:30.680+0200] {processor.py:839} INFO - DAG(s) dict_keys(['example_weekday_branch_operator']) retrieved from /home/frederic/airflow_venv/lib/python3.10/site-packages/airflow/example_dags/example_branch_day_of_week_operator.py
[2026-05-29T01:56:30.697+0200] {logging_mixin.py:151} INFO - [2026-05-29T01:56:30.697+0200] {dag.py:2915} INFO - Sync 1 DAGs
[2026-05-29T01:56:30.716+0200] {logging_mixin.py:151} INFO - [2026-05-29T01:56:30.716+0200] {dag.py:3696} INFO - Setting next_dagrun for example_weekday_branch_operator to 2026-05-27T00:00:00+00:00, run_after=2026-05-28T00:00:00+00:00
[2026-05-29T01:56:30.731+0200] {processor.py:179} INFO - Processing /home/frederic/airflow_venv/lib/python3.10/site-packages/airflow/example_dags/example_branch_day_of_week_operator.py took 0.061 seconds
[2026-05-29T01:57:08.051+0200] {processor.py:157} INFO - Started process (PID=627463) to work on /home/frederic/airflow_venv/lib/python3.10/site-packages/airflow/example_dags/example_branch_day_of_week_operator.py
[2026-05-29T01:57:08.052+0200] {processor.py:829} INFO - Processing file /home/frederic/airflow_venv/lib/python3.10/site-packages/airflow/example_dags/example_branch_day_of_week_operator.py for tasks to queue
[2026-05-29T01:57:08.053+0200] {logging_mixin.py:151} INFO - [2026-05-29T01:57:08.053+0200] {dagbag.py:539} INFO - Filling up the DagBag from /home/frederic/airflow_venv/lib/python3.10/site-packages/airflow/example_dags/example_branch_day_of_week_operator.py
[2026-05-29T01:57:08.067+0200] {processor.py:839} INFO - DAG(s) dict_keys(['example_weekday_branch_operator']) retrieved from /home/frederic/airflow_venv/lib/python3.10/site-packages/airflow/example_dags/example_branch_day_of_week_operator.py
[2026-05-29T01:57:08.085+0200] {logging_mixin.py:151} INFO - [2026-05-29T01:57:08.085+0200] {dag.py:2915} INFO - Sync 1 DAGs
[2026-05-29T01:57:08.111+0200] {logging_mixin.py:151} INFO - [2026-05-29T01:57:08.110+0200] {dag.py:3696} INFO - Setting next_dagrun for example_weekday_branch_operator to 2026-05-27T00:00:00+00:00, run_after=2026-05-28T00:00:00+00:00
[2026-05-29T01:57:08.127+0200] {processor.py:179} INFO - Processing /home/frederic/airflow_venv/lib/python3.10/site-packages/airflow/example_dags/example_branch_day_of_week_operator.py took 0.080 seconds
[2026-05-29T01:57:22.074+0200] {processor.py:157} INFO - Started process (PID=627928) to work on /home/frederic/airflow_venv/lib/python3.10/site-packages/airflow/example_dags/example_branch_day_of_week_operator.py
[2026-05-29T01:57:22.074+0200] {processor.py:829} INFO - Processing file /home/frederic/airflow_venv/lib/python3.10/site-packages/airflow/example_dags/example_branch_day_of_week_operator.py for tasks to queue
[2026-05-29T01:57:22.075+0200] {logging_mixin.py:151} INFO - [2026-05-29T01:57:22.075+0200] {dagbag.py:539} INFO - Filling up the DagBag from /home/frederic/airflow_venv/lib/python3.10/site-packages/airflow/example_dags/example_branch_day_of_week_operator.py
[2026-05-29T01:57:22.082+0200] {processor.py:839} INFO - DAG(s) dict_keys(['example_weekday_branch_operator']) retrieved from /home/frederic/airflow_venv/lib/python3.10/site-packages/airflow/example_dags/example_branch_day_of_week_operator.py
[2026-05-29T01:57:22.096+0200] {logging_mixin.py:151} INFO - [2026-05-29T01:57:22.096+0200] {dag.py:2915} INFO - Sync 1 DAGs
[2026-05-29T01:57:22.114+0200] {logging_mixin.py:151} INFO - [2026-05-29T01:57:22.114+0200] {dag.py:3696} INFO - Setting next_dagrun for example_weekday_branch_operator to 2026-05-27T00:00:00+00:00, run_after=2026-05-28T00:00:00+00:00
[2026-05-29T01:57:22.134+0200] {processor.py:179} INFO - Processing /home/frederic/airflow_venv/lib/python3.10/site-packages/airflow/example_dags/example_branch_day_of_week_operator.py took 0.063 seconds
[2026-05-29T01:57:55.637+0200] {processor.py:157} INFO - Started process (PID=629265) to work on /home/frederic/airflow_venv/lib/python3.10/site-packages/airflow/example_dags/example_branch_day_of_week_operator.py
[2026-05-29T01:57:55.639+0200] {processor.py:829} INFO - Processing file /home/frederic/airflow_venv/lib/python3.10/site-packages/airflow/example_dags/example_branch_day_of_week_operator.py for tasks to queue
[2026-05-29T01:57:55.640+0200] {logging_mixin.py:151} INFO - [2026-05-29T01:57:55.640+0200] {dagbag.py:539} INFO - Filling up the DagBag from /home/frederic/airflow_venv/lib/python3.10/site-packages/airflow/example_dags/example_branch_day_of_week_operator.py
[2026-05-29T01:57:55.658+0200] {processor.py:839} INFO - DAG(s) dict_keys(['example_weekday_branch_operator']) retrieved from /home/frederic/airflow_venv/lib/python3.10/site-packages/airflow/example_dags/example_branch_day_of_week_operator.py
[2026-05-29T01:57:55.689+0200] {logging_mixin.py:151} INFO - [2026-05-29T01:57:55.688+0200] {dag.py:2915} INFO - Sync 1 DAGs
[2026-05-29T01:57:55.722+0200] {logging_mixin.py:151} INFO - [2026-05-29T01:57:55.722+0200] {dag.py:3696} INFO - Setting next_dagrun for example_weekday_branch_operator to 2026-05-27T00:00:00+00:00, run_after=2026-05-28T00:00:00+00:00
[2026-05-29T01:57:55.739+0200] {processor.py:179} INFO - Processing /home/frederic/airflow_venv/lib/python3.10/site-packages/airflow/example_dags/example_branch_day_of_week_operator.py took 0.108 seconds
[2026-05-29T01:58:09.841+0200] {processor.py:157} INFO - Started process (PID=629657) to work on /home/frederic/airflow_venv/lib/python3.10/site-packages/airflow/example_dags/example_branch_day_of_week_operator.py
[2026-05-29T01:58:09.842+0200] {processor.py:829} INFO - Processing file /home/frederic/airflow_venv/lib/python3.10/site-packages/airflow/example_dags/example_branch_day_of_week_operator.py for tasks to queue
[2026-05-29T01:58:09.843+0200] {logging_mixin.py:151} INFO - [2026-05-29T01:58:09.843+0200] {dagbag.py:539} INFO - Filling up the DagBag from /home/frederic/airflow_venv/lib/python3.10/site-packages/airflow/example_dags/example_branch_day_of_week_operator.py
[2026-05-29T01:58:09.851+0200] {processor.py:839} INFO - DAG(s) dict_keys(['example_weekday_branch_operator']) retrieved from /home/frederic/airflow_venv/lib/python3.10/site-packages/airflow/example_dags/example_branch_day_of_week_operator.py
[2026-05-29T01:58:09.868+0200] {logging_mixin.py:151} INFO - [2026-05-29T01:58:09.868+0200] {dag.py:2915} INFO - Sync 1 DAGs
[2026-05-29T01:58:09.887+0200] {logging_mixin.py:151} INFO - [2026-05-29T01:58:09.887+0200] {dag.py:3696} INFO - Setting next_dagrun for example_weekday_branch_operator to 2026-05-27T00:00:00+00:00, run_after=2026-05-28T00:00:00+00:00
[2026-05-29T01:58:09.902+0200] {processor.py:179} INFO - Processing /home/frederic/airflow_venv/lib/python3.10/site-packages/airflow/example_dags/example_branch_day_of_week_operator.py took 0.063 seconds
[2026-05-29T01:58:55.913+0200] {processor.py:157} INFO - Started process (PID=631394) to work on /home/frederic/airflow_venv/lib/python3.10/site-packages/airflow/example_dags/example_branch_day_of_week_operator.py
[2026-05-29T01:58:55.914+0200] {processor.py:829} INFO - Processing file /home/frederic/airflow_venv/lib/python3.10/site-packages/airflow/example_dags/example_branch_day_of_week_operator.py for tasks to queue
[2026-05-29T01:58:55.915+0200] {logging_mixin.py:151} INFO - [2026-05-29T01:58:55.915+0200] {dagbag.py:539} INFO - Filling up the DagBag from /home/frederic/airflow_venv/lib/python3.10/site-packages/airflow/example_dags/example_branch_day_of_week_operator.py
[2026-05-29T01:58:55.922+0200] {processor.py:839} INFO - DAG(s) dict_keys(['example_weekday_branch_operator']) retrieved from /home/frederic/airflow_venv/lib/python3.10/site-packages/airflow/example_dags/example_branch_day_of_week_operator.py
[2026-05-29T01:58:55.937+0200] {logging_mixin.py:151} INFO - [2026-05-29T01:58:55.937+0200] {dag.py:2915} INFO - Sync 1 DAGs
[2026-05-29T01:58:55.957+0200] {logging_mixin.py:151} INFO - [2026-05-29T01:58:55.956+0200] {dag.py:3696} INFO - Setting next_dagrun for example_weekday_branch_operator to 2026-05-27T00:00:00+00:00, run_after=2026-05-28T00:00:00+00:00
[2026-05-29T01:58:55.974+0200] {processor.py:179} INFO - Processing /home/frederic/airflow_venv/lib/python3.10/site-packages/airflow/example_dags/example_branch_day_of_week_operator.py took 0.064 seconds
[2026-05-29T01:59:03.066+0200] {processor.py:157} INFO - Started process (PID=631522) to work on /home/frederic/airflow_venv/lib/python3.10/site-packages/airflow/example_dags/example_branch_day_of_week_operator.py
[2026-05-29T01:59:03.066+0200] {processor.py:829} INFO - Processing file /home/frederic/airflow_venv/lib/python3.10/site-packages/airflow/example_dags/example_branch_day_of_week_operator.py for tasks to queue
[2026-05-29T01:59:03.067+0200] {logging_mixin.py:151} INFO - [2026-05-29T01:59:03.067+0200] {dagbag.py:539} INFO - Filling up the DagBag from /home/frederic/airflow_venv/lib/python3.10/site-packages/airflow/example_dags/example_branch_day_of_week_operator.py
[2026-05-29T01:59:03.074+0200] {processor.py:839} INFO - DAG(s) dict_keys(['example_weekday_branch_operator']) retrieved from /home/frederic/airflow_venv/lib/python3.10/site-packages/airflow/example_dags/example_branch_day_of_week_operator.py
[2026-05-29T01:59:03.089+0200] {logging_mixin.py:151} INFO - [2026-05-29T01:59:03.089+0200] {dag.py:2915} INFO - Sync 1 DAGs
[2026-05-29T01:59:03.107+0200] {logging_mixin.py:151} INFO - [2026-05-29T01:59:03.107+0200] {dag.py:3696} INFO - Setting next_dagrun for example_weekday_branch_operator to 2026-05-27T00:00:00+00:00, run_after=2026-05-28T00:00:00+00:00
[2026-05-29T01:59:03.123+0200] {processor.py:179} INFO - Processing /home/frederic/airflow_venv/lib/python3.10/site-packages/airflow/example_dags/example_branch_day_of_week_operator.py took 0.060 seconds
[2026-05-29T01:59:44.389+0200] {processor.py:157} INFO - Started process (PID=632744) to work on /home/frederic/airflow_venv/lib/python3.10/site-packages/airflow/example_dags/example_branch_day_of_week_operator.py
[2026-05-29T01:59:44.390+0200] {processor.py:829} INFO - Processing file /home/frederic/airflow_venv/lib/python3.10/site-packages/airflow/example_dags/example_branch_day_of_week_operator.py for tasks to queue
[2026-05-29T01:59:44.390+0200] {logging_mixin.py:151} INFO - [2026-05-29T01:59:44.390+0200] {dagbag.py:539} INFO - Filling up the DagBag from /home/frederic/airflow_venv/lib/python3.10/site-packages/airflow/example_dags/example_branch_day_of_week_operator.py
[2026-05-29T01:59:44.397+0200] {processor.py:839} INFO - DAG(s) dict_keys(['example_weekday_branch_operator']) retrieved from /home/frederic/airflow_venv/lib/python3.10/site-packages/airflow/example_dags/example_branch_day_of_week_operator.py
[2026-05-29T01:59:44.411+0200] {logging_mixin.py:151} INFO - [2026-05-29T01:59:44.411+0200] {dag.py:2915} INFO - Sync 1 DAGs
[2026-05-29T01:59:44.430+0200] {logging_mixin.py:151} INFO - [2026-05-29T01:59:44.429+0200] {dag.py:3696} INFO - Setting next_dagrun for example_weekday_branch_operator to 2026-05-27T00:00:00+00:00, run_after=2026-05-28T00:00:00+00:00
[2026-05-29T01:59:44.446+0200] {processor.py:179} INFO - Processing /home/frederic/airflow_venv/lib/python3.10/site-packages/airflow/example_dags/example_branch_day_of_week_operator.py took 0.060 seconds
[2026-05-29T01:59:49.490+0200] {processor.py:157} INFO - Started process (PID=632854) to work on /home/frederic/airflow_venv/lib/python3.10/site-packages/airflow/example_dags/example_branch_day_of_week_operator.py
[2026-05-29T01:59:49.490+0200] {processor.py:829} INFO - Processing file /home/frederic/airflow_venv/lib/python3.10/site-packages/airflow/example_dags/example_branch_day_of_week_operator.py for tasks to queue
[2026-05-29T01:59:49.491+0200] {logging_mixin.py:151} INFO - [2026-05-29T01:59:49.491+0200] {dagbag.py:539} INFO - Filling up the DagBag from /home/frederic/airflow_venv/lib/python3.10/site-packages/airflow/example_dags/example_branch_day_of_week_operator.py
[2026-05-29T01:59:49.497+0200] {processor.py:839} INFO - DAG(s) dict_keys(['example_weekday_branch_operator']) retrieved from /home/frederic/airflow_venv/lib/python3.10/site-packages/airflow/example_dags/example_branch_day_of_week_operator.py
[2026-05-29T01:59:49.515+0200] {logging_mixin.py:151} INFO - [2026-05-29T01:59:49.514+0200] {dag.py:2915} INFO - Sync 1 DAGs
[2026-05-29T01:59:49.536+0200] {logging_mixin.py:151} INFO - [2026-05-29T01:59:49.536+0200] {dag.py:3696} INFO - Setting next_dagrun for example_weekday_branch_operator to 2026-05-27T00:00:00+00:00, run_after=2026-05-28T00:00:00+00:00
[2026-05-29T01:59:49.554+0200] {processor.py:179} INFO - Processing /home/frederic/airflow_venv/lib/python3.10/site-packages/airflow/example_dags/example_branch_day_of_week_operator.py took 0.068 seconds
