[2026-05-29T01:36:47.117+0200] {processor.py:157} INFO - Started process (PID=594058) to work on /home/frederic/airflow_venv/lib/python3.10/site-packages/airflow/example_dags/example_time_delta_sensor_async.py
[2026-05-29T01:36:47.118+0200] {processor.py:829} INFO - Processing file /home/frederic/airflow_venv/lib/python3.10/site-packages/airflow/example_dags/example_time_delta_sensor_async.py for tasks to queue
[2026-05-29T01:36:47.119+0200] {logging_mixin.py:151} INFO - [2026-05-29T01:36:47.118+0200] {dagbag.py:539} INFO - Filling up the DagBag from /home/frederic/airflow_venv/lib/python3.10/site-packages/airflow/example_dags/example_time_delta_sensor_async.py
[2026-05-29T01:36:47.124+0200] {processor.py:839} INFO - DAG(s) dict_keys(['example_time_delta_sensor_async']) retrieved from /home/frederic/airflow_venv/lib/python3.10/site-packages/airflow/example_dags/example_time_delta_sensor_async.py
[2026-05-29T01:36:47.224+0200] {logging_mixin.py:151} INFO - [2026-05-29T01:36:47.224+0200] {manager.py:499} INFO - Created Permission View: %s
[2026-05-29T01:36:47.236+0200] {logging_mixin.py:151} INFO - [2026-05-29T01:36:47.235+0200] {manager.py:499} INFO - Created Permission View: %s
[2026-05-29T01:36:47.242+0200] {logging_mixin.py:151} INFO - [2026-05-29T01:36:47.241+0200] {manager.py:499} INFO - Created Permission View: %s
[2026-05-29T01:36:47.242+0200] {logging_mixin.py:151} INFO - [2026-05-29T01:36:47.242+0200] {security.py:708} INFO - Not syncing DAG-level permissions for DAG 'DAG:example_time_delta_sensor_async' as access control is unset.
[2026-05-29T01:36:47.242+0200] {logging_mixin.py:151} INFO - [2026-05-29T01:36:47.242+0200] {dag.py:2915} INFO - Sync 1 DAGs
[2026-05-29T01:36:47.258+0200] {logging_mixin.py:151} INFO - [2026-05-29T01:36:47.258+0200] {dag.py:2937} INFO - Creating ORM DAG for example_time_delta_sensor_async
[2026-05-29T01:36:47.259+0200] {logging_mixin.py:151} INFO - [2026-05-29T01:36:47.259+0200] {dag.py:3696} INFO - Setting next_dagrun for example_time_delta_sensor_async to None, run_after=None
[2026-05-29T01:36:47.286+0200] {processor.py:179} INFO - Processing /home/frederic/airflow_venv/lib/python3.10/site-packages/airflow/example_dags/example_time_delta_sensor_async.py took 0.171 seconds
[2026-05-29T01:37:33.979+0200] {processor.py:157} INFO - Started process (PID=594938) to work on /home/frederic/airflow_venv/lib/python3.10/site-packages/airflow/example_dags/example_time_delta_sensor_async.py
[2026-05-29T01:37:33.980+0200] {processor.py:829} INFO - Processing file /home/frederic/airflow_venv/lib/python3.10/site-packages/airflow/example_dags/example_time_delta_sensor_async.py for tasks to queue
[2026-05-29T01:37:33.981+0200] {logging_mixin.py:151} INFO - [2026-05-29T01:37:33.981+0200] {dagbag.py:539} INFO - Filling up the DagBag from /home/frederic/airflow_venv/lib/python3.10/site-packages/airflow/example_dags/example_time_delta_sensor_async.py
[2026-05-29T01:37:33.985+0200] {processor.py:839} INFO - DAG(s) dict_keys(['example_time_delta_sensor_async']) retrieved from /home/frederic/airflow_venv/lib/python3.10/site-packages/airflow/example_dags/example_time_delta_sensor_async.py
[2026-05-29T01:37:33.996+0200] {logging_mixin.py:151} INFO - [2026-05-29T01:37:33.996+0200] {dag.py:2915} INFO - Sync 1 DAGs
[2026-05-29T01:37:34.005+0200] {logging_mixin.py:151} INFO - [2026-05-29T01:37:34.005+0200] {dag.py:3696} INFO - Setting next_dagrun for example_time_delta_sensor_async to None, run_after=None
[2026-05-29T01:37:34.019+0200] {processor.py:179} INFO - Processing /home/frederic/airflow_venv/lib/python3.10/site-packages/airflow/example_dags/example_time_delta_sensor_async.py took 0.042 seconds
[2026-05-29T01:38:18.072+0200] {processor.py:157} INFO - Started process (PID=595842) to work on /home/frederic/airflow_venv/lib/python3.10/site-packages/airflow/example_dags/example_time_delta_sensor_async.py
[2026-05-29T01:38:18.073+0200] {processor.py:829} INFO - Processing file /home/frederic/airflow_venv/lib/python3.10/site-packages/airflow/example_dags/example_time_delta_sensor_async.py for tasks to queue
[2026-05-29T01:38:18.073+0200] {logging_mixin.py:151} INFO - [2026-05-29T01:38:18.073+0200] {dagbag.py:539} INFO - Filling up the DagBag from /home/frederic/airflow_venv/lib/python3.10/site-packages/airflow/example_dags/example_time_delta_sensor_async.py
[2026-05-29T01:38:18.078+0200] {processor.py:839} INFO - DAG(s) dict_keys(['example_time_delta_sensor_async']) retrieved from /home/frederic/airflow_venv/lib/python3.10/site-packages/airflow/example_dags/example_time_delta_sensor_async.py
[2026-05-29T01:38:18.090+0200] {logging_mixin.py:151} INFO - [2026-05-29T01:38:18.090+0200] {dag.py:2915} INFO - Sync 1 DAGs
[2026-05-29T01:38:18.099+0200] {logging_mixin.py:151} INFO - [2026-05-29T01:38:18.099+0200] {dag.py:3696} INFO - Setting next_dagrun for example_time_delta_sensor_async to None, run_after=None
[2026-05-29T01:38:18.116+0200] {processor.py:179} INFO - Processing /home/frederic/airflow_venv/lib/python3.10/site-packages/airflow/example_dags/example_time_delta_sensor_async.py took 0.047 seconds
[2026-05-29T01:39:01.623+0200] {processor.py:157} INFO - Started process (PID=596775) to work on /home/frederic/airflow_venv/lib/python3.10/site-packages/airflow/example_dags/example_time_delta_sensor_async.py
[2026-05-29T01:39:01.624+0200] {processor.py:829} INFO - Processing file /home/frederic/airflow_venv/lib/python3.10/site-packages/airflow/example_dags/example_time_delta_sensor_async.py for tasks to queue
[2026-05-29T01:39:01.625+0200] {logging_mixin.py:151} INFO - [2026-05-29T01:39:01.624+0200] {dagbag.py:539} INFO - Filling up the DagBag from /home/frederic/airflow_venv/lib/python3.10/site-packages/airflow/example_dags/example_time_delta_sensor_async.py
[2026-05-29T01:39:01.628+0200] {processor.py:839} INFO - DAG(s) dict_keys(['example_time_delta_sensor_async']) retrieved from /home/frederic/airflow_venv/lib/python3.10/site-packages/airflow/example_dags/example_time_delta_sensor_async.py
[2026-05-29T01:39:01.641+0200] {logging_mixin.py:151} INFO - [2026-05-29T01:39:01.641+0200] {dag.py:2915} INFO - Sync 1 DAGs
[2026-05-29T01:39:01.650+0200] {logging_mixin.py:151} INFO - [2026-05-29T01:39:01.650+0200] {dag.py:3696} INFO - Setting next_dagrun for example_time_delta_sensor_async to None, run_after=None
[2026-05-29T01:39:01.667+0200] {processor.py:179} INFO - Processing /home/frederic/airflow_venv/lib/python3.10/site-packages/airflow/example_dags/example_time_delta_sensor_async.py took 0.046 seconds
[2026-05-29T01:39:47.225+0200] {processor.py:157} INFO - Started process (PID=597836) to work on /home/frederic/airflow_venv/lib/python3.10/site-packages/airflow/example_dags/example_time_delta_sensor_async.py
[2026-05-29T01:39:47.227+0200] {processor.py:829} INFO - Processing file /home/frederic/airflow_venv/lib/python3.10/site-packages/airflow/example_dags/example_time_delta_sensor_async.py for tasks to queue
[2026-05-29T01:39:47.228+0200] {logging_mixin.py:151} INFO - [2026-05-29T01:39:47.227+0200] {dagbag.py:539} INFO - Filling up the DagBag from /home/frederic/airflow_venv/lib/python3.10/site-packages/airflow/example_dags/example_time_delta_sensor_async.py
[2026-05-29T01:39:47.234+0200] {processor.py:839} INFO - DAG(s) dict_keys(['example_time_delta_sensor_async']) retrieved from /home/frederic/airflow_venv/lib/python3.10/site-packages/airflow/example_dags/example_time_delta_sensor_async.py
[2026-05-29T01:39:47.256+0200] {logging_mixin.py:151} INFO - [2026-05-29T01:39:47.256+0200] {dag.py:2915} INFO - Sync 1 DAGs
[2026-05-29T01:39:47.275+0200] {logging_mixin.py:151} INFO - [2026-05-29T01:39:47.275+0200] {dag.py:3696} INFO - Setting next_dagrun for example_time_delta_sensor_async to None, run_after=None
[2026-05-29T01:39:47.294+0200] {processor.py:179} INFO - Processing /home/frederic/airflow_venv/lib/python3.10/site-packages/airflow/example_dags/example_time_delta_sensor_async.py took 0.073 seconds
[2026-05-29T01:40:36.496+0200] {processor.py:157} INFO - Started process (PID=599124) to work on /home/frederic/airflow_venv/lib/python3.10/site-packages/airflow/example_dags/example_time_delta_sensor_async.py
[2026-05-29T01:40:36.499+0200] {processor.py:829} INFO - Processing file /home/frederic/airflow_venv/lib/python3.10/site-packages/airflow/example_dags/example_time_delta_sensor_async.py for tasks to queue
[2026-05-29T01:40:36.500+0200] {logging_mixin.py:151} INFO - [2026-05-29T01:40:36.500+0200] {dagbag.py:539} INFO - Filling up the DagBag from /home/frederic/airflow_venv/lib/python3.10/site-packages/airflow/example_dags/example_time_delta_sensor_async.py
[2026-05-29T01:40:36.504+0200] {processor.py:839} INFO - DAG(s) dict_keys(['example_time_delta_sensor_async']) retrieved from /home/frederic/airflow_venv/lib/python3.10/site-packages/airflow/example_dags/example_time_delta_sensor_async.py
[2026-05-29T01:40:36.518+0200] {logging_mixin.py:151} INFO - [2026-05-29T01:40:36.518+0200] {dag.py:2915} INFO - Sync 1 DAGs
[2026-05-29T01:40:36.527+0200] {logging_mixin.py:151} INFO - [2026-05-29T01:40:36.527+0200] {dag.py:3696} INFO - Setting next_dagrun for example_time_delta_sensor_async to None, run_after=None
[2026-05-29T01:40:36.542+0200] {processor.py:179} INFO - Processing /home/frederic/airflow_venv/lib/python3.10/site-packages/airflow/example_dags/example_time_delta_sensor_async.py took 0.049 seconds
[2026-05-29T01:41:20.762+0200] {processor.py:157} INFO - Started process (PID=600048) to work on /home/frederic/airflow_venv/lib/python3.10/site-packages/airflow/example_dags/example_time_delta_sensor_async.py
[2026-05-29T01:41:20.766+0200] {processor.py:829} INFO - Processing file /home/frederic/airflow_venv/lib/python3.10/site-packages/airflow/example_dags/example_time_delta_sensor_async.py for tasks to queue
[2026-05-29T01:41:20.766+0200] {logging_mixin.py:151} INFO - [2026-05-29T01:41:20.766+0200] {dagbag.py:539} INFO - Filling up the DagBag from /home/frederic/airflow_venv/lib/python3.10/site-packages/airflow/example_dags/example_time_delta_sensor_async.py
[2026-05-29T01:41:20.771+0200] {processor.py:839} INFO - DAG(s) dict_keys(['example_time_delta_sensor_async']) retrieved from /home/frederic/airflow_venv/lib/python3.10/site-packages/airflow/example_dags/example_time_delta_sensor_async.py
[2026-05-29T01:41:20.784+0200] {logging_mixin.py:151} INFO - [2026-05-29T01:41:20.784+0200] {dag.py:2915} INFO - Sync 1 DAGs
[2026-05-29T01:41:20.793+0200] {logging_mixin.py:151} INFO - [2026-05-29T01:41:20.793+0200] {dag.py:3696} INFO - Setting next_dagrun for example_time_delta_sensor_async to None, run_after=None
[2026-05-29T01:41:20.808+0200] {processor.py:179} INFO - Processing /home/frederic/airflow_venv/lib/python3.10/site-packages/airflow/example_dags/example_time_delta_sensor_async.py took 0.049 seconds
[2026-05-29T01:42:01.863+0200] {processor.py:157} INFO - Started process (PID=601141) to work on /home/frederic/airflow_venv/lib/python3.10/site-packages/airflow/example_dags/example_time_delta_sensor_async.py
[2026-05-29T01:42:01.866+0200] {processor.py:829} INFO - Processing file /home/frederic/airflow_venv/lib/python3.10/site-packages/airflow/example_dags/example_time_delta_sensor_async.py for tasks to queue
[2026-05-29T01:42:01.867+0200] {logging_mixin.py:151} INFO - [2026-05-29T01:42:01.866+0200] {dagbag.py:539} INFO - Filling up the DagBag from /home/frederic/airflow_venv/lib/python3.10/site-packages/airflow/example_dags/example_time_delta_sensor_async.py
[2026-05-29T01:42:01.871+0200] {processor.py:839} INFO - DAG(s) dict_keys(['example_time_delta_sensor_async']) retrieved from /home/frederic/airflow_venv/lib/python3.10/site-packages/airflow/example_dags/example_time_delta_sensor_async.py
[2026-05-29T01:42:01.884+0200] {logging_mixin.py:151} INFO - [2026-05-29T01:42:01.883+0200] {dag.py:2915} INFO - Sync 1 DAGs
[2026-05-29T01:42:01.894+0200] {logging_mixin.py:151} INFO - [2026-05-29T01:42:01.894+0200] {dag.py:3696} INFO - Setting next_dagrun for example_time_delta_sensor_async to None, run_after=None
[2026-05-29T01:42:01.915+0200] {processor.py:179} INFO - Processing /home/frederic/airflow_venv/lib/python3.10/site-packages/airflow/example_dags/example_time_delta_sensor_async.py took 0.054 seconds
[2026-05-29T01:42:49.282+0200] {processor.py:157} INFO - Started process (PID=602022) to work on /home/frederic/airflow_venv/lib/python3.10/site-packages/airflow/example_dags/example_time_delta_sensor_async.py
[2026-05-29T01:42:49.283+0200] {processor.py:829} INFO - Processing file /home/frederic/airflow_venv/lib/python3.10/site-packages/airflow/example_dags/example_time_delta_sensor_async.py for tasks to queue
[2026-05-29T01:42:49.284+0200] {logging_mixin.py:151} INFO - [2026-05-29T01:42:49.284+0200] {dagbag.py:539} INFO - Filling up the DagBag from /home/frederic/airflow_venv/lib/python3.10/site-packages/airflow/example_dags/example_time_delta_sensor_async.py
[2026-05-29T01:42:49.288+0200] {processor.py:839} INFO - DAG(s) dict_keys(['example_time_delta_sensor_async']) retrieved from /home/frederic/airflow_venv/lib/python3.10/site-packages/airflow/example_dags/example_time_delta_sensor_async.py
[2026-05-29T01:42:49.304+0200] {logging_mixin.py:151} INFO - [2026-05-29T01:42:49.304+0200] {dag.py:2915} INFO - Sync 1 DAGs
[2026-05-29T01:42:49.314+0200] {logging_mixin.py:151} INFO - [2026-05-29T01:42:49.314+0200] {dag.py:3696} INFO - Setting next_dagrun for example_time_delta_sensor_async to None, run_after=None
[2026-05-29T01:42:49.331+0200] {processor.py:179} INFO - Processing /home/frederic/airflow_venv/lib/python3.10/site-packages/airflow/example_dags/example_time_delta_sensor_async.py took 0.051 seconds
[2026-05-29T01:43:35.027+0200] {processor.py:157} INFO - Started process (PID=602832) to work on /home/frederic/airflow_venv/lib/python3.10/site-packages/airflow/example_dags/example_time_delta_sensor_async.py
[2026-05-29T01:43:35.031+0200] {processor.py:829} INFO - Processing file /home/frederic/airflow_venv/lib/python3.10/site-packages/airflow/example_dags/example_time_delta_sensor_async.py for tasks to queue
[2026-05-29T01:43:35.032+0200] {logging_mixin.py:151} INFO - [2026-05-29T01:43:35.032+0200] {dagbag.py:539} INFO - Filling up the DagBag from /home/frederic/airflow_venv/lib/python3.10/site-packages/airflow/example_dags/example_time_delta_sensor_async.py
[2026-05-29T01:43:35.036+0200] {processor.py:839} INFO - DAG(s) dict_keys(['example_time_delta_sensor_async']) retrieved from /home/frederic/airflow_venv/lib/python3.10/site-packages/airflow/example_dags/example_time_delta_sensor_async.py
[2026-05-29T01:43:35.051+0200] {logging_mixin.py:151} INFO - [2026-05-29T01:43:35.051+0200] {dag.py:2915} INFO - Sync 1 DAGs
[2026-05-29T01:43:35.063+0200] {logging_mixin.py:151} INFO - [2026-05-29T01:43:35.063+0200] {dag.py:3696} INFO - Setting next_dagrun for example_time_delta_sensor_async to None, run_after=None
[2026-05-29T01:43:35.081+0200] {processor.py:179} INFO - Processing /home/frederic/airflow_venv/lib/python3.10/site-packages/airflow/example_dags/example_time_delta_sensor_async.py took 0.057 seconds
[2026-05-29T01:44:25.918+0200] {processor.py:157} INFO - Started process (PID=603782) to work on /home/frederic/airflow_venv/lib/python3.10/site-packages/airflow/example_dags/example_time_delta_sensor_async.py
[2026-05-29T01:44:25.919+0200] {processor.py:829} INFO - Processing file /home/frederic/airflow_venv/lib/python3.10/site-packages/airflow/example_dags/example_time_delta_sensor_async.py for tasks to queue
[2026-05-29T01:44:25.919+0200] {logging_mixin.py:151} INFO - [2026-05-29T01:44:25.919+0200] {dagbag.py:539} INFO - Filling up the DagBag from /home/frederic/airflow_venv/lib/python3.10/site-packages/airflow/example_dags/example_time_delta_sensor_async.py
[2026-05-29T01:44:25.922+0200] {processor.py:839} INFO - DAG(s) dict_keys(['example_time_delta_sensor_async']) retrieved from /home/frederic/airflow_venv/lib/python3.10/site-packages/airflow/example_dags/example_time_delta_sensor_async.py
[2026-05-29T01:44:25.935+0200] {logging_mixin.py:151} INFO - [2026-05-29T01:44:25.935+0200] {dag.py:2915} INFO - Sync 1 DAGs
[2026-05-29T01:44:25.944+0200] {logging_mixin.py:151} INFO - [2026-05-29T01:44:25.943+0200] {dag.py:3696} INFO - Setting next_dagrun for example_time_delta_sensor_async to None, run_after=None
[2026-05-29T01:44:25.957+0200] {processor.py:179} INFO - Processing /home/frederic/airflow_venv/lib/python3.10/site-packages/airflow/example_dags/example_time_delta_sensor_async.py took 0.042 seconds
[2026-05-29T01:45:11.611+0200] {processor.py:157} INFO - Started process (PID=605261) to work on /home/frederic/airflow_venv/lib/python3.10/site-packages/airflow/example_dags/example_time_delta_sensor_async.py
[2026-05-29T01:45:11.614+0200] {processor.py:829} INFO - Processing file /home/frederic/airflow_venv/lib/python3.10/site-packages/airflow/example_dags/example_time_delta_sensor_async.py for tasks to queue
[2026-05-29T01:45:11.615+0200] {logging_mixin.py:151} INFO - [2026-05-29T01:45:11.615+0200] {dagbag.py:539} INFO - Filling up the DagBag from /home/frederic/airflow_venv/lib/python3.10/site-packages/airflow/example_dags/example_time_delta_sensor_async.py
[2026-05-29T01:45:11.618+0200] {processor.py:839} INFO - DAG(s) dict_keys(['example_time_delta_sensor_async']) retrieved from /home/frederic/airflow_venv/lib/python3.10/site-packages/airflow/example_dags/example_time_delta_sensor_async.py
[2026-05-29T01:45:11.632+0200] {logging_mixin.py:151} INFO - [2026-05-29T01:45:11.632+0200] {dag.py:2915} INFO - Sync 1 DAGs
[2026-05-29T01:45:11.641+0200] {logging_mixin.py:151} INFO - [2026-05-29T01:45:11.641+0200] {dag.py:3696} INFO - Setting next_dagrun for example_time_delta_sensor_async to None, run_after=None
[2026-05-29T01:45:11.656+0200] {processor.py:179} INFO - Processing /home/frederic/airflow_venv/lib/python3.10/site-packages/airflow/example_dags/example_time_delta_sensor_async.py took 0.047 seconds
[2026-05-29T01:46:04.644+0200] {processor.py:157} INFO - Started process (PID=607655) to work on /home/frederic/airflow_venv/lib/python3.10/site-packages/airflow/example_dags/example_time_delta_sensor_async.py
[2026-05-29T01:46:04.645+0200] {processor.py:829} INFO - Processing file /home/frederic/airflow_venv/lib/python3.10/site-packages/airflow/example_dags/example_time_delta_sensor_async.py for tasks to queue
[2026-05-29T01:46:04.646+0200] {logging_mixin.py:151} INFO - [2026-05-29T01:46:04.645+0200] {dagbag.py:539} INFO - Filling up the DagBag from /home/frederic/airflow_venv/lib/python3.10/site-packages/airflow/example_dags/example_time_delta_sensor_async.py
[2026-05-29T01:46:04.650+0200] {processor.py:839} INFO - DAG(s) dict_keys(['example_time_delta_sensor_async']) retrieved from /home/frederic/airflow_venv/lib/python3.10/site-packages/airflow/example_dags/example_time_delta_sensor_async.py
[2026-05-29T01:46:04.667+0200] {logging_mixin.py:151} INFO - [2026-05-29T01:46:04.667+0200] {dag.py:2915} INFO - Sync 1 DAGs
[2026-05-29T01:46:04.678+0200] {logging_mixin.py:151} INFO - [2026-05-29T01:46:04.678+0200] {dag.py:3696} INFO - Setting next_dagrun for example_time_delta_sensor_async to None, run_after=None
[2026-05-29T01:46:04.702+0200] {processor.py:179} INFO - Processing /home/frederic/airflow_venv/lib/python3.10/site-packages/airflow/example_dags/example_time_delta_sensor_async.py took 0.061 seconds
[2026-05-29T01:46:50.140+0200] {processor.py:157} INFO - Started process (PID=609378) to work on /home/frederic/airflow_venv/lib/python3.10/site-packages/airflow/example_dags/example_time_delta_sensor_async.py
[2026-05-29T01:46:50.143+0200] {processor.py:829} INFO - Processing file /home/frederic/airflow_venv/lib/python3.10/site-packages/airflow/example_dags/example_time_delta_sensor_async.py for tasks to queue
[2026-05-29T01:46:50.144+0200] {logging_mixin.py:151} INFO - [2026-05-29T01:46:50.144+0200] {dagbag.py:539} INFO - Filling up the DagBag from /home/frederic/airflow_venv/lib/python3.10/site-packages/airflow/example_dags/example_time_delta_sensor_async.py
[2026-05-29T01:46:50.148+0200] {processor.py:839} INFO - DAG(s) dict_keys(['example_time_delta_sensor_async']) retrieved from /home/frederic/airflow_venv/lib/python3.10/site-packages/airflow/example_dags/example_time_delta_sensor_async.py
[2026-05-29T01:46:50.161+0200] {logging_mixin.py:151} INFO - [2026-05-29T01:46:50.161+0200] {dag.py:2915} INFO - Sync 1 DAGs
[2026-05-29T01:46:50.171+0200] {logging_mixin.py:151} INFO - [2026-05-29T01:46:50.171+0200] {dag.py:3696} INFO - Setting next_dagrun for example_time_delta_sensor_async to None, run_after=None
[2026-05-29T01:46:50.186+0200] {processor.py:179} INFO - Processing /home/frederic/airflow_venv/lib/python3.10/site-packages/airflow/example_dags/example_time_delta_sensor_async.py took 0.049 seconds
[2026-05-29T01:47:35.170+0200] {processor.py:157} INFO - Started process (PID=610526) to work on /home/frederic/airflow_venv/lib/python3.10/site-packages/airflow/example_dags/example_time_delta_sensor_async.py
[2026-05-29T01:47:35.173+0200] {processor.py:829} INFO - Processing file /home/frederic/airflow_venv/lib/python3.10/site-packages/airflow/example_dags/example_time_delta_sensor_async.py for tasks to queue
[2026-05-29T01:47:35.174+0200] {logging_mixin.py:151} INFO - [2026-05-29T01:47:35.174+0200] {dagbag.py:539} INFO - Filling up the DagBag from /home/frederic/airflow_venv/lib/python3.10/site-packages/airflow/example_dags/example_time_delta_sensor_async.py
[2026-05-29T01:47:35.177+0200] {processor.py:839} INFO - DAG(s) dict_keys(['example_time_delta_sensor_async']) retrieved from /home/frederic/airflow_venv/lib/python3.10/site-packages/airflow/example_dags/example_time_delta_sensor_async.py
[2026-05-29T01:47:35.190+0200] {logging_mixin.py:151} INFO - [2026-05-29T01:47:35.190+0200] {dag.py:2915} INFO - Sync 1 DAGs
[2026-05-29T01:47:35.200+0200] {logging_mixin.py:151} INFO - [2026-05-29T01:47:35.200+0200] {dag.py:3696} INFO - Setting next_dagrun for example_time_delta_sensor_async to None, run_after=None
[2026-05-29T01:47:35.216+0200] {processor.py:179} INFO - Processing /home/frederic/airflow_venv/lib/python3.10/site-packages/airflow/example_dags/example_time_delta_sensor_async.py took 0.048 seconds
[2026-05-29T01:48:18.599+0200] {processor.py:157} INFO - Started process (PID=611895) to work on /home/frederic/airflow_venv/lib/python3.10/site-packages/airflow/example_dags/example_time_delta_sensor_async.py
[2026-05-29T01:48:18.603+0200] {processor.py:829} INFO - Processing file /home/frederic/airflow_venv/lib/python3.10/site-packages/airflow/example_dags/example_time_delta_sensor_async.py for tasks to queue
[2026-05-29T01:48:18.604+0200] {logging_mixin.py:151} INFO - [2026-05-29T01:48:18.603+0200] {dagbag.py:539} INFO - Filling up the DagBag from /home/frederic/airflow_venv/lib/python3.10/site-packages/airflow/example_dags/example_time_delta_sensor_async.py
[2026-05-29T01:48:18.610+0200] {processor.py:839} INFO - DAG(s) dict_keys(['example_time_delta_sensor_async']) retrieved from /home/frederic/airflow_venv/lib/python3.10/site-packages/airflow/example_dags/example_time_delta_sensor_async.py
[2026-05-29T01:48:18.627+0200] {logging_mixin.py:151} INFO - [2026-05-29T01:48:18.627+0200] {dag.py:2915} INFO - Sync 1 DAGs
[2026-05-29T01:48:18.640+0200] {logging_mixin.py:151} INFO - [2026-05-29T01:48:18.640+0200] {dag.py:3696} INFO - Setting next_dagrun for example_time_delta_sensor_async to None, run_after=None
[2026-05-29T01:48:18.660+0200] {processor.py:179} INFO - Processing /home/frederic/airflow_venv/lib/python3.10/site-packages/airflow/example_dags/example_time_delta_sensor_async.py took 0.063 seconds
[2026-05-29T01:49:02.802+0200] {processor.py:157} INFO - Started process (PID=613038) to work on /home/frederic/airflow_venv/lib/python3.10/site-packages/airflow/example_dags/example_time_delta_sensor_async.py
[2026-05-29T01:49:02.805+0200] {processor.py:829} INFO - Processing file /home/frederic/airflow_venv/lib/python3.10/site-packages/airflow/example_dags/example_time_delta_sensor_async.py for tasks to queue
[2026-05-29T01:49:02.806+0200] {logging_mixin.py:151} INFO - [2026-05-29T01:49:02.806+0200] {dagbag.py:539} INFO - Filling up the DagBag from /home/frederic/airflow_venv/lib/python3.10/site-packages/airflow/example_dags/example_time_delta_sensor_async.py
[2026-05-29T01:49:02.810+0200] {processor.py:839} INFO - DAG(s) dict_keys(['example_time_delta_sensor_async']) retrieved from /home/frederic/airflow_venv/lib/python3.10/site-packages/airflow/example_dags/example_time_delta_sensor_async.py
[2026-05-29T01:49:02.823+0200] {logging_mixin.py:151} INFO - [2026-05-29T01:49:02.822+0200] {dag.py:2915} INFO - Sync 1 DAGs
[2026-05-29T01:49:02.832+0200] {logging_mixin.py:151} INFO - [2026-05-29T01:49:02.832+0200] {dag.py:3696} INFO - Setting next_dagrun for example_time_delta_sensor_async to None, run_after=None
[2026-05-29T01:49:02.848+0200] {processor.py:179} INFO - Processing /home/frederic/airflow_venv/lib/python3.10/site-packages/airflow/example_dags/example_time_delta_sensor_async.py took 0.048 seconds
[2026-05-29T01:49:46.625+0200] {processor.py:157} INFO - Started process (PID=614224) to work on /home/frederic/airflow_venv/lib/python3.10/site-packages/airflow/example_dags/example_time_delta_sensor_async.py
[2026-05-29T01:49:46.626+0200] {processor.py:829} INFO - Processing file /home/frederic/airflow_venv/lib/python3.10/site-packages/airflow/example_dags/example_time_delta_sensor_async.py for tasks to queue
[2026-05-29T01:49:46.627+0200] {logging_mixin.py:151} INFO - [2026-05-29T01:49:46.627+0200] {dagbag.py:539} INFO - Filling up the DagBag from /home/frederic/airflow_venv/lib/python3.10/site-packages/airflow/example_dags/example_time_delta_sensor_async.py
[2026-05-29T01:49:46.632+0200] {processor.py:839} INFO - DAG(s) dict_keys(['example_time_delta_sensor_async']) retrieved from /home/frederic/airflow_venv/lib/python3.10/site-packages/airflow/example_dags/example_time_delta_sensor_async.py
[2026-05-29T01:49:46.647+0200] {logging_mixin.py:151} INFO - [2026-05-29T01:49:46.647+0200] {dag.py:2915} INFO - Sync 1 DAGs
[2026-05-29T01:49:46.657+0200] {logging_mixin.py:151} INFO - [2026-05-29T01:49:46.657+0200] {dag.py:3696} INFO - Setting next_dagrun for example_time_delta_sensor_async to None, run_after=None
[2026-05-29T01:49:46.674+0200] {processor.py:179} INFO - Processing /home/frederic/airflow_venv/lib/python3.10/site-packages/airflow/example_dags/example_time_delta_sensor_async.py took 0.051 seconds
[2026-05-29T01:50:27.184+0200] {processor.py:157} INFO - Started process (PID=615232) to work on /home/frederic/airflow_venv/lib/python3.10/site-packages/airflow/example_dags/example_time_delta_sensor_async.py
[2026-05-29T01:50:27.187+0200] {processor.py:829} INFO - Processing file /home/frederic/airflow_venv/lib/python3.10/site-packages/airflow/example_dags/example_time_delta_sensor_async.py for tasks to queue
[2026-05-29T01:50:27.188+0200] {logging_mixin.py:151} INFO - [2026-05-29T01:50:27.188+0200] {dagbag.py:539} INFO - Filling up the DagBag from /home/frederic/airflow_venv/lib/python3.10/site-packages/airflow/example_dags/example_time_delta_sensor_async.py
[2026-05-29T01:50:27.191+0200] {processor.py:839} INFO - DAG(s) dict_keys(['example_time_delta_sensor_async']) retrieved from /home/frederic/airflow_venv/lib/python3.10/site-packages/airflow/example_dags/example_time_delta_sensor_async.py
[2026-05-29T01:50:27.205+0200] {logging_mixin.py:151} INFO - [2026-05-29T01:50:27.205+0200] {dag.py:2915} INFO - Sync 1 DAGs
[2026-05-29T01:50:27.215+0200] {logging_mixin.py:151} INFO - [2026-05-29T01:50:27.215+0200] {dag.py:3696} INFO - Setting next_dagrun for example_time_delta_sensor_async to None, run_after=None
[2026-05-29T01:50:27.233+0200] {processor.py:179} INFO - Processing /home/frederic/airflow_venv/lib/python3.10/site-packages/airflow/example_dags/example_time_delta_sensor_async.py took 0.053 seconds
[2026-05-29T01:51:06.460+0200] {processor.py:157} INFO - Started process (PID=616435) to work on /home/frederic/airflow_venv/lib/python3.10/site-packages/airflow/example_dags/example_time_delta_sensor_async.py
[2026-05-29T01:51:06.461+0200] {processor.py:829} INFO - Processing file /home/frederic/airflow_venv/lib/python3.10/site-packages/airflow/example_dags/example_time_delta_sensor_async.py for tasks to queue
[2026-05-29T01:51:06.462+0200] {logging_mixin.py:151} INFO - [2026-05-29T01:51:06.462+0200] {dagbag.py:539} INFO - Filling up the DagBag from /home/frederic/airflow_venv/lib/python3.10/site-packages/airflow/example_dags/example_time_delta_sensor_async.py
[2026-05-29T01:51:06.466+0200] {processor.py:839} INFO - DAG(s) dict_keys(['example_time_delta_sensor_async']) retrieved from /home/frederic/airflow_venv/lib/python3.10/site-packages/airflow/example_dags/example_time_delta_sensor_async.py
[2026-05-29T01:51:06.478+0200] {logging_mixin.py:151} INFO - [2026-05-29T01:51:06.478+0200] {dag.py:2915} INFO - Sync 1 DAGs
[2026-05-29T01:51:06.488+0200] {logging_mixin.py:151} INFO - [2026-05-29T01:51:06.488+0200] {dag.py:3696} INFO - Setting next_dagrun for example_time_delta_sensor_async to None, run_after=None
[2026-05-29T01:51:06.504+0200] {processor.py:179} INFO - Processing /home/frederic/airflow_venv/lib/python3.10/site-packages/airflow/example_dags/example_time_delta_sensor_async.py took 0.046 seconds
[2026-05-29T01:51:43.017+0200] {processor.py:157} INFO - Started process (PID=617412) to work on /home/frederic/airflow_venv/lib/python3.10/site-packages/airflow/example_dags/example_time_delta_sensor_async.py
[2026-05-29T01:51:43.021+0200] {processor.py:829} INFO - Processing file /home/frederic/airflow_venv/lib/python3.10/site-packages/airflow/example_dags/example_time_delta_sensor_async.py for tasks to queue
[2026-05-29T01:51:43.022+0200] {logging_mixin.py:151} INFO - [2026-05-29T01:51:43.021+0200] {dagbag.py:539} INFO - Filling up the DagBag from /home/frederic/airflow_venv/lib/python3.10/site-packages/airflow/example_dags/example_time_delta_sensor_async.py
[2026-05-29T01:51:43.026+0200] {processor.py:839} INFO - DAG(s) dict_keys(['example_time_delta_sensor_async']) retrieved from /home/frederic/airflow_venv/lib/python3.10/site-packages/airflow/example_dags/example_time_delta_sensor_async.py
[2026-05-29T01:51:43.042+0200] {logging_mixin.py:151} INFO - [2026-05-29T01:51:43.042+0200] {dag.py:2915} INFO - Sync 1 DAGs
[2026-05-29T01:51:43.053+0200] {logging_mixin.py:151} INFO - [2026-05-29T01:51:43.053+0200] {dag.py:3696} INFO - Setting next_dagrun for example_time_delta_sensor_async to None, run_after=None
[2026-05-29T01:51:43.074+0200] {processor.py:179} INFO - Processing /home/frederic/airflow_venv/lib/python3.10/site-packages/airflow/example_dags/example_time_delta_sensor_async.py took 0.060 seconds
[2026-05-29T01:52:33.919+0200] {processor.py:157} INFO - Started process (PID=618667) to work on /home/frederic/airflow_venv/lib/python3.10/site-packages/airflow/example_dags/example_time_delta_sensor_async.py
[2026-05-29T01:52:33.923+0200] {processor.py:829} INFO - Processing file /home/frederic/airflow_venv/lib/python3.10/site-packages/airflow/example_dags/example_time_delta_sensor_async.py for tasks to queue
[2026-05-29T01:52:33.923+0200] {logging_mixin.py:151} INFO - [2026-05-29T01:52:33.923+0200] {dagbag.py:539} INFO - Filling up the DagBag from /home/frederic/airflow_venv/lib/python3.10/site-packages/airflow/example_dags/example_time_delta_sensor_async.py
[2026-05-29T01:52:33.927+0200] {processor.py:839} INFO - DAG(s) dict_keys(['example_time_delta_sensor_async']) retrieved from /home/frederic/airflow_venv/lib/python3.10/site-packages/airflow/example_dags/example_time_delta_sensor_async.py
[2026-05-29T01:52:33.940+0200] {logging_mixin.py:151} INFO - [2026-05-29T01:52:33.939+0200] {dag.py:2915} INFO - Sync 1 DAGs
[2026-05-29T01:52:33.949+0200] {logging_mixin.py:151} INFO - [2026-05-29T01:52:33.949+0200] {dag.py:3696} INFO - Setting next_dagrun for example_time_delta_sensor_async to None, run_after=None
[2026-05-29T01:52:33.963+0200] {processor.py:179} INFO - Processing /home/frederic/airflow_venv/lib/python3.10/site-packages/airflow/example_dags/example_time_delta_sensor_async.py took 0.047 seconds
[2026-05-29T01:53:18.572+0200] {processor.py:157} INFO - Started process (PID=620272) to work on /home/frederic/airflow_venv/lib/python3.10/site-packages/airflow/example_dags/example_time_delta_sensor_async.py
[2026-05-29T01:53:18.573+0200] {processor.py:829} INFO - Processing file /home/frederic/airflow_venv/lib/python3.10/site-packages/airflow/example_dags/example_time_delta_sensor_async.py for tasks to queue
[2026-05-29T01:53:18.574+0200] {logging_mixin.py:151} INFO - [2026-05-29T01:53:18.573+0200] {dagbag.py:539} INFO - Filling up the DagBag from /home/frederic/airflow_venv/lib/python3.10/site-packages/airflow/example_dags/example_time_delta_sensor_async.py
[2026-05-29T01:53:18.578+0200] {processor.py:839} INFO - DAG(s) dict_keys(['example_time_delta_sensor_async']) retrieved from /home/frederic/airflow_venv/lib/python3.10/site-packages/airflow/example_dags/example_time_delta_sensor_async.py
[2026-05-29T01:53:18.592+0200] {logging_mixin.py:151} INFO - [2026-05-29T01:53:18.592+0200] {dag.py:2915} INFO - Sync 1 DAGs
[2026-05-29T01:53:18.603+0200] {logging_mixin.py:151} INFO - [2026-05-29T01:53:18.602+0200] {dag.py:3696} INFO - Setting next_dagrun for example_time_delta_sensor_async to None, run_after=None
[2026-05-29T01:53:18.621+0200] {processor.py:179} INFO - Processing /home/frederic/airflow_venv/lib/python3.10/site-packages/airflow/example_dags/example_time_delta_sensor_async.py took 0.052 seconds
[2026-05-29T01:54:04.669+0200] {processor.py:157} INFO - Started process (PID=621404) to work on /home/frederic/airflow_venv/lib/python3.10/site-packages/airflow/example_dags/example_time_delta_sensor_async.py
[2026-05-29T01:54:04.670+0200] {processor.py:829} INFO - Processing file /home/frederic/airflow_venv/lib/python3.10/site-packages/airflow/example_dags/example_time_delta_sensor_async.py for tasks to queue
[2026-05-29T01:54:04.671+0200] {logging_mixin.py:151} INFO - [2026-05-29T01:54:04.670+0200] {dagbag.py:539} INFO - Filling up the DagBag from /home/frederic/airflow_venv/lib/python3.10/site-packages/airflow/example_dags/example_time_delta_sensor_async.py
[2026-05-29T01:54:04.675+0200] {processor.py:839} INFO - DAG(s) dict_keys(['example_time_delta_sensor_async']) retrieved from /home/frederic/airflow_venv/lib/python3.10/site-packages/airflow/example_dags/example_time_delta_sensor_async.py
[2026-05-29T01:54:04.688+0200] {logging_mixin.py:151} INFO - [2026-05-29T01:54:04.687+0200] {dag.py:2915} INFO - Sync 1 DAGs
[2026-05-29T01:54:04.697+0200] {logging_mixin.py:151} INFO - [2026-05-29T01:54:04.697+0200] {dag.py:3696} INFO - Setting next_dagrun for example_time_delta_sensor_async to None, run_after=None
[2026-05-29T01:54:04.712+0200] {processor.py:179} INFO - Processing /home/frederic/airflow_venv/lib/python3.10/site-packages/airflow/example_dags/example_time_delta_sensor_async.py took 0.046 seconds
[2026-05-29T01:54:49.812+0200] {processor.py:157} INFO - Started process (PID=623179) to work on /home/frederic/airflow_venv/lib/python3.10/site-packages/airflow/example_dags/example_time_delta_sensor_async.py
[2026-05-29T01:54:49.813+0200] {processor.py:829} INFO - Processing file /home/frederic/airflow_venv/lib/python3.10/site-packages/airflow/example_dags/example_time_delta_sensor_async.py for tasks to queue
[2026-05-29T01:54:49.814+0200] {logging_mixin.py:151} INFO - [2026-05-29T01:54:49.813+0200] {dagbag.py:539} INFO - Filling up the DagBag from /home/frederic/airflow_venv/lib/python3.10/site-packages/airflow/example_dags/example_time_delta_sensor_async.py
[2026-05-29T01:54:49.818+0200] {processor.py:839} INFO - DAG(s) dict_keys(['example_time_delta_sensor_async']) retrieved from /home/frederic/airflow_venv/lib/python3.10/site-packages/airflow/example_dags/example_time_delta_sensor_async.py
[2026-05-29T01:54:49.830+0200] {logging_mixin.py:151} INFO - [2026-05-29T01:54:49.830+0200] {dag.py:2915} INFO - Sync 1 DAGs
[2026-05-29T01:54:49.840+0200] {logging_mixin.py:151} INFO - [2026-05-29T01:54:49.840+0200] {dag.py:3696} INFO - Setting next_dagrun for example_time_delta_sensor_async to None, run_after=None
[2026-05-29T01:54:49.855+0200] {processor.py:179} INFO - Processing /home/frederic/airflow_venv/lib/python3.10/site-packages/airflow/example_dags/example_time_delta_sensor_async.py took 0.046 seconds
[2026-05-29T01:55:32.379+0200] {processor.py:157} INFO - Started process (PID=624471) to work on /home/frederic/airflow_venv/lib/python3.10/site-packages/airflow/example_dags/example_time_delta_sensor_async.py
[2026-05-29T01:55:32.382+0200] {processor.py:829} INFO - Processing file /home/frederic/airflow_venv/lib/python3.10/site-packages/airflow/example_dags/example_time_delta_sensor_async.py for tasks to queue
[2026-05-29T01:55:32.383+0200] {logging_mixin.py:151} INFO - [2026-05-29T01:55:32.383+0200] {dagbag.py:539} INFO - Filling up the DagBag from /home/frederic/airflow_venv/lib/python3.10/site-packages/airflow/example_dags/example_time_delta_sensor_async.py
[2026-05-29T01:55:32.388+0200] {processor.py:839} INFO - DAG(s) dict_keys(['example_time_delta_sensor_async']) retrieved from /home/frederic/airflow_venv/lib/python3.10/site-packages/airflow/example_dags/example_time_delta_sensor_async.py
[2026-05-29T01:55:32.394+0200] {logging_mixin.py:151} INFO - [2026-05-29T01:55:32.394+0200] {dag.py:2915} INFO - Sync 1 DAGs
[2026-05-29T01:55:32.404+0200] {logging_mixin.py:151} INFO - [2026-05-29T01:55:32.404+0200] {dag.py:3696} INFO - Setting next_dagrun for example_time_delta_sensor_async to None, run_after=None
[2026-05-29T01:55:32.422+0200] {processor.py:179} INFO - Processing /home/frederic/airflow_venv/lib/python3.10/site-packages/airflow/example_dags/example_time_delta_sensor_async.py took 0.045 seconds
[2026-05-29T01:55:37.707+0200] {processor.py:157} INFO - Started process (PID=624659) to work on /home/frederic/airflow_venv/lib/python3.10/site-packages/airflow/example_dags/example_time_delta_sensor_async.py
[2026-05-29T01:55:37.707+0200] {processor.py:829} INFO - Processing file /home/frederic/airflow_venv/lib/python3.10/site-packages/airflow/example_dags/example_time_delta_sensor_async.py for tasks to queue
[2026-05-29T01:55:37.708+0200] {logging_mixin.py:151} INFO - [2026-05-29T01:55:37.708+0200] {dagbag.py:539} INFO - Filling up the DagBag from /home/frederic/airflow_venv/lib/python3.10/site-packages/airflow/example_dags/example_time_delta_sensor_async.py
[2026-05-29T01:55:37.712+0200] {processor.py:839} INFO - DAG(s) dict_keys(['example_time_delta_sensor_async']) retrieved from /home/frederic/airflow_venv/lib/python3.10/site-packages/airflow/example_dags/example_time_delta_sensor_async.py
[2026-05-29T01:55:37.719+0200] {logging_mixin.py:151} INFO - [2026-05-29T01:55:37.719+0200] {dag.py:2915} INFO - Sync 1 DAGs
[2026-05-29T01:55:37.731+0200] {logging_mixin.py:151} INFO - [2026-05-29T01:55:37.731+0200] {dag.py:3696} INFO - Setting next_dagrun for example_time_delta_sensor_async to None, run_after=None
[2026-05-29T01:55:37.748+0200] {processor.py:179} INFO - Processing /home/frederic/airflow_venv/lib/python3.10/site-packages/airflow/example_dags/example_time_delta_sensor_async.py took 0.044 seconds
[2026-05-29T01:56:18.406+0200] {processor.py:157} INFO - Started process (PID=625956) to work on /home/frederic/airflow_venv/lib/python3.10/site-packages/airflow/example_dags/example_time_delta_sensor_async.py
[2026-05-29T01:56:18.407+0200] {processor.py:829} INFO - Processing file /home/frederic/airflow_venv/lib/python3.10/site-packages/airflow/example_dags/example_time_delta_sensor_async.py for tasks to queue
[2026-05-29T01:56:18.408+0200] {logging_mixin.py:151} INFO - [2026-05-29T01:56:18.408+0200] {dagbag.py:539} INFO - Filling up the DagBag from /home/frederic/airflow_venv/lib/python3.10/site-packages/airflow/example_dags/example_time_delta_sensor_async.py
[2026-05-29T01:56:18.412+0200] {processor.py:839} INFO - DAG(s) dict_keys(['example_time_delta_sensor_async']) retrieved from /home/frederic/airflow_venv/lib/python3.10/site-packages/airflow/example_dags/example_time_delta_sensor_async.py
[2026-05-29T01:56:18.424+0200] {logging_mixin.py:151} INFO - [2026-05-29T01:56:18.424+0200] {dag.py:2915} INFO - Sync 1 DAGs
[2026-05-29T01:56:18.434+0200] {logging_mixin.py:151} INFO - [2026-05-29T01:56:18.434+0200] {dag.py:3696} INFO - Setting next_dagrun for example_time_delta_sensor_async to None, run_after=None
[2026-05-29T01:56:18.449+0200] {processor.py:179} INFO - Processing /home/frederic/airflow_venv/lib/python3.10/site-packages/airflow/example_dags/example_time_delta_sensor_async.py took 0.046 seconds
[2026-05-29T01:56:22.810+0200] {processor.py:157} INFO - Started process (PID=626133) to work on /home/frederic/airflow_venv/lib/python3.10/site-packages/airflow/example_dags/example_time_delta_sensor_async.py
[2026-05-29T01:56:22.810+0200] {processor.py:829} INFO - Processing file /home/frederic/airflow_venv/lib/python3.10/site-packages/airflow/example_dags/example_time_delta_sensor_async.py for tasks to queue
[2026-05-29T01:56:22.811+0200] {logging_mixin.py:151} INFO - [2026-05-29T01:56:22.811+0200] {dagbag.py:539} INFO - Filling up the DagBag from /home/frederic/airflow_venv/lib/python3.10/site-packages/airflow/example_dags/example_time_delta_sensor_async.py
[2026-05-29T01:56:22.815+0200] {processor.py:839} INFO - DAG(s) dict_keys(['example_time_delta_sensor_async']) retrieved from /home/frederic/airflow_venv/lib/python3.10/site-packages/airflow/example_dags/example_time_delta_sensor_async.py
[2026-05-29T01:56:22.827+0200] {logging_mixin.py:151} INFO - [2026-05-29T01:56:22.827+0200] {dag.py:2915} INFO - Sync 1 DAGs
[2026-05-29T01:56:22.837+0200] {logging_mixin.py:151} INFO - [2026-05-29T01:56:22.837+0200] {dag.py:3696} INFO - Setting next_dagrun for example_time_delta_sensor_async to None, run_after=None
[2026-05-29T01:56:22.853+0200] {processor.py:179} INFO - Processing /home/frederic/airflow_venv/lib/python3.10/site-packages/airflow/example_dags/example_time_delta_sensor_async.py took 0.046 seconds
[2026-05-29T01:57:02.651+0200] {processor.py:157} INFO - Started process (PID=627353) to work on /home/frederic/airflow_venv/lib/python3.10/site-packages/airflow/example_dags/example_time_delta_sensor_async.py
[2026-05-29T01:57:02.652+0200] {processor.py:829} INFO - Processing file /home/frederic/airflow_venv/lib/python3.10/site-packages/airflow/example_dags/example_time_delta_sensor_async.py for tasks to queue
[2026-05-29T01:57:02.653+0200] {logging_mixin.py:151} INFO - [2026-05-29T01:57:02.653+0200] {dagbag.py:539} INFO - Filling up the DagBag from /home/frederic/airflow_venv/lib/python3.10/site-packages/airflow/example_dags/example_time_delta_sensor_async.py
[2026-05-29T01:57:02.657+0200] {processor.py:839} INFO - DAG(s) dict_keys(['example_time_delta_sensor_async']) retrieved from /home/frederic/airflow_venv/lib/python3.10/site-packages/airflow/example_dags/example_time_delta_sensor_async.py
[2026-05-29T01:57:02.671+0200] {logging_mixin.py:151} INFO - [2026-05-29T01:57:02.671+0200] {dag.py:2915} INFO - Sync 1 DAGs
[2026-05-29T01:57:02.681+0200] {logging_mixin.py:151} INFO - [2026-05-29T01:57:02.681+0200] {dag.py:3696} INFO - Setting next_dagrun for example_time_delta_sensor_async to None, run_after=None
[2026-05-29T01:57:02.696+0200] {processor.py:179} INFO - Processing /home/frederic/airflow_venv/lib/python3.10/site-packages/airflow/example_dags/example_time_delta_sensor_async.py took 0.047 seconds
[2026-05-29T01:57:06.768+0200] {processor.py:157} INFO - Started process (PID=627445) to work on /home/frederic/airflow_venv/lib/python3.10/site-packages/airflow/example_dags/example_time_delta_sensor_async.py
[2026-05-29T01:57:06.768+0200] {processor.py:829} INFO - Processing file /home/frederic/airflow_venv/lib/python3.10/site-packages/airflow/example_dags/example_time_delta_sensor_async.py for tasks to queue
[2026-05-29T01:57:06.769+0200] {logging_mixin.py:151} INFO - [2026-05-29T01:57:06.769+0200] {dagbag.py:539} INFO - Filling up the DagBag from /home/frederic/airflow_venv/lib/python3.10/site-packages/airflow/example_dags/example_time_delta_sensor_async.py
[2026-05-29T01:57:06.773+0200] {processor.py:839} INFO - DAG(s) dict_keys(['example_time_delta_sensor_async']) retrieved from /home/frederic/airflow_venv/lib/python3.10/site-packages/airflow/example_dags/example_time_delta_sensor_async.py
[2026-05-29T01:57:06.787+0200] {logging_mixin.py:151} INFO - [2026-05-29T01:57:06.787+0200] {dag.py:2915} INFO - Sync 1 DAGs
[2026-05-29T01:57:06.798+0200] {logging_mixin.py:151} INFO - [2026-05-29T01:57:06.797+0200] {dag.py:3696} INFO - Setting next_dagrun for example_time_delta_sensor_async to None, run_after=None
[2026-05-29T01:57:06.813+0200] {processor.py:179} INFO - Processing /home/frederic/airflow_venv/lib/python3.10/site-packages/airflow/example_dags/example_time_delta_sensor_async.py took 0.047 seconds
[2026-05-29T01:57:49.217+0200] {processor.py:157} INFO - Started process (PID=629119) to work on /home/frederic/airflow_venv/lib/python3.10/site-packages/airflow/example_dags/example_time_delta_sensor_async.py
[2026-05-29T01:57:49.218+0200] {processor.py:829} INFO - Processing file /home/frederic/airflow_venv/lib/python3.10/site-packages/airflow/example_dags/example_time_delta_sensor_async.py for tasks to queue
[2026-05-29T01:57:49.220+0200] {logging_mixin.py:151} INFO - [2026-05-29T01:57:49.219+0200] {dagbag.py:539} INFO - Filling up the DagBag from /home/frederic/airflow_venv/lib/python3.10/site-packages/airflow/example_dags/example_time_delta_sensor_async.py
[2026-05-29T01:57:49.225+0200] {processor.py:839} INFO - DAG(s) dict_keys(['example_time_delta_sensor_async']) retrieved from /home/frederic/airflow_venv/lib/python3.10/site-packages/airflow/example_dags/example_time_delta_sensor_async.py
[2026-05-29T01:57:49.243+0200] {logging_mixin.py:151} INFO - [2026-05-29T01:57:49.243+0200] {dag.py:2915} INFO - Sync 1 DAGs
[2026-05-29T01:57:49.259+0200] {logging_mixin.py:151} INFO - [2026-05-29T01:57:49.259+0200] {dag.py:3696} INFO - Setting next_dagrun for example_time_delta_sensor_async to None, run_after=None
[2026-05-29T01:57:49.280+0200] {processor.py:179} INFO - Processing /home/frederic/airflow_venv/lib/python3.10/site-packages/airflow/example_dags/example_time_delta_sensor_async.py took 0.066 seconds
[2026-05-29T01:57:52.333+0200] {processor.py:157} INFO - Started process (PID=629184) to work on /home/frederic/airflow_venv/lib/python3.10/site-packages/airflow/example_dags/example_time_delta_sensor_async.py
[2026-05-29T01:57:52.334+0200] {processor.py:829} INFO - Processing file /home/frederic/airflow_venv/lib/python3.10/site-packages/airflow/example_dags/example_time_delta_sensor_async.py for tasks to queue
[2026-05-29T01:57:52.335+0200] {logging_mixin.py:151} INFO - [2026-05-29T01:57:52.334+0200] {dagbag.py:539} INFO - Filling up the DagBag from /home/frederic/airflow_venv/lib/python3.10/site-packages/airflow/example_dags/example_time_delta_sensor_async.py
[2026-05-29T01:57:52.338+0200] {processor.py:839} INFO - DAG(s) dict_keys(['example_time_delta_sensor_async']) retrieved from /home/frederic/airflow_venv/lib/python3.10/site-packages/airflow/example_dags/example_time_delta_sensor_async.py
[2026-05-29T01:57:52.353+0200] {logging_mixin.py:151} INFO - [2026-05-29T01:57:52.353+0200] {dag.py:2915} INFO - Sync 1 DAGs
[2026-05-29T01:57:52.365+0200] {logging_mixin.py:151} INFO - [2026-05-29T01:57:52.364+0200] {dag.py:3696} INFO - Setting next_dagrun for example_time_delta_sensor_async to None, run_after=None
[2026-05-29T01:57:52.382+0200] {processor.py:179} INFO - Processing /home/frederic/airflow_venv/lib/python3.10/site-packages/airflow/example_dags/example_time_delta_sensor_async.py took 0.052 seconds
[2026-05-29T01:58:39.516+0200] {processor.py:157} INFO - Started process (PID=630885) to work on /home/frederic/airflow_venv/lib/python3.10/site-packages/airflow/example_dags/example_time_delta_sensor_async.py
[2026-05-29T01:58:39.517+0200] {processor.py:829} INFO - Processing file /home/frederic/airflow_venv/lib/python3.10/site-packages/airflow/example_dags/example_time_delta_sensor_async.py for tasks to queue
[2026-05-29T01:58:39.518+0200] {logging_mixin.py:151} INFO - [2026-05-29T01:58:39.518+0200] {dagbag.py:539} INFO - Filling up the DagBag from /home/frederic/airflow_venv/lib/python3.10/site-packages/airflow/example_dags/example_time_delta_sensor_async.py
[2026-05-29T01:58:39.522+0200] {processor.py:839} INFO - DAG(s) dict_keys(['example_time_delta_sensor_async']) retrieved from /home/frederic/airflow_venv/lib/python3.10/site-packages/airflow/example_dags/example_time_delta_sensor_async.py
[2026-05-29T01:58:39.537+0200] {logging_mixin.py:151} INFO - [2026-05-29T01:58:39.537+0200] {dag.py:2915} INFO - Sync 1 DAGs
[2026-05-29T01:58:39.548+0200] {logging_mixin.py:151} INFO - [2026-05-29T01:58:39.547+0200] {dag.py:3696} INFO - Setting next_dagrun for example_time_delta_sensor_async to None, run_after=None
[2026-05-29T01:58:39.564+0200] {processor.py:179} INFO - Processing /home/frederic/airflow_venv/lib/python3.10/site-packages/airflow/example_dags/example_time_delta_sensor_async.py took 0.051 seconds
[2026-05-29T01:58:45.893+0200] {processor.py:157} INFO - Started process (PID=631063) to work on /home/frederic/airflow_venv/lib/python3.10/site-packages/airflow/example_dags/example_time_delta_sensor_async.py
[2026-05-29T01:58:45.894+0200] {processor.py:829} INFO - Processing file /home/frederic/airflow_venv/lib/python3.10/site-packages/airflow/example_dags/example_time_delta_sensor_async.py for tasks to queue
[2026-05-29T01:58:45.895+0200] {logging_mixin.py:151} INFO - [2026-05-29T01:58:45.894+0200] {dagbag.py:539} INFO - Filling up the DagBag from /home/frederic/airflow_venv/lib/python3.10/site-packages/airflow/example_dags/example_time_delta_sensor_async.py
[2026-05-29T01:58:45.898+0200] {processor.py:839} INFO - DAG(s) dict_keys(['example_time_delta_sensor_async']) retrieved from /home/frederic/airflow_venv/lib/python3.10/site-packages/airflow/example_dags/example_time_delta_sensor_async.py
[2026-05-29T01:58:45.912+0200] {logging_mixin.py:151} INFO - [2026-05-29T01:58:45.912+0200] {dag.py:2915} INFO - Sync 1 DAGs
[2026-05-29T01:58:45.921+0200] {logging_mixin.py:151} INFO - [2026-05-29T01:58:45.921+0200] {dag.py:3696} INFO - Setting next_dagrun for example_time_delta_sensor_async to None, run_after=None
[2026-05-29T01:58:45.937+0200] {processor.py:179} INFO - Processing /home/frederic/airflow_venv/lib/python3.10/site-packages/airflow/example_dags/example_time_delta_sensor_async.py took 0.047 seconds
[2026-05-29T01:59:22.686+0200] {processor.py:157} INFO - Started process (PID=632166) to work on /home/frederic/airflow_venv/lib/python3.10/site-packages/airflow/example_dags/example_time_delta_sensor_async.py
[2026-05-29T01:59:22.687+0200] {processor.py:829} INFO - Processing file /home/frederic/airflow_venv/lib/python3.10/site-packages/airflow/example_dags/example_time_delta_sensor_async.py for tasks to queue
[2026-05-29T01:59:22.688+0200] {logging_mixin.py:151} INFO - [2026-05-29T01:59:22.688+0200] {dagbag.py:539} INFO - Filling up the DagBag from /home/frederic/airflow_venv/lib/python3.10/site-packages/airflow/example_dags/example_time_delta_sensor_async.py
[2026-05-29T01:59:22.692+0200] {processor.py:839} INFO - DAG(s) dict_keys(['example_time_delta_sensor_async']) retrieved from /home/frederic/airflow_venv/lib/python3.10/site-packages/airflow/example_dags/example_time_delta_sensor_async.py
[2026-05-29T01:59:22.704+0200] {logging_mixin.py:151} INFO - [2026-05-29T01:59:22.704+0200] {dag.py:2915} INFO - Sync 1 DAGs
[2026-05-29T01:59:22.714+0200] {logging_mixin.py:151} INFO - [2026-05-29T01:59:22.714+0200] {dag.py:3696} INFO - Setting next_dagrun for example_time_delta_sensor_async to None, run_after=None
[2026-05-29T01:59:22.732+0200] {processor.py:179} INFO - Processing /home/frederic/airflow_venv/lib/python3.10/site-packages/airflow/example_dags/example_time_delta_sensor_async.py took 0.048 seconds
[2026-05-29T01:59:27.748+0200] {processor.py:157} INFO - Started process (PID=632260) to work on /home/frederic/airflow_venv/lib/python3.10/site-packages/airflow/example_dags/example_time_delta_sensor_async.py
[2026-05-29T01:59:27.749+0200] {processor.py:829} INFO - Processing file /home/frederic/airflow_venv/lib/python3.10/site-packages/airflow/example_dags/example_time_delta_sensor_async.py for tasks to queue
[2026-05-29T01:59:27.749+0200] {logging_mixin.py:151} INFO - [2026-05-29T01:59:27.749+0200] {dagbag.py:539} INFO - Filling up the DagBag from /home/frederic/airflow_venv/lib/python3.10/site-packages/airflow/example_dags/example_time_delta_sensor_async.py
[2026-05-29T01:59:27.754+0200] {processor.py:839} INFO - DAG(s) dict_keys(['example_time_delta_sensor_async']) retrieved from /home/frederic/airflow_venv/lib/python3.10/site-packages/airflow/example_dags/example_time_delta_sensor_async.py
[2026-05-29T01:59:27.767+0200] {logging_mixin.py:151} INFO - [2026-05-29T01:59:27.767+0200] {dag.py:2915} INFO - Sync 1 DAGs
[2026-05-29T01:59:27.777+0200] {logging_mixin.py:151} INFO - [2026-05-29T01:59:27.776+0200] {dag.py:3696} INFO - Setting next_dagrun for example_time_delta_sensor_async to None, run_after=None
[2026-05-29T01:59:27.791+0200] {processor.py:179} INFO - Processing /home/frederic/airflow_venv/lib/python3.10/site-packages/airflow/example_dags/example_time_delta_sensor_async.py took 0.046 seconds
