[2026-05-29T01:37:18.555+0200] {processor.py:157} INFO - Started process (PID=594703) to work on /home/frederic/airflow_venv/lib/python3.10/site-packages/airflow/example_dags/example_branch_labels.py
[2026-05-29T01:37:18.556+0200] {processor.py:829} INFO - Processing file /home/frederic/airflow_venv/lib/python3.10/site-packages/airflow/example_dags/example_branch_labels.py for tasks to queue
[2026-05-29T01:37:18.557+0200] {logging_mixin.py:151} INFO - [2026-05-29T01:37:18.557+0200] {dagbag.py:539} INFO - Filling up the DagBag from /home/frederic/airflow_venv/lib/python3.10/site-packages/airflow/example_dags/example_branch_labels.py
[2026-05-29T01:37:18.565+0200] {processor.py:839} INFO - DAG(s) dict_keys(['example_branch_labels']) retrieved from /home/frederic/airflow_venv/lib/python3.10/site-packages/airflow/example_dags/example_branch_labels.py
[2026-05-29T01:37:18.655+0200] {logging_mixin.py:151} INFO - [2026-05-29T01:37:18.655+0200] {manager.py:499} INFO - Created Permission View: %s
[2026-05-29T01:37:18.663+0200] {logging_mixin.py:151} INFO - [2026-05-29T01:37:18.663+0200] {manager.py:499} INFO - Created Permission View: %s
[2026-05-29T01:37:18.669+0200] {logging_mixin.py:151} INFO - [2026-05-29T01:37:18.668+0200] {manager.py:499} INFO - Created Permission View: %s
[2026-05-29T01:37:18.669+0200] {logging_mixin.py:151} INFO - [2026-05-29T01:37:18.669+0200] {security.py:708} INFO - Not syncing DAG-level permissions for DAG 'DAG:example_branch_labels' as access control is unset.
[2026-05-29T01:37:18.669+0200] {logging_mixin.py:151} INFO - [2026-05-29T01:37:18.669+0200] {dag.py:2915} INFO - Sync 1 DAGs
[2026-05-29T01:37:18.678+0200] {logging_mixin.py:151} INFO - [2026-05-29T01:37:18.678+0200] {dag.py:2937} INFO - Creating ORM DAG for example_branch_labels
[2026-05-29T01:37:18.687+0200] {logging_mixin.py:151} INFO - [2026-05-29T01:37:18.687+0200] {dag.py:3696} INFO - Setting next_dagrun for example_branch_labels to 2026-05-27T00:00:00+00:00, run_after=2026-05-28T00:00:00+00:00
[2026-05-29T01:37:18.700+0200] {processor.py:179} INFO - Processing /home/frederic/airflow_venv/lib/python3.10/site-packages/airflow/example_dags/example_branch_labels.py took 0.147 seconds
[2026-05-29T01:38:02.658+0200] {processor.py:157} INFO - Started process (PID=595418) to work on /home/frederic/airflow_venv/lib/python3.10/site-packages/airflow/example_dags/example_branch_labels.py
[2026-05-29T01:38:02.659+0200] {processor.py:829} INFO - Processing file /home/frederic/airflow_venv/lib/python3.10/site-packages/airflow/example_dags/example_branch_labels.py for tasks to queue
[2026-05-29T01:38:02.659+0200] {logging_mixin.py:151} INFO - [2026-05-29T01:38:02.659+0200] {dagbag.py:539} INFO - Filling up the DagBag from /home/frederic/airflow_venv/lib/python3.10/site-packages/airflow/example_dags/example_branch_labels.py
[2026-05-29T01:38:02.667+0200] {processor.py:839} INFO - DAG(s) dict_keys(['example_branch_labels']) retrieved from /home/frederic/airflow_venv/lib/python3.10/site-packages/airflow/example_dags/example_branch_labels.py
[2026-05-29T01:38:02.682+0200] {logging_mixin.py:151} INFO - [2026-05-29T01:38:02.682+0200] {dag.py:2915} INFO - Sync 1 DAGs
[2026-05-29T01:38:02.700+0200] {logging_mixin.py:151} INFO - [2026-05-29T01:38:02.700+0200] {dag.py:3696} INFO - Setting next_dagrun for example_branch_labels to 2026-05-27T00:00:00+00:00, run_after=2026-05-28T00:00:00+00:00
[2026-05-29T01:38:02.717+0200] {processor.py:179} INFO - Processing /home/frederic/airflow_venv/lib/python3.10/site-packages/airflow/example_dags/example_branch_labels.py took 0.061 seconds
[2026-05-29T01:38:48.450+0200] {processor.py:157} INFO - Started process (PID=596532) to work on /home/frederic/airflow_venv/lib/python3.10/site-packages/airflow/example_dags/example_branch_labels.py
[2026-05-29T01:38:48.453+0200] {processor.py:829} INFO - Processing file /home/frederic/airflow_venv/lib/python3.10/site-packages/airflow/example_dags/example_branch_labels.py for tasks to queue
[2026-05-29T01:38:48.454+0200] {logging_mixin.py:151} INFO - [2026-05-29T01:38:48.454+0200] {dagbag.py:539} INFO - Filling up the DagBag from /home/frederic/airflow_venv/lib/python3.10/site-packages/airflow/example_dags/example_branch_labels.py
[2026-05-29T01:38:48.460+0200] {processor.py:839} INFO - DAG(s) dict_keys(['example_branch_labels']) retrieved from /home/frederic/airflow_venv/lib/python3.10/site-packages/airflow/example_dags/example_branch_labels.py
[2026-05-29T01:38:48.474+0200] {logging_mixin.py:151} INFO - [2026-05-29T01:38:48.474+0200] {dag.py:2915} INFO - Sync 1 DAGs
[2026-05-29T01:38:48.494+0200] {logging_mixin.py:151} INFO - [2026-05-29T01:38:48.494+0200] {dag.py:3696} INFO - Setting next_dagrun for example_branch_labels to 2026-05-27T00:00:00+00:00, run_after=2026-05-28T00:00:00+00:00
[2026-05-29T01:38:48.509+0200] {processor.py:179} INFO - Processing /home/frederic/airflow_venv/lib/python3.10/site-packages/airflow/example_dags/example_branch_labels.py took 0.061 seconds
[2026-05-29T01:39:35.522+0200] {processor.py:157} INFO - Started process (PID=597585) to work on /home/frederic/airflow_venv/lib/python3.10/site-packages/airflow/example_dags/example_branch_labels.py
[2026-05-29T01:39:35.523+0200] {processor.py:829} INFO - Processing file /home/frederic/airflow_venv/lib/python3.10/site-packages/airflow/example_dags/example_branch_labels.py for tasks to queue
[2026-05-29T01:39:35.524+0200] {logging_mixin.py:151} INFO - [2026-05-29T01:39:35.524+0200] {dagbag.py:539} INFO - Filling up the DagBag from /home/frederic/airflow_venv/lib/python3.10/site-packages/airflow/example_dags/example_branch_labels.py
[2026-05-29T01:39:35.537+0200] {processor.py:839} INFO - DAG(s) dict_keys(['example_branch_labels']) retrieved from /home/frederic/airflow_venv/lib/python3.10/site-packages/airflow/example_dags/example_branch_labels.py
[2026-05-29T01:39:35.565+0200] {logging_mixin.py:151} INFO - [2026-05-29T01:39:35.564+0200] {dag.py:2915} INFO - Sync 1 DAGs
[2026-05-29T01:39:35.608+0200] {logging_mixin.py:151} INFO - [2026-05-29T01:39:35.608+0200] {dag.py:3696} INFO - Setting next_dagrun for example_branch_labels to 2026-05-27T00:00:00+00:00, run_after=2026-05-28T00:00:00+00:00
[2026-05-29T01:39:35.656+0200] {processor.py:179} INFO - Processing /home/frederic/airflow_venv/lib/python3.10/site-packages/airflow/example_dags/example_branch_labels.py took 0.137 seconds
[2026-05-29T01:40:24.305+0200] {processor.py:157} INFO - Started process (PID=598847) to work on /home/frederic/airflow_venv/lib/python3.10/site-packages/airflow/example_dags/example_branch_labels.py
[2026-05-29T01:40:24.308+0200] {processor.py:829} INFO - Processing file /home/frederic/airflow_venv/lib/python3.10/site-packages/airflow/example_dags/example_branch_labels.py for tasks to queue
[2026-05-29T01:40:24.309+0200] {logging_mixin.py:151} INFO - [2026-05-29T01:40:24.309+0200] {dagbag.py:539} INFO - Filling up the DagBag from /home/frederic/airflow_venv/lib/python3.10/site-packages/airflow/example_dags/example_branch_labels.py
[2026-05-29T01:40:24.316+0200] {processor.py:839} INFO - DAG(s) dict_keys(['example_branch_labels']) retrieved from /home/frederic/airflow_venv/lib/python3.10/site-packages/airflow/example_dags/example_branch_labels.py
[2026-05-29T01:40:24.329+0200] {logging_mixin.py:151} INFO - [2026-05-29T01:40:24.329+0200] {dag.py:2915} INFO - Sync 1 DAGs
[2026-05-29T01:40:24.345+0200] {logging_mixin.py:151} INFO - [2026-05-29T01:40:24.345+0200] {dag.py:3696} INFO - Setting next_dagrun for example_branch_labels to 2026-05-27T00:00:00+00:00, run_after=2026-05-28T00:00:00+00:00
[2026-05-29T01:40:24.361+0200] {processor.py:179} INFO - Processing /home/frederic/airflow_venv/lib/python3.10/site-packages/airflow/example_dags/example_branch_labels.py took 0.058 seconds
[2026-05-29T01:41:10.714+0200] {processor.py:157} INFO - Started process (PID=599765) to work on /home/frederic/airflow_venv/lib/python3.10/site-packages/airflow/example_dags/example_branch_labels.py
[2026-05-29T01:41:10.718+0200] {processor.py:829} INFO - Processing file /home/frederic/airflow_venv/lib/python3.10/site-packages/airflow/example_dags/example_branch_labels.py for tasks to queue
[2026-05-29T01:41:10.718+0200] {logging_mixin.py:151} INFO - [2026-05-29T01:41:10.718+0200] {dagbag.py:539} INFO - Filling up the DagBag from /home/frederic/airflow_venv/lib/python3.10/site-packages/airflow/example_dags/example_branch_labels.py
[2026-05-29T01:41:10.724+0200] {processor.py:839} INFO - DAG(s) dict_keys(['example_branch_labels']) retrieved from /home/frederic/airflow_venv/lib/python3.10/site-packages/airflow/example_dags/example_branch_labels.py
[2026-05-29T01:41:10.738+0200] {logging_mixin.py:151} INFO - [2026-05-29T01:41:10.738+0200] {dag.py:2915} INFO - Sync 1 DAGs
[2026-05-29T01:41:10.754+0200] {logging_mixin.py:151} INFO - [2026-05-29T01:41:10.754+0200] {dag.py:3696} INFO - Setting next_dagrun for example_branch_labels to 2026-05-27T00:00:00+00:00, run_after=2026-05-28T00:00:00+00:00
[2026-05-29T01:41:10.768+0200] {processor.py:179} INFO - Processing /home/frederic/airflow_venv/lib/python3.10/site-packages/airflow/example_dags/example_branch_labels.py took 0.056 seconds
[2026-05-29T01:41:54.444+0200] {processor.py:157} INFO - Started process (PID=601033) to work on /home/frederic/airflow_venv/lib/python3.10/site-packages/airflow/example_dags/example_branch_labels.py
[2026-05-29T01:41:54.447+0200] {processor.py:829} INFO - Processing file /home/frederic/airflow_venv/lib/python3.10/site-packages/airflow/example_dags/example_branch_labels.py for tasks to queue
[2026-05-29T01:41:54.448+0200] {logging_mixin.py:151} INFO - [2026-05-29T01:41:54.448+0200] {dagbag.py:539} INFO - Filling up the DagBag from /home/frederic/airflow_venv/lib/python3.10/site-packages/airflow/example_dags/example_branch_labels.py
[2026-05-29T01:41:54.454+0200] {processor.py:839} INFO - DAG(s) dict_keys(['example_branch_labels']) retrieved from /home/frederic/airflow_venv/lib/python3.10/site-packages/airflow/example_dags/example_branch_labels.py
[2026-05-29T01:41:54.467+0200] {logging_mixin.py:151} INFO - [2026-05-29T01:41:54.467+0200] {dag.py:2915} INFO - Sync 1 DAGs
[2026-05-29T01:41:54.484+0200] {logging_mixin.py:151} INFO - [2026-05-29T01:41:54.484+0200] {dag.py:3696} INFO - Setting next_dagrun for example_branch_labels to 2026-05-27T00:00:00+00:00, run_after=2026-05-28T00:00:00+00:00
[2026-05-29T01:41:54.498+0200] {processor.py:179} INFO - Processing /home/frederic/airflow_venv/lib/python3.10/site-packages/airflow/example_dags/example_branch_labels.py took 0.056 seconds
[2026-05-29T01:42:39.669+0200] {processor.py:157} INFO - Started process (PID=601865) to work on /home/frederic/airflow_venv/lib/python3.10/site-packages/airflow/example_dags/example_branch_labels.py
[2026-05-29T01:42:39.672+0200] {processor.py:829} INFO - Processing file /home/frederic/airflow_venv/lib/python3.10/site-packages/airflow/example_dags/example_branch_labels.py for tasks to queue
[2026-05-29T01:42:39.673+0200] {logging_mixin.py:151} INFO - [2026-05-29T01:42:39.673+0200] {dagbag.py:539} INFO - Filling up the DagBag from /home/frederic/airflow_venv/lib/python3.10/site-packages/airflow/example_dags/example_branch_labels.py
[2026-05-29T01:42:39.680+0200] {processor.py:839} INFO - DAG(s) dict_keys(['example_branch_labels']) retrieved from /home/frederic/airflow_venv/lib/python3.10/site-packages/airflow/example_dags/example_branch_labels.py
[2026-05-29T01:42:39.695+0200] {logging_mixin.py:151} INFO - [2026-05-29T01:42:39.695+0200] {dag.py:2915} INFO - Sync 1 DAGs
[2026-05-29T01:42:39.714+0200] {logging_mixin.py:151} INFO - [2026-05-29T01:42:39.713+0200] {dag.py:3696} INFO - Setting next_dagrun for example_branch_labels to 2026-05-27T00:00:00+00:00, run_after=2026-05-28T00:00:00+00:00
[2026-05-29T01:42:39.728+0200] {processor.py:179} INFO - Processing /home/frederic/airflow_venv/lib/python3.10/site-packages/airflow/example_dags/example_branch_labels.py took 0.062 seconds
[2026-05-29T01:43:28.175+0200] {processor.py:157} INFO - Started process (PID=602733) to work on /home/frederic/airflow_venv/lib/python3.10/site-packages/airflow/example_dags/example_branch_labels.py
[2026-05-29T01:43:28.178+0200] {processor.py:829} INFO - Processing file /home/frederic/airflow_venv/lib/python3.10/site-packages/airflow/example_dags/example_branch_labels.py for tasks to queue
[2026-05-29T01:43:28.179+0200] {logging_mixin.py:151} INFO - [2026-05-29T01:43:28.179+0200] {dagbag.py:539} INFO - Filling up the DagBag from /home/frederic/airflow_venv/lib/python3.10/site-packages/airflow/example_dags/example_branch_labels.py
[2026-05-29T01:43:28.185+0200] {processor.py:839} INFO - DAG(s) dict_keys(['example_branch_labels']) retrieved from /home/frederic/airflow_venv/lib/python3.10/site-packages/airflow/example_dags/example_branch_labels.py
[2026-05-29T01:43:28.200+0200] {logging_mixin.py:151} INFO - [2026-05-29T01:43:28.200+0200] {dag.py:2915} INFO - Sync 1 DAGs
[2026-05-29T01:43:28.217+0200] {logging_mixin.py:151} INFO - [2026-05-29T01:43:28.217+0200] {dag.py:3696} INFO - Setting next_dagrun for example_branch_labels to 2026-05-27T00:00:00+00:00, run_after=2026-05-28T00:00:00+00:00
[2026-05-29T01:43:28.232+0200] {processor.py:179} INFO - Processing /home/frederic/airflow_venv/lib/python3.10/site-packages/airflow/example_dags/example_branch_labels.py took 0.059 seconds
[2026-05-29T01:44:18.505+0200] {processor.py:157} INFO - Started process (PID=603632) to work on /home/frederic/airflow_venv/lib/python3.10/site-packages/airflow/example_dags/example_branch_labels.py
[2026-05-29T01:44:18.509+0200] {processor.py:829} INFO - Processing file /home/frederic/airflow_venv/lib/python3.10/site-packages/airflow/example_dags/example_branch_labels.py for tasks to queue
[2026-05-29T01:44:18.510+0200] {logging_mixin.py:151} INFO - [2026-05-29T01:44:18.509+0200] {dagbag.py:539} INFO - Filling up the DagBag from /home/frederic/airflow_venv/lib/python3.10/site-packages/airflow/example_dags/example_branch_labels.py
[2026-05-29T01:44:18.518+0200] {processor.py:839} INFO - DAG(s) dict_keys(['example_branch_labels']) retrieved from /home/frederic/airflow_venv/lib/python3.10/site-packages/airflow/example_dags/example_branch_labels.py
[2026-05-29T01:44:18.537+0200] {logging_mixin.py:151} INFO - [2026-05-29T01:44:18.536+0200] {dag.py:2915} INFO - Sync 1 DAGs
[2026-05-29T01:44:18.560+0200] {logging_mixin.py:151} INFO - [2026-05-29T01:44:18.560+0200] {dag.py:3696} INFO - Setting next_dagrun for example_branch_labels to 2026-05-27T00:00:00+00:00, run_after=2026-05-28T00:00:00+00:00
[2026-05-29T01:44:18.579+0200] {processor.py:179} INFO - Processing /home/frederic/airflow_venv/lib/python3.10/site-packages/airflow/example_dags/example_branch_labels.py took 0.078 seconds
[2026-05-29T01:45:05.916+0200] {processor.py:157} INFO - Started process (PID=605115) to work on /home/frederic/airflow_venv/lib/python3.10/site-packages/airflow/example_dags/example_branch_labels.py
[2026-05-29T01:45:05.919+0200] {processor.py:829} INFO - Processing file /home/frederic/airflow_venv/lib/python3.10/site-packages/airflow/example_dags/example_branch_labels.py for tasks to queue
[2026-05-29T01:45:05.920+0200] {logging_mixin.py:151} INFO - [2026-05-29T01:45:05.920+0200] {dagbag.py:539} INFO - Filling up the DagBag from /home/frederic/airflow_venv/lib/python3.10/site-packages/airflow/example_dags/example_branch_labels.py
[2026-05-29T01:45:05.926+0200] {processor.py:839} INFO - DAG(s) dict_keys(['example_branch_labels']) retrieved from /home/frederic/airflow_venv/lib/python3.10/site-packages/airflow/example_dags/example_branch_labels.py
[2026-05-29T01:45:05.941+0200] {logging_mixin.py:151} INFO - [2026-05-29T01:45:05.941+0200] {dag.py:2915} INFO - Sync 1 DAGs
[2026-05-29T01:45:05.959+0200] {logging_mixin.py:151} INFO - [2026-05-29T01:45:05.959+0200] {dag.py:3696} INFO - Setting next_dagrun for example_branch_labels to 2026-05-27T00:00:00+00:00, run_after=2026-05-28T00:00:00+00:00
[2026-05-29T01:45:05.974+0200] {processor.py:179} INFO - Processing /home/frederic/airflow_venv/lib/python3.10/site-packages/airflow/example_dags/example_branch_labels.py took 0.061 seconds
[2026-05-29T01:45:56.683+0200] {processor.py:157} INFO - Started process (PID=607434) to work on /home/frederic/airflow_venv/lib/python3.10/site-packages/airflow/example_dags/example_branch_labels.py
[2026-05-29T01:45:56.684+0200] {processor.py:829} INFO - Processing file /home/frederic/airflow_venv/lib/python3.10/site-packages/airflow/example_dags/example_branch_labels.py for tasks to queue
[2026-05-29T01:45:56.684+0200] {logging_mixin.py:151} INFO - [2026-05-29T01:45:56.684+0200] {dagbag.py:539} INFO - Filling up the DagBag from /home/frederic/airflow_venv/lib/python3.10/site-packages/airflow/example_dags/example_branch_labels.py
[2026-05-29T01:45:56.695+0200] {processor.py:839} INFO - DAG(s) dict_keys(['example_branch_labels']) retrieved from /home/frederic/airflow_venv/lib/python3.10/site-packages/airflow/example_dags/example_branch_labels.py
[2026-05-29T01:45:56.717+0200] {logging_mixin.py:151} INFO - [2026-05-29T01:45:56.716+0200] {dag.py:2915} INFO - Sync 1 DAGs
[2026-05-29T01:45:56.742+0200] {logging_mixin.py:151} INFO - [2026-05-29T01:45:56.742+0200] {dag.py:3696} INFO - Setting next_dagrun for example_branch_labels to 2026-05-27T00:00:00+00:00, run_after=2026-05-28T00:00:00+00:00
[2026-05-29T01:45:56.762+0200] {processor.py:179} INFO - Processing /home/frederic/airflow_venv/lib/python3.10/site-packages/airflow/example_dags/example_branch_labels.py took 0.082 seconds
[2026-05-29T01:46:46.313+0200] {processor.py:157} INFO - Started process (PID=609290) to work on /home/frederic/airflow_venv/lib/python3.10/site-packages/airflow/example_dags/example_branch_labels.py
[2026-05-29T01:46:46.314+0200] {processor.py:829} INFO - Processing file /home/frederic/airflow_venv/lib/python3.10/site-packages/airflow/example_dags/example_branch_labels.py for tasks to queue
[2026-05-29T01:46:46.315+0200] {logging_mixin.py:151} INFO - [2026-05-29T01:46:46.314+0200] {dagbag.py:539} INFO - Filling up the DagBag from /home/frederic/airflow_venv/lib/python3.10/site-packages/airflow/example_dags/example_branch_labels.py
[2026-05-29T01:46:46.321+0200] {processor.py:839} INFO - DAG(s) dict_keys(['example_branch_labels']) retrieved from /home/frederic/airflow_venv/lib/python3.10/site-packages/airflow/example_dags/example_branch_labels.py
[2026-05-29T01:46:46.338+0200] {logging_mixin.py:151} INFO - [2026-05-29T01:46:46.338+0200] {dag.py:2915} INFO - Sync 1 DAGs
[2026-05-29T01:46:46.362+0200] {logging_mixin.py:151} INFO - [2026-05-29T01:46:46.362+0200] {dag.py:3696} INFO - Setting next_dagrun for example_branch_labels to 2026-05-27T00:00:00+00:00, run_after=2026-05-28T00:00:00+00:00
[2026-05-29T01:46:46.377+0200] {processor.py:179} INFO - Processing /home/frederic/airflow_venv/lib/python3.10/site-packages/airflow/example_dags/example_branch_labels.py took 0.067 seconds
[2026-05-29T01:47:41.651+0200] {processor.py:157} INFO - Started process (PID=610723) to work on /home/frederic/airflow_venv/lib/python3.10/site-packages/airflow/example_dags/example_branch_labels.py
[2026-05-29T01:47:41.655+0200] {processor.py:829} INFO - Processing file /home/frederic/airflow_venv/lib/python3.10/site-packages/airflow/example_dags/example_branch_labels.py for tasks to queue
[2026-05-29T01:47:41.655+0200] {logging_mixin.py:151} INFO - [2026-05-29T01:47:41.655+0200] {dagbag.py:539} INFO - Filling up the DagBag from /home/frederic/airflow_venv/lib/python3.10/site-packages/airflow/example_dags/example_branch_labels.py
[2026-05-29T01:47:41.662+0200] {processor.py:839} INFO - DAG(s) dict_keys(['example_branch_labels']) retrieved from /home/frederic/airflow_venv/lib/python3.10/site-packages/airflow/example_dags/example_branch_labels.py
[2026-05-29T01:47:41.678+0200] {logging_mixin.py:151} INFO - [2026-05-29T01:47:41.678+0200] {dag.py:2915} INFO - Sync 1 DAGs
[2026-05-29T01:47:41.695+0200] {logging_mixin.py:151} INFO - [2026-05-29T01:47:41.695+0200] {dag.py:3696} INFO - Setting next_dagrun for example_branch_labels to 2026-05-27T00:00:00+00:00, run_after=2026-05-28T00:00:00+00:00
[2026-05-29T01:47:41.709+0200] {processor.py:179} INFO - Processing /home/frederic/airflow_venv/lib/python3.10/site-packages/airflow/example_dags/example_branch_labels.py took 0.061 seconds
[2026-05-29T01:48:28.412+0200] {processor.py:157} INFO - Started process (PID=612186) to work on /home/frederic/airflow_venv/lib/python3.10/site-packages/airflow/example_dags/example_branch_labels.py
[2026-05-29T01:48:28.416+0200] {processor.py:829} INFO - Processing file /home/frederic/airflow_venv/lib/python3.10/site-packages/airflow/example_dags/example_branch_labels.py for tasks to queue
[2026-05-29T01:48:28.416+0200] {logging_mixin.py:151} INFO - [2026-05-29T01:48:28.416+0200] {dagbag.py:539} INFO - Filling up the DagBag from /home/frederic/airflow_venv/lib/python3.10/site-packages/airflow/example_dags/example_branch_labels.py
[2026-05-29T01:48:28.423+0200] {processor.py:839} INFO - DAG(s) dict_keys(['example_branch_labels']) retrieved from /home/frederic/airflow_venv/lib/python3.10/site-packages/airflow/example_dags/example_branch_labels.py
[2026-05-29T01:48:28.438+0200] {logging_mixin.py:151} INFO - [2026-05-29T01:48:28.438+0200] {dag.py:2915} INFO - Sync 1 DAGs
[2026-05-29T01:48:28.457+0200] {logging_mixin.py:151} INFO - [2026-05-29T01:48:28.457+0200] {dag.py:3696} INFO - Setting next_dagrun for example_branch_labels to 2026-05-27T00:00:00+00:00, run_after=2026-05-28T00:00:00+00:00
[2026-05-29T01:48:28.475+0200] {processor.py:179} INFO - Processing /home/frederic/airflow_venv/lib/python3.10/site-packages/airflow/example_dags/example_branch_labels.py took 0.065 seconds
[2026-05-29T01:49:11.943+0200] {processor.py:157} INFO - Started process (PID=613204) to work on /home/frederic/airflow_venv/lib/python3.10/site-packages/airflow/example_dags/example_branch_labels.py
[2026-05-29T01:49:11.943+0200] {processor.py:829} INFO - Processing file /home/frederic/airflow_venv/lib/python3.10/site-packages/airflow/example_dags/example_branch_labels.py for tasks to queue
[2026-05-29T01:49:11.944+0200] {logging_mixin.py:151} INFO - [2026-05-29T01:49:11.944+0200] {dagbag.py:539} INFO - Filling up the DagBag from /home/frederic/airflow_venv/lib/python3.10/site-packages/airflow/example_dags/example_branch_labels.py
[2026-05-29T01:49:11.951+0200] {processor.py:839} INFO - DAG(s) dict_keys(['example_branch_labels']) retrieved from /home/frederic/airflow_venv/lib/python3.10/site-packages/airflow/example_dags/example_branch_labels.py
[2026-05-29T01:49:11.964+0200] {logging_mixin.py:151} INFO - [2026-05-29T01:49:11.964+0200] {dag.py:2915} INFO - Sync 1 DAGs
[2026-05-29T01:49:11.981+0200] {logging_mixin.py:151} INFO - [2026-05-29T01:49:11.981+0200] {dag.py:3696} INFO - Setting next_dagrun for example_branch_labels to 2026-05-27T00:00:00+00:00, run_after=2026-05-28T00:00:00+00:00
[2026-05-29T01:49:11.995+0200] {processor.py:179} INFO - Processing /home/frederic/airflow_venv/lib/python3.10/site-packages/airflow/example_dags/example_branch_labels.py took 0.054 seconds
[2026-05-29T01:49:55.624+0200] {processor.py:157} INFO - Started process (PID=614476) to work on /home/frederic/airflow_venv/lib/python3.10/site-packages/airflow/example_dags/example_branch_labels.py
[2026-05-29T01:49:55.625+0200] {processor.py:829} INFO - Processing file /home/frederic/airflow_venv/lib/python3.10/site-packages/airflow/example_dags/example_branch_labels.py for tasks to queue
[2026-05-29T01:49:55.626+0200] {logging_mixin.py:151} INFO - [2026-05-29T01:49:55.625+0200] {dagbag.py:539} INFO - Filling up the DagBag from /home/frederic/airflow_venv/lib/python3.10/site-packages/airflow/example_dags/example_branch_labels.py
[2026-05-29T01:49:55.632+0200] {processor.py:839} INFO - DAG(s) dict_keys(['example_branch_labels']) retrieved from /home/frederic/airflow_venv/lib/python3.10/site-packages/airflow/example_dags/example_branch_labels.py
[2026-05-29T01:49:55.645+0200] {logging_mixin.py:151} INFO - [2026-05-29T01:49:55.645+0200] {dag.py:2915} INFO - Sync 1 DAGs
[2026-05-29T01:49:55.661+0200] {logging_mixin.py:151} INFO - [2026-05-29T01:49:55.661+0200] {dag.py:3696} INFO - Setting next_dagrun for example_branch_labels to 2026-05-27T00:00:00+00:00, run_after=2026-05-28T00:00:00+00:00
[2026-05-29T01:49:55.676+0200] {processor.py:179} INFO - Processing /home/frederic/airflow_venv/lib/python3.10/site-packages/airflow/example_dags/example_branch_labels.py took 0.055 seconds
[2026-05-29T01:50:48.587+0200] {processor.py:157} INFO - Started process (PID=616073) to work on /home/frederic/airflow_venv/lib/python3.10/site-packages/airflow/example_dags/example_branch_labels.py
[2026-05-29T01:50:48.591+0200] {processor.py:829} INFO - Processing file /home/frederic/airflow_venv/lib/python3.10/site-packages/airflow/example_dags/example_branch_labels.py for tasks to queue
[2026-05-29T01:50:48.592+0200] {logging_mixin.py:151} INFO - [2026-05-29T01:50:48.592+0200] {dagbag.py:539} INFO - Filling up the DagBag from /home/frederic/airflow_venv/lib/python3.10/site-packages/airflow/example_dags/example_branch_labels.py
[2026-05-29T01:50:48.598+0200] {processor.py:839} INFO - DAG(s) dict_keys(['example_branch_labels']) retrieved from /home/frederic/airflow_venv/lib/python3.10/site-packages/airflow/example_dags/example_branch_labels.py
[2026-05-29T01:50:48.615+0200] {logging_mixin.py:151} INFO - [2026-05-29T01:50:48.615+0200] {dag.py:2915} INFO - Sync 1 DAGs
[2026-05-29T01:50:48.638+0200] {logging_mixin.py:151} INFO - [2026-05-29T01:50:48.638+0200] {dag.py:3696} INFO - Setting next_dagrun for example_branch_labels to 2026-05-27T00:00:00+00:00, run_after=2026-05-28T00:00:00+00:00
[2026-05-29T01:50:48.657+0200] {processor.py:179} INFO - Processing /home/frederic/airflow_venv/lib/python3.10/site-packages/airflow/example_dags/example_branch_labels.py took 0.072 seconds
[2026-05-29T01:51:33.295+0200] {processor.py:157} INFO - Started process (PID=617099) to work on /home/frederic/airflow_venv/lib/python3.10/site-packages/airflow/example_dags/example_branch_labels.py
[2026-05-29T01:51:33.298+0200] {processor.py:829} INFO - Processing file /home/frederic/airflow_venv/lib/python3.10/site-packages/airflow/example_dags/example_branch_labels.py for tasks to queue
[2026-05-29T01:51:33.299+0200] {logging_mixin.py:151} INFO - [2026-05-29T01:51:33.299+0200] {dagbag.py:539} INFO - Filling up the DagBag from /home/frederic/airflow_venv/lib/python3.10/site-packages/airflow/example_dags/example_branch_labels.py
[2026-05-29T01:51:33.305+0200] {processor.py:839} INFO - DAG(s) dict_keys(['example_branch_labels']) retrieved from /home/frederic/airflow_venv/lib/python3.10/site-packages/airflow/example_dags/example_branch_labels.py
[2026-05-29T01:51:33.323+0200] {logging_mixin.py:151} INFO - [2026-05-29T01:51:33.323+0200] {dag.py:2915} INFO - Sync 1 DAGs
[2026-05-29T01:51:33.340+0200] {logging_mixin.py:151} INFO - [2026-05-29T01:51:33.340+0200] {dag.py:3696} INFO - Setting next_dagrun for example_branch_labels to 2026-05-27T00:00:00+00:00, run_after=2026-05-28T00:00:00+00:00
[2026-05-29T01:51:33.354+0200] {processor.py:179} INFO - Processing /home/frederic/airflow_venv/lib/python3.10/site-packages/airflow/example_dags/example_branch_labels.py took 0.061 seconds
[2026-05-29T01:52:23.634+0200] {processor.py:157} INFO - Started process (PID=618459) to work on /home/frederic/airflow_venv/lib/python3.10/site-packages/airflow/example_dags/example_branch_labels.py
[2026-05-29T01:52:23.637+0200] {processor.py:829} INFO - Processing file /home/frederic/airflow_venv/lib/python3.10/site-packages/airflow/example_dags/example_branch_labels.py for tasks to queue
[2026-05-29T01:52:23.638+0200] {logging_mixin.py:151} INFO - [2026-05-29T01:52:23.638+0200] {dagbag.py:539} INFO - Filling up the DagBag from /home/frederic/airflow_venv/lib/python3.10/site-packages/airflow/example_dags/example_branch_labels.py
[2026-05-29T01:52:23.645+0200] {processor.py:839} INFO - DAG(s) dict_keys(['example_branch_labels']) retrieved from /home/frederic/airflow_venv/lib/python3.10/site-packages/airflow/example_dags/example_branch_labels.py
[2026-05-29T01:52:23.660+0200] {logging_mixin.py:151} INFO - [2026-05-29T01:52:23.660+0200] {dag.py:2915} INFO - Sync 1 DAGs
[2026-05-29T01:52:23.681+0200] {logging_mixin.py:151} INFO - [2026-05-29T01:52:23.681+0200] {dag.py:3696} INFO - Setting next_dagrun for example_branch_labels to 2026-05-27T00:00:00+00:00, run_after=2026-05-28T00:00:00+00:00
[2026-05-29T01:52:23.702+0200] {processor.py:179} INFO - Processing /home/frederic/airflow_venv/lib/python3.10/site-packages/airflow/example_dags/example_branch_labels.py took 0.070 seconds
[2026-05-29T01:53:09.913+0200] {processor.py:157} INFO - Started process (PID=619968) to work on /home/frederic/airflow_venv/lib/python3.10/site-packages/airflow/example_dags/example_branch_labels.py
[2026-05-29T01:53:09.917+0200] {processor.py:829} INFO - Processing file /home/frederic/airflow_venv/lib/python3.10/site-packages/airflow/example_dags/example_branch_labels.py for tasks to queue
[2026-05-29T01:53:09.918+0200] {logging_mixin.py:151} INFO - [2026-05-29T01:53:09.918+0200] {dagbag.py:539} INFO - Filling up the DagBag from /home/frederic/airflow_venv/lib/python3.10/site-packages/airflow/example_dags/example_branch_labels.py
[2026-05-29T01:53:09.925+0200] {processor.py:839} INFO - DAG(s) dict_keys(['example_branch_labels']) retrieved from /home/frederic/airflow_venv/lib/python3.10/site-packages/airflow/example_dags/example_branch_labels.py
[2026-05-29T01:53:09.943+0200] {logging_mixin.py:151} INFO - [2026-05-29T01:53:09.942+0200] {dag.py:2915} INFO - Sync 1 DAGs
[2026-05-29T01:53:09.962+0200] {logging_mixin.py:151} INFO - [2026-05-29T01:53:09.962+0200] {dag.py:3696} INFO - Setting next_dagrun for example_branch_labels to 2026-05-27T00:00:00+00:00, run_after=2026-05-28T00:00:00+00:00
[2026-05-29T01:53:09.981+0200] {processor.py:179} INFO - Processing /home/frederic/airflow_venv/lib/python3.10/site-packages/airflow/example_dags/example_branch_labels.py took 0.070 seconds
[2026-05-29T01:53:56.140+0200] {processor.py:157} INFO - Started process (PID=621247) to work on /home/frederic/airflow_venv/lib/python3.10/site-packages/airflow/example_dags/example_branch_labels.py
[2026-05-29T01:53:56.143+0200] {processor.py:829} INFO - Processing file /home/frederic/airflow_venv/lib/python3.10/site-packages/airflow/example_dags/example_branch_labels.py for tasks to queue
[2026-05-29T01:53:56.144+0200] {logging_mixin.py:151} INFO - [2026-05-29T01:53:56.143+0200] {dagbag.py:539} INFO - Filling up the DagBag from /home/frederic/airflow_venv/lib/python3.10/site-packages/airflow/example_dags/example_branch_labels.py
[2026-05-29T01:53:56.150+0200] {processor.py:839} INFO - DAG(s) dict_keys(['example_branch_labels']) retrieved from /home/frederic/airflow_venv/lib/python3.10/site-packages/airflow/example_dags/example_branch_labels.py
[2026-05-29T01:53:56.164+0200] {logging_mixin.py:151} INFO - [2026-05-29T01:53:56.163+0200] {dag.py:2915} INFO - Sync 1 DAGs
[2026-05-29T01:53:56.181+0200] {logging_mixin.py:151} INFO - [2026-05-29T01:53:56.181+0200] {dag.py:3696} INFO - Setting next_dagrun for example_branch_labels to 2026-05-27T00:00:00+00:00, run_after=2026-05-28T00:00:00+00:00
[2026-05-29T01:53:56.196+0200] {processor.py:179} INFO - Processing /home/frederic/airflow_venv/lib/python3.10/site-packages/airflow/example_dags/example_branch_labels.py took 0.059 seconds
[2026-05-29T01:54:43.435+0200] {processor.py:157} INFO - Started process (PID=622759) to work on /home/frederic/airflow_venv/lib/python3.10/site-packages/airflow/example_dags/example_branch_labels.py
[2026-05-29T01:54:43.438+0200] {processor.py:829} INFO - Processing file /home/frederic/airflow_venv/lib/python3.10/site-packages/airflow/example_dags/example_branch_labels.py for tasks to queue
[2026-05-29T01:54:43.439+0200] {logging_mixin.py:151} INFO - [2026-05-29T01:54:43.439+0200] {dagbag.py:539} INFO - Filling up the DagBag from /home/frederic/airflow_venv/lib/python3.10/site-packages/airflow/example_dags/example_branch_labels.py
[2026-05-29T01:54:43.445+0200] {processor.py:839} INFO - DAG(s) dict_keys(['example_branch_labels']) retrieved from /home/frederic/airflow_venv/lib/python3.10/site-packages/airflow/example_dags/example_branch_labels.py
[2026-05-29T01:54:43.459+0200] {logging_mixin.py:151} INFO - [2026-05-29T01:54:43.459+0200] {dag.py:2915} INFO - Sync 1 DAGs
[2026-05-29T01:54:43.476+0200] {logging_mixin.py:151} INFO - [2026-05-29T01:54:43.476+0200] {dag.py:3696} INFO - Setting next_dagrun for example_branch_labels to 2026-05-27T00:00:00+00:00, run_after=2026-05-28T00:00:00+00:00
[2026-05-29T01:54:43.492+0200] {processor.py:179} INFO - Processing /home/frederic/airflow_venv/lib/python3.10/site-packages/airflow/example_dags/example_branch_labels.py took 0.061 seconds
[2026-05-29T01:55:29.945+0200] {processor.py:157} INFO - Started process (PID=624411) to work on /home/frederic/airflow_venv/lib/python3.10/site-packages/airflow/example_dags/example_branch_labels.py
[2026-05-29T01:55:29.946+0200] {processor.py:829} INFO - Processing file /home/frederic/airflow_venv/lib/python3.10/site-packages/airflow/example_dags/example_branch_labels.py for tasks to queue
[2026-05-29T01:55:29.948+0200] {logging_mixin.py:151} INFO - [2026-05-29T01:55:29.947+0200] {dagbag.py:539} INFO - Filling up the DagBag from /home/frederic/airflow_venv/lib/python3.10/site-packages/airflow/example_dags/example_branch_labels.py
[2026-05-29T01:55:29.961+0200] {processor.py:839} INFO - DAG(s) dict_keys(['example_branch_labels']) retrieved from /home/frederic/airflow_venv/lib/python3.10/site-packages/airflow/example_dags/example_branch_labels.py
[2026-05-29T01:55:29.971+0200] {logging_mixin.py:151} INFO - [2026-05-29T01:55:29.971+0200] {dag.py:2915} INFO - Sync 1 DAGs
[2026-05-29T01:55:30.008+0200] {logging_mixin.py:151} INFO - [2026-05-29T01:55:30.008+0200] {dag.py:3696} INFO - Setting next_dagrun for example_branch_labels to 2026-05-27T00:00:00+00:00, run_after=2026-05-28T00:00:00+00:00
[2026-05-29T01:55:30.034+0200] {processor.py:179} INFO - Processing /home/frederic/airflow_venv/lib/python3.10/site-packages/airflow/example_dags/example_branch_labels.py took 0.093 seconds
[2026-05-29T01:56:06.395+0200] {processor.py:157} INFO - Started process (PID=625502) to work on /home/frederic/airflow_venv/lib/python3.10/site-packages/airflow/example_dags/example_branch_labels.py
[2026-05-29T01:56:06.396+0200] {processor.py:829} INFO - Processing file /home/frederic/airflow_venv/lib/python3.10/site-packages/airflow/example_dags/example_branch_labels.py for tasks to queue
[2026-05-29T01:56:06.397+0200] {logging_mixin.py:151} INFO - [2026-05-29T01:56:06.397+0200] {dagbag.py:539} INFO - Filling up the DagBag from /home/frederic/airflow_venv/lib/python3.10/site-packages/airflow/example_dags/example_branch_labels.py
[2026-05-29T01:56:06.403+0200] {processor.py:839} INFO - DAG(s) dict_keys(['example_branch_labels']) retrieved from /home/frederic/airflow_venv/lib/python3.10/site-packages/airflow/example_dags/example_branch_labels.py
[2026-05-29T01:56:06.429+0200] {logging_mixin.py:151} INFO - [2026-05-29T01:56:06.428+0200] {dag.py:2915} INFO - Sync 1 DAGs
[2026-05-29T01:56:06.462+0200] {logging_mixin.py:151} INFO - [2026-05-29T01:56:06.462+0200] {dag.py:3696} INFO - Setting next_dagrun for example_branch_labels to 2026-05-27T00:00:00+00:00, run_after=2026-05-28T00:00:00+00:00
[2026-05-29T01:56:06.485+0200] {processor.py:179} INFO - Processing /home/frederic/airflow_venv/lib/python3.10/site-packages/airflow/example_dags/example_branch_labels.py took 0.093 seconds
[2026-05-29T01:56:30.077+0200] {processor.py:157} INFO - Started process (PID=626357) to work on /home/frederic/airflow_venv/lib/python3.10/site-packages/airflow/example_dags/example_branch_labels.py
[2026-05-29T01:56:30.078+0200] {processor.py:829} INFO - Processing file /home/frederic/airflow_venv/lib/python3.10/site-packages/airflow/example_dags/example_branch_labels.py for tasks to queue
[2026-05-29T01:56:30.079+0200] {logging_mixin.py:151} INFO - [2026-05-29T01:56:30.078+0200] {dagbag.py:539} INFO - Filling up the DagBag from /home/frederic/airflow_venv/lib/python3.10/site-packages/airflow/example_dags/example_branch_labels.py
[2026-05-29T01:56:30.085+0200] {processor.py:839} INFO - DAG(s) dict_keys(['example_branch_labels']) retrieved from /home/frederic/airflow_venv/lib/python3.10/site-packages/airflow/example_dags/example_branch_labels.py
[2026-05-29T01:56:30.099+0200] {logging_mixin.py:151} INFO - [2026-05-29T01:56:30.099+0200] {dag.py:2915} INFO - Sync 1 DAGs
[2026-05-29T01:56:30.116+0200] {logging_mixin.py:151} INFO - [2026-05-29T01:56:30.116+0200] {dag.py:3696} INFO - Setting next_dagrun for example_branch_labels to 2026-05-27T00:00:00+00:00, run_after=2026-05-28T00:00:00+00:00
[2026-05-29T01:56:30.132+0200] {processor.py:179} INFO - Processing /home/frederic/airflow_venv/lib/python3.10/site-packages/airflow/example_dags/example_branch_labels.py took 0.057 seconds
[2026-05-29T01:57:07.903+0200] {processor.py:157} INFO - Started process (PID=627462) to work on /home/frederic/airflow_venv/lib/python3.10/site-packages/airflow/example_dags/example_branch_labels.py
[2026-05-29T01:57:07.905+0200] {processor.py:829} INFO - Processing file /home/frederic/airflow_venv/lib/python3.10/site-packages/airflow/example_dags/example_branch_labels.py for tasks to queue
[2026-05-29T01:57:07.906+0200] {logging_mixin.py:151} INFO - [2026-05-29T01:57:07.905+0200] {dagbag.py:539} INFO - Filling up the DagBag from /home/frederic/airflow_venv/lib/python3.10/site-packages/airflow/example_dags/example_branch_labels.py
[2026-05-29T01:57:07.916+0200] {processor.py:839} INFO - DAG(s) dict_keys(['example_branch_labels']) retrieved from /home/frederic/airflow_venv/lib/python3.10/site-packages/airflow/example_dags/example_branch_labels.py
[2026-05-29T01:57:07.933+0200] {logging_mixin.py:151} INFO - [2026-05-29T01:57:07.933+0200] {dag.py:2915} INFO - Sync 1 DAGs
[2026-05-29T01:57:07.957+0200] {logging_mixin.py:151} INFO - [2026-05-29T01:57:07.957+0200] {dag.py:3696} INFO - Setting next_dagrun for example_branch_labels to 2026-05-27T00:00:00+00:00, run_after=2026-05-28T00:00:00+00:00
[2026-05-29T01:57:07.974+0200] {processor.py:179} INFO - Processing /home/frederic/airflow_venv/lib/python3.10/site-packages/airflow/example_dags/example_branch_labels.py took 0.074 seconds
[2026-05-29T01:57:21.214+0200] {processor.py:157} INFO - Started process (PID=627892) to work on /home/frederic/airflow_venv/lib/python3.10/site-packages/airflow/example_dags/example_branch_labels.py
[2026-05-29T01:57:21.215+0200] {processor.py:829} INFO - Processing file /home/frederic/airflow_venv/lib/python3.10/site-packages/airflow/example_dags/example_branch_labels.py for tasks to queue
[2026-05-29T01:57:21.216+0200] {logging_mixin.py:151} INFO - [2026-05-29T01:57:21.215+0200] {dagbag.py:539} INFO - Filling up the DagBag from /home/frederic/airflow_venv/lib/python3.10/site-packages/airflow/example_dags/example_branch_labels.py
[2026-05-29T01:57:21.226+0200] {processor.py:839} INFO - DAG(s) dict_keys(['example_branch_labels']) retrieved from /home/frederic/airflow_venv/lib/python3.10/site-packages/airflow/example_dags/example_branch_labels.py
[2026-05-29T01:57:21.250+0200] {logging_mixin.py:151} INFO - [2026-05-29T01:57:21.250+0200] {dag.py:2915} INFO - Sync 1 DAGs
[2026-05-29T01:57:21.272+0200] {logging_mixin.py:151} INFO - [2026-05-29T01:57:21.272+0200] {dag.py:3696} INFO - Setting next_dagrun for example_branch_labels to 2026-05-27T00:00:00+00:00, run_after=2026-05-28T00:00:00+00:00
[2026-05-29T01:57:21.292+0200] {processor.py:179} INFO - Processing /home/frederic/airflow_venv/lib/python3.10/site-packages/airflow/example_dags/example_branch_labels.py took 0.081 seconds
[2026-05-29T01:57:54.482+0200] {processor.py:157} INFO - Started process (PID=629238) to work on /home/frederic/airflow_venv/lib/python3.10/site-packages/airflow/example_dags/example_branch_labels.py
[2026-05-29T01:57:54.484+0200] {processor.py:829} INFO - Processing file /home/frederic/airflow_venv/lib/python3.10/site-packages/airflow/example_dags/example_branch_labels.py for tasks to queue
[2026-05-29T01:57:54.485+0200] {logging_mixin.py:151} INFO - [2026-05-29T01:57:54.484+0200] {dagbag.py:539} INFO - Filling up the DagBag from /home/frederic/airflow_venv/lib/python3.10/site-packages/airflow/example_dags/example_branch_labels.py
[2026-05-29T01:57:54.495+0200] {processor.py:839} INFO - DAG(s) dict_keys(['example_branch_labels']) retrieved from /home/frederic/airflow_venv/lib/python3.10/site-packages/airflow/example_dags/example_branch_labels.py
[2026-05-29T01:57:54.513+0200] {logging_mixin.py:151} INFO - [2026-05-29T01:57:54.513+0200] {dag.py:2915} INFO - Sync 1 DAGs
[2026-05-29T01:57:54.538+0200] {logging_mixin.py:151} INFO - [2026-05-29T01:57:54.537+0200] {dag.py:3696} INFO - Setting next_dagrun for example_branch_labels to 2026-05-27T00:00:00+00:00, run_after=2026-05-28T00:00:00+00:00
[2026-05-29T01:57:54.559+0200] {processor.py:179} INFO - Processing /home/frederic/airflow_venv/lib/python3.10/site-packages/airflow/example_dags/example_branch_labels.py took 0.080 seconds
[2026-05-29T01:58:08.688+0200] {processor.py:157} INFO - Started process (PID=629630) to work on /home/frederic/airflow_venv/lib/python3.10/site-packages/airflow/example_dags/example_branch_labels.py
[2026-05-29T01:58:08.689+0200] {processor.py:829} INFO - Processing file /home/frederic/airflow_venv/lib/python3.10/site-packages/airflow/example_dags/example_branch_labels.py for tasks to queue
[2026-05-29T01:58:08.690+0200] {logging_mixin.py:151} INFO - [2026-05-29T01:58:08.689+0200] {dagbag.py:539} INFO - Filling up the DagBag from /home/frederic/airflow_venv/lib/python3.10/site-packages/airflow/example_dags/example_branch_labels.py
[2026-05-29T01:58:08.698+0200] {processor.py:839} INFO - DAG(s) dict_keys(['example_branch_labels']) retrieved from /home/frederic/airflow_venv/lib/python3.10/site-packages/airflow/example_dags/example_branch_labels.py
[2026-05-29T01:58:08.714+0200] {logging_mixin.py:151} INFO - [2026-05-29T01:58:08.714+0200] {dag.py:2915} INFO - Sync 1 DAGs
[2026-05-29T01:58:08.732+0200] {logging_mixin.py:151} INFO - [2026-05-29T01:58:08.732+0200] {dag.py:3696} INFO - Setting next_dagrun for example_branch_labels to 2026-05-27T00:00:00+00:00, run_after=2026-05-28T00:00:00+00:00
[2026-05-29T01:58:08.746+0200] {processor.py:179} INFO - Processing /home/frederic/airflow_venv/lib/python3.10/site-packages/airflow/example_dags/example_branch_labels.py took 0.061 seconds
[2026-05-29T01:58:55.057+0200] {processor.py:157} INFO - Started process (PID=631356) to work on /home/frederic/airflow_venv/lib/python3.10/site-packages/airflow/example_dags/example_branch_labels.py
[2026-05-29T01:58:55.058+0200] {processor.py:829} INFO - Processing file /home/frederic/airflow_venv/lib/python3.10/site-packages/airflow/example_dags/example_branch_labels.py for tasks to queue
[2026-05-29T01:58:55.059+0200] {logging_mixin.py:151} INFO - [2026-05-29T01:58:55.058+0200] {dagbag.py:539} INFO - Filling up the DagBag from /home/frederic/airflow_venv/lib/python3.10/site-packages/airflow/example_dags/example_branch_labels.py
[2026-05-29T01:58:55.076+0200] {processor.py:839} INFO - DAG(s) dict_keys(['example_branch_labels']) retrieved from /home/frederic/airflow_venv/lib/python3.10/site-packages/airflow/example_dags/example_branch_labels.py
[2026-05-29T01:58:55.097+0200] {logging_mixin.py:151} INFO - [2026-05-29T01:58:55.097+0200] {dag.py:2915} INFO - Sync 1 DAGs
[2026-05-29T01:58:55.128+0200] {logging_mixin.py:151} INFO - [2026-05-29T01:58:55.128+0200] {dag.py:3696} INFO - Setting next_dagrun for example_branch_labels to 2026-05-27T00:00:00+00:00, run_after=2026-05-28T00:00:00+00:00
[2026-05-29T01:58:55.152+0200] {processor.py:179} INFO - Processing /home/frederic/airflow_venv/lib/python3.10/site-packages/airflow/example_dags/example_branch_labels.py took 0.098 seconds
[2026-05-29T01:59:01.930+0200] {processor.py:157} INFO - Started process (PID=631519) to work on /home/frederic/airflow_venv/lib/python3.10/site-packages/airflow/example_dags/example_branch_labels.py
[2026-05-29T01:59:01.931+0200] {processor.py:829} INFO - Processing file /home/frederic/airflow_venv/lib/python3.10/site-packages/airflow/example_dags/example_branch_labels.py for tasks to queue
[2026-05-29T01:59:01.931+0200] {logging_mixin.py:151} INFO - [2026-05-29T01:59:01.931+0200] {dagbag.py:539} INFO - Filling up the DagBag from /home/frederic/airflow_venv/lib/python3.10/site-packages/airflow/example_dags/example_branch_labels.py
[2026-05-29T01:59:01.940+0200] {processor.py:839} INFO - DAG(s) dict_keys(['example_branch_labels']) retrieved from /home/frederic/airflow_venv/lib/python3.10/site-packages/airflow/example_dags/example_branch_labels.py
[2026-05-29T01:59:01.958+0200] {logging_mixin.py:151} INFO - [2026-05-29T01:59:01.957+0200] {dag.py:2915} INFO - Sync 1 DAGs
[2026-05-29T01:59:01.978+0200] {logging_mixin.py:151} INFO - [2026-05-29T01:59:01.978+0200] {dag.py:3696} INFO - Setting next_dagrun for example_branch_labels to 2026-05-27T00:00:00+00:00, run_after=2026-05-28T00:00:00+00:00
[2026-05-29T01:59:01.994+0200] {processor.py:179} INFO - Processing /home/frederic/airflow_venv/lib/python3.10/site-packages/airflow/example_dags/example_branch_labels.py took 0.068 seconds
[2026-05-29T01:59:43.251+0200] {processor.py:157} INFO - Started process (PID=632704) to work on /home/frederic/airflow_venv/lib/python3.10/site-packages/airflow/example_dags/example_branch_labels.py
[2026-05-29T01:59:43.252+0200] {processor.py:829} INFO - Processing file /home/frederic/airflow_venv/lib/python3.10/site-packages/airflow/example_dags/example_branch_labels.py for tasks to queue
[2026-05-29T01:59:43.253+0200] {logging_mixin.py:151} INFO - [2026-05-29T01:59:43.252+0200] {dagbag.py:539} INFO - Filling up the DagBag from /home/frederic/airflow_venv/lib/python3.10/site-packages/airflow/example_dags/example_branch_labels.py
[2026-05-29T01:59:43.260+0200] {processor.py:839} INFO - DAG(s) dict_keys(['example_branch_labels']) retrieved from /home/frederic/airflow_venv/lib/python3.10/site-packages/airflow/example_dags/example_branch_labels.py
[2026-05-29T01:59:43.276+0200] {logging_mixin.py:151} INFO - [2026-05-29T01:59:43.276+0200] {dag.py:2915} INFO - Sync 1 DAGs
[2026-05-29T01:59:43.296+0200] {logging_mixin.py:151} INFO - [2026-05-29T01:59:43.295+0200] {dag.py:3696} INFO - Setting next_dagrun for example_branch_labels to 2026-05-27T00:00:00+00:00, run_after=2026-05-28T00:00:00+00:00
[2026-05-29T01:59:43.311+0200] {processor.py:179} INFO - Processing /home/frederic/airflow_venv/lib/python3.10/site-packages/airflow/example_dags/example_branch_labels.py took 0.063 seconds
[2026-05-29T01:59:48.519+0200] {processor.py:157} INFO - Started process (PID=632852) to work on /home/frederic/airflow_venv/lib/python3.10/site-packages/airflow/example_dags/example_branch_labels.py
[2026-05-29T01:59:48.520+0200] {processor.py:829} INFO - Processing file /home/frederic/airflow_venv/lib/python3.10/site-packages/airflow/example_dags/example_branch_labels.py for tasks to queue
[2026-05-29T01:59:48.521+0200] {logging_mixin.py:151} INFO - [2026-05-29T01:59:48.520+0200] {dagbag.py:539} INFO - Filling up the DagBag from /home/frederic/airflow_venv/lib/python3.10/site-packages/airflow/example_dags/example_branch_labels.py
[2026-05-29T01:59:48.529+0200] {processor.py:839} INFO - DAG(s) dict_keys(['example_branch_labels']) retrieved from /home/frederic/airflow_venv/lib/python3.10/site-packages/airflow/example_dags/example_branch_labels.py
[2026-05-29T01:59:48.546+0200] {logging_mixin.py:151} INFO - [2026-05-29T01:59:48.546+0200] {dag.py:2915} INFO - Sync 1 DAGs
[2026-05-29T01:59:48.570+0200] {logging_mixin.py:151} INFO - [2026-05-29T01:59:48.570+0200] {dag.py:3696} INFO - Setting next_dagrun for example_branch_labels to 2026-05-27T00:00:00+00:00, run_after=2026-05-28T00:00:00+00:00
[2026-05-29T01:59:48.591+0200] {processor.py:179} INFO - Processing /home/frederic/airflow_venv/lib/python3.10/site-packages/airflow/example_dags/example_branch_labels.py took 0.077 seconds
