[2026-05-29T01:37:09.223+0200] {processor.py:157} INFO - Started process (PID=594405) to work on /home/frederic/airflow_venv/lib/python3.10/site-packages/airflow/example_dags/example_dynamic_task_mapping_with_no_taskflow_operators.py
[2026-05-29T01:37:09.224+0200] {processor.py:829} INFO - Processing file /home/frederic/airflow_venv/lib/python3.10/site-packages/airflow/example_dags/example_dynamic_task_mapping_with_no_taskflow_operators.py for tasks to queue
[2026-05-29T01:37:09.225+0200] {logging_mixin.py:151} INFO - [2026-05-29T01:37:09.224+0200] {dagbag.py:539} INFO - Filling up the DagBag from /home/frederic/airflow_venv/lib/python3.10/site-packages/airflow/example_dags/example_dynamic_task_mapping_with_no_taskflow_operators.py
[2026-05-29T01:37:09.231+0200] {processor.py:839} INFO - DAG(s) dict_keys(['example_dynamic_task_mapping_with_no_taskflow_operators']) retrieved from /home/frederic/airflow_venv/lib/python3.10/site-packages/airflow/example_dags/example_dynamic_task_mapping_with_no_taskflow_operators.py
[2026-05-29T01:37:09.318+0200] {logging_mixin.py:151} INFO - [2026-05-29T01:37:09.318+0200] {manager.py:499} INFO - Created Permission View: %s
[2026-05-29T01:37:09.326+0200] {logging_mixin.py:151} INFO - [2026-05-29T01:37:09.326+0200] {manager.py:499} INFO - Created Permission View: %s
[2026-05-29T01:37:09.332+0200] {logging_mixin.py:151} INFO - [2026-05-29T01:37:09.331+0200] {manager.py:499} INFO - Created Permission View: %s
[2026-05-29T01:37:09.332+0200] {logging_mixin.py:151} INFO - [2026-05-29T01:37:09.332+0200] {security.py:708} INFO - Not syncing DAG-level permissions for DAG 'DAG:example_dynamic_task_mapping_with_no_taskflow_operators' as access control is unset.
[2026-05-29T01:37:09.332+0200] {logging_mixin.py:151} INFO - [2026-05-29T01:37:09.332+0200] {dag.py:2915} INFO - Sync 1 DAGs
[2026-05-29T01:37:09.341+0200] {logging_mixin.py:151} INFO - [2026-05-29T01:37:09.341+0200] {dag.py:2937} INFO - Creating ORM DAG for example_dynamic_task_mapping_with_no_taskflow_operators
[2026-05-29T01:37:09.348+0200] {logging_mixin.py:151} INFO - [2026-05-29T01:37:09.348+0200] {dag.py:3696} INFO - Setting next_dagrun for example_dynamic_task_mapping_with_no_taskflow_operators to 2026-05-27T23:37:09.348495+00:00, run_after=2026-05-28T23:37:09.348495+00:00
[2026-05-29T01:37:09.363+0200] {processor.py:179} INFO - Processing /home/frederic/airflow_venv/lib/python3.10/site-packages/airflow/example_dags/example_dynamic_task_mapping_with_no_taskflow_operators.py took 0.142 seconds
[2026-05-29T01:37:54.564+0200] {processor.py:157} INFO - Started process (PID=595306) to work on /home/frederic/airflow_venv/lib/python3.10/site-packages/airflow/example_dags/example_dynamic_task_mapping_with_no_taskflow_operators.py
[2026-05-29T01:37:54.565+0200] {processor.py:829} INFO - Processing file /home/frederic/airflow_venv/lib/python3.10/site-packages/airflow/example_dags/example_dynamic_task_mapping_with_no_taskflow_operators.py for tasks to queue
[2026-05-29T01:37:54.566+0200] {logging_mixin.py:151} INFO - [2026-05-29T01:37:54.565+0200] {dagbag.py:539} INFO - Filling up the DagBag from /home/frederic/airflow_venv/lib/python3.10/site-packages/airflow/example_dags/example_dynamic_task_mapping_with_no_taskflow_operators.py
[2026-05-29T01:37:54.572+0200] {processor.py:839} INFO - DAG(s) dict_keys(['example_dynamic_task_mapping_with_no_taskflow_operators']) retrieved from /home/frederic/airflow_venv/lib/python3.10/site-packages/airflow/example_dags/example_dynamic_task_mapping_with_no_taskflow_operators.py
[2026-05-29T01:37:54.586+0200] {logging_mixin.py:151} INFO - [2026-05-29T01:37:54.586+0200] {dag.py:2915} INFO - Sync 1 DAGs
[2026-05-29T01:37:54.604+0200] {logging_mixin.py:151} INFO - [2026-05-29T01:37:54.604+0200] {dag.py:3696} INFO - Setting next_dagrun for example_dynamic_task_mapping_with_no_taskflow_operators to 2026-05-27T23:37:54.603882+00:00, run_after=2026-05-28T23:37:54.603882+00:00
[2026-05-29T01:37:54.623+0200] {processor.py:179} INFO - Processing /home/frederic/airflow_venv/lib/python3.10/site-packages/airflow/example_dags/example_dynamic_task_mapping_with_no_taskflow_operators.py took 0.062 seconds
[2026-05-29T01:38:39.912+0200] {processor.py:157} INFO - Started process (PID=596229) to work on /home/frederic/airflow_venv/lib/python3.10/site-packages/airflow/example_dags/example_dynamic_task_mapping_with_no_taskflow_operators.py
[2026-05-29T01:38:39.913+0200] {processor.py:829} INFO - Processing file /home/frederic/airflow_venv/lib/python3.10/site-packages/airflow/example_dags/example_dynamic_task_mapping_with_no_taskflow_operators.py for tasks to queue
[2026-05-29T01:38:39.914+0200] {logging_mixin.py:151} INFO - [2026-05-29T01:38:39.914+0200] {dagbag.py:539} INFO - Filling up the DagBag from /home/frederic/airflow_venv/lib/python3.10/site-packages/airflow/example_dags/example_dynamic_task_mapping_with_no_taskflow_operators.py
[2026-05-29T01:38:39.922+0200] {processor.py:839} INFO - DAG(s) dict_keys(['example_dynamic_task_mapping_with_no_taskflow_operators']) retrieved from /home/frederic/airflow_venv/lib/python3.10/site-packages/airflow/example_dags/example_dynamic_task_mapping_with_no_taskflow_operators.py
[2026-05-29T01:38:39.937+0200] {logging_mixin.py:151} INFO - [2026-05-29T01:38:39.937+0200] {dag.py:2915} INFO - Sync 1 DAGs
[2026-05-29T01:38:39.963+0200] {logging_mixin.py:151} INFO - [2026-05-29T01:38:39.963+0200] {dag.py:3696} INFO - Setting next_dagrun for example_dynamic_task_mapping_with_no_taskflow_operators to 2026-05-27T23:38:39.963001+00:00, run_after=2026-05-28T23:38:39.963001+00:00
[2026-05-29T01:38:39.981+0200] {processor.py:179} INFO - Processing /home/frederic/airflow_venv/lib/python3.10/site-packages/airflow/example_dags/example_dynamic_task_mapping_with_no_taskflow_operators.py took 0.074 seconds
[2026-05-29T01:39:26.839+0200] {processor.py:157} INFO - Started process (PID=597404) to work on /home/frederic/airflow_venv/lib/python3.10/site-packages/airflow/example_dags/example_dynamic_task_mapping_with_no_taskflow_operators.py
[2026-05-29T01:39:26.843+0200] {processor.py:829} INFO - Processing file /home/frederic/airflow_venv/lib/python3.10/site-packages/airflow/example_dags/example_dynamic_task_mapping_with_no_taskflow_operators.py for tasks to queue
[2026-05-29T01:39:26.843+0200] {logging_mixin.py:151} INFO - [2026-05-29T01:39:26.843+0200] {dagbag.py:539} INFO - Filling up the DagBag from /home/frederic/airflow_venv/lib/python3.10/site-packages/airflow/example_dags/example_dynamic_task_mapping_with_no_taskflow_operators.py
[2026-05-29T01:39:26.849+0200] {processor.py:839} INFO - DAG(s) dict_keys(['example_dynamic_task_mapping_with_no_taskflow_operators']) retrieved from /home/frederic/airflow_venv/lib/python3.10/site-packages/airflow/example_dags/example_dynamic_task_mapping_with_no_taskflow_operators.py
[2026-05-29T01:39:26.861+0200] {logging_mixin.py:151} INFO - [2026-05-29T01:39:26.860+0200] {dag.py:2915} INFO - Sync 1 DAGs
[2026-05-29T01:39:26.877+0200] {logging_mixin.py:151} INFO - [2026-05-29T01:39:26.877+0200] {dag.py:3696} INFO - Setting next_dagrun for example_dynamic_task_mapping_with_no_taskflow_operators to 2026-05-27T23:39:26.877098+00:00, run_after=2026-05-28T23:39:26.877098+00:00
[2026-05-29T01:39:26.892+0200] {processor.py:179} INFO - Processing /home/frederic/airflow_venv/lib/python3.10/site-packages/airflow/example_dags/example_dynamic_task_mapping_with_no_taskflow_operators.py took 0.055 seconds
[2026-05-29T01:40:16.190+0200] {processor.py:157} INFO - Started process (PID=598598) to work on /home/frederic/airflow_venv/lib/python3.10/site-packages/airflow/example_dags/example_dynamic_task_mapping_with_no_taskflow_operators.py
[2026-05-29T01:40:16.191+0200] {processor.py:829} INFO - Processing file /home/frederic/airflow_venv/lib/python3.10/site-packages/airflow/example_dags/example_dynamic_task_mapping_with_no_taskflow_operators.py for tasks to queue
[2026-05-29T01:40:16.192+0200] {logging_mixin.py:151} INFO - [2026-05-29T01:40:16.191+0200] {dagbag.py:539} INFO - Filling up the DagBag from /home/frederic/airflow_venv/lib/python3.10/site-packages/airflow/example_dags/example_dynamic_task_mapping_with_no_taskflow_operators.py
[2026-05-29T01:40:16.198+0200] {processor.py:839} INFO - DAG(s) dict_keys(['example_dynamic_task_mapping_with_no_taskflow_operators']) retrieved from /home/frederic/airflow_venv/lib/python3.10/site-packages/airflow/example_dags/example_dynamic_task_mapping_with_no_taskflow_operators.py
[2026-05-29T01:40:16.215+0200] {logging_mixin.py:151} INFO - [2026-05-29T01:40:16.215+0200] {dag.py:2915} INFO - Sync 1 DAGs
[2026-05-29T01:40:16.236+0200] {logging_mixin.py:151} INFO - [2026-05-29T01:40:16.236+0200] {dag.py:3696} INFO - Setting next_dagrun for example_dynamic_task_mapping_with_no_taskflow_operators to 2026-05-27T23:40:16.235839+00:00, run_after=2026-05-28T23:40:16.235839+00:00
[2026-05-29T01:40:16.254+0200] {processor.py:179} INFO - Processing /home/frederic/airflow_venv/lib/python3.10/site-packages/airflow/example_dags/example_dynamic_task_mapping_with_no_taskflow_operators.py took 0.068 seconds
[2026-05-29T01:41:04.199+0200] {processor.py:157} INFO - Started process (PID=599688) to work on /home/frederic/airflow_venv/lib/python3.10/site-packages/airflow/example_dags/example_dynamic_task_mapping_with_no_taskflow_operators.py
[2026-05-29T01:41:04.200+0200] {processor.py:829} INFO - Processing file /home/frederic/airflow_venv/lib/python3.10/site-packages/airflow/example_dags/example_dynamic_task_mapping_with_no_taskflow_operators.py for tasks to queue
[2026-05-29T01:41:04.201+0200] {logging_mixin.py:151} INFO - [2026-05-29T01:41:04.201+0200] {dagbag.py:539} INFO - Filling up the DagBag from /home/frederic/airflow_venv/lib/python3.10/site-packages/airflow/example_dags/example_dynamic_task_mapping_with_no_taskflow_operators.py
[2026-05-29T01:41:04.207+0200] {processor.py:839} INFO - DAG(s) dict_keys(['example_dynamic_task_mapping_with_no_taskflow_operators']) retrieved from /home/frederic/airflow_venv/lib/python3.10/site-packages/airflow/example_dags/example_dynamic_task_mapping_with_no_taskflow_operators.py
[2026-05-29T01:41:04.219+0200] {logging_mixin.py:151} INFO - [2026-05-29T01:41:04.218+0200] {dag.py:2915} INFO - Sync 1 DAGs
[2026-05-29T01:41:04.239+0200] {logging_mixin.py:151} INFO - [2026-05-29T01:41:04.238+0200] {dag.py:3696} INFO - Setting next_dagrun for example_dynamic_task_mapping_with_no_taskflow_operators to 2026-05-27T23:41:04.238786+00:00, run_after=2026-05-28T23:41:04.238786+00:00
[2026-05-29T01:41:04.255+0200] {processor.py:179} INFO - Processing /home/frederic/airflow_venv/lib/python3.10/site-packages/airflow/example_dags/example_dynamic_task_mapping_with_no_taskflow_operators.py took 0.058 seconds
[2026-05-29T01:41:47.447+0200] {processor.py:157} INFO - Started process (PID=600928) to work on /home/frederic/airflow_venv/lib/python3.10/site-packages/airflow/example_dags/example_dynamic_task_mapping_with_no_taskflow_operators.py
[2026-05-29T01:41:47.448+0200] {processor.py:829} INFO - Processing file /home/frederic/airflow_venv/lib/python3.10/site-packages/airflow/example_dags/example_dynamic_task_mapping_with_no_taskflow_operators.py for tasks to queue
[2026-05-29T01:41:47.448+0200] {logging_mixin.py:151} INFO - [2026-05-29T01:41:47.448+0200] {dagbag.py:539} INFO - Filling up the DagBag from /home/frederic/airflow_venv/lib/python3.10/site-packages/airflow/example_dags/example_dynamic_task_mapping_with_no_taskflow_operators.py
[2026-05-29T01:41:47.454+0200] {processor.py:839} INFO - DAG(s) dict_keys(['example_dynamic_task_mapping_with_no_taskflow_operators']) retrieved from /home/frederic/airflow_venv/lib/python3.10/site-packages/airflow/example_dags/example_dynamic_task_mapping_with_no_taskflow_operators.py
[2026-05-29T01:41:47.465+0200] {logging_mixin.py:151} INFO - [2026-05-29T01:41:47.465+0200] {dag.py:2915} INFO - Sync 1 DAGs
[2026-05-29T01:41:47.479+0200] {logging_mixin.py:151} INFO - [2026-05-29T01:41:47.479+0200] {dag.py:3696} INFO - Setting next_dagrun for example_dynamic_task_mapping_with_no_taskflow_operators to 2026-05-27T23:41:47.479112+00:00, run_after=2026-05-28T23:41:47.479112+00:00
[2026-05-29T01:41:47.493+0200] {processor.py:179} INFO - Processing /home/frederic/airflow_venv/lib/python3.10/site-packages/airflow/example_dags/example_dynamic_task_mapping_with_no_taskflow_operators.py took 0.048 seconds
[2026-05-29T01:42:31.600+0200] {processor.py:157} INFO - Started process (PID=601702) to work on /home/frederic/airflow_venv/lib/python3.10/site-packages/airflow/example_dags/example_dynamic_task_mapping_with_no_taskflow_operators.py
[2026-05-29T01:42:31.604+0200] {processor.py:829} INFO - Processing file /home/frederic/airflow_venv/lib/python3.10/site-packages/airflow/example_dags/example_dynamic_task_mapping_with_no_taskflow_operators.py for tasks to queue
[2026-05-29T01:42:31.604+0200] {logging_mixin.py:151} INFO - [2026-05-29T01:42:31.604+0200] {dagbag.py:539} INFO - Filling up the DagBag from /home/frederic/airflow_venv/lib/python3.10/site-packages/airflow/example_dags/example_dynamic_task_mapping_with_no_taskflow_operators.py
[2026-05-29T01:42:31.609+0200] {processor.py:839} INFO - DAG(s) dict_keys(['example_dynamic_task_mapping_with_no_taskflow_operators']) retrieved from /home/frederic/airflow_venv/lib/python3.10/site-packages/airflow/example_dags/example_dynamic_task_mapping_with_no_taskflow_operators.py
[2026-05-29T01:42:31.621+0200] {logging_mixin.py:151} INFO - [2026-05-29T01:42:31.620+0200] {dag.py:2915} INFO - Sync 1 DAGs
[2026-05-29T01:42:31.637+0200] {logging_mixin.py:151} INFO - [2026-05-29T01:42:31.636+0200] {dag.py:3696} INFO - Setting next_dagrun for example_dynamic_task_mapping_with_no_taskflow_operators to 2026-05-27T23:42:31.636799+00:00, run_after=2026-05-28T23:42:31.636799+00:00
[2026-05-29T01:42:31.651+0200] {processor.py:179} INFO - Processing /home/frederic/airflow_venv/lib/python3.10/site-packages/airflow/example_dags/example_dynamic_task_mapping_with_no_taskflow_operators.py took 0.053 seconds
[2026-05-29T01:43:20.163+0200] {processor.py:157} INFO - Started process (PID=602617) to work on /home/frederic/airflow_venv/lib/python3.10/site-packages/airflow/example_dags/example_dynamic_task_mapping_with_no_taskflow_operators.py
[2026-05-29T01:43:20.166+0200] {processor.py:829} INFO - Processing file /home/frederic/airflow_venv/lib/python3.10/site-packages/airflow/example_dags/example_dynamic_task_mapping_with_no_taskflow_operators.py for tasks to queue
[2026-05-29T01:43:20.167+0200] {logging_mixin.py:151} INFO - [2026-05-29T01:43:20.166+0200] {dagbag.py:539} INFO - Filling up the DagBag from /home/frederic/airflow_venv/lib/python3.10/site-packages/airflow/example_dags/example_dynamic_task_mapping_with_no_taskflow_operators.py
[2026-05-29T01:43:20.172+0200] {processor.py:839} INFO - DAG(s) dict_keys(['example_dynamic_task_mapping_with_no_taskflow_operators']) retrieved from /home/frederic/airflow_venv/lib/python3.10/site-packages/airflow/example_dags/example_dynamic_task_mapping_with_no_taskflow_operators.py
[2026-05-29T01:43:20.183+0200] {logging_mixin.py:151} INFO - [2026-05-29T01:43:20.183+0200] {dag.py:2915} INFO - Sync 1 DAGs
[2026-05-29T01:43:20.198+0200] {logging_mixin.py:151} INFO - [2026-05-29T01:43:20.198+0200] {dag.py:3696} INFO - Setting next_dagrun for example_dynamic_task_mapping_with_no_taskflow_operators to 2026-05-27T23:43:20.198283+00:00, run_after=2026-05-28T23:43:20.198283+00:00
[2026-05-29T01:43:20.212+0200] {processor.py:179} INFO - Processing /home/frederic/airflow_venv/lib/python3.10/site-packages/airflow/example_dags/example_dynamic_task_mapping_with_no_taskflow_operators.py took 0.052 seconds
[2026-05-29T01:44:09.650+0200] {processor.py:157} INFO - Started process (PID=603421) to work on /home/frederic/airflow_venv/lib/python3.10/site-packages/airflow/example_dags/example_dynamic_task_mapping_with_no_taskflow_operators.py
[2026-05-29T01:44:09.651+0200] {processor.py:829} INFO - Processing file /home/frederic/airflow_venv/lib/python3.10/site-packages/airflow/example_dags/example_dynamic_task_mapping_with_no_taskflow_operators.py for tasks to queue
[2026-05-29T01:44:09.651+0200] {logging_mixin.py:151} INFO - [2026-05-29T01:44:09.651+0200] {dagbag.py:539} INFO - Filling up the DagBag from /home/frederic/airflow_venv/lib/python3.10/site-packages/airflow/example_dags/example_dynamic_task_mapping_with_no_taskflow_operators.py
[2026-05-29T01:44:09.657+0200] {processor.py:839} INFO - DAG(s) dict_keys(['example_dynamic_task_mapping_with_no_taskflow_operators']) retrieved from /home/frederic/airflow_venv/lib/python3.10/site-packages/airflow/example_dags/example_dynamic_task_mapping_with_no_taskflow_operators.py
[2026-05-29T01:44:09.669+0200] {logging_mixin.py:151} INFO - [2026-05-29T01:44:09.668+0200] {dag.py:2915} INFO - Sync 1 DAGs
[2026-05-29T01:44:09.685+0200] {logging_mixin.py:151} INFO - [2026-05-29T01:44:09.685+0200] {dag.py:3696} INFO - Setting next_dagrun for example_dynamic_task_mapping_with_no_taskflow_operators to 2026-05-27T23:44:09.685097+00:00, run_after=2026-05-28T23:44:09.685097+00:00
[2026-05-29T01:44:09.702+0200] {processor.py:179} INFO - Processing /home/frederic/airflow_venv/lib/python3.10/site-packages/airflow/example_dags/example_dynamic_task_mapping_with_no_taskflow_operators.py took 0.055 seconds
[2026-05-29T01:44:57.912+0200] {processor.py:157} INFO - Started process (PID=604928) to work on /home/frederic/airflow_venv/lib/python3.10/site-packages/airflow/example_dags/example_dynamic_task_mapping_with_no_taskflow_operators.py
[2026-05-29T01:44:57.916+0200] {processor.py:829} INFO - Processing file /home/frederic/airflow_venv/lib/python3.10/site-packages/airflow/example_dags/example_dynamic_task_mapping_with_no_taskflow_operators.py for tasks to queue
[2026-05-29T01:44:57.917+0200] {logging_mixin.py:151} INFO - [2026-05-29T01:44:57.917+0200] {dagbag.py:539} INFO - Filling up the DagBag from /home/frederic/airflow_venv/lib/python3.10/site-packages/airflow/example_dags/example_dynamic_task_mapping_with_no_taskflow_operators.py
[2026-05-29T01:44:57.924+0200] {processor.py:839} INFO - DAG(s) dict_keys(['example_dynamic_task_mapping_with_no_taskflow_operators']) retrieved from /home/frederic/airflow_venv/lib/python3.10/site-packages/airflow/example_dags/example_dynamic_task_mapping_with_no_taskflow_operators.py
[2026-05-29T01:44:57.935+0200] {logging_mixin.py:151} INFO - [2026-05-29T01:44:57.935+0200] {dag.py:2915} INFO - Sync 1 DAGs
[2026-05-29T01:44:57.952+0200] {logging_mixin.py:151} INFO - [2026-05-29T01:44:57.952+0200] {dag.py:3696} INFO - Setting next_dagrun for example_dynamic_task_mapping_with_no_taskflow_operators to 2026-05-27T23:44:57.952211+00:00, run_after=2026-05-28T23:44:57.952211+00:00
[2026-05-29T01:44:57.970+0200] {processor.py:179} INFO - Processing /home/frederic/airflow_venv/lib/python3.10/site-packages/airflow/example_dags/example_dynamic_task_mapping_with_no_taskflow_operators.py took 0.061 seconds
[2026-05-29T01:45:48.464+0200] {processor.py:157} INFO - Started process (PID=606715) to work on /home/frederic/airflow_venv/lib/python3.10/site-packages/airflow/example_dags/example_dynamic_task_mapping_with_no_taskflow_operators.py
[2026-05-29T01:45:48.467+0200] {processor.py:829} INFO - Processing file /home/frederic/airflow_venv/lib/python3.10/site-packages/airflow/example_dags/example_dynamic_task_mapping_with_no_taskflow_operators.py for tasks to queue
[2026-05-29T01:45:48.468+0200] {logging_mixin.py:151} INFO - [2026-05-29T01:45:48.468+0200] {dagbag.py:539} INFO - Filling up the DagBag from /home/frederic/airflow_venv/lib/python3.10/site-packages/airflow/example_dags/example_dynamic_task_mapping_with_no_taskflow_operators.py
[2026-05-29T01:45:48.474+0200] {processor.py:839} INFO - DAG(s) dict_keys(['example_dynamic_task_mapping_with_no_taskflow_operators']) retrieved from /home/frederic/airflow_venv/lib/python3.10/site-packages/airflow/example_dags/example_dynamic_task_mapping_with_no_taskflow_operators.py
[2026-05-29T01:45:48.486+0200] {logging_mixin.py:151} INFO - [2026-05-29T01:45:48.486+0200] {dag.py:2915} INFO - Sync 1 DAGs
[2026-05-29T01:45:48.504+0200] {logging_mixin.py:151} INFO - [2026-05-29T01:45:48.504+0200] {dag.py:3696} INFO - Setting next_dagrun for example_dynamic_task_mapping_with_no_taskflow_operators to 2026-05-27T23:45:48.504218+00:00, run_after=2026-05-28T23:45:48.504218+00:00
[2026-05-29T01:45:48.521+0200] {processor.py:179} INFO - Processing /home/frederic/airflow_venv/lib/python3.10/site-packages/airflow/example_dags/example_dynamic_task_mapping_with_no_taskflow_operators.py took 0.060 seconds
[2026-05-29T01:46:38.729+0200] {processor.py:157} INFO - Started process (PID=608970) to work on /home/frederic/airflow_venv/lib/python3.10/site-packages/airflow/example_dags/example_dynamic_task_mapping_with_no_taskflow_operators.py
[2026-05-29T01:46:38.730+0200] {processor.py:829} INFO - Processing file /home/frederic/airflow_venv/lib/python3.10/site-packages/airflow/example_dags/example_dynamic_task_mapping_with_no_taskflow_operators.py for tasks to queue
[2026-05-29T01:46:38.731+0200] {logging_mixin.py:151} INFO - [2026-05-29T01:46:38.731+0200] {dagbag.py:539} INFO - Filling up the DagBag from /home/frederic/airflow_venv/lib/python3.10/site-packages/airflow/example_dags/example_dynamic_task_mapping_with_no_taskflow_operators.py
[2026-05-29T01:46:38.736+0200] {processor.py:839} INFO - DAG(s) dict_keys(['example_dynamic_task_mapping_with_no_taskflow_operators']) retrieved from /home/frederic/airflow_venv/lib/python3.10/site-packages/airflow/example_dags/example_dynamic_task_mapping_with_no_taskflow_operators.py
[2026-05-29T01:46:38.748+0200] {logging_mixin.py:151} INFO - [2026-05-29T01:46:38.748+0200] {dag.py:2915} INFO - Sync 1 DAGs
[2026-05-29T01:46:38.763+0200] {logging_mixin.py:151} INFO - [2026-05-29T01:46:38.763+0200] {dag.py:3696} INFO - Setting next_dagrun for example_dynamic_task_mapping_with_no_taskflow_operators to 2026-05-27T23:46:38.763587+00:00, run_after=2026-05-28T23:46:38.763587+00:00
[2026-05-29T01:46:38.777+0200] {processor.py:179} INFO - Processing /home/frederic/airflow_venv/lib/python3.10/site-packages/airflow/example_dags/example_dynamic_task_mapping_with_no_taskflow_operators.py took 0.050 seconds
[2026-05-29T01:47:23.778+0200] {processor.py:157} INFO - Started process (PID=610230) to work on /home/frederic/airflow_venv/lib/python3.10/site-packages/airflow/example_dags/example_dynamic_task_mapping_with_no_taskflow_operators.py
[2026-05-29T01:47:23.779+0200] {processor.py:829} INFO - Processing file /home/frederic/airflow_venv/lib/python3.10/site-packages/airflow/example_dags/example_dynamic_task_mapping_with_no_taskflow_operators.py for tasks to queue
[2026-05-29T01:47:23.779+0200] {logging_mixin.py:151} INFO - [2026-05-29T01:47:23.779+0200] {dagbag.py:539} INFO - Filling up the DagBag from /home/frederic/airflow_venv/lib/python3.10/site-packages/airflow/example_dags/example_dynamic_task_mapping_with_no_taskflow_operators.py
[2026-05-29T01:47:23.785+0200] {processor.py:839} INFO - DAG(s) dict_keys(['example_dynamic_task_mapping_with_no_taskflow_operators']) retrieved from /home/frederic/airflow_venv/lib/python3.10/site-packages/airflow/example_dags/example_dynamic_task_mapping_with_no_taskflow_operators.py
[2026-05-29T01:47:23.797+0200] {logging_mixin.py:151} INFO - [2026-05-29T01:47:23.796+0200] {dag.py:2915} INFO - Sync 1 DAGs
[2026-05-29T01:47:23.818+0200] {logging_mixin.py:151} INFO - [2026-05-29T01:47:23.818+0200] {dag.py:3696} INFO - Setting next_dagrun for example_dynamic_task_mapping_with_no_taskflow_operators to 2026-05-27T23:47:23.817795+00:00, run_after=2026-05-28T23:47:23.817795+00:00
[2026-05-29T01:47:23.835+0200] {processor.py:179} INFO - Processing /home/frederic/airflow_venv/lib/python3.10/site-packages/airflow/example_dags/example_dynamic_task_mapping_with_no_taskflow_operators.py took 0.059 seconds
[2026-05-29T01:48:08.288+0200] {processor.py:157} INFO - Started process (PID=611584) to work on /home/frederic/airflow_venv/lib/python3.10/site-packages/airflow/example_dags/example_dynamic_task_mapping_with_no_taskflow_operators.py
[2026-05-29T01:48:08.289+0200] {processor.py:829} INFO - Processing file /home/frederic/airflow_venv/lib/python3.10/site-packages/airflow/example_dags/example_dynamic_task_mapping_with_no_taskflow_operators.py for tasks to queue
[2026-05-29T01:48:08.289+0200] {logging_mixin.py:151} INFO - [2026-05-29T01:48:08.289+0200] {dagbag.py:539} INFO - Filling up the DagBag from /home/frederic/airflow_venv/lib/python3.10/site-packages/airflow/example_dags/example_dynamic_task_mapping_with_no_taskflow_operators.py
[2026-05-29T01:48:08.295+0200] {processor.py:839} INFO - DAG(s) dict_keys(['example_dynamic_task_mapping_with_no_taskflow_operators']) retrieved from /home/frederic/airflow_venv/lib/python3.10/site-packages/airflow/example_dags/example_dynamic_task_mapping_with_no_taskflow_operators.py
[2026-05-29T01:48:08.306+0200] {logging_mixin.py:151} INFO - [2026-05-29T01:48:08.306+0200] {dag.py:2915} INFO - Sync 1 DAGs
[2026-05-29T01:48:08.321+0200] {logging_mixin.py:151} INFO - [2026-05-29T01:48:08.321+0200] {dag.py:3696} INFO - Setting next_dagrun for example_dynamic_task_mapping_with_no_taskflow_operators to 2026-05-27T23:48:08.321499+00:00, run_after=2026-05-28T23:48:08.321499+00:00
[2026-05-29T01:48:08.335+0200] {processor.py:179} INFO - Processing /home/frederic/airflow_venv/lib/python3.10/site-packages/airflow/example_dags/example_dynamic_task_mapping_with_no_taskflow_operators.py took 0.050 seconds
[2026-05-29T01:48:54.796+0200] {processor.py:157} INFO - Started process (PID=612884) to work on /home/frederic/airflow_venv/lib/python3.10/site-packages/airflow/example_dags/example_dynamic_task_mapping_with_no_taskflow_operators.py
[2026-05-29T01:48:54.799+0200] {processor.py:829} INFO - Processing file /home/frederic/airflow_venv/lib/python3.10/site-packages/airflow/example_dags/example_dynamic_task_mapping_with_no_taskflow_operators.py for tasks to queue
[2026-05-29T01:48:54.800+0200] {logging_mixin.py:151} INFO - [2026-05-29T01:48:54.800+0200] {dagbag.py:539} INFO - Filling up the DagBag from /home/frederic/airflow_venv/lib/python3.10/site-packages/airflow/example_dags/example_dynamic_task_mapping_with_no_taskflow_operators.py
[2026-05-29T01:48:54.806+0200] {processor.py:839} INFO - DAG(s) dict_keys(['example_dynamic_task_mapping_with_no_taskflow_operators']) retrieved from /home/frederic/airflow_venv/lib/python3.10/site-packages/airflow/example_dags/example_dynamic_task_mapping_with_no_taskflow_operators.py
[2026-05-29T01:48:54.817+0200] {logging_mixin.py:151} INFO - [2026-05-29T01:48:54.817+0200] {dag.py:2915} INFO - Sync 1 DAGs
[2026-05-29T01:48:54.832+0200] {logging_mixin.py:151} INFO - [2026-05-29T01:48:54.832+0200] {dag.py:3696} INFO - Setting next_dagrun for example_dynamic_task_mapping_with_no_taskflow_operators to 2026-05-27T23:48:54.832277+00:00, run_after=2026-05-28T23:48:54.832277+00:00
[2026-05-29T01:48:54.847+0200] {processor.py:179} INFO - Processing /home/frederic/airflow_venv/lib/python3.10/site-packages/airflow/example_dags/example_dynamic_task_mapping_with_no_taskflow_operators.py took 0.053 seconds
[2026-05-29T01:49:37.642+0200] {processor.py:157} INFO - Started process (PID=613925) to work on /home/frederic/airflow_venv/lib/python3.10/site-packages/airflow/example_dags/example_dynamic_task_mapping_with_no_taskflow_operators.py
[2026-05-29T01:49:37.643+0200] {processor.py:829} INFO - Processing file /home/frederic/airflow_venv/lib/python3.10/site-packages/airflow/example_dags/example_dynamic_task_mapping_with_no_taskflow_operators.py for tasks to queue
[2026-05-29T01:49:37.644+0200] {logging_mixin.py:151} INFO - [2026-05-29T01:49:37.643+0200] {dagbag.py:539} INFO - Filling up the DagBag from /home/frederic/airflow_venv/lib/python3.10/site-packages/airflow/example_dags/example_dynamic_task_mapping_with_no_taskflow_operators.py
[2026-05-29T01:49:37.649+0200] {processor.py:839} INFO - DAG(s) dict_keys(['example_dynamic_task_mapping_with_no_taskflow_operators']) retrieved from /home/frederic/airflow_venv/lib/python3.10/site-packages/airflow/example_dags/example_dynamic_task_mapping_with_no_taskflow_operators.py
[2026-05-29T01:49:37.662+0200] {logging_mixin.py:151} INFO - [2026-05-29T01:49:37.662+0200] {dag.py:2915} INFO - Sync 1 DAGs
[2026-05-29T01:49:37.685+0200] {logging_mixin.py:151} INFO - [2026-05-29T01:49:37.684+0200] {dag.py:3696} INFO - Setting next_dagrun for example_dynamic_task_mapping_with_no_taskflow_operators to 2026-05-27T23:49:37.684636+00:00, run_after=2026-05-28T23:49:37.684636+00:00
[2026-05-29T01:49:37.703+0200] {processor.py:179} INFO - Processing /home/frederic/airflow_venv/lib/python3.10/site-packages/airflow/example_dags/example_dynamic_task_mapping_with_no_taskflow_operators.py took 0.065 seconds
[2026-05-29T01:50:21.063+0200] {processor.py:157} INFO - Started process (PID=615111) to work on /home/frederic/airflow_venv/lib/python3.10/site-packages/airflow/example_dags/example_dynamic_task_mapping_with_no_taskflow_operators.py
[2026-05-29T01:50:21.066+0200] {processor.py:829} INFO - Processing file /home/frederic/airflow_venv/lib/python3.10/site-packages/airflow/example_dags/example_dynamic_task_mapping_with_no_taskflow_operators.py for tasks to queue
[2026-05-29T01:50:21.067+0200] {logging_mixin.py:151} INFO - [2026-05-29T01:50:21.067+0200] {dagbag.py:539} INFO - Filling up the DagBag from /home/frederic/airflow_venv/lib/python3.10/site-packages/airflow/example_dags/example_dynamic_task_mapping_with_no_taskflow_operators.py
[2026-05-29T01:50:21.076+0200] {processor.py:839} INFO - DAG(s) dict_keys(['example_dynamic_task_mapping_with_no_taskflow_operators']) retrieved from /home/frederic/airflow_venv/lib/python3.10/site-packages/airflow/example_dags/example_dynamic_task_mapping_with_no_taskflow_operators.py
[2026-05-29T01:50:21.093+0200] {logging_mixin.py:151} INFO - [2026-05-29T01:50:21.093+0200] {dag.py:2915} INFO - Sync 1 DAGs
[2026-05-29T01:50:21.113+0200] {logging_mixin.py:151} INFO - [2026-05-29T01:50:21.113+0200] {dag.py:3696} INFO - Setting next_dagrun for example_dynamic_task_mapping_with_no_taskflow_operators to 2026-05-27T23:50:21.113387+00:00, run_after=2026-05-28T23:50:21.113387+00:00
[2026-05-29T01:50:21.134+0200] {processor.py:179} INFO - Processing /home/frederic/airflow_venv/lib/python3.10/site-packages/airflow/example_dags/example_dynamic_task_mapping_with_no_taskflow_operators.py took 0.075 seconds
[2026-05-29T01:51:15.014+0200] {processor.py:157} INFO - Started process (PID=616659) to work on /home/frederic/airflow_venv/lib/python3.10/site-packages/airflow/example_dags/example_dynamic_task_mapping_with_no_taskflow_operators.py
[2026-05-29T01:51:15.015+0200] {processor.py:829} INFO - Processing file /home/frederic/airflow_venv/lib/python3.10/site-packages/airflow/example_dags/example_dynamic_task_mapping_with_no_taskflow_operators.py for tasks to queue
[2026-05-29T01:51:15.015+0200] {logging_mixin.py:151} INFO - [2026-05-29T01:51:15.015+0200] {dagbag.py:539} INFO - Filling up the DagBag from /home/frederic/airflow_venv/lib/python3.10/site-packages/airflow/example_dags/example_dynamic_task_mapping_with_no_taskflow_operators.py
[2026-05-29T01:51:15.021+0200] {processor.py:839} INFO - DAG(s) dict_keys(['example_dynamic_task_mapping_with_no_taskflow_operators']) retrieved from /home/frederic/airflow_venv/lib/python3.10/site-packages/airflow/example_dags/example_dynamic_task_mapping_with_no_taskflow_operators.py
[2026-05-29T01:51:15.035+0200] {logging_mixin.py:151} INFO - [2026-05-29T01:51:15.035+0200] {dag.py:2915} INFO - Sync 1 DAGs
[2026-05-29T01:51:15.051+0200] {logging_mixin.py:151} INFO - [2026-05-29T01:51:15.051+0200] {dag.py:3696} INFO - Setting next_dagrun for example_dynamic_task_mapping_with_no_taskflow_operators to 2026-05-27T23:51:15.051328+00:00, run_after=2026-05-28T23:51:15.051328+00:00
[2026-05-29T01:51:15.066+0200] {processor.py:179} INFO - Processing /home/frederic/airflow_venv/lib/python3.10/site-packages/airflow/example_dags/example_dynamic_task_mapping_with_no_taskflow_operators.py took 0.054 seconds
[2026-05-29T01:52:06.465+0200] {processor.py:157} INFO - Started process (PID=617980) to work on /home/frederic/airflow_venv/lib/python3.10/site-packages/airflow/example_dags/example_dynamic_task_mapping_with_no_taskflow_operators.py
[2026-05-29T01:52:06.466+0200] {processor.py:829} INFO - Processing file /home/frederic/airflow_venv/lib/python3.10/site-packages/airflow/example_dags/example_dynamic_task_mapping_with_no_taskflow_operators.py for tasks to queue
[2026-05-29T01:52:06.467+0200] {logging_mixin.py:151} INFO - [2026-05-29T01:52:06.466+0200] {dagbag.py:539} INFO - Filling up the DagBag from /home/frederic/airflow_venv/lib/python3.10/site-packages/airflow/example_dags/example_dynamic_task_mapping_with_no_taskflow_operators.py
[2026-05-29T01:52:06.473+0200] {processor.py:839} INFO - DAG(s) dict_keys(['example_dynamic_task_mapping_with_no_taskflow_operators']) retrieved from /home/frederic/airflow_venv/lib/python3.10/site-packages/airflow/example_dags/example_dynamic_task_mapping_with_no_taskflow_operators.py
[2026-05-29T01:52:06.484+0200] {logging_mixin.py:151} INFO - [2026-05-29T01:52:06.484+0200] {dag.py:2915} INFO - Sync 1 DAGs
[2026-05-29T01:52:06.500+0200] {logging_mixin.py:151} INFO - [2026-05-29T01:52:06.500+0200] {dag.py:3696} INFO - Setting next_dagrun for example_dynamic_task_mapping_with_no_taskflow_operators to 2026-05-27T23:52:06.500454+00:00, run_after=2026-05-28T23:52:06.500454+00:00
[2026-05-29T01:52:06.514+0200] {processor.py:179} INFO - Processing /home/frederic/airflow_venv/lib/python3.10/site-packages/airflow/example_dags/example_dynamic_task_mapping_with_no_taskflow_operators.py took 0.052 seconds
[2026-05-29T01:52:54.468+0200] {processor.py:157} INFO - Started process (PID=619579) to work on /home/frederic/airflow_venv/lib/python3.10/site-packages/airflow/example_dags/example_dynamic_task_mapping_with_no_taskflow_operators.py
[2026-05-29T01:52:54.469+0200] {processor.py:829} INFO - Processing file /home/frederic/airflow_venv/lib/python3.10/site-packages/airflow/example_dags/example_dynamic_task_mapping_with_no_taskflow_operators.py for tasks to queue
[2026-05-29T01:52:54.470+0200] {logging_mixin.py:151} INFO - [2026-05-29T01:52:54.470+0200] {dagbag.py:539} INFO - Filling up the DagBag from /home/frederic/airflow_venv/lib/python3.10/site-packages/airflow/example_dags/example_dynamic_task_mapping_with_no_taskflow_operators.py
[2026-05-29T01:52:54.476+0200] {processor.py:839} INFO - DAG(s) dict_keys(['example_dynamic_task_mapping_with_no_taskflow_operators']) retrieved from /home/frederic/airflow_venv/lib/python3.10/site-packages/airflow/example_dags/example_dynamic_task_mapping_with_no_taskflow_operators.py
[2026-05-29T01:52:54.486+0200] {logging_mixin.py:151} INFO - [2026-05-29T01:52:54.486+0200] {dag.py:2915} INFO - Sync 1 DAGs
[2026-05-29T01:52:54.501+0200] {logging_mixin.py:151} INFO - [2026-05-29T01:52:54.501+0200] {dag.py:3696} INFO - Setting next_dagrun for example_dynamic_task_mapping_with_no_taskflow_operators to 2026-05-27T23:52:54.501264+00:00, run_after=2026-05-28T23:52:54.501264+00:00
[2026-05-29T01:52:54.516+0200] {processor.py:179} INFO - Processing /home/frederic/airflow_venv/lib/python3.10/site-packages/airflow/example_dags/example_dynamic_task_mapping_with_no_taskflow_operators.py took 0.050 seconds
[2026-05-29T01:53:38.846+0200] {processor.py:157} INFO - Started process (PID=620812) to work on /home/frederic/airflow_venv/lib/python3.10/site-packages/airflow/example_dags/example_dynamic_task_mapping_with_no_taskflow_operators.py
[2026-05-29T01:53:38.847+0200] {processor.py:829} INFO - Processing file /home/frederic/airflow_venv/lib/python3.10/site-packages/airflow/example_dags/example_dynamic_task_mapping_with_no_taskflow_operators.py for tasks to queue
[2026-05-29T01:53:38.848+0200] {logging_mixin.py:151} INFO - [2026-05-29T01:53:38.848+0200] {dagbag.py:539} INFO - Filling up the DagBag from /home/frederic/airflow_venv/lib/python3.10/site-packages/airflow/example_dags/example_dynamic_task_mapping_with_no_taskflow_operators.py
[2026-05-29T01:53:38.855+0200] {processor.py:839} INFO - DAG(s) dict_keys(['example_dynamic_task_mapping_with_no_taskflow_operators']) retrieved from /home/frederic/airflow_venv/lib/python3.10/site-packages/airflow/example_dags/example_dynamic_task_mapping_with_no_taskflow_operators.py
[2026-05-29T01:53:38.867+0200] {logging_mixin.py:151} INFO - [2026-05-29T01:53:38.866+0200] {dag.py:2915} INFO - Sync 1 DAGs
[2026-05-29T01:53:38.885+0200] {logging_mixin.py:151} INFO - [2026-05-29T01:53:38.885+0200] {dag.py:3696} INFO - Setting next_dagrun for example_dynamic_task_mapping_with_no_taskflow_operators to 2026-05-27T23:53:38.885316+00:00, run_after=2026-05-28T23:53:38.885316+00:00
[2026-05-29T01:53:38.905+0200] {processor.py:179} INFO - Processing /home/frederic/airflow_venv/lib/python3.10/site-packages/airflow/example_dags/example_dynamic_task_mapping_with_no_taskflow_operators.py took 0.061 seconds
[2026-05-29T01:54:26.965+0200] {processor.py:157} INFO - Started process (PID=622010) to work on /home/frederic/airflow_venv/lib/python3.10/site-packages/airflow/example_dags/example_dynamic_task_mapping_with_no_taskflow_operators.py
[2026-05-29T01:54:26.966+0200] {processor.py:829} INFO - Processing file /home/frederic/airflow_venv/lib/python3.10/site-packages/airflow/example_dags/example_dynamic_task_mapping_with_no_taskflow_operators.py for tasks to queue
[2026-05-29T01:54:26.967+0200] {logging_mixin.py:151} INFO - [2026-05-29T01:54:26.966+0200] {dagbag.py:539} INFO - Filling up the DagBag from /home/frederic/airflow_venv/lib/python3.10/site-packages/airflow/example_dags/example_dynamic_task_mapping_with_no_taskflow_operators.py
[2026-05-29T01:54:26.976+0200] {processor.py:839} INFO - DAG(s) dict_keys(['example_dynamic_task_mapping_with_no_taskflow_operators']) retrieved from /home/frederic/airflow_venv/lib/python3.10/site-packages/airflow/example_dags/example_dynamic_task_mapping_with_no_taskflow_operators.py
[2026-05-29T01:54:26.990+0200] {logging_mixin.py:151} INFO - [2026-05-29T01:54:26.990+0200] {dag.py:2915} INFO - Sync 1 DAGs
[2026-05-29T01:54:27.012+0200] {logging_mixin.py:151} INFO - [2026-05-29T01:54:27.012+0200] {dag.py:3696} INFO - Setting next_dagrun for example_dynamic_task_mapping_with_no_taskflow_operators to 2026-05-27T23:54:27.012296+00:00, run_after=2026-05-28T23:54:27.012296+00:00
[2026-05-29T01:54:27.035+0200] {processor.py:179} INFO - Processing /home/frederic/airflow_venv/lib/python3.10/site-packages/airflow/example_dags/example_dynamic_task_mapping_with_no_taskflow_operators.py took 0.073 seconds
[2026-05-29T01:55:11.277+0200] {processor.py:157} INFO - Started process (PID=623736) to work on /home/frederic/airflow_venv/lib/python3.10/site-packages/airflow/example_dags/example_dynamic_task_mapping_with_no_taskflow_operators.py
[2026-05-29T01:55:11.279+0200] {processor.py:829} INFO - Processing file /home/frederic/airflow_venv/lib/python3.10/site-packages/airflow/example_dags/example_dynamic_task_mapping_with_no_taskflow_operators.py for tasks to queue
[2026-05-29T01:55:11.279+0200] {logging_mixin.py:151} INFO - [2026-05-29T01:55:11.279+0200] {dagbag.py:539} INFO - Filling up the DagBag from /home/frederic/airflow_venv/lib/python3.10/site-packages/airflow/example_dags/example_dynamic_task_mapping_with_no_taskflow_operators.py
[2026-05-29T01:55:11.285+0200] {processor.py:839} INFO - DAG(s) dict_keys(['example_dynamic_task_mapping_with_no_taskflow_operators']) retrieved from /home/frederic/airflow_venv/lib/python3.10/site-packages/airflow/example_dags/example_dynamic_task_mapping_with_no_taskflow_operators.py
[2026-05-29T01:55:11.296+0200] {logging_mixin.py:151} INFO - [2026-05-29T01:55:11.296+0200] {dag.py:2915} INFO - Sync 1 DAGs
[2026-05-29T01:55:11.315+0200] {logging_mixin.py:151} INFO - [2026-05-29T01:55:11.315+0200] {dag.py:3696} INFO - Setting next_dagrun for example_dynamic_task_mapping_with_no_taskflow_operators to 2026-05-27T23:55:11.315239+00:00, run_after=2026-05-28T23:55:11.315239+00:00
[2026-05-29T01:55:11.336+0200] {processor.py:179} INFO - Processing /home/frederic/airflow_venv/lib/python3.10/site-packages/airflow/example_dags/example_dynamic_task_mapping_with_no_taskflow_operators.py took 0.061 seconds
[2026-05-29T01:55:52.986+0200] {processor.py:157} INFO - Started process (PID=625037) to work on /home/frederic/airflow_venv/lib/python3.10/site-packages/airflow/example_dags/example_dynamic_task_mapping_with_no_taskflow_operators.py
[2026-05-29T01:55:52.988+0200] {processor.py:829} INFO - Processing file /home/frederic/airflow_venv/lib/python3.10/site-packages/airflow/example_dags/example_dynamic_task_mapping_with_no_taskflow_operators.py for tasks to queue
[2026-05-29T01:55:52.989+0200] {logging_mixin.py:151} INFO - [2026-05-29T01:55:52.988+0200] {dagbag.py:539} INFO - Filling up the DagBag from /home/frederic/airflow_venv/lib/python3.10/site-packages/airflow/example_dags/example_dynamic_task_mapping_with_no_taskflow_operators.py
[2026-05-29T01:55:52.996+0200] {processor.py:839} INFO - DAG(s) dict_keys(['example_dynamic_task_mapping_with_no_taskflow_operators']) retrieved from /home/frederic/airflow_venv/lib/python3.10/site-packages/airflow/example_dags/example_dynamic_task_mapping_with_no_taskflow_operators.py
[2026-05-29T01:55:53.012+0200] {logging_mixin.py:151} INFO - [2026-05-29T01:55:53.012+0200] {dag.py:2915} INFO - Sync 1 DAGs
[2026-05-29T01:55:53.035+0200] {logging_mixin.py:151} INFO - [2026-05-29T01:55:53.035+0200] {dag.py:3696} INFO - Setting next_dagrun for example_dynamic_task_mapping_with_no_taskflow_operators to 2026-05-27T23:55:53.035195+00:00, run_after=2026-05-28T23:55:53.035195+00:00
[2026-05-29T01:55:53.057+0200] {processor.py:179} INFO - Processing /home/frederic/airflow_venv/lib/python3.10/site-packages/airflow/example_dags/example_dynamic_task_mapping_with_no_taskflow_operators.py took 0.075 seconds
[2026-05-29T01:55:59.826+0200] {processor.py:157} INFO - Started process (PID=625230) to work on /home/frederic/airflow_venv/lib/python3.10/site-packages/airflow/example_dags/example_dynamic_task_mapping_with_no_taskflow_operators.py
[2026-05-29T01:55:59.827+0200] {processor.py:829} INFO - Processing file /home/frederic/airflow_venv/lib/python3.10/site-packages/airflow/example_dags/example_dynamic_task_mapping_with_no_taskflow_operators.py for tasks to queue
[2026-05-29T01:55:59.829+0200] {logging_mixin.py:151} INFO - [2026-05-29T01:55:59.828+0200] {dagbag.py:539} INFO - Filling up the DagBag from /home/frederic/airflow_venv/lib/python3.10/site-packages/airflow/example_dags/example_dynamic_task_mapping_with_no_taskflow_operators.py
[2026-05-29T01:55:59.845+0200] {processor.py:839} INFO - DAG(s) dict_keys(['example_dynamic_task_mapping_with_no_taskflow_operators']) retrieved from /home/frederic/airflow_venv/lib/python3.10/site-packages/airflow/example_dags/example_dynamic_task_mapping_with_no_taskflow_operators.py
[2026-05-29T01:55:59.863+0200] {logging_mixin.py:151} INFO - [2026-05-29T01:55:59.863+0200] {dag.py:2915} INFO - Sync 1 DAGs
[2026-05-29T01:55:59.888+0200] {logging_mixin.py:151} INFO - [2026-05-29T01:55:59.888+0200] {dag.py:3696} INFO - Setting next_dagrun for example_dynamic_task_mapping_with_no_taskflow_operators to 2026-05-27T23:55:59.887911+00:00, run_after=2026-05-28T23:55:59.887911+00:00
[2026-05-29T01:55:59.912+0200] {processor.py:179} INFO - Processing /home/frederic/airflow_venv/lib/python3.10/site-packages/airflow/example_dags/example_dynamic_task_mapping_with_no_taskflow_operators.py took 0.090 seconds
[2026-05-29T01:56:45.656+0200] {processor.py:157} INFO - Started process (PID=626785) to work on /home/frederic/airflow_venv/lib/python3.10/site-packages/airflow/example_dags/example_dynamic_task_mapping_with_no_taskflow_operators.py
[2026-05-29T01:56:45.657+0200] {processor.py:829} INFO - Processing file /home/frederic/airflow_venv/lib/python3.10/site-packages/airflow/example_dags/example_dynamic_task_mapping_with_no_taskflow_operators.py for tasks to queue
[2026-05-29T01:56:45.659+0200] {logging_mixin.py:151} INFO - [2026-05-29T01:56:45.658+0200] {dagbag.py:539} INFO - Filling up the DagBag from /home/frederic/airflow_venv/lib/python3.10/site-packages/airflow/example_dags/example_dynamic_task_mapping_with_no_taskflow_operators.py
[2026-05-29T01:56:45.667+0200] {processor.py:839} INFO - DAG(s) dict_keys(['example_dynamic_task_mapping_with_no_taskflow_operators']) retrieved from /home/frederic/airflow_venv/lib/python3.10/site-packages/airflow/example_dags/example_dynamic_task_mapping_with_no_taskflow_operators.py
[2026-05-29T01:56:45.683+0200] {logging_mixin.py:151} INFO - [2026-05-29T01:56:45.683+0200] {dag.py:2915} INFO - Sync 1 DAGs
[2026-05-29T01:56:45.706+0200] {logging_mixin.py:151} INFO - [2026-05-29T01:56:45.706+0200] {dag.py:3696} INFO - Setting next_dagrun for example_dynamic_task_mapping_with_no_taskflow_operators to 2026-05-27T23:56:45.705827+00:00, run_after=2026-05-28T23:56:45.705827+00:00
[2026-05-29T01:56:45.727+0200] {processor.py:179} INFO - Processing /home/frederic/airflow_venv/lib/python3.10/site-packages/airflow/example_dags/example_dynamic_task_mapping_with_no_taskflow_operators.py took 0.073 seconds
[2026-05-29T01:56:50.970+0200] {processor.py:157} INFO - Started process (PID=626968) to work on /home/frederic/airflow_venv/lib/python3.10/site-packages/airflow/example_dags/example_dynamic_task_mapping_with_no_taskflow_operators.py
[2026-05-29T01:56:50.972+0200] {processor.py:829} INFO - Processing file /home/frederic/airflow_venv/lib/python3.10/site-packages/airflow/example_dags/example_dynamic_task_mapping_with_no_taskflow_operators.py for tasks to queue
[2026-05-29T01:56:50.973+0200] {logging_mixin.py:151} INFO - [2026-05-29T01:56:50.973+0200] {dagbag.py:539} INFO - Filling up the DagBag from /home/frederic/airflow_venv/lib/python3.10/site-packages/airflow/example_dags/example_dynamic_task_mapping_with_no_taskflow_operators.py
[2026-05-29T01:56:50.981+0200] {processor.py:839} INFO - DAG(s) dict_keys(['example_dynamic_task_mapping_with_no_taskflow_operators']) retrieved from /home/frederic/airflow_venv/lib/python3.10/site-packages/airflow/example_dags/example_dynamic_task_mapping_with_no_taskflow_operators.py
[2026-05-29T01:56:50.998+0200] {logging_mixin.py:151} INFO - [2026-05-29T01:56:50.998+0200] {dag.py:2915} INFO - Sync 1 DAGs
[2026-05-29T01:56:51.024+0200] {logging_mixin.py:151} INFO - [2026-05-29T01:56:51.023+0200] {dag.py:3696} INFO - Setting next_dagrun for example_dynamic_task_mapping_with_no_taskflow_operators to 2026-05-27T23:56:51.023622+00:00, run_after=2026-05-28T23:56:51.023622+00:00
[2026-05-29T01:56:51.046+0200] {processor.py:179} INFO - Processing /home/frederic/airflow_venv/lib/python3.10/site-packages/airflow/example_dags/example_dynamic_task_mapping_with_no_taskflow_operators.py took 0.079 seconds
[2026-05-29T01:57:33.800+0200] {processor.py:157} INFO - Started process (PID=628229) to work on /home/frederic/airflow_venv/lib/python3.10/site-packages/airflow/example_dags/example_dynamic_task_mapping_with_no_taskflow_operators.py
[2026-05-29T01:57:33.801+0200] {processor.py:829} INFO - Processing file /home/frederic/airflow_venv/lib/python3.10/site-packages/airflow/example_dags/example_dynamic_task_mapping_with_no_taskflow_operators.py for tasks to queue
[2026-05-29T01:57:33.802+0200] {logging_mixin.py:151} INFO - [2026-05-29T01:57:33.802+0200] {dagbag.py:539} INFO - Filling up the DagBag from /home/frederic/airflow_venv/lib/python3.10/site-packages/airflow/example_dags/example_dynamic_task_mapping_with_no_taskflow_operators.py
[2026-05-29T01:57:33.809+0200] {processor.py:839} INFO - DAG(s) dict_keys(['example_dynamic_task_mapping_with_no_taskflow_operators']) retrieved from /home/frederic/airflow_venv/lib/python3.10/site-packages/airflow/example_dags/example_dynamic_task_mapping_with_no_taskflow_operators.py
[2026-05-29T01:57:33.822+0200] {logging_mixin.py:151} INFO - [2026-05-29T01:57:33.822+0200] {dag.py:2915} INFO - Sync 1 DAGs
[2026-05-29T01:57:33.840+0200] {logging_mixin.py:151} INFO - [2026-05-29T01:57:33.840+0200] {dag.py:3696} INFO - Setting next_dagrun for example_dynamic_task_mapping_with_no_taskflow_operators to 2026-05-27T23:57:33.839993+00:00, run_after=2026-05-28T23:57:33.839993+00:00
[2026-05-29T01:57:33.858+0200] {processor.py:179} INFO - Processing /home/frederic/airflow_venv/lib/python3.10/site-packages/airflow/example_dags/example_dynamic_task_mapping_with_no_taskflow_operators.py took 0.060 seconds
[2026-05-29T01:57:37.503+0200] {processor.py:157} INFO - Started process (PID=628452) to work on /home/frederic/airflow_venv/lib/python3.10/site-packages/airflow/example_dags/example_dynamic_task_mapping_with_no_taskflow_operators.py
[2026-05-29T01:57:37.503+0200] {processor.py:829} INFO - Processing file /home/frederic/airflow_venv/lib/python3.10/site-packages/airflow/example_dags/example_dynamic_task_mapping_with_no_taskflow_operators.py for tasks to queue
[2026-05-29T01:57:37.504+0200] {logging_mixin.py:151} INFO - [2026-05-29T01:57:37.504+0200] {dagbag.py:539} INFO - Filling up the DagBag from /home/frederic/airflow_venv/lib/python3.10/site-packages/airflow/example_dags/example_dynamic_task_mapping_with_no_taskflow_operators.py
[2026-05-29T01:57:37.515+0200] {processor.py:839} INFO - DAG(s) dict_keys(['example_dynamic_task_mapping_with_no_taskflow_operators']) retrieved from /home/frederic/airflow_venv/lib/python3.10/site-packages/airflow/example_dags/example_dynamic_task_mapping_with_no_taskflow_operators.py
[2026-05-29T01:57:37.535+0200] {logging_mixin.py:151} INFO - [2026-05-29T01:57:37.535+0200] {dag.py:2915} INFO - Sync 1 DAGs
[2026-05-29T01:57:37.562+0200] {logging_mixin.py:151} INFO - [2026-05-29T01:57:37.562+0200] {dag.py:3696} INFO - Setting next_dagrun for example_dynamic_task_mapping_with_no_taskflow_operators to 2026-05-27T23:57:37.562222+00:00, run_after=2026-05-28T23:57:37.562222+00:00
[2026-05-29T01:57:37.587+0200] {processor.py:179} INFO - Processing /home/frederic/airflow_venv/lib/python3.10/site-packages/airflow/example_dags/example_dynamic_task_mapping_with_no_taskflow_operators.py took 0.087 seconds
[2026-05-29T01:58:24.127+0200] {processor.py:157} INFO - Started process (PID=630198) to work on /home/frederic/airflow_venv/lib/python3.10/site-packages/airflow/example_dags/example_dynamic_task_mapping_with_no_taskflow_operators.py
[2026-05-29T01:58:24.129+0200] {processor.py:829} INFO - Processing file /home/frederic/airflow_venv/lib/python3.10/site-packages/airflow/example_dags/example_dynamic_task_mapping_with_no_taskflow_operators.py for tasks to queue
[2026-05-29T01:58:24.130+0200] {logging_mixin.py:151} INFO - [2026-05-29T01:58:24.130+0200] {dagbag.py:539} INFO - Filling up the DagBag from /home/frederic/airflow_venv/lib/python3.10/site-packages/airflow/example_dags/example_dynamic_task_mapping_with_no_taskflow_operators.py
[2026-05-29T01:58:24.142+0200] {processor.py:839} INFO - DAG(s) dict_keys(['example_dynamic_task_mapping_with_no_taskflow_operators']) retrieved from /home/frederic/airflow_venv/lib/python3.10/site-packages/airflow/example_dags/example_dynamic_task_mapping_with_no_taskflow_operators.py
[2026-05-29T01:58:24.160+0200] {logging_mixin.py:151} INFO - [2026-05-29T01:58:24.160+0200] {dag.py:2915} INFO - Sync 1 DAGs
[2026-05-29T01:58:24.178+0200] {logging_mixin.py:151} INFO - [2026-05-29T01:58:24.177+0200] {dag.py:3696} INFO - Setting next_dagrun for example_dynamic_task_mapping_with_no_taskflow_operators to 2026-05-27T23:58:24.177787+00:00, run_after=2026-05-28T23:58:24.177787+00:00
[2026-05-29T01:58:24.194+0200] {processor.py:179} INFO - Processing /home/frederic/airflow_venv/lib/python3.10/site-packages/airflow/example_dags/example_dynamic_task_mapping_with_no_taskflow_operators.py took 0.071 seconds
[2026-05-29T01:58:28.987+0200] {processor.py:157} INFO - Started process (PID=630365) to work on /home/frederic/airflow_venv/lib/python3.10/site-packages/airflow/example_dags/example_dynamic_task_mapping_with_no_taskflow_operators.py
[2026-05-29T01:58:28.989+0200] {processor.py:829} INFO - Processing file /home/frederic/airflow_venv/lib/python3.10/site-packages/airflow/example_dags/example_dynamic_task_mapping_with_no_taskflow_operators.py for tasks to queue
[2026-05-29T01:58:28.990+0200] {logging_mixin.py:151} INFO - [2026-05-29T01:58:28.989+0200] {dagbag.py:539} INFO - Filling up the DagBag from /home/frederic/airflow_venv/lib/python3.10/site-packages/airflow/example_dags/example_dynamic_task_mapping_with_no_taskflow_operators.py
[2026-05-29T01:58:29.001+0200] {processor.py:839} INFO - DAG(s) dict_keys(['example_dynamic_task_mapping_with_no_taskflow_operators']) retrieved from /home/frederic/airflow_venv/lib/python3.10/site-packages/airflow/example_dags/example_dynamic_task_mapping_with_no_taskflow_operators.py
[2026-05-29T01:58:29.028+0200] {logging_mixin.py:151} INFO - [2026-05-29T01:58:29.027+0200] {dag.py:2915} INFO - Sync 1 DAGs
[2026-05-29T01:58:29.058+0200] {logging_mixin.py:151} INFO - [2026-05-29T01:58:29.058+0200] {dag.py:3696} INFO - Setting next_dagrun for example_dynamic_task_mapping_with_no_taskflow_operators to 2026-05-27T23:58:29.057932+00:00, run_after=2026-05-28T23:58:29.057932+00:00
[2026-05-29T01:58:29.088+0200] {processor.py:179} INFO - Processing /home/frederic/airflow_venv/lib/python3.10/site-packages/airflow/example_dags/example_dynamic_task_mapping_with_no_taskflow_operators.py took 0.104 seconds
[2026-05-29T01:59:16.187+0200] {processor.py:157} INFO - Started process (PID=631923) to work on /home/frederic/airflow_venv/lib/python3.10/site-packages/airflow/example_dags/example_dynamic_task_mapping_with_no_taskflow_operators.py
[2026-05-29T01:59:16.188+0200] {processor.py:829} INFO - Processing file /home/frederic/airflow_venv/lib/python3.10/site-packages/airflow/example_dags/example_dynamic_task_mapping_with_no_taskflow_operators.py for tasks to queue
[2026-05-29T01:59:16.189+0200] {logging_mixin.py:151} INFO - [2026-05-29T01:59:16.189+0200] {dagbag.py:539} INFO - Filling up the DagBag from /home/frederic/airflow_venv/lib/python3.10/site-packages/airflow/example_dags/example_dynamic_task_mapping_with_no_taskflow_operators.py
[2026-05-29T01:59:16.195+0200] {processor.py:839} INFO - DAG(s) dict_keys(['example_dynamic_task_mapping_with_no_taskflow_operators']) retrieved from /home/frederic/airflow_venv/lib/python3.10/site-packages/airflow/example_dags/example_dynamic_task_mapping_with_no_taskflow_operators.py
[2026-05-29T01:59:16.207+0200] {logging_mixin.py:151} INFO - [2026-05-29T01:59:16.206+0200] {dag.py:2915} INFO - Sync 1 DAGs
[2026-05-29T01:59:16.222+0200] {logging_mixin.py:151} INFO - [2026-05-29T01:59:16.222+0200] {dag.py:3696} INFO - Setting next_dagrun for example_dynamic_task_mapping_with_no_taskflow_operators to 2026-05-27T23:59:16.222477+00:00, run_after=2026-05-28T23:59:16.222477+00:00
[2026-05-29T01:59:16.237+0200] {processor.py:179} INFO - Processing /home/frederic/airflow_venv/lib/python3.10/site-packages/airflow/example_dags/example_dynamic_task_mapping_with_no_taskflow_operators.py took 0.052 seconds
[2026-05-29T01:59:18.611+0200] {processor.py:157} INFO - Started process (PID=631988) to work on /home/frederic/airflow_venv/lib/python3.10/site-packages/airflow/example_dags/example_dynamic_task_mapping_with_no_taskflow_operators.py
[2026-05-29T01:59:18.612+0200] {processor.py:829} INFO - Processing file /home/frederic/airflow_venv/lib/python3.10/site-packages/airflow/example_dags/example_dynamic_task_mapping_with_no_taskflow_operators.py for tasks to queue
[2026-05-29T01:59:18.613+0200] {logging_mixin.py:151} INFO - [2026-05-29T01:59:18.612+0200] {dagbag.py:539} INFO - Filling up the DagBag from /home/frederic/airflow_venv/lib/python3.10/site-packages/airflow/example_dags/example_dynamic_task_mapping_with_no_taskflow_operators.py
[2026-05-29T01:59:18.620+0200] {processor.py:839} INFO - DAG(s) dict_keys(['example_dynamic_task_mapping_with_no_taskflow_operators']) retrieved from /home/frederic/airflow_venv/lib/python3.10/site-packages/airflow/example_dags/example_dynamic_task_mapping_with_no_taskflow_operators.py
[2026-05-29T01:59:18.645+0200] {logging_mixin.py:151} INFO - [2026-05-29T01:59:18.644+0200] {dag.py:2915} INFO - Sync 1 DAGs
[2026-05-29T01:59:18.668+0200] {logging_mixin.py:151} INFO - [2026-05-29T01:59:18.667+0200] {dag.py:3696} INFO - Setting next_dagrun for example_dynamic_task_mapping_with_no_taskflow_operators to 2026-05-27T23:59:18.667684+00:00, run_after=2026-05-28T23:59:18.667684+00:00
[2026-05-29T01:59:18.687+0200] {processor.py:179} INFO - Processing /home/frederic/airflow_venv/lib/python3.10/site-packages/airflow/example_dags/example_dynamic_task_mapping_with_no_taskflow_operators.py took 0.080 seconds
