[2026-05-29T01:37:12.274+0200] {processor.py:157} INFO - Started process (PID=594505) to work on /home/frederic/airflow_venv/lib/python3.10/site-packages/airflow/example_dags/example_dag_decorator.py
[2026-05-29T01:37:12.274+0200] {processor.py:829} INFO - Processing file /home/frederic/airflow_venv/lib/python3.10/site-packages/airflow/example_dags/example_dag_decorator.py for tasks to queue
[2026-05-29T01:37:12.275+0200] {logging_mixin.py:151} INFO - [2026-05-29T01:37:12.275+0200] {dagbag.py:539} INFO - Filling up the DagBag from /home/frederic/airflow_venv/lib/python3.10/site-packages/airflow/example_dags/example_dag_decorator.py
[2026-05-29T01:37:12.343+0200] {processor.py:839} INFO - DAG(s) dict_keys(['example_dag_decorator']) retrieved from /home/frederic/airflow_venv/lib/python3.10/site-packages/airflow/example_dags/example_dag_decorator.py
[2026-05-29T01:37:12.432+0200] {logging_mixin.py:151} INFO - [2026-05-29T01:37:12.432+0200] {manager.py:499} INFO - Created Permission View: %s
[2026-05-29T01:37:12.441+0200] {logging_mixin.py:151} INFO - [2026-05-29T01:37:12.441+0200] {manager.py:499} INFO - Created Permission View: %s
[2026-05-29T01:37:12.448+0200] {logging_mixin.py:151} INFO - [2026-05-29T01:37:12.448+0200] {manager.py:499} INFO - Created Permission View: %s
[2026-05-29T01:37:12.448+0200] {logging_mixin.py:151} INFO - [2026-05-29T01:37:12.448+0200] {security.py:708} INFO - Not syncing DAG-level permissions for DAG 'DAG:example_dag_decorator' as access control is unset.
[2026-05-29T01:37:12.449+0200] {logging_mixin.py:151} INFO - [2026-05-29T01:37:12.448+0200] {dag.py:2915} INFO - Sync 1 DAGs
[2026-05-29T01:37:12.459+0200] {logging_mixin.py:151} INFO - [2026-05-29T01:37:12.459+0200] {dag.py:2937} INFO - Creating ORM DAG for example_dag_decorator
[2026-05-29T01:37:12.460+0200] {logging_mixin.py:151} INFO - [2026-05-29T01:37:12.459+0200] {dag.py:3696} INFO - Setting next_dagrun for example_dag_decorator to None, run_after=None
[2026-05-29T01:37:12.479+0200] {processor.py:179} INFO - Processing /home/frederic/airflow_venv/lib/python3.10/site-packages/airflow/example_dags/example_dag_decorator.py took 0.208 seconds
[2026-05-29T01:37:57.418+0200] {processor.py:157} INFO - Started process (PID=595351) to work on /home/frederic/airflow_venv/lib/python3.10/site-packages/airflow/example_dags/example_dag_decorator.py
[2026-05-29T01:37:57.419+0200] {processor.py:829} INFO - Processing file /home/frederic/airflow_venv/lib/python3.10/site-packages/airflow/example_dags/example_dag_decorator.py for tasks to queue
[2026-05-29T01:37:57.420+0200] {logging_mixin.py:151} INFO - [2026-05-29T01:37:57.420+0200] {dagbag.py:539} INFO - Filling up the DagBag from /home/frederic/airflow_venv/lib/python3.10/site-packages/airflow/example_dags/example_dag_decorator.py
[2026-05-29T01:37:57.476+0200] {processor.py:839} INFO - DAG(s) dict_keys(['example_dag_decorator']) retrieved from /home/frederic/airflow_venv/lib/python3.10/site-packages/airflow/example_dags/example_dag_decorator.py
[2026-05-29T01:37:57.560+0200] {logging_mixin.py:151} INFO - [2026-05-29T01:37:57.559+0200] {security.py:708} INFO - Not syncing DAG-level permissions for DAG 'DAG:example_dag_decorator' as access control is unset.
[2026-05-29T01:37:57.560+0200] {logging_mixin.py:151} INFO - [2026-05-29T01:37:57.560+0200] {dag.py:2915} INFO - Sync 1 DAGs
[2026-05-29T01:37:57.568+0200] {logging_mixin.py:151} INFO - [2026-05-29T01:37:57.568+0200] {dag.py:3696} INFO - Setting next_dagrun for example_dag_decorator to None, run_after=None
[2026-05-29T01:37:57.588+0200] {processor.py:179} INFO - Processing /home/frederic/airflow_venv/lib/python3.10/site-packages/airflow/example_dags/example_dag_decorator.py took 0.172 seconds
[2026-05-29T01:38:43.432+0200] {processor.py:157} INFO - Started process (PID=596369) to work on /home/frederic/airflow_venv/lib/python3.10/site-packages/airflow/example_dags/example_dag_decorator.py
[2026-05-29T01:38:43.433+0200] {processor.py:829} INFO - Processing file /home/frederic/airflow_venv/lib/python3.10/site-packages/airflow/example_dags/example_dag_decorator.py for tasks to queue
[2026-05-29T01:38:43.434+0200] {logging_mixin.py:151} INFO - [2026-05-29T01:38:43.434+0200] {dagbag.py:539} INFO - Filling up the DagBag from /home/frederic/airflow_venv/lib/python3.10/site-packages/airflow/example_dags/example_dag_decorator.py
[2026-05-29T01:38:43.505+0200] {processor.py:839} INFO - DAG(s) dict_keys(['example_dag_decorator']) retrieved from /home/frederic/airflow_venv/lib/python3.10/site-packages/airflow/example_dags/example_dag_decorator.py
[2026-05-29T01:38:43.628+0200] {logging_mixin.py:151} INFO - [2026-05-29T01:38:43.628+0200] {security.py:708} INFO - Not syncing DAG-level permissions for DAG 'DAG:example_dag_decorator' as access control is unset.
[2026-05-29T01:38:43.628+0200] {logging_mixin.py:151} INFO - [2026-05-29T01:38:43.628+0200] {dag.py:2915} INFO - Sync 1 DAGs
[2026-05-29T01:38:43.640+0200] {logging_mixin.py:151} INFO - [2026-05-29T01:38:43.639+0200] {dag.py:3696} INFO - Setting next_dagrun for example_dag_decorator to None, run_after=None
[2026-05-29T01:38:43.660+0200] {processor.py:179} INFO - Processing /home/frederic/airflow_venv/lib/python3.10/site-packages/airflow/example_dags/example_dag_decorator.py took 0.230 seconds
[2026-05-29T01:39:30.249+0200] {processor.py:157} INFO - Started process (PID=597460) to work on /home/frederic/airflow_venv/lib/python3.10/site-packages/airflow/example_dags/example_dag_decorator.py
[2026-05-29T01:39:30.253+0200] {processor.py:829} INFO - Processing file /home/frederic/airflow_venv/lib/python3.10/site-packages/airflow/example_dags/example_dag_decorator.py for tasks to queue
[2026-05-29T01:39:30.254+0200] {logging_mixin.py:151} INFO - [2026-05-29T01:39:30.253+0200] {dagbag.py:539} INFO - Filling up the DagBag from /home/frederic/airflow_venv/lib/python3.10/site-packages/airflow/example_dags/example_dag_decorator.py
[2026-05-29T01:39:30.311+0200] {processor.py:839} INFO - DAG(s) dict_keys(['example_dag_decorator']) retrieved from /home/frederic/airflow_venv/lib/python3.10/site-packages/airflow/example_dags/example_dag_decorator.py
[2026-05-29T01:39:30.393+0200] {logging_mixin.py:151} INFO - [2026-05-29T01:39:30.393+0200] {security.py:708} INFO - Not syncing DAG-level permissions for DAG 'DAG:example_dag_decorator' as access control is unset.
[2026-05-29T01:39:30.393+0200] {logging_mixin.py:151} INFO - [2026-05-29T01:39:30.393+0200] {dag.py:2915} INFO - Sync 1 DAGs
[2026-05-29T01:39:30.402+0200] {logging_mixin.py:151} INFO - [2026-05-29T01:39:30.402+0200] {dag.py:3696} INFO - Setting next_dagrun for example_dag_decorator to None, run_after=None
[2026-05-29T01:39:30.420+0200] {processor.py:179} INFO - Processing /home/frederic/airflow_venv/lib/python3.10/site-packages/airflow/example_dags/example_dag_decorator.py took 0.173 seconds
[2026-05-29T01:40:18.886+0200] {processor.py:157} INFO - Started process (PID=598668) to work on /home/frederic/airflow_venv/lib/python3.10/site-packages/airflow/example_dags/example_dag_decorator.py
[2026-05-29T01:40:18.887+0200] {processor.py:829} INFO - Processing file /home/frederic/airflow_venv/lib/python3.10/site-packages/airflow/example_dags/example_dag_decorator.py for tasks to queue
[2026-05-29T01:40:18.887+0200] {logging_mixin.py:151} INFO - [2026-05-29T01:40:18.887+0200] {dagbag.py:539} INFO - Filling up the DagBag from /home/frederic/airflow_venv/lib/python3.10/site-packages/airflow/example_dags/example_dag_decorator.py
[2026-05-29T01:40:18.949+0200] {processor.py:839} INFO - DAG(s) dict_keys(['example_dag_decorator']) retrieved from /home/frederic/airflow_venv/lib/python3.10/site-packages/airflow/example_dags/example_dag_decorator.py
[2026-05-29T01:40:19.056+0200] {logging_mixin.py:151} INFO - [2026-05-29T01:40:19.055+0200] {security.py:708} INFO - Not syncing DAG-level permissions for DAG 'DAG:example_dag_decorator' as access control is unset.
[2026-05-29T01:40:19.056+0200] {logging_mixin.py:151} INFO - [2026-05-29T01:40:19.056+0200] {dag.py:2915} INFO - Sync 1 DAGs
[2026-05-29T01:40:19.065+0200] {logging_mixin.py:151} INFO - [2026-05-29T01:40:19.065+0200] {dag.py:3696} INFO - Setting next_dagrun for example_dag_decorator to None, run_after=None
[2026-05-29T01:40:19.089+0200] {processor.py:179} INFO - Processing /home/frederic/airflow_venv/lib/python3.10/site-packages/airflow/example_dags/example_dag_decorator.py took 0.206 seconds
[2026-05-29T01:41:06.775+0200] {processor.py:157} INFO - Started process (PID=599715) to work on /home/frederic/airflow_venv/lib/python3.10/site-packages/airflow/example_dags/example_dag_decorator.py
[2026-05-29T01:41:06.776+0200] {processor.py:829} INFO - Processing file /home/frederic/airflow_venv/lib/python3.10/site-packages/airflow/example_dags/example_dag_decorator.py for tasks to queue
[2026-05-29T01:41:06.777+0200] {logging_mixin.py:151} INFO - [2026-05-29T01:41:06.776+0200] {dagbag.py:539} INFO - Filling up the DagBag from /home/frederic/airflow_venv/lib/python3.10/site-packages/airflow/example_dags/example_dag_decorator.py
[2026-05-29T01:41:06.835+0200] {processor.py:839} INFO - DAG(s) dict_keys(['example_dag_decorator']) retrieved from /home/frederic/airflow_venv/lib/python3.10/site-packages/airflow/example_dags/example_dag_decorator.py
[2026-05-29T01:41:06.915+0200] {logging_mixin.py:151} INFO - [2026-05-29T01:41:06.915+0200] {security.py:708} INFO - Not syncing DAG-level permissions for DAG 'DAG:example_dag_decorator' as access control is unset.
[2026-05-29T01:41:06.915+0200] {logging_mixin.py:151} INFO - [2026-05-29T01:41:06.915+0200] {dag.py:2915} INFO - Sync 1 DAGs
[2026-05-29T01:41:06.922+0200] {logging_mixin.py:151} INFO - [2026-05-29T01:41:06.922+0200] {dag.py:3696} INFO - Setting next_dagrun for example_dag_decorator to None, run_after=None
[2026-05-29T01:41:06.940+0200] {processor.py:179} INFO - Processing /home/frederic/airflow_venv/lib/python3.10/site-packages/airflow/example_dags/example_dag_decorator.py took 0.168 seconds
[2026-05-29T01:41:49.177+0200] {processor.py:157} INFO - Started process (PID=600956) to work on /home/frederic/airflow_venv/lib/python3.10/site-packages/airflow/example_dags/example_dag_decorator.py
[2026-05-29T01:41:49.180+0200] {processor.py:829} INFO - Processing file /home/frederic/airflow_venv/lib/python3.10/site-packages/airflow/example_dags/example_dag_decorator.py for tasks to queue
[2026-05-29T01:41:49.181+0200] {logging_mixin.py:151} INFO - [2026-05-29T01:41:49.181+0200] {dagbag.py:539} INFO - Filling up the DagBag from /home/frederic/airflow_venv/lib/python3.10/site-packages/airflow/example_dags/example_dag_decorator.py
[2026-05-29T01:41:49.256+0200] {processor.py:839} INFO - DAG(s) dict_keys(['example_dag_decorator']) retrieved from /home/frederic/airflow_venv/lib/python3.10/site-packages/airflow/example_dags/example_dag_decorator.py
[2026-05-29T01:41:49.356+0200] {logging_mixin.py:151} INFO - [2026-05-29T01:41:49.355+0200] {security.py:708} INFO - Not syncing DAG-level permissions for DAG 'DAG:example_dag_decorator' as access control is unset.
[2026-05-29T01:41:49.356+0200] {logging_mixin.py:151} INFO - [2026-05-29T01:41:49.356+0200] {dag.py:2915} INFO - Sync 1 DAGs
[2026-05-29T01:41:49.368+0200] {logging_mixin.py:151} INFO - [2026-05-29T01:41:49.368+0200] {dag.py:3696} INFO - Setting next_dagrun for example_dag_decorator to None, run_after=None
[2026-05-29T01:41:49.389+0200] {processor.py:179} INFO - Processing /home/frederic/airflow_venv/lib/python3.10/site-packages/airflow/example_dags/example_dag_decorator.py took 0.216 seconds
[2026-05-29T01:42:34.681+0200] {processor.py:157} INFO - Started process (PID=601753) to work on /home/frederic/airflow_venv/lib/python3.10/site-packages/airflow/example_dags/example_dag_decorator.py
[2026-05-29T01:42:34.684+0200] {processor.py:829} INFO - Processing file /home/frederic/airflow_venv/lib/python3.10/site-packages/airflow/example_dags/example_dag_decorator.py for tasks to queue
[2026-05-29T01:42:34.685+0200] {logging_mixin.py:151} INFO - [2026-05-29T01:42:34.685+0200] {dagbag.py:539} INFO - Filling up the DagBag from /home/frederic/airflow_venv/lib/python3.10/site-packages/airflow/example_dags/example_dag_decorator.py
[2026-05-29T01:42:34.778+0200] {processor.py:839} INFO - DAG(s) dict_keys(['example_dag_decorator']) retrieved from /home/frederic/airflow_venv/lib/python3.10/site-packages/airflow/example_dags/example_dag_decorator.py
[2026-05-29T01:42:34.880+0200] {logging_mixin.py:151} INFO - [2026-05-29T01:42:34.880+0200] {security.py:708} INFO - Not syncing DAG-level permissions for DAG 'DAG:example_dag_decorator' as access control is unset.
[2026-05-29T01:42:34.880+0200] {logging_mixin.py:151} INFO - [2026-05-29T01:42:34.880+0200] {dag.py:2915} INFO - Sync 1 DAGs
[2026-05-29T01:42:34.893+0200] {logging_mixin.py:151} INFO - [2026-05-29T01:42:34.892+0200] {dag.py:3696} INFO - Setting next_dagrun for example_dag_decorator to None, run_after=None
[2026-05-29T01:42:34.917+0200] {processor.py:179} INFO - Processing /home/frederic/airflow_venv/lib/python3.10/site-packages/airflow/example_dags/example_dag_decorator.py took 0.240 seconds
[2026-05-29T01:43:23.002+0200] {processor.py:157} INFO - Started process (PID=602672) to work on /home/frederic/airflow_venv/lib/python3.10/site-packages/airflow/example_dags/example_dag_decorator.py
[2026-05-29T01:43:23.005+0200] {processor.py:829} INFO - Processing file /home/frederic/airflow_venv/lib/python3.10/site-packages/airflow/example_dags/example_dag_decorator.py for tasks to queue
[2026-05-29T01:43:23.006+0200] {logging_mixin.py:151} INFO - [2026-05-29T01:43:23.006+0200] {dagbag.py:539} INFO - Filling up the DagBag from /home/frederic/airflow_venv/lib/python3.10/site-packages/airflow/example_dags/example_dag_decorator.py
[2026-05-29T01:43:23.064+0200] {processor.py:839} INFO - DAG(s) dict_keys(['example_dag_decorator']) retrieved from /home/frederic/airflow_venv/lib/python3.10/site-packages/airflow/example_dags/example_dag_decorator.py
[2026-05-29T01:43:23.079+0200] {logging_mixin.py:151} INFO - [2026-05-29T01:43:23.079+0200] {dag.py:2915} INFO - Sync 1 DAGs
[2026-05-29T01:43:23.087+0200] {logging_mixin.py:151} INFO - [2026-05-29T01:43:23.087+0200] {dag.py:3696} INFO - Setting next_dagrun for example_dag_decorator to None, run_after=None
[2026-05-29T01:43:23.101+0200] {processor.py:179} INFO - Processing /home/frederic/airflow_venv/lib/python3.10/site-packages/airflow/example_dags/example_dag_decorator.py took 0.102 seconds
[2026-05-29T01:44:13.159+0200] {processor.py:157} INFO - Started process (PID=603477) to work on /home/frederic/airflow_venv/lib/python3.10/site-packages/airflow/example_dags/example_dag_decorator.py
[2026-05-29T01:44:13.163+0200] {processor.py:829} INFO - Processing file /home/frederic/airflow_venv/lib/python3.10/site-packages/airflow/example_dags/example_dag_decorator.py for tasks to queue
[2026-05-29T01:44:13.164+0200] {logging_mixin.py:151} INFO - [2026-05-29T01:44:13.164+0200] {dagbag.py:539} INFO - Filling up the DagBag from /home/frederic/airflow_venv/lib/python3.10/site-packages/airflow/example_dags/example_dag_decorator.py
[2026-05-29T01:44:13.232+0200] {processor.py:839} INFO - DAG(s) dict_keys(['example_dag_decorator']) retrieved from /home/frederic/airflow_venv/lib/python3.10/site-packages/airflow/example_dags/example_dag_decorator.py
[2026-05-29T01:44:13.311+0200] {logging_mixin.py:151} INFO - [2026-05-29T01:44:13.310+0200] {security.py:708} INFO - Not syncing DAG-level permissions for DAG 'DAG:example_dag_decorator' as access control is unset.
[2026-05-29T01:44:13.311+0200] {logging_mixin.py:151} INFO - [2026-05-29T01:44:13.311+0200] {dag.py:2915} INFO - Sync 1 DAGs
[2026-05-29T01:44:13.320+0200] {logging_mixin.py:151} INFO - [2026-05-29T01:44:13.319+0200] {dag.py:3696} INFO - Setting next_dagrun for example_dag_decorator to None, run_after=None
[2026-05-29T01:44:13.437+0200] {processor.py:179} INFO - Processing /home/frederic/airflow_venv/lib/python3.10/site-packages/airflow/example_dags/example_dag_decorator.py took 0.280 seconds
[2026-05-29T01:45:00.776+0200] {processor.py:157} INFO - Started process (PID=605034) to work on /home/frederic/airflow_venv/lib/python3.10/site-packages/airflow/example_dags/example_dag_decorator.py
[2026-05-29T01:45:00.779+0200] {processor.py:829} INFO - Processing file /home/frederic/airflow_venv/lib/python3.10/site-packages/airflow/example_dags/example_dag_decorator.py for tasks to queue
[2026-05-29T01:45:00.780+0200] {logging_mixin.py:151} INFO - [2026-05-29T01:45:00.780+0200] {dagbag.py:539} INFO - Filling up the DagBag from /home/frederic/airflow_venv/lib/python3.10/site-packages/airflow/example_dags/example_dag_decorator.py
[2026-05-29T01:45:00.834+0200] {processor.py:839} INFO - DAG(s) dict_keys(['example_dag_decorator']) retrieved from /home/frederic/airflow_venv/lib/python3.10/site-packages/airflow/example_dags/example_dag_decorator.py
[2026-05-29T01:45:00.905+0200] {logging_mixin.py:151} INFO - [2026-05-29T01:45:00.905+0200] {security.py:708} INFO - Not syncing DAG-level permissions for DAG 'DAG:example_dag_decorator' as access control is unset.
[2026-05-29T01:45:00.906+0200] {logging_mixin.py:151} INFO - [2026-05-29T01:45:00.906+0200] {dag.py:2915} INFO - Sync 1 DAGs
[2026-05-29T01:45:00.913+0200] {logging_mixin.py:151} INFO - [2026-05-29T01:45:00.913+0200] {dag.py:3696} INFO - Setting next_dagrun for example_dag_decorator to None, run_after=None
[2026-05-29T01:45:00.931+0200] {processor.py:179} INFO - Processing /home/frederic/airflow_venv/lib/python3.10/site-packages/airflow/example_dags/example_dag_decorator.py took 0.158 seconds
[2026-05-29T01:45:51.335+0200] {processor.py:157} INFO - Started process (PID=606770) to work on /home/frederic/airflow_venv/lib/python3.10/site-packages/airflow/example_dags/example_dag_decorator.py
[2026-05-29T01:45:51.336+0200] {processor.py:829} INFO - Processing file /home/frederic/airflow_venv/lib/python3.10/site-packages/airflow/example_dags/example_dag_decorator.py for tasks to queue
[2026-05-29T01:45:51.337+0200] {logging_mixin.py:151} INFO - [2026-05-29T01:45:51.337+0200] {dagbag.py:539} INFO - Filling up the DagBag from /home/frederic/airflow_venv/lib/python3.10/site-packages/airflow/example_dags/example_dag_decorator.py
[2026-05-29T01:45:51.427+0200] {processor.py:839} INFO - DAG(s) dict_keys(['example_dag_decorator']) retrieved from /home/frederic/airflow_venv/lib/python3.10/site-packages/airflow/example_dags/example_dag_decorator.py
[2026-05-29T01:45:51.560+0200] {logging_mixin.py:151} INFO - [2026-05-29T01:45:51.560+0200] {security.py:708} INFO - Not syncing DAG-level permissions for DAG 'DAG:example_dag_decorator' as access control is unset.
[2026-05-29T01:45:51.561+0200] {logging_mixin.py:151} INFO - [2026-05-29T01:45:51.560+0200] {dag.py:2915} INFO - Sync 1 DAGs
[2026-05-29T01:45:51.569+0200] {logging_mixin.py:151} INFO - [2026-05-29T01:45:51.569+0200] {dag.py:3696} INFO - Setting next_dagrun for example_dag_decorator to None, run_after=None
[2026-05-29T01:45:51.586+0200] {processor.py:179} INFO - Processing /home/frederic/airflow_venv/lib/python3.10/site-packages/airflow/example_dags/example_dag_decorator.py took 0.254 seconds
[2026-05-29T01:46:42.254+0200] {processor.py:157} INFO - Started process (PID=609112) to work on /home/frederic/airflow_venv/lib/python3.10/site-packages/airflow/example_dags/example_dag_decorator.py
[2026-05-29T01:46:42.255+0200] {processor.py:829} INFO - Processing file /home/frederic/airflow_venv/lib/python3.10/site-packages/airflow/example_dags/example_dag_decorator.py for tasks to queue
[2026-05-29T01:46:42.255+0200] {logging_mixin.py:151} INFO - [2026-05-29T01:46:42.255+0200] {dagbag.py:539} INFO - Filling up the DagBag from /home/frederic/airflow_venv/lib/python3.10/site-packages/airflow/example_dags/example_dag_decorator.py
[2026-05-29T01:46:42.325+0200] {processor.py:839} INFO - DAG(s) dict_keys(['example_dag_decorator']) retrieved from /home/frederic/airflow_venv/lib/python3.10/site-packages/airflow/example_dags/example_dag_decorator.py
[2026-05-29T01:46:42.444+0200] {logging_mixin.py:151} INFO - [2026-05-29T01:46:42.444+0200] {security.py:708} INFO - Not syncing DAG-level permissions for DAG 'DAG:example_dag_decorator' as access control is unset.
[2026-05-29T01:46:42.445+0200] {logging_mixin.py:151} INFO - [2026-05-29T01:46:42.445+0200] {dag.py:2915} INFO - Sync 1 DAGs
[2026-05-29T01:46:42.534+0200] {logging_mixin.py:151} INFO - [2026-05-29T01:46:42.533+0200] {dag.py:3696} INFO - Setting next_dagrun for example_dag_decorator to None, run_after=None
[2026-05-29T01:46:42.559+0200] {processor.py:179} INFO - Processing /home/frederic/airflow_venv/lib/python3.10/site-packages/airflow/example_dags/example_dag_decorator.py took 0.308 seconds
[2026-05-29T01:47:26.526+0200] {processor.py:157} INFO - Started process (PID=610355) to work on /home/frederic/airflow_venv/lib/python3.10/site-packages/airflow/example_dags/example_dag_decorator.py
[2026-05-29T01:47:26.527+0200] {processor.py:829} INFO - Processing file /home/frederic/airflow_venv/lib/python3.10/site-packages/airflow/example_dags/example_dag_decorator.py for tasks to queue
[2026-05-29T01:47:26.528+0200] {logging_mixin.py:151} INFO - [2026-05-29T01:47:26.528+0200] {dagbag.py:539} INFO - Filling up the DagBag from /home/frederic/airflow_venv/lib/python3.10/site-packages/airflow/example_dags/example_dag_decorator.py
[2026-05-29T01:47:26.600+0200] {processor.py:839} INFO - DAG(s) dict_keys(['example_dag_decorator']) retrieved from /home/frederic/airflow_venv/lib/python3.10/site-packages/airflow/example_dags/example_dag_decorator.py
[2026-05-29T01:47:26.681+0200] {logging_mixin.py:151} INFO - [2026-05-29T01:47:26.681+0200] {security.py:708} INFO - Not syncing DAG-level permissions for DAG 'DAG:example_dag_decorator' as access control is unset.
[2026-05-29T01:47:26.681+0200] {logging_mixin.py:151} INFO - [2026-05-29T01:47:26.681+0200] {dag.py:2915} INFO - Sync 1 DAGs
[2026-05-29T01:47:26.689+0200] {logging_mixin.py:151} INFO - [2026-05-29T01:47:26.689+0200] {dag.py:3696} INFO - Setting next_dagrun for example_dag_decorator to None, run_after=None
[2026-05-29T01:47:26.710+0200] {processor.py:179} INFO - Processing /home/frederic/airflow_venv/lib/python3.10/site-packages/airflow/example_dags/example_dag_decorator.py took 0.188 seconds
[2026-05-29T01:48:10.786+0200] {processor.py:157} INFO - Started process (PID=611624) to work on /home/frederic/airflow_venv/lib/python3.10/site-packages/airflow/example_dags/example_dag_decorator.py
[2026-05-29T01:48:10.790+0200] {processor.py:829} INFO - Processing file /home/frederic/airflow_venv/lib/python3.10/site-packages/airflow/example_dags/example_dag_decorator.py for tasks to queue
[2026-05-29T01:48:10.790+0200] {logging_mixin.py:151} INFO - [2026-05-29T01:48:10.790+0200] {dagbag.py:539} INFO - Filling up the DagBag from /home/frederic/airflow_venv/lib/python3.10/site-packages/airflow/example_dags/example_dag_decorator.py
[2026-05-29T01:48:10.859+0200] {processor.py:839} INFO - DAG(s) dict_keys(['example_dag_decorator']) retrieved from /home/frederic/airflow_venv/lib/python3.10/site-packages/airflow/example_dags/example_dag_decorator.py
[2026-05-29T01:48:10.964+0200] {logging_mixin.py:151} INFO - [2026-05-29T01:48:10.963+0200] {security.py:708} INFO - Not syncing DAG-level permissions for DAG 'DAG:example_dag_decorator' as access control is unset.
[2026-05-29T01:48:10.964+0200] {logging_mixin.py:151} INFO - [2026-05-29T01:48:10.964+0200] {dag.py:2915} INFO - Sync 1 DAGs
[2026-05-29T01:48:10.979+0200] {logging_mixin.py:151} INFO - [2026-05-29T01:48:10.979+0200] {dag.py:3696} INFO - Setting next_dagrun for example_dag_decorator to None, run_after=None
[2026-05-29T01:48:11.005+0200] {processor.py:179} INFO - Processing /home/frederic/airflow_venv/lib/python3.10/site-packages/airflow/example_dags/example_dag_decorator.py took 0.221 seconds
[2026-05-29T01:48:57.663+0200] {processor.py:157} INFO - Started process (PID=612927) to work on /home/frederic/airflow_venv/lib/python3.10/site-packages/airflow/example_dags/example_dag_decorator.py
[2026-05-29T01:48:57.666+0200] {processor.py:829} INFO - Processing file /home/frederic/airflow_venv/lib/python3.10/site-packages/airflow/example_dags/example_dag_decorator.py for tasks to queue
[2026-05-29T01:48:57.667+0200] {logging_mixin.py:151} INFO - [2026-05-29T01:48:57.667+0200] {dagbag.py:539} INFO - Filling up the DagBag from /home/frederic/airflow_venv/lib/python3.10/site-packages/airflow/example_dags/example_dag_decorator.py
[2026-05-29T01:48:57.724+0200] {processor.py:839} INFO - DAG(s) dict_keys(['example_dag_decorator']) retrieved from /home/frederic/airflow_venv/lib/python3.10/site-packages/airflow/example_dags/example_dag_decorator.py
[2026-05-29T01:48:57.800+0200] {logging_mixin.py:151} INFO - [2026-05-29T01:48:57.800+0200] {security.py:708} INFO - Not syncing DAG-level permissions for DAG 'DAG:example_dag_decorator' as access control is unset.
[2026-05-29T01:48:57.800+0200] {logging_mixin.py:151} INFO - [2026-05-29T01:48:57.800+0200] {dag.py:2915} INFO - Sync 1 DAGs
[2026-05-29T01:48:57.809+0200] {logging_mixin.py:151} INFO - [2026-05-29T01:48:57.809+0200] {dag.py:3696} INFO - Setting next_dagrun for example_dag_decorator to None, run_after=None
[2026-05-29T01:48:57.906+0200] {processor.py:179} INFO - Processing /home/frederic/airflow_venv/lib/python3.10/site-packages/airflow/example_dags/example_dag_decorator.py took 0.246 seconds
[2026-05-29T01:49:41.171+0200] {processor.py:157} INFO - Started process (PID=614062) to work on /home/frederic/airflow_venv/lib/python3.10/site-packages/airflow/example_dags/example_dag_decorator.py
[2026-05-29T01:49:41.175+0200] {processor.py:829} INFO - Processing file /home/frederic/airflow_venv/lib/python3.10/site-packages/airflow/example_dags/example_dag_decorator.py for tasks to queue
[2026-05-29T01:49:41.176+0200] {logging_mixin.py:151} INFO - [2026-05-29T01:49:41.175+0200] {dagbag.py:539} INFO - Filling up the DagBag from /home/frederic/airflow_venv/lib/python3.10/site-packages/airflow/example_dags/example_dag_decorator.py
[2026-05-29T01:49:41.264+0200] {processor.py:839} INFO - DAG(s) dict_keys(['example_dag_decorator']) retrieved from /home/frederic/airflow_venv/lib/python3.10/site-packages/airflow/example_dags/example_dag_decorator.py
[2026-05-29T01:49:41.546+0200] {logging_mixin.py:151} INFO - [2026-05-29T01:49:41.545+0200] {security.py:708} INFO - Not syncing DAG-level permissions for DAG 'DAG:example_dag_decorator' as access control is unset.
[2026-05-29T01:49:41.546+0200] {logging_mixin.py:151} INFO - [2026-05-29T01:49:41.546+0200] {dag.py:2915} INFO - Sync 1 DAGs
[2026-05-29T01:49:41.556+0200] {logging_mixin.py:151} INFO - [2026-05-29T01:49:41.556+0200] {dag.py:3696} INFO - Setting next_dagrun for example_dag_decorator to None, run_after=None
[2026-05-29T01:49:41.577+0200] {processor.py:179} INFO - Processing /home/frederic/airflow_venv/lib/python3.10/site-packages/airflow/example_dags/example_dag_decorator.py took 0.411 seconds
[2026-05-29T01:50:23.912+0200] {processor.py:157} INFO - Started process (PID=615190) to work on /home/frederic/airflow_venv/lib/python3.10/site-packages/airflow/example_dags/example_dag_decorator.py
[2026-05-29T01:50:23.913+0200] {processor.py:829} INFO - Processing file /home/frederic/airflow_venv/lib/python3.10/site-packages/airflow/example_dags/example_dag_decorator.py for tasks to queue
[2026-05-29T01:50:23.913+0200] {logging_mixin.py:151} INFO - [2026-05-29T01:50:23.913+0200] {dagbag.py:539} INFO - Filling up the DagBag from /home/frederic/airflow_venv/lib/python3.10/site-packages/airflow/example_dags/example_dag_decorator.py
[2026-05-29T01:50:23.972+0200] {processor.py:839} INFO - DAG(s) dict_keys(['example_dag_decorator']) retrieved from /home/frederic/airflow_venv/lib/python3.10/site-packages/airflow/example_dags/example_dag_decorator.py
[2026-05-29T01:50:24.051+0200] {logging_mixin.py:151} INFO - [2026-05-29T01:50:24.051+0200] {security.py:708} INFO - Not syncing DAG-level permissions for DAG 'DAG:example_dag_decorator' as access control is unset.
[2026-05-29T01:50:24.051+0200] {logging_mixin.py:151} INFO - [2026-05-29T01:50:24.051+0200] {dag.py:2915} INFO - Sync 1 DAGs
[2026-05-29T01:50:24.145+0200] {logging_mixin.py:151} INFO - [2026-05-29T01:50:24.145+0200] {dag.py:3696} INFO - Setting next_dagrun for example_dag_decorator to None, run_after=None
[2026-05-29T01:50:24.158+0200] {processor.py:179} INFO - Processing /home/frederic/airflow_venv/lib/python3.10/site-packages/airflow/example_dags/example_dag_decorator.py took 0.249 seconds
[2026-05-29T01:51:17.839+0200] {processor.py:157} INFO - Started process (PID=616725) to work on /home/frederic/airflow_venv/lib/python3.10/site-packages/airflow/example_dags/example_dag_decorator.py
[2026-05-29T01:51:17.841+0200] {processor.py:829} INFO - Processing file /home/frederic/airflow_venv/lib/python3.10/site-packages/airflow/example_dags/example_dag_decorator.py for tasks to queue
[2026-05-29T01:51:17.841+0200] {logging_mixin.py:151} INFO - [2026-05-29T01:51:17.841+0200] {dagbag.py:539} INFO - Filling up the DagBag from /home/frederic/airflow_venv/lib/python3.10/site-packages/airflow/example_dags/example_dag_decorator.py
[2026-05-29T01:51:17.912+0200] {processor.py:839} INFO - DAG(s) dict_keys(['example_dag_decorator']) retrieved from /home/frederic/airflow_venv/lib/python3.10/site-packages/airflow/example_dags/example_dag_decorator.py
[2026-05-29T01:51:18.007+0200] {logging_mixin.py:151} INFO - [2026-05-29T01:51:18.007+0200] {security.py:708} INFO - Not syncing DAG-level permissions for DAG 'DAG:example_dag_decorator' as access control is unset.
[2026-05-29T01:51:18.007+0200] {logging_mixin.py:151} INFO - [2026-05-29T01:51:18.007+0200] {dag.py:2915} INFO - Sync 1 DAGs
[2026-05-29T01:51:18.018+0200] {logging_mixin.py:151} INFO - [2026-05-29T01:51:18.018+0200] {dag.py:3696} INFO - Setting next_dagrun for example_dag_decorator to None, run_after=None
[2026-05-29T01:51:18.041+0200] {processor.py:179} INFO - Processing /home/frederic/airflow_venv/lib/python3.10/site-packages/airflow/example_dags/example_dag_decorator.py took 0.205 seconds
[2026-05-29T01:52:08.607+0200] {processor.py:157} INFO - Started process (PID=618019) to work on /home/frederic/airflow_venv/lib/python3.10/site-packages/airflow/example_dags/example_dag_decorator.py
[2026-05-29T01:52:08.607+0200] {processor.py:829} INFO - Processing file /home/frederic/airflow_venv/lib/python3.10/site-packages/airflow/example_dags/example_dag_decorator.py for tasks to queue
[2026-05-29T01:52:08.608+0200] {logging_mixin.py:151} INFO - [2026-05-29T01:52:08.608+0200] {dagbag.py:539} INFO - Filling up the DagBag from /home/frederic/airflow_venv/lib/python3.10/site-packages/airflow/example_dags/example_dag_decorator.py
[2026-05-29T01:52:08.664+0200] {processor.py:839} INFO - DAG(s) dict_keys(['example_dag_decorator']) retrieved from /home/frederic/airflow_venv/lib/python3.10/site-packages/airflow/example_dags/example_dag_decorator.py
[2026-05-29T01:52:08.830+0200] {logging_mixin.py:151} INFO - [2026-05-29T01:52:08.830+0200] {security.py:708} INFO - Not syncing DAG-level permissions for DAG 'DAG:example_dag_decorator' as access control is unset.
[2026-05-29T01:52:08.830+0200] {logging_mixin.py:151} INFO - [2026-05-29T01:52:08.830+0200] {dag.py:2915} INFO - Sync 1 DAGs
[2026-05-29T01:52:08.838+0200] {logging_mixin.py:151} INFO - [2026-05-29T01:52:08.837+0200] {dag.py:3696} INFO - Setting next_dagrun for example_dag_decorator to None, run_after=None
[2026-05-29T01:52:08.855+0200] {processor.py:179} INFO - Processing /home/frederic/airflow_venv/lib/python3.10/site-packages/airflow/example_dags/example_dag_decorator.py took 0.251 seconds
[2026-05-29T01:52:57.977+0200] {processor.py:157} INFO - Started process (PID=619672) to work on /home/frederic/airflow_venv/lib/python3.10/site-packages/airflow/example_dags/example_dag_decorator.py
[2026-05-29T01:52:57.981+0200] {processor.py:829} INFO - Processing file /home/frederic/airflow_venv/lib/python3.10/site-packages/airflow/example_dags/example_dag_decorator.py for tasks to queue
[2026-05-29T01:52:57.982+0200] {logging_mixin.py:151} INFO - [2026-05-29T01:52:57.981+0200] {dagbag.py:539} INFO - Filling up the DagBag from /home/frederic/airflow_venv/lib/python3.10/site-packages/airflow/example_dags/example_dag_decorator.py
[2026-05-29T01:52:58.067+0200] {processor.py:839} INFO - DAG(s) dict_keys(['example_dag_decorator']) retrieved from /home/frederic/airflow_venv/lib/python3.10/site-packages/airflow/example_dags/example_dag_decorator.py
[2026-05-29T01:52:58.167+0200] {logging_mixin.py:151} INFO - [2026-05-29T01:52:58.167+0200] {security.py:708} INFO - Not syncing DAG-level permissions for DAG 'DAG:example_dag_decorator' as access control is unset.
[2026-05-29T01:52:58.168+0200] {logging_mixin.py:151} INFO - [2026-05-29T01:52:58.168+0200] {dag.py:2915} INFO - Sync 1 DAGs
[2026-05-29T01:52:58.177+0200] {logging_mixin.py:151} INFO - [2026-05-29T01:52:58.176+0200] {dag.py:3696} INFO - Setting next_dagrun for example_dag_decorator to None, run_after=None
[2026-05-29T01:52:58.270+0200] {processor.py:179} INFO - Processing /home/frederic/airflow_venv/lib/python3.10/site-packages/airflow/example_dags/example_dag_decorator.py took 0.295 seconds
[2026-05-29T01:53:41.846+0200] {processor.py:157} INFO - Started process (PID=620892) to work on /home/frederic/airflow_venv/lib/python3.10/site-packages/airflow/example_dags/example_dag_decorator.py
[2026-05-29T01:53:41.847+0200] {processor.py:829} INFO - Processing file /home/frederic/airflow_venv/lib/python3.10/site-packages/airflow/example_dags/example_dag_decorator.py for tasks to queue
[2026-05-29T01:53:41.848+0200] {logging_mixin.py:151} INFO - [2026-05-29T01:53:41.848+0200] {dagbag.py:539} INFO - Filling up the DagBag from /home/frederic/airflow_venv/lib/python3.10/site-packages/airflow/example_dags/example_dag_decorator.py
[2026-05-29T01:53:41.912+0200] {processor.py:839} INFO - DAG(s) dict_keys(['example_dag_decorator']) retrieved from /home/frederic/airflow_venv/lib/python3.10/site-packages/airflow/example_dags/example_dag_decorator.py
[2026-05-29T01:53:42.094+0200] {logging_mixin.py:151} INFO - [2026-05-29T01:53:42.094+0200] {security.py:708} INFO - Not syncing DAG-level permissions for DAG 'DAG:example_dag_decorator' as access control is unset.
[2026-05-29T01:53:42.094+0200] {logging_mixin.py:151} INFO - [2026-05-29T01:53:42.094+0200] {dag.py:2915} INFO - Sync 1 DAGs
[2026-05-29T01:53:42.101+0200] {logging_mixin.py:151} INFO - [2026-05-29T01:53:42.101+0200] {dag.py:3696} INFO - Setting next_dagrun for example_dag_decorator to None, run_after=None
[2026-05-29T01:53:42.118+0200] {processor.py:179} INFO - Processing /home/frederic/airflow_venv/lib/python3.10/site-packages/airflow/example_dags/example_dag_decorator.py took 0.274 seconds
[2026-05-29T01:54:29.530+0200] {processor.py:157} INFO - Started process (PID=622055) to work on /home/frederic/airflow_venv/lib/python3.10/site-packages/airflow/example_dags/example_dag_decorator.py
[2026-05-29T01:54:29.533+0200] {processor.py:829} INFO - Processing file /home/frederic/airflow_venv/lib/python3.10/site-packages/airflow/example_dags/example_dag_decorator.py for tasks to queue
[2026-05-29T01:54:29.534+0200] {logging_mixin.py:151} INFO - [2026-05-29T01:54:29.533+0200] {dagbag.py:539} INFO - Filling up the DagBag from /home/frederic/airflow_venv/lib/python3.10/site-packages/airflow/example_dags/example_dag_decorator.py
[2026-05-29T01:54:29.592+0200] {processor.py:839} INFO - DAG(s) dict_keys(['example_dag_decorator']) retrieved from /home/frederic/airflow_venv/lib/python3.10/site-packages/airflow/example_dags/example_dag_decorator.py
[2026-05-29T01:54:29.668+0200] {logging_mixin.py:151} INFO - [2026-05-29T01:54:29.668+0200] {security.py:708} INFO - Not syncing DAG-level permissions for DAG 'DAG:example_dag_decorator' as access control is unset.
[2026-05-29T01:54:29.668+0200] {logging_mixin.py:151} INFO - [2026-05-29T01:54:29.668+0200] {dag.py:2915} INFO - Sync 1 DAGs
[2026-05-29T01:54:29.777+0200] {logging_mixin.py:151} INFO - [2026-05-29T01:54:29.776+0200] {dag.py:3696} INFO - Setting next_dagrun for example_dag_decorator to None, run_after=None
[2026-05-29T01:54:29.798+0200] {processor.py:179} INFO - Processing /home/frederic/airflow_venv/lib/python3.10/site-packages/airflow/example_dags/example_dag_decorator.py took 0.270 seconds
[2026-05-29T01:55:14.636+0200] {processor.py:157} INFO - Started process (PID=623905) to work on /home/frederic/airflow_venv/lib/python3.10/site-packages/airflow/example_dags/example_dag_decorator.py
[2026-05-29T01:55:14.637+0200] {processor.py:829} INFO - Processing file /home/frederic/airflow_venv/lib/python3.10/site-packages/airflow/example_dags/example_dag_decorator.py for tasks to queue
[2026-05-29T01:55:14.637+0200] {logging_mixin.py:151} INFO - [2026-05-29T01:55:14.637+0200] {dagbag.py:539} INFO - Filling up the DagBag from /home/frederic/airflow_venv/lib/python3.10/site-packages/airflow/example_dags/example_dag_decorator.py
[2026-05-29T01:55:14.712+0200] {processor.py:839} INFO - DAG(s) dict_keys(['example_dag_decorator']) retrieved from /home/frederic/airflow_venv/lib/python3.10/site-packages/airflow/example_dags/example_dag_decorator.py
[2026-05-29T01:55:14.969+0200] {logging_mixin.py:151} INFO - [2026-05-29T01:55:14.969+0200] {security.py:708} INFO - Not syncing DAG-level permissions for DAG 'DAG:example_dag_decorator' as access control is unset.
[2026-05-29T01:55:14.970+0200] {logging_mixin.py:151} INFO - [2026-05-29T01:55:14.969+0200] {dag.py:2915} INFO - Sync 1 DAGs
[2026-05-29T01:55:14.987+0200] {logging_mixin.py:151} INFO - [2026-05-29T01:55:14.987+0200] {dag.py:3696} INFO - Setting next_dagrun for example_dag_decorator to None, run_after=None
[2026-05-29T01:55:15.019+0200] {processor.py:179} INFO - Processing /home/frederic/airflow_venv/lib/python3.10/site-packages/airflow/example_dags/example_dag_decorator.py took 0.386 seconds
[2026-05-29T01:55:55.839+0200] {processor.py:157} INFO - Started process (PID=625102) to work on /home/frederic/airflow_venv/lib/python3.10/site-packages/airflow/example_dags/example_dag_decorator.py
[2026-05-29T01:55:55.840+0200] {processor.py:829} INFO - Processing file /home/frederic/airflow_venv/lib/python3.10/site-packages/airflow/example_dags/example_dag_decorator.py for tasks to queue
[2026-05-29T01:55:55.841+0200] {logging_mixin.py:151} INFO - [2026-05-29T01:55:55.840+0200] {dagbag.py:539} INFO - Filling up the DagBag from /home/frederic/airflow_venv/lib/python3.10/site-packages/airflow/example_dags/example_dag_decorator.py
[2026-05-29T01:55:55.923+0200] {processor.py:839} INFO - DAG(s) dict_keys(['example_dag_decorator']) retrieved from /home/frederic/airflow_venv/lib/python3.10/site-packages/airflow/example_dags/example_dag_decorator.py
[2026-05-29T01:55:56.023+0200] {logging_mixin.py:151} INFO - [2026-05-29T01:55:56.023+0200] {security.py:708} INFO - Not syncing DAG-level permissions for DAG 'DAG:example_dag_decorator' as access control is unset.
[2026-05-29T01:55:56.024+0200] {logging_mixin.py:151} INFO - [2026-05-29T01:55:56.023+0200] {dag.py:2915} INFO - Sync 1 DAGs
[2026-05-29T01:55:56.036+0200] {logging_mixin.py:151} INFO - [2026-05-29T01:55:56.036+0200] {dag.py:3696} INFO - Setting next_dagrun for example_dag_decorator to None, run_after=None
[2026-05-29T01:55:56.058+0200] {processor.py:179} INFO - Processing /home/frederic/airflow_venv/lib/python3.10/site-packages/airflow/example_dags/example_dag_decorator.py took 0.222 seconds
[2026-05-29T01:56:07.606+0200] {processor.py:157} INFO - Started process (PID=625547) to work on /home/frederic/airflow_venv/lib/python3.10/site-packages/airflow/example_dags/example_dag_decorator.py
[2026-05-29T01:56:07.606+0200] {processor.py:829} INFO - Processing file /home/frederic/airflow_venv/lib/python3.10/site-packages/airflow/example_dags/example_dag_decorator.py for tasks to queue
[2026-05-29T01:56:07.607+0200] {logging_mixin.py:151} INFO - [2026-05-29T01:56:07.607+0200] {dagbag.py:539} INFO - Filling up the DagBag from /home/frederic/airflow_venv/lib/python3.10/site-packages/airflow/example_dags/example_dag_decorator.py
[2026-05-29T01:56:07.677+0200] {processor.py:839} INFO - DAG(s) dict_keys(['example_dag_decorator']) retrieved from /home/frederic/airflow_venv/lib/python3.10/site-packages/airflow/example_dags/example_dag_decorator.py
[2026-05-29T01:56:07.684+0200] {logging_mixin.py:151} INFO - [2026-05-29T01:56:07.684+0200] {dag.py:2915} INFO - Sync 1 DAGs
[2026-05-29T01:56:07.697+0200] {logging_mixin.py:151} INFO - [2026-05-29T01:56:07.697+0200] {dag.py:3696} INFO - Setting next_dagrun for example_dag_decorator to None, run_after=None
[2026-05-29T01:56:07.714+0200] {processor.py:179} INFO - Processing /home/frederic/airflow_venv/lib/python3.10/site-packages/airflow/example_dags/example_dag_decorator.py took 0.111 seconds
[2026-05-29T01:56:48.628+0200] {processor.py:157} INFO - Started process (PID=626874) to work on /home/frederic/airflow_venv/lib/python3.10/site-packages/airflow/example_dags/example_dag_decorator.py
[2026-05-29T01:56:48.629+0200] {processor.py:829} INFO - Processing file /home/frederic/airflow_venv/lib/python3.10/site-packages/airflow/example_dags/example_dag_decorator.py for tasks to queue
[2026-05-29T01:56:48.630+0200] {logging_mixin.py:151} INFO - [2026-05-29T01:56:48.630+0200] {dagbag.py:539} INFO - Filling up the DagBag from /home/frederic/airflow_venv/lib/python3.10/site-packages/airflow/example_dags/example_dag_decorator.py
[2026-05-29T01:56:48.704+0200] {processor.py:839} INFO - DAG(s) dict_keys(['example_dag_decorator']) retrieved from /home/frederic/airflow_venv/lib/python3.10/site-packages/airflow/example_dags/example_dag_decorator.py
[2026-05-29T01:56:48.804+0200] {logging_mixin.py:151} INFO - [2026-05-29T01:56:48.804+0200] {security.py:708} INFO - Not syncing DAG-level permissions for DAG 'DAG:example_dag_decorator' as access control is unset.
[2026-05-29T01:56:48.805+0200] {logging_mixin.py:151} INFO - [2026-05-29T01:56:48.804+0200] {dag.py:2915} INFO - Sync 1 DAGs
[2026-05-29T01:56:48.816+0200] {logging_mixin.py:151} INFO - [2026-05-29T01:56:48.815+0200] {dag.py:3696} INFO - Setting next_dagrun for example_dag_decorator to None, run_after=None
[2026-05-29T01:56:48.838+0200] {processor.py:179} INFO - Processing /home/frederic/airflow_venv/lib/python3.10/site-packages/airflow/example_dags/example_dag_decorator.py took 0.212 seconds
[2026-05-29T01:57:07.794+0200] {processor.py:157} INFO - Started process (PID=627461) to work on /home/frederic/airflow_venv/lib/python3.10/site-packages/airflow/example_dags/example_dag_decorator.py
[2026-05-29T01:57:07.795+0200] {processor.py:829} INFO - Processing file /home/frederic/airflow_venv/lib/python3.10/site-packages/airflow/example_dags/example_dag_decorator.py for tasks to queue
[2026-05-29T01:57:07.796+0200] {logging_mixin.py:151} INFO - [2026-05-29T01:57:07.795+0200] {dagbag.py:539} INFO - Filling up the DagBag from /home/frederic/airflow_venv/lib/python3.10/site-packages/airflow/example_dags/example_dag_decorator.py
[2026-05-29T01:57:07.873+0200] {processor.py:839} INFO - DAG(s) dict_keys(['example_dag_decorator']) retrieved from /home/frederic/airflow_venv/lib/python3.10/site-packages/airflow/example_dags/example_dag_decorator.py
[2026-05-29T01:57:07.880+0200] {logging_mixin.py:151} INFO - [2026-05-29T01:57:07.879+0200] {dag.py:2915} INFO - Sync 1 DAGs
[2026-05-29T01:57:07.893+0200] {logging_mixin.py:151} INFO - [2026-05-29T01:57:07.893+0200] {dag.py:3696} INFO - Setting next_dagrun for example_dag_decorator to None, run_after=None
[2026-05-29T01:57:07.918+0200] {processor.py:179} INFO - Processing /home/frederic/airflow_venv/lib/python3.10/site-packages/airflow/example_dags/example_dag_decorator.py took 0.127 seconds
[2026-05-29T01:57:37.049+0200] {processor.py:157} INFO - Started process (PID=628426) to work on /home/frederic/airflow_venv/lib/python3.10/site-packages/airflow/example_dags/example_dag_decorator.py
[2026-05-29T01:57:37.052+0200] {processor.py:829} INFO - Processing file /home/frederic/airflow_venv/lib/python3.10/site-packages/airflow/example_dags/example_dag_decorator.py for tasks to queue
[2026-05-29T01:57:37.053+0200] {logging_mixin.py:151} INFO - [2026-05-29T01:57:37.053+0200] {dagbag.py:539} INFO - Filling up the DagBag from /home/frederic/airflow_venv/lib/python3.10/site-packages/airflow/example_dags/example_dag_decorator.py
[2026-05-29T01:57:37.172+0200] {processor.py:839} INFO - DAG(s) dict_keys(['example_dag_decorator']) retrieved from /home/frederic/airflow_venv/lib/python3.10/site-packages/airflow/example_dags/example_dag_decorator.py
[2026-05-29T01:57:37.323+0200] {logging_mixin.py:151} INFO - [2026-05-29T01:57:37.323+0200] {security.py:708} INFO - Not syncing DAG-level permissions for DAG 'DAG:example_dag_decorator' as access control is unset.
[2026-05-29T01:57:37.323+0200] {logging_mixin.py:151} INFO - [2026-05-29T01:57:37.323+0200] {dag.py:2915} INFO - Sync 1 DAGs
[2026-05-29T01:57:37.339+0200] {logging_mixin.py:151} INFO - [2026-05-29T01:57:37.339+0200] {dag.py:3696} INFO - Setting next_dagrun for example_dag_decorator to None, run_after=None
[2026-05-29T01:57:37.371+0200] {processor.py:179} INFO - Processing /home/frederic/airflow_venv/lib/python3.10/site-packages/airflow/example_dags/example_dag_decorator.py took 0.325 seconds
[2026-05-29T01:57:54.885+0200] {processor.py:157} INFO - Started process (PID=629263) to work on /home/frederic/airflow_venv/lib/python3.10/site-packages/airflow/example_dags/example_dag_decorator.py
[2026-05-29T01:57:54.886+0200] {processor.py:829} INFO - Processing file /home/frederic/airflow_venv/lib/python3.10/site-packages/airflow/example_dags/example_dag_decorator.py for tasks to queue
[2026-05-29T01:57:54.887+0200] {logging_mixin.py:151} INFO - [2026-05-29T01:57:54.887+0200] {dagbag.py:539} INFO - Filling up the DagBag from /home/frederic/airflow_venv/lib/python3.10/site-packages/airflow/example_dags/example_dag_decorator.py
[2026-05-29T01:57:54.971+0200] {processor.py:839} INFO - DAG(s) dict_keys(['example_dag_decorator']) retrieved from /home/frederic/airflow_venv/lib/python3.10/site-packages/airflow/example_dags/example_dag_decorator.py
[2026-05-29T01:57:54.978+0200] {logging_mixin.py:151} INFO - [2026-05-29T01:57:54.977+0200] {dag.py:2915} INFO - Sync 1 DAGs
[2026-05-29T01:57:54.992+0200] {logging_mixin.py:151} INFO - [2026-05-29T01:57:54.992+0200] {dag.py:3696} INFO - Setting next_dagrun for example_dag_decorator to None, run_after=None
[2026-05-29T01:57:55.014+0200] {processor.py:179} INFO - Processing /home/frederic/airflow_venv/lib/python3.10/site-packages/airflow/example_dags/example_dag_decorator.py took 0.132 seconds
[2026-05-29T01:58:32.094+0200] {processor.py:157} INFO - Started process (PID=630529) to work on /home/frederic/airflow_venv/lib/python3.10/site-packages/airflow/example_dags/example_dag_decorator.py
[2026-05-29T01:58:32.095+0200] {processor.py:829} INFO - Processing file /home/frederic/airflow_venv/lib/python3.10/site-packages/airflow/example_dags/example_dag_decorator.py for tasks to queue
[2026-05-29T01:58:32.096+0200] {logging_mixin.py:151} INFO - [2026-05-29T01:58:32.096+0200] {dagbag.py:539} INFO - Filling up the DagBag from /home/frederic/airflow_venv/lib/python3.10/site-packages/airflow/example_dags/example_dag_decorator.py
[2026-05-29T01:58:32.160+0200] {processor.py:839} INFO - DAG(s) dict_keys(['example_dag_decorator']) retrieved from /home/frederic/airflow_venv/lib/python3.10/site-packages/airflow/example_dags/example_dag_decorator.py
[2026-05-29T01:58:32.245+0200] {logging_mixin.py:151} INFO - [2026-05-29T01:58:32.244+0200] {security.py:708} INFO - Not syncing DAG-level permissions for DAG 'DAG:example_dag_decorator' as access control is unset.
[2026-05-29T01:58:32.245+0200] {logging_mixin.py:151} INFO - [2026-05-29T01:58:32.245+0200] {dag.py:2915} INFO - Sync 1 DAGs
[2026-05-29T01:58:32.257+0200] {logging_mixin.py:151} INFO - [2026-05-29T01:58:32.257+0200] {dag.py:3696} INFO - Setting next_dagrun for example_dag_decorator to None, run_after=None
[2026-05-29T01:58:32.274+0200] {processor.py:179} INFO - Processing /home/frederic/airflow_venv/lib/python3.10/site-packages/airflow/example_dags/example_dag_decorator.py took 0.181 seconds
[2026-05-29T01:58:45.155+0200] {processor.py:157} INFO - Started process (PID=631038) to work on /home/frederic/airflow_venv/lib/python3.10/site-packages/airflow/example_dags/example_dag_decorator.py
[2026-05-29T01:58:45.156+0200] {processor.py:829} INFO - Processing file /home/frederic/airflow_venv/lib/python3.10/site-packages/airflow/example_dags/example_dag_decorator.py for tasks to queue
[2026-05-29T01:58:45.157+0200] {logging_mixin.py:151} INFO - [2026-05-29T01:58:45.157+0200] {dagbag.py:539} INFO - Filling up the DagBag from /home/frederic/airflow_venv/lib/python3.10/site-packages/airflow/example_dags/example_dag_decorator.py
[2026-05-29T01:58:45.257+0200] {processor.py:839} INFO - DAG(s) dict_keys(['example_dag_decorator']) retrieved from /home/frederic/airflow_venv/lib/python3.10/site-packages/airflow/example_dags/example_dag_decorator.py
[2026-05-29T01:58:45.263+0200] {logging_mixin.py:151} INFO - [2026-05-29T01:58:45.263+0200] {dag.py:2915} INFO - Sync 1 DAGs
[2026-05-29T01:58:45.275+0200] {logging_mixin.py:151} INFO - [2026-05-29T01:58:45.275+0200] {dag.py:3696} INFO - Setting next_dagrun for example_dag_decorator to None, run_after=None
[2026-05-29T01:58:45.295+0200] {processor.py:179} INFO - Processing /home/frederic/airflow_venv/lib/python3.10/site-packages/airflow/example_dags/example_dag_decorator.py took 0.142 seconds
[2026-05-29T01:59:27.349+0200] {processor.py:157} INFO - Started process (PID=632246) to work on /home/frederic/airflow_venv/lib/python3.10/site-packages/airflow/example_dags/example_dag_decorator.py
[2026-05-29T01:59:27.349+0200] {processor.py:829} INFO - Processing file /home/frederic/airflow_venv/lib/python3.10/site-packages/airflow/example_dags/example_dag_decorator.py for tasks to queue
[2026-05-29T01:59:27.350+0200] {logging_mixin.py:151} INFO - [2026-05-29T01:59:27.350+0200] {dagbag.py:539} INFO - Filling up the DagBag from /home/frederic/airflow_venv/lib/python3.10/site-packages/airflow/example_dags/example_dag_decorator.py
[2026-05-29T01:59:27.423+0200] {processor.py:839} INFO - DAG(s) dict_keys(['example_dag_decorator']) retrieved from /home/frederic/airflow_venv/lib/python3.10/site-packages/airflow/example_dags/example_dag_decorator.py
[2026-05-29T01:59:27.513+0200] {logging_mixin.py:151} INFO - [2026-05-29T01:59:27.513+0200] {security.py:708} INFO - Not syncing DAG-level permissions for DAG 'DAG:example_dag_decorator' as access control is unset.
[2026-05-29T01:59:27.513+0200] {logging_mixin.py:151} INFO - [2026-05-29T01:59:27.513+0200] {dag.py:2915} INFO - Sync 1 DAGs
[2026-05-29T01:59:27.522+0200] {logging_mixin.py:151} INFO - [2026-05-29T01:59:27.522+0200] {dag.py:3696} INFO - Setting next_dagrun for example_dag_decorator to None, run_after=None
[2026-05-29T01:59:27.539+0200] {processor.py:179} INFO - Processing /home/frederic/airflow_venv/lib/python3.10/site-packages/airflow/example_dags/example_dag_decorator.py took 0.193 seconds
[2026-05-29T01:59:36.338+0200] {processor.py:157} INFO - Started process (PID=632489) to work on /home/frederic/airflow_venv/lib/python3.10/site-packages/airflow/example_dags/example_dag_decorator.py
[2026-05-29T01:59:36.338+0200] {processor.py:829} INFO - Processing file /home/frederic/airflow_venv/lib/python3.10/site-packages/airflow/example_dags/example_dag_decorator.py for tasks to queue
[2026-05-29T01:59:36.339+0200] {logging_mixin.py:151} INFO - [2026-05-29T01:59:36.339+0200] {dagbag.py:539} INFO - Filling up the DagBag from /home/frederic/airflow_venv/lib/python3.10/site-packages/airflow/example_dags/example_dag_decorator.py
[2026-05-29T01:59:36.411+0200] {processor.py:839} INFO - DAG(s) dict_keys(['example_dag_decorator']) retrieved from /home/frederic/airflow_venv/lib/python3.10/site-packages/airflow/example_dags/example_dag_decorator.py
[2026-05-29T01:59:36.420+0200] {logging_mixin.py:151} INFO - [2026-05-29T01:59:36.420+0200] {dag.py:2915} INFO - Sync 1 DAGs
[2026-05-29T01:59:36.433+0200] {logging_mixin.py:151} INFO - [2026-05-29T01:59:36.433+0200] {dag.py:3696} INFO - Setting next_dagrun for example_dag_decorator to None, run_after=None
[2026-05-29T01:59:36.459+0200] {processor.py:179} INFO - Processing /home/frederic/airflow_venv/lib/python3.10/site-packages/airflow/example_dags/example_dag_decorator.py took 0.124 seconds
