[2026-05-29T01:36:39.053+0200] {processor.py:157} INFO - Started process (PID=593805) to work on /home/frederic/airflow_venv/lib/python3.10/site-packages/airflow/example_dags/tutorial_taskflow_api_virtualenv.py
[2026-05-29T01:36:39.054+0200] {processor.py:829} INFO - Processing file /home/frederic/airflow_venv/lib/python3.10/site-packages/airflow/example_dags/tutorial_taskflow_api_virtualenv.py for tasks to queue
[2026-05-29T01:36:39.055+0200] {logging_mixin.py:151} INFO - [2026-05-29T01:36:39.055+0200] {dagbag.py:539} INFO - Filling up the DagBag from /home/frederic/airflow_venv/lib/python3.10/site-packages/airflow/example_dags/tutorial_taskflow_api_virtualenv.py
[2026-05-29T01:36:39.065+0200] {processor.py:839} INFO - DAG(s) dict_keys(['tutorial_taskflow_api_virtualenv']) retrieved from /home/frederic/airflow_venv/lib/python3.10/site-packages/airflow/example_dags/tutorial_taskflow_api_virtualenv.py
[2026-05-29T01:36:39.153+0200] {logging_mixin.py:151} INFO - [2026-05-29T01:36:39.153+0200] {manager.py:499} INFO - Created Permission View: %s
[2026-05-29T01:36:39.163+0200] {logging_mixin.py:151} INFO - [2026-05-29T01:36:39.163+0200] {manager.py:499} INFO - Created Permission View: %s
[2026-05-29T01:36:39.172+0200] {logging_mixin.py:151} INFO - [2026-05-29T01:36:39.172+0200] {manager.py:499} INFO - Created Permission View: %s
[2026-05-29T01:36:39.173+0200] {logging_mixin.py:151} INFO - [2026-05-29T01:36:39.173+0200] {security.py:708} INFO - Not syncing DAG-level permissions for DAG 'DAG:tutorial_taskflow_api_virtualenv' as access control is unset.
[2026-05-29T01:36:39.173+0200] {logging_mixin.py:151} INFO - [2026-05-29T01:36:39.173+0200] {dag.py:2915} INFO - Sync 1 DAGs
[2026-05-29T01:36:39.183+0200] {logging_mixin.py:151} INFO - [2026-05-29T01:36:39.183+0200] {dag.py:2937} INFO - Creating ORM DAG for tutorial_taskflow_api_virtualenv
[2026-05-29T01:36:39.184+0200] {logging_mixin.py:151} INFO - [2026-05-29T01:36:39.184+0200] {dag.py:3696} INFO - Setting next_dagrun for tutorial_taskflow_api_virtualenv to None, run_after=None
[2026-05-29T01:36:39.201+0200] {processor.py:179} INFO - Processing /home/frederic/airflow_venv/lib/python3.10/site-packages/airflow/example_dags/tutorial_taskflow_api_virtualenv.py took 0.151 seconds
[2026-05-29T01:37:26.224+0200] {processor.py:157} INFO - Started process (PID=594820) to work on /home/frederic/airflow_venv/lib/python3.10/site-packages/airflow/example_dags/tutorial_taskflow_api_virtualenv.py
[2026-05-29T01:37:26.225+0200] {processor.py:829} INFO - Processing file /home/frederic/airflow_venv/lib/python3.10/site-packages/airflow/example_dags/tutorial_taskflow_api_virtualenv.py for tasks to queue
[2026-05-29T01:37:26.226+0200] {logging_mixin.py:151} INFO - [2026-05-29T01:37:26.225+0200] {dagbag.py:539} INFO - Filling up the DagBag from /home/frederic/airflow_venv/lib/python3.10/site-packages/airflow/example_dags/tutorial_taskflow_api_virtualenv.py
[2026-05-29T01:37:26.231+0200] {processor.py:839} INFO - DAG(s) dict_keys(['tutorial_taskflow_api_virtualenv']) retrieved from /home/frederic/airflow_venv/lib/python3.10/site-packages/airflow/example_dags/tutorial_taskflow_api_virtualenv.py
[2026-05-29T01:37:26.243+0200] {logging_mixin.py:151} INFO - [2026-05-29T01:37:26.243+0200] {dag.py:2915} INFO - Sync 1 DAGs
[2026-05-29T01:37:26.253+0200] {logging_mixin.py:151} INFO - [2026-05-29T01:37:26.253+0200] {dag.py:3696} INFO - Setting next_dagrun for tutorial_taskflow_api_virtualenv to None, run_after=None
[2026-05-29T01:37:26.268+0200] {processor.py:179} INFO - Processing /home/frederic/airflow_venv/lib/python3.10/site-packages/airflow/example_dags/tutorial_taskflow_api_virtualenv.py took 0.046 seconds
[2026-05-29T01:38:10.070+0200] {processor.py:157} INFO - Started process (PID=595534) to work on /home/frederic/airflow_venv/lib/python3.10/site-packages/airflow/example_dags/tutorial_taskflow_api_virtualenv.py
[2026-05-29T01:38:10.075+0200] {processor.py:829} INFO - Processing file /home/frederic/airflow_venv/lib/python3.10/site-packages/airflow/example_dags/tutorial_taskflow_api_virtualenv.py for tasks to queue
[2026-05-29T01:38:10.076+0200] {logging_mixin.py:151} INFO - [2026-05-29T01:38:10.075+0200] {dagbag.py:539} INFO - Filling up the DagBag from /home/frederic/airflow_venv/lib/python3.10/site-packages/airflow/example_dags/tutorial_taskflow_api_virtualenv.py
[2026-05-29T01:38:10.084+0200] {processor.py:839} INFO - DAG(s) dict_keys(['tutorial_taskflow_api_virtualenv']) retrieved from /home/frederic/airflow_venv/lib/python3.10/site-packages/airflow/example_dags/tutorial_taskflow_api_virtualenv.py
[2026-05-29T01:38:10.099+0200] {logging_mixin.py:151} INFO - [2026-05-29T01:38:10.099+0200] {dag.py:2915} INFO - Sync 1 DAGs
[2026-05-29T01:38:10.116+0200] {logging_mixin.py:151} INFO - [2026-05-29T01:38:10.116+0200] {dag.py:3696} INFO - Setting next_dagrun for tutorial_taskflow_api_virtualenv to None, run_after=None
[2026-05-29T01:38:10.151+0200] {processor.py:179} INFO - Processing /home/frederic/airflow_venv/lib/python3.10/site-packages/airflow/example_dags/tutorial_taskflow_api_virtualenv.py took 0.083 seconds
[2026-05-29T01:38:54.049+0200] {processor.py:157} INFO - Started process (PID=596613) to work on /home/frederic/airflow_venv/lib/python3.10/site-packages/airflow/example_dags/tutorial_taskflow_api_virtualenv.py
[2026-05-29T01:38:54.050+0200] {processor.py:829} INFO - Processing file /home/frederic/airflow_venv/lib/python3.10/site-packages/airflow/example_dags/tutorial_taskflow_api_virtualenv.py for tasks to queue
[2026-05-29T01:38:54.051+0200] {logging_mixin.py:151} INFO - [2026-05-29T01:38:54.050+0200] {dagbag.py:539} INFO - Filling up the DagBag from /home/frederic/airflow_venv/lib/python3.10/site-packages/airflow/example_dags/tutorial_taskflow_api_virtualenv.py
[2026-05-29T01:38:54.057+0200] {processor.py:839} INFO - DAG(s) dict_keys(['tutorial_taskflow_api_virtualenv']) retrieved from /home/frederic/airflow_venv/lib/python3.10/site-packages/airflow/example_dags/tutorial_taskflow_api_virtualenv.py
[2026-05-29T01:38:54.071+0200] {logging_mixin.py:151} INFO - [2026-05-29T01:38:54.071+0200] {dag.py:2915} INFO - Sync 1 DAGs
[2026-05-29T01:38:54.081+0200] {logging_mixin.py:151} INFO - [2026-05-29T01:38:54.080+0200] {dag.py:3696} INFO - Setting next_dagrun for tutorial_taskflow_api_virtualenv to None, run_after=None
[2026-05-29T01:38:54.097+0200] {processor.py:179} INFO - Processing /home/frederic/airflow_venv/lib/python3.10/site-packages/airflow/example_dags/tutorial_taskflow_api_virtualenv.py took 0.051 seconds
[2026-05-29T01:39:40.482+0200] {processor.py:157} INFO - Started process (PID=597720) to work on /home/frederic/airflow_venv/lib/python3.10/site-packages/airflow/example_dags/tutorial_taskflow_api_virtualenv.py
[2026-05-29T01:39:40.485+0200] {processor.py:829} INFO - Processing file /home/frederic/airflow_venv/lib/python3.10/site-packages/airflow/example_dags/tutorial_taskflow_api_virtualenv.py for tasks to queue
[2026-05-29T01:39:40.486+0200] {logging_mixin.py:151} INFO - [2026-05-29T01:39:40.486+0200] {dagbag.py:539} INFO - Filling up the DagBag from /home/frederic/airflow_venv/lib/python3.10/site-packages/airflow/example_dags/tutorial_taskflow_api_virtualenv.py
[2026-05-29T01:39:40.491+0200] {processor.py:839} INFO - DAG(s) dict_keys(['tutorial_taskflow_api_virtualenv']) retrieved from /home/frederic/airflow_venv/lib/python3.10/site-packages/airflow/example_dags/tutorial_taskflow_api_virtualenv.py
[2026-05-29T01:39:40.503+0200] {logging_mixin.py:151} INFO - [2026-05-29T01:39:40.503+0200] {dag.py:2915} INFO - Sync 1 DAGs
[2026-05-29T01:39:40.513+0200] {logging_mixin.py:151} INFO - [2026-05-29T01:39:40.513+0200] {dag.py:3696} INFO - Setting next_dagrun for tutorial_taskflow_api_virtualenv to None, run_after=None
[2026-05-29T01:39:40.530+0200] {processor.py:179} INFO - Processing /home/frederic/airflow_venv/lib/python3.10/site-packages/airflow/example_dags/tutorial_taskflow_api_virtualenv.py took 0.050 seconds
[2026-05-29T01:40:12.771+0200] {processor.py:157} INFO - Started process (PID=598482) to work on /home/frederic/airflow_venv/lib/python3.10/site-packages/airflow/example_dags/tutorial_taskflow_api_virtualenv.py
[2026-05-29T01:40:12.772+0200] {processor.py:829} INFO - Processing file /home/frederic/airflow_venv/lib/python3.10/site-packages/airflow/example_dags/tutorial_taskflow_api_virtualenv.py for tasks to queue
[2026-05-29T01:40:12.773+0200] {logging_mixin.py:151} INFO - [2026-05-29T01:40:12.773+0200] {dagbag.py:539} INFO - Filling up the DagBag from /home/frederic/airflow_venv/lib/python3.10/site-packages/airflow/example_dags/tutorial_taskflow_api_virtualenv.py
[2026-05-29T01:40:12.779+0200] {processor.py:839} INFO - DAG(s) dict_keys(['tutorial_taskflow_api_virtualenv']) retrieved from /home/frederic/airflow_venv/lib/python3.10/site-packages/airflow/example_dags/tutorial_taskflow_api_virtualenv.py
[2026-05-29T01:40:12.792+0200] {logging_mixin.py:151} INFO - [2026-05-29T01:40:12.792+0200] {dag.py:2915} INFO - Sync 1 DAGs
[2026-05-29T01:40:12.802+0200] {logging_mixin.py:151} INFO - [2026-05-29T01:40:12.802+0200] {dag.py:3696} INFO - Setting next_dagrun for tutorial_taskflow_api_virtualenv to None, run_after=None
[2026-05-29T01:40:12.817+0200] {processor.py:179} INFO - Processing /home/frederic/airflow_venv/lib/python3.10/site-packages/airflow/example_dags/tutorial_taskflow_api_virtualenv.py took 0.048 seconds
[2026-05-29T01:40:45.976+0200] {processor.py:157} INFO - Started process (PID=599314) to work on /home/frederic/airflow_venv/lib/python3.10/site-packages/airflow/example_dags/tutorial_taskflow_api_virtualenv.py
[2026-05-29T01:40:45.977+0200] {processor.py:829} INFO - Processing file /home/frederic/airflow_venv/lib/python3.10/site-packages/airflow/example_dags/tutorial_taskflow_api_virtualenv.py for tasks to queue
[2026-05-29T01:40:45.977+0200] {logging_mixin.py:151} INFO - [2026-05-29T01:40:45.977+0200] {dagbag.py:539} INFO - Filling up the DagBag from /home/frederic/airflow_venv/lib/python3.10/site-packages/airflow/example_dags/tutorial_taskflow_api_virtualenv.py
[2026-05-29T01:40:45.983+0200] {processor.py:839} INFO - DAG(s) dict_keys(['tutorial_taskflow_api_virtualenv']) retrieved from /home/frederic/airflow_venv/lib/python3.10/site-packages/airflow/example_dags/tutorial_taskflow_api_virtualenv.py
[2026-05-29T01:40:46.001+0200] {logging_mixin.py:151} INFO - [2026-05-29T01:40:46.001+0200] {dag.py:2915} INFO - Sync 1 DAGs
[2026-05-29T01:40:46.015+0200] {logging_mixin.py:151} INFO - [2026-05-29T01:40:46.014+0200] {dag.py:3696} INFO - Setting next_dagrun for tutorial_taskflow_api_virtualenv to None, run_after=None
[2026-05-29T01:40:46.035+0200] {processor.py:179} INFO - Processing /home/frederic/airflow_venv/lib/python3.10/site-packages/airflow/example_dags/tutorial_taskflow_api_virtualenv.py took 0.063 seconds
[2026-05-29T01:41:29.755+0200] {processor.py:157} INFO - Started process (PID=600582) to work on /home/frederic/airflow_venv/lib/python3.10/site-packages/airflow/example_dags/tutorial_taskflow_api_virtualenv.py
[2026-05-29T01:41:29.756+0200] {processor.py:829} INFO - Processing file /home/frederic/airflow_venv/lib/python3.10/site-packages/airflow/example_dags/tutorial_taskflow_api_virtualenv.py for tasks to queue
[2026-05-29T01:41:29.757+0200] {logging_mixin.py:151} INFO - [2026-05-29T01:41:29.757+0200] {dagbag.py:539} INFO - Filling up the DagBag from /home/frederic/airflow_venv/lib/python3.10/site-packages/airflow/example_dags/tutorial_taskflow_api_virtualenv.py
[2026-05-29T01:41:29.762+0200] {processor.py:839} INFO - DAG(s) dict_keys(['tutorial_taskflow_api_virtualenv']) retrieved from /home/frederic/airflow_venv/lib/python3.10/site-packages/airflow/example_dags/tutorial_taskflow_api_virtualenv.py
[2026-05-29T01:41:29.774+0200] {logging_mixin.py:151} INFO - [2026-05-29T01:41:29.774+0200] {dag.py:2915} INFO - Sync 1 DAGs
[2026-05-29T01:41:29.783+0200] {logging_mixin.py:151} INFO - [2026-05-29T01:41:29.782+0200] {dag.py:3696} INFO - Setting next_dagrun for tutorial_taskflow_api_virtualenv to None, run_after=None
[2026-05-29T01:41:29.798+0200] {processor.py:179} INFO - Processing /home/frederic/airflow_venv/lib/python3.10/site-packages/airflow/example_dags/tutorial_taskflow_api_virtualenv.py took 0.045 seconds
[2026-05-29T01:42:09.884+0200] {processor.py:157} INFO - Started process (PID=601249) to work on /home/frederic/airflow_venv/lib/python3.10/site-packages/airflow/example_dags/tutorial_taskflow_api_virtualenv.py
[2026-05-29T01:42:09.888+0200] {processor.py:829} INFO - Processing file /home/frederic/airflow_venv/lib/python3.10/site-packages/airflow/example_dags/tutorial_taskflow_api_virtualenv.py for tasks to queue
[2026-05-29T01:42:09.889+0200] {logging_mixin.py:151} INFO - [2026-05-29T01:42:09.889+0200] {dagbag.py:539} INFO - Filling up the DagBag from /home/frederic/airflow_venv/lib/python3.10/site-packages/airflow/example_dags/tutorial_taskflow_api_virtualenv.py
[2026-05-29T01:42:09.899+0200] {processor.py:839} INFO - DAG(s) dict_keys(['tutorial_taskflow_api_virtualenv']) retrieved from /home/frederic/airflow_venv/lib/python3.10/site-packages/airflow/example_dags/tutorial_taskflow_api_virtualenv.py
[2026-05-29T01:42:09.920+0200] {logging_mixin.py:151} INFO - [2026-05-29T01:42:09.920+0200] {dag.py:2915} INFO - Sync 1 DAGs
[2026-05-29T01:42:09.934+0200] {logging_mixin.py:151} INFO - [2026-05-29T01:42:09.933+0200] {dag.py:3696} INFO - Setting next_dagrun for tutorial_taskflow_api_virtualenv to None, run_after=None
[2026-05-29T01:42:09.960+0200] {processor.py:179} INFO - Processing /home/frederic/airflow_venv/lib/python3.10/site-packages/airflow/example_dags/tutorial_taskflow_api_virtualenv.py took 0.081 seconds
[2026-05-29T01:42:41.877+0200] {processor.py:157} INFO - Started process (PID=601892) to work on /home/frederic/airflow_venv/lib/python3.10/site-packages/airflow/example_dags/tutorial_taskflow_api_virtualenv.py
[2026-05-29T01:42:41.880+0200] {processor.py:829} INFO - Processing file /home/frederic/airflow_venv/lib/python3.10/site-packages/airflow/example_dags/tutorial_taskflow_api_virtualenv.py for tasks to queue
[2026-05-29T01:42:41.881+0200] {logging_mixin.py:151} INFO - [2026-05-29T01:42:41.880+0200] {dagbag.py:539} INFO - Filling up the DagBag from /home/frederic/airflow_venv/lib/python3.10/site-packages/airflow/example_dags/tutorial_taskflow_api_virtualenv.py
[2026-05-29T01:42:41.887+0200] {processor.py:839} INFO - DAG(s) dict_keys(['tutorial_taskflow_api_virtualenv']) retrieved from /home/frederic/airflow_venv/lib/python3.10/site-packages/airflow/example_dags/tutorial_taskflow_api_virtualenv.py
[2026-05-29T01:42:41.902+0200] {logging_mixin.py:151} INFO - [2026-05-29T01:42:41.902+0200] {dag.py:2915} INFO - Sync 1 DAGs
[2026-05-29T01:42:41.913+0200] {logging_mixin.py:151} INFO - [2026-05-29T01:42:41.912+0200] {dag.py:3696} INFO - Setting next_dagrun for tutorial_taskflow_api_virtualenv to None, run_after=None
[2026-05-29T01:42:41.929+0200] {processor.py:179} INFO - Processing /home/frederic/airflow_venv/lib/python3.10/site-packages/airflow/example_dags/tutorial_taskflow_api_virtualenv.py took 0.054 seconds
[2026-05-29T01:43:15.035+0200] {processor.py:157} INFO - Started process (PID=602494) to work on /home/frederic/airflow_venv/lib/python3.10/site-packages/airflow/example_dags/tutorial_taskflow_api_virtualenv.py
[2026-05-29T01:43:15.035+0200] {processor.py:829} INFO - Processing file /home/frederic/airflow_venv/lib/python3.10/site-packages/airflow/example_dags/tutorial_taskflow_api_virtualenv.py for tasks to queue
[2026-05-29T01:43:15.036+0200] {logging_mixin.py:151} INFO - [2026-05-29T01:43:15.036+0200] {dagbag.py:539} INFO - Filling up the DagBag from /home/frederic/airflow_venv/lib/python3.10/site-packages/airflow/example_dags/tutorial_taskflow_api_virtualenv.py
[2026-05-29T01:43:15.042+0200] {processor.py:839} INFO - DAG(s) dict_keys(['tutorial_taskflow_api_virtualenv']) retrieved from /home/frederic/airflow_venv/lib/python3.10/site-packages/airflow/example_dags/tutorial_taskflow_api_virtualenv.py
[2026-05-29T01:43:15.055+0200] {logging_mixin.py:151} INFO - [2026-05-29T01:43:15.055+0200] {dag.py:2915} INFO - Sync 1 DAGs
[2026-05-29T01:43:15.065+0200] {logging_mixin.py:151} INFO - [2026-05-29T01:43:15.065+0200] {dag.py:3696} INFO - Setting next_dagrun for tutorial_taskflow_api_virtualenv to None, run_after=None
[2026-05-29T01:43:15.080+0200] {processor.py:179} INFO - Processing /home/frederic/airflow_venv/lib/python3.10/site-packages/airflow/example_dags/tutorial_taskflow_api_virtualenv.py took 0.048 seconds
[2026-05-29T01:44:02.982+0200] {processor.py:157} INFO - Started process (PID=603316) to work on /home/frederic/airflow_venv/lib/python3.10/site-packages/airflow/example_dags/tutorial_taskflow_api_virtualenv.py
[2026-05-29T01:44:02.984+0200] {processor.py:829} INFO - Processing file /home/frederic/airflow_venv/lib/python3.10/site-packages/airflow/example_dags/tutorial_taskflow_api_virtualenv.py for tasks to queue
[2026-05-29T01:44:02.985+0200] {logging_mixin.py:151} INFO - [2026-05-29T01:44:02.984+0200] {dagbag.py:539} INFO - Filling up the DagBag from /home/frederic/airflow_venv/lib/python3.10/site-packages/airflow/example_dags/tutorial_taskflow_api_virtualenv.py
[2026-05-29T01:44:02.990+0200] {processor.py:839} INFO - DAG(s) dict_keys(['tutorial_taskflow_api_virtualenv']) retrieved from /home/frederic/airflow_venv/lib/python3.10/site-packages/airflow/example_dags/tutorial_taskflow_api_virtualenv.py
[2026-05-29T01:44:03.003+0200] {logging_mixin.py:151} INFO - [2026-05-29T01:44:03.003+0200] {dag.py:2915} INFO - Sync 1 DAGs
[2026-05-29T01:44:03.013+0200] {logging_mixin.py:151} INFO - [2026-05-29T01:44:03.013+0200] {dag.py:3696} INFO - Setting next_dagrun for tutorial_taskflow_api_virtualenv to None, run_after=None
[2026-05-29T01:44:03.035+0200] {processor.py:179} INFO - Processing /home/frederic/airflow_venv/lib/python3.10/site-packages/airflow/example_dags/tutorial_taskflow_api_virtualenv.py took 0.055 seconds
[2026-05-29T01:44:37.307+0200] {processor.py:157} INFO - Started process (PID=603986) to work on /home/frederic/airflow_venv/lib/python3.10/site-packages/airflow/example_dags/tutorial_taskflow_api_virtualenv.py
[2026-05-29T01:44:37.308+0200] {processor.py:829} INFO - Processing file /home/frederic/airflow_venv/lib/python3.10/site-packages/airflow/example_dags/tutorial_taskflow_api_virtualenv.py for tasks to queue
[2026-05-29T01:44:37.309+0200] {logging_mixin.py:151} INFO - [2026-05-29T01:44:37.308+0200] {dagbag.py:539} INFO - Filling up the DagBag from /home/frederic/airflow_venv/lib/python3.10/site-packages/airflow/example_dags/tutorial_taskflow_api_virtualenv.py
[2026-05-29T01:44:37.314+0200] {processor.py:839} INFO - DAG(s) dict_keys(['tutorial_taskflow_api_virtualenv']) retrieved from /home/frederic/airflow_venv/lib/python3.10/site-packages/airflow/example_dags/tutorial_taskflow_api_virtualenv.py
[2026-05-29T01:44:37.326+0200] {logging_mixin.py:151} INFO - [2026-05-29T01:44:37.326+0200] {dag.py:2915} INFO - Sync 1 DAGs
[2026-05-29T01:44:37.335+0200] {logging_mixin.py:151} INFO - [2026-05-29T01:44:37.335+0200] {dag.py:3696} INFO - Setting next_dagrun for tutorial_taskflow_api_virtualenv to None, run_after=None
[2026-05-29T01:44:37.349+0200] {processor.py:179} INFO - Processing /home/frederic/airflow_venv/lib/python3.10/site-packages/airflow/example_dags/tutorial_taskflow_api_virtualenv.py took 0.044 seconds
[2026-05-29T01:45:22.920+0200] {processor.py:157} INFO - Started process (PID=605797) to work on /home/frederic/airflow_venv/lib/python3.10/site-packages/airflow/example_dags/tutorial_taskflow_api_virtualenv.py
[2026-05-29T01:45:22.925+0200] {processor.py:829} INFO - Processing file /home/frederic/airflow_venv/lib/python3.10/site-packages/airflow/example_dags/tutorial_taskflow_api_virtualenv.py for tasks to queue
[2026-05-29T01:45:22.939+0200] {logging_mixin.py:151} INFO - [2026-05-29T01:45:22.939+0200] {dagbag.py:539} INFO - Filling up the DagBag from /home/frederic/airflow_venv/lib/python3.10/site-packages/airflow/example_dags/tutorial_taskflow_api_virtualenv.py
[2026-05-29T01:45:22.954+0200] {processor.py:839} INFO - DAG(s) dict_keys(['tutorial_taskflow_api_virtualenv']) retrieved from /home/frederic/airflow_venv/lib/python3.10/site-packages/airflow/example_dags/tutorial_taskflow_api_virtualenv.py
[2026-05-29T01:45:23.001+0200] {logging_mixin.py:151} INFO - [2026-05-29T01:45:23.000+0200] {dag.py:2915} INFO - Sync 1 DAGs
[2026-05-29T01:45:23.047+0200] {logging_mixin.py:151} INFO - [2026-05-29T01:45:23.047+0200] {dag.py:3696} INFO - Setting next_dagrun for tutorial_taskflow_api_virtualenv to None, run_after=None
[2026-05-29T01:45:23.126+0200] {processor.py:179} INFO - Processing /home/frederic/airflow_venv/lib/python3.10/site-packages/airflow/example_dags/tutorial_taskflow_api_virtualenv.py took 0.217 seconds
[2026-05-29T01:45:58.971+0200] {processor.py:157} INFO - Started process (PID=607486) to work on /home/frederic/airflow_venv/lib/python3.10/site-packages/airflow/example_dags/tutorial_taskflow_api_virtualenv.py
[2026-05-29T01:45:58.972+0200] {processor.py:829} INFO - Processing file /home/frederic/airflow_venv/lib/python3.10/site-packages/airflow/example_dags/tutorial_taskflow_api_virtualenv.py for tasks to queue
[2026-05-29T01:45:58.974+0200] {logging_mixin.py:151} INFO - [2026-05-29T01:45:58.973+0200] {dagbag.py:539} INFO - Filling up the DagBag from /home/frederic/airflow_venv/lib/python3.10/site-packages/airflow/example_dags/tutorial_taskflow_api_virtualenv.py
[2026-05-29T01:45:58.988+0200] {processor.py:839} INFO - DAG(s) dict_keys(['tutorial_taskflow_api_virtualenv']) retrieved from /home/frederic/airflow_venv/lib/python3.10/site-packages/airflow/example_dags/tutorial_taskflow_api_virtualenv.py
[2026-05-29T01:45:59.018+0200] {logging_mixin.py:151} INFO - [2026-05-29T01:45:59.018+0200] {dag.py:2915} INFO - Sync 1 DAGs
[2026-05-29T01:45:59.042+0200] {logging_mixin.py:151} INFO - [2026-05-29T01:45:59.042+0200] {dag.py:3696} INFO - Setting next_dagrun for tutorial_taskflow_api_virtualenv to None, run_after=None
[2026-05-29T01:45:59.092+0200] {processor.py:179} INFO - Processing /home/frederic/airflow_venv/lib/python3.10/site-packages/airflow/example_dags/tutorial_taskflow_api_virtualenv.py took 0.124 seconds
[2026-05-29T01:46:33.910+0200] {processor.py:157} INFO - Started process (PID=608824) to work on /home/frederic/airflow_venv/lib/python3.10/site-packages/airflow/example_dags/tutorial_taskflow_api_virtualenv.py
[2026-05-29T01:46:33.911+0200] {processor.py:829} INFO - Processing file /home/frederic/airflow_venv/lib/python3.10/site-packages/airflow/example_dags/tutorial_taskflow_api_virtualenv.py for tasks to queue
[2026-05-29T01:46:33.911+0200] {logging_mixin.py:151} INFO - [2026-05-29T01:46:33.911+0200] {dagbag.py:539} INFO - Filling up the DagBag from /home/frederic/airflow_venv/lib/python3.10/site-packages/airflow/example_dags/tutorial_taskflow_api_virtualenv.py
[2026-05-29T01:46:33.916+0200] {processor.py:839} INFO - DAG(s) dict_keys(['tutorial_taskflow_api_virtualenv']) retrieved from /home/frederic/airflow_venv/lib/python3.10/site-packages/airflow/example_dags/tutorial_taskflow_api_virtualenv.py
[2026-05-29T01:46:33.928+0200] {logging_mixin.py:151} INFO - [2026-05-29T01:46:33.928+0200] {dag.py:2915} INFO - Sync 1 DAGs
[2026-05-29T01:46:33.937+0200] {logging_mixin.py:151} INFO - [2026-05-29T01:46:33.936+0200] {dag.py:3696} INFO - Setting next_dagrun for tutorial_taskflow_api_virtualenv to None, run_after=None
[2026-05-29T01:46:33.952+0200] {processor.py:179} INFO - Processing /home/frederic/airflow_venv/lib/python3.10/site-packages/airflow/example_dags/tutorial_taskflow_api_virtualenv.py took 0.045 seconds
[2026-05-29T01:47:16.916+0200] {processor.py:157} INFO - Started process (PID=609999) to work on /home/frederic/airflow_venv/lib/python3.10/site-packages/airflow/example_dags/tutorial_taskflow_api_virtualenv.py
[2026-05-29T01:47:16.919+0200] {processor.py:829} INFO - Processing file /home/frederic/airflow_venv/lib/python3.10/site-packages/airflow/example_dags/tutorial_taskflow_api_virtualenv.py for tasks to queue
[2026-05-29T01:47:16.920+0200] {logging_mixin.py:151} INFO - [2026-05-29T01:47:16.919+0200] {dagbag.py:539} INFO - Filling up the DagBag from /home/frederic/airflow_venv/lib/python3.10/site-packages/airflow/example_dags/tutorial_taskflow_api_virtualenv.py
[2026-05-29T01:47:16.925+0200] {processor.py:839} INFO - DAG(s) dict_keys(['tutorial_taskflow_api_virtualenv']) retrieved from /home/frederic/airflow_venv/lib/python3.10/site-packages/airflow/example_dags/tutorial_taskflow_api_virtualenv.py
[2026-05-29T01:47:16.937+0200] {logging_mixin.py:151} INFO - [2026-05-29T01:47:16.937+0200] {dag.py:2915} INFO - Sync 1 DAGs
[2026-05-29T01:47:16.946+0200] {logging_mixin.py:151} INFO - [2026-05-29T01:47:16.945+0200] {dag.py:3696} INFO - Setting next_dagrun for tutorial_taskflow_api_virtualenv to None, run_after=None
[2026-05-29T01:47:16.967+0200] {processor.py:179} INFO - Processing /home/frederic/airflow_venv/lib/python3.10/site-packages/airflow/example_dags/tutorial_taskflow_api_virtualenv.py took 0.053 seconds
[2026-05-29T01:47:59.741+0200] {processor.py:157} INFO - Started process (PID=611309) to work on /home/frederic/airflow_venv/lib/python3.10/site-packages/airflow/example_dags/tutorial_taskflow_api_virtualenv.py
[2026-05-29T01:47:59.742+0200] {processor.py:829} INFO - Processing file /home/frederic/airflow_venv/lib/python3.10/site-packages/airflow/example_dags/tutorial_taskflow_api_virtualenv.py for tasks to queue
[2026-05-29T01:47:59.743+0200] {logging_mixin.py:151} INFO - [2026-05-29T01:47:59.742+0200] {dagbag.py:539} INFO - Filling up the DagBag from /home/frederic/airflow_venv/lib/python3.10/site-packages/airflow/example_dags/tutorial_taskflow_api_virtualenv.py
[2026-05-29T01:47:59.748+0200] {processor.py:839} INFO - DAG(s) dict_keys(['tutorial_taskflow_api_virtualenv']) retrieved from /home/frederic/airflow_venv/lib/python3.10/site-packages/airflow/example_dags/tutorial_taskflow_api_virtualenv.py
[2026-05-29T01:47:59.761+0200] {logging_mixin.py:151} INFO - [2026-05-29T01:47:59.761+0200] {dag.py:2915} INFO - Sync 1 DAGs
[2026-05-29T01:47:59.771+0200] {logging_mixin.py:151} INFO - [2026-05-29T01:47:59.771+0200] {dag.py:3696} INFO - Setting next_dagrun for tutorial_taskflow_api_virtualenv to None, run_after=None
[2026-05-29T01:47:59.786+0200] {processor.py:179} INFO - Processing /home/frederic/airflow_venv/lib/python3.10/site-packages/airflow/example_dags/tutorial_taskflow_api_virtualenv.py took 0.048 seconds
[2026-05-29T01:48:32.952+0200] {processor.py:157} INFO - Started process (PID=612267) to work on /home/frederic/airflow_venv/lib/python3.10/site-packages/airflow/example_dags/tutorial_taskflow_api_virtualenv.py
[2026-05-29T01:48:32.956+0200] {processor.py:829} INFO - Processing file /home/frederic/airflow_venv/lib/python3.10/site-packages/airflow/example_dags/tutorial_taskflow_api_virtualenv.py for tasks to queue
[2026-05-29T01:48:32.956+0200] {logging_mixin.py:151} INFO - [2026-05-29T01:48:32.956+0200] {dagbag.py:539} INFO - Filling up the DagBag from /home/frederic/airflow_venv/lib/python3.10/site-packages/airflow/example_dags/tutorial_taskflow_api_virtualenv.py
[2026-05-29T01:48:32.964+0200] {processor.py:839} INFO - DAG(s) dict_keys(['tutorial_taskflow_api_virtualenv']) retrieved from /home/frederic/airflow_venv/lib/python3.10/site-packages/airflow/example_dags/tutorial_taskflow_api_virtualenv.py
[2026-05-29T01:48:32.981+0200] {logging_mixin.py:151} INFO - [2026-05-29T01:48:32.981+0200] {dag.py:2915} INFO - Sync 1 DAGs
[2026-05-29T01:48:32.994+0200] {logging_mixin.py:151} INFO - [2026-05-29T01:48:32.994+0200] {dag.py:3696} INFO - Setting next_dagrun for tutorial_taskflow_api_virtualenv to None, run_after=None
[2026-05-29T01:48:33.015+0200] {processor.py:179} INFO - Processing /home/frederic/airflow_venv/lib/python3.10/site-packages/airflow/example_dags/tutorial_taskflow_api_virtualenv.py took 0.066 seconds
[2026-05-29T01:49:16.199+0200] {processor.py:157} INFO - Started process (PID=613365) to work on /home/frederic/airflow_venv/lib/python3.10/site-packages/airflow/example_dags/tutorial_taskflow_api_virtualenv.py
[2026-05-29T01:49:16.200+0200] {processor.py:829} INFO - Processing file /home/frederic/airflow_venv/lib/python3.10/site-packages/airflow/example_dags/tutorial_taskflow_api_virtualenv.py for tasks to queue
[2026-05-29T01:49:16.200+0200] {logging_mixin.py:151} INFO - [2026-05-29T01:49:16.200+0200] {dagbag.py:539} INFO - Filling up the DagBag from /home/frederic/airflow_venv/lib/python3.10/site-packages/airflow/example_dags/tutorial_taskflow_api_virtualenv.py
[2026-05-29T01:49:16.206+0200] {processor.py:839} INFO - DAG(s) dict_keys(['tutorial_taskflow_api_virtualenv']) retrieved from /home/frederic/airflow_venv/lib/python3.10/site-packages/airflow/example_dags/tutorial_taskflow_api_virtualenv.py
[2026-05-29T01:49:16.219+0200] {logging_mixin.py:151} INFO - [2026-05-29T01:49:16.219+0200] {dag.py:2915} INFO - Sync 1 DAGs
[2026-05-29T01:49:16.228+0200] {logging_mixin.py:151} INFO - [2026-05-29T01:49:16.228+0200] {dag.py:3696} INFO - Setting next_dagrun for tutorial_taskflow_api_virtualenv to None, run_after=None
[2026-05-29T01:49:16.242+0200] {processor.py:179} INFO - Processing /home/frederic/airflow_venv/lib/python3.10/site-packages/airflow/example_dags/tutorial_taskflow_api_virtualenv.py took 0.046 seconds
[2026-05-29T01:49:59.335+0200] {processor.py:157} INFO - Started process (PID=614555) to work on /home/frederic/airflow_venv/lib/python3.10/site-packages/airflow/example_dags/tutorial_taskflow_api_virtualenv.py
[2026-05-29T01:49:59.336+0200] {processor.py:829} INFO - Processing file /home/frederic/airflow_venv/lib/python3.10/site-packages/airflow/example_dags/tutorial_taskflow_api_virtualenv.py for tasks to queue
[2026-05-29T01:49:59.336+0200] {logging_mixin.py:151} INFO - [2026-05-29T01:49:59.336+0200] {dagbag.py:539} INFO - Filling up the DagBag from /home/frederic/airflow_venv/lib/python3.10/site-packages/airflow/example_dags/tutorial_taskflow_api_virtualenv.py
[2026-05-29T01:49:59.342+0200] {processor.py:839} INFO - DAG(s) dict_keys(['tutorial_taskflow_api_virtualenv']) retrieved from /home/frederic/airflow_venv/lib/python3.10/site-packages/airflow/example_dags/tutorial_taskflow_api_virtualenv.py
[2026-05-29T01:49:59.353+0200] {logging_mixin.py:151} INFO - [2026-05-29T01:49:59.353+0200] {dag.py:2915} INFO - Sync 1 DAGs
[2026-05-29T01:49:59.362+0200] {logging_mixin.py:151} INFO - [2026-05-29T01:49:59.362+0200] {dag.py:3696} INFO - Setting next_dagrun for tutorial_taskflow_api_virtualenv to None, run_after=None
[2026-05-29T01:49:59.378+0200] {processor.py:179} INFO - Processing /home/frederic/airflow_venv/lib/python3.10/site-packages/airflow/example_dags/tutorial_taskflow_api_virtualenv.py took 0.046 seconds
[2026-05-29T01:50:38.452+0200] {processor.py:157} INFO - Started process (PID=615853) to work on /home/frederic/airflow_venv/lib/python3.10/site-packages/airflow/example_dags/tutorial_taskflow_api_virtualenv.py
[2026-05-29T01:50:38.456+0200] {processor.py:829} INFO - Processing file /home/frederic/airflow_venv/lib/python3.10/site-packages/airflow/example_dags/tutorial_taskflow_api_virtualenv.py for tasks to queue
[2026-05-29T01:50:38.457+0200] {logging_mixin.py:151} INFO - [2026-05-29T01:50:38.456+0200] {dagbag.py:539} INFO - Filling up the DagBag from /home/frederic/airflow_venv/lib/python3.10/site-packages/airflow/example_dags/tutorial_taskflow_api_virtualenv.py
[2026-05-29T01:50:38.464+0200] {processor.py:839} INFO - DAG(s) dict_keys(['tutorial_taskflow_api_virtualenv']) retrieved from /home/frederic/airflow_venv/lib/python3.10/site-packages/airflow/example_dags/tutorial_taskflow_api_virtualenv.py
[2026-05-29T01:50:38.477+0200] {logging_mixin.py:151} INFO - [2026-05-29T01:50:38.477+0200] {dag.py:2915} INFO - Sync 1 DAGs
[2026-05-29T01:50:38.488+0200] {logging_mixin.py:151} INFO - [2026-05-29T01:50:38.488+0200] {dag.py:3696} INFO - Setting next_dagrun for tutorial_taskflow_api_virtualenv to None, run_after=None
[2026-05-29T01:50:38.506+0200] {processor.py:179} INFO - Processing /home/frederic/airflow_venv/lib/python3.10/site-packages/airflow/example_dags/tutorial_taskflow_api_virtualenv.py took 0.055 seconds
[2026-05-29T01:51:20.744+0200] {processor.py:157} INFO - Started process (PID=616856) to work on /home/frederic/airflow_venv/lib/python3.10/site-packages/airflow/example_dags/tutorial_taskflow_api_virtualenv.py
[2026-05-29T01:51:20.745+0200] {processor.py:829} INFO - Processing file /home/frederic/airflow_venv/lib/python3.10/site-packages/airflow/example_dags/tutorial_taskflow_api_virtualenv.py for tasks to queue
[2026-05-29T01:51:20.745+0200] {logging_mixin.py:151} INFO - [2026-05-29T01:51:20.745+0200] {dagbag.py:539} INFO - Filling up the DagBag from /home/frederic/airflow_venv/lib/python3.10/site-packages/airflow/example_dags/tutorial_taskflow_api_virtualenv.py
[2026-05-29T01:51:20.751+0200] {processor.py:839} INFO - DAG(s) dict_keys(['tutorial_taskflow_api_virtualenv']) retrieved from /home/frederic/airflow_venv/lib/python3.10/site-packages/airflow/example_dags/tutorial_taskflow_api_virtualenv.py
[2026-05-29T01:51:20.765+0200] {logging_mixin.py:151} INFO - [2026-05-29T01:51:20.765+0200] {dag.py:2915} INFO - Sync 1 DAGs
[2026-05-29T01:51:20.775+0200] {logging_mixin.py:151} INFO - [2026-05-29T01:51:20.775+0200] {dag.py:3696} INFO - Setting next_dagrun for tutorial_taskflow_api_virtualenv to None, run_after=None
[2026-05-29T01:51:20.793+0200] {processor.py:179} INFO - Processing /home/frederic/airflow_venv/lib/python3.10/site-packages/airflow/example_dags/tutorial_taskflow_api_virtualenv.py took 0.052 seconds
[2026-05-29T01:51:56.211+0200] {processor.py:157} INFO - Started process (PID=617671) to work on /home/frederic/airflow_venv/lib/python3.10/site-packages/airflow/example_dags/tutorial_taskflow_api_virtualenv.py
[2026-05-29T01:51:56.214+0200] {processor.py:829} INFO - Processing file /home/frederic/airflow_venv/lib/python3.10/site-packages/airflow/example_dags/tutorial_taskflow_api_virtualenv.py for tasks to queue
[2026-05-29T01:51:56.215+0200] {logging_mixin.py:151} INFO - [2026-05-29T01:51:56.215+0200] {dagbag.py:539} INFO - Filling up the DagBag from /home/frederic/airflow_venv/lib/python3.10/site-packages/airflow/example_dags/tutorial_taskflow_api_virtualenv.py
[2026-05-29T01:51:56.221+0200] {processor.py:839} INFO - DAG(s) dict_keys(['tutorial_taskflow_api_virtualenv']) retrieved from /home/frederic/airflow_venv/lib/python3.10/site-packages/airflow/example_dags/tutorial_taskflow_api_virtualenv.py
[2026-05-29T01:51:56.237+0200] {logging_mixin.py:151} INFO - [2026-05-29T01:51:56.237+0200] {dag.py:2915} INFO - Sync 1 DAGs
[2026-05-29T01:51:56.246+0200] {logging_mixin.py:151} INFO - [2026-05-29T01:51:56.246+0200] {dag.py:3696} INFO - Setting next_dagrun for tutorial_taskflow_api_virtualenv to None, run_after=None
[2026-05-29T01:51:56.262+0200] {processor.py:179} INFO - Processing /home/frederic/airflow_venv/lib/python3.10/site-packages/airflow/example_dags/tutorial_taskflow_api_virtualenv.py took 0.054 seconds
[2026-05-29T01:52:28.438+0200] {processor.py:157} INFO - Started process (PID=618546) to work on /home/frederic/airflow_venv/lib/python3.10/site-packages/airflow/example_dags/tutorial_taskflow_api_virtualenv.py
[2026-05-29T01:52:28.439+0200] {processor.py:829} INFO - Processing file /home/frederic/airflow_venv/lib/python3.10/site-packages/airflow/example_dags/tutorial_taskflow_api_virtualenv.py for tasks to queue
[2026-05-29T01:52:28.440+0200] {logging_mixin.py:151} INFO - [2026-05-29T01:52:28.439+0200] {dagbag.py:539} INFO - Filling up the DagBag from /home/frederic/airflow_venv/lib/python3.10/site-packages/airflow/example_dags/tutorial_taskflow_api_virtualenv.py
[2026-05-29T01:52:28.445+0200] {processor.py:839} INFO - DAG(s) dict_keys(['tutorial_taskflow_api_virtualenv']) retrieved from /home/frederic/airflow_venv/lib/python3.10/site-packages/airflow/example_dags/tutorial_taskflow_api_virtualenv.py
[2026-05-29T01:52:28.457+0200] {logging_mixin.py:151} INFO - [2026-05-29T01:52:28.457+0200] {dag.py:2915} INFO - Sync 1 DAGs
[2026-05-29T01:52:28.466+0200] {logging_mixin.py:151} INFO - [2026-05-29T01:52:28.465+0200] {dag.py:3696} INFO - Setting next_dagrun for tutorial_taskflow_api_virtualenv to None, run_after=None
[2026-05-29T01:52:28.481+0200] {processor.py:179} INFO - Processing /home/frederic/airflow_venv/lib/python3.10/site-packages/airflow/example_dags/tutorial_taskflow_api_virtualenv.py took 0.045 seconds
[2026-05-29T01:53:00.996+0200] {processor.py:157} INFO - Started process (PID=619761) to work on /home/frederic/airflow_venv/lib/python3.10/site-packages/airflow/example_dags/tutorial_taskflow_api_virtualenv.py
[2026-05-29T01:53:00.999+0200] {processor.py:829} INFO - Processing file /home/frederic/airflow_venv/lib/python3.10/site-packages/airflow/example_dags/tutorial_taskflow_api_virtualenv.py for tasks to queue
[2026-05-29T01:53:01.000+0200] {logging_mixin.py:151} INFO - [2026-05-29T01:53:01.000+0200] {dagbag.py:539} INFO - Filling up the DagBag from /home/frederic/airflow_venv/lib/python3.10/site-packages/airflow/example_dags/tutorial_taskflow_api_virtualenv.py
[2026-05-29T01:53:01.006+0200] {processor.py:839} INFO - DAG(s) dict_keys(['tutorial_taskflow_api_virtualenv']) retrieved from /home/frederic/airflow_venv/lib/python3.10/site-packages/airflow/example_dags/tutorial_taskflow_api_virtualenv.py
[2026-05-29T01:53:01.019+0200] {logging_mixin.py:151} INFO - [2026-05-29T01:53:01.019+0200] {dag.py:2915} INFO - Sync 1 DAGs
[2026-05-29T01:53:01.030+0200] {logging_mixin.py:151} INFO - [2026-05-29T01:53:01.030+0200] {dag.py:3696} INFO - Setting next_dagrun for tutorial_taskflow_api_virtualenv to None, run_after=None
[2026-05-29T01:53:01.045+0200] {processor.py:179} INFO - Processing /home/frederic/airflow_venv/lib/python3.10/site-packages/airflow/example_dags/tutorial_taskflow_api_virtualenv.py took 0.052 seconds
[2026-05-29T01:53:45.850+0200] {processor.py:157} INFO - Started process (PID=620991) to work on /home/frederic/airflow_venv/lib/python3.10/site-packages/airflow/example_dags/tutorial_taskflow_api_virtualenv.py
[2026-05-29T01:53:45.853+0200] {processor.py:829} INFO - Processing file /home/frederic/airflow_venv/lib/python3.10/site-packages/airflow/example_dags/tutorial_taskflow_api_virtualenv.py for tasks to queue
[2026-05-29T01:53:45.854+0200] {logging_mixin.py:151} INFO - [2026-05-29T01:53:45.854+0200] {dagbag.py:539} INFO - Filling up the DagBag from /home/frederic/airflow_venv/lib/python3.10/site-packages/airflow/example_dags/tutorial_taskflow_api_virtualenv.py
[2026-05-29T01:53:45.860+0200] {processor.py:839} INFO - DAG(s) dict_keys(['tutorial_taskflow_api_virtualenv']) retrieved from /home/frederic/airflow_venv/lib/python3.10/site-packages/airflow/example_dags/tutorial_taskflow_api_virtualenv.py
[2026-05-29T01:53:45.875+0200] {logging_mixin.py:151} INFO - [2026-05-29T01:53:45.875+0200] {dag.py:2915} INFO - Sync 1 DAGs
[2026-05-29T01:53:45.885+0200] {logging_mixin.py:151} INFO - [2026-05-29T01:53:45.885+0200] {dag.py:3696} INFO - Setting next_dagrun for tutorial_taskflow_api_virtualenv to None, run_after=None
[2026-05-29T01:53:45.902+0200] {processor.py:179} INFO - Processing /home/frederic/airflow_venv/lib/python3.10/site-packages/airflow/example_dags/tutorial_taskflow_api_virtualenv.py took 0.054 seconds
[2026-05-29T01:54:33.157+0200] {processor.py:157} INFO - Started process (PID=622411) to work on /home/frederic/airflow_venv/lib/python3.10/site-packages/airflow/example_dags/tutorial_taskflow_api_virtualenv.py
[2026-05-29T01:54:33.160+0200] {processor.py:829} INFO - Processing file /home/frederic/airflow_venv/lib/python3.10/site-packages/airflow/example_dags/tutorial_taskflow_api_virtualenv.py for tasks to queue
[2026-05-29T01:54:33.161+0200] {logging_mixin.py:151} INFO - [2026-05-29T01:54:33.160+0200] {dagbag.py:539} INFO - Filling up the DagBag from /home/frederic/airflow_venv/lib/python3.10/site-packages/airflow/example_dags/tutorial_taskflow_api_virtualenv.py
[2026-05-29T01:54:33.170+0200] {processor.py:839} INFO - DAG(s) dict_keys(['tutorial_taskflow_api_virtualenv']) retrieved from /home/frederic/airflow_venv/lib/python3.10/site-packages/airflow/example_dags/tutorial_taskflow_api_virtualenv.py
[2026-05-29T01:54:33.190+0200] {logging_mixin.py:151} INFO - [2026-05-29T01:54:33.190+0200] {dag.py:2915} INFO - Sync 1 DAGs
[2026-05-29T01:54:33.204+0200] {logging_mixin.py:151} INFO - [2026-05-29T01:54:33.204+0200] {dag.py:3696} INFO - Setting next_dagrun for tutorial_taskflow_api_virtualenv to None, run_after=None
[2026-05-29T01:54:33.226+0200] {processor.py:179} INFO - Processing /home/frederic/airflow_venv/lib/python3.10/site-packages/airflow/example_dags/tutorial_taskflow_api_virtualenv.py took 0.073 seconds
[2026-05-29T01:55:16.611+0200] {processor.py:157} INFO - Started process (PID=624008) to work on /home/frederic/airflow_venv/lib/python3.10/site-packages/airflow/example_dags/tutorial_taskflow_api_virtualenv.py
[2026-05-29T01:55:16.613+0200] {processor.py:829} INFO - Processing file /home/frederic/airflow_venv/lib/python3.10/site-packages/airflow/example_dags/tutorial_taskflow_api_virtualenv.py for tasks to queue
[2026-05-29T01:55:16.614+0200] {logging_mixin.py:151} INFO - [2026-05-29T01:55:16.614+0200] {dagbag.py:539} INFO - Filling up the DagBag from /home/frederic/airflow_venv/lib/python3.10/site-packages/airflow/example_dags/tutorial_taskflow_api_virtualenv.py
[2026-05-29T01:55:16.626+0200] {processor.py:839} INFO - DAG(s) dict_keys(['tutorial_taskflow_api_virtualenv']) retrieved from /home/frederic/airflow_venv/lib/python3.10/site-packages/airflow/example_dags/tutorial_taskflow_api_virtualenv.py
[2026-05-29T01:55:16.634+0200] {logging_mixin.py:151} INFO - [2026-05-29T01:55:16.634+0200] {dag.py:2915} INFO - Sync 1 DAGs
[2026-05-29T01:55:16.654+0200] {logging_mixin.py:151} INFO - [2026-05-29T01:55:16.654+0200] {dag.py:3696} INFO - Setting next_dagrun for tutorial_taskflow_api_virtualenv to None, run_after=None
[2026-05-29T01:55:16.680+0200] {processor.py:179} INFO - Processing /home/frederic/airflow_venv/lib/python3.10/site-packages/airflow/example_dags/tutorial_taskflow_api_virtualenv.py took 0.074 seconds
[2026-05-29T01:55:24.939+0200] {processor.py:157} INFO - Started process (PID=624285) to work on /home/frederic/airflow_venv/lib/python3.10/site-packages/airflow/example_dags/tutorial_taskflow_api_virtualenv.py
[2026-05-29T01:55:24.940+0200] {processor.py:829} INFO - Processing file /home/frederic/airflow_venv/lib/python3.10/site-packages/airflow/example_dags/tutorial_taskflow_api_virtualenv.py for tasks to queue
[2026-05-29T01:55:24.941+0200] {logging_mixin.py:151} INFO - [2026-05-29T01:55:24.941+0200] {dagbag.py:539} INFO - Filling up the DagBag from /home/frederic/airflow_venv/lib/python3.10/site-packages/airflow/example_dags/tutorial_taskflow_api_virtualenv.py
[2026-05-29T01:55:24.950+0200] {processor.py:839} INFO - DAG(s) dict_keys(['tutorial_taskflow_api_virtualenv']) retrieved from /home/frederic/airflow_venv/lib/python3.10/site-packages/airflow/example_dags/tutorial_taskflow_api_virtualenv.py
[2026-05-29T01:55:24.957+0200] {logging_mixin.py:151} INFO - [2026-05-29T01:55:24.957+0200] {dag.py:2915} INFO - Sync 1 DAGs
[2026-05-29T01:55:24.977+0200] {logging_mixin.py:151} INFO - [2026-05-29T01:55:24.977+0200] {dag.py:3696} INFO - Setting next_dagrun for tutorial_taskflow_api_virtualenv to None, run_after=None
[2026-05-29T01:55:24.998+0200] {processor.py:179} INFO - Processing /home/frederic/airflow_venv/lib/python3.10/site-packages/airflow/example_dags/tutorial_taskflow_api_virtualenv.py took 0.061 seconds
[2026-05-29T01:55:49.363+0200] {processor.py:157} INFO - Started process (PID=624982) to work on /home/frederic/airflow_venv/lib/python3.10/site-packages/airflow/example_dags/tutorial_taskflow_api_virtualenv.py
[2026-05-29T01:55:49.364+0200] {processor.py:829} INFO - Processing file /home/frederic/airflow_venv/lib/python3.10/site-packages/airflow/example_dags/tutorial_taskflow_api_virtualenv.py for tasks to queue
[2026-05-29T01:55:49.365+0200] {logging_mixin.py:151} INFO - [2026-05-29T01:55:49.365+0200] {dagbag.py:539} INFO - Filling up the DagBag from /home/frederic/airflow_venv/lib/python3.10/site-packages/airflow/example_dags/tutorial_taskflow_api_virtualenv.py
[2026-05-29T01:55:49.374+0200] {processor.py:839} INFO - DAG(s) dict_keys(['tutorial_taskflow_api_virtualenv']) retrieved from /home/frederic/airflow_venv/lib/python3.10/site-packages/airflow/example_dags/tutorial_taskflow_api_virtualenv.py
[2026-05-29T01:55:49.391+0200] {logging_mixin.py:151} INFO - [2026-05-29T01:55:49.391+0200] {dag.py:2915} INFO - Sync 1 DAGs
[2026-05-29T01:55:49.404+0200] {logging_mixin.py:151} INFO - [2026-05-29T01:55:49.404+0200] {dag.py:3696} INFO - Setting next_dagrun for tutorial_taskflow_api_virtualenv to None, run_after=None
[2026-05-29T01:55:49.424+0200] {processor.py:179} INFO - Processing /home/frederic/airflow_venv/lib/python3.10/site-packages/airflow/example_dags/tutorial_taskflow_api_virtualenv.py took 0.063 seconds
[2026-05-29T01:56:15.937+0200] {processor.py:157} INFO - Started process (PID=625891) to work on /home/frederic/airflow_venv/lib/python3.10/site-packages/airflow/example_dags/tutorial_taskflow_api_virtualenv.py
[2026-05-29T01:56:15.938+0200] {processor.py:829} INFO - Processing file /home/frederic/airflow_venv/lib/python3.10/site-packages/airflow/example_dags/tutorial_taskflow_api_virtualenv.py for tasks to queue
[2026-05-29T01:56:15.938+0200] {logging_mixin.py:151} INFO - [2026-05-29T01:56:15.938+0200] {dagbag.py:539} INFO - Filling up the DagBag from /home/frederic/airflow_venv/lib/python3.10/site-packages/airflow/example_dags/tutorial_taskflow_api_virtualenv.py
[2026-05-29T01:56:15.944+0200] {processor.py:839} INFO - DAG(s) dict_keys(['tutorial_taskflow_api_virtualenv']) retrieved from /home/frederic/airflow_venv/lib/python3.10/site-packages/airflow/example_dags/tutorial_taskflow_api_virtualenv.py
[2026-05-29T01:56:15.956+0200] {logging_mixin.py:151} INFO - [2026-05-29T01:56:15.956+0200] {dag.py:2915} INFO - Sync 1 DAGs
[2026-05-29T01:56:15.965+0200] {logging_mixin.py:151} INFO - [2026-05-29T01:56:15.965+0200] {dag.py:3696} INFO - Setting next_dagrun for tutorial_taskflow_api_virtualenv to None, run_after=None
[2026-05-29T01:56:15.980+0200] {processor.py:179} INFO - Processing /home/frederic/airflow_venv/lib/python3.10/site-packages/airflow/example_dags/tutorial_taskflow_api_virtualenv.py took 0.045 seconds
[2026-05-29T01:56:32.549+0200] {processor.py:157} INFO - Started process (PID=626407) to work on /home/frederic/airflow_venv/lib/python3.10/site-packages/airflow/example_dags/tutorial_taskflow_api_virtualenv.py
[2026-05-29T01:56:32.550+0200] {processor.py:829} INFO - Processing file /home/frederic/airflow_venv/lib/python3.10/site-packages/airflow/example_dags/tutorial_taskflow_api_virtualenv.py for tasks to queue
[2026-05-29T01:56:32.550+0200] {logging_mixin.py:151} INFO - [2026-05-29T01:56:32.550+0200] {dagbag.py:539} INFO - Filling up the DagBag from /home/frederic/airflow_venv/lib/python3.10/site-packages/airflow/example_dags/tutorial_taskflow_api_virtualenv.py
[2026-05-29T01:56:32.557+0200] {processor.py:839} INFO - DAG(s) dict_keys(['tutorial_taskflow_api_virtualenv']) retrieved from /home/frederic/airflow_venv/lib/python3.10/site-packages/airflow/example_dags/tutorial_taskflow_api_virtualenv.py
[2026-05-29T01:56:32.571+0200] {logging_mixin.py:151} INFO - [2026-05-29T01:56:32.571+0200] {dag.py:2915} INFO - Sync 1 DAGs
[2026-05-29T01:56:32.581+0200] {logging_mixin.py:151} INFO - [2026-05-29T01:56:32.580+0200] {dag.py:3696} INFO - Setting next_dagrun for tutorial_taskflow_api_virtualenv to None, run_after=None
[2026-05-29T01:56:32.595+0200] {processor.py:179} INFO - Processing /home/frederic/airflow_venv/lib/python3.10/site-packages/airflow/example_dags/tutorial_taskflow_api_virtualenv.py took 0.049 seconds
[2026-05-29T01:56:58.927+0200] {processor.py:157} INFO - Started process (PID=627212) to work on /home/frederic/airflow_venv/lib/python3.10/site-packages/airflow/example_dags/tutorial_taskflow_api_virtualenv.py
[2026-05-29T01:56:58.929+0200] {processor.py:829} INFO - Processing file /home/frederic/airflow_venv/lib/python3.10/site-packages/airflow/example_dags/tutorial_taskflow_api_virtualenv.py for tasks to queue
[2026-05-29T01:56:58.930+0200] {logging_mixin.py:151} INFO - [2026-05-29T01:56:58.929+0200] {dagbag.py:539} INFO - Filling up the DagBag from /home/frederic/airflow_venv/lib/python3.10/site-packages/airflow/example_dags/tutorial_taskflow_api_virtualenv.py
[2026-05-29T01:56:58.938+0200] {processor.py:839} INFO - DAG(s) dict_keys(['tutorial_taskflow_api_virtualenv']) retrieved from /home/frederic/airflow_venv/lib/python3.10/site-packages/airflow/example_dags/tutorial_taskflow_api_virtualenv.py
[2026-05-29T01:56:58.965+0200] {logging_mixin.py:151} INFO - [2026-05-29T01:56:58.965+0200] {dag.py:2915} INFO - Sync 1 DAGs
[2026-05-29T01:56:58.989+0200] {logging_mixin.py:151} INFO - [2026-05-29T01:56:58.989+0200] {dag.py:3696} INFO - Setting next_dagrun for tutorial_taskflow_api_virtualenv to None, run_after=None
[2026-05-29T01:56:59.032+0200] {processor.py:179} INFO - Processing /home/frederic/airflow_venv/lib/python3.10/site-packages/airflow/example_dags/tutorial_taskflow_api_virtualenv.py took 0.108 seconds
[2026-05-29T01:57:10.168+0200] {processor.py:157} INFO - Started process (PID=627513) to work on /home/frederic/airflow_venv/lib/python3.10/site-packages/airflow/example_dags/tutorial_taskflow_api_virtualenv.py
[2026-05-29T01:57:10.169+0200] {processor.py:829} INFO - Processing file /home/frederic/airflow_venv/lib/python3.10/site-packages/airflow/example_dags/tutorial_taskflow_api_virtualenv.py for tasks to queue
[2026-05-29T01:57:10.170+0200] {logging_mixin.py:151} INFO - [2026-05-29T01:57:10.170+0200] {dagbag.py:539} INFO - Filling up the DagBag from /home/frederic/airflow_venv/lib/python3.10/site-packages/airflow/example_dags/tutorial_taskflow_api_virtualenv.py
[2026-05-29T01:57:10.179+0200] {processor.py:839} INFO - DAG(s) dict_keys(['tutorial_taskflow_api_virtualenv']) retrieved from /home/frederic/airflow_venv/lib/python3.10/site-packages/airflow/example_dags/tutorial_taskflow_api_virtualenv.py
[2026-05-29T01:57:10.197+0200] {logging_mixin.py:151} INFO - [2026-05-29T01:57:10.197+0200] {dag.py:2915} INFO - Sync 1 DAGs
[2026-05-29T01:57:10.210+0200] {logging_mixin.py:151} INFO - [2026-05-29T01:57:10.210+0200] {dag.py:3696} INFO - Setting next_dagrun for tutorial_taskflow_api_virtualenv to None, run_after=None
[2026-05-29T01:57:10.228+0200] {processor.py:179} INFO - Processing /home/frederic/airflow_venv/lib/python3.10/site-packages/airflow/example_dags/tutorial_taskflow_api_virtualenv.py took 0.063 seconds
[2026-05-29T01:57:43.498+0200] {processor.py:157} INFO - Started process (PID=628903) to work on /home/frederic/airflow_venv/lib/python3.10/site-packages/airflow/example_dags/tutorial_taskflow_api_virtualenv.py
[2026-05-29T01:57:43.499+0200] {processor.py:829} INFO - Processing file /home/frederic/airflow_venv/lib/python3.10/site-packages/airflow/example_dags/tutorial_taskflow_api_virtualenv.py for tasks to queue
[2026-05-29T01:57:43.500+0200] {logging_mixin.py:151} INFO - [2026-05-29T01:57:43.500+0200] {dagbag.py:539} INFO - Filling up the DagBag from /home/frederic/airflow_venv/lib/python3.10/site-packages/airflow/example_dags/tutorial_taskflow_api_virtualenv.py
[2026-05-29T01:57:43.515+0200] {processor.py:839} INFO - DAG(s) dict_keys(['tutorial_taskflow_api_virtualenv']) retrieved from /home/frederic/airflow_venv/lib/python3.10/site-packages/airflow/example_dags/tutorial_taskflow_api_virtualenv.py
[2026-05-29T01:57:43.534+0200] {logging_mixin.py:151} INFO - [2026-05-29T01:57:43.534+0200] {dag.py:2915} INFO - Sync 1 DAGs
[2026-05-29T01:57:43.547+0200] {logging_mixin.py:151} INFO - [2026-05-29T01:57:43.546+0200] {dag.py:3696} INFO - Setting next_dagrun for tutorial_taskflow_api_virtualenv to None, run_after=None
[2026-05-29T01:57:43.568+0200] {processor.py:179} INFO - Processing /home/frederic/airflow_venv/lib/python3.10/site-packages/airflow/example_dags/tutorial_taskflow_api_virtualenv.py took 0.074 seconds
[2026-05-29T01:57:44.192+0200] {processor.py:157} INFO - Started process (PID=628918) to work on /home/frederic/airflow_venv/lib/python3.10/site-packages/airflow/example_dags/tutorial_taskflow_api_virtualenv.py
[2026-05-29T01:57:44.193+0200] {processor.py:829} INFO - Processing file /home/frederic/airflow_venv/lib/python3.10/site-packages/airflow/example_dags/tutorial_taskflow_api_virtualenv.py for tasks to queue
[2026-05-29T01:57:44.194+0200] {logging_mixin.py:151} INFO - [2026-05-29T01:57:44.193+0200] {dagbag.py:539} INFO - Filling up the DagBag from /home/frederic/airflow_venv/lib/python3.10/site-packages/airflow/example_dags/tutorial_taskflow_api_virtualenv.py
[2026-05-29T01:57:44.201+0200] {processor.py:839} INFO - DAG(s) dict_keys(['tutorial_taskflow_api_virtualenv']) retrieved from /home/frederic/airflow_venv/lib/python3.10/site-packages/airflow/example_dags/tutorial_taskflow_api_virtualenv.py
[2026-05-29T01:57:44.220+0200] {logging_mixin.py:151} INFO - [2026-05-29T01:57:44.219+0200] {dag.py:2915} INFO - Sync 1 DAGs
[2026-05-29T01:57:44.232+0200] {logging_mixin.py:151} INFO - [2026-05-29T01:57:44.232+0200] {dag.py:3696} INFO - Setting next_dagrun for tutorial_taskflow_api_virtualenv to None, run_after=None
[2026-05-29T01:57:44.252+0200] {processor.py:179} INFO - Processing /home/frederic/airflow_venv/lib/python3.10/site-packages/airflow/example_dags/tutorial_taskflow_api_virtualenv.py took 0.064 seconds
[2026-05-29T01:58:19.550+0200] {processor.py:157} INFO - Started process (PID=630024) to work on /home/frederic/airflow_venv/lib/python3.10/site-packages/airflow/example_dags/tutorial_taskflow_api_virtualenv.py
[2026-05-29T01:58:19.551+0200] {processor.py:829} INFO - Processing file /home/frederic/airflow_venv/lib/python3.10/site-packages/airflow/example_dags/tutorial_taskflow_api_virtualenv.py for tasks to queue
[2026-05-29T01:58:19.552+0200] {logging_mixin.py:151} INFO - [2026-05-29T01:58:19.551+0200] {dagbag.py:539} INFO - Filling up the DagBag from /home/frederic/airflow_venv/lib/python3.10/site-packages/airflow/example_dags/tutorial_taskflow_api_virtualenv.py
[2026-05-29T01:58:19.560+0200] {processor.py:839} INFO - DAG(s) dict_keys(['tutorial_taskflow_api_virtualenv']) retrieved from /home/frederic/airflow_venv/lib/python3.10/site-packages/airflow/example_dags/tutorial_taskflow_api_virtualenv.py
[2026-05-29T01:58:19.579+0200] {logging_mixin.py:151} INFO - [2026-05-29T01:58:19.579+0200] {dag.py:2915} INFO - Sync 1 DAGs
[2026-05-29T01:58:19.593+0200] {logging_mixin.py:151} INFO - [2026-05-29T01:58:19.593+0200] {dag.py:3696} INFO - Setting next_dagrun for tutorial_taskflow_api_virtualenv to None, run_after=None
[2026-05-29T01:58:19.617+0200] {processor.py:179} INFO - Processing /home/frederic/airflow_venv/lib/python3.10/site-packages/airflow/example_dags/tutorial_taskflow_api_virtualenv.py took 0.070 seconds
[2026-05-29T01:58:33.803+0200] {processor.py:157} INFO - Started process (PID=630566) to work on /home/frederic/airflow_venv/lib/python3.10/site-packages/airflow/example_dags/tutorial_taskflow_api_virtualenv.py
[2026-05-29T01:58:33.804+0200] {processor.py:829} INFO - Processing file /home/frederic/airflow_venv/lib/python3.10/site-packages/airflow/example_dags/tutorial_taskflow_api_virtualenv.py for tasks to queue
[2026-05-29T01:58:33.805+0200] {logging_mixin.py:151} INFO - [2026-05-29T01:58:33.805+0200] {dagbag.py:539} INFO - Filling up the DagBag from /home/frederic/airflow_venv/lib/python3.10/site-packages/airflow/example_dags/tutorial_taskflow_api_virtualenv.py
[2026-05-29T01:58:33.811+0200] {processor.py:839} INFO - DAG(s) dict_keys(['tutorial_taskflow_api_virtualenv']) retrieved from /home/frederic/airflow_venv/lib/python3.10/site-packages/airflow/example_dags/tutorial_taskflow_api_virtualenv.py
[2026-05-29T01:58:33.826+0200] {logging_mixin.py:151} INFO - [2026-05-29T01:58:33.826+0200] {dag.py:2915} INFO - Sync 1 DAGs
[2026-05-29T01:58:33.838+0200] {logging_mixin.py:151} INFO - [2026-05-29T01:58:33.838+0200] {dag.py:3696} INFO - Setting next_dagrun for tutorial_taskflow_api_virtualenv to None, run_after=None
[2026-05-29T01:58:33.858+0200] {processor.py:179} INFO - Processing /home/frederic/airflow_venv/lib/python3.10/site-packages/airflow/example_dags/tutorial_taskflow_api_virtualenv.py took 0.059 seconds
[2026-05-29T01:59:01.531+0200] {processor.py:157} INFO - Started process (PID=631495) to work on /home/frederic/airflow_venv/lib/python3.10/site-packages/airflow/example_dags/tutorial_taskflow_api_virtualenv.py
[2026-05-29T01:59:01.532+0200] {processor.py:829} INFO - Processing file /home/frederic/airflow_venv/lib/python3.10/site-packages/airflow/example_dags/tutorial_taskflow_api_virtualenv.py for tasks to queue
[2026-05-29T01:59:01.532+0200] {logging_mixin.py:151} INFO - [2026-05-29T01:59:01.532+0200] {dagbag.py:539} INFO - Filling up the DagBag from /home/frederic/airflow_venv/lib/python3.10/site-packages/airflow/example_dags/tutorial_taskflow_api_virtualenv.py
[2026-05-29T01:59:01.539+0200] {processor.py:839} INFO - DAG(s) dict_keys(['tutorial_taskflow_api_virtualenv']) retrieved from /home/frederic/airflow_venv/lib/python3.10/site-packages/airflow/example_dags/tutorial_taskflow_api_virtualenv.py
[2026-05-29T01:59:01.552+0200] {logging_mixin.py:151} INFO - [2026-05-29T01:59:01.552+0200] {dag.py:2915} INFO - Sync 1 DAGs
[2026-05-29T01:59:01.562+0200] {logging_mixin.py:151} INFO - [2026-05-29T01:59:01.562+0200] {dag.py:3696} INFO - Setting next_dagrun for tutorial_taskflow_api_virtualenv to None, run_after=None
[2026-05-29T01:59:01.578+0200] {processor.py:179} INFO - Processing /home/frederic/airflow_venv/lib/python3.10/site-packages/airflow/example_dags/tutorial_taskflow_api_virtualenv.py took 0.050 seconds
[2026-05-29T01:59:09.341+0200] {processor.py:157} INFO - Started process (PID=631694) to work on /home/frederic/airflow_venv/lib/python3.10/site-packages/airflow/example_dags/tutorial_taskflow_api_virtualenv.py
[2026-05-29T01:59:09.342+0200] {processor.py:829} INFO - Processing file /home/frederic/airflow_venv/lib/python3.10/site-packages/airflow/example_dags/tutorial_taskflow_api_virtualenv.py for tasks to queue
[2026-05-29T01:59:09.343+0200] {logging_mixin.py:151} INFO - [2026-05-29T01:59:09.343+0200] {dagbag.py:539} INFO - Filling up the DagBag from /home/frederic/airflow_venv/lib/python3.10/site-packages/airflow/example_dags/tutorial_taskflow_api_virtualenv.py
[2026-05-29T01:59:09.349+0200] {processor.py:839} INFO - DAG(s) dict_keys(['tutorial_taskflow_api_virtualenv']) retrieved from /home/frederic/airflow_venv/lib/python3.10/site-packages/airflow/example_dags/tutorial_taskflow_api_virtualenv.py
[2026-05-29T01:59:09.362+0200] {logging_mixin.py:151} INFO - [2026-05-29T01:59:09.361+0200] {dag.py:2915} INFO - Sync 1 DAGs
[2026-05-29T01:59:09.376+0200] {logging_mixin.py:151} INFO - [2026-05-29T01:59:09.376+0200] {dag.py:3696} INFO - Setting next_dagrun for tutorial_taskflow_api_virtualenv to None, run_after=None
[2026-05-29T01:59:09.402+0200] {processor.py:179} INFO - Processing /home/frederic/airflow_venv/lib/python3.10/site-packages/airflow/example_dags/tutorial_taskflow_api_virtualenv.py took 0.063 seconds
[2026-05-29T01:59:34.107+0200] {processor.py:157} INFO - Started process (PID=632413) to work on /home/frederic/airflow_venv/lib/python3.10/site-packages/airflow/example_dags/tutorial_taskflow_api_virtualenv.py
[2026-05-29T01:59:34.108+0200] {processor.py:829} INFO - Processing file /home/frederic/airflow_venv/lib/python3.10/site-packages/airflow/example_dags/tutorial_taskflow_api_virtualenv.py for tasks to queue
[2026-05-29T01:59:34.108+0200] {logging_mixin.py:151} INFO - [2026-05-29T01:59:34.108+0200] {dagbag.py:539} INFO - Filling up the DagBag from /home/frederic/airflow_venv/lib/python3.10/site-packages/airflow/example_dags/tutorial_taskflow_api_virtualenv.py
[2026-05-29T01:59:34.114+0200] {processor.py:839} INFO - DAG(s) dict_keys(['tutorial_taskflow_api_virtualenv']) retrieved from /home/frederic/airflow_venv/lib/python3.10/site-packages/airflow/example_dags/tutorial_taskflow_api_virtualenv.py
[2026-05-29T01:59:34.127+0200] {logging_mixin.py:151} INFO - [2026-05-29T01:59:34.127+0200] {dag.py:2915} INFO - Sync 1 DAGs
[2026-05-29T01:59:34.140+0200] {logging_mixin.py:151} INFO - [2026-05-29T01:59:34.140+0200] {dag.py:3696} INFO - Setting next_dagrun for tutorial_taskflow_api_virtualenv to None, run_after=None
[2026-05-29T01:59:34.158+0200] {processor.py:179} INFO - Processing /home/frederic/airflow_venv/lib/python3.10/site-packages/airflow/example_dags/tutorial_taskflow_api_virtualenv.py took 0.053 seconds
[2026-05-29T01:59:54.788+0200] {processor.py:157} INFO - Started process (PID=632983) to work on /home/frederic/airflow_venv/lib/python3.10/site-packages/airflow/example_dags/tutorial_taskflow_api_virtualenv.py
[2026-05-29T01:59:54.792+0200] {processor.py:829} INFO - Processing file /home/frederic/airflow_venv/lib/python3.10/site-packages/airflow/example_dags/tutorial_taskflow_api_virtualenv.py for tasks to queue
[2026-05-29T01:59:54.793+0200] {logging_mixin.py:151} INFO - [2026-05-29T01:59:54.792+0200] {dagbag.py:539} INFO - Filling up the DagBag from /home/frederic/airflow_venv/lib/python3.10/site-packages/airflow/example_dags/tutorial_taskflow_api_virtualenv.py
[2026-05-29T01:59:54.798+0200] {processor.py:839} INFO - DAG(s) dict_keys(['tutorial_taskflow_api_virtualenv']) retrieved from /home/frederic/airflow_venv/lib/python3.10/site-packages/airflow/example_dags/tutorial_taskflow_api_virtualenv.py
[2026-05-29T01:59:54.812+0200] {logging_mixin.py:151} INFO - [2026-05-29T01:59:54.812+0200] {dag.py:2915} INFO - Sync 1 DAGs
[2026-05-29T01:59:54.821+0200] {logging_mixin.py:151} INFO - [2026-05-29T01:59:54.821+0200] {dag.py:3696} INFO - Setting next_dagrun for tutorial_taskflow_api_virtualenv to None, run_after=None
[2026-05-29T01:59:54.836+0200] {processor.py:179} INFO - Processing /home/frederic/airflow_venv/lib/python3.10/site-packages/airflow/example_dags/tutorial_taskflow_api_virtualenv.py took 0.050 seconds
