[2026-05-29T01:36:41.877+0200] {processor.py:157} INFO - Started process (PID=593892) to work on /home/frederic/airflow_venv/lib/python3.10/site-packages/airflow/example_dags/tutorial.py
[2026-05-29T01:36:41.878+0200] {processor.py:829} INFO - Processing file /home/frederic/airflow_venv/lib/python3.10/site-packages/airflow/example_dags/tutorial.py for tasks to queue
[2026-05-29T01:36:41.879+0200] {logging_mixin.py:151} INFO - [2026-05-29T01:36:41.878+0200] {dagbag.py:539} INFO - Filling up the DagBag from /home/frederic/airflow_venv/lib/python3.10/site-packages/airflow/example_dags/tutorial.py
[2026-05-29T01:36:41.886+0200] {processor.py:839} INFO - DAG(s) dict_keys(['tutorial']) retrieved from /home/frederic/airflow_venv/lib/python3.10/site-packages/airflow/example_dags/tutorial.py
[2026-05-29T01:36:41.975+0200] {logging_mixin.py:151} INFO - [2026-05-29T01:36:41.975+0200] {manager.py:499} INFO - Created Permission View: %s
[2026-05-29T01:36:41.985+0200] {logging_mixin.py:151} INFO - [2026-05-29T01:36:41.985+0200] {manager.py:499} INFO - Created Permission View: %s
[2026-05-29T01:36:41.992+0200] {logging_mixin.py:151} INFO - [2026-05-29T01:36:41.992+0200] {manager.py:499} INFO - Created Permission View: %s
[2026-05-29T01:36:41.992+0200] {logging_mixin.py:151} INFO - [2026-05-29T01:36:41.992+0200] {security.py:708} INFO - Not syncing DAG-level permissions for DAG 'DAG:tutorial' as access control is unset.
[2026-05-29T01:36:41.992+0200] {logging_mixin.py:151} INFO - [2026-05-29T01:36:41.992+0200] {dag.py:2915} INFO - Sync 1 DAGs
[2026-05-29T01:36:42.002+0200] {logging_mixin.py:151} INFO - [2026-05-29T01:36:42.002+0200] {dag.py:2937} INFO - Creating ORM DAG for tutorial
[2026-05-29T01:36:42.009+0200] {logging_mixin.py:151} INFO - [2026-05-29T01:36:42.009+0200] {dag.py:3696} INFO - Setting next_dagrun for tutorial to 2026-05-27T23:36:42.009096+00:00, run_after=2026-05-28T23:36:42.009096+00:00
[2026-05-29T01:36:42.023+0200] {processor.py:179} INFO - Processing /home/frederic/airflow_venv/lib/python3.10/site-packages/airflow/example_dags/tutorial.py took 0.147 seconds
[2026-05-29T01:37:28.844+0200] {processor.py:157} INFO - Started process (PID=594866) to work on /home/frederic/airflow_venv/lib/python3.10/site-packages/airflow/example_dags/tutorial.py
[2026-05-29T01:37:28.845+0200] {processor.py:829} INFO - Processing file /home/frederic/airflow_venv/lib/python3.10/site-packages/airflow/example_dags/tutorial.py for tasks to queue
[2026-05-29T01:37:28.846+0200] {logging_mixin.py:151} INFO - [2026-05-29T01:37:28.845+0200] {dagbag.py:539} INFO - Filling up the DagBag from /home/frederic/airflow_venv/lib/python3.10/site-packages/airflow/example_dags/tutorial.py
[2026-05-29T01:37:28.852+0200] {processor.py:839} INFO - DAG(s) dict_keys(['tutorial']) retrieved from /home/frederic/airflow_venv/lib/python3.10/site-packages/airflow/example_dags/tutorial.py
[2026-05-29T01:37:28.864+0200] {logging_mixin.py:151} INFO - [2026-05-29T01:37:28.863+0200] {dag.py:2915} INFO - Sync 1 DAGs
[2026-05-29T01:37:28.879+0200] {logging_mixin.py:151} INFO - [2026-05-29T01:37:28.879+0200] {dag.py:3696} INFO - Setting next_dagrun for tutorial to 2026-05-27T23:37:28.879591+00:00, run_after=2026-05-28T23:37:28.879591+00:00
[2026-05-29T01:37:28.893+0200] {processor.py:179} INFO - Processing /home/frederic/airflow_venv/lib/python3.10/site-packages/airflow/example_dags/tutorial.py took 0.052 seconds
[2026-05-29T01:38:12.934+0200] {processor.py:157} INFO - Started process (PID=595638) to work on /home/frederic/airflow_venv/lib/python3.10/site-packages/airflow/example_dags/tutorial.py
[2026-05-29T01:38:12.935+0200] {processor.py:829} INFO - Processing file /home/frederic/airflow_venv/lib/python3.10/site-packages/airflow/example_dags/tutorial.py for tasks to queue
[2026-05-29T01:38:12.936+0200] {logging_mixin.py:151} INFO - [2026-05-29T01:38:12.936+0200] {dagbag.py:539} INFO - Filling up the DagBag from /home/frederic/airflow_venv/lib/python3.10/site-packages/airflow/example_dags/tutorial.py
[2026-05-29T01:38:12.942+0200] {processor.py:839} INFO - DAG(s) dict_keys(['tutorial']) retrieved from /home/frederic/airflow_venv/lib/python3.10/site-packages/airflow/example_dags/tutorial.py
[2026-05-29T01:38:12.956+0200] {logging_mixin.py:151} INFO - [2026-05-29T01:38:12.956+0200] {dag.py:2915} INFO - Sync 1 DAGs
[2026-05-29T01:38:12.975+0200] {logging_mixin.py:151} INFO - [2026-05-29T01:38:12.975+0200] {dag.py:3696} INFO - Setting next_dagrun for tutorial to 2026-05-27T23:38:12.975501+00:00, run_after=2026-05-28T23:38:12.975501+00:00
[2026-05-29T01:38:12.990+0200] {processor.py:179} INFO - Processing /home/frederic/airflow_venv/lib/python3.10/site-packages/airflow/example_dags/tutorial.py took 0.058 seconds
[2026-05-29T01:38:56.318+0200] {processor.py:157} INFO - Started process (PID=596653) to work on /home/frederic/airflow_venv/lib/python3.10/site-packages/airflow/example_dags/tutorial.py
[2026-05-29T01:38:56.320+0200] {processor.py:829} INFO - Processing file /home/frederic/airflow_venv/lib/python3.10/site-packages/airflow/example_dags/tutorial.py for tasks to queue
[2026-05-29T01:38:56.321+0200] {logging_mixin.py:151} INFO - [2026-05-29T01:38:56.320+0200] {dagbag.py:539} INFO - Filling up the DagBag from /home/frederic/airflow_venv/lib/python3.10/site-packages/airflow/example_dags/tutorial.py
[2026-05-29T01:38:56.329+0200] {processor.py:839} INFO - DAG(s) dict_keys(['tutorial']) retrieved from /home/frederic/airflow_venv/lib/python3.10/site-packages/airflow/example_dags/tutorial.py
[2026-05-29T01:38:56.348+0200] {logging_mixin.py:151} INFO - [2026-05-29T01:38:56.348+0200] {dag.py:2915} INFO - Sync 1 DAGs
[2026-05-29T01:38:56.367+0200] {logging_mixin.py:151} INFO - [2026-05-29T01:38:56.367+0200] {dag.py:3696} INFO - Setting next_dagrun for tutorial to 2026-05-27T23:38:56.367318+00:00, run_after=2026-05-28T23:38:56.367318+00:00
[2026-05-29T01:38:56.386+0200] {processor.py:179} INFO - Processing /home/frederic/airflow_venv/lib/python3.10/site-packages/airflow/example_dags/tutorial.py took 0.071 seconds
[2026-05-29T01:39:43.064+0200] {processor.py:157} INFO - Started process (PID=597759) to work on /home/frederic/airflow_venv/lib/python3.10/site-packages/airflow/example_dags/tutorial.py
[2026-05-29T01:39:43.068+0200] {processor.py:829} INFO - Processing file /home/frederic/airflow_venv/lib/python3.10/site-packages/airflow/example_dags/tutorial.py for tasks to queue
[2026-05-29T01:39:43.069+0200] {logging_mixin.py:151} INFO - [2026-05-29T01:39:43.068+0200] {dagbag.py:539} INFO - Filling up the DagBag from /home/frederic/airflow_venv/lib/python3.10/site-packages/airflow/example_dags/tutorial.py
[2026-05-29T01:39:43.074+0200] {processor.py:839} INFO - DAG(s) dict_keys(['tutorial']) retrieved from /home/frederic/airflow_venv/lib/python3.10/site-packages/airflow/example_dags/tutorial.py
[2026-05-29T01:39:43.087+0200] {logging_mixin.py:151} INFO - [2026-05-29T01:39:43.087+0200] {dag.py:2915} INFO - Sync 1 DAGs
[2026-05-29T01:39:43.104+0200] {logging_mixin.py:151} INFO - [2026-05-29T01:39:43.104+0200] {dag.py:3696} INFO - Setting next_dagrun for tutorial to 2026-05-27T23:39:43.104270+00:00, run_after=2026-05-28T23:39:43.104270+00:00
[2026-05-29T01:39:43.124+0200] {processor.py:179} INFO - Processing /home/frederic/airflow_venv/lib/python3.10/site-packages/airflow/example_dags/tutorial.py took 0.062 seconds
[2026-05-29T01:40:32.312+0200] {processor.py:157} INFO - Started process (PID=599037) to work on /home/frederic/airflow_venv/lib/python3.10/site-packages/airflow/example_dags/tutorial.py
[2026-05-29T01:40:32.315+0200] {processor.py:829} INFO - Processing file /home/frederic/airflow_venv/lib/python3.10/site-packages/airflow/example_dags/tutorial.py for tasks to queue
[2026-05-29T01:40:32.316+0200] {logging_mixin.py:151} INFO - [2026-05-29T01:40:32.316+0200] {dagbag.py:539} INFO - Filling up the DagBag from /home/frederic/airflow_venv/lib/python3.10/site-packages/airflow/example_dags/tutorial.py
[2026-05-29T01:40:32.321+0200] {processor.py:839} INFO - DAG(s) dict_keys(['tutorial']) retrieved from /home/frederic/airflow_venv/lib/python3.10/site-packages/airflow/example_dags/tutorial.py
[2026-05-29T01:40:32.338+0200] {logging_mixin.py:151} INFO - [2026-05-29T01:40:32.337+0200] {dag.py:2915} INFO - Sync 1 DAGs
[2026-05-29T01:40:32.355+0200] {logging_mixin.py:151} INFO - [2026-05-29T01:40:32.355+0200] {dag.py:3696} INFO - Setting next_dagrun for tutorial to 2026-05-27T23:40:32.354848+00:00, run_after=2026-05-28T23:40:32.354848+00:00
[2026-05-29T01:40:32.369+0200] {processor.py:179} INFO - Processing /home/frederic/airflow_venv/lib/python3.10/site-packages/airflow/example_dags/tutorial.py took 0.059 seconds
[2026-05-29T01:41:15.608+0200] {processor.py:157} INFO - Started process (PID=599919) to work on /home/frederic/airflow_venv/lib/python3.10/site-packages/airflow/example_dags/tutorial.py
[2026-05-29T01:41:15.609+0200] {processor.py:829} INFO - Processing file /home/frederic/airflow_venv/lib/python3.10/site-packages/airflow/example_dags/tutorial.py for tasks to queue
[2026-05-29T01:41:15.610+0200] {logging_mixin.py:151} INFO - [2026-05-29T01:41:15.610+0200] {dagbag.py:539} INFO - Filling up the DagBag from /home/frederic/airflow_venv/lib/python3.10/site-packages/airflow/example_dags/tutorial.py
[2026-05-29T01:41:15.615+0200] {processor.py:839} INFO - DAG(s) dict_keys(['tutorial']) retrieved from /home/frederic/airflow_venv/lib/python3.10/site-packages/airflow/example_dags/tutorial.py
[2026-05-29T01:41:15.627+0200] {logging_mixin.py:151} INFO - [2026-05-29T01:41:15.627+0200] {dag.py:2915} INFO - Sync 1 DAGs
[2026-05-29T01:41:15.643+0200] {logging_mixin.py:151} INFO - [2026-05-29T01:41:15.643+0200] {dag.py:3696} INFO - Setting next_dagrun for tutorial to 2026-05-27T23:41:15.643273+00:00, run_after=2026-05-28T23:41:15.643273+00:00
[2026-05-29T01:41:15.659+0200] {processor.py:179} INFO - Processing /home/frederic/airflow_venv/lib/python3.10/site-packages/airflow/example_dags/tutorial.py took 0.053 seconds
[2026-05-29T01:41:57.861+0200] {processor.py:157} INFO - Started process (PID=601083) to work on /home/frederic/airflow_venv/lib/python3.10/site-packages/airflow/example_dags/tutorial.py
[2026-05-29T01:41:57.864+0200] {processor.py:829} INFO - Processing file /home/frederic/airflow_venv/lib/python3.10/site-packages/airflow/example_dags/tutorial.py for tasks to queue
[2026-05-29T01:41:57.865+0200] {logging_mixin.py:151} INFO - [2026-05-29T01:41:57.865+0200] {dagbag.py:539} INFO - Filling up the DagBag from /home/frederic/airflow_venv/lib/python3.10/site-packages/airflow/example_dags/tutorial.py
[2026-05-29T01:41:57.871+0200] {processor.py:839} INFO - DAG(s) dict_keys(['tutorial']) retrieved from /home/frederic/airflow_venv/lib/python3.10/site-packages/airflow/example_dags/tutorial.py
[2026-05-29T01:41:57.885+0200] {logging_mixin.py:151} INFO - [2026-05-29T01:41:57.885+0200] {dag.py:2915} INFO - Sync 1 DAGs
[2026-05-29T01:41:57.902+0200] {logging_mixin.py:151} INFO - [2026-05-29T01:41:57.902+0200] {dag.py:3696} INFO - Setting next_dagrun for tutorial to 2026-05-27T23:41:57.902053+00:00, run_after=2026-05-28T23:41:57.902053+00:00
[2026-05-29T01:41:57.922+0200] {processor.py:179} INFO - Processing /home/frederic/airflow_venv/lib/python3.10/site-packages/airflow/example_dags/tutorial.py took 0.064 seconds
[2026-05-29T01:42:44.143+0200] {processor.py:157} INFO - Started process (PID=601924) to work on /home/frederic/airflow_venv/lib/python3.10/site-packages/airflow/example_dags/tutorial.py
[2026-05-29T01:42:44.144+0200] {processor.py:829} INFO - Processing file /home/frederic/airflow_venv/lib/python3.10/site-packages/airflow/example_dags/tutorial.py for tasks to queue
[2026-05-29T01:42:44.145+0200] {logging_mixin.py:151} INFO - [2026-05-29T01:42:44.145+0200] {dagbag.py:539} INFO - Filling up the DagBag from /home/frederic/airflow_venv/lib/python3.10/site-packages/airflow/example_dags/tutorial.py
[2026-05-29T01:42:44.150+0200] {processor.py:839} INFO - DAG(s) dict_keys(['tutorial']) retrieved from /home/frederic/airflow_venv/lib/python3.10/site-packages/airflow/example_dags/tutorial.py
[2026-05-29T01:42:44.162+0200] {logging_mixin.py:151} INFO - [2026-05-29T01:42:44.162+0200] {dag.py:2915} INFO - Sync 1 DAGs
[2026-05-29T01:42:44.177+0200] {logging_mixin.py:151} INFO - [2026-05-29T01:42:44.177+0200] {dag.py:3696} INFO - Setting next_dagrun for tutorial to 2026-05-27T23:42:44.177404+00:00, run_after=2026-05-28T23:42:44.177404+00:00
[2026-05-29T01:42:44.193+0200] {processor.py:179} INFO - Processing /home/frederic/airflow_venv/lib/python3.10/site-packages/airflow/example_dags/tutorial.py took 0.052 seconds
[2026-05-29T01:43:30.303+0200] {processor.py:157} INFO - Started process (PID=602763) to work on /home/frederic/airflow_venv/lib/python3.10/site-packages/airflow/example_dags/tutorial.py
[2026-05-29T01:43:30.306+0200] {processor.py:829} INFO - Processing file /home/frederic/airflow_venv/lib/python3.10/site-packages/airflow/example_dags/tutorial.py for tasks to queue
[2026-05-29T01:43:30.307+0200] {logging_mixin.py:151} INFO - [2026-05-29T01:43:30.307+0200] {dagbag.py:539} INFO - Filling up the DagBag from /home/frederic/airflow_venv/lib/python3.10/site-packages/airflow/example_dags/tutorial.py
[2026-05-29T01:43:30.312+0200] {processor.py:839} INFO - DAG(s) dict_keys(['tutorial']) retrieved from /home/frederic/airflow_venv/lib/python3.10/site-packages/airflow/example_dags/tutorial.py
[2026-05-29T01:43:30.324+0200] {logging_mixin.py:151} INFO - [2026-05-29T01:43:30.324+0200] {dag.py:2915} INFO - Sync 1 DAGs
[2026-05-29T01:43:30.341+0200] {logging_mixin.py:151} INFO - [2026-05-29T01:43:30.341+0200] {dag.py:3696} INFO - Setting next_dagrun for tutorial to 2026-05-27T23:43:30.341610+00:00, run_after=2026-05-28T23:43:30.341610+00:00
[2026-05-29T01:43:30.356+0200] {processor.py:179} INFO - Processing /home/frederic/airflow_venv/lib/python3.10/site-packages/airflow/example_dags/tutorial.py took 0.056 seconds
[2026-05-29T01:44:05.266+0200] {processor.py:157} INFO - Started process (PID=603356) to work on /home/frederic/airflow_venv/lib/python3.10/site-packages/airflow/example_dags/tutorial.py
[2026-05-29T01:44:05.267+0200] {processor.py:829} INFO - Processing file /home/frederic/airflow_venv/lib/python3.10/site-packages/airflow/example_dags/tutorial.py for tasks to queue
[2026-05-29T01:44:05.268+0200] {logging_mixin.py:151} INFO - [2026-05-29T01:44:05.267+0200] {dagbag.py:539} INFO - Filling up the DagBag from /home/frederic/airflow_venv/lib/python3.10/site-packages/airflow/example_dags/tutorial.py
[2026-05-29T01:44:05.276+0200] {processor.py:839} INFO - DAG(s) dict_keys(['tutorial']) retrieved from /home/frederic/airflow_venv/lib/python3.10/site-packages/airflow/example_dags/tutorial.py
[2026-05-29T01:44:05.291+0200] {logging_mixin.py:151} INFO - [2026-05-29T01:44:05.291+0200] {dag.py:2915} INFO - Sync 1 DAGs
[2026-05-29T01:44:05.311+0200] {logging_mixin.py:151} INFO - [2026-05-29T01:44:05.311+0200] {dag.py:3696} INFO - Setting next_dagrun for tutorial to 2026-05-27T23:44:05.311042+00:00, run_after=2026-05-28T23:44:05.311042+00:00
[2026-05-29T01:44:05.332+0200] {processor.py:179} INFO - Processing /home/frederic/airflow_venv/lib/python3.10/site-packages/airflow/example_dags/tutorial.py took 0.069 seconds
[2026-05-29T01:44:38.786+0200] {processor.py:157} INFO - Started process (PID=604012) to work on /home/frederic/airflow_venv/lib/python3.10/site-packages/airflow/example_dags/tutorial.py
[2026-05-29T01:44:38.789+0200] {processor.py:829} INFO - Processing file /home/frederic/airflow_venv/lib/python3.10/site-packages/airflow/example_dags/tutorial.py for tasks to queue
[2026-05-29T01:44:38.790+0200] {logging_mixin.py:151} INFO - [2026-05-29T01:44:38.790+0200] {dagbag.py:539} INFO - Filling up the DagBag from /home/frederic/airflow_venv/lib/python3.10/site-packages/airflow/example_dags/tutorial.py
[2026-05-29T01:44:38.795+0200] {processor.py:839} INFO - DAG(s) dict_keys(['tutorial']) retrieved from /home/frederic/airflow_venv/lib/python3.10/site-packages/airflow/example_dags/tutorial.py
[2026-05-29T01:44:38.808+0200] {logging_mixin.py:151} INFO - [2026-05-29T01:44:38.808+0200] {dag.py:2915} INFO - Sync 1 DAGs
[2026-05-29T01:44:38.824+0200] {logging_mixin.py:151} INFO - [2026-05-29T01:44:38.824+0200] {dag.py:3696} INFO - Setting next_dagrun for tutorial to 2026-05-27T23:44:38.824480+00:00, run_after=2026-05-28T23:44:38.824480+00:00
[2026-05-29T01:44:38.840+0200] {processor.py:179} INFO - Processing /home/frederic/airflow_venv/lib/python3.10/site-packages/airflow/example_dags/tutorial.py took 0.058 seconds
[2026-05-29T01:45:25.383+0200] {processor.py:157} INFO - Started process (PID=606031) to work on /home/frederic/airflow_venv/lib/python3.10/site-packages/airflow/example_dags/tutorial.py
[2026-05-29T01:45:25.385+0200] {processor.py:829} INFO - Processing file /home/frederic/airflow_venv/lib/python3.10/site-packages/airflow/example_dags/tutorial.py for tasks to queue
[2026-05-29T01:45:25.386+0200] {logging_mixin.py:151} INFO - [2026-05-29T01:45:25.385+0200] {dagbag.py:539} INFO - Filling up the DagBag from /home/frederic/airflow_venv/lib/python3.10/site-packages/airflow/example_dags/tutorial.py
[2026-05-29T01:45:25.396+0200] {processor.py:839} INFO - DAG(s) dict_keys(['tutorial']) retrieved from /home/frederic/airflow_venv/lib/python3.10/site-packages/airflow/example_dags/tutorial.py
[2026-05-29T01:45:25.420+0200] {logging_mixin.py:151} INFO - [2026-05-29T01:45:25.420+0200] {dag.py:2915} INFO - Sync 1 DAGs
[2026-05-29T01:45:25.462+0200] {logging_mixin.py:151} INFO - [2026-05-29T01:45:25.462+0200] {dag.py:3696} INFO - Setting next_dagrun for tutorial to 2026-05-27T23:45:25.462298+00:00, run_after=2026-05-28T23:45:25.462298+00:00
[2026-05-29T01:45:25.511+0200] {processor.py:179} INFO - Processing /home/frederic/airflow_venv/lib/python3.10/site-packages/airflow/example_dags/tutorial.py took 0.131 seconds
[2026-05-29T01:46:01.487+0200] {processor.py:157} INFO - Started process (PID=607601) to work on /home/frederic/airflow_venv/lib/python3.10/site-packages/airflow/example_dags/tutorial.py
[2026-05-29T01:46:01.493+0200] {processor.py:829} INFO - Processing file /home/frederic/airflow_venv/lib/python3.10/site-packages/airflow/example_dags/tutorial.py for tasks to queue
[2026-05-29T01:46:01.503+0200] {logging_mixin.py:151} INFO - [2026-05-29T01:46:01.503+0200] {dagbag.py:539} INFO - Filling up the DagBag from /home/frederic/airflow_venv/lib/python3.10/site-packages/airflow/example_dags/tutorial.py
[2026-05-29T01:46:01.539+0200] {processor.py:839} INFO - DAG(s) dict_keys(['tutorial']) retrieved from /home/frederic/airflow_venv/lib/python3.10/site-packages/airflow/example_dags/tutorial.py
[2026-05-29T01:46:01.580+0200] {logging_mixin.py:151} INFO - [2026-05-29T01:46:01.580+0200] {dag.py:2915} INFO - Sync 1 DAGs
[2026-05-29T01:46:01.647+0200] {logging_mixin.py:151} INFO - [2026-05-29T01:46:01.647+0200] {dag.py:3696} INFO - Setting next_dagrun for tutorial to 2026-05-27T23:46:01.646671+00:00, run_after=2026-05-28T23:46:01.646671+00:00
[2026-05-29T01:46:01.710+0200] {processor.py:179} INFO - Processing /home/frederic/airflow_venv/lib/python3.10/site-packages/airflow/example_dags/tutorial.py took 0.237 seconds
[2026-05-29T01:46:35.170+0200] {processor.py:157} INFO - Started process (PID=608862) to work on /home/frederic/airflow_venv/lib/python3.10/site-packages/airflow/example_dags/tutorial.py
[2026-05-29T01:46:35.171+0200] {processor.py:829} INFO - Processing file /home/frederic/airflow_venv/lib/python3.10/site-packages/airflow/example_dags/tutorial.py for tasks to queue
[2026-05-29T01:46:35.172+0200] {logging_mixin.py:151} INFO - [2026-05-29T01:46:35.172+0200] {dagbag.py:539} INFO - Filling up the DagBag from /home/frederic/airflow_venv/lib/python3.10/site-packages/airflow/example_dags/tutorial.py
[2026-05-29T01:46:35.177+0200] {processor.py:839} INFO - DAG(s) dict_keys(['tutorial']) retrieved from /home/frederic/airflow_venv/lib/python3.10/site-packages/airflow/example_dags/tutorial.py
[2026-05-29T01:46:35.190+0200] {logging_mixin.py:151} INFO - [2026-05-29T01:46:35.190+0200] {dag.py:2915} INFO - Sync 1 DAGs
[2026-05-29T01:46:35.207+0200] {logging_mixin.py:151} INFO - [2026-05-29T01:46:35.207+0200] {dag.py:3696} INFO - Setting next_dagrun for tutorial to 2026-05-27T23:46:35.206887+00:00, run_after=2026-05-28T23:46:35.206887+00:00
[2026-05-29T01:46:35.224+0200] {processor.py:179} INFO - Processing /home/frederic/airflow_venv/lib/python3.10/site-packages/airflow/example_dags/tutorial.py took 0.057 seconds
[2026-05-29T01:47:18.640+0200] {processor.py:157} INFO - Started process (PID=610060) to work on /home/frederic/airflow_venv/lib/python3.10/site-packages/airflow/example_dags/tutorial.py
[2026-05-29T01:47:18.641+0200] {processor.py:829} INFO - Processing file /home/frederic/airflow_venv/lib/python3.10/site-packages/airflow/example_dags/tutorial.py for tasks to queue
[2026-05-29T01:47:18.642+0200] {logging_mixin.py:151} INFO - [2026-05-29T01:47:18.641+0200] {dagbag.py:539} INFO - Filling up the DagBag from /home/frederic/airflow_venv/lib/python3.10/site-packages/airflow/example_dags/tutorial.py
[2026-05-29T01:47:18.647+0200] {processor.py:839} INFO - DAG(s) dict_keys(['tutorial']) retrieved from /home/frederic/airflow_venv/lib/python3.10/site-packages/airflow/example_dags/tutorial.py
[2026-05-29T01:47:18.659+0200] {logging_mixin.py:151} INFO - [2026-05-29T01:47:18.658+0200] {dag.py:2915} INFO - Sync 1 DAGs
[2026-05-29T01:47:18.676+0200] {logging_mixin.py:151} INFO - [2026-05-29T01:47:18.676+0200] {dag.py:3696} INFO - Setting next_dagrun for tutorial to 2026-05-27T23:47:18.676410+00:00, run_after=2026-05-28T23:47:18.676410+00:00
[2026-05-29T01:47:18.694+0200] {processor.py:179} INFO - Processing /home/frederic/airflow_venv/lib/python3.10/site-packages/airflow/example_dags/tutorial.py took 0.057 seconds
[2026-05-29T01:48:02.021+0200] {processor.py:157} INFO - Started process (PID=611437) to work on /home/frederic/airflow_venv/lib/python3.10/site-packages/airflow/example_dags/tutorial.py
[2026-05-29T01:48:02.022+0200] {processor.py:829} INFO - Processing file /home/frederic/airflow_venv/lib/python3.10/site-packages/airflow/example_dags/tutorial.py for tasks to queue
[2026-05-29T01:48:02.023+0200] {logging_mixin.py:151} INFO - [2026-05-29T01:48:02.023+0200] {dagbag.py:539} INFO - Filling up the DagBag from /home/frederic/airflow_venv/lib/python3.10/site-packages/airflow/example_dags/tutorial.py
[2026-05-29T01:48:02.032+0200] {processor.py:839} INFO - DAG(s) dict_keys(['tutorial']) retrieved from /home/frederic/airflow_venv/lib/python3.10/site-packages/airflow/example_dags/tutorial.py
[2026-05-29T01:48:02.048+0200] {logging_mixin.py:151} INFO - [2026-05-29T01:48:02.047+0200] {dag.py:2915} INFO - Sync 1 DAGs
[2026-05-29T01:48:02.068+0200] {logging_mixin.py:151} INFO - [2026-05-29T01:48:02.068+0200] {dag.py:3696} INFO - Setting next_dagrun for tutorial to 2026-05-27T23:48:02.068108+00:00, run_after=2026-05-28T23:48:02.068108+00:00
[2026-05-29T01:48:02.085+0200] {processor.py:179} INFO - Processing /home/frederic/airflow_venv/lib/python3.10/site-packages/airflow/example_dags/tutorial.py took 0.066 seconds
[2026-05-29T01:48:48.524+0200] {processor.py:157} INFO - Started process (PID=612747) to work on /home/frederic/airflow_venv/lib/python3.10/site-packages/airflow/example_dags/tutorial.py
[2026-05-29T01:48:48.525+0200] {processor.py:829} INFO - Processing file /home/frederic/airflow_venv/lib/python3.10/site-packages/airflow/example_dags/tutorial.py for tasks to queue
[2026-05-29T01:48:48.526+0200] {logging_mixin.py:151} INFO - [2026-05-29T01:48:48.526+0200] {dagbag.py:539} INFO - Filling up the DagBag from /home/frederic/airflow_venv/lib/python3.10/site-packages/airflow/example_dags/tutorial.py
[2026-05-29T01:48:48.534+0200] {processor.py:839} INFO - DAG(s) dict_keys(['tutorial']) retrieved from /home/frederic/airflow_venv/lib/python3.10/site-packages/airflow/example_dags/tutorial.py
[2026-05-29T01:48:48.554+0200] {logging_mixin.py:151} INFO - [2026-05-29T01:48:48.554+0200] {dag.py:2915} INFO - Sync 1 DAGs
[2026-05-29T01:48:48.579+0200] {logging_mixin.py:151} INFO - [2026-05-29T01:48:48.578+0200] {dag.py:3696} INFO - Setting next_dagrun for tutorial to 2026-05-27T23:48:48.578779+00:00, run_after=2026-05-28T23:48:48.578779+00:00
[2026-05-29T01:48:48.600+0200] {processor.py:179} INFO - Processing /home/frederic/airflow_venv/lib/python3.10/site-packages/airflow/example_dags/tutorial.py took 0.079 seconds
[2026-05-29T01:49:32.499+0200] {processor.py:157} INFO - Started process (PID=613748) to work on /home/frederic/airflow_venv/lib/python3.10/site-packages/airflow/example_dags/tutorial.py
[2026-05-29T01:49:32.505+0200] {processor.py:829} INFO - Processing file /home/frederic/airflow_venv/lib/python3.10/site-packages/airflow/example_dags/tutorial.py for tasks to queue
[2026-05-29T01:49:32.505+0200] {logging_mixin.py:151} INFO - [2026-05-29T01:49:32.505+0200] {dagbag.py:539} INFO - Filling up the DagBag from /home/frederic/airflow_venv/lib/python3.10/site-packages/airflow/example_dags/tutorial.py
[2026-05-29T01:49:32.511+0200] {processor.py:839} INFO - DAG(s) dict_keys(['tutorial']) retrieved from /home/frederic/airflow_venv/lib/python3.10/site-packages/airflow/example_dags/tutorial.py
[2026-05-29T01:49:32.523+0200] {logging_mixin.py:151} INFO - [2026-05-29T01:49:32.523+0200] {dag.py:2915} INFO - Sync 1 DAGs
[2026-05-29T01:49:32.541+0200] {logging_mixin.py:151} INFO - [2026-05-29T01:49:32.540+0200] {dag.py:3696} INFO - Setting next_dagrun for tutorial to 2026-05-27T23:49:32.540647+00:00, run_after=2026-05-28T23:49:32.540647+00:00
[2026-05-29T01:49:32.557+0200] {processor.py:179} INFO - Processing /home/frederic/airflow_venv/lib/python3.10/site-packages/airflow/example_dags/tutorial.py took 0.062 seconds
[2026-05-29T01:50:13.349+0200] {processor.py:157} INFO - Started process (PID=614832) to work on /home/frederic/airflow_venv/lib/python3.10/site-packages/airflow/example_dags/tutorial.py
[2026-05-29T01:50:13.353+0200] {processor.py:829} INFO - Processing file /home/frederic/airflow_venv/lib/python3.10/site-packages/airflow/example_dags/tutorial.py for tasks to queue
[2026-05-29T01:50:13.353+0200] {logging_mixin.py:151} INFO - [2026-05-29T01:50:13.353+0200] {dagbag.py:539} INFO - Filling up the DagBag from /home/frederic/airflow_venv/lib/python3.10/site-packages/airflow/example_dags/tutorial.py
[2026-05-29T01:50:13.359+0200] {processor.py:839} INFO - DAG(s) dict_keys(['tutorial']) retrieved from /home/frederic/airflow_venv/lib/python3.10/site-packages/airflow/example_dags/tutorial.py
[2026-05-29T01:50:13.372+0200] {logging_mixin.py:151} INFO - [2026-05-29T01:50:13.372+0200] {dag.py:2915} INFO - Sync 1 DAGs
[2026-05-29T01:50:13.389+0200] {logging_mixin.py:151} INFO - [2026-05-29T01:50:13.388+0200] {dag.py:3696} INFO - Setting next_dagrun for tutorial to 2026-05-27T23:50:13.388830+00:00, run_after=2026-05-28T23:50:13.388830+00:00
[2026-05-29T01:50:13.407+0200] {processor.py:179} INFO - Processing /home/frederic/airflow_venv/lib/python3.10/site-packages/airflow/example_dags/tutorial.py took 0.060 seconds
[2026-05-29T01:50:53.306+0200] {processor.py:157} INFO - Started process (PID=616161) to work on /home/frederic/airflow_venv/lib/python3.10/site-packages/airflow/example_dags/tutorial.py
[2026-05-29T01:50:53.310+0200] {processor.py:829} INFO - Processing file /home/frederic/airflow_venv/lib/python3.10/site-packages/airflow/example_dags/tutorial.py for tasks to queue
[2026-05-29T01:50:53.311+0200] {logging_mixin.py:151} INFO - [2026-05-29T01:50:53.310+0200] {dagbag.py:539} INFO - Filling up the DagBag from /home/frederic/airflow_venv/lib/python3.10/site-packages/airflow/example_dags/tutorial.py
[2026-05-29T01:50:53.316+0200] {processor.py:839} INFO - DAG(s) dict_keys(['tutorial']) retrieved from /home/frederic/airflow_venv/lib/python3.10/site-packages/airflow/example_dags/tutorial.py
[2026-05-29T01:50:53.327+0200] {logging_mixin.py:151} INFO - [2026-05-29T01:50:53.326+0200] {dag.py:2915} INFO - Sync 1 DAGs
[2026-05-29T01:50:53.341+0200] {logging_mixin.py:151} INFO - [2026-05-29T01:50:53.341+0200] {dag.py:3696} INFO - Setting next_dagrun for tutorial to 2026-05-27T23:50:53.341279+00:00, run_after=2026-05-28T23:50:53.341279+00:00
[2026-05-29T01:50:53.355+0200] {processor.py:179} INFO - Processing /home/frederic/airflow_venv/lib/python3.10/site-packages/airflow/example_dags/tutorial.py took 0.052 seconds
[2026-05-29T01:51:40.373+0200] {processor.py:157} INFO - Started process (PID=617294) to work on /home/frederic/airflow_venv/lib/python3.10/site-packages/airflow/example_dags/tutorial.py
[2026-05-29T01:51:40.374+0200] {processor.py:829} INFO - Processing file /home/frederic/airflow_venv/lib/python3.10/site-packages/airflow/example_dags/tutorial.py for tasks to queue
[2026-05-29T01:51:40.375+0200] {logging_mixin.py:151} INFO - [2026-05-29T01:51:40.375+0200] {dagbag.py:539} INFO - Filling up the DagBag from /home/frederic/airflow_venv/lib/python3.10/site-packages/airflow/example_dags/tutorial.py
[2026-05-29T01:51:40.381+0200] {processor.py:839} INFO - DAG(s) dict_keys(['tutorial']) retrieved from /home/frederic/airflow_venv/lib/python3.10/site-packages/airflow/example_dags/tutorial.py
[2026-05-29T01:51:40.396+0200] {logging_mixin.py:151} INFO - [2026-05-29T01:51:40.396+0200] {dag.py:2915} INFO - Sync 1 DAGs
[2026-05-29T01:51:40.413+0200] {logging_mixin.py:151} INFO - [2026-05-29T01:51:40.412+0200] {dag.py:3696} INFO - Setting next_dagrun for tutorial to 2026-05-27T23:51:40.412780+00:00, run_after=2026-05-28T23:51:40.412780+00:00
[2026-05-29T01:51:40.427+0200] {processor.py:179} INFO - Processing /home/frederic/airflow_venv/lib/python3.10/site-packages/airflow/example_dags/tutorial.py took 0.057 seconds
[2026-05-29T01:52:15.581+0200] {processor.py:157} INFO - Started process (PID=618214) to work on /home/frederic/airflow_venv/lib/python3.10/site-packages/airflow/example_dags/tutorial.py
[2026-05-29T01:52:15.582+0200] {processor.py:829} INFO - Processing file /home/frederic/airflow_venv/lib/python3.10/site-packages/airflow/example_dags/tutorial.py for tasks to queue
[2026-05-29T01:52:15.583+0200] {logging_mixin.py:151} INFO - [2026-05-29T01:52:15.583+0200] {dagbag.py:539} INFO - Filling up the DagBag from /home/frederic/airflow_venv/lib/python3.10/site-packages/airflow/example_dags/tutorial.py
[2026-05-29T01:52:15.592+0200] {processor.py:839} INFO - DAG(s) dict_keys(['tutorial']) retrieved from /home/frederic/airflow_venv/lib/python3.10/site-packages/airflow/example_dags/tutorial.py
[2026-05-29T01:52:15.609+0200] {logging_mixin.py:151} INFO - [2026-05-29T01:52:15.609+0200] {dag.py:2915} INFO - Sync 1 DAGs
[2026-05-29T01:52:15.639+0200] {logging_mixin.py:151} INFO - [2026-05-29T01:52:15.639+0200] {dag.py:3696} INFO - Setting next_dagrun for tutorial to 2026-05-27T23:52:15.639304+00:00, run_after=2026-05-28T23:52:15.639304+00:00
[2026-05-29T01:52:15.656+0200] {processor.py:179} INFO - Processing /home/frederic/airflow_venv/lib/python3.10/site-packages/airflow/example_dags/tutorial.py took 0.079 seconds
[2026-05-29T01:53:02.132+0200] {processor.py:157} INFO - Started process (PID=619788) to work on /home/frederic/airflow_venv/lib/python3.10/site-packages/airflow/example_dags/tutorial.py
[2026-05-29T01:53:02.133+0200] {processor.py:829} INFO - Processing file /home/frederic/airflow_venv/lib/python3.10/site-packages/airflow/example_dags/tutorial.py for tasks to queue
[2026-05-29T01:53:02.134+0200] {logging_mixin.py:151} INFO - [2026-05-29T01:53:02.134+0200] {dagbag.py:539} INFO - Filling up the DagBag from /home/frederic/airflow_venv/lib/python3.10/site-packages/airflow/example_dags/tutorial.py
[2026-05-29T01:53:02.140+0200] {processor.py:839} INFO - DAG(s) dict_keys(['tutorial']) retrieved from /home/frederic/airflow_venv/lib/python3.10/site-packages/airflow/example_dags/tutorial.py
[2026-05-29T01:53:02.153+0200] {logging_mixin.py:151} INFO - [2026-05-29T01:53:02.153+0200] {dag.py:2915} INFO - Sync 1 DAGs
[2026-05-29T01:53:02.172+0200] {logging_mixin.py:151} INFO - [2026-05-29T01:53:02.172+0200] {dag.py:3696} INFO - Setting next_dagrun for tutorial to 2026-05-27T23:53:02.172225+00:00, run_after=2026-05-28T23:53:02.172225+00:00
[2026-05-29T01:53:02.192+0200] {processor.py:179} INFO - Processing /home/frederic/airflow_venv/lib/python3.10/site-packages/airflow/example_dags/tutorial.py took 0.062 seconds
[2026-05-29T01:53:46.984+0200] {processor.py:157} INFO - Started process (PID=621053) to work on /home/frederic/airflow_venv/lib/python3.10/site-packages/airflow/example_dags/tutorial.py
[2026-05-29T01:53:46.987+0200] {processor.py:829} INFO - Processing file /home/frederic/airflow_venv/lib/python3.10/site-packages/airflow/example_dags/tutorial.py for tasks to queue
[2026-05-29T01:53:46.988+0200] {logging_mixin.py:151} INFO - [2026-05-29T01:53:46.988+0200] {dagbag.py:539} INFO - Filling up the DagBag from /home/frederic/airflow_venv/lib/python3.10/site-packages/airflow/example_dags/tutorial.py
[2026-05-29T01:53:46.993+0200] {processor.py:839} INFO - DAG(s) dict_keys(['tutorial']) retrieved from /home/frederic/airflow_venv/lib/python3.10/site-packages/airflow/example_dags/tutorial.py
[2026-05-29T01:53:47.009+0200] {logging_mixin.py:151} INFO - [2026-05-29T01:53:47.009+0200] {dag.py:2915} INFO - Sync 1 DAGs
[2026-05-29T01:53:47.026+0200] {logging_mixin.py:151} INFO - [2026-05-29T01:53:47.026+0200] {dag.py:3696} INFO - Setting next_dagrun for tutorial to 2026-05-27T23:53:47.026520+00:00, run_after=2026-05-28T23:53:47.026520+00:00
[2026-05-29T01:53:47.047+0200] {processor.py:179} INFO - Processing /home/frederic/airflow_venv/lib/python3.10/site-packages/airflow/example_dags/tutorial.py took 0.066 seconds
[2026-05-29T01:54:35.726+0200] {processor.py:157} INFO - Started process (PID=622534) to work on /home/frederic/airflow_venv/lib/python3.10/site-packages/airflow/example_dags/tutorial.py
[2026-05-29T01:54:35.727+0200] {processor.py:829} INFO - Processing file /home/frederic/airflow_venv/lib/python3.10/site-packages/airflow/example_dags/tutorial.py for tasks to queue
[2026-05-29T01:54:35.728+0200] {logging_mixin.py:151} INFO - [2026-05-29T01:54:35.727+0200] {dagbag.py:539} INFO - Filling up the DagBag from /home/frederic/airflow_venv/lib/python3.10/site-packages/airflow/example_dags/tutorial.py
[2026-05-29T01:54:35.733+0200] {processor.py:839} INFO - DAG(s) dict_keys(['tutorial']) retrieved from /home/frederic/airflow_venv/lib/python3.10/site-packages/airflow/example_dags/tutorial.py
[2026-05-29T01:54:35.745+0200] {logging_mixin.py:151} INFO - [2026-05-29T01:54:35.745+0200] {dag.py:2915} INFO - Sync 1 DAGs
[2026-05-29T01:54:35.760+0200] {logging_mixin.py:151} INFO - [2026-05-29T01:54:35.760+0200] {dag.py:3696} INFO - Setting next_dagrun for tutorial to 2026-05-27T23:54:35.760320+00:00, run_after=2026-05-28T23:54:35.760320+00:00
[2026-05-29T01:54:35.775+0200] {processor.py:179} INFO - Processing /home/frederic/airflow_venv/lib/python3.10/site-packages/airflow/example_dags/tutorial.py took 0.051 seconds
[2026-05-29T01:55:19.693+0200] {processor.py:157} INFO - Started process (PID=624104) to work on /home/frederic/airflow_venv/lib/python3.10/site-packages/airflow/example_dags/tutorial.py
[2026-05-29T01:55:19.697+0200] {processor.py:829} INFO - Processing file /home/frederic/airflow_venv/lib/python3.10/site-packages/airflow/example_dags/tutorial.py for tasks to queue
[2026-05-29T01:55:19.699+0200] {logging_mixin.py:151} INFO - [2026-05-29T01:55:19.698+0200] {dagbag.py:539} INFO - Filling up the DagBag from /home/frederic/airflow_venv/lib/python3.10/site-packages/airflow/example_dags/tutorial.py
[2026-05-29T01:55:19.707+0200] {processor.py:839} INFO - DAG(s) dict_keys(['tutorial']) retrieved from /home/frederic/airflow_venv/lib/python3.10/site-packages/airflow/example_dags/tutorial.py
[2026-05-29T01:55:19.716+0200] {logging_mixin.py:151} INFO - [2026-05-29T01:55:19.716+0200] {dag.py:2915} INFO - Sync 1 DAGs
[2026-05-29T01:55:19.747+0200] {logging_mixin.py:151} INFO - [2026-05-29T01:55:19.747+0200] {dag.py:3696} INFO - Setting next_dagrun for tutorial to 2026-05-27T23:55:19.746889+00:00, run_after=2026-05-28T23:55:19.746889+00:00
[2026-05-29T01:55:19.780+0200] {processor.py:179} INFO - Processing /home/frederic/airflow_venv/lib/python3.10/site-packages/airflow/example_dags/tutorial.py took 0.090 seconds
[2026-05-29T01:55:28.375+0200] {processor.py:157} INFO - Started process (PID=624355) to work on /home/frederic/airflow_venv/lib/python3.10/site-packages/airflow/example_dags/tutorial.py
[2026-05-29T01:55:28.375+0200] {processor.py:829} INFO - Processing file /home/frederic/airflow_venv/lib/python3.10/site-packages/airflow/example_dags/tutorial.py for tasks to queue
[2026-05-29T01:55:28.376+0200] {logging_mixin.py:151} INFO - [2026-05-29T01:55:28.376+0200] {dagbag.py:539} INFO - Filling up the DagBag from /home/frederic/airflow_venv/lib/python3.10/site-packages/airflow/example_dags/tutorial.py
[2026-05-29T01:55:28.383+0200] {processor.py:839} INFO - DAG(s) dict_keys(['tutorial']) retrieved from /home/frederic/airflow_venv/lib/python3.10/site-packages/airflow/example_dags/tutorial.py
[2026-05-29T01:55:28.389+0200] {logging_mixin.py:151} INFO - [2026-05-29T01:55:28.389+0200] {dag.py:2915} INFO - Sync 1 DAGs
[2026-05-29T01:55:28.407+0200] {logging_mixin.py:151} INFO - [2026-05-29T01:55:28.407+0200] {dag.py:3696} INFO - Setting next_dagrun for tutorial to 2026-05-27T23:55:28.406972+00:00, run_after=2026-05-28T23:55:28.406972+00:00
[2026-05-29T01:55:28.421+0200] {processor.py:179} INFO - Processing /home/frederic/airflow_venv/lib/python3.10/site-packages/airflow/example_dags/tutorial.py took 0.049 seconds
[2026-05-29T01:56:14.550+0200] {processor.py:157} INFO - Started process (PID=625788) to work on /home/frederic/airflow_venv/lib/python3.10/site-packages/airflow/example_dags/tutorial.py
[2026-05-29T01:56:14.551+0200] {processor.py:829} INFO - Processing file /home/frederic/airflow_venv/lib/python3.10/site-packages/airflow/example_dags/tutorial.py for tasks to queue
[2026-05-29T01:56:14.552+0200] {logging_mixin.py:151} INFO - [2026-05-29T01:56:14.551+0200] {dagbag.py:539} INFO - Filling up the DagBag from /home/frederic/airflow_venv/lib/python3.10/site-packages/airflow/example_dags/tutorial.py
[2026-05-29T01:56:14.558+0200] {processor.py:839} INFO - DAG(s) dict_keys(['tutorial']) retrieved from /home/frederic/airflow_venv/lib/python3.10/site-packages/airflow/example_dags/tutorial.py
[2026-05-29T01:56:14.571+0200] {logging_mixin.py:151} INFO - [2026-05-29T01:56:14.571+0200] {dag.py:2915} INFO - Sync 1 DAGs
[2026-05-29T01:56:14.588+0200] {logging_mixin.py:151} INFO - [2026-05-29T01:56:14.588+0200] {dag.py:3696} INFO - Setting next_dagrun for tutorial to 2026-05-27T23:56:14.588249+00:00, run_after=2026-05-28T23:56:14.588249+00:00
[2026-05-29T01:56:14.603+0200] {processor.py:179} INFO - Processing /home/frederic/airflow_venv/lib/python3.10/site-packages/airflow/example_dags/tutorial.py took 0.056 seconds
[2026-05-29T01:56:18.804+0200] {processor.py:157} INFO - Started process (PID=625961) to work on /home/frederic/airflow_venv/lib/python3.10/site-packages/airflow/example_dags/tutorial.py
[2026-05-29T01:56:18.805+0200] {processor.py:829} INFO - Processing file /home/frederic/airflow_venv/lib/python3.10/site-packages/airflow/example_dags/tutorial.py for tasks to queue
[2026-05-29T01:56:18.806+0200] {logging_mixin.py:151} INFO - [2026-05-29T01:56:18.805+0200] {dagbag.py:539} INFO - Filling up the DagBag from /home/frederic/airflow_venv/lib/python3.10/site-packages/airflow/example_dags/tutorial.py
[2026-05-29T01:56:18.811+0200] {processor.py:839} INFO - DAG(s) dict_keys(['tutorial']) retrieved from /home/frederic/airflow_venv/lib/python3.10/site-packages/airflow/example_dags/tutorial.py
[2026-05-29T01:56:18.823+0200] {logging_mixin.py:151} INFO - [2026-05-29T01:56:18.823+0200] {dag.py:2915} INFO - Sync 1 DAGs
[2026-05-29T01:56:18.840+0200] {logging_mixin.py:151} INFO - [2026-05-29T01:56:18.840+0200] {dag.py:3696} INFO - Setting next_dagrun for tutorial to 2026-05-27T23:56:18.840502+00:00, run_after=2026-05-28T23:56:18.840502+00:00
[2026-05-29T01:56:18.857+0200] {processor.py:179} INFO - Processing /home/frederic/airflow_venv/lib/python3.10/site-packages/airflow/example_dags/tutorial.py took 0.055 seconds
[2026-05-29T01:56:58.657+0200] {processor.py:157} INFO - Started process (PID=627211) to work on /home/frederic/airflow_venv/lib/python3.10/site-packages/airflow/example_dags/tutorial.py
[2026-05-29T01:56:58.660+0200] {processor.py:829} INFO - Processing file /home/frederic/airflow_venv/lib/python3.10/site-packages/airflow/example_dags/tutorial.py for tasks to queue
[2026-05-29T01:56:58.661+0200] {logging_mixin.py:151} INFO - [2026-05-29T01:56:58.661+0200] {dagbag.py:539} INFO - Filling up the DagBag from /home/frederic/airflow_venv/lib/python3.10/site-packages/airflow/example_dags/tutorial.py
[2026-05-29T01:56:58.671+0200] {processor.py:839} INFO - DAG(s) dict_keys(['tutorial']) retrieved from /home/frederic/airflow_venv/lib/python3.10/site-packages/airflow/example_dags/tutorial.py
[2026-05-29T01:56:58.692+0200] {logging_mixin.py:151} INFO - [2026-05-29T01:56:58.692+0200] {dag.py:2915} INFO - Sync 1 DAGs
[2026-05-29T01:56:58.720+0200] {logging_mixin.py:151} INFO - [2026-05-29T01:56:58.720+0200] {dag.py:3696} INFO - Setting next_dagrun for tutorial to 2026-05-27T23:56:58.720040+00:00, run_after=2026-05-28T23:56:58.720040+00:00
[2026-05-29T01:56:58.747+0200] {processor.py:179} INFO - Processing /home/frederic/airflow_venv/lib/python3.10/site-packages/airflow/example_dags/tutorial.py took 0.093 seconds
[2026-05-29T01:57:01.774+0200] {processor.py:157} INFO - Started process (PID=627325) to work on /home/frederic/airflow_venv/lib/python3.10/site-packages/airflow/example_dags/tutorial.py
[2026-05-29T01:57:01.774+0200] {processor.py:829} INFO - Processing file /home/frederic/airflow_venv/lib/python3.10/site-packages/airflow/example_dags/tutorial.py for tasks to queue
[2026-05-29T01:57:01.775+0200] {logging_mixin.py:151} INFO - [2026-05-29T01:57:01.775+0200] {dagbag.py:539} INFO - Filling up the DagBag from /home/frederic/airflow_venv/lib/python3.10/site-packages/airflow/example_dags/tutorial.py
[2026-05-29T01:57:01.782+0200] {processor.py:839} INFO - DAG(s) dict_keys(['tutorial']) retrieved from /home/frederic/airflow_venv/lib/python3.10/site-packages/airflow/example_dags/tutorial.py
[2026-05-29T01:57:01.799+0200] {logging_mixin.py:151} INFO - [2026-05-29T01:57:01.799+0200] {dag.py:2915} INFO - Sync 1 DAGs
[2026-05-29T01:57:01.821+0200] {logging_mixin.py:151} INFO - [2026-05-29T01:57:01.821+0200] {dag.py:3696} INFO - Setting next_dagrun for tutorial to 2026-05-27T23:57:01.821062+00:00, run_after=2026-05-28T23:57:01.821062+00:00
[2026-05-29T01:57:01.836+0200] {processor.py:179} INFO - Processing /home/frederic/airflow_venv/lib/python3.10/site-packages/airflow/example_dags/tutorial.py took 0.065 seconds
[2026-05-29T01:57:45.787+0200] {processor.py:157} INFO - Started process (PID=628948) to work on /home/frederic/airflow_venv/lib/python3.10/site-packages/airflow/example_dags/tutorial.py
[2026-05-29T01:57:45.788+0200] {processor.py:829} INFO - Processing file /home/frederic/airflow_venv/lib/python3.10/site-packages/airflow/example_dags/tutorial.py for tasks to queue
[2026-05-29T01:57:45.789+0200] {logging_mixin.py:151} INFO - [2026-05-29T01:57:45.789+0200] {dagbag.py:539} INFO - Filling up the DagBag from /home/frederic/airflow_venv/lib/python3.10/site-packages/airflow/example_dags/tutorial.py
[2026-05-29T01:57:45.797+0200] {processor.py:839} INFO - DAG(s) dict_keys(['tutorial']) retrieved from /home/frederic/airflow_venv/lib/python3.10/site-packages/airflow/example_dags/tutorial.py
[2026-05-29T01:57:45.814+0200] {logging_mixin.py:151} INFO - [2026-05-29T01:57:45.814+0200] {dag.py:2915} INFO - Sync 1 DAGs
[2026-05-29T01:57:45.835+0200] {logging_mixin.py:151} INFO - [2026-05-29T01:57:45.835+0200] {dag.py:3696} INFO - Setting next_dagrun for tutorial to 2026-05-27T23:57:45.835343+00:00, run_after=2026-05-28T23:57:45.835343+00:00
[2026-05-29T01:57:45.857+0200] {processor.py:179} INFO - Processing /home/frederic/airflow_venv/lib/python3.10/site-packages/airflow/example_dags/tutorial.py took 0.073 seconds
[2026-05-29T01:57:47.632+0200] {processor.py:157} INFO - Started process (PID=629040) to work on /home/frederic/airflow_venv/lib/python3.10/site-packages/airflow/example_dags/tutorial.py
[2026-05-29T01:57:47.633+0200] {processor.py:829} INFO - Processing file /home/frederic/airflow_venv/lib/python3.10/site-packages/airflow/example_dags/tutorial.py for tasks to queue
[2026-05-29T01:57:47.634+0200] {logging_mixin.py:151} INFO - [2026-05-29T01:57:47.634+0200] {dagbag.py:539} INFO - Filling up the DagBag from /home/frederic/airflow_venv/lib/python3.10/site-packages/airflow/example_dags/tutorial.py
[2026-05-29T01:57:47.640+0200] {processor.py:839} INFO - DAG(s) dict_keys(['tutorial']) retrieved from /home/frederic/airflow_venv/lib/python3.10/site-packages/airflow/example_dags/tutorial.py
[2026-05-29T01:57:47.655+0200] {logging_mixin.py:151} INFO - [2026-05-29T01:57:47.655+0200] {dag.py:2915} INFO - Sync 1 DAGs
[2026-05-29T01:57:47.683+0200] {logging_mixin.py:151} INFO - [2026-05-29T01:57:47.683+0200] {dag.py:3696} INFO - Setting next_dagrun for tutorial to 2026-05-27T23:57:47.683288+00:00, run_after=2026-05-28T23:57:47.683288+00:00
[2026-05-29T01:57:47.708+0200] {processor.py:179} INFO - Processing /home/frederic/airflow_venv/lib/python3.10/site-packages/airflow/example_dags/tutorial.py took 0.080 seconds
[2026-05-29T01:58:34.847+0200] {processor.py:157} INFO - Started process (PID=630689) to work on /home/frederic/airflow_venv/lib/python3.10/site-packages/airflow/example_dags/tutorial.py
[2026-05-29T01:58:34.848+0200] {processor.py:829} INFO - Processing file /home/frederic/airflow_venv/lib/python3.10/site-packages/airflow/example_dags/tutorial.py for tasks to queue
[2026-05-29T01:58:34.850+0200] {logging_mixin.py:151} INFO - [2026-05-29T01:58:34.849+0200] {dagbag.py:539} INFO - Filling up the DagBag from /home/frederic/airflow_venv/lib/python3.10/site-packages/airflow/example_dags/tutorial.py
[2026-05-29T01:58:34.863+0200] {processor.py:839} INFO - DAG(s) dict_keys(['tutorial']) retrieved from /home/frederic/airflow_venv/lib/python3.10/site-packages/airflow/example_dags/tutorial.py
[2026-05-29T01:58:34.885+0200] {logging_mixin.py:151} INFO - [2026-05-29T01:58:34.885+0200] {dag.py:2915} INFO - Sync 1 DAGs
[2026-05-29T01:58:34.910+0200] {logging_mixin.py:151} INFO - [2026-05-29T01:58:34.909+0200] {dag.py:3696} INFO - Setting next_dagrun for tutorial to 2026-05-27T23:58:34.909591+00:00, run_after=2026-05-28T23:58:34.909591+00:00
[2026-05-29T01:58:34.938+0200] {processor.py:179} INFO - Processing /home/frederic/airflow_venv/lib/python3.10/site-packages/airflow/example_dags/tutorial.py took 0.094 seconds
[2026-05-29T01:58:40.773+0200] {processor.py:157} INFO - Started process (PID=630947) to work on /home/frederic/airflow_venv/lib/python3.10/site-packages/airflow/example_dags/tutorial.py
[2026-05-29T01:58:40.774+0200] {processor.py:829} INFO - Processing file /home/frederic/airflow_venv/lib/python3.10/site-packages/airflow/example_dags/tutorial.py for tasks to queue
[2026-05-29T01:58:40.775+0200] {logging_mixin.py:151} INFO - [2026-05-29T01:58:40.775+0200] {dagbag.py:539} INFO - Filling up the DagBag from /home/frederic/airflow_venv/lib/python3.10/site-packages/airflow/example_dags/tutorial.py
[2026-05-29T01:58:40.783+0200] {processor.py:839} INFO - DAG(s) dict_keys(['tutorial']) retrieved from /home/frederic/airflow_venv/lib/python3.10/site-packages/airflow/example_dags/tutorial.py
[2026-05-29T01:58:40.797+0200] {logging_mixin.py:151} INFO - [2026-05-29T01:58:40.797+0200] {dag.py:2915} INFO - Sync 1 DAGs
[2026-05-29T01:58:40.817+0200] {logging_mixin.py:151} INFO - [2026-05-29T01:58:40.817+0200] {dag.py:3696} INFO - Setting next_dagrun for tutorial to 2026-05-27T23:58:40.817037+00:00, run_after=2026-05-28T23:58:40.817037+00:00
[2026-05-29T01:58:40.838+0200] {processor.py:179} INFO - Processing /home/frederic/airflow_venv/lib/python3.10/site-packages/airflow/example_dags/tutorial.py took 0.067 seconds
[2026-05-29T01:59:19.826+0200] {processor.py:157} INFO - Started process (PID=632024) to work on /home/frederic/airflow_venv/lib/python3.10/site-packages/airflow/example_dags/tutorial.py
[2026-05-29T01:59:19.827+0200] {processor.py:829} INFO - Processing file /home/frederic/airflow_venv/lib/python3.10/site-packages/airflow/example_dags/tutorial.py for tasks to queue
[2026-05-29T01:59:19.828+0200] {logging_mixin.py:151} INFO - [2026-05-29T01:59:19.828+0200] {dagbag.py:539} INFO - Filling up the DagBag from /home/frederic/airflow_venv/lib/python3.10/site-packages/airflow/example_dags/tutorial.py
[2026-05-29T01:59:19.834+0200] {processor.py:839} INFO - DAG(s) dict_keys(['tutorial']) retrieved from /home/frederic/airflow_venv/lib/python3.10/site-packages/airflow/example_dags/tutorial.py
[2026-05-29T01:59:19.848+0200] {logging_mixin.py:151} INFO - [2026-05-29T01:59:19.848+0200] {dag.py:2915} INFO - Sync 1 DAGs
[2026-05-29T01:59:19.865+0200] {logging_mixin.py:151} INFO - [2026-05-29T01:59:19.865+0200] {dag.py:3696} INFO - Setting next_dagrun for tutorial to 2026-05-27T23:59:19.865042+00:00, run_after=2026-05-28T23:59:19.865042+00:00
[2026-05-29T01:59:19.881+0200] {processor.py:179} INFO - Processing /home/frederic/airflow_venv/lib/python3.10/site-packages/airflow/example_dags/tutorial.py took 0.057 seconds
[2026-05-29T01:59:23.747+0200] {processor.py:157} INFO - Started process (PID=632178) to work on /home/frederic/airflow_venv/lib/python3.10/site-packages/airflow/example_dags/tutorial.py
[2026-05-29T01:59:23.747+0200] {processor.py:829} INFO - Processing file /home/frederic/airflow_venv/lib/python3.10/site-packages/airflow/example_dags/tutorial.py for tasks to queue
[2026-05-29T01:59:23.748+0200] {logging_mixin.py:151} INFO - [2026-05-29T01:59:23.748+0200] {dagbag.py:539} INFO - Filling up the DagBag from /home/frederic/airflow_venv/lib/python3.10/site-packages/airflow/example_dags/tutorial.py
[2026-05-29T01:59:23.754+0200] {processor.py:839} INFO - DAG(s) dict_keys(['tutorial']) retrieved from /home/frederic/airflow_venv/lib/python3.10/site-packages/airflow/example_dags/tutorial.py
[2026-05-29T01:59:23.766+0200] {logging_mixin.py:151} INFO - [2026-05-29T01:59:23.766+0200] {dag.py:2915} INFO - Sync 1 DAGs
[2026-05-29T01:59:23.782+0200] {logging_mixin.py:151} INFO - [2026-05-29T01:59:23.782+0200] {dag.py:3696} INFO - Setting next_dagrun for tutorial to 2026-05-27T23:59:23.782090+00:00, run_after=2026-05-28T23:59:23.782090+00:00
[2026-05-29T01:59:23.797+0200] {processor.py:179} INFO - Processing /home/frederic/airflow_venv/lib/python3.10/site-packages/airflow/example_dags/tutorial.py took 0.053 seconds
