[2026-05-29T01:36:39.403+0200] {processor.py:157} INFO - Started process (PID=593807) to work on /home/frederic/airflow_venv/lib/python3.10/site-packages/airflow/example_dags/tutorial_taskflow_api.py
[2026-05-29T01:36:39.404+0200] {processor.py:829} INFO - Processing file /home/frederic/airflow_venv/lib/python3.10/site-packages/airflow/example_dags/tutorial_taskflow_api.py for tasks to queue
[2026-05-29T01:36:39.404+0200] {logging_mixin.py:151} INFO - [2026-05-29T01:36:39.404+0200] {dagbag.py:539} INFO - Filling up the DagBag from /home/frederic/airflow_venv/lib/python3.10/site-packages/airflow/example_dags/tutorial_taskflow_api.py
[2026-05-29T01:36:39.411+0200] {processor.py:839} INFO - DAG(s) dict_keys(['tutorial_taskflow_api']) retrieved from /home/frederic/airflow_venv/lib/python3.10/site-packages/airflow/example_dags/tutorial_taskflow_api.py
[2026-05-29T01:36:39.492+0200] {logging_mixin.py:151} INFO - [2026-05-29T01:36:39.491+0200] {manager.py:499} INFO - Created Permission View: %s
[2026-05-29T01:36:39.499+0200] {logging_mixin.py:151} INFO - [2026-05-29T01:36:39.499+0200] {manager.py:499} INFO - Created Permission View: %s
[2026-05-29T01:36:39.506+0200] {logging_mixin.py:151} INFO - [2026-05-29T01:36:39.505+0200] {manager.py:499} INFO - Created Permission View: %s
[2026-05-29T01:36:39.506+0200] {logging_mixin.py:151} INFO - [2026-05-29T01:36:39.506+0200] {security.py:708} INFO - Not syncing DAG-level permissions for DAG 'DAG:tutorial_taskflow_api' as access control is unset.
[2026-05-29T01:36:39.506+0200] {logging_mixin.py:151} INFO - [2026-05-29T01:36:39.506+0200] {dag.py:2915} INFO - Sync 1 DAGs
[2026-05-29T01:36:39.515+0200] {logging_mixin.py:151} INFO - [2026-05-29T01:36:39.514+0200] {dag.py:2937} INFO - Creating ORM DAG for tutorial_taskflow_api
[2026-05-29T01:36:39.515+0200] {logging_mixin.py:151} INFO - [2026-05-29T01:36:39.515+0200] {dag.py:3696} INFO - Setting next_dagrun for tutorial_taskflow_api to None, run_after=None
[2026-05-29T01:36:39.529+0200] {processor.py:179} INFO - Processing /home/frederic/airflow_venv/lib/python3.10/site-packages/airflow/example_dags/tutorial_taskflow_api.py took 0.128 seconds
[2026-05-29T01:37:26.565+0200] {processor.py:157} INFO - Started process (PID=594824) to work on /home/frederic/airflow_venv/lib/python3.10/site-packages/airflow/example_dags/tutorial_taskflow_api.py
[2026-05-29T01:37:26.566+0200] {processor.py:829} INFO - Processing file /home/frederic/airflow_venv/lib/python3.10/site-packages/airflow/example_dags/tutorial_taskflow_api.py for tasks to queue
[2026-05-29T01:37:26.567+0200] {logging_mixin.py:151} INFO - [2026-05-29T01:37:26.566+0200] {dagbag.py:539} INFO - Filling up the DagBag from /home/frederic/airflow_venv/lib/python3.10/site-packages/airflow/example_dags/tutorial_taskflow_api.py
[2026-05-29T01:37:26.572+0200] {processor.py:839} INFO - DAG(s) dict_keys(['tutorial_taskflow_api']) retrieved from /home/frederic/airflow_venv/lib/python3.10/site-packages/airflow/example_dags/tutorial_taskflow_api.py
[2026-05-29T01:37:26.585+0200] {logging_mixin.py:151} INFO - [2026-05-29T01:37:26.585+0200] {dag.py:2915} INFO - Sync 1 DAGs
[2026-05-29T01:37:26.596+0200] {logging_mixin.py:151} INFO - [2026-05-29T01:37:26.596+0200] {dag.py:3696} INFO - Setting next_dagrun for tutorial_taskflow_api to None, run_after=None
[2026-05-29T01:37:26.611+0200] {processor.py:179} INFO - Processing /home/frederic/airflow_venv/lib/python3.10/site-packages/airflow/example_dags/tutorial_taskflow_api.py took 0.049 seconds
[2026-05-29T01:38:11.210+0200] {processor.py:157} INFO - Started process (PID=595565) to work on /home/frederic/airflow_venv/lib/python3.10/site-packages/airflow/example_dags/tutorial_taskflow_api.py
[2026-05-29T01:38:11.212+0200] {processor.py:829} INFO - Processing file /home/frederic/airflow_venv/lib/python3.10/site-packages/airflow/example_dags/tutorial_taskflow_api.py for tasks to queue
[2026-05-29T01:38:11.212+0200] {logging_mixin.py:151} INFO - [2026-05-29T01:38:11.212+0200] {dagbag.py:539} INFO - Filling up the DagBag from /home/frederic/airflow_venv/lib/python3.10/site-packages/airflow/example_dags/tutorial_taskflow_api.py
[2026-05-29T01:38:11.218+0200] {processor.py:839} INFO - DAG(s) dict_keys(['tutorial_taskflow_api']) retrieved from /home/frederic/airflow_venv/lib/python3.10/site-packages/airflow/example_dags/tutorial_taskflow_api.py
[2026-05-29T01:38:11.232+0200] {logging_mixin.py:151} INFO - [2026-05-29T01:38:11.232+0200] {dag.py:2915} INFO - Sync 1 DAGs
[2026-05-29T01:38:11.242+0200] {logging_mixin.py:151} INFO - [2026-05-29T01:38:11.242+0200] {dag.py:3696} INFO - Setting next_dagrun for tutorial_taskflow_api to None, run_after=None
[2026-05-29T01:38:11.258+0200] {processor.py:179} INFO - Processing /home/frederic/airflow_venv/lib/python3.10/site-packages/airflow/example_dags/tutorial_taskflow_api.py took 0.051 seconds
[2026-05-29T01:38:54.207+0200] {processor.py:157} INFO - Started process (PID=596625) to work on /home/frederic/airflow_venv/lib/python3.10/site-packages/airflow/example_dags/tutorial_taskflow_api.py
[2026-05-29T01:38:54.208+0200] {processor.py:829} INFO - Processing file /home/frederic/airflow_venv/lib/python3.10/site-packages/airflow/example_dags/tutorial_taskflow_api.py for tasks to queue
[2026-05-29T01:38:54.209+0200] {logging_mixin.py:151} INFO - [2026-05-29T01:38:54.208+0200] {dagbag.py:539} INFO - Filling up the DagBag from /home/frederic/airflow_venv/lib/python3.10/site-packages/airflow/example_dags/tutorial_taskflow_api.py
[2026-05-29T01:38:54.214+0200] {processor.py:839} INFO - DAG(s) dict_keys(['tutorial_taskflow_api']) retrieved from /home/frederic/airflow_venv/lib/python3.10/site-packages/airflow/example_dags/tutorial_taskflow_api.py
[2026-05-29T01:38:54.232+0200] {logging_mixin.py:151} INFO - [2026-05-29T01:38:54.232+0200] {dag.py:2915} INFO - Sync 1 DAGs
[2026-05-29T01:38:54.247+0200] {logging_mixin.py:151} INFO - [2026-05-29T01:38:54.247+0200] {dag.py:3696} INFO - Setting next_dagrun for tutorial_taskflow_api to None, run_after=None
[2026-05-29T01:38:54.265+0200] {processor.py:179} INFO - Processing /home/frederic/airflow_venv/lib/python3.10/site-packages/airflow/example_dags/tutorial_taskflow_api.py took 0.061 seconds
[2026-05-29T01:39:40.779+0200] {processor.py:157} INFO - Started process (PID=597732) to work on /home/frederic/airflow_venv/lib/python3.10/site-packages/airflow/example_dags/tutorial_taskflow_api.py
[2026-05-29T01:39:40.781+0200] {processor.py:829} INFO - Processing file /home/frederic/airflow_venv/lib/python3.10/site-packages/airflow/example_dags/tutorial_taskflow_api.py for tasks to queue
[2026-05-29T01:39:40.781+0200] {logging_mixin.py:151} INFO - [2026-05-29T01:39:40.781+0200] {dagbag.py:539} INFO - Filling up the DagBag from /home/frederic/airflow_venv/lib/python3.10/site-packages/airflow/example_dags/tutorial_taskflow_api.py
[2026-05-29T01:39:40.786+0200] {processor.py:839} INFO - DAG(s) dict_keys(['tutorial_taskflow_api']) retrieved from /home/frederic/airflow_venv/lib/python3.10/site-packages/airflow/example_dags/tutorial_taskflow_api.py
[2026-05-29T01:39:40.801+0200] {logging_mixin.py:151} INFO - [2026-05-29T01:39:40.800+0200] {dag.py:2915} INFO - Sync 1 DAGs
[2026-05-29T01:39:40.811+0200] {logging_mixin.py:151} INFO - [2026-05-29T01:39:40.811+0200] {dag.py:3696} INFO - Setting next_dagrun for tutorial_taskflow_api to None, run_after=None
[2026-05-29T01:39:40.828+0200] {processor.py:179} INFO - Processing /home/frederic/airflow_venv/lib/python3.10/site-packages/airflow/example_dags/tutorial_taskflow_api.py took 0.051 seconds
[2026-05-29T01:40:13.910+0200] {processor.py:157} INFO - Started process (PID=598517) to work on /home/frederic/airflow_venv/lib/python3.10/site-packages/airflow/example_dags/tutorial_taskflow_api.py
[2026-05-29T01:40:13.913+0200] {processor.py:829} INFO - Processing file /home/frederic/airflow_venv/lib/python3.10/site-packages/airflow/example_dags/tutorial_taskflow_api.py for tasks to queue
[2026-05-29T01:40:13.914+0200] {logging_mixin.py:151} INFO - [2026-05-29T01:40:13.914+0200] {dagbag.py:539} INFO - Filling up the DagBag from /home/frederic/airflow_venv/lib/python3.10/site-packages/airflow/example_dags/tutorial_taskflow_api.py
[2026-05-29T01:40:13.919+0200] {processor.py:839} INFO - DAG(s) dict_keys(['tutorial_taskflow_api']) retrieved from /home/frederic/airflow_venv/lib/python3.10/site-packages/airflow/example_dags/tutorial_taskflow_api.py
[2026-05-29T01:40:13.935+0200] {logging_mixin.py:151} INFO - [2026-05-29T01:40:13.935+0200] {dag.py:2915} INFO - Sync 1 DAGs
[2026-05-29T01:40:13.946+0200] {logging_mixin.py:151} INFO - [2026-05-29T01:40:13.946+0200] {dag.py:3696} INFO - Setting next_dagrun for tutorial_taskflow_api to None, run_after=None
[2026-05-29T01:40:13.965+0200] {processor.py:179} INFO - Processing /home/frederic/airflow_venv/lib/python3.10/site-packages/airflow/example_dags/tutorial_taskflow_api.py took 0.058 seconds
[2026-05-29T01:40:47.121+0200] {processor.py:157} INFO - Started process (PID=599335) to work on /home/frederic/airflow_venv/lib/python3.10/site-packages/airflow/example_dags/tutorial_taskflow_api.py
[2026-05-29T01:40:47.121+0200] {processor.py:829} INFO - Processing file /home/frederic/airflow_venv/lib/python3.10/site-packages/airflow/example_dags/tutorial_taskflow_api.py for tasks to queue
[2026-05-29T01:40:47.122+0200] {logging_mixin.py:151} INFO - [2026-05-29T01:40:47.122+0200] {dagbag.py:539} INFO - Filling up the DagBag from /home/frederic/airflow_venv/lib/python3.10/site-packages/airflow/example_dags/tutorial_taskflow_api.py
[2026-05-29T01:40:47.129+0200] {processor.py:839} INFO - DAG(s) dict_keys(['tutorial_taskflow_api']) retrieved from /home/frederic/airflow_venv/lib/python3.10/site-packages/airflow/example_dags/tutorial_taskflow_api.py
[2026-05-29T01:40:47.147+0200] {logging_mixin.py:151} INFO - [2026-05-29T01:40:47.147+0200] {dag.py:2915} INFO - Sync 1 DAGs
[2026-05-29T01:40:47.159+0200] {logging_mixin.py:151} INFO - [2026-05-29T01:40:47.159+0200] {dag.py:3696} INFO - Setting next_dagrun for tutorial_taskflow_api to None, run_after=None
[2026-05-29T01:40:47.178+0200] {processor.py:179} INFO - Processing /home/frederic/airflow_venv/lib/python3.10/site-packages/airflow/example_dags/tutorial_taskflow_api.py took 0.060 seconds
[2026-05-29T01:41:30.891+0200] {processor.py:157} INFO - Started process (PID=600601) to work on /home/frederic/airflow_venv/lib/python3.10/site-packages/airflow/example_dags/tutorial_taskflow_api.py
[2026-05-29T01:41:30.891+0200] {processor.py:829} INFO - Processing file /home/frederic/airflow_venv/lib/python3.10/site-packages/airflow/example_dags/tutorial_taskflow_api.py for tasks to queue
[2026-05-29T01:41:30.892+0200] {logging_mixin.py:151} INFO - [2026-05-29T01:41:30.892+0200] {dagbag.py:539} INFO - Filling up the DagBag from /home/frederic/airflow_venv/lib/python3.10/site-packages/airflow/example_dags/tutorial_taskflow_api.py
[2026-05-29T01:41:30.898+0200] {processor.py:839} INFO - DAG(s) dict_keys(['tutorial_taskflow_api']) retrieved from /home/frederic/airflow_venv/lib/python3.10/site-packages/airflow/example_dags/tutorial_taskflow_api.py
[2026-05-29T01:41:30.912+0200] {logging_mixin.py:151} INFO - [2026-05-29T01:41:30.912+0200] {dag.py:2915} INFO - Sync 1 DAGs
[2026-05-29T01:41:30.924+0200] {logging_mixin.py:151} INFO - [2026-05-29T01:41:30.924+0200] {dag.py:3696} INFO - Setting next_dagrun for tutorial_taskflow_api to None, run_after=None
[2026-05-29T01:41:30.948+0200] {processor.py:179} INFO - Processing /home/frederic/airflow_venv/lib/python3.10/site-packages/airflow/example_dags/tutorial_taskflow_api.py took 0.060 seconds
[2026-05-29T01:42:11.034+0200] {processor.py:157} INFO - Started process (PID=601268) to work on /home/frederic/airflow_venv/lib/python3.10/site-packages/airflow/example_dags/tutorial_taskflow_api.py
[2026-05-29T01:42:11.036+0200] {processor.py:829} INFO - Processing file /home/frederic/airflow_venv/lib/python3.10/site-packages/airflow/example_dags/tutorial_taskflow_api.py for tasks to queue
[2026-05-29T01:42:11.037+0200] {logging_mixin.py:151} INFO - [2026-05-29T01:42:11.037+0200] {dagbag.py:539} INFO - Filling up the DagBag from /home/frederic/airflow_venv/lib/python3.10/site-packages/airflow/example_dags/tutorial_taskflow_api.py
[2026-05-29T01:42:11.044+0200] {processor.py:839} INFO - DAG(s) dict_keys(['tutorial_taskflow_api']) retrieved from /home/frederic/airflow_venv/lib/python3.10/site-packages/airflow/example_dags/tutorial_taskflow_api.py
[2026-05-29T01:42:11.062+0200] {logging_mixin.py:151} INFO - [2026-05-29T01:42:11.061+0200] {dag.py:2915} INFO - Sync 1 DAGs
[2026-05-29T01:42:11.075+0200] {logging_mixin.py:151} INFO - [2026-05-29T01:42:11.075+0200] {dag.py:3696} INFO - Setting next_dagrun for tutorial_taskflow_api to None, run_after=None
[2026-05-29T01:42:11.098+0200] {processor.py:179} INFO - Processing /home/frederic/airflow_venv/lib/python3.10/site-packages/airflow/example_dags/tutorial_taskflow_api.py took 0.066 seconds
[2026-05-29T01:43:01.077+0200] {processor.py:157} INFO - Started process (PID=602207) to work on /home/frederic/airflow_venv/lib/python3.10/site-packages/airflow/example_dags/tutorial_taskflow_api.py
[2026-05-29T01:43:01.079+0200] {processor.py:829} INFO - Processing file /home/frederic/airflow_venv/lib/python3.10/site-packages/airflow/example_dags/tutorial_taskflow_api.py for tasks to queue
[2026-05-29T01:43:01.079+0200] {logging_mixin.py:151} INFO - [2026-05-29T01:43:01.079+0200] {dagbag.py:539} INFO - Filling up the DagBag from /home/frederic/airflow_venv/lib/python3.10/site-packages/airflow/example_dags/tutorial_taskflow_api.py
[2026-05-29T01:43:01.085+0200] {processor.py:839} INFO - DAG(s) dict_keys(['tutorial_taskflow_api']) retrieved from /home/frederic/airflow_venv/lib/python3.10/site-packages/airflow/example_dags/tutorial_taskflow_api.py
[2026-05-29T01:43:01.099+0200] {logging_mixin.py:151} INFO - [2026-05-29T01:43:01.098+0200] {dag.py:2915} INFO - Sync 1 DAGs
[2026-05-29T01:43:01.107+0200] {logging_mixin.py:151} INFO - [2026-05-29T01:43:01.107+0200] {dag.py:3696} INFO - Setting next_dagrun for tutorial_taskflow_api to None, run_after=None
[2026-05-29T01:43:01.124+0200] {processor.py:179} INFO - Processing /home/frederic/airflow_venv/lib/python3.10/site-packages/airflow/example_dags/tutorial_taskflow_api.py took 0.049 seconds
[2026-05-29T01:43:47.588+0200] {processor.py:157} INFO - Started process (PID=603101) to work on /home/frederic/airflow_venv/lib/python3.10/site-packages/airflow/example_dags/tutorial_taskflow_api.py
[2026-05-29T01:43:47.589+0200] {processor.py:829} INFO - Processing file /home/frederic/airflow_venv/lib/python3.10/site-packages/airflow/example_dags/tutorial_taskflow_api.py for tasks to queue
[2026-05-29T01:43:47.589+0200] {logging_mixin.py:151} INFO - [2026-05-29T01:43:47.589+0200] {dagbag.py:539} INFO - Filling up the DagBag from /home/frederic/airflow_venv/lib/python3.10/site-packages/airflow/example_dags/tutorial_taskflow_api.py
[2026-05-29T01:43:47.594+0200] {processor.py:839} INFO - DAG(s) dict_keys(['tutorial_taskflow_api']) retrieved from /home/frederic/airflow_venv/lib/python3.10/site-packages/airflow/example_dags/tutorial_taskflow_api.py
[2026-05-29T01:43:47.606+0200] {logging_mixin.py:151} INFO - [2026-05-29T01:43:47.606+0200] {dag.py:2915} INFO - Sync 1 DAGs
[2026-05-29T01:43:47.615+0200] {logging_mixin.py:151} INFO - [2026-05-29T01:43:47.615+0200] {dag.py:3696} INFO - Setting next_dagrun for tutorial_taskflow_api to None, run_after=None
[2026-05-29T01:43:47.631+0200] {processor.py:179} INFO - Processing /home/frederic/airflow_venv/lib/python3.10/site-packages/airflow/example_dags/tutorial_taskflow_api.py took 0.046 seconds
[2026-05-29T01:44:22.049+0200] {processor.py:157} INFO - Started process (PID=603723) to work on /home/frederic/airflow_venv/lib/python3.10/site-packages/airflow/example_dags/tutorial_taskflow_api.py
[2026-05-29T01:44:22.050+0200] {processor.py:829} INFO - Processing file /home/frederic/airflow_venv/lib/python3.10/site-packages/airflow/example_dags/tutorial_taskflow_api.py for tasks to queue
[2026-05-29T01:44:22.050+0200] {logging_mixin.py:151} INFO - [2026-05-29T01:44:22.050+0200] {dagbag.py:539} INFO - Filling up the DagBag from /home/frederic/airflow_venv/lib/python3.10/site-packages/airflow/example_dags/tutorial_taskflow_api.py
[2026-05-29T01:44:22.056+0200] {processor.py:839} INFO - DAG(s) dict_keys(['tutorial_taskflow_api']) retrieved from /home/frederic/airflow_venv/lib/python3.10/site-packages/airflow/example_dags/tutorial_taskflow_api.py
[2026-05-29T01:44:22.071+0200] {logging_mixin.py:151} INFO - [2026-05-29T01:44:22.071+0200] {dag.py:2915} INFO - Sync 1 DAGs
[2026-05-29T01:44:22.082+0200] {logging_mixin.py:151} INFO - [2026-05-29T01:44:22.082+0200] {dag.py:3696} INFO - Setting next_dagrun for tutorial_taskflow_api to None, run_after=None
[2026-05-29T01:44:22.100+0200] {processor.py:179} INFO - Processing /home/frederic/airflow_venv/lib/python3.10/site-packages/airflow/example_dags/tutorial_taskflow_api.py took 0.053 seconds
[2026-05-29T01:45:08.182+0200] {processor.py:157} INFO - Started process (PID=605155) to work on /home/frederic/airflow_venv/lib/python3.10/site-packages/airflow/example_dags/tutorial_taskflow_api.py
[2026-05-29T01:45:08.183+0200] {processor.py:829} INFO - Processing file /home/frederic/airflow_venv/lib/python3.10/site-packages/airflow/example_dags/tutorial_taskflow_api.py for tasks to queue
[2026-05-29T01:45:08.184+0200] {logging_mixin.py:151} INFO - [2026-05-29T01:45:08.184+0200] {dagbag.py:539} INFO - Filling up the DagBag from /home/frederic/airflow_venv/lib/python3.10/site-packages/airflow/example_dags/tutorial_taskflow_api.py
[2026-05-29T01:45:08.189+0200] {processor.py:839} INFO - DAG(s) dict_keys(['tutorial_taskflow_api']) retrieved from /home/frederic/airflow_venv/lib/python3.10/site-packages/airflow/example_dags/tutorial_taskflow_api.py
[2026-05-29T01:45:08.201+0200] {logging_mixin.py:151} INFO - [2026-05-29T01:45:08.201+0200] {dag.py:2915} INFO - Sync 1 DAGs
[2026-05-29T01:45:08.211+0200] {logging_mixin.py:151} INFO - [2026-05-29T01:45:08.210+0200] {dag.py:3696} INFO - Setting next_dagrun for tutorial_taskflow_api to None, run_after=None
[2026-05-29T01:45:08.234+0200] {processor.py:179} INFO - Processing /home/frederic/airflow_venv/lib/python3.10/site-packages/airflow/example_dags/tutorial_taskflow_api.py took 0.054 seconds
[2026-05-29T01:45:41.950+0200] {processor.py:157} INFO - Started process (PID=606562) to work on /home/frederic/airflow_venv/lib/python3.10/site-packages/airflow/example_dags/tutorial_taskflow_api.py
[2026-05-29T01:45:41.954+0200] {processor.py:829} INFO - Processing file /home/frederic/airflow_venv/lib/python3.10/site-packages/airflow/example_dags/tutorial_taskflow_api.py for tasks to queue
[2026-05-29T01:45:41.954+0200] {logging_mixin.py:151} INFO - [2026-05-29T01:45:41.954+0200] {dagbag.py:539} INFO - Filling up the DagBag from /home/frederic/airflow_venv/lib/python3.10/site-packages/airflow/example_dags/tutorial_taskflow_api.py
[2026-05-29T01:45:41.959+0200] {processor.py:839} INFO - DAG(s) dict_keys(['tutorial_taskflow_api']) retrieved from /home/frederic/airflow_venv/lib/python3.10/site-packages/airflow/example_dags/tutorial_taskflow_api.py
[2026-05-29T01:45:41.972+0200] {logging_mixin.py:151} INFO - [2026-05-29T01:45:41.971+0200] {dag.py:2915} INFO - Sync 1 DAGs
[2026-05-29T01:45:41.981+0200] {logging_mixin.py:151} INFO - [2026-05-29T01:45:41.980+0200] {dag.py:3696} INFO - Setting next_dagrun for tutorial_taskflow_api to None, run_after=None
[2026-05-29T01:45:41.994+0200] {processor.py:179} INFO - Processing /home/frederic/airflow_venv/lib/python3.10/site-packages/airflow/example_dags/tutorial_taskflow_api.py took 0.046 seconds
[2026-05-29T01:46:19.356+0200] {processor.py:157} INFO - Started process (PID=608413) to work on /home/frederic/airflow_venv/lib/python3.10/site-packages/airflow/example_dags/tutorial_taskflow_api.py
[2026-05-29T01:46:19.360+0200] {processor.py:829} INFO - Processing file /home/frederic/airflow_venv/lib/python3.10/site-packages/airflow/example_dags/tutorial_taskflow_api.py for tasks to queue
[2026-05-29T01:46:19.361+0200] {logging_mixin.py:151} INFO - [2026-05-29T01:46:19.360+0200] {dagbag.py:539} INFO - Filling up the DagBag from /home/frederic/airflow_venv/lib/python3.10/site-packages/airflow/example_dags/tutorial_taskflow_api.py
[2026-05-29T01:46:19.365+0200] {processor.py:839} INFO - DAG(s) dict_keys(['tutorial_taskflow_api']) retrieved from /home/frederic/airflow_venv/lib/python3.10/site-packages/airflow/example_dags/tutorial_taskflow_api.py
[2026-05-29T01:46:19.379+0200] {logging_mixin.py:151} INFO - [2026-05-29T01:46:19.378+0200] {dag.py:2915} INFO - Sync 1 DAGs
[2026-05-29T01:46:19.388+0200] {logging_mixin.py:151} INFO - [2026-05-29T01:46:19.388+0200] {dag.py:3696} INFO - Setting next_dagrun for tutorial_taskflow_api to None, run_after=None
[2026-05-29T01:46:19.403+0200] {processor.py:179} INFO - Processing /home/frederic/airflow_venv/lib/python3.10/site-packages/airflow/example_dags/tutorial_taskflow_api.py took 0.049 seconds
[2026-05-29T01:47:02.902+0200] {processor.py:157} INFO - Started process (PID=609627) to work on /home/frederic/airflow_venv/lib/python3.10/site-packages/airflow/example_dags/tutorial_taskflow_api.py
[2026-05-29T01:47:02.906+0200] {processor.py:829} INFO - Processing file /home/frederic/airflow_venv/lib/python3.10/site-packages/airflow/example_dags/tutorial_taskflow_api.py for tasks to queue
[2026-05-29T01:47:02.907+0200] {logging_mixin.py:151} INFO - [2026-05-29T01:47:02.906+0200] {dagbag.py:539} INFO - Filling up the DagBag from /home/frederic/airflow_venv/lib/python3.10/site-packages/airflow/example_dags/tutorial_taskflow_api.py
[2026-05-29T01:47:02.912+0200] {processor.py:839} INFO - DAG(s) dict_keys(['tutorial_taskflow_api']) retrieved from /home/frederic/airflow_venv/lib/python3.10/site-packages/airflow/example_dags/tutorial_taskflow_api.py
[2026-05-29T01:47:02.928+0200] {logging_mixin.py:151} INFO - [2026-05-29T01:47:02.927+0200] {dag.py:2915} INFO - Sync 1 DAGs
[2026-05-29T01:47:02.941+0200] {logging_mixin.py:151} INFO - [2026-05-29T01:47:02.941+0200] {dag.py:3696} INFO - Setting next_dagrun for tutorial_taskflow_api to None, run_after=None
[2026-05-29T01:47:02.959+0200] {processor.py:179} INFO - Processing /home/frederic/airflow_venv/lib/python3.10/site-packages/airflow/example_dags/tutorial_taskflow_api.py took 0.060 seconds
[2026-05-29T01:47:45.457+0200] {processor.py:157} INFO - Started process (PID=610824) to work on /home/frederic/airflow_venv/lib/python3.10/site-packages/airflow/example_dags/tutorial_taskflow_api.py
[2026-05-29T01:47:45.458+0200] {processor.py:829} INFO - Processing file /home/frederic/airflow_venv/lib/python3.10/site-packages/airflow/example_dags/tutorial_taskflow_api.py for tasks to queue
[2026-05-29T01:47:45.459+0200] {logging_mixin.py:151} INFO - [2026-05-29T01:47:45.459+0200] {dagbag.py:539} INFO - Filling up the DagBag from /home/frederic/airflow_venv/lib/python3.10/site-packages/airflow/example_dags/tutorial_taskflow_api.py
[2026-05-29T01:47:45.465+0200] {processor.py:839} INFO - DAG(s) dict_keys(['tutorial_taskflow_api']) retrieved from /home/frederic/airflow_venv/lib/python3.10/site-packages/airflow/example_dags/tutorial_taskflow_api.py
[2026-05-29T01:47:45.480+0200] {logging_mixin.py:151} INFO - [2026-05-29T01:47:45.480+0200] {dag.py:2915} INFO - Sync 1 DAGs
[2026-05-29T01:47:45.490+0200] {logging_mixin.py:151} INFO - [2026-05-29T01:47:45.490+0200] {dag.py:3696} INFO - Setting next_dagrun for tutorial_taskflow_api to None, run_after=None
[2026-05-29T01:47:45.504+0200] {processor.py:179} INFO - Processing /home/frederic/airflow_venv/lib/python3.10/site-packages/airflow/example_dags/tutorial_taskflow_api.py took 0.050 seconds
[2026-05-29T01:48:34.110+0200] {processor.py:157} INFO - Started process (PID=612278) to work on /home/frederic/airflow_venv/lib/python3.10/site-packages/airflow/example_dags/tutorial_taskflow_api.py
[2026-05-29T01:48:34.111+0200] {processor.py:829} INFO - Processing file /home/frederic/airflow_venv/lib/python3.10/site-packages/airflow/example_dags/tutorial_taskflow_api.py for tasks to queue
[2026-05-29T01:48:34.112+0200] {logging_mixin.py:151} INFO - [2026-05-29T01:48:34.111+0200] {dagbag.py:539} INFO - Filling up the DagBag from /home/frederic/airflow_venv/lib/python3.10/site-packages/airflow/example_dags/tutorial_taskflow_api.py
[2026-05-29T01:48:34.122+0200] {processor.py:839} INFO - DAG(s) dict_keys(['tutorial_taskflow_api']) retrieved from /home/frederic/airflow_venv/lib/python3.10/site-packages/airflow/example_dags/tutorial_taskflow_api.py
[2026-05-29T01:48:34.146+0200] {logging_mixin.py:151} INFO - [2026-05-29T01:48:34.146+0200] {dag.py:2915} INFO - Sync 1 DAGs
[2026-05-29T01:48:34.167+0200] {logging_mixin.py:151} INFO - [2026-05-29T01:48:34.167+0200] {dag.py:3696} INFO - Setting next_dagrun for tutorial_taskflow_api to None, run_after=None
[2026-05-29T01:48:34.204+0200] {processor.py:179} INFO - Processing /home/frederic/airflow_venv/lib/python3.10/site-packages/airflow/example_dags/tutorial_taskflow_api.py took 0.098 seconds
[2026-05-29T01:49:17.079+0200] {processor.py:157} INFO - Started process (PID=613402) to work on /home/frederic/airflow_venv/lib/python3.10/site-packages/airflow/example_dags/tutorial_taskflow_api.py
[2026-05-29T01:49:17.082+0200] {processor.py:829} INFO - Processing file /home/frederic/airflow_venv/lib/python3.10/site-packages/airflow/example_dags/tutorial_taskflow_api.py for tasks to queue
[2026-05-29T01:49:17.083+0200] {logging_mixin.py:151} INFO - [2026-05-29T01:49:17.083+0200] {dagbag.py:539} INFO - Filling up the DagBag from /home/frederic/airflow_venv/lib/python3.10/site-packages/airflow/example_dags/tutorial_taskflow_api.py
[2026-05-29T01:49:17.088+0200] {processor.py:839} INFO - DAG(s) dict_keys(['tutorial_taskflow_api']) retrieved from /home/frederic/airflow_venv/lib/python3.10/site-packages/airflow/example_dags/tutorial_taskflow_api.py
[2026-05-29T01:49:17.101+0200] {logging_mixin.py:151} INFO - [2026-05-29T01:49:17.100+0200] {dag.py:2915} INFO - Sync 1 DAGs
[2026-05-29T01:49:17.110+0200] {logging_mixin.py:151} INFO - [2026-05-29T01:49:17.110+0200] {dag.py:3696} INFO - Setting next_dagrun for tutorial_taskflow_api to None, run_after=None
[2026-05-29T01:49:17.124+0200] {processor.py:179} INFO - Processing /home/frederic/airflow_venv/lib/python3.10/site-packages/airflow/example_dags/tutorial_taskflow_api.py took 0.048 seconds
[2026-05-29T01:50:00.468+0200] {processor.py:157} INFO - Started process (PID=614556) to work on /home/frederic/airflow_venv/lib/python3.10/site-packages/airflow/example_dags/tutorial_taskflow_api.py
[2026-05-29T01:50:00.469+0200] {processor.py:829} INFO - Processing file /home/frederic/airflow_venv/lib/python3.10/site-packages/airflow/example_dags/tutorial_taskflow_api.py for tasks to queue
[2026-05-29T01:50:00.469+0200] {logging_mixin.py:151} INFO - [2026-05-29T01:50:00.469+0200] {dagbag.py:539} INFO - Filling up the DagBag from /home/frederic/airflow_venv/lib/python3.10/site-packages/airflow/example_dags/tutorial_taskflow_api.py
[2026-05-29T01:50:00.475+0200] {processor.py:839} INFO - DAG(s) dict_keys(['tutorial_taskflow_api']) retrieved from /home/frederic/airflow_venv/lib/python3.10/site-packages/airflow/example_dags/tutorial_taskflow_api.py
[2026-05-29T01:50:00.487+0200] {logging_mixin.py:151} INFO - [2026-05-29T01:50:00.486+0200] {dag.py:2915} INFO - Sync 1 DAGs
[2026-05-29T01:50:00.495+0200] {logging_mixin.py:151} INFO - [2026-05-29T01:50:00.495+0200] {dag.py:3696} INFO - Setting next_dagrun for tutorial_taskflow_api to None, run_after=None
[2026-05-29T01:50:00.509+0200] {processor.py:179} INFO - Processing /home/frederic/airflow_venv/lib/python3.10/site-packages/airflow/example_dags/tutorial_taskflow_api.py took 0.043 seconds
[2026-05-29T01:50:39.593+0200] {processor.py:157} INFO - Started process (PID=615865) to work on /home/frederic/airflow_venv/lib/python3.10/site-packages/airflow/example_dags/tutorial_taskflow_api.py
[2026-05-29T01:50:39.597+0200] {processor.py:829} INFO - Processing file /home/frederic/airflow_venv/lib/python3.10/site-packages/airflow/example_dags/tutorial_taskflow_api.py for tasks to queue
[2026-05-29T01:50:39.598+0200] {logging_mixin.py:151} INFO - [2026-05-29T01:50:39.597+0200] {dagbag.py:539} INFO - Filling up the DagBag from /home/frederic/airflow_venv/lib/python3.10/site-packages/airflow/example_dags/tutorial_taskflow_api.py
[2026-05-29T01:50:39.605+0200] {processor.py:839} INFO - DAG(s) dict_keys(['tutorial_taskflow_api']) retrieved from /home/frederic/airflow_venv/lib/python3.10/site-packages/airflow/example_dags/tutorial_taskflow_api.py
[2026-05-29T01:50:39.637+0200] {logging_mixin.py:151} INFO - [2026-05-29T01:50:39.636+0200] {dag.py:2915} INFO - Sync 1 DAGs
[2026-05-29T01:50:39.659+0200] {logging_mixin.py:151} INFO - [2026-05-29T01:50:39.659+0200] {dag.py:3696} INFO - Setting next_dagrun for tutorial_taskflow_api to None, run_after=None
[2026-05-29T01:50:39.688+0200] {processor.py:179} INFO - Processing /home/frederic/airflow_venv/lib/python3.10/site-packages/airflow/example_dags/tutorial_taskflow_api.py took 0.097 seconds
[2026-05-29T01:51:21.885+0200] {processor.py:157} INFO - Started process (PID=616875) to work on /home/frederic/airflow_venv/lib/python3.10/site-packages/airflow/example_dags/tutorial_taskflow_api.py
[2026-05-29T01:51:21.886+0200] {processor.py:829} INFO - Processing file /home/frederic/airflow_venv/lib/python3.10/site-packages/airflow/example_dags/tutorial_taskflow_api.py for tasks to queue
[2026-05-29T01:51:21.887+0200] {logging_mixin.py:151} INFO - [2026-05-29T01:51:21.887+0200] {dagbag.py:539} INFO - Filling up the DagBag from /home/frederic/airflow_venv/lib/python3.10/site-packages/airflow/example_dags/tutorial_taskflow_api.py
[2026-05-29T01:51:21.892+0200] {processor.py:839} INFO - DAG(s) dict_keys(['tutorial_taskflow_api']) retrieved from /home/frederic/airflow_venv/lib/python3.10/site-packages/airflow/example_dags/tutorial_taskflow_api.py
[2026-05-29T01:51:21.905+0200] {logging_mixin.py:151} INFO - [2026-05-29T01:51:21.905+0200] {dag.py:2915} INFO - Sync 1 DAGs
[2026-05-29T01:51:21.915+0200] {logging_mixin.py:151} INFO - [2026-05-29T01:51:21.914+0200] {dag.py:3696} INFO - Setting next_dagrun for tutorial_taskflow_api to None, run_after=None
[2026-05-29T01:51:21.929+0200] {processor.py:179} INFO - Processing /home/frederic/airflow_venv/lib/python3.10/site-packages/airflow/example_dags/tutorial_taskflow_api.py took 0.046 seconds
[2026-05-29T01:51:56.793+0200] {processor.py:157} INFO - Started process (PID=617727) to work on /home/frederic/airflow_venv/lib/python3.10/site-packages/airflow/example_dags/tutorial_taskflow_api.py
[2026-05-29T01:51:56.796+0200] {processor.py:829} INFO - Processing file /home/frederic/airflow_venv/lib/python3.10/site-packages/airflow/example_dags/tutorial_taskflow_api.py for tasks to queue
[2026-05-29T01:51:56.798+0200] {logging_mixin.py:151} INFO - [2026-05-29T01:51:56.797+0200] {dagbag.py:539} INFO - Filling up the DagBag from /home/frederic/airflow_venv/lib/python3.10/site-packages/airflow/example_dags/tutorial_taskflow_api.py
[2026-05-29T01:51:56.806+0200] {processor.py:839} INFO - DAG(s) dict_keys(['tutorial_taskflow_api']) retrieved from /home/frederic/airflow_venv/lib/python3.10/site-packages/airflow/example_dags/tutorial_taskflow_api.py
[2026-05-29T01:51:56.824+0200] {logging_mixin.py:151} INFO - [2026-05-29T01:51:56.823+0200] {dag.py:2915} INFO - Sync 1 DAGs
[2026-05-29T01:51:56.835+0200] {logging_mixin.py:151} INFO - [2026-05-29T01:51:56.835+0200] {dag.py:3696} INFO - Setting next_dagrun for tutorial_taskflow_api to None, run_after=None
[2026-05-29T01:51:56.853+0200] {processor.py:179} INFO - Processing /home/frederic/airflow_venv/lib/python3.10/site-packages/airflow/example_dags/tutorial_taskflow_api.py took 0.064 seconds
[2026-05-29T01:52:29.578+0200] {processor.py:157} INFO - Started process (PID=618585) to work on /home/frederic/airflow_venv/lib/python3.10/site-packages/airflow/example_dags/tutorial_taskflow_api.py
[2026-05-29T01:52:29.578+0200] {processor.py:829} INFO - Processing file /home/frederic/airflow_venv/lib/python3.10/site-packages/airflow/example_dags/tutorial_taskflow_api.py for tasks to queue
[2026-05-29T01:52:29.579+0200] {logging_mixin.py:151} INFO - [2026-05-29T01:52:29.579+0200] {dagbag.py:539} INFO - Filling up the DagBag from /home/frederic/airflow_venv/lib/python3.10/site-packages/airflow/example_dags/tutorial_taskflow_api.py
[2026-05-29T01:52:29.586+0200] {processor.py:839} INFO - DAG(s) dict_keys(['tutorial_taskflow_api']) retrieved from /home/frederic/airflow_venv/lib/python3.10/site-packages/airflow/example_dags/tutorial_taskflow_api.py
[2026-05-29T01:52:29.599+0200] {logging_mixin.py:151} INFO - [2026-05-29T01:52:29.599+0200] {dag.py:2915} INFO - Sync 1 DAGs
[2026-05-29T01:52:29.608+0200] {logging_mixin.py:151} INFO - [2026-05-29T01:52:29.608+0200] {dag.py:3696} INFO - Setting next_dagrun for tutorial_taskflow_api to None, run_after=None
[2026-05-29T01:52:29.624+0200] {processor.py:179} INFO - Processing /home/frederic/airflow_venv/lib/python3.10/site-packages/airflow/example_dags/tutorial_taskflow_api.py took 0.049 seconds
[2026-05-29T01:53:15.010+0200] {processor.py:157} INFO - Started process (PID=620131) to work on /home/frederic/airflow_venv/lib/python3.10/site-packages/airflow/example_dags/tutorial_taskflow_api.py
[2026-05-29T01:53:15.013+0200] {processor.py:829} INFO - Processing file /home/frederic/airflow_venv/lib/python3.10/site-packages/airflow/example_dags/tutorial_taskflow_api.py for tasks to queue
[2026-05-29T01:53:15.013+0200] {logging_mixin.py:151} INFO - [2026-05-29T01:53:15.013+0200] {dagbag.py:539} INFO - Filling up the DagBag from /home/frederic/airflow_venv/lib/python3.10/site-packages/airflow/example_dags/tutorial_taskflow_api.py
[2026-05-29T01:53:15.019+0200] {processor.py:839} INFO - DAG(s) dict_keys(['tutorial_taskflow_api']) retrieved from /home/frederic/airflow_venv/lib/python3.10/site-packages/airflow/example_dags/tutorial_taskflow_api.py
[2026-05-29T01:53:15.033+0200] {logging_mixin.py:151} INFO - [2026-05-29T01:53:15.033+0200] {dag.py:2915} INFO - Sync 1 DAGs
[2026-05-29T01:53:15.043+0200] {logging_mixin.py:151} INFO - [2026-05-29T01:53:15.043+0200] {dag.py:3696} INFO - Setting next_dagrun for tutorial_taskflow_api to None, run_after=None
[2026-05-29T01:53:15.058+0200] {processor.py:179} INFO - Processing /home/frederic/airflow_venv/lib/python3.10/site-packages/airflow/example_dags/tutorial_taskflow_api.py took 0.051 seconds
[2026-05-29T01:54:00.139+0200] {processor.py:157} INFO - Started process (PID=621327) to work on /home/frederic/airflow_venv/lib/python3.10/site-packages/airflow/example_dags/tutorial_taskflow_api.py
[2026-05-29T01:54:00.142+0200] {processor.py:829} INFO - Processing file /home/frederic/airflow_venv/lib/python3.10/site-packages/airflow/example_dags/tutorial_taskflow_api.py for tasks to queue
[2026-05-29T01:54:00.143+0200] {logging_mixin.py:151} INFO - [2026-05-29T01:54:00.143+0200] {dagbag.py:539} INFO - Filling up the DagBag from /home/frederic/airflow_venv/lib/python3.10/site-packages/airflow/example_dags/tutorial_taskflow_api.py
[2026-05-29T01:54:00.149+0200] {processor.py:839} INFO - DAG(s) dict_keys(['tutorial_taskflow_api']) retrieved from /home/frederic/airflow_venv/lib/python3.10/site-packages/airflow/example_dags/tutorial_taskflow_api.py
[2026-05-29T01:54:00.162+0200] {logging_mixin.py:151} INFO - [2026-05-29T01:54:00.161+0200] {dag.py:2915} INFO - Sync 1 DAGs
[2026-05-29T01:54:00.172+0200] {logging_mixin.py:151} INFO - [2026-05-29T01:54:00.172+0200] {dag.py:3696} INFO - Setting next_dagrun for tutorial_taskflow_api to None, run_after=None
[2026-05-29T01:54:00.188+0200] {processor.py:179} INFO - Processing /home/frederic/airflow_venv/lib/python3.10/site-packages/airflow/example_dags/tutorial_taskflow_api.py took 0.052 seconds
[2026-05-29T01:54:34.301+0200] {processor.py:157} INFO - Started process (PID=622508) to work on /home/frederic/airflow_venv/lib/python3.10/site-packages/airflow/example_dags/tutorial_taskflow_api.py
[2026-05-29T01:54:34.302+0200] {processor.py:829} INFO - Processing file /home/frederic/airflow_venv/lib/python3.10/site-packages/airflow/example_dags/tutorial_taskflow_api.py for tasks to queue
[2026-05-29T01:54:34.303+0200] {logging_mixin.py:151} INFO - [2026-05-29T01:54:34.303+0200] {dagbag.py:539} INFO - Filling up the DagBag from /home/frederic/airflow_venv/lib/python3.10/site-packages/airflow/example_dags/tutorial_taskflow_api.py
[2026-05-29T01:54:34.314+0200] {processor.py:839} INFO - DAG(s) dict_keys(['tutorial_taskflow_api']) retrieved from /home/frederic/airflow_venv/lib/python3.10/site-packages/airflow/example_dags/tutorial_taskflow_api.py
[2026-05-29T01:54:34.338+0200] {logging_mixin.py:151} INFO - [2026-05-29T01:54:34.338+0200] {dag.py:2915} INFO - Sync 1 DAGs
[2026-05-29T01:54:34.354+0200] {logging_mixin.py:151} INFO - [2026-05-29T01:54:34.353+0200] {dag.py:3696} INFO - Setting next_dagrun for tutorial_taskflow_api to None, run_after=None
[2026-05-29T01:54:34.386+0200] {processor.py:179} INFO - Processing /home/frederic/airflow_venv/lib/python3.10/site-packages/airflow/example_dags/tutorial_taskflow_api.py took 0.089 seconds
[2026-05-29T01:55:17.382+0200] {processor.py:157} INFO - Started process (PID=624038) to work on /home/frederic/airflow_venv/lib/python3.10/site-packages/airflow/example_dags/tutorial_taskflow_api.py
[2026-05-29T01:55:17.386+0200] {processor.py:829} INFO - Processing file /home/frederic/airflow_venv/lib/python3.10/site-packages/airflow/example_dags/tutorial_taskflow_api.py for tasks to queue
[2026-05-29T01:55:17.386+0200] {logging_mixin.py:151} INFO - [2026-05-29T01:55:17.386+0200] {dagbag.py:539} INFO - Filling up the DagBag from /home/frederic/airflow_venv/lib/python3.10/site-packages/airflow/example_dags/tutorial_taskflow_api.py
[2026-05-29T01:55:17.393+0200] {processor.py:839} INFO - DAG(s) dict_keys(['tutorial_taskflow_api']) retrieved from /home/frederic/airflow_venv/lib/python3.10/site-packages/airflow/example_dags/tutorial_taskflow_api.py
[2026-05-29T01:55:17.400+0200] {logging_mixin.py:151} INFO - [2026-05-29T01:55:17.400+0200] {dag.py:2915} INFO - Sync 1 DAGs
[2026-05-29T01:55:17.415+0200] {logging_mixin.py:151} INFO - [2026-05-29T01:55:17.414+0200] {dag.py:3696} INFO - Setting next_dagrun for tutorial_taskflow_api to None, run_after=None
[2026-05-29T01:55:17.436+0200] {processor.py:179} INFO - Processing /home/frederic/airflow_venv/lib/python3.10/site-packages/airflow/example_dags/tutorial_taskflow_api.py took 0.057 seconds
[2026-05-29T01:55:26.093+0200] {processor.py:157} INFO - Started process (PID=624305) to work on /home/frederic/airflow_venv/lib/python3.10/site-packages/airflow/example_dags/tutorial_taskflow_api.py
[2026-05-29T01:55:26.094+0200] {processor.py:829} INFO - Processing file /home/frederic/airflow_venv/lib/python3.10/site-packages/airflow/example_dags/tutorial_taskflow_api.py for tasks to queue
[2026-05-29T01:55:26.094+0200] {logging_mixin.py:151} INFO - [2026-05-29T01:55:26.094+0200] {dagbag.py:539} INFO - Filling up the DagBag from /home/frederic/airflow_venv/lib/python3.10/site-packages/airflow/example_dags/tutorial_taskflow_api.py
[2026-05-29T01:55:26.101+0200] {processor.py:839} INFO - DAG(s) dict_keys(['tutorial_taskflow_api']) retrieved from /home/frederic/airflow_venv/lib/python3.10/site-packages/airflow/example_dags/tutorial_taskflow_api.py
[2026-05-29T01:55:26.107+0200] {logging_mixin.py:151} INFO - [2026-05-29T01:55:26.107+0200] {dag.py:2915} INFO - Sync 1 DAGs
[2026-05-29T01:55:26.117+0200] {logging_mixin.py:151} INFO - [2026-05-29T01:55:26.117+0200] {dag.py:3696} INFO - Setting next_dagrun for tutorial_taskflow_api to None, run_after=None
[2026-05-29T01:55:26.136+0200] {processor.py:179} INFO - Processing /home/frederic/airflow_venv/lib/python3.10/site-packages/airflow/example_dags/tutorial_taskflow_api.py took 0.045 seconds
[2026-05-29T01:55:50.505+0200] {processor.py:157} INFO - Started process (PID=624984) to work on /home/frederic/airflow_venv/lib/python3.10/site-packages/airflow/example_dags/tutorial_taskflow_api.py
[2026-05-29T01:55:50.506+0200] {processor.py:829} INFO - Processing file /home/frederic/airflow_venv/lib/python3.10/site-packages/airflow/example_dags/tutorial_taskflow_api.py for tasks to queue
[2026-05-29T01:55:50.507+0200] {logging_mixin.py:151} INFO - [2026-05-29T01:55:50.506+0200] {dagbag.py:539} INFO - Filling up the DagBag from /home/frederic/airflow_venv/lib/python3.10/site-packages/airflow/example_dags/tutorial_taskflow_api.py
[2026-05-29T01:55:50.515+0200] {processor.py:839} INFO - DAG(s) dict_keys(['tutorial_taskflow_api']) retrieved from /home/frederic/airflow_venv/lib/python3.10/site-packages/airflow/example_dags/tutorial_taskflow_api.py
[2026-05-29T01:55:50.531+0200] {logging_mixin.py:151} INFO - [2026-05-29T01:55:50.531+0200] {dag.py:2915} INFO - Sync 1 DAGs
[2026-05-29T01:55:50.544+0200] {logging_mixin.py:151} INFO - [2026-05-29T01:55:50.544+0200] {dag.py:3696} INFO - Setting next_dagrun for tutorial_taskflow_api to None, run_after=None
[2026-05-29T01:55:50.565+0200] {processor.py:179} INFO - Processing /home/frederic/airflow_venv/lib/python3.10/site-packages/airflow/example_dags/tutorial_taskflow_api.py took 0.064 seconds
[2026-05-29T01:56:16.537+0200] {processor.py:157} INFO - Started process (PID=625918) to work on /home/frederic/airflow_venv/lib/python3.10/site-packages/airflow/example_dags/tutorial_taskflow_api.py
[2026-05-29T01:56:16.538+0200] {processor.py:829} INFO - Processing file /home/frederic/airflow_venv/lib/python3.10/site-packages/airflow/example_dags/tutorial_taskflow_api.py for tasks to queue
[2026-05-29T01:56:16.539+0200] {logging_mixin.py:151} INFO - [2026-05-29T01:56:16.539+0200] {dagbag.py:539} INFO - Filling up the DagBag from /home/frederic/airflow_venv/lib/python3.10/site-packages/airflow/example_dags/tutorial_taskflow_api.py
[2026-05-29T01:56:16.545+0200] {processor.py:839} INFO - DAG(s) dict_keys(['tutorial_taskflow_api']) retrieved from /home/frederic/airflow_venv/lib/python3.10/site-packages/airflow/example_dags/tutorial_taskflow_api.py
[2026-05-29T01:56:16.560+0200] {logging_mixin.py:151} INFO - [2026-05-29T01:56:16.559+0200] {dag.py:2915} INFO - Sync 1 DAGs
[2026-05-29T01:56:16.569+0200] {logging_mixin.py:151} INFO - [2026-05-29T01:56:16.569+0200] {dag.py:3696} INFO - Setting next_dagrun for tutorial_taskflow_api to None, run_after=None
[2026-05-29T01:56:16.585+0200] {processor.py:179} INFO - Processing /home/frederic/airflow_venv/lib/python3.10/site-packages/airflow/example_dags/tutorial_taskflow_api.py took 0.050 seconds
[2026-05-29T01:56:33.686+0200] {processor.py:157} INFO - Started process (PID=626427) to work on /home/frederic/airflow_venv/lib/python3.10/site-packages/airflow/example_dags/tutorial_taskflow_api.py
[2026-05-29T01:56:33.687+0200] {processor.py:829} INFO - Processing file /home/frederic/airflow_venv/lib/python3.10/site-packages/airflow/example_dags/tutorial_taskflow_api.py for tasks to queue
[2026-05-29T01:56:33.688+0200] {logging_mixin.py:151} INFO - [2026-05-29T01:56:33.688+0200] {dagbag.py:539} INFO - Filling up the DagBag from /home/frederic/airflow_venv/lib/python3.10/site-packages/airflow/example_dags/tutorial_taskflow_api.py
[2026-05-29T01:56:33.696+0200] {processor.py:839} INFO - DAG(s) dict_keys(['tutorial_taskflow_api']) retrieved from /home/frederic/airflow_venv/lib/python3.10/site-packages/airflow/example_dags/tutorial_taskflow_api.py
[2026-05-29T01:56:33.716+0200] {logging_mixin.py:151} INFO - [2026-05-29T01:56:33.716+0200] {dag.py:2915} INFO - Sync 1 DAGs
[2026-05-29T01:56:33.728+0200] {logging_mixin.py:151} INFO - [2026-05-29T01:56:33.727+0200] {dag.py:3696} INFO - Setting next_dagrun for tutorial_taskflow_api to None, run_after=None
[2026-05-29T01:56:33.748+0200] {processor.py:179} INFO - Processing /home/frederic/airflow_venv/lib/python3.10/site-packages/airflow/example_dags/tutorial_taskflow_api.py took 0.066 seconds
[2026-05-29T01:57:00.177+0200] {processor.py:157} INFO - Started process (PID=627271) to work on /home/frederic/airflow_venv/lib/python3.10/site-packages/airflow/example_dags/tutorial_taskflow_api.py
[2026-05-29T01:57:00.178+0200] {processor.py:829} INFO - Processing file /home/frederic/airflow_venv/lib/python3.10/site-packages/airflow/example_dags/tutorial_taskflow_api.py for tasks to queue
[2026-05-29T01:57:00.179+0200] {logging_mixin.py:151} INFO - [2026-05-29T01:57:00.179+0200] {dagbag.py:539} INFO - Filling up the DagBag from /home/frederic/airflow_venv/lib/python3.10/site-packages/airflow/example_dags/tutorial_taskflow_api.py
[2026-05-29T01:57:00.185+0200] {processor.py:839} INFO - DAG(s) dict_keys(['tutorial_taskflow_api']) retrieved from /home/frederic/airflow_venv/lib/python3.10/site-packages/airflow/example_dags/tutorial_taskflow_api.py
[2026-05-29T01:57:00.215+0200] {logging_mixin.py:151} INFO - [2026-05-29T01:57:00.214+0200] {dag.py:2915} INFO - Sync 1 DAGs
[2026-05-29T01:57:00.254+0200] {logging_mixin.py:151} INFO - [2026-05-29T01:57:00.254+0200] {dag.py:3696} INFO - Setting next_dagrun for tutorial_taskflow_api to None, run_after=None
[2026-05-29T01:57:00.290+0200] {processor.py:179} INFO - Processing /home/frederic/airflow_venv/lib/python3.10/site-packages/airflow/example_dags/tutorial_taskflow_api.py took 0.117 seconds
[2026-05-29T01:57:11.301+0200] {processor.py:157} INFO - Started process (PID=627528) to work on /home/frederic/airflow_venv/lib/python3.10/site-packages/airflow/example_dags/tutorial_taskflow_api.py
[2026-05-29T01:57:11.302+0200] {processor.py:829} INFO - Processing file /home/frederic/airflow_venv/lib/python3.10/site-packages/airflow/example_dags/tutorial_taskflow_api.py for tasks to queue
[2026-05-29T01:57:11.302+0200] {logging_mixin.py:151} INFO - [2026-05-29T01:57:11.302+0200] {dagbag.py:539} INFO - Filling up the DagBag from /home/frederic/airflow_venv/lib/python3.10/site-packages/airflow/example_dags/tutorial_taskflow_api.py
[2026-05-29T01:57:11.309+0200] {processor.py:839} INFO - DAG(s) dict_keys(['tutorial_taskflow_api']) retrieved from /home/frederic/airflow_venv/lib/python3.10/site-packages/airflow/example_dags/tutorial_taskflow_api.py
[2026-05-29T01:57:11.327+0200] {logging_mixin.py:151} INFO - [2026-05-29T01:57:11.327+0200] {dag.py:2915} INFO - Sync 1 DAGs
[2026-05-29T01:57:11.338+0200] {logging_mixin.py:151} INFO - [2026-05-29T01:57:11.338+0200] {dag.py:3696} INFO - Setting next_dagrun for tutorial_taskflow_api to None, run_after=None
[2026-05-29T01:57:11.355+0200] {processor.py:179} INFO - Processing /home/frederic/airflow_venv/lib/python3.10/site-packages/airflow/example_dags/tutorial_taskflow_api.py took 0.057 seconds
[2026-05-29T01:57:45.341+0200] {processor.py:157} INFO - Started process (PID=628946) to work on /home/frederic/airflow_venv/lib/python3.10/site-packages/airflow/example_dags/tutorial_taskflow_api.py
[2026-05-29T01:57:45.343+0200] {processor.py:829} INFO - Processing file /home/frederic/airflow_venv/lib/python3.10/site-packages/airflow/example_dags/tutorial_taskflow_api.py for tasks to queue
[2026-05-29T01:57:45.344+0200] {logging_mixin.py:151} INFO - [2026-05-29T01:57:45.344+0200] {dagbag.py:539} INFO - Filling up the DagBag from /home/frederic/airflow_venv/lib/python3.10/site-packages/airflow/example_dags/tutorial_taskflow_api.py
[2026-05-29T01:57:45.359+0200] {processor.py:839} INFO - DAG(s) dict_keys(['tutorial_taskflow_api']) retrieved from /home/frederic/airflow_venv/lib/python3.10/site-packages/airflow/example_dags/tutorial_taskflow_api.py
[2026-05-29T01:57:45.384+0200] {logging_mixin.py:151} INFO - [2026-05-29T01:57:45.383+0200] {dag.py:2915} INFO - Sync 1 DAGs
[2026-05-29T01:57:45.400+0200] {logging_mixin.py:151} INFO - [2026-05-29T01:57:45.400+0200] {dag.py:3696} INFO - Setting next_dagrun for tutorial_taskflow_api to None, run_after=None
[2026-05-29T01:57:45.421+0200] {processor.py:179} INFO - Processing /home/frederic/airflow_venv/lib/python3.10/site-packages/airflow/example_dags/tutorial_taskflow_api.py took 0.083 seconds
[2026-05-29T01:57:58.122+0200] {processor.py:157} INFO - Started process (PID=629308) to work on /home/frederic/airflow_venv/lib/python3.10/site-packages/airflow/example_dags/tutorial_taskflow_api.py
[2026-05-29T01:57:58.123+0200] {processor.py:829} INFO - Processing file /home/frederic/airflow_venv/lib/python3.10/site-packages/airflow/example_dags/tutorial_taskflow_api.py for tasks to queue
[2026-05-29T01:57:58.124+0200] {logging_mixin.py:151} INFO - [2026-05-29T01:57:58.124+0200] {dagbag.py:539} INFO - Filling up the DagBag from /home/frederic/airflow_venv/lib/python3.10/site-packages/airflow/example_dags/tutorial_taskflow_api.py
[2026-05-29T01:57:58.133+0200] {processor.py:839} INFO - DAG(s) dict_keys(['tutorial_taskflow_api']) retrieved from /home/frederic/airflow_venv/lib/python3.10/site-packages/airflow/example_dags/tutorial_taskflow_api.py
[2026-05-29T01:57:58.151+0200] {logging_mixin.py:151} INFO - [2026-05-29T01:57:58.150+0200] {dag.py:2915} INFO - Sync 1 DAGs
[2026-05-29T01:57:58.163+0200] {logging_mixin.py:151} INFO - [2026-05-29T01:57:58.163+0200] {dag.py:3696} INFO - Setting next_dagrun for tutorial_taskflow_api to None, run_after=None
[2026-05-29T01:57:58.184+0200] {processor.py:179} INFO - Processing /home/frederic/airflow_venv/lib/python3.10/site-packages/airflow/example_dags/tutorial_taskflow_api.py took 0.066 seconds
[2026-05-29T01:58:20.081+0200] {processor.py:157} INFO - Started process (PID=630025) to work on /home/frederic/airflow_venv/lib/python3.10/site-packages/airflow/example_dags/tutorial_taskflow_api.py
[2026-05-29T01:58:20.082+0200] {processor.py:829} INFO - Processing file /home/frederic/airflow_venv/lib/python3.10/site-packages/airflow/example_dags/tutorial_taskflow_api.py for tasks to queue
[2026-05-29T01:58:20.083+0200] {logging_mixin.py:151} INFO - [2026-05-29T01:58:20.082+0200] {dagbag.py:539} INFO - Filling up the DagBag from /home/frederic/airflow_venv/lib/python3.10/site-packages/airflow/example_dags/tutorial_taskflow_api.py
[2026-05-29T01:58:20.093+0200] {processor.py:839} INFO - DAG(s) dict_keys(['tutorial_taskflow_api']) retrieved from /home/frederic/airflow_venv/lib/python3.10/site-packages/airflow/example_dags/tutorial_taskflow_api.py
[2026-05-29T01:58:20.114+0200] {logging_mixin.py:151} INFO - [2026-05-29T01:58:20.114+0200] {dag.py:2915} INFO - Sync 1 DAGs
[2026-05-29T01:58:20.130+0200] {logging_mixin.py:151} INFO - [2026-05-29T01:58:20.130+0200] {dag.py:3696} INFO - Setting next_dagrun for tutorial_taskflow_api to None, run_after=None
[2026-05-29T01:58:20.151+0200] {processor.py:179} INFO - Processing /home/frederic/airflow_venv/lib/python3.10/site-packages/airflow/example_dags/tutorial_taskflow_api.py took 0.073 seconds
[2026-05-29T01:58:47.543+0200] {processor.py:157} INFO - Started process (PID=631105) to work on /home/frederic/airflow_venv/lib/python3.10/site-packages/airflow/example_dags/tutorial_taskflow_api.py
[2026-05-29T01:58:47.544+0200] {processor.py:829} INFO - Processing file /home/frederic/airflow_venv/lib/python3.10/site-packages/airflow/example_dags/tutorial_taskflow_api.py for tasks to queue
[2026-05-29T01:58:47.545+0200] {logging_mixin.py:151} INFO - [2026-05-29T01:58:47.545+0200] {dagbag.py:539} INFO - Filling up the DagBag from /home/frederic/airflow_venv/lib/python3.10/site-packages/airflow/example_dags/tutorial_taskflow_api.py
[2026-05-29T01:58:47.551+0200] {processor.py:839} INFO - DAG(s) dict_keys(['tutorial_taskflow_api']) retrieved from /home/frederic/airflow_venv/lib/python3.10/site-packages/airflow/example_dags/tutorial_taskflow_api.py
[2026-05-29T01:58:47.567+0200] {logging_mixin.py:151} INFO - [2026-05-29T01:58:47.567+0200] {dag.py:2915} INFO - Sync 1 DAGs
[2026-05-29T01:58:47.582+0200] {logging_mixin.py:151} INFO - [2026-05-29T01:58:47.582+0200] {dag.py:3696} INFO - Setting next_dagrun for tutorial_taskflow_api to None, run_after=None
[2026-05-29T01:58:47.602+0200] {processor.py:179} INFO - Processing /home/frederic/airflow_venv/lib/python3.10/site-packages/airflow/example_dags/tutorial_taskflow_api.py took 0.061 seconds
[2026-05-29T01:59:02.015+0200] {processor.py:157} INFO - Started process (PID=631520) to work on /home/frederic/airflow_venv/lib/python3.10/site-packages/airflow/example_dags/tutorial_taskflow_api.py
[2026-05-29T01:59:02.016+0200] {processor.py:829} INFO - Processing file /home/frederic/airflow_venv/lib/python3.10/site-packages/airflow/example_dags/tutorial_taskflow_api.py for tasks to queue
[2026-05-29T01:59:02.017+0200] {logging_mixin.py:151} INFO - [2026-05-29T01:59:02.017+0200] {dagbag.py:539} INFO - Filling up the DagBag from /home/frederic/airflow_venv/lib/python3.10/site-packages/airflow/example_dags/tutorial_taskflow_api.py
[2026-05-29T01:59:02.022+0200] {processor.py:839} INFO - DAG(s) dict_keys(['tutorial_taskflow_api']) retrieved from /home/frederic/airflow_venv/lib/python3.10/site-packages/airflow/example_dags/tutorial_taskflow_api.py
[2026-05-29T01:59:02.040+0200] {logging_mixin.py:151} INFO - [2026-05-29T01:59:02.039+0200] {dag.py:2915} INFO - Sync 1 DAGs
[2026-05-29T01:59:02.051+0200] {logging_mixin.py:151} INFO - [2026-05-29T01:59:02.050+0200] {dag.py:3696} INFO - Setting next_dagrun for tutorial_taskflow_api to None, run_after=None
[2026-05-29T01:59:02.073+0200] {processor.py:179} INFO - Processing /home/frederic/airflow_venv/lib/python3.10/site-packages/airflow/example_dags/tutorial_taskflow_api.py took 0.060 seconds
[2026-05-29T01:59:22.614+0200] {processor.py:157} INFO - Started process (PID=632165) to work on /home/frederic/airflow_venv/lib/python3.10/site-packages/airflow/example_dags/tutorial_taskflow_api.py
[2026-05-29T01:59:22.615+0200] {processor.py:829} INFO - Processing file /home/frederic/airflow_venv/lib/python3.10/site-packages/airflow/example_dags/tutorial_taskflow_api.py for tasks to queue
[2026-05-29T01:59:22.616+0200] {logging_mixin.py:151} INFO - [2026-05-29T01:59:22.616+0200] {dagbag.py:539} INFO - Filling up the DagBag from /home/frederic/airflow_venv/lib/python3.10/site-packages/airflow/example_dags/tutorial_taskflow_api.py
[2026-05-29T01:59:22.624+0200] {processor.py:839} INFO - DAG(s) dict_keys(['tutorial_taskflow_api']) retrieved from /home/frederic/airflow_venv/lib/python3.10/site-packages/airflow/example_dags/tutorial_taskflow_api.py
[2026-05-29T01:59:22.642+0200] {logging_mixin.py:151} INFO - [2026-05-29T01:59:22.642+0200] {dag.py:2915} INFO - Sync 1 DAGs
[2026-05-29T01:59:22.655+0200] {logging_mixin.py:151} INFO - [2026-05-29T01:59:22.655+0200] {dag.py:3696} INFO - Setting next_dagrun for tutorial_taskflow_api to None, run_after=None
[2026-05-29T01:59:22.671+0200] {processor.py:179} INFO - Processing /home/frederic/airflow_venv/lib/python3.10/site-packages/airflow/example_dags/tutorial_taskflow_api.py took 0.062 seconds
[2026-05-29T01:59:35.244+0200] {processor.py:157} INFO - Started process (PID=632440) to work on /home/frederic/airflow_venv/lib/python3.10/site-packages/airflow/example_dags/tutorial_taskflow_api.py
[2026-05-29T01:59:35.245+0200] {processor.py:829} INFO - Processing file /home/frederic/airflow_venv/lib/python3.10/site-packages/airflow/example_dags/tutorial_taskflow_api.py for tasks to queue
[2026-05-29T01:59:35.246+0200] {logging_mixin.py:151} INFO - [2026-05-29T01:59:35.245+0200] {dagbag.py:539} INFO - Filling up the DagBag from /home/frederic/airflow_venv/lib/python3.10/site-packages/airflow/example_dags/tutorial_taskflow_api.py
[2026-05-29T01:59:35.252+0200] {processor.py:839} INFO - DAG(s) dict_keys(['tutorial_taskflow_api']) retrieved from /home/frederic/airflow_venv/lib/python3.10/site-packages/airflow/example_dags/tutorial_taskflow_api.py
[2026-05-29T01:59:35.266+0200] {logging_mixin.py:151} INFO - [2026-05-29T01:59:35.266+0200] {dag.py:2915} INFO - Sync 1 DAGs
[2026-05-29T01:59:35.276+0200] {logging_mixin.py:151} INFO - [2026-05-29T01:59:35.276+0200] {dag.py:3696} INFO - Setting next_dagrun for tutorial_taskflow_api to None, run_after=None
[2026-05-29T01:59:35.297+0200] {processor.py:179} INFO - Processing /home/frederic/airflow_venv/lib/python3.10/site-packages/airflow/example_dags/tutorial_taskflow_api.py took 0.055 seconds
