[2026-05-29T01:36:40.641+0200] {processor.py:157} INFO - Started process (PID=593841) to work on /home/frederic/airflow_venv/lib/python3.10/site-packages/airflow/example_dags/tutorial_dag.py
[2026-05-29T01:36:40.642+0200] {processor.py:829} INFO - Processing file /home/frederic/airflow_venv/lib/python3.10/site-packages/airflow/example_dags/tutorial_dag.py for tasks to queue
[2026-05-29T01:36:40.642+0200] {logging_mixin.py:151} INFO - [2026-05-29T01:36:40.642+0200] {dagbag.py:539} INFO - Filling up the DagBag from /home/frederic/airflow_venv/lib/python3.10/site-packages/airflow/example_dags/tutorial_dag.py
[2026-05-29T01:36:40.649+0200] {processor.py:839} INFO - DAG(s) dict_keys(['tutorial_dag']) retrieved from /home/frederic/airflow_venv/lib/python3.10/site-packages/airflow/example_dags/tutorial_dag.py
[2026-05-29T01:36:40.731+0200] {logging_mixin.py:151} INFO - [2026-05-29T01:36:40.731+0200] {manager.py:499} INFO - Created Permission View: %s
[2026-05-29T01:36:40.739+0200] {logging_mixin.py:151} INFO - [2026-05-29T01:36:40.739+0200] {manager.py:499} INFO - Created Permission View: %s
[2026-05-29T01:36:40.745+0200] {logging_mixin.py:151} INFO - [2026-05-29T01:36:40.745+0200] {manager.py:499} INFO - Created Permission View: %s
[2026-05-29T01:36:40.745+0200] {logging_mixin.py:151} INFO - [2026-05-29T01:36:40.745+0200] {security.py:708} INFO - Not syncing DAG-level permissions for DAG 'DAG:tutorial_dag' as access control is unset.
[2026-05-29T01:36:40.746+0200] {logging_mixin.py:151} INFO - [2026-05-29T01:36:40.745+0200] {dag.py:2915} INFO - Sync 1 DAGs
[2026-05-29T01:36:40.756+0200] {logging_mixin.py:151} INFO - [2026-05-29T01:36:40.755+0200] {dag.py:2937} INFO - Creating ORM DAG for tutorial_dag
[2026-05-29T01:36:40.756+0200] {logging_mixin.py:151} INFO - [2026-05-29T01:36:40.756+0200] {dag.py:3696} INFO - Setting next_dagrun for tutorial_dag to None, run_after=None
[2026-05-29T01:36:40.770+0200] {processor.py:179} INFO - Processing /home/frederic/airflow_venv/lib/python3.10/site-packages/airflow/example_dags/tutorial_dag.py took 0.132 seconds
[2026-05-29T01:37:27.712+0200] {processor.py:157} INFO - Started process (PID=594847) to work on /home/frederic/airflow_venv/lib/python3.10/site-packages/airflow/example_dags/tutorial_dag.py
[2026-05-29T01:37:27.714+0200] {processor.py:829} INFO - Processing file /home/frederic/airflow_venv/lib/python3.10/site-packages/airflow/example_dags/tutorial_dag.py for tasks to queue
[2026-05-29T01:37:27.714+0200] {logging_mixin.py:151} INFO - [2026-05-29T01:37:27.714+0200] {dagbag.py:539} INFO - Filling up the DagBag from /home/frederic/airflow_venv/lib/python3.10/site-packages/airflow/example_dags/tutorial_dag.py
[2026-05-29T01:37:27.719+0200] {processor.py:839} INFO - DAG(s) dict_keys(['tutorial_dag']) retrieved from /home/frederic/airflow_venv/lib/python3.10/site-packages/airflow/example_dags/tutorial_dag.py
[2026-05-29T01:37:27.734+0200] {logging_mixin.py:151} INFO - [2026-05-29T01:37:27.734+0200] {dag.py:2915} INFO - Sync 1 DAGs
[2026-05-29T01:37:27.747+0200] {logging_mixin.py:151} INFO - [2026-05-29T01:37:27.746+0200] {dag.py:3696} INFO - Setting next_dagrun for tutorial_dag to None, run_after=None
[2026-05-29T01:37:27.766+0200] {processor.py:179} INFO - Processing /home/frederic/airflow_venv/lib/python3.10/site-packages/airflow/example_dags/tutorial_dag.py took 0.056 seconds
[2026-05-29T01:38:12.344+0200] {processor.py:157} INFO - Started process (PID=595636) to work on /home/frederic/airflow_venv/lib/python3.10/site-packages/airflow/example_dags/tutorial_dag.py
[2026-05-29T01:38:12.345+0200] {processor.py:829} INFO - Processing file /home/frederic/airflow_venv/lib/python3.10/site-packages/airflow/example_dags/tutorial_dag.py for tasks to queue
[2026-05-29T01:38:12.346+0200] {logging_mixin.py:151} INFO - [2026-05-29T01:38:12.346+0200] {dagbag.py:539} INFO - Filling up the DagBag from /home/frederic/airflow_venv/lib/python3.10/site-packages/airflow/example_dags/tutorial_dag.py
[2026-05-29T01:38:12.350+0200] {processor.py:839} INFO - DAG(s) dict_keys(['tutorial_dag']) retrieved from /home/frederic/airflow_venv/lib/python3.10/site-packages/airflow/example_dags/tutorial_dag.py
[2026-05-29T01:38:12.363+0200] {logging_mixin.py:151} INFO - [2026-05-29T01:38:12.362+0200] {dag.py:2915} INFO - Sync 1 DAGs
[2026-05-29T01:38:12.372+0200] {logging_mixin.py:151} INFO - [2026-05-29T01:38:12.371+0200] {dag.py:3696} INFO - Setting next_dagrun for tutorial_dag to None, run_after=None
[2026-05-29T01:38:12.385+0200] {processor.py:179} INFO - Processing /home/frederic/airflow_venv/lib/python3.10/site-packages/airflow/example_dags/tutorial_dag.py took 0.043 seconds
[2026-05-29T01:38:55.349+0200] {processor.py:157} INFO - Started process (PID=596627) to work on /home/frederic/airflow_venv/lib/python3.10/site-packages/airflow/example_dags/tutorial_dag.py
[2026-05-29T01:38:55.352+0200] {processor.py:829} INFO - Processing file /home/frederic/airflow_venv/lib/python3.10/site-packages/airflow/example_dags/tutorial_dag.py for tasks to queue
[2026-05-29T01:38:55.353+0200] {logging_mixin.py:151} INFO - [2026-05-29T01:38:55.352+0200] {dagbag.py:539} INFO - Filling up the DagBag from /home/frederic/airflow_venv/lib/python3.10/site-packages/airflow/example_dags/tutorial_dag.py
[2026-05-29T01:38:55.357+0200] {processor.py:839} INFO - DAG(s) dict_keys(['tutorial_dag']) retrieved from /home/frederic/airflow_venv/lib/python3.10/site-packages/airflow/example_dags/tutorial_dag.py
[2026-05-29T01:38:55.369+0200] {logging_mixin.py:151} INFO - [2026-05-29T01:38:55.368+0200] {dag.py:2915} INFO - Sync 1 DAGs
[2026-05-29T01:38:55.378+0200] {logging_mixin.py:151} INFO - [2026-05-29T01:38:55.378+0200] {dag.py:3696} INFO - Setting next_dagrun for tutorial_dag to None, run_after=None
[2026-05-29T01:38:55.392+0200] {processor.py:179} INFO - Processing /home/frederic/airflow_venv/lib/python3.10/site-packages/airflow/example_dags/tutorial_dag.py took 0.046 seconds
[2026-05-29T01:39:41.929+0200] {processor.py:157} INFO - Started process (PID=597736) to work on /home/frederic/airflow_venv/lib/python3.10/site-packages/airflow/example_dags/tutorial_dag.py
[2026-05-29T01:39:41.932+0200] {processor.py:829} INFO - Processing file /home/frederic/airflow_venv/lib/python3.10/site-packages/airflow/example_dags/tutorial_dag.py for tasks to queue
[2026-05-29T01:39:41.934+0200] {logging_mixin.py:151} INFO - [2026-05-29T01:39:41.933+0200] {dagbag.py:539} INFO - Filling up the DagBag from /home/frederic/airflow_venv/lib/python3.10/site-packages/airflow/example_dags/tutorial_dag.py
[2026-05-29T01:39:41.939+0200] {processor.py:839} INFO - DAG(s) dict_keys(['tutorial_dag']) retrieved from /home/frederic/airflow_venv/lib/python3.10/site-packages/airflow/example_dags/tutorial_dag.py
[2026-05-29T01:39:41.963+0200] {logging_mixin.py:151} INFO - [2026-05-29T01:39:41.962+0200] {dag.py:2915} INFO - Sync 1 DAGs
[2026-05-29T01:39:41.985+0200] {logging_mixin.py:151} INFO - [2026-05-29T01:39:41.985+0200] {dag.py:3696} INFO - Setting next_dagrun for tutorial_dag to None, run_after=None
[2026-05-29T01:39:42.010+0200] {processor.py:179} INFO - Processing /home/frederic/airflow_venv/lib/python3.10/site-packages/airflow/example_dags/tutorial_dag.py took 0.084 seconds
[2026-05-29T01:40:31.292+0200] {processor.py:157} INFO - Started process (PID=599033) to work on /home/frederic/airflow_venv/lib/python3.10/site-packages/airflow/example_dags/tutorial_dag.py
[2026-05-29T01:40:31.295+0200] {processor.py:829} INFO - Processing file /home/frederic/airflow_venv/lib/python3.10/site-packages/airflow/example_dags/tutorial_dag.py for tasks to queue
[2026-05-29T01:40:31.296+0200] {logging_mixin.py:151} INFO - [2026-05-29T01:40:31.296+0200] {dagbag.py:539} INFO - Filling up the DagBag from /home/frederic/airflow_venv/lib/python3.10/site-packages/airflow/example_dags/tutorial_dag.py
[2026-05-29T01:40:31.300+0200] {processor.py:839} INFO - DAG(s) dict_keys(['tutorial_dag']) retrieved from /home/frederic/airflow_venv/lib/python3.10/site-packages/airflow/example_dags/tutorial_dag.py
[2026-05-29T01:40:31.316+0200] {logging_mixin.py:151} INFO - [2026-05-29T01:40:31.316+0200] {dag.py:2915} INFO - Sync 1 DAGs
[2026-05-29T01:40:31.325+0200] {logging_mixin.py:151} INFO - [2026-05-29T01:40:31.325+0200] {dag.py:3696} INFO - Setting next_dagrun for tutorial_dag to None, run_after=None
[2026-05-29T01:40:31.343+0200] {processor.py:179} INFO - Processing /home/frederic/airflow_venv/lib/python3.10/site-packages/airflow/example_dags/tutorial_dag.py took 0.053 seconds
[2026-05-29T01:41:14.471+0200] {processor.py:157} INFO - Started process (PID=599885) to work on /home/frederic/airflow_venv/lib/python3.10/site-packages/airflow/example_dags/tutorial_dag.py
[2026-05-29T01:41:14.475+0200] {processor.py:829} INFO - Processing file /home/frederic/airflow_venv/lib/python3.10/site-packages/airflow/example_dags/tutorial_dag.py for tasks to queue
[2026-05-29T01:41:14.475+0200] {logging_mixin.py:151} INFO - [2026-05-29T01:41:14.475+0200] {dagbag.py:539} INFO - Filling up the DagBag from /home/frederic/airflow_venv/lib/python3.10/site-packages/airflow/example_dags/tutorial_dag.py
[2026-05-29T01:41:14.480+0200] {processor.py:839} INFO - DAG(s) dict_keys(['tutorial_dag']) retrieved from /home/frederic/airflow_venv/lib/python3.10/site-packages/airflow/example_dags/tutorial_dag.py
[2026-05-29T01:41:14.493+0200] {logging_mixin.py:151} INFO - [2026-05-29T01:41:14.493+0200] {dag.py:2915} INFO - Sync 1 DAGs
[2026-05-29T01:41:14.504+0200] {logging_mixin.py:151} INFO - [2026-05-29T01:41:14.503+0200] {dag.py:3696} INFO - Setting next_dagrun for tutorial_dag to None, run_after=None
[2026-05-29T01:41:14.519+0200] {processor.py:179} INFO - Processing /home/frederic/airflow_venv/lib/python3.10/site-packages/airflow/example_dags/tutorial_dag.py took 0.050 seconds
[2026-05-29T01:41:56.728+0200] {processor.py:157} INFO - Started process (PID=601068) to work on /home/frederic/airflow_venv/lib/python3.10/site-packages/airflow/example_dags/tutorial_dag.py
[2026-05-29T01:41:56.731+0200] {processor.py:829} INFO - Processing file /home/frederic/airflow_venv/lib/python3.10/site-packages/airflow/example_dags/tutorial_dag.py for tasks to queue
[2026-05-29T01:41:56.732+0200] {logging_mixin.py:151} INFO - [2026-05-29T01:41:56.732+0200] {dagbag.py:539} INFO - Filling up the DagBag from /home/frederic/airflow_venv/lib/python3.10/site-packages/airflow/example_dags/tutorial_dag.py
[2026-05-29T01:41:56.737+0200] {processor.py:839} INFO - DAG(s) dict_keys(['tutorial_dag']) retrieved from /home/frederic/airflow_venv/lib/python3.10/site-packages/airflow/example_dags/tutorial_dag.py
[2026-05-29T01:41:56.750+0200] {logging_mixin.py:151} INFO - [2026-05-29T01:41:56.750+0200] {dag.py:2915} INFO - Sync 1 DAGs
[2026-05-29T01:41:56.759+0200] {logging_mixin.py:151} INFO - [2026-05-29T01:41:56.759+0200] {dag.py:3696} INFO - Setting next_dagrun for tutorial_dag to None, run_after=None
[2026-05-29T01:41:56.774+0200] {processor.py:179} INFO - Processing /home/frederic/airflow_venv/lib/python3.10/site-packages/airflow/example_dags/tutorial_dag.py took 0.049 seconds
[2026-05-29T01:42:43.012+0200] {processor.py:157} INFO - Started process (PID=601921) to work on /home/frederic/airflow_venv/lib/python3.10/site-packages/airflow/example_dags/tutorial_dag.py
[2026-05-29T01:42:43.013+0200] {processor.py:829} INFO - Processing file /home/frederic/airflow_venv/lib/python3.10/site-packages/airflow/example_dags/tutorial_dag.py for tasks to queue
[2026-05-29T01:42:43.013+0200] {logging_mixin.py:151} INFO - [2026-05-29T01:42:43.013+0200] {dagbag.py:539} INFO - Filling up the DagBag from /home/frederic/airflow_venv/lib/python3.10/site-packages/airflow/example_dags/tutorial_dag.py
[2026-05-29T01:42:43.018+0200] {processor.py:839} INFO - DAG(s) dict_keys(['tutorial_dag']) retrieved from /home/frederic/airflow_venv/lib/python3.10/site-packages/airflow/example_dags/tutorial_dag.py
[2026-05-29T01:42:43.035+0200] {logging_mixin.py:151} INFO - [2026-05-29T01:42:43.035+0200] {dag.py:2915} INFO - Sync 1 DAGs
[2026-05-29T01:42:43.045+0200] {logging_mixin.py:151} INFO - [2026-05-29T01:42:43.045+0200] {dag.py:3696} INFO - Setting next_dagrun for tutorial_dag to None, run_after=None
[2026-05-29T01:42:43.064+0200] {processor.py:179} INFO - Processing /home/frederic/airflow_venv/lib/python3.10/site-packages/airflow/example_dags/tutorial_dag.py took 0.054 seconds
[2026-05-29T01:43:16.168+0200] {processor.py:157} INFO - Started process (PID=602496) to work on /home/frederic/airflow_venv/lib/python3.10/site-packages/airflow/example_dags/tutorial_dag.py
[2026-05-29T01:43:16.172+0200] {processor.py:829} INFO - Processing file /home/frederic/airflow_venv/lib/python3.10/site-packages/airflow/example_dags/tutorial_dag.py for tasks to queue
[2026-05-29T01:43:16.172+0200] {logging_mixin.py:151} INFO - [2026-05-29T01:43:16.172+0200] {dagbag.py:539} INFO - Filling up the DagBag from /home/frederic/airflow_venv/lib/python3.10/site-packages/airflow/example_dags/tutorial_dag.py
[2026-05-29T01:43:16.177+0200] {processor.py:839} INFO - DAG(s) dict_keys(['tutorial_dag']) retrieved from /home/frederic/airflow_venv/lib/python3.10/site-packages/airflow/example_dags/tutorial_dag.py
[2026-05-29T01:43:16.191+0200] {logging_mixin.py:151} INFO - [2026-05-29T01:43:16.190+0200] {dag.py:2915} INFO - Sync 1 DAGs
[2026-05-29T01:43:16.200+0200] {logging_mixin.py:151} INFO - [2026-05-29T01:43:16.200+0200] {dag.py:3696} INFO - Setting next_dagrun for tutorial_dag to None, run_after=None
[2026-05-29T01:43:16.217+0200] {processor.py:179} INFO - Processing /home/frederic/airflow_venv/lib/python3.10/site-packages/airflow/example_dags/tutorial_dag.py took 0.051 seconds
[2026-05-29T01:44:04.126+0200] {processor.py:157} INFO - Started process (PID=603341) to work on /home/frederic/airflow_venv/lib/python3.10/site-packages/airflow/example_dags/tutorial_dag.py
[2026-05-29T01:44:04.128+0200] {processor.py:829} INFO - Processing file /home/frederic/airflow_venv/lib/python3.10/site-packages/airflow/example_dags/tutorial_dag.py for tasks to queue
[2026-05-29T01:44:04.129+0200] {logging_mixin.py:151} INFO - [2026-05-29T01:44:04.128+0200] {dagbag.py:539} INFO - Filling up the DagBag from /home/frederic/airflow_venv/lib/python3.10/site-packages/airflow/example_dags/tutorial_dag.py
[2026-05-29T01:44:04.134+0200] {processor.py:839} INFO - DAG(s) dict_keys(['tutorial_dag']) retrieved from /home/frederic/airflow_venv/lib/python3.10/site-packages/airflow/example_dags/tutorial_dag.py
[2026-05-29T01:44:04.148+0200] {logging_mixin.py:151} INFO - [2026-05-29T01:44:04.147+0200] {dag.py:2915} INFO - Sync 1 DAGs
[2026-05-29T01:44:04.159+0200] {logging_mixin.py:151} INFO - [2026-05-29T01:44:04.159+0200] {dag.py:3696} INFO - Setting next_dagrun for tutorial_dag to None, run_after=None
[2026-05-29T01:44:04.178+0200] {processor.py:179} INFO - Processing /home/frederic/airflow_venv/lib/python3.10/site-packages/airflow/example_dags/tutorial_dag.py took 0.055 seconds
[2026-05-29T01:44:38.446+0200] {processor.py:157} INFO - Started process (PID=604011) to work on /home/frederic/airflow_venv/lib/python3.10/site-packages/airflow/example_dags/tutorial_dag.py
[2026-05-29T01:44:38.449+0200] {processor.py:829} INFO - Processing file /home/frederic/airflow_venv/lib/python3.10/site-packages/airflow/example_dags/tutorial_dag.py for tasks to queue
[2026-05-29T01:44:38.450+0200] {logging_mixin.py:151} INFO - [2026-05-29T01:44:38.450+0200] {dagbag.py:539} INFO - Filling up the DagBag from /home/frederic/airflow_venv/lib/python3.10/site-packages/airflow/example_dags/tutorial_dag.py
[2026-05-29T01:44:38.454+0200] {processor.py:839} INFO - DAG(s) dict_keys(['tutorial_dag']) retrieved from /home/frederic/airflow_venv/lib/python3.10/site-packages/airflow/example_dags/tutorial_dag.py
[2026-05-29T01:44:38.469+0200] {logging_mixin.py:151} INFO - [2026-05-29T01:44:38.469+0200] {dag.py:2915} INFO - Sync 1 DAGs
[2026-05-29T01:44:38.480+0200] {logging_mixin.py:151} INFO - [2026-05-29T01:44:38.479+0200] {dag.py:3696} INFO - Setting next_dagrun for tutorial_dag to None, run_after=None
[2026-05-29T01:44:38.496+0200] {processor.py:179} INFO - Processing /home/frederic/airflow_venv/lib/python3.10/site-packages/airflow/example_dags/tutorial_dag.py took 0.052 seconds
[2026-05-29T01:45:24.218+0200] {processor.py:157} INFO - Started process (PID=605835) to work on /home/frederic/airflow_venv/lib/python3.10/site-packages/airflow/example_dags/tutorial_dag.py
[2026-05-29T01:45:24.219+0200] {processor.py:829} INFO - Processing file /home/frederic/airflow_venv/lib/python3.10/site-packages/airflow/example_dags/tutorial_dag.py for tasks to queue
[2026-05-29T01:45:24.221+0200] {logging_mixin.py:151} INFO - [2026-05-29T01:45:24.220+0200] {dagbag.py:539} INFO - Filling up the DagBag from /home/frederic/airflow_venv/lib/python3.10/site-packages/airflow/example_dags/tutorial_dag.py
[2026-05-29T01:45:24.227+0200] {processor.py:839} INFO - DAG(s) dict_keys(['tutorial_dag']) retrieved from /home/frederic/airflow_venv/lib/python3.10/site-packages/airflow/example_dags/tutorial_dag.py
[2026-05-29T01:45:24.247+0200] {logging_mixin.py:151} INFO - [2026-05-29T01:45:24.246+0200] {dag.py:2915} INFO - Sync 1 DAGs
[2026-05-29T01:45:24.261+0200] {logging_mixin.py:151} INFO - [2026-05-29T01:45:24.261+0200] {dag.py:3696} INFO - Setting next_dagrun for tutorial_dag to None, run_after=None
[2026-05-29T01:45:24.282+0200] {processor.py:179} INFO - Processing /home/frederic/airflow_venv/lib/python3.10/site-packages/airflow/example_dags/tutorial_dag.py took 0.067 seconds
[2026-05-29T01:46:00.228+0200] {processor.py:157} INFO - Started process (PID=607556) to work on /home/frederic/airflow_venv/lib/python3.10/site-packages/airflow/example_dags/tutorial_dag.py
[2026-05-29T01:46:00.229+0200] {processor.py:829} INFO - Processing file /home/frederic/airflow_venv/lib/python3.10/site-packages/airflow/example_dags/tutorial_dag.py for tasks to queue
[2026-05-29T01:46:00.235+0200] {logging_mixin.py:151} INFO - [2026-05-29T01:46:00.235+0200] {dagbag.py:539} INFO - Filling up the DagBag from /home/frederic/airflow_venv/lib/python3.10/site-packages/airflow/example_dags/tutorial_dag.py
[2026-05-29T01:46:00.248+0200] {processor.py:839} INFO - DAG(s) dict_keys(['tutorial_dag']) retrieved from /home/frederic/airflow_venv/lib/python3.10/site-packages/airflow/example_dags/tutorial_dag.py
[2026-05-29T01:46:00.300+0200] {logging_mixin.py:151} INFO - [2026-05-29T01:46:00.300+0200] {dag.py:2915} INFO - Sync 1 DAGs
[2026-05-29T01:46:00.344+0200] {logging_mixin.py:151} INFO - [2026-05-29T01:46:00.344+0200] {dag.py:3696} INFO - Setting next_dagrun for tutorial_dag to None, run_after=None
[2026-05-29T01:46:00.386+0200] {processor.py:179} INFO - Processing /home/frederic/airflow_venv/lib/python3.10/site-packages/airflow/example_dags/tutorial_dag.py took 0.163 seconds
[2026-05-29T01:46:34.607+0200] {processor.py:157} INFO - Started process (PID=608826) to work on /home/frederic/airflow_venv/lib/python3.10/site-packages/airflow/example_dags/tutorial_dag.py
[2026-05-29T01:46:34.608+0200] {processor.py:829} INFO - Processing file /home/frederic/airflow_venv/lib/python3.10/site-packages/airflow/example_dags/tutorial_dag.py for tasks to queue
[2026-05-29T01:46:34.609+0200] {logging_mixin.py:151} INFO - [2026-05-29T01:46:34.609+0200] {dagbag.py:539} INFO - Filling up the DagBag from /home/frederic/airflow_venv/lib/python3.10/site-packages/airflow/example_dags/tutorial_dag.py
[2026-05-29T01:46:34.613+0200] {processor.py:839} INFO - DAG(s) dict_keys(['tutorial_dag']) retrieved from /home/frederic/airflow_venv/lib/python3.10/site-packages/airflow/example_dags/tutorial_dag.py
[2026-05-29T01:46:34.628+0200] {logging_mixin.py:151} INFO - [2026-05-29T01:46:34.628+0200] {dag.py:2915} INFO - Sync 1 DAGs
[2026-05-29T01:46:34.639+0200] {logging_mixin.py:151} INFO - [2026-05-29T01:46:34.639+0200] {dag.py:3696} INFO - Setting next_dagrun for tutorial_dag to None, run_after=None
[2026-05-29T01:46:34.655+0200] {processor.py:179} INFO - Processing /home/frederic/airflow_venv/lib/python3.10/site-packages/airflow/example_dags/tutorial_dag.py took 0.050 seconds
[2026-05-29T01:47:18.069+0200] {processor.py:157} INFO - Started process (PID=610059) to work on /home/frederic/airflow_venv/lib/python3.10/site-packages/airflow/example_dags/tutorial_dag.py
[2026-05-29T01:47:18.070+0200] {processor.py:829} INFO - Processing file /home/frederic/airflow_venv/lib/python3.10/site-packages/airflow/example_dags/tutorial_dag.py for tasks to queue
[2026-05-29T01:47:18.071+0200] {logging_mixin.py:151} INFO - [2026-05-29T01:47:18.071+0200] {dagbag.py:539} INFO - Filling up the DagBag from /home/frederic/airflow_venv/lib/python3.10/site-packages/airflow/example_dags/tutorial_dag.py
[2026-05-29T01:47:18.076+0200] {processor.py:839} INFO - DAG(s) dict_keys(['tutorial_dag']) retrieved from /home/frederic/airflow_venv/lib/python3.10/site-packages/airflow/example_dags/tutorial_dag.py
[2026-05-29T01:47:18.095+0200] {logging_mixin.py:151} INFO - [2026-05-29T01:47:18.095+0200] {dag.py:2915} INFO - Sync 1 DAGs
[2026-05-29T01:47:18.108+0200] {logging_mixin.py:151} INFO - [2026-05-29T01:47:18.108+0200] {dag.py:3696} INFO - Setting next_dagrun for tutorial_dag to None, run_after=None
[2026-05-29T01:47:18.125+0200] {processor.py:179} INFO - Processing /home/frederic/airflow_venv/lib/python3.10/site-packages/airflow/example_dags/tutorial_dag.py took 0.059 seconds
[2026-05-29T01:48:00.887+0200] {processor.py:157} INFO - Started process (PID=611336) to work on /home/frederic/airflow_venv/lib/python3.10/site-packages/airflow/example_dags/tutorial_dag.py
[2026-05-29T01:48:00.888+0200] {processor.py:829} INFO - Processing file /home/frederic/airflow_venv/lib/python3.10/site-packages/airflow/example_dags/tutorial_dag.py for tasks to queue
[2026-05-29T01:48:00.888+0200] {logging_mixin.py:151} INFO - [2026-05-29T01:48:00.888+0200] {dagbag.py:539} INFO - Filling up the DagBag from /home/frederic/airflow_venv/lib/python3.10/site-packages/airflow/example_dags/tutorial_dag.py
[2026-05-29T01:48:00.892+0200] {processor.py:839} INFO - DAG(s) dict_keys(['tutorial_dag']) retrieved from /home/frederic/airflow_venv/lib/python3.10/site-packages/airflow/example_dags/tutorial_dag.py
[2026-05-29T01:48:00.905+0200] {logging_mixin.py:151} INFO - [2026-05-29T01:48:00.904+0200] {dag.py:2915} INFO - Sync 1 DAGs
[2026-05-29T01:48:00.914+0200] {logging_mixin.py:151} INFO - [2026-05-29T01:48:00.914+0200] {dag.py:3696} INFO - Setting next_dagrun for tutorial_dag to None, run_after=None
[2026-05-29T01:48:00.930+0200] {processor.py:179} INFO - Processing /home/frederic/airflow_venv/lib/python3.10/site-packages/airflow/example_dags/tutorial_dag.py took 0.046 seconds
[2026-05-29T01:48:34.576+0200] {processor.py:157} INFO - Started process (PID=612301) to work on /home/frederic/airflow_venv/lib/python3.10/site-packages/airflow/example_dags/tutorial_dag.py
[2026-05-29T01:48:34.577+0200] {processor.py:829} INFO - Processing file /home/frederic/airflow_venv/lib/python3.10/site-packages/airflow/example_dags/tutorial_dag.py for tasks to queue
[2026-05-29T01:48:34.578+0200] {logging_mixin.py:151} INFO - [2026-05-29T01:48:34.578+0200] {dagbag.py:539} INFO - Filling up the DagBag from /home/frederic/airflow_venv/lib/python3.10/site-packages/airflow/example_dags/tutorial_dag.py
[2026-05-29T01:48:34.583+0200] {processor.py:839} INFO - DAG(s) dict_keys(['tutorial_dag']) retrieved from /home/frederic/airflow_venv/lib/python3.10/site-packages/airflow/example_dags/tutorial_dag.py
[2026-05-29T01:48:34.602+0200] {logging_mixin.py:151} INFO - [2026-05-29T01:48:34.602+0200] {dag.py:2915} INFO - Sync 1 DAGs
[2026-05-29T01:48:34.616+0200] {logging_mixin.py:151} INFO - [2026-05-29T01:48:34.616+0200] {dag.py:3696} INFO - Setting next_dagrun for tutorial_dag to None, run_after=None
[2026-05-29T01:48:34.638+0200] {processor.py:179} INFO - Processing /home/frederic/airflow_venv/lib/python3.10/site-packages/airflow/example_dags/tutorial_dag.py took 0.066 seconds
[2026-05-29T01:49:18.216+0200] {processor.py:157} INFO - Started process (PID=613403) to work on /home/frederic/airflow_venv/lib/python3.10/site-packages/airflow/example_dags/tutorial_dag.py
[2026-05-29T01:49:18.220+0200] {processor.py:829} INFO - Processing file /home/frederic/airflow_venv/lib/python3.10/site-packages/airflow/example_dags/tutorial_dag.py for tasks to queue
[2026-05-29T01:49:18.220+0200] {logging_mixin.py:151} INFO - [2026-05-29T01:49:18.220+0200] {dagbag.py:539} INFO - Filling up the DagBag from /home/frederic/airflow_venv/lib/python3.10/site-packages/airflow/example_dags/tutorial_dag.py
[2026-05-29T01:49:18.225+0200] {processor.py:839} INFO - DAG(s) dict_keys(['tutorial_dag']) retrieved from /home/frederic/airflow_venv/lib/python3.10/site-packages/airflow/example_dags/tutorial_dag.py
[2026-05-29T01:49:18.239+0200] {logging_mixin.py:151} INFO - [2026-05-29T01:49:18.239+0200] {dag.py:2915} INFO - Sync 1 DAGs
[2026-05-29T01:49:18.249+0200] {logging_mixin.py:151} INFO - [2026-05-29T01:49:18.249+0200] {dag.py:3696} INFO - Setting next_dagrun for tutorial_dag to None, run_after=None
[2026-05-29T01:49:18.271+0200] {processor.py:179} INFO - Processing /home/frederic/airflow_venv/lib/python3.10/site-packages/airflow/example_dags/tutorial_dag.py took 0.057 seconds
[2026-05-29T01:50:01.599+0200] {processor.py:157} INFO - Started process (PID=614607) to work on /home/frederic/airflow_venv/lib/python3.10/site-packages/airflow/example_dags/tutorial_dag.py
[2026-05-29T01:50:01.600+0200] {processor.py:829} INFO - Processing file /home/frederic/airflow_venv/lib/python3.10/site-packages/airflow/example_dags/tutorial_dag.py for tasks to queue
[2026-05-29T01:50:01.600+0200] {logging_mixin.py:151} INFO - [2026-05-29T01:50:01.600+0200] {dagbag.py:539} INFO - Filling up the DagBag from /home/frederic/airflow_venv/lib/python3.10/site-packages/airflow/example_dags/tutorial_dag.py
[2026-05-29T01:50:01.604+0200] {processor.py:839} INFO - DAG(s) dict_keys(['tutorial_dag']) retrieved from /home/frederic/airflow_venv/lib/python3.10/site-packages/airflow/example_dags/tutorial_dag.py
[2026-05-29T01:50:01.616+0200] {logging_mixin.py:151} INFO - [2026-05-29T01:50:01.616+0200] {dag.py:2915} INFO - Sync 1 DAGs
[2026-05-29T01:50:01.626+0200] {logging_mixin.py:151} INFO - [2026-05-29T01:50:01.626+0200] {dag.py:3696} INFO - Setting next_dagrun for tutorial_dag to None, run_after=None
[2026-05-29T01:50:01.642+0200] {processor.py:179} INFO - Processing /home/frederic/airflow_venv/lib/python3.10/site-packages/airflow/example_dags/tutorial_dag.py took 0.045 seconds
[2026-05-29T01:50:40.747+0200] {processor.py:157} INFO - Started process (PID=615889) to work on /home/frederic/airflow_venv/lib/python3.10/site-packages/airflow/example_dags/tutorial_dag.py
[2026-05-29T01:50:40.750+0200] {processor.py:829} INFO - Processing file /home/frederic/airflow_venv/lib/python3.10/site-packages/airflow/example_dags/tutorial_dag.py for tasks to queue
[2026-05-29T01:50:40.751+0200] {logging_mixin.py:151} INFO - [2026-05-29T01:50:40.750+0200] {dagbag.py:539} INFO - Filling up the DagBag from /home/frederic/airflow_venv/lib/python3.10/site-packages/airflow/example_dags/tutorial_dag.py
[2026-05-29T01:50:40.754+0200] {processor.py:839} INFO - DAG(s) dict_keys(['tutorial_dag']) retrieved from /home/frederic/airflow_venv/lib/python3.10/site-packages/airflow/example_dags/tutorial_dag.py
[2026-05-29T01:50:40.767+0200] {logging_mixin.py:151} INFO - [2026-05-29T01:50:40.767+0200] {dag.py:2915} INFO - Sync 1 DAGs
[2026-05-29T01:50:40.777+0200] {logging_mixin.py:151} INFO - [2026-05-29T01:50:40.777+0200] {dag.py:3696} INFO - Setting next_dagrun for tutorial_dag to None, run_after=None
[2026-05-29T01:50:40.795+0200] {processor.py:179} INFO - Processing /home/frederic/airflow_venv/lib/python3.10/site-packages/airflow/example_dags/tutorial_dag.py took 0.050 seconds
[2026-05-29T01:51:23.018+0200] {processor.py:157} INFO - Started process (PID=616900) to work on /home/frederic/airflow_venv/lib/python3.10/site-packages/airflow/example_dags/tutorial_dag.py
[2026-05-29T01:51:23.019+0200] {processor.py:829} INFO - Processing file /home/frederic/airflow_venv/lib/python3.10/site-packages/airflow/example_dags/tutorial_dag.py for tasks to queue
[2026-05-29T01:51:23.020+0200] {logging_mixin.py:151} INFO - [2026-05-29T01:51:23.020+0200] {dagbag.py:539} INFO - Filling up the DagBag from /home/frederic/airflow_venv/lib/python3.10/site-packages/airflow/example_dags/tutorial_dag.py
[2026-05-29T01:51:23.024+0200] {processor.py:839} INFO - DAG(s) dict_keys(['tutorial_dag']) retrieved from /home/frederic/airflow_venv/lib/python3.10/site-packages/airflow/example_dags/tutorial_dag.py
[2026-05-29T01:51:23.038+0200] {logging_mixin.py:151} INFO - [2026-05-29T01:51:23.038+0200] {dag.py:2915} INFO - Sync 1 DAGs
[2026-05-29T01:51:23.048+0200] {logging_mixin.py:151} INFO - [2026-05-29T01:51:23.048+0200] {dag.py:3696} INFO - Setting next_dagrun for tutorial_dag to None, run_after=None
[2026-05-29T01:51:23.062+0200] {processor.py:179} INFO - Processing /home/frederic/airflow_venv/lib/python3.10/site-packages/airflow/example_dags/tutorial_dag.py took 0.046 seconds
[2026-05-29T01:51:57.237+0200] {processor.py:157} INFO - Started process (PID=617786) to work on /home/frederic/airflow_venv/lib/python3.10/site-packages/airflow/example_dags/tutorial_dag.py
[2026-05-29T01:51:57.240+0200] {processor.py:829} INFO - Processing file /home/frederic/airflow_venv/lib/python3.10/site-packages/airflow/example_dags/tutorial_dag.py for tasks to queue
[2026-05-29T01:51:57.241+0200] {logging_mixin.py:151} INFO - [2026-05-29T01:51:57.241+0200] {dagbag.py:539} INFO - Filling up the DagBag from /home/frederic/airflow_venv/lib/python3.10/site-packages/airflow/example_dags/tutorial_dag.py
[2026-05-29T01:51:57.246+0200] {processor.py:839} INFO - DAG(s) dict_keys(['tutorial_dag']) retrieved from /home/frederic/airflow_venv/lib/python3.10/site-packages/airflow/example_dags/tutorial_dag.py
[2026-05-29T01:51:57.259+0200] {logging_mixin.py:151} INFO - [2026-05-29T01:51:57.259+0200] {dag.py:2915} INFO - Sync 1 DAGs
[2026-05-29T01:51:57.271+0200] {logging_mixin.py:151} INFO - [2026-05-29T01:51:57.271+0200] {dag.py:3696} INFO - Setting next_dagrun for tutorial_dag to None, run_after=None
[2026-05-29T01:51:57.287+0200] {processor.py:179} INFO - Processing /home/frederic/airflow_venv/lib/python3.10/site-packages/airflow/example_dags/tutorial_dag.py took 0.053 seconds
[2026-05-29T01:52:30.715+0200] {processor.py:157} INFO - Started process (PID=618597) to work on /home/frederic/airflow_venv/lib/python3.10/site-packages/airflow/example_dags/tutorial_dag.py
[2026-05-29T01:52:30.716+0200] {processor.py:829} INFO - Processing file /home/frederic/airflow_venv/lib/python3.10/site-packages/airflow/example_dags/tutorial_dag.py for tasks to queue
[2026-05-29T01:52:30.717+0200] {logging_mixin.py:151} INFO - [2026-05-29T01:52:30.716+0200] {dagbag.py:539} INFO - Filling up the DagBag from /home/frederic/airflow_venv/lib/python3.10/site-packages/airflow/example_dags/tutorial_dag.py
[2026-05-29T01:52:30.721+0200] {processor.py:839} INFO - DAG(s) dict_keys(['tutorial_dag']) retrieved from /home/frederic/airflow_venv/lib/python3.10/site-packages/airflow/example_dags/tutorial_dag.py
[2026-05-29T01:52:30.733+0200] {logging_mixin.py:151} INFO - [2026-05-29T01:52:30.733+0200] {dag.py:2915} INFO - Sync 1 DAGs
[2026-05-29T01:52:30.743+0200] {logging_mixin.py:151} INFO - [2026-05-29T01:52:30.743+0200] {dag.py:3696} INFO - Setting next_dagrun for tutorial_dag to None, run_after=None
[2026-05-29T01:52:30.759+0200] {processor.py:179} INFO - Processing /home/frederic/airflow_venv/lib/python3.10/site-packages/airflow/example_dags/tutorial_dag.py took 0.046 seconds
[2026-05-29T01:53:16.145+0200] {processor.py:157} INFO - Started process (PID=620219) to work on /home/frederic/airflow_venv/lib/python3.10/site-packages/airflow/example_dags/tutorial_dag.py
[2026-05-29T01:53:16.146+0200] {processor.py:829} INFO - Processing file /home/frederic/airflow_venv/lib/python3.10/site-packages/airflow/example_dags/tutorial_dag.py for tasks to queue
[2026-05-29T01:53:16.147+0200] {logging_mixin.py:151} INFO - [2026-05-29T01:53:16.147+0200] {dagbag.py:539} INFO - Filling up the DagBag from /home/frederic/airflow_venv/lib/python3.10/site-packages/airflow/example_dags/tutorial_dag.py
[2026-05-29T01:53:16.154+0200] {processor.py:839} INFO - DAG(s) dict_keys(['tutorial_dag']) retrieved from /home/frederic/airflow_venv/lib/python3.10/site-packages/airflow/example_dags/tutorial_dag.py
[2026-05-29T01:53:16.173+0200] {logging_mixin.py:151} INFO - [2026-05-29T01:53:16.173+0200] {dag.py:2915} INFO - Sync 1 DAGs
[2026-05-29T01:53:16.186+0200] {logging_mixin.py:151} INFO - [2026-05-29T01:53:16.186+0200] {dag.py:3696} INFO - Setting next_dagrun for tutorial_dag to None, run_after=None
[2026-05-29T01:53:16.207+0200] {processor.py:179} INFO - Processing /home/frederic/airflow_venv/lib/python3.10/site-packages/airflow/example_dags/tutorial_dag.py took 0.064 seconds
[2026-05-29T01:54:01.277+0200] {processor.py:157} INFO - Started process (PID=621328) to work on /home/frederic/airflow_venv/lib/python3.10/site-packages/airflow/example_dags/tutorial_dag.py
[2026-05-29T01:54:01.278+0200] {processor.py:829} INFO - Processing file /home/frederic/airflow_venv/lib/python3.10/site-packages/airflow/example_dags/tutorial_dag.py for tasks to queue
[2026-05-29T01:54:01.279+0200] {logging_mixin.py:151} INFO - [2026-05-29T01:54:01.279+0200] {dagbag.py:539} INFO - Filling up the DagBag from /home/frederic/airflow_venv/lib/python3.10/site-packages/airflow/example_dags/tutorial_dag.py
[2026-05-29T01:54:01.283+0200] {processor.py:839} INFO - DAG(s) dict_keys(['tutorial_dag']) retrieved from /home/frederic/airflow_venv/lib/python3.10/site-packages/airflow/example_dags/tutorial_dag.py
[2026-05-29T01:54:01.296+0200] {logging_mixin.py:151} INFO - [2026-05-29T01:54:01.296+0200] {dag.py:2915} INFO - Sync 1 DAGs
[2026-05-29T01:54:01.305+0200] {logging_mixin.py:151} INFO - [2026-05-29T01:54:01.305+0200] {dag.py:3696} INFO - Setting next_dagrun for tutorial_dag to None, run_after=None
[2026-05-29T01:54:01.320+0200] {processor.py:179} INFO - Processing /home/frederic/airflow_venv/lib/python3.10/site-packages/airflow/example_dags/tutorial_dag.py took 0.045 seconds
[2026-05-29T01:54:35.452+0200] {processor.py:157} INFO - Started process (PID=622532) to work on /home/frederic/airflow_venv/lib/python3.10/site-packages/airflow/example_dags/tutorial_dag.py
[2026-05-29T01:54:35.453+0200] {processor.py:829} INFO - Processing file /home/frederic/airflow_venv/lib/python3.10/site-packages/airflow/example_dags/tutorial_dag.py for tasks to queue
[2026-05-29T01:54:35.454+0200] {logging_mixin.py:151} INFO - [2026-05-29T01:54:35.453+0200] {dagbag.py:539} INFO - Filling up the DagBag from /home/frederic/airflow_venv/lib/python3.10/site-packages/airflow/example_dags/tutorial_dag.py
[2026-05-29T01:54:35.458+0200] {processor.py:839} INFO - DAG(s) dict_keys(['tutorial_dag']) retrieved from /home/frederic/airflow_venv/lib/python3.10/site-packages/airflow/example_dags/tutorial_dag.py
[2026-05-29T01:54:35.471+0200] {logging_mixin.py:151} INFO - [2026-05-29T01:54:35.471+0200] {dag.py:2915} INFO - Sync 1 DAGs
[2026-05-29T01:54:35.481+0200] {logging_mixin.py:151} INFO - [2026-05-29T01:54:35.481+0200] {dag.py:3696} INFO - Setting next_dagrun for tutorial_dag to None, run_after=None
[2026-05-29T01:54:35.496+0200] {processor.py:179} INFO - Processing /home/frederic/airflow_venv/lib/python3.10/site-packages/airflow/example_dags/tutorial_dag.py took 0.047 seconds
[2026-05-29T01:55:18.536+0200] {processor.py:157} INFO - Started process (PID=624051) to work on /home/frederic/airflow_venv/lib/python3.10/site-packages/airflow/example_dags/tutorial_dag.py
[2026-05-29T01:55:18.539+0200] {processor.py:829} INFO - Processing file /home/frederic/airflow_venv/lib/python3.10/site-packages/airflow/example_dags/tutorial_dag.py for tasks to queue
[2026-05-29T01:55:18.541+0200] {logging_mixin.py:151} INFO - [2026-05-29T01:55:18.540+0200] {dagbag.py:539} INFO - Filling up the DagBag from /home/frederic/airflow_venv/lib/python3.10/site-packages/airflow/example_dags/tutorial_dag.py
[2026-05-29T01:55:18.550+0200] {processor.py:839} INFO - DAG(s) dict_keys(['tutorial_dag']) retrieved from /home/frederic/airflow_venv/lib/python3.10/site-packages/airflow/example_dags/tutorial_dag.py
[2026-05-29T01:55:18.563+0200] {logging_mixin.py:151} INFO - [2026-05-29T01:55:18.563+0200] {dag.py:2915} INFO - Sync 1 DAGs
[2026-05-29T01:55:18.589+0200] {logging_mixin.py:151} INFO - [2026-05-29T01:55:18.589+0200] {dag.py:3696} INFO - Setting next_dagrun for tutorial_dag to None, run_after=None
[2026-05-29T01:55:18.624+0200] {processor.py:179} INFO - Processing /home/frederic/airflow_venv/lib/python3.10/site-packages/airflow/example_dags/tutorial_dag.py took 0.092 seconds
[2026-05-29T01:55:27.230+0200] {processor.py:157} INFO - Started process (PID=624347) to work on /home/frederic/airflow_venv/lib/python3.10/site-packages/airflow/example_dags/tutorial_dag.py
[2026-05-29T01:55:27.231+0200] {processor.py:829} INFO - Processing file /home/frederic/airflow_venv/lib/python3.10/site-packages/airflow/example_dags/tutorial_dag.py for tasks to queue
[2026-05-29T01:55:27.232+0200] {logging_mixin.py:151} INFO - [2026-05-29T01:55:27.231+0200] {dagbag.py:539} INFO - Filling up the DagBag from /home/frederic/airflow_venv/lib/python3.10/site-packages/airflow/example_dags/tutorial_dag.py
[2026-05-29T01:55:27.240+0200] {processor.py:839} INFO - DAG(s) dict_keys(['tutorial_dag']) retrieved from /home/frederic/airflow_venv/lib/python3.10/site-packages/airflow/example_dags/tutorial_dag.py
[2026-05-29T01:55:27.249+0200] {logging_mixin.py:151} INFO - [2026-05-29T01:55:27.249+0200] {dag.py:2915} INFO - Sync 1 DAGs
[2026-05-29T01:55:27.273+0200] {logging_mixin.py:151} INFO - [2026-05-29T01:55:27.272+0200] {dag.py:3696} INFO - Setting next_dagrun for tutorial_dag to None, run_after=None
[2026-05-29T01:55:27.305+0200] {processor.py:179} INFO - Processing /home/frederic/airflow_venv/lib/python3.10/site-packages/airflow/example_dags/tutorial_dag.py took 0.079 seconds
[2026-05-29T01:56:13.413+0200] {processor.py:157} INFO - Started process (PID=625739) to work on /home/frederic/airflow_venv/lib/python3.10/site-packages/airflow/example_dags/tutorial_dag.py
[2026-05-29T01:56:13.414+0200] {processor.py:829} INFO - Processing file /home/frederic/airflow_venv/lib/python3.10/site-packages/airflow/example_dags/tutorial_dag.py for tasks to queue
[2026-05-29T01:56:13.415+0200] {logging_mixin.py:151} INFO - [2026-05-29T01:56:13.415+0200] {dagbag.py:539} INFO - Filling up the DagBag from /home/frederic/airflow_venv/lib/python3.10/site-packages/airflow/example_dags/tutorial_dag.py
[2026-05-29T01:56:13.419+0200] {processor.py:839} INFO - DAG(s) dict_keys(['tutorial_dag']) retrieved from /home/frederic/airflow_venv/lib/python3.10/site-packages/airflow/example_dags/tutorial_dag.py
[2026-05-29T01:56:13.432+0200] {logging_mixin.py:151} INFO - [2026-05-29T01:56:13.432+0200] {dag.py:2915} INFO - Sync 1 DAGs
[2026-05-29T01:56:13.441+0200] {logging_mixin.py:151} INFO - [2026-05-29T01:56:13.441+0200] {dag.py:3696} INFO - Setting next_dagrun for tutorial_dag to None, run_after=None
[2026-05-29T01:56:13.456+0200] {processor.py:179} INFO - Processing /home/frederic/airflow_venv/lib/python3.10/site-packages/airflow/example_dags/tutorial_dag.py took 0.045 seconds
[2026-05-29T01:56:17.672+0200] {processor.py:157} INFO - Started process (PID=625955) to work on /home/frederic/airflow_venv/lib/python3.10/site-packages/airflow/example_dags/tutorial_dag.py
[2026-05-29T01:56:17.673+0200] {processor.py:829} INFO - Processing file /home/frederic/airflow_venv/lib/python3.10/site-packages/airflow/example_dags/tutorial_dag.py for tasks to queue
[2026-05-29T01:56:17.673+0200] {logging_mixin.py:151} INFO - [2026-05-29T01:56:17.673+0200] {dagbag.py:539} INFO - Filling up the DagBag from /home/frederic/airflow_venv/lib/python3.10/site-packages/airflow/example_dags/tutorial_dag.py
[2026-05-29T01:56:17.678+0200] {processor.py:839} INFO - DAG(s) dict_keys(['tutorial_dag']) retrieved from /home/frederic/airflow_venv/lib/python3.10/site-packages/airflow/example_dags/tutorial_dag.py
[2026-05-29T01:56:17.690+0200] {logging_mixin.py:151} INFO - [2026-05-29T01:56:17.690+0200] {dag.py:2915} INFO - Sync 1 DAGs
[2026-05-29T01:56:17.700+0200] {logging_mixin.py:151} INFO - [2026-05-29T01:56:17.699+0200] {dag.py:3696} INFO - Setting next_dagrun for tutorial_dag to None, run_after=None
[2026-05-29T01:56:17.715+0200] {processor.py:179} INFO - Processing /home/frederic/airflow_venv/lib/python3.10/site-packages/airflow/example_dags/tutorial_dag.py took 0.046 seconds
[2026-05-29T01:56:57.516+0200] {processor.py:157} INFO - Started process (PID=627170) to work on /home/frederic/airflow_venv/lib/python3.10/site-packages/airflow/example_dags/tutorial_dag.py
[2026-05-29T01:56:57.517+0200] {processor.py:829} INFO - Processing file /home/frederic/airflow_venv/lib/python3.10/site-packages/airflow/example_dags/tutorial_dag.py for tasks to queue
[2026-05-29T01:56:57.518+0200] {logging_mixin.py:151} INFO - [2026-05-29T01:56:57.518+0200] {dagbag.py:539} INFO - Filling up the DagBag from /home/frederic/airflow_venv/lib/python3.10/site-packages/airflow/example_dags/tutorial_dag.py
[2026-05-29T01:56:57.525+0200] {processor.py:839} INFO - DAG(s) dict_keys(['tutorial_dag']) retrieved from /home/frederic/airflow_venv/lib/python3.10/site-packages/airflow/example_dags/tutorial_dag.py
[2026-05-29T01:56:57.543+0200] {logging_mixin.py:151} INFO - [2026-05-29T01:56:57.543+0200] {dag.py:2915} INFO - Sync 1 DAGs
[2026-05-29T01:56:57.556+0200] {logging_mixin.py:151} INFO - [2026-05-29T01:56:57.556+0200] {dag.py:3696} INFO - Setting next_dagrun for tutorial_dag to None, run_after=None
[2026-05-29T01:56:57.574+0200] {processor.py:179} INFO - Processing /home/frederic/airflow_venv/lib/python3.10/site-packages/airflow/example_dags/tutorial_dag.py took 0.060 seconds
[2026-05-29T01:57:01.421+0200] {processor.py:157} INFO - Started process (PID=627310) to work on /home/frederic/airflow_venv/lib/python3.10/site-packages/airflow/example_dags/tutorial_dag.py
[2026-05-29T01:57:01.422+0200] {processor.py:829} INFO - Processing file /home/frederic/airflow_venv/lib/python3.10/site-packages/airflow/example_dags/tutorial_dag.py for tasks to queue
[2026-05-29T01:57:01.423+0200] {logging_mixin.py:151} INFO - [2026-05-29T01:57:01.422+0200] {dagbag.py:539} INFO - Filling up the DagBag from /home/frederic/airflow_venv/lib/python3.10/site-packages/airflow/example_dags/tutorial_dag.py
[2026-05-29T01:57:01.427+0200] {processor.py:839} INFO - DAG(s) dict_keys(['tutorial_dag']) retrieved from /home/frederic/airflow_venv/lib/python3.10/site-packages/airflow/example_dags/tutorial_dag.py
[2026-05-29T01:57:01.441+0200] {logging_mixin.py:151} INFO - [2026-05-29T01:57:01.441+0200] {dag.py:2915} INFO - Sync 1 DAGs
[2026-05-29T01:57:01.451+0200] {logging_mixin.py:151} INFO - [2026-05-29T01:57:01.450+0200] {dag.py:3696} INFO - Setting next_dagrun for tutorial_dag to None, run_after=None
[2026-05-29T01:57:01.476+0200] {processor.py:179} INFO - Processing /home/frederic/airflow_venv/lib/python3.10/site-packages/airflow/example_dags/tutorial_dag.py took 0.060 seconds
[2026-05-29T01:57:44.644+0200] {processor.py:157} INFO - Started process (PID=628920) to work on /home/frederic/airflow_venv/lib/python3.10/site-packages/airflow/example_dags/tutorial_dag.py
[2026-05-29T01:57:44.646+0200] {processor.py:829} INFO - Processing file /home/frederic/airflow_venv/lib/python3.10/site-packages/airflow/example_dags/tutorial_dag.py for tasks to queue
[2026-05-29T01:57:44.647+0200] {logging_mixin.py:151} INFO - [2026-05-29T01:57:44.646+0200] {dagbag.py:539} INFO - Filling up the DagBag from /home/frederic/airflow_venv/lib/python3.10/site-packages/airflow/example_dags/tutorial_dag.py
[2026-05-29T01:57:44.654+0200] {processor.py:839} INFO - DAG(s) dict_keys(['tutorial_dag']) retrieved from /home/frederic/airflow_venv/lib/python3.10/site-packages/airflow/example_dags/tutorial_dag.py
[2026-05-29T01:57:44.679+0200] {logging_mixin.py:151} INFO - [2026-05-29T01:57:44.679+0200] {dag.py:2915} INFO - Sync 1 DAGs
[2026-05-29T01:57:44.696+0200] {logging_mixin.py:151} INFO - [2026-05-29T01:57:44.696+0200] {dag.py:3696} INFO - Setting next_dagrun for tutorial_dag to None, run_after=None
[2026-05-29T01:57:44.721+0200] {processor.py:179} INFO - Processing /home/frederic/airflow_venv/lib/python3.10/site-packages/airflow/example_dags/tutorial_dag.py took 0.079 seconds
[2026-05-29T01:57:46.487+0200] {processor.py:157} INFO - Started process (PID=628965) to work on /home/frederic/airflow_venv/lib/python3.10/site-packages/airflow/example_dags/tutorial_dag.py
[2026-05-29T01:57:46.488+0200] {processor.py:829} INFO - Processing file /home/frederic/airflow_venv/lib/python3.10/site-packages/airflow/example_dags/tutorial_dag.py for tasks to queue
[2026-05-29T01:57:46.489+0200] {logging_mixin.py:151} INFO - [2026-05-29T01:57:46.488+0200] {dagbag.py:539} INFO - Filling up the DagBag from /home/frederic/airflow_venv/lib/python3.10/site-packages/airflow/example_dags/tutorial_dag.py
[2026-05-29T01:57:46.496+0200] {processor.py:839} INFO - DAG(s) dict_keys(['tutorial_dag']) retrieved from /home/frederic/airflow_venv/lib/python3.10/site-packages/airflow/example_dags/tutorial_dag.py
[2026-05-29T01:57:46.515+0200] {logging_mixin.py:151} INFO - [2026-05-29T01:57:46.514+0200] {dag.py:2915} INFO - Sync 1 DAGs
[2026-05-29T01:57:46.529+0200] {logging_mixin.py:151} INFO - [2026-05-29T01:57:46.529+0200] {dag.py:3696} INFO - Setting next_dagrun for tutorial_dag to None, run_after=None
[2026-05-29T01:57:46.548+0200] {processor.py:179} INFO - Processing /home/frederic/airflow_venv/lib/python3.10/site-packages/airflow/example_dags/tutorial_dag.py took 0.064 seconds
[2026-05-29T01:58:21.236+0200] {processor.py:157} INFO - Started process (PID=630088) to work on /home/frederic/airflow_venv/lib/python3.10/site-packages/airflow/example_dags/tutorial_dag.py
[2026-05-29T01:58:21.237+0200] {processor.py:829} INFO - Processing file /home/frederic/airflow_venv/lib/python3.10/site-packages/airflow/example_dags/tutorial_dag.py for tasks to queue
[2026-05-29T01:58:21.237+0200] {logging_mixin.py:151} INFO - [2026-05-29T01:58:21.237+0200] {dagbag.py:539} INFO - Filling up the DagBag from /home/frederic/airflow_venv/lib/python3.10/site-packages/airflow/example_dags/tutorial_dag.py
[2026-05-29T01:58:21.242+0200] {processor.py:839} INFO - DAG(s) dict_keys(['tutorial_dag']) retrieved from /home/frederic/airflow_venv/lib/python3.10/site-packages/airflow/example_dags/tutorial_dag.py
[2026-05-29T01:58:21.257+0200] {logging_mixin.py:151} INFO - [2026-05-29T01:58:21.257+0200] {dag.py:2915} INFO - Sync 1 DAGs
[2026-05-29T01:58:21.268+0200] {logging_mixin.py:151} INFO - [2026-05-29T01:58:21.268+0200] {dag.py:3696} INFO - Setting next_dagrun for tutorial_dag to None, run_after=None
[2026-05-29T01:58:21.288+0200] {processor.py:179} INFO - Processing /home/frederic/airflow_venv/lib/python3.10/site-packages/airflow/example_dags/tutorial_dag.py took 0.055 seconds
[2026-05-29T01:58:34.281+0200] {processor.py:157} INFO - Started process (PID=630590) to work on /home/frederic/airflow_venv/lib/python3.10/site-packages/airflow/example_dags/tutorial_dag.py
[2026-05-29T01:58:34.282+0200] {processor.py:829} INFO - Processing file /home/frederic/airflow_venv/lib/python3.10/site-packages/airflow/example_dags/tutorial_dag.py for tasks to queue
[2026-05-29T01:58:34.283+0200] {logging_mixin.py:151} INFO - [2026-05-29T01:58:34.282+0200] {dagbag.py:539} INFO - Filling up the DagBag from /home/frederic/airflow_venv/lib/python3.10/site-packages/airflow/example_dags/tutorial_dag.py
[2026-05-29T01:58:34.287+0200] {processor.py:839} INFO - DAG(s) dict_keys(['tutorial_dag']) retrieved from /home/frederic/airflow_venv/lib/python3.10/site-packages/airflow/example_dags/tutorial_dag.py
[2026-05-29T01:58:34.304+0200] {logging_mixin.py:151} INFO - [2026-05-29T01:58:34.304+0200] {dag.py:2915} INFO - Sync 1 DAGs
[2026-05-29T01:58:34.316+0200] {logging_mixin.py:151} INFO - [2026-05-29T01:58:34.316+0200] {dag.py:3696} INFO - Setting next_dagrun for tutorial_dag to None, run_after=None
[2026-05-29T01:58:34.333+0200] {processor.py:179} INFO - Processing /home/frederic/airflow_venv/lib/python3.10/site-packages/airflow/example_dags/tutorial_dag.py took 0.054 seconds
[2026-05-29T01:59:03.159+0200] {processor.py:157} INFO - Started process (PID=631523) to work on /home/frederic/airflow_venv/lib/python3.10/site-packages/airflow/example_dags/tutorial_dag.py
[2026-05-29T01:59:03.160+0200] {processor.py:829} INFO - Processing file /home/frederic/airflow_venv/lib/python3.10/site-packages/airflow/example_dags/tutorial_dag.py for tasks to queue
[2026-05-29T01:59:03.161+0200] {logging_mixin.py:151} INFO - [2026-05-29T01:59:03.160+0200] {dagbag.py:539} INFO - Filling up the DagBag from /home/frederic/airflow_venv/lib/python3.10/site-packages/airflow/example_dags/tutorial_dag.py
[2026-05-29T01:59:03.165+0200] {processor.py:839} INFO - DAG(s) dict_keys(['tutorial_dag']) retrieved from /home/frederic/airflow_venv/lib/python3.10/site-packages/airflow/example_dags/tutorial_dag.py
[2026-05-29T01:59:03.178+0200] {logging_mixin.py:151} INFO - [2026-05-29T01:59:03.178+0200] {dag.py:2915} INFO - Sync 1 DAGs
[2026-05-29T01:59:03.188+0200] {logging_mixin.py:151} INFO - [2026-05-29T01:59:03.188+0200] {dag.py:3696} INFO - Setting next_dagrun for tutorial_dag to None, run_after=None
[2026-05-29T01:59:03.205+0200] {processor.py:179} INFO - Processing /home/frederic/airflow_venv/lib/python3.10/site-packages/airflow/example_dags/tutorial_dag.py took 0.048 seconds
[2026-05-29T01:59:10.481+0200] {processor.py:157} INFO - Started process (PID=631734) to work on /home/frederic/airflow_venv/lib/python3.10/site-packages/airflow/example_dags/tutorial_dag.py
[2026-05-29T01:59:10.482+0200] {processor.py:829} INFO - Processing file /home/frederic/airflow_venv/lib/python3.10/site-packages/airflow/example_dags/tutorial_dag.py for tasks to queue
[2026-05-29T01:59:10.483+0200] {logging_mixin.py:151} INFO - [2026-05-29T01:59:10.482+0200] {dagbag.py:539} INFO - Filling up the DagBag from /home/frederic/airflow_venv/lib/python3.10/site-packages/airflow/example_dags/tutorial_dag.py
[2026-05-29T01:59:10.487+0200] {processor.py:839} INFO - DAG(s) dict_keys(['tutorial_dag']) retrieved from /home/frederic/airflow_venv/lib/python3.10/site-packages/airflow/example_dags/tutorial_dag.py
[2026-05-29T01:59:10.500+0200] {logging_mixin.py:151} INFO - [2026-05-29T01:59:10.500+0200] {dag.py:2915} INFO - Sync 1 DAGs
[2026-05-29T01:59:10.509+0200] {logging_mixin.py:151} INFO - [2026-05-29T01:59:10.509+0200] {dag.py:3696} INFO - Setting next_dagrun for tutorial_dag to None, run_after=None
[2026-05-29T01:59:10.524+0200] {processor.py:179} INFO - Processing /home/frederic/airflow_venv/lib/python3.10/site-packages/airflow/example_dags/tutorial_dag.py took 0.046 seconds
[2026-05-29T01:59:48.393+0200] {processor.py:157} INFO - Started process (PID=632844) to work on /home/frederic/airflow_venv/lib/python3.10/site-packages/airflow/example_dags/tutorial_dag.py
[2026-05-29T01:59:48.394+0200] {processor.py:829} INFO - Processing file /home/frederic/airflow_venv/lib/python3.10/site-packages/airflow/example_dags/tutorial_dag.py for tasks to queue
[2026-05-29T01:59:48.395+0200] {logging_mixin.py:151} INFO - [2026-05-29T01:59:48.395+0200] {dagbag.py:539} INFO - Filling up the DagBag from /home/frederic/airflow_venv/lib/python3.10/site-packages/airflow/example_dags/tutorial_dag.py
[2026-05-29T01:59:48.399+0200] {processor.py:839} INFO - DAG(s) dict_keys(['tutorial_dag']) retrieved from /home/frederic/airflow_venv/lib/python3.10/site-packages/airflow/example_dags/tutorial_dag.py
[2026-05-29T01:59:48.416+0200] {logging_mixin.py:151} INFO - [2026-05-29T01:59:48.416+0200] {dag.py:2915} INFO - Sync 1 DAGs
[2026-05-29T01:59:48.426+0200] {logging_mixin.py:151} INFO - [2026-05-29T01:59:48.426+0200] {dag.py:3696} INFO - Setting next_dagrun for tutorial_dag to None, run_after=None
[2026-05-29T01:59:48.445+0200] {processor.py:179} INFO - Processing /home/frederic/airflow_venv/lib/python3.10/site-packages/airflow/example_dags/tutorial_dag.py took 0.056 seconds
[2026-05-29T01:59:55.473+0200] {processor.py:157} INFO - Started process (PID=632984) to work on /home/frederic/airflow_venv/lib/python3.10/site-packages/airflow/example_dags/tutorial_dag.py
[2026-05-29T01:59:55.474+0200] {processor.py:829} INFO - Processing file /home/frederic/airflow_venv/lib/python3.10/site-packages/airflow/example_dags/tutorial_dag.py for tasks to queue
[2026-05-29T01:59:55.475+0200] {logging_mixin.py:151} INFO - [2026-05-29T01:59:55.474+0200] {dagbag.py:539} INFO - Filling up the DagBag from /home/frederic/airflow_venv/lib/python3.10/site-packages/airflow/example_dags/tutorial_dag.py
[2026-05-29T01:59:55.480+0200] {processor.py:839} INFO - DAG(s) dict_keys(['tutorial_dag']) retrieved from /home/frederic/airflow_venv/lib/python3.10/site-packages/airflow/example_dags/tutorial_dag.py
[2026-05-29T01:59:55.494+0200] {logging_mixin.py:151} INFO - [2026-05-29T01:59:55.494+0200] {dag.py:2915} INFO - Sync 1 DAGs
[2026-05-29T01:59:55.504+0200] {logging_mixin.py:151} INFO - [2026-05-29T01:59:55.503+0200] {dag.py:3696} INFO - Setting next_dagrun for tutorial_dag to None, run_after=None
[2026-05-29T01:59:55.519+0200] {processor.py:179} INFO - Processing /home/frederic/airflow_venv/lib/python3.10/site-packages/airflow/example_dags/tutorial_dag.py took 0.048 seconds
